 Network rggf63bfc37b1_default Creating 
 Network rggf63bfc37b1_default Created 
 Container rggf63bfc37b1-collector-1 Creating 
 Container rggf63bfc37b1-collector-1 Created 
 Container rggf63bfc37b1-node10-1 Creating 
 Container rggf63bfc37b1-node11-1 Creating 
 Container rggf63bfc37b1-node15-1 Creating 
 Container rggf63bfc37b1-node8-1 Creating 
 Container rggf63bfc37b1-node14-1 Creating 
 Container rggf63bfc37b1-node2-1 Creating 
 Container rggf63bfc37b1-node0-1 Creating 
 Container rggf63bfc37b1-node5-1 Creating 
 Container rggf63bfc37b1-node12-1 Creating 
 Container rggf63bfc37b1-node9-1 Creating 
 Container rggf63bfc37b1-node7-1 Creating 
 Container rggf63bfc37b1-node6-1 Creating 
 Container rggf63bfc37b1-node3-1 Creating 
 Container rggf63bfc37b1-node1-1 Creating 
 Container rggf63bfc37b1-node13-1 Creating 
 Container rggf63bfc37b1-node4-1 Creating 
 Container rggf63bfc37b1-node10-1 Created 
 Container rggf63bfc37b1-node11-1 Created 
 Container rggf63bfc37b1-node7-1 Created 
 Container rggf63bfc37b1-node14-1 Created 
 Container rggf63bfc37b1-node13-1 Created 
 Container rggf63bfc37b1-node4-1 Created 
 Container rggf63bfc37b1-node3-1 Created 
 Container rggf63bfc37b1-node8-1 Created 
 Container rggf63bfc37b1-node5-1 Created 
 Container rggf63bfc37b1-node9-1 Created 
 Container rggf63bfc37b1-node6-1 Created 
 Container rggf63bfc37b1-node12-1 Created 
 Container rggf63bfc37b1-node0-1 Created 
 Container rggf63bfc37b1-node1-1 Created 
 Container rggf63bfc37b1-node15-1 Created 
 Container rggf63bfc37b1-node2-1 Created 
 Container rggf63bfc37b1-collector-1 Starting 
 Container rggf63bfc37b1-collector-1 Started 
 Container rggf63bfc37b1-node11-1 Starting 
 Container rggf63bfc37b1-node10-1 Starting 
 Container rggf63bfc37b1-node1-1 Starting 
 Container rggf63bfc37b1-node13-1 Starting 
 Container rggf63bfc37b1-node15-1 Starting 
 Container rggf63bfc37b1-node12-1 Starting 
 Container rggf63bfc37b1-node7-1 Starting 
 Container rggf63bfc37b1-node8-1 Starting 
 Container rggf63bfc37b1-node0-1 Starting 
 Container rggf63bfc37b1-node2-1 Starting 
 Container rggf63bfc37b1-node3-1 Starting 
 Container rggf63bfc37b1-node4-1 Starting 
 Container rggf63bfc37b1-node5-1 Starting 
 Container rggf63bfc37b1-node6-1 Starting 
 Container rggf63bfc37b1-node14-1 Starting 
 Container rggf63bfc37b1-node9-1 Starting 
 Container rggf63bfc37b1-node10-1 Started 
 Container rggf63bfc37b1-node15-1 Started 
 Container rggf63bfc37b1-node12-1 Started 
 Container rggf63bfc37b1-node7-1 Started 
 Container rggf63bfc37b1-node1-1 Started 
 Container rggf63bfc37b1-node14-1 Started 
 Container rggf63bfc37b1-node8-1 Started 
 Container rggf63bfc37b1-node6-1 Started 
 Container rggf63bfc37b1-node5-1 Started 
 Container rggf63bfc37b1-node0-1 Started 
 Container rggf63bfc37b1-node13-1 Started 
 Container rggf63bfc37b1-node4-1 Started 
 Container rggf63bfc37b1-node9-1 Started 
 Container rggf63bfc37b1-node2-1 Started 
 Container rggf63bfc37b1-node3-1 Started 
 Container rggf63bfc37b1-node11-1 Started 
READY_BARRIER: 14/16 node services ready
DRIVER_STARTED: 2026-07-15T13:51:05Z
0
