 Network rgga39061768c_default Creating 
 Network rgga39061768c_default Created 
 Container rgga39061768c-collector-1 Creating 
 Container rgga39061768c-collector-1 Created 
 Container rgga39061768c-node4-1 Creating 
 Container rgga39061768c-node15-1 Creating 
 Container rgga39061768c-node3-1 Creating 
 Container rgga39061768c-node13-1 Creating 
 Container rgga39061768c-node11-1 Creating 
 Container rgga39061768c-node2-1 Creating 
 Container rgga39061768c-node1-1 Creating 
 Container rgga39061768c-node8-1 Creating 
 Container rgga39061768c-node5-1 Creating 
 Container rgga39061768c-node7-1 Creating 
 Container rgga39061768c-node9-1 Creating 
 Container rgga39061768c-node0-1 Creating 
 Container rgga39061768c-node10-1 Creating 
 Container rgga39061768c-node14-1 Creating 
 Container rgga39061768c-node6-1 Creating 
 Container rgga39061768c-node12-1 Creating 
 Container rgga39061768c-node4-1 Created 
 Container rgga39061768c-node1-1 Created 
 Container rgga39061768c-node11-1 Created 
 Container rgga39061768c-node15-1 Created 
 Container rgga39061768c-node10-1 Created 
 Container rgga39061768c-node8-1 Created 
 Container rgga39061768c-node2-1 Created 
 Container rgga39061768c-node14-1 Created 
 Container rgga39061768c-node13-1 Created 
 Container rgga39061768c-node5-1 Created 
 Container rgga39061768c-node12-1 Created 
 Container rgga39061768c-node6-1 Created 
 Container rgga39061768c-node0-1 Created 
 Container rgga39061768c-node9-1 Created 
 Container rgga39061768c-node7-1 Created 
 Container rgga39061768c-node3-1 Created 
 Container rgga39061768c-driver-1 Creating 
 Container rgga39061768c-driver-1 Created 
 Container rgga39061768c-collector-1 Starting 
 Container rgga39061768c-collector-1 Started 
 Container rgga39061768c-node15-1 Starting 
 Container rgga39061768c-node0-1 Starting 
 Container rgga39061768c-node2-1 Starting 
 Container rgga39061768c-node10-1 Starting 
 Container rgga39061768c-node14-1 Starting 
 Container rgga39061768c-node8-1 Starting 
 Container rgga39061768c-node9-1 Starting 
 Container rgga39061768c-node6-1 Starting 
 Container rgga39061768c-node5-1 Starting 
 Container rgga39061768c-node13-1 Starting 
 Container rgga39061768c-node7-1 Starting 
 Container rgga39061768c-node11-1 Starting 
 Container rgga39061768c-node4-1 Starting 
 Container rgga39061768c-node3-1 Starting 
 Container rgga39061768c-node1-1 Starting 
 Container rgga39061768c-node12-1 Starting 
 Container rgga39061768c-node14-1 Started 
 Container rgga39061768c-node15-1 Started 
 Container rgga39061768c-node3-1 Started 
 Container rgga39061768c-node2-1 Started 
 Container rgga39061768c-node13-1 Started 
 Container rgga39061768c-node11-1 Started 
 Container rgga39061768c-node1-1 Started 
 Container rgga39061768c-node12-1 Started 
 Container rgga39061768c-node6-1 Started 
 Container rgga39061768c-node7-1 Started 
 Container rgga39061768c-node5-1 Started 
 Container rgga39061768c-node8-1 Started 
 Container rgga39061768c-node0-1 Started 
 Container rgga39061768c-node9-1 Started 
 Container rgga39061768c-node4-1 Started 
 Container rgga39061768c-node10-1 Started 
 Container rgga39061768c-driver-1 Starting 
 Container rgga39061768c-driver-1 Started 
0
