 Network rgg6a44e48e0a_default Creating 
 Network rgg6a44e48e0a_default Created 
 Container rgg6a44e48e0a-collector-1 Creating 
 Container rgg6a44e48e0a-collector-1 Created 
 Container rgg6a44e48e0a-node18-1 Creating 
 Container rgg6a44e48e0a-node9-1 Creating 
 Container rgg6a44e48e0a-node20-1 Creating 
 Container rgg6a44e48e0a-node1-1 Creating 
 Container rgg6a44e48e0a-node3-1 Creating 
 Container rgg6a44e48e0a-node2-1 Creating 
 Container rgg6a44e48e0a-node16-1 Creating 
 Container rgg6a44e48e0a-node0-1 Creating 
 Container rgg6a44e48e0a-node6-1 Creating 
 Container rgg6a44e48e0a-node14-1 Creating 
 Container rgg6a44e48e0a-node4-1 Creating 
 Container rgg6a44e48e0a-node5-1 Creating 
 Container rgg6a44e48e0a-node11-1 Creating 
 Container rgg6a44e48e0a-node19-1 Creating 
 Container rgg6a44e48e0a-node22-1 Creating 
 Container rgg6a44e48e0a-node10-1 Creating 
 Container rgg6a44e48e0a-node8-1 Creating 
 Container rgg6a44e48e0a-node23-1 Creating 
 Container rgg6a44e48e0a-node21-1 Creating 
 Container rgg6a44e48e0a-node7-1 Creating 
 Container rgg6a44e48e0a-node17-1 Creating 
 Container rgg6a44e48e0a-node12-1 Creating 
 Container rgg6a44e48e0a-node13-1 Creating 
 Container rgg6a44e48e0a-node15-1 Creating 
 Container rgg6a44e48e0a-node18-1 Created 
 Container rgg6a44e48e0a-node17-1 Created 
 Container rgg6a44e48e0a-node20-1 Created 
 Container rgg6a44e48e0a-node10-1 Created 
 Container rgg6a44e48e0a-node15-1 Created 
 Container rgg6a44e48e0a-node14-1 Created 
 Container rgg6a44e48e0a-node0-1 Created 
 Container rgg6a44e48e0a-node22-1 Created 
 Container rgg6a44e48e0a-node16-1 Created 
 Container rgg6a44e48e0a-node4-1 Created 
 Container rgg6a44e48e0a-node7-1 Created 
 Container rgg6a44e48e0a-node21-1 Created 
 Container rgg6a44e48e0a-node2-1 Created 
 Container rgg6a44e48e0a-node11-1 Created 
 Container rgg6a44e48e0a-node1-1 Created 
 Container rgg6a44e48e0a-node23-1 Created 
 Container rgg6a44e48e0a-node9-1 Created 
 Container rgg6a44e48e0a-node8-1 Created 
 Container rgg6a44e48e0a-node12-1 Created 
 Container rgg6a44e48e0a-node13-1 Created 
 Container rgg6a44e48e0a-node6-1 Created 
 Container rgg6a44e48e0a-node5-1 Created 
 Container rgg6a44e48e0a-node3-1 Created 
 Container rgg6a44e48e0a-node19-1 Created 
 Container rgg6a44e48e0a-collector-1 Starting 
 Container rgg6a44e48e0a-collector-1 Started 
 Container rgg6a44e48e0a-node15-1 Starting 
 Container rgg6a44e48e0a-node4-1 Starting 
 Container rgg6a44e48e0a-node11-1 Starting 
 Container rgg6a44e48e0a-node8-1 Starting 
 Container rgg6a44e48e0a-node5-1 Starting 
 Container rgg6a44e48e0a-node14-1 Starting 
 Container rgg6a44e48e0a-node23-1 Starting 
 Container rgg6a44e48e0a-node0-1 Starting 
 Container rgg6a44e48e0a-node2-1 Starting 
 Container rgg6a44e48e0a-node16-1 Starting 
 Container rgg6a44e48e0a-node21-1 Starting 
 Container rgg6a44e48e0a-node17-1 Starting 
 Container rgg6a44e48e0a-node1-1 Starting 
 Container rgg6a44e48e0a-node7-1 Starting 
 Container rgg6a44e48e0a-node20-1 Starting 
 Container rgg6a44e48e0a-node19-1 Starting 
 Container rgg6a44e48e0a-node9-1 Starting 
 Container rgg6a44e48e0a-node18-1 Starting 
 Container rgg6a44e48e0a-node10-1 Starting 
 Container rgg6a44e48e0a-node12-1 Starting 
 Container rgg6a44e48e0a-node22-1 Starting 
 Container rgg6a44e48e0a-node13-1 Starting 
 Container rgg6a44e48e0a-node3-1 Starting 
 Container rgg6a44e48e0a-node6-1 Starting 
 Container rgg6a44e48e0a-node7-1 Started 
 Container rgg6a44e48e0a-node4-1 Started 
 Container rgg6a44e48e0a-node22-1 Started 
 Container rgg6a44e48e0a-node1-1 Started 
 Container rgg6a44e48e0a-node2-1 Started 
 Container rgg6a44e48e0a-node10-1 Started 
 Container rgg6a44e48e0a-node11-1 Started 
 Container rgg6a44e48e0a-node6-1 Started 
 Container rgg6a44e48e0a-node15-1 Started 
 Container rgg6a44e48e0a-node9-1 Started 
 Container rgg6a44e48e0a-node18-1 Started 
 Container rgg6a44e48e0a-node16-1 Started 
 Container rgg6a44e48e0a-node5-1 Started 
 Container rgg6a44e48e0a-node20-1 Started 
 Container rgg6a44e48e0a-node8-1 Started 
 Container rgg6a44e48e0a-node13-1 Started 
 Container rgg6a44e48e0a-node0-1 Started 
 Container rgg6a44e48e0a-node17-1 Started 
 Container rgg6a44e48e0a-node21-1 Started 
 Container rgg6a44e48e0a-node3-1 Started 
 Container rgg6a44e48e0a-node12-1 Started 
 Container rgg6a44e48e0a-node14-1 Started 
 Container rgg6a44e48e0a-node23-1 Started 
 Container rgg6a44e48e0a-node19-1 Started 
NETEM_APPLIED node0 iface=eth0: qdisc netem 81a1: root refcnt 17 limit 1000 delay 10ms  2ms seed 5027752271076303797
NETEM_APPLIED node1 iface=eth0: qdisc netem 81a2: root refcnt 17 limit 1000 delay 10ms  2ms seed 14640788383126373268
NETEM_APPLIED node2 iface=eth0: qdisc netem 81a3: root refcnt 17 limit 1000 delay 10ms  2ms seed 9227469517467721473
NETEM_APPLIED node3 iface=eth0: qdisc netem 81a4: root refcnt 17 limit 1000 delay 10ms  2ms seed 654323793255108634
NETEM_APPLIED node4 iface=eth0: qdisc netem 81a5: root refcnt 17 limit 1000 delay 10ms  2ms seed 8145832785420272406
NETEM_APPLIED node5 iface=eth0: qdisc netem 81a6: root refcnt 17 limit 1000 delay 10ms  2ms seed 5882242092774995892
NETEM_APPLIED node6 iface=eth0: qdisc netem 81a7: root refcnt 17 limit 1000 delay 10ms  2ms seed 11990099821205307837
NETEM_APPLIED node7 iface=eth0: qdisc netem 81a8: root refcnt 17 limit 1000 delay 10ms  2ms seed 14974612959192882432
NETEM_APPLIED node8 iface=eth0: qdisc netem 81a9: root refcnt 17 limit 1000 delay 10ms  2ms seed 256064732367042219
NETEM_APPLIED node9 iface=eth0: qdisc netem 81aa: root refcnt 17 limit 1000 delay 10ms  2ms seed 15741552261372987026
NETEM_APPLIED node10 iface=eth0: qdisc netem 81ab: root refcnt 17 limit 1000 delay 10ms  2ms seed 4649251886865085984
NETEM_APPLIED node11 iface=eth0: qdisc netem 81ac: root refcnt 17 limit 1000 delay 10ms  2ms seed 4738755750750580705
NETEM_APPLIED node12 iface=eth0: qdisc netem 81ad: root refcnt 17 limit 1000 delay 10ms  2ms seed 13883807133097385115
NETEM_APPLIED node13 iface=eth0: qdisc netem 81ae: root refcnt 17 limit 1000 delay 10ms  2ms seed 8365853193851998608
NETEM_APPLIED node14 iface=eth0: qdisc netem 81af: root refcnt 17 limit 1000 delay 10ms  2ms seed 8358021665311977155
NETEM_APPLIED node15 iface=eth0: qdisc netem 81b0: root refcnt 17 limit 1000 delay 10ms  2ms seed 6146200725358539386
NETEM_APPLIED node16 iface=eth0: qdisc netem 81b1: root refcnt 17 limit 1000 delay 10ms  2ms seed 9672449805834890597
NETEM_APPLIED node17 iface=eth0: qdisc netem 81b2: root refcnt 17 limit 1000 delay 10ms  2ms seed 9954366532571991986
NETEM_APPLIED node18 iface=eth0: qdisc netem 81b3: root refcnt 17 limit 1000 delay 10ms  2ms seed 2506544577088155845
NETEM_APPLIED node19 iface=eth0: qdisc netem 81b4: root refcnt 17 limit 1000 delay 10ms  2ms seed 9138285422964386838
NETEM_APPLIED node20 iface=eth0: qdisc netem 81b5: root refcnt 17 limit 1000 delay 10ms  2ms seed 6729147004986001704
NETEM_APPLIED node21 iface=eth0: qdisc netem 81b6: root refcnt 17 limit 1000 delay 10ms  2ms seed 3751164722543981272
NETEM_APPLIED node22 iface=eth0: qdisc netem 81b7: root refcnt 17 limit 1000 delay 10ms  2ms seed 5794212414063316836
NETEM_APPLIED node23 iface=eth0: qdisc netem 81b8: root refcnt 17 limit 1000 delay 10ms  2ms seed 10662674217466808000
NETEM_RTT_GATE OK: baseline=0.1ms actual=19.5ms increase=19.4ms
DRIVER_STARTED: 2026-07-15T05:30:00Z
0
QDSK_CLEANUP_FAIL node0: Command '['docker', 'exec', 'rgg6a44e48e0a-node0-1', 'sh', '-c', "ip -o -4 addr show scope global 2>/dev/null | head -1 | awk '{print $2}'"]' returned non-zero exit status 1.
QDSK_CLEANUP_FAIL node1: Command '['docker', 'exec', 'rgg6a44e48e0a-node1-1', 'sh', '-c', "ip -o -4 addr show scope global 2>/dev/null | head -1 | awk '{print $2}'"]' returned non-zero exit status 1.
QDSK_CLEANUP_FAIL node2: Command '['docker', 'exec', 'rgg6a44e48e0a-node2-1', 'sh', '-c', "ip -o -4 addr show scope global 2>/dev/null | head -1 | awk '{print $2}'"]' returned non-zero exit status 1.
QDSK_CLEANUP_FAIL node3: Command '['docker', 'exec', 'rgg6a44e48e0a-node3-1', 'sh', '-c', "ip -o -4 addr show scope global 2>/dev/null | head -1 | awk '{print $2}'"]' returned non-zero exit status 1.
QDSK_CLEANUP_FAIL node4: Command '['docker', 'exec', 'rgg6a44e48e0a-node4-1', 'sh', '-c', "ip -o -4 addr show scope global 2>/dev/null | head -1 | awk '{print $2}'"]' returned non-zero exit status 1.
QDSK_CLEANUP_FAIL node5: Command '['docker', 'exec', 'rgg6a44e48e0a-node5-1', 'sh', '-c', "ip -o -4 addr show scope global 2>/dev/null | head -1 | awk '{print $2}'"]' returned non-zero exit status 1.
QDSK_CLEANUP_FAIL node6: Command '['docker', 'exec', 'rgg6a44e48e0a-node6-1', 'sh', '-c', "ip -o -4 addr show scope global 2>/dev/null | head -1 | awk '{print $2}'"]' returned non-zero exit status 1.
QDSK_CLEANUP_FAIL node7: Command '['docker', 'exec', 'rgg6a44e48e0a-node7-1', 'sh', '-c', "ip -o -4 addr show scope global 2>/dev/null | head -1 | awk '{print $2}'"]' returned non-zero exit status 1.
QDSK_CLEANUP_FAIL node8: Command '['docker', 'exec', 'rgg6a44e48e0a-node8-1', 'sh', '-c', "ip -o -4 addr show scope global 2>/dev/null | head -1 | awk '{print $2}'"]' returned non-zero exit status 1.
QDSK_CLEANUP_FAIL node9: Command '['docker', 'exec', 'rgg6a44e48e0a-node9-1', 'sh', '-c', "ip -o -4 addr show scope global 2>/dev/null | head -1 | awk '{print $2}'"]' returned non-zero exit status 1.
QDSK_CLEANUP_FAIL node10: Command '['docker', 'exec', 'rgg6a44e48e0a-node10-1', 'sh', '-c', "ip -o -4 addr show scope global 2>/dev/null | head -1 | awk '{print $2}'"]' returned non-zero exit status 1.
QDSK_CLEANUP_FAIL node11: Command '['docker', 'exec', 'rgg6a44e48e0a-node11-1', 'sh', '-c', "ip -o -4 addr show scope global 2>/dev/null | head -1 | awk '{print $2}'"]' returned non-zero exit status 1.
QDSK_CLEANUP_FAIL node12: Command '['docker', 'exec', 'rgg6a44e48e0a-node12-1', 'sh', '-c', "ip -o -4 addr show scope global 2>/dev/null | head -1 | awk '{print $2}'"]' returned non-zero exit status 1.
QDSK_CLEANUP_FAIL node13: Command '['docker', 'exec', 'rgg6a44e48e0a-node13-1', 'sh', '-c', "ip -o -4 addr show scope global 2>/dev/null | head -1 | awk '{print $2}'"]' returned non-zero exit status 1.
QDSK_CLEANUP_FAIL node14: Command '['docker', 'exec', 'rgg6a44e48e0a-node14-1', 'sh', '-c', "ip -o -4 addr show scope global 2>/dev/null | head -1 | awk '{print $2}'"]' returned non-zero exit status 1.
QDSK_CLEANUP_FAIL node15: Command '['docker', 'exec', 'rgg6a44e48e0a-node15-1', 'sh', '-c', "ip -o -4 addr show scope global 2>/dev/null | head -1 | awk '{print $2}'"]' returned non-zero exit status 1.
QDSK_CLEANUP_FAIL node16: Command '['docker', 'exec', 'rgg6a44e48e0a-node16-1', 'sh', '-c', "ip -o -4 addr show scope global 2>/dev/null | head -1 | awk '{print $2}'"]' returned non-zero exit status 1.
QDSK_CLEANUP_FAIL node17: Command '['docker', 'exec', 'rgg6a44e48e0a-node17-1', 'sh', '-c', "ip -o -4 addr show scope global 2>/dev/null | head -1 | awk '{print $2}'"]' returned non-zero exit status 1.
QDSK_CLEANUP_FAIL node18: Command '['docker', 'exec', 'rgg6a44e48e0a-node18-1', 'sh', '-c', "ip -o -4 addr show scope global 2>/dev/null | head -1 | awk '{print $2}'"]' returned non-zero exit status 1.
QDSK_CLEANUP_FAIL node19: Command '['docker', 'exec', 'rgg6a44e48e0a-node19-1', 'sh', '-c', "ip -o -4 addr show scope global 2>/dev/null | head -1 | awk '{print $2}'"]' returned non-zero exit status 1.
QDSK_CLEANUP_FAIL node20: Command '['docker', 'exec', 'rgg6a44e48e0a-node20-1', 'sh', '-c', "ip -o -4 addr show scope global 2>/dev/null | head -1 | awk '{print $2}'"]' returned non-zero exit status 1.
QDSK_CLEANUP_FAIL node21: Command '['docker', 'exec', 'rgg6a44e48e0a-node21-1', 'sh', '-c', "ip -o -4 addr show scope global 2>/dev/null | head -1 | awk '{print $2}'"]' returned non-zero exit status 1.
QDSK_CLEANUP_FAIL node22: Command '['docker', 'exec', 'rgg6a44e48e0a-node22-1', 'sh', '-c', "ip -o -4 addr show scope global 2>/dev/null | head -1 | awk '{print $2}'"]' returned non-zero exit status 1.
QDSK_CLEANUP_FAIL node23: Command '['docker', 'exec', 'rgg6a44e48e0a-node23-1', 'sh', '-c', "ip -o -4 addr show scope global 2>/dev/null | head -1 | awk '{print $2}'"]' returned non-zero exit status 1.
