 Network rgg00912c1cf5_default Creating 
 Network rgg00912c1cf5_default Created 
 Container rgg00912c1cf5-collector-1 Creating 
 Container rgg00912c1cf5-collector-1 Created 
 Container rgg00912c1cf5-node17-1 Creating 
 Container rgg00912c1cf5-node13-1 Creating 
 Container rgg00912c1cf5-node11-1 Creating 
 Container rgg00912c1cf5-node15-1 Creating 
 Container rgg00912c1cf5-node20-1 Creating 
 Container rgg00912c1cf5-node23-1 Creating 
 Container rgg00912c1cf5-node19-1 Creating 
 Container rgg00912c1cf5-node5-1 Creating 
 Container rgg00912c1cf5-node21-1 Creating 
 Container rgg00912c1cf5-node3-1 Creating 
 Container rgg00912c1cf5-node16-1 Creating 
 Container rgg00912c1cf5-node14-1 Creating 
 Container rgg00912c1cf5-node4-1 Creating 
 Container rgg00912c1cf5-node12-1 Creating 
 Container rgg00912c1cf5-node22-1 Creating 
 Container rgg00912c1cf5-node18-1 Creating 
 Container rgg00912c1cf5-node10-1 Creating 
 Container rgg00912c1cf5-node1-1 Creating 
 Container rgg00912c1cf5-node9-1 Creating 
 Container rgg00912c1cf5-node8-1 Creating 
 Container rgg00912c1cf5-node0-1 Creating 
 Container rgg00912c1cf5-node7-1 Creating 
 Container rgg00912c1cf5-node6-1 Creating 
 Container rgg00912c1cf5-node2-1 Creating 
 Container rgg00912c1cf5-node11-1 Created 
 Container rgg00912c1cf5-node17-1 Created 
 Container rgg00912c1cf5-node23-1 Created 
 Container rgg00912c1cf5-node8-1 Created 
 Container rgg00912c1cf5-node21-1 Created 
 Container rgg00912c1cf5-node1-1 Created 
 Container rgg00912c1cf5-node0-1 Created 
 Container rgg00912c1cf5-node4-1 Created 
 Container rgg00912c1cf5-node22-1 Created 
 Container rgg00912c1cf5-node19-1 Created 
 Container rgg00912c1cf5-node9-1 Created 
 Container rgg00912c1cf5-node20-1 Created 
 Container rgg00912c1cf5-node10-1 Created 
 Container rgg00912c1cf5-node6-1 Created 
 Container rgg00912c1cf5-node15-1 Created 
 Container rgg00912c1cf5-node7-1 Created 
 Container rgg00912c1cf5-node3-1 Created 
 Container rgg00912c1cf5-node13-1 Created 
 Container rgg00912c1cf5-node16-1 Created 
 Container rgg00912c1cf5-node14-1 Created 
 Container rgg00912c1cf5-node18-1 Created 
 Container rgg00912c1cf5-node12-1 Created 
 Container rgg00912c1cf5-node5-1 Created 
 Container rgg00912c1cf5-node2-1 Created 
 Container rgg00912c1cf5-driver-1 Creating 
 Container rgg00912c1cf5-driver-1 Created 
 Container rgg00912c1cf5-collector-1 Starting 
 Container rgg00912c1cf5-collector-1 Started 
 Container rgg00912c1cf5-node4-1 Starting 
 Container rgg00912c1cf5-node9-1 Starting 
 Container rgg00912c1cf5-node2-1 Starting 
 Container rgg00912c1cf5-node14-1 Starting 
 Container rgg00912c1cf5-node16-1 Starting 
 Container rgg00912c1cf5-node6-1 Starting 
 Container rgg00912c1cf5-node19-1 Starting 
 Container rgg00912c1cf5-node15-1 Starting 
 Container rgg00912c1cf5-node13-1 Starting 
 Container rgg00912c1cf5-node0-1 Starting 
 Container rgg00912c1cf5-node5-1 Starting 
 Container rgg00912c1cf5-node17-1 Starting 
 Container rgg00912c1cf5-node10-1 Starting 
 Container rgg00912c1cf5-node20-1 Starting 
 Container rgg00912c1cf5-node1-1 Starting 
 Container rgg00912c1cf5-node3-1 Starting 
 Container rgg00912c1cf5-node12-1 Starting 
 Container rgg00912c1cf5-node18-1 Starting 
 Container rgg00912c1cf5-node21-1 Starting 
 Container rgg00912c1cf5-node11-1 Starting 
 Container rgg00912c1cf5-node8-1 Starting 
 Container rgg00912c1cf5-node7-1 Starting 
 Container rgg00912c1cf5-node23-1 Starting 
 Container rgg00912c1cf5-node22-1 Starting 
 Container rgg00912c1cf5-node22-1 Started 
 Container rgg00912c1cf5-node2-1 Started 
 Container rgg00912c1cf5-node13-1 Started 
 Container rgg00912c1cf5-node14-1 Started 
 Container rgg00912c1cf5-node9-1 Started 
 Container rgg00912c1cf5-node7-1 Started 
 Container rgg00912c1cf5-node23-1 Started 
 Container rgg00912c1cf5-node21-1 Started 
 Container rgg00912c1cf5-node8-1 Started 
 Container rgg00912c1cf5-node3-1 Started 
 Container rgg00912c1cf5-node16-1 Started 
 Container rgg00912c1cf5-node17-1 Started 
 Container rgg00912c1cf5-node15-1 Started 
 Container rgg00912c1cf5-node11-1 Started 
 Container rgg00912c1cf5-node20-1 Started 
 Container rgg00912c1cf5-node19-1 Started 
 Container rgg00912c1cf5-node4-1 Started 
 Container rgg00912c1cf5-node0-1 Started 
 Container rgg00912c1cf5-node1-1 Started 
 Container rgg00912c1cf5-node10-1 Started 
 Container rgg00912c1cf5-node12-1 Started 
 Container rgg00912c1cf5-node5-1 Started 
 Container rgg00912c1cf5-node6-1 Started 
 Container rgg00912c1cf5-node18-1 Started 
 Container rgg00912c1cf5-driver-1 Starting 
 Container rgg00912c1cf5-driver-1 Started 
0
