 Network rggcf4674720c_default Creating 
 Network rggcf4674720c_default Created 
 Container rggcf4674720c-collector-1 Creating 
 Container rggcf4674720c-collector-1 Created 
 Container rggcf4674720c-node13-1 Creating 
 Container rggcf4674720c-node5-1 Creating 
 Container rggcf4674720c-node11-1 Creating 
 Container rggcf4674720c-node14-1 Creating 
 Container rggcf4674720c-node12-1 Creating 
 Container rggcf4674720c-node15-1 Creating 
 Container rggcf4674720c-node3-1 Creating 
 Container rggcf4674720c-node0-1 Creating 
 Container rggcf4674720c-node1-1 Creating 
 Container rggcf4674720c-node9-1 Creating 
 Container rggcf4674720c-node10-1 Creating 
 Container rggcf4674720c-node8-1 Creating 
 Container rggcf4674720c-node7-1 Creating 
 Container rggcf4674720c-node4-1 Creating 
 Container rggcf4674720c-node2-1 Creating 
 Container rggcf4674720c-node6-1 Creating 
 Container rggcf4674720c-node12-1 Created 
 Container rggcf4674720c-node1-1 Created 
 Container rggcf4674720c-node7-1 Created 
 Container rggcf4674720c-node13-1 Created 
 Container rggcf4674720c-node10-1 Created 
 Container rggcf4674720c-node15-1 Created 
 Container rggcf4674720c-node2-1 Created 
 Container rggcf4674720c-node3-1 Created 
 Container rggcf4674720c-node9-1 Created 
 Container rggcf4674720c-node6-1 Created 
 Container rggcf4674720c-node14-1 Created 
 Container rggcf4674720c-node11-1 Created 
 Container rggcf4674720c-node8-1 Created 
 Container rggcf4674720c-node0-1 Created 
 Container rggcf4674720c-node5-1 Created 
 Container rggcf4674720c-node4-1 Created 
 Container rggcf4674720c-driver-1 Creating 
 Container rggcf4674720c-driver-1 Created 
 Container rggcf4674720c-collector-1 Starting 
 Container rggcf4674720c-collector-1 Started 
 Container rggcf4674720c-node6-1 Starting 
 Container rggcf4674720c-node14-1 Starting 
 Container rggcf4674720c-node2-1 Starting 
 Container rggcf4674720c-node12-1 Starting 
 Container rggcf4674720c-node15-1 Starting 
 Container rggcf4674720c-node3-1 Starting 
 Container rggcf4674720c-node10-1 Starting 
 Container rggcf4674720c-node9-1 Starting 
 Container rggcf4674720c-node5-1 Starting 
 Container rggcf4674720c-node11-1 Starting 
 Container rggcf4674720c-node13-1 Starting 
 Container rggcf4674720c-node4-1 Starting 
 Container rggcf4674720c-node7-1 Starting 
 Container rggcf4674720c-node1-1 Starting 
 Container rggcf4674720c-node0-1 Starting 
 Container rggcf4674720c-node8-1 Starting 
 Container rggcf4674720c-node6-1 Started 
 Container rggcf4674720c-node13-1 Started 
 Container rggcf4674720c-node11-1 Started 
 Container rggcf4674720c-node14-1 Started 
 Container rggcf4674720c-node2-1 Started 
 Container rggcf4674720c-node4-1 Started 
 Container rggcf4674720c-node5-1 Started 
 Container rggcf4674720c-node7-1 Started 
 Container rggcf4674720c-node10-1 Started 
 Container rggcf4674720c-node9-1 Started 
 Container rggcf4674720c-node3-1 Started 
 Container rggcf4674720c-node1-1 Started 
 Container rggcf4674720c-node8-1 Started 
 Container rggcf4674720c-node15-1 Started 
 Container rggcf4674720c-node0-1 Started 
 Container rggcf4674720c-node12-1 Started 
 Container rggcf4674720c-driver-1 Starting 
 Container rggcf4674720c-driver-1 Started 
0
