 Network rgg576e8e5b31_default Creating 
 Network rgg576e8e5b31_default Created 
 Container rgg576e8e5b31-collector-1 Creating 
 Container rgg576e8e5b31-collector-1 Created 
 Container rgg576e8e5b31-node8-1 Creating 
 Container rgg576e8e5b31-node23-1 Creating 
 Container rgg576e8e5b31-node1-1 Creating 
 Container rgg576e8e5b31-node17-1 Creating 
 Container rgg576e8e5b31-node15-1 Creating 
 Container rgg576e8e5b31-node0-1 Creating 
 Container rgg576e8e5b31-node5-1 Creating 
 Container rgg576e8e5b31-node7-1 Creating 
 Container rgg576e8e5b31-node12-1 Creating 
 Container rgg576e8e5b31-node2-1 Creating 
 Container rgg576e8e5b31-node20-1 Creating 
 Container rgg576e8e5b31-node19-1 Creating 
 Container rgg576e8e5b31-node22-1 Creating 
 Container rgg576e8e5b31-node6-1 Creating 
 Container rgg576e8e5b31-node4-1 Creating 
 Container rgg576e8e5b31-node21-1 Creating 
 Container rgg576e8e5b31-node11-1 Creating 
 Container rgg576e8e5b31-node16-1 Creating 
 Container rgg576e8e5b31-node3-1 Creating 
 Container rgg576e8e5b31-node9-1 Creating 
 Container rgg576e8e5b31-node13-1 Creating 
 Container rgg576e8e5b31-node14-1 Creating 
 Container rgg576e8e5b31-node10-1 Creating 
 Container rgg576e8e5b31-node18-1 Creating 
 Container rgg576e8e5b31-node18-1 Created 
 Container rgg576e8e5b31-node8-1 Created 
 Container rgg576e8e5b31-node3-1 Created 
 Container rgg576e8e5b31-node19-1 Created 
 Container rgg576e8e5b31-node6-1 Created 
 Container rgg576e8e5b31-node13-1 Created 
 Container rgg576e8e5b31-node21-1 Created 
 Container rgg576e8e5b31-node23-1 Created 
 Container rgg576e8e5b31-node14-1 Created 
 Container rgg576e8e5b31-node17-1 Created 
 Container rgg576e8e5b31-node4-1 Created 
 Container rgg576e8e5b31-node16-1 Created 
 Container rgg576e8e5b31-node11-1 Created 
 Container rgg576e8e5b31-node10-1 Created 
 Container rgg576e8e5b31-node22-1 Created 
 Container rgg576e8e5b31-node1-1 Created 
 Container rgg576e8e5b31-node2-1 Created 
 Container rgg576e8e5b31-node15-1 Created 
 Container rgg576e8e5b31-node9-1 Created 
 Container rgg576e8e5b31-node7-1 Created 
 Container rgg576e8e5b31-node5-1 Created 
 Container rgg576e8e5b31-node0-1 Created 
 Container rgg576e8e5b31-node12-1 Created 
 Container rgg576e8e5b31-node20-1 Created 
 Container rgg576e8e5b31-collector-1 Starting 
 Container rgg576e8e5b31-collector-1 Started 
 Container rgg576e8e5b31-node23-1 Starting 
 Container rgg576e8e5b31-node9-1 Starting 
 Container rgg576e8e5b31-node5-1 Starting 
 Container rgg576e8e5b31-node18-1 Starting 
 Container rgg576e8e5b31-node8-1 Starting 
 Container rgg576e8e5b31-node1-1 Starting 
 Container rgg576e8e5b31-node12-1 Starting 
 Container rgg576e8e5b31-node19-1 Starting 
 Container rgg576e8e5b31-node17-1 Starting 
 Container rgg576e8e5b31-node10-1 Starting 
 Container rgg576e8e5b31-node4-1 Starting 
 Container rgg576e8e5b31-node0-1 Starting 
 Container rgg576e8e5b31-node3-1 Starting 
 Container rgg576e8e5b31-node15-1 Starting 
 Container rgg576e8e5b31-node2-1 Starting 
 Container rgg576e8e5b31-node7-1 Starting 
 Container rgg576e8e5b31-node16-1 Starting 
 Container rgg576e8e5b31-node6-1 Starting 
 Container rgg576e8e5b31-node14-1 Starting 
 Container rgg576e8e5b31-node22-1 Starting 
 Container rgg576e8e5b31-node21-1 Starting 
 Container rgg576e8e5b31-node11-1 Starting 
 Container rgg576e8e5b31-node13-1 Starting 
 Container rgg576e8e5b31-node20-1 Starting 
 Container rgg576e8e5b31-node23-1 Started 
 Container rgg576e8e5b31-node22-1 Started 
 Container rgg576e8e5b31-node18-1 Started 
 Container rgg576e8e5b31-node16-1 Started 
 Container rgg576e8e5b31-node1-1 Started 
 Container rgg576e8e5b31-node5-1 Started 
 Container rgg576e8e5b31-node9-1 Started 
 Container rgg576e8e5b31-node20-1 Started 
 Container rgg576e8e5b31-node4-1 Started 
 Container rgg576e8e5b31-node12-1 Started 
 Container rgg576e8e5b31-node17-1 Started 
 Container rgg576e8e5b31-node0-1 Started 
 Container rgg576e8e5b31-node19-1 Started 
 Container rgg576e8e5b31-node15-1 Started 
 Container rgg576e8e5b31-node10-1 Started 
 Container rgg576e8e5b31-node8-1 Started 
 Container rgg576e8e5b31-node14-1 Started 
 Container rgg576e8e5b31-node6-1 Started 
 Container rgg576e8e5b31-node13-1 Started 
 Container rgg576e8e5b31-node3-1 Started 
 Container rgg576e8e5b31-node7-1 Started 
 Container rgg576e8e5b31-node21-1 Started 
 Container rgg576e8e5b31-node11-1 Started 
 Container rgg576e8e5b31-node2-1 Started 
READY_BARRIER: 22/24 node services ready
DRIVER_STARTED: 2026-07-15T14:15:33Z
0
