 Network rgg6ed9c185e3_default Creating 
 Network rgg6ed9c185e3_default Created 
 Container rgg6ed9c185e3-collector-1 Creating 
 Container rgg6ed9c185e3-collector-1 Created 
 Container rgg6ed9c185e3-node17-1 Creating 
 Container rgg6ed9c185e3-node0-1 Creating 
 Container rgg6ed9c185e3-node14-1 Creating 
 Container rgg6ed9c185e3-node12-1 Creating 
 Container rgg6ed9c185e3-node15-1 Creating 
 Container rgg6ed9c185e3-node21-1 Creating 
 Container rgg6ed9c185e3-node18-1 Creating 
 Container rgg6ed9c185e3-node11-1 Creating 
 Container rgg6ed9c185e3-node9-1 Creating 
 Container rgg6ed9c185e3-node22-1 Creating 
 Container rgg6ed9c185e3-node10-1 Creating 
 Container rgg6ed9c185e3-node6-1 Creating 
 Container rgg6ed9c185e3-node4-1 Creating 
 Container rgg6ed9c185e3-node7-1 Creating 
 Container rgg6ed9c185e3-node16-1 Creating 
 Container rgg6ed9c185e3-node8-1 Creating 
 Container rgg6ed9c185e3-node2-1 Creating 
 Container rgg6ed9c185e3-node20-1 Creating 
 Container rgg6ed9c185e3-node3-1 Creating 
 Container rgg6ed9c185e3-node19-1 Creating 
 Container rgg6ed9c185e3-node5-1 Creating 
 Container rgg6ed9c185e3-node1-1 Creating 
 Container rgg6ed9c185e3-node23-1 Creating 
 Container rgg6ed9c185e3-node13-1 Creating 
 Container rgg6ed9c185e3-node23-1 Created 
 Container rgg6ed9c185e3-node8-1 Created 
 Container rgg6ed9c185e3-node20-1 Created 
 Container rgg6ed9c185e3-node0-1 Created 
 Container rgg6ed9c185e3-node9-1 Created 
 Container rgg6ed9c185e3-node12-1 Created 
 Container rgg6ed9c185e3-node7-1 Created 
 Container rgg6ed9c185e3-node21-1 Created 
 Container rgg6ed9c185e3-node2-1 Created 
 Container rgg6ed9c185e3-node11-1 Created 
 Container rgg6ed9c185e3-node4-1 Created 
 Container rgg6ed9c185e3-node10-1 Created 
 Container rgg6ed9c185e3-node5-1 Created 
 Container rgg6ed9c185e3-node17-1 Created 
 Container rgg6ed9c185e3-node19-1 Created 
 Container rgg6ed9c185e3-node14-1 Created 
 Container rgg6ed9c185e3-node15-1 Created 
 Container rgg6ed9c185e3-node16-1 Created 
 Container rgg6ed9c185e3-node18-1 Created 
 Container rgg6ed9c185e3-node22-1 Created 
 Container rgg6ed9c185e3-node3-1 Created 
 Container rgg6ed9c185e3-node6-1 Created 
 Container rgg6ed9c185e3-node13-1 Created 
 Container rgg6ed9c185e3-node1-1 Created 
 Container rgg6ed9c185e3-collector-1 Starting 
 Container rgg6ed9c185e3-collector-1 Started 
 Container rgg6ed9c185e3-node0-1 Starting 
 Container rgg6ed9c185e3-node14-1 Starting 
 Container rgg6ed9c185e3-node6-1 Starting 
 Container rgg6ed9c185e3-node7-1 Starting 
 Container rgg6ed9c185e3-node11-1 Starting 
 Container rgg6ed9c185e3-node23-1 Starting 
 Container rgg6ed9c185e3-node13-1 Starting 
 Container rgg6ed9c185e3-node3-1 Starting 
 Container rgg6ed9c185e3-node19-1 Starting 
 Container rgg6ed9c185e3-node15-1 Starting 
 Container rgg6ed9c185e3-node5-1 Starting 
 Container rgg6ed9c185e3-node1-1 Starting 
 Container rgg6ed9c185e3-node17-1 Starting 
 Container rgg6ed9c185e3-node4-1 Starting 
 Container rgg6ed9c185e3-node18-1 Starting 
 Container rgg6ed9c185e3-node8-1 Starting 
 Container rgg6ed9c185e3-node22-1 Starting 
 Container rgg6ed9c185e3-node21-1 Starting 
 Container rgg6ed9c185e3-node9-1 Starting 
 Container rgg6ed9c185e3-node10-1 Starting 
 Container rgg6ed9c185e3-node2-1 Starting 
 Container rgg6ed9c185e3-node20-1 Starting 
 Container rgg6ed9c185e3-node16-1 Starting 
 Container rgg6ed9c185e3-node12-1 Starting 
 Container rgg6ed9c185e3-node5-1 Started 
 Container rgg6ed9c185e3-node12-1 Started 
 Container rgg6ed9c185e3-node6-1 Started 
 Container rgg6ed9c185e3-node18-1 Started 
 Container rgg6ed9c185e3-node0-1 Started 
 Container rgg6ed9c185e3-node4-1 Started 
 Container rgg6ed9c185e3-node16-1 Started 
 Container rgg6ed9c185e3-node14-1 Started 
 Container rgg6ed9c185e3-node1-1 Started 
 Container rgg6ed9c185e3-node23-1 Started 
 Container rgg6ed9c185e3-node10-1 Started 
 Container rgg6ed9c185e3-node22-1 Started 
 Container rgg6ed9c185e3-node9-1 Started 
 Container rgg6ed9c185e3-node11-1 Started 
 Container rgg6ed9c185e3-node21-1 Started 
 Container rgg6ed9c185e3-node8-1 Started 
 Container rgg6ed9c185e3-node15-1 Started 
 Container rgg6ed9c185e3-node17-1 Started 
 Container rgg6ed9c185e3-node2-1 Started 
 Container rgg6ed9c185e3-node13-1 Started 
 Container rgg6ed9c185e3-node7-1 Started 
 Container rgg6ed9c185e3-node19-1 Started 
 Container rgg6ed9c185e3-node20-1 Started 
 Container rgg6ed9c185e3-node3-1 Started 
NETEM_APPLIED node0 iface=eth0: qdisc netem 82d9: root refcnt 17 limit 1000 delay 10ms  2ms seed 14733653371905854011
NETEM_APPLIED node1 iface=eth0: qdisc netem 82da: root refcnt 17 limit 1000 delay 10ms  2ms seed 494531316463371841
NETEM_APPLIED node2 iface=eth0: qdisc netem 82db: root refcnt 17 limit 1000 delay 10ms  2ms seed 13804982542555712313
NETEM_APPLIED node3 iface=eth0: qdisc netem 82dc: root refcnt 17 limit 1000 delay 10ms  2ms seed 11616576561308032670
NETEM_APPLIED node4 iface=eth0: qdisc netem 82dd: root refcnt 17 limit 1000 delay 10ms  2ms seed 15517580774781831853
NETEM_APPLIED node5 iface=eth0: qdisc netem 82de: root refcnt 17 limit 1000 delay 10ms  2ms seed 10574723839192886450
NETEM_APPLIED node6 iface=eth0: qdisc netem 82df: root refcnt 17 limit 1000 delay 10ms  2ms seed 8771221468399139729
NETEM_APPLIED node7 iface=eth0: qdisc netem 82e0: root refcnt 17 limit 1000 delay 10ms  2ms seed 14302350001226046470
NETEM_APPLIED node8 iface=eth0: qdisc netem 82e1: root refcnt 17 limit 1000 delay 10ms  2ms seed 12731688118239527124
NETEM_APPLIED node9 iface=eth0: qdisc netem 82e2: root refcnt 17 limit 1000 delay 10ms  2ms seed 4521574718257365759
NETEM_APPLIED node10 iface=eth0: qdisc netem 82e3: root refcnt 17 limit 1000 delay 10ms  2ms seed 16767061152192888429
NETEM_APPLIED node11 iface=eth0: qdisc netem 82e4: root refcnt 17 limit 1000 delay 10ms  2ms seed 8532379502359585578
NETEM_APPLIED node12 iface=eth0: qdisc netem 82e5: root refcnt 17 limit 1000 delay 10ms  2ms seed 9683498194172768832
NETEM_APPLIED node13 iface=eth0: qdisc netem 82e6: root refcnt 17 limit 1000 delay 10ms  2ms seed 3226634243740778339
NETEM_APPLIED node14 iface=eth0: qdisc netem 82e7: root refcnt 17 limit 1000 delay 10ms  2ms seed 1645706859987057973
NETEM_APPLIED node15 iface=eth0: qdisc netem 82e8: root refcnt 17 limit 1000 delay 10ms  2ms seed 13329786225833661448
NETEM_APPLIED node16 iface=eth0: qdisc netem 82e9: root refcnt 17 limit 1000 delay 10ms  2ms seed 3039545897239665411
NETEM_APPLIED node17 iface=eth0: qdisc netem 82ea: root refcnt 17 limit 1000 delay 10ms  2ms seed 14338301508175008266
NETEM_APPLIED node18 iface=eth0: qdisc netem 82eb: root refcnt 17 limit 1000 delay 10ms  2ms seed 5692456366514006561
NETEM_APPLIED node19 iface=eth0: qdisc netem 82ec: root refcnt 17 limit 1000 delay 10ms  2ms seed 11350524227981631266
NETEM_APPLIED node20 iface=eth0: qdisc netem 82ed: root refcnt 17 limit 1000 delay 10ms  2ms seed 14795555778447209576
NETEM_APPLIED node21 iface=eth0: qdisc netem 82ee: root refcnt 17 limit 1000 delay 10ms  2ms seed 15497618364300234345
NETEM_APPLIED node22 iface=eth0: qdisc netem 82ef: root refcnt 17 limit 1000 delay 10ms  2ms seed 3086484804101325448
NETEM_APPLIED node23 iface=eth0: qdisc netem 82f0: root refcnt 17 limit 1000 delay 10ms  2ms seed 1228340604497132880
NETEM_RTT_GATE OK: baseline=0.1ms actual=19.9ms increase=19.8ms
DRIVER_STARTED: 2026-07-15T05:44:42Z
0
QDSK_CLEANUP_FAIL node0: Command '['docker', 'exec', 'rgg6ed9c185e3-node0-1', 'sh', '-c', "ip -o -4 addr show scope global 2>/dev/null | head -1 | awk '{print $2}'"]' returned non-zero exit status 1.
QDSK_CLEANUP_FAIL node1: Command '['docker', 'exec', 'rgg6ed9c185e3-node1-1', 'sh', '-c', "ip -o -4 addr show scope global 2>/dev/null | head -1 | awk '{print $2}'"]' returned non-zero exit status 1.
QDSK_CLEANUP_FAIL node2: Command '['docker', 'exec', 'rgg6ed9c185e3-node2-1', 'sh', '-c', "ip -o -4 addr show scope global 2>/dev/null | head -1 | awk '{print $2}'"]' returned non-zero exit status 1.
QDSK_CLEANUP_FAIL node3: Command '['docker', 'exec', 'rgg6ed9c185e3-node3-1', 'sh', '-c', "ip -o -4 addr show scope global 2>/dev/null | head -1 | awk '{print $2}'"]' returned non-zero exit status 1.
QDSK_CLEANUP_FAIL node4: Command '['docker', 'exec', 'rgg6ed9c185e3-node4-1', 'sh', '-c', "ip -o -4 addr show scope global 2>/dev/null | head -1 | awk '{print $2}'"]' returned non-zero exit status 1.
QDSK_CLEANUP_FAIL node5: Command '['docker', 'exec', 'rgg6ed9c185e3-node5-1', 'sh', '-c', "ip -o -4 addr show scope global 2>/dev/null | head -1 | awk '{print $2}'"]' returned non-zero exit status 1.
QDSK_CLEANUP_FAIL node6: Command '['docker', 'exec', 'rgg6ed9c185e3-node6-1', 'sh', '-c', "ip -o -4 addr show scope global 2>/dev/null | head -1 | awk '{print $2}'"]' returned non-zero exit status 1.
QDSK_CLEANUP_FAIL node7: Command '['docker', 'exec', 'rgg6ed9c185e3-node7-1', 'sh', '-c', "ip -o -4 addr show scope global 2>/dev/null | head -1 | awk '{print $2}'"]' returned non-zero exit status 1.
QDSK_CLEANUP_FAIL node8: Command '['docker', 'exec', 'rgg6ed9c185e3-node8-1', 'sh', '-c', "ip -o -4 addr show scope global 2>/dev/null | head -1 | awk '{print $2}'"]' returned non-zero exit status 1.
QDSK_CLEANUP_FAIL node9: Command '['docker', 'exec', 'rgg6ed9c185e3-node9-1', 'sh', '-c', "ip -o -4 addr show scope global 2>/dev/null | head -1 | awk '{print $2}'"]' returned non-zero exit status 1.
QDSK_CLEANUP_FAIL node10: Command '['docker', 'exec', 'rgg6ed9c185e3-node10-1', 'sh', '-c', "ip -o -4 addr show scope global 2>/dev/null | head -1 | awk '{print $2}'"]' returned non-zero exit status 1.
QDSK_CLEANUP_FAIL node11: Command '['docker', 'exec', 'rgg6ed9c185e3-node11-1', 'sh', '-c', "ip -o -4 addr show scope global 2>/dev/null | head -1 | awk '{print $2}'"]' returned non-zero exit status 1.
QDSK_CLEANUP_FAIL node12: Command '['docker', 'exec', 'rgg6ed9c185e3-node12-1', 'sh', '-c', "ip -o -4 addr show scope global 2>/dev/null | head -1 | awk '{print $2}'"]' returned non-zero exit status 1.
QDSK_CLEANUP_FAIL node13: Command '['docker', 'exec', 'rgg6ed9c185e3-node13-1', 'sh', '-c', "ip -o -4 addr show scope global 2>/dev/null | head -1 | awk '{print $2}'"]' returned non-zero exit status 1.
QDSK_CLEANUP_FAIL node14: Command '['docker', 'exec', 'rgg6ed9c185e3-node14-1', 'sh', '-c', "ip -o -4 addr show scope global 2>/dev/null | head -1 | awk '{print $2}'"]' returned non-zero exit status 1.
QDSK_CLEANUP_FAIL node15: Command '['docker', 'exec', 'rgg6ed9c185e3-node15-1', 'sh', '-c', "ip -o -4 addr show scope global 2>/dev/null | head -1 | awk '{print $2}'"]' returned non-zero exit status 1.
QDSK_CLEANUP_FAIL node16: Command '['docker', 'exec', 'rgg6ed9c185e3-node16-1', 'sh', '-c', "ip -o -4 addr show scope global 2>/dev/null | head -1 | awk '{print $2}'"]' returned non-zero exit status 1.
QDSK_CLEANUP_FAIL node17: Command '['docker', 'exec', 'rgg6ed9c185e3-node17-1', 'sh', '-c', "ip -o -4 addr show scope global 2>/dev/null | head -1 | awk '{print $2}'"]' returned non-zero exit status 1.
QDSK_CLEANUP_FAIL node18: Command '['docker', 'exec', 'rgg6ed9c185e3-node18-1', 'sh', '-c', "ip -o -4 addr show scope global 2>/dev/null | head -1 | awk '{print $2}'"]' returned non-zero exit status 1.
QDSK_CLEANUP_FAIL node19: Command '['docker', 'exec', 'rgg6ed9c185e3-node19-1', 'sh', '-c', "ip -o -4 addr show scope global 2>/dev/null | head -1 | awk '{print $2}'"]' returned non-zero exit status 1.
QDSK_CLEANUP_FAIL node20: Command '['docker', 'exec', 'rgg6ed9c185e3-node20-1', 'sh', '-c', "ip -o -4 addr show scope global 2>/dev/null | head -1 | awk '{print $2}'"]' returned non-zero exit status 1.
QDSK_CLEANUP_FAIL node21: Command '['docker', 'exec', 'rgg6ed9c185e3-node21-1', 'sh', '-c', "ip -o -4 addr show scope global 2>/dev/null | head -1 | awk '{print $2}'"]' returned non-zero exit status 1.
QDSK_CLEANUP_FAIL node22: Command '['docker', 'exec', 'rgg6ed9c185e3-node22-1', 'sh', '-c', "ip -o -4 addr show scope global 2>/dev/null | head -1 | awk '{print $2}'"]' returned non-zero exit status 1.
QDSK_CLEANUP_FAIL node23: Command '['docker', 'exec', 'rgg6ed9c185e3-node23-1', 'sh', '-c', "ip -o -4 addr show scope global 2>/dev/null | head -1 | awk '{print $2}'"]' returned non-zero exit status 1.
