 Network rgg1b1a853ac3_default Creating 
 Network rgg1b1a853ac3_default Created 
 Container rgg1b1a853ac3-collector-1 Creating 
 Container rgg1b1a853ac3-collector-1 Created 
 Container rgg1b1a853ac3-node12-1 Creating 
 Container rgg1b1a853ac3-node0-1 Creating 
 Container rgg1b1a853ac3-node13-1 Creating 
 Container rgg1b1a853ac3-node6-1 Creating 
 Container rgg1b1a853ac3-node8-1 Creating 
 Container rgg1b1a853ac3-node10-1 Creating 
 Container rgg1b1a853ac3-node2-1 Creating 
 Container rgg1b1a853ac3-node3-1 Creating 
 Container rgg1b1a853ac3-node1-1 Creating 
 Container rgg1b1a853ac3-node15-1 Creating 
 Container rgg1b1a853ac3-node5-1 Creating 
 Container rgg1b1a853ac3-node14-1 Creating 
 Container rgg1b1a853ac3-node9-1 Creating 
 Container rgg1b1a853ac3-node11-1 Creating 
 Container rgg1b1a853ac3-node7-1 Creating 
 Container rgg1b1a853ac3-node4-1 Creating 
 Container rgg1b1a853ac3-node13-1 Created 
 Container rgg1b1a853ac3-node3-1 Created 
 Container rgg1b1a853ac3-node0-1 Created 
 Container rgg1b1a853ac3-node12-1 Created 
 Container rgg1b1a853ac3-node5-1 Created 
 Container rgg1b1a853ac3-node4-1 Created 
 Container rgg1b1a853ac3-node1-1 Created 
 Container rgg1b1a853ac3-node10-1 Created 
 Container rgg1b1a853ac3-node2-1 Created 
 Container rgg1b1a853ac3-node11-1 Created 
 Container rgg1b1a853ac3-node8-1 Created 
 Container rgg1b1a853ac3-node6-1 Created 
 Container rgg1b1a853ac3-node7-1 Created 
 Container rgg1b1a853ac3-node14-1 Created 
 Container rgg1b1a853ac3-node9-1 Created 
 Container rgg1b1a853ac3-node15-1 Created 
 Container rgg1b1a853ac3-driver-1 Creating 
 Container rgg1b1a853ac3-driver-1 Created 
 Container rgg1b1a853ac3-collector-1 Starting 
 Container rgg1b1a853ac3-collector-1 Started 
 Container rgg1b1a853ac3-node14-1 Starting 
 Container rgg1b1a853ac3-node6-1 Starting 
 Container rgg1b1a853ac3-node4-1 Starting 
 Container rgg1b1a853ac3-node9-1 Starting 
 Container rgg1b1a853ac3-node11-1 Starting 
 Container rgg1b1a853ac3-node10-1 Starting 
 Container rgg1b1a853ac3-node13-1 Starting 
 Container rgg1b1a853ac3-node12-1 Starting 
 Container rgg1b1a853ac3-node3-1 Starting 
 Container rgg1b1a853ac3-node8-1 Starting 
 Container rgg1b1a853ac3-node15-1 Starting 
 Container rgg1b1a853ac3-node5-1 Starting 
 Container rgg1b1a853ac3-node2-1 Starting 
 Container rgg1b1a853ac3-node7-1 Starting 
 Container rgg1b1a853ac3-node1-1 Starting 
 Container rgg1b1a853ac3-node0-1 Starting 
 Container rgg1b1a853ac3-node3-1 Started 
 Container rgg1b1a853ac3-node0-1 Started 
 Container rgg1b1a853ac3-node4-1 Started 
 Container rgg1b1a853ac3-node14-1 Started 
 Container rgg1b1a853ac3-node6-1 Started 
 Container rgg1b1a853ac3-node5-1 Started 
 Container rgg1b1a853ac3-node15-1 Started 
 Container rgg1b1a853ac3-node7-1 Started 
 Container rgg1b1a853ac3-node10-1 Started 
 Container rgg1b1a853ac3-node12-1 Started 
 Container rgg1b1a853ac3-node8-1 Started 
 Container rgg1b1a853ac3-node2-1 Started 
 Container rgg1b1a853ac3-node1-1 Started 
 Container rgg1b1a853ac3-node11-1 Started 
 Container rgg1b1a853ac3-node13-1 Started 
 Container rgg1b1a853ac3-node9-1 Started 
 Container rgg1b1a853ac3-driver-1 Starting 
 Container rgg1b1a853ac3-driver-1 Started 
0
