 Network rggffbda77c09_default Creating 
 Network rggffbda77c09_default Created 
 Container rggffbda77c09-collector-1 Creating 
 Container rggffbda77c09-collector-1 Created 
 Container rggffbda77c09-node14-1 Creating 
 Container rggffbda77c09-node2-1 Creating 
 Container rggffbda77c09-node12-1 Creating 
 Container rggffbda77c09-node4-1 Creating 
 Container rggffbda77c09-node10-1 Creating 
 Container rggffbda77c09-node1-1 Creating 
 Container rggffbda77c09-node15-1 Creating 
 Container rggffbda77c09-node6-1 Creating 
 Container rggffbda77c09-node11-1 Creating 
 Container rggffbda77c09-node5-1 Creating 
 Container rggffbda77c09-node13-1 Creating 
 Container rggffbda77c09-node8-1 Creating 
 Container rggffbda77c09-node3-1 Creating 
 Container rggffbda77c09-node9-1 Creating 
 Container rggffbda77c09-node0-1 Creating 
 Container rggffbda77c09-node7-1 Creating 
 Container rggffbda77c09-node12-1 Created 
 Container rggffbda77c09-node14-1 Created 
 Container rggffbda77c09-node3-1 Created 
 Container rggffbda77c09-node4-1 Created 
 Container rggffbda77c09-node2-1 Created 
 Container rggffbda77c09-node0-1 Created 
 Container rggffbda77c09-node7-1 Created 
 Container rggffbda77c09-node10-1 Created 
 Container rggffbda77c09-node9-1 Created 
 Container rggffbda77c09-node5-1 Created 
 Container rggffbda77c09-node1-1 Created 
 Container rggffbda77c09-node15-1 Created 
 Container rggffbda77c09-node11-1 Created 
 Container rggffbda77c09-node6-1 Created 
 Container rggffbda77c09-node13-1 Created 
 Container rggffbda77c09-node8-1 Created 
 Container rggffbda77c09-driver-1 Creating 
 Container rggffbda77c09-driver-1 Created 
 Container rggffbda77c09-collector-1 Starting 
 Container rggffbda77c09-collector-1 Started 
 Container rggffbda77c09-node12-1 Starting 
 Container rggffbda77c09-node14-1 Starting 
 Container rggffbda77c09-node6-1 Starting 
 Container rggffbda77c09-node5-1 Starting 
 Container rggffbda77c09-node7-1 Starting 
 Container rggffbda77c09-node9-1 Starting 
 Container rggffbda77c09-node3-1 Starting 
 Container rggffbda77c09-node10-1 Starting 
 Container rggffbda77c09-node11-1 Starting 
 Container rggffbda77c09-node8-1 Starting 
 Container rggffbda77c09-node4-1 Starting 
 Container rggffbda77c09-node1-1 Starting 
 Container rggffbda77c09-node13-1 Starting 
 Container rggffbda77c09-node0-1 Starting 
 Container rggffbda77c09-node15-1 Starting 
 Container rggffbda77c09-node2-1 Starting 
 Container rggffbda77c09-node12-1 Started 
 Container rggffbda77c09-node15-1 Started 
 Container rggffbda77c09-node6-1 Started 
 Container rggffbda77c09-node9-1 Started 
 Container rggffbda77c09-node5-1 Started 
 Container rggffbda77c09-node10-1 Started 
 Container rggffbda77c09-node2-1 Started 
 Container rggffbda77c09-node13-1 Started 
 Container rggffbda77c09-node3-1 Started 
 Container rggffbda77c09-node8-1 Started 
 Container rggffbda77c09-node14-1 Started 
 Container rggffbda77c09-node4-1 Started 
 Container rggffbda77c09-node7-1 Started 
 Container rggffbda77c09-node0-1 Started 
 Container rggffbda77c09-node1-1 Started 
 Container rggffbda77c09-node11-1 Started 
 Container rggffbda77c09-driver-1 Starting 
 Container rggffbda77c09-driver-1 Started 
0
