 Network rggb75a1d9827_default Creating 
 Network rggb75a1d9827_default Created 
 Container rggb75a1d9827-collector-1 Creating 
 Container rggb75a1d9827-collector-1 Created 
 Container rggb75a1d9827-node11-1 Creating 
 Container rggb75a1d9827-node8-1 Creating 
 Container rggb75a1d9827-node10-1 Creating 
 Container rggb75a1d9827-node9-1 Creating 
 Container rggb75a1d9827-node22-1 Creating 
 Container rggb75a1d9827-node12-1 Creating 
 Container rggb75a1d9827-node15-1 Creating 
 Container rggb75a1d9827-node4-1 Creating 
 Container rggb75a1d9827-node0-1 Creating 
 Container rggb75a1d9827-node6-1 Creating 
 Container rggb75a1d9827-node3-1 Creating 
 Container rggb75a1d9827-node5-1 Creating 
 Container rggb75a1d9827-node17-1 Creating 
 Container rggb75a1d9827-node16-1 Creating 
 Container rggb75a1d9827-node1-1 Creating 
 Container rggb75a1d9827-node7-1 Creating 
 Container rggb75a1d9827-node20-1 Creating 
 Container rggb75a1d9827-node14-1 Creating 
 Container rggb75a1d9827-node19-1 Creating 
 Container rggb75a1d9827-node2-1 Creating 
 Container rggb75a1d9827-node13-1 Creating 
 Container rggb75a1d9827-node21-1 Creating 
 Container rggb75a1d9827-node18-1 Creating 
 Container rggb75a1d9827-node23-1 Creating 
 Container rggb75a1d9827-node8-1 Created 
 Container rggb75a1d9827-node21-1 Created 
 Container rggb75a1d9827-node11-1 Created 
 Container rggb75a1d9827-node10-1 Created 
 Container rggb75a1d9827-node7-1 Created 
 Container rggb75a1d9827-node23-1 Created 
 Container rggb75a1d9827-node16-1 Created 
 Container rggb75a1d9827-node2-1 Created 
 Container rggb75a1d9827-node12-1 Created 
 Container rggb75a1d9827-node4-1 Created 
 Container rggb75a1d9827-node0-1 Created 
 Container rggb75a1d9827-node19-1 Created 
 Container rggb75a1d9827-node18-1 Created 
 Container rggb75a1d9827-node9-1 Created 
 Container rggb75a1d9827-node15-1 Created 
 Container rggb75a1d9827-node13-1 Created 
 Container rggb75a1d9827-node17-1 Created 
 Container rggb75a1d9827-node14-1 Created 
 Container rggb75a1d9827-node1-1 Created 
 Container rggb75a1d9827-node22-1 Created 
 Container rggb75a1d9827-node6-1 Created 
 Container rggb75a1d9827-node20-1 Created 
 Container rggb75a1d9827-node5-1 Created 
 Container rggb75a1d9827-node3-1 Created 
 Container rggb75a1d9827-collector-1 Starting 
 Container rggb75a1d9827-collector-1 Started 
 Container rggb75a1d9827-node18-1 Starting 
 Container rggb75a1d9827-node4-1 Starting 
 Container rggb75a1d9827-node2-1 Starting 
 Container rggb75a1d9827-node15-1 Starting 
 Container rggb75a1d9827-node16-1 Starting 
 Container rggb75a1d9827-node5-1 Starting 
 Container rggb75a1d9827-node19-1 Starting 
 Container rggb75a1d9827-node22-1 Starting 
 Container rggb75a1d9827-node8-1 Starting 
 Container rggb75a1d9827-node6-1 Starting 
 Container rggb75a1d9827-node3-1 Starting 
 Container rggb75a1d9827-node23-1 Starting 
 Container rggb75a1d9827-node20-1 Starting 
 Container rggb75a1d9827-node7-1 Starting 
 Container rggb75a1d9827-node9-1 Starting 
 Container rggb75a1d9827-node12-1 Starting 
 Container rggb75a1d9827-node17-1 Starting 
 Container rggb75a1d9827-node0-1 Starting 
 Container rggb75a1d9827-node10-1 Starting 
 Container rggb75a1d9827-node21-1 Starting 
 Container rggb75a1d9827-node14-1 Starting 
 Container rggb75a1d9827-node11-1 Starting 
 Container rggb75a1d9827-node13-1 Starting 
 Container rggb75a1d9827-node1-1 Starting 
 Container rggb75a1d9827-node18-1 Started 
 Container rggb75a1d9827-node20-1 Started 
 Container rggb75a1d9827-node13-1 Started 
 Container rggb75a1d9827-node1-1 Started 
 Container rggb75a1d9827-node7-1 Started 
 Container rggb75a1d9827-node4-1 Started 
 Container rggb75a1d9827-node22-1 Started 
 Container rggb75a1d9827-node2-1 Started 
 Container rggb75a1d9827-node16-1 Started 
 Container rggb75a1d9827-node6-1 Started 
 Container rggb75a1d9827-node21-1 Started 
 Container rggb75a1d9827-node0-1 Started 
 Container rggb75a1d9827-node14-1 Started 
 Container rggb75a1d9827-node15-1 Started 
 Container rggb75a1d9827-node9-1 Started 
 Container rggb75a1d9827-node3-1 Started 
 Container rggb75a1d9827-node10-1 Started 
 Container rggb75a1d9827-node19-1 Started 
 Container rggb75a1d9827-node12-1 Started 
 Container rggb75a1d9827-node8-1 Started 
 Container rggb75a1d9827-node11-1 Started 
 Container rggb75a1d9827-node5-1 Started 
 Container rggb75a1d9827-node17-1 Started 
 Container rggb75a1d9827-node23-1 Started 
DRIVER_STARTED: 2026-07-15T05:05:08Z
0
