 Network rgge18080d6db_default Creating 
 Network rgge18080d6db_default Created 
 Container rgge18080d6db-collector-1 Creating 
 Container rgge18080d6db-collector-1 Created 
 Container rgge18080d6db-node20-1 Creating 
 Container rgge18080d6db-node22-1 Creating 
 Container rgge18080d6db-node5-1 Creating 
 Container rgge18080d6db-node21-1 Creating 
 Container rgge18080d6db-node10-1 Creating 
 Container rgge18080d6db-node11-1 Creating 
 Container rgge18080d6db-node16-1 Creating 
 Container rgge18080d6db-node2-1 Creating 
 Container rgge18080d6db-node19-1 Creating 
 Container rgge18080d6db-node9-1 Creating 
 Container rgge18080d6db-node23-1 Creating 
 Container rgge18080d6db-node0-1 Creating 
 Container rgge18080d6db-node7-1 Creating 
 Container rgge18080d6db-node8-1 Creating 
 Container rgge18080d6db-node14-1 Creating 
 Container rgge18080d6db-node15-1 Creating 
 Container rgge18080d6db-node12-1 Creating 
 Container rgge18080d6db-node4-1 Creating 
 Container rgge18080d6db-node1-1 Creating 
 Container rgge18080d6db-node18-1 Creating 
 Container rgge18080d6db-node6-1 Creating 
 Container rgge18080d6db-node17-1 Creating 
 Container rgge18080d6db-node3-1 Creating 
 Container rgge18080d6db-node13-1 Creating 
 Container rgge18080d6db-node22-1 Created 
 Container rgge18080d6db-node10-1 Created 
 Container rgge18080d6db-node11-1 Created 
 Container rgge18080d6db-node7-1 Created 
 Container rgge18080d6db-node5-1 Created 
 Container rgge18080d6db-node0-1 Created 
 Container rgge18080d6db-node17-1 Created 
 Container rgge18080d6db-node20-1 Created 
 Container rgge18080d6db-node15-1 Created 
 Container rgge18080d6db-node18-1 Created 
 Container rgge18080d6db-node12-1 Created 
 Container rgge18080d6db-node1-1 Created 
 Container rgge18080d6db-node14-1 Created 
 Container rgge18080d6db-node3-1 Created 
 Container rgge18080d6db-node9-1 Created 
 Container rgge18080d6db-node8-1 Created 
 Container rgge18080d6db-node6-1 Created 
 Container rgge18080d6db-node13-1 Created 
 Container rgge18080d6db-node23-1 Created 
 Container rgge18080d6db-node21-1 Created 
 Container rgge18080d6db-node2-1 Created 
 Container rgge18080d6db-node4-1 Created 
 Container rgge18080d6db-node16-1 Created 
 Container rgge18080d6db-node19-1 Created 
 Container rgge18080d6db-driver-1 Creating 
 Container rgge18080d6db-driver-1 Created 
 Container rgge18080d6db-collector-1 Starting 
 Container rgge18080d6db-collector-1 Started 
 Container rgge18080d6db-node20-1 Starting 
 Container rgge18080d6db-node8-1 Starting 
 Container rgge18080d6db-node0-1 Starting 
 Container rgge18080d6db-node2-1 Starting 
 Container rgge18080d6db-node7-1 Starting 
 Container rgge18080d6db-node6-1 Starting 
 Container rgge18080d6db-node12-1 Starting 
 Container rgge18080d6db-node9-1 Starting 
 Container rgge18080d6db-node23-1 Starting 
 Container rgge18080d6db-node22-1 Starting 
 Container rgge18080d6db-node21-1 Starting 
 Container rgge18080d6db-node1-1 Starting 
 Container rgge18080d6db-node11-1 Starting 
 Container rgge18080d6db-node13-1 Starting 
 Container rgge18080d6db-node17-1 Starting 
 Container rgge18080d6db-node10-1 Starting 
 Container rgge18080d6db-node15-1 Starting 
 Container rgge18080d6db-node16-1 Starting 
 Container rgge18080d6db-node14-1 Starting 
 Container rgge18080d6db-node19-1 Starting 
 Container rgge18080d6db-node5-1 Starting 
 Container rgge18080d6db-node18-1 Starting 
 Container rgge18080d6db-node4-1 Starting 
 Container rgge18080d6db-node3-1 Starting 
 Container rgge18080d6db-node2-1 Started 
 Container rgge18080d6db-node8-1 Started 
 Container rgge18080d6db-node15-1 Started 
 Container rgge18080d6db-node14-1 Started 
 Container rgge18080d6db-node11-1 Started 
 Container rgge18080d6db-node20-1 Started 
 Container rgge18080d6db-node3-1 Started 
 Container rgge18080d6db-node9-1 Started 
 Container rgge18080d6db-node5-1 Started 
 Container rgge18080d6db-node23-1 Started 
 Container rgge18080d6db-node6-1 Started 
 Container rgge18080d6db-node4-1 Started 
 Container rgge18080d6db-node10-1 Started 
 Container rgge18080d6db-node17-1 Started 
 Container rgge18080d6db-node13-1 Started 
 Container rgge18080d6db-node1-1 Started 
 Container rgge18080d6db-node12-1 Started 
 Container rgge18080d6db-node19-1 Started 
 Container rgge18080d6db-node22-1 Started 
 Container rgge18080d6db-node0-1 Started 
 Container rgge18080d6db-node18-1 Started 
 Container rgge18080d6db-node16-1 Started 
 Container rgge18080d6db-node21-1 Started 
 Container rgge18080d6db-node7-1 Started 
 Container rgge18080d6db-driver-1 Starting 
 Container rgge18080d6db-driver-1 Started 
0
