 Network rgg93839470d4_default Creating 
 Network rgg93839470d4_default Created 
 Container rgg93839470d4-collector-1 Creating 
 Container rgg93839470d4-collector-1 Created 
 Container rgg93839470d4-node11-1 Creating 
 Container rgg93839470d4-node13-1 Creating 
 Container rgg93839470d4-node4-1 Creating 
 Container rgg93839470d4-node3-1 Creating 
 Container rgg93839470d4-node0-1 Creating 
 Container rgg93839470d4-node15-1 Creating 
 Container rgg93839470d4-node1-1 Creating 
 Container rgg93839470d4-node10-1 Creating 
 Container rgg93839470d4-node5-1 Creating 
 Container rgg93839470d4-node6-1 Creating 
 Container rgg93839470d4-node2-1 Creating 
 Container rgg93839470d4-node12-1 Creating 
 Container rgg93839470d4-node14-1 Creating 
 Container rgg93839470d4-node8-1 Creating 
 Container rgg93839470d4-node9-1 Creating 
 Container rgg93839470d4-node7-1 Creating 
 Container rgg93839470d4-node11-1 Created 
 Container rgg93839470d4-node7-1 Created 
 Container rgg93839470d4-node1-1 Created 
 Container rgg93839470d4-node4-1 Created 
 Container rgg93839470d4-node9-1 Created 
 Container rgg93839470d4-node6-1 Created 
 Container rgg93839470d4-node0-1 Created 
 Container rgg93839470d4-node13-1 Created 
 Container rgg93839470d4-node12-1 Created 
 Container rgg93839470d4-node15-1 Created 
 Container rgg93839470d4-node3-1 Created 
 Container rgg93839470d4-node5-1 Created 
 Container rgg93839470d4-node8-1 Created 
 Container rgg93839470d4-node14-1 Created 
 Container rgg93839470d4-node2-1 Created 
 Container rgg93839470d4-node10-1 Created 
 Container rgg93839470d4-collector-1 Starting 
 Container rgg93839470d4-collector-1 Started 
 Container rgg93839470d4-node6-1 Starting 
 Container rgg93839470d4-node3-1 Starting 
 Container rgg93839470d4-node2-1 Starting 
 Container rgg93839470d4-node10-1 Starting 
 Container rgg93839470d4-node7-1 Starting 
 Container rgg93839470d4-node15-1 Starting 
 Container rgg93839470d4-node8-1 Starting 
 Container rgg93839470d4-node14-1 Starting 
 Container rgg93839470d4-node0-1 Starting 
 Container rgg93839470d4-node13-1 Starting 
 Container rgg93839470d4-node4-1 Starting 
 Container rgg93839470d4-node9-1 Starting 
 Container rgg93839470d4-node5-1 Starting 
 Container rgg93839470d4-node12-1 Starting 
 Container rgg93839470d4-node11-1 Starting 
 Container rgg93839470d4-node1-1 Starting 
 Container rgg93839470d4-node2-1 Started 
 Container rgg93839470d4-node12-1 Started 
 Container rgg93839470d4-node6-1 Started 
 Container rgg93839470d4-node4-1 Started 
 Container rgg93839470d4-node3-1 Started 
 Container rgg93839470d4-node14-1 Started 
 Container rgg93839470d4-node1-1 Started 
 Container rgg93839470d4-node5-1 Started 
 Container rgg93839470d4-node9-1 Started 
 Container rgg93839470d4-node7-1 Started 
 Container rgg93839470d4-node0-1 Started 
 Container rgg93839470d4-node8-1 Started 
 Container rgg93839470d4-node10-1 Started 
 Container rgg93839470d4-node13-1 Started 
 Container rgg93839470d4-node11-1 Started 
 Container rgg93839470d4-node15-1 Started 
NETEM_APPLIED node0 iface=eth0: qdisc netem 8701: root refcnt 17 limit 1000 delay 50ms  10ms seed 13871579827127509501
NETEM_APPLIED node1 iface=eth0: qdisc netem 8702: root refcnt 17 limit 1000 delay 50ms  10ms seed 9863809647987546716
NETEM_APPLIED node2 iface=eth0: qdisc netem 8703: root refcnt 17 limit 1000 delay 50ms  10ms seed 1409858307796524244
NETEM_APPLIED node3 iface=eth0: qdisc netem 8704: root refcnt 17 limit 1000 delay 50ms  10ms seed 16595570754216431759
NETEM_APPLIED node4 iface=eth0: qdisc netem 8705: root refcnt 17 limit 1000 delay 50ms  10ms seed 13136735318192829164
NETEM_APPLIED node5 iface=eth0: qdisc netem 8706: root refcnt 17 limit 1000 delay 50ms  10ms seed 7463430736663649316
NETEM_APPLIED node6 iface=eth0: qdisc netem 8707: root refcnt 17 limit 1000 delay 50ms  10ms seed 5418807790065926803
NETEM_APPLIED node7 iface=eth0: qdisc netem 8708: root refcnt 17 limit 1000 delay 50ms  10ms seed 8547631515881937702
NETEM_APPLIED node8 iface=eth0: qdisc netem 8709: root refcnt 17 limit 1000 delay 50ms  10ms seed 12598053304504776589
NETEM_APPLIED node9 iface=eth0: qdisc netem 870a: root refcnt 17 limit 1000 delay 50ms  10ms seed 8181434857871330749
NETEM_APPLIED node10 iface=eth0: qdisc netem 870b: root refcnt 17 limit 1000 delay 50ms  10ms seed 12458475623570921947
NETEM_APPLIED node11 iface=eth0: qdisc netem 870c: root refcnt 17 limit 1000 delay 50ms  10ms seed 505789653386065638
NETEM_APPLIED node12 iface=eth0: qdisc netem 870d: root refcnt 17 limit 1000 delay 50ms  10ms seed 1174000360541397534
NETEM_APPLIED node13 iface=eth0: qdisc netem 870e: root refcnt 17 limit 1000 delay 50ms  10ms seed 17189178133245326519
NETEM_APPLIED node14 iface=eth0: qdisc netem 870f: root refcnt 17 limit 1000 delay 50ms  10ms seed 793991955715288611
NETEM_APPLIED node15 iface=eth0: qdisc netem 8710: root refcnt 17 limit 1000 delay 50ms  10ms seed 1028092362544776600
NETEM_RTT_GATE OK: baseline=0.2ms actual=97.6ms increase=97.4ms
DRIVER_STARTED: 2026-07-15T06:55:52Z
0
QDSK_CLEANUP_FAIL node0: Command '['docker', 'exec', 'rgg93839470d4-node0-1', 'sh', '-c', "ip -o -4 addr show scope global 2>/dev/null | head -1 | awk '{print $2}'"]' returned non-zero exit status 1.
QDSK_CLEANUP_FAIL node1: Command '['docker', 'exec', 'rgg93839470d4-node1-1', 'sh', '-c', "ip -o -4 addr show scope global 2>/dev/null | head -1 | awk '{print $2}'"]' returned non-zero exit status 1.
QDSK_CLEANUP_FAIL node2: Command '['docker', 'exec', 'rgg93839470d4-node2-1', 'sh', '-c', "ip -o -4 addr show scope global 2>/dev/null | head -1 | awk '{print $2}'"]' returned non-zero exit status 1.
QDSK_CLEANUP_FAIL node3: Command '['docker', 'exec', 'rgg93839470d4-node3-1', 'sh', '-c', "ip -o -4 addr show scope global 2>/dev/null | head -1 | awk '{print $2}'"]' returned non-zero exit status 1.
QDSK_CLEANUP_FAIL node4: Command '['docker', 'exec', 'rgg93839470d4-node4-1', 'sh', '-c', "ip -o -4 addr show scope global 2>/dev/null | head -1 | awk '{print $2}'"]' returned non-zero exit status 1.
QDSK_CLEANUP_FAIL node5: Command '['docker', 'exec', 'rgg93839470d4-node5-1', 'sh', '-c', "ip -o -4 addr show scope global 2>/dev/null | head -1 | awk '{print $2}'"]' returned non-zero exit status 1.
QDSK_CLEANUP_FAIL node6: Command '['docker', 'exec', 'rgg93839470d4-node6-1', 'sh', '-c', "ip -o -4 addr show scope global 2>/dev/null | head -1 | awk '{print $2}'"]' returned non-zero exit status 1.
QDSK_CLEANUP_FAIL node7: Command '['docker', 'exec', 'rgg93839470d4-node7-1', 'sh', '-c', "ip -o -4 addr show scope global 2>/dev/null | head -1 | awk '{print $2}'"]' returned non-zero exit status 1.
QDSK_CLEANUP_FAIL node8: Command '['docker', 'exec', 'rgg93839470d4-node8-1', 'sh', '-c', "ip -o -4 addr show scope global 2>/dev/null | head -1 | awk '{print $2}'"]' returned non-zero exit status 1.
QDSK_CLEANUP_FAIL node9: Command '['docker', 'exec', 'rgg93839470d4-node9-1', 'sh', '-c', "ip -o -4 addr show scope global 2>/dev/null | head -1 | awk '{print $2}'"]' returned non-zero exit status 1.
QDSK_CLEANUP_FAIL node10: Command '['docker', 'exec', 'rgg93839470d4-node10-1', 'sh', '-c', "ip -o -4 addr show scope global 2>/dev/null | head -1 | awk '{print $2}'"]' returned non-zero exit status 1.
QDSK_CLEANUP_FAIL node11: Command '['docker', 'exec', 'rgg93839470d4-node11-1', 'sh', '-c', "ip -o -4 addr show scope global 2>/dev/null | head -1 | awk '{print $2}'"]' returned non-zero exit status 1.
QDSK_CLEANUP_FAIL node12: Command '['docker', 'exec', 'rgg93839470d4-node12-1', 'sh', '-c', "ip -o -4 addr show scope global 2>/dev/null | head -1 | awk '{print $2}'"]' returned non-zero exit status 1.
QDSK_CLEANUP_FAIL node13: Command '['docker', 'exec', 'rgg93839470d4-node13-1', 'sh', '-c', "ip -o -4 addr show scope global 2>/dev/null | head -1 | awk '{print $2}'"]' returned non-zero exit status 1.
QDSK_CLEANUP_FAIL node14: Command '['docker', 'exec', 'rgg93839470d4-node14-1', 'sh', '-c', "ip -o -4 addr show scope global 2>/dev/null | head -1 | awk '{print $2}'"]' returned non-zero exit status 1.
QDSK_CLEANUP_FAIL node15: Command '['docker', 'exec', 'rgg93839470d4-node15-1', 'sh', '-c', "ip -o -4 addr show scope global 2>/dev/null | head -1 | awk '{print $2}'"]' returned non-zero exit status 1.
