 Network rgg093515dd56_default Creating 
 Network rgg093515dd56_default Created 
 Container rgg093515dd56-collector-1 Creating 
 Container rgg093515dd56-collector-1 Created 
 Container rgg093515dd56-node8-1 Creating 
 Container rgg093515dd56-node2-1 Creating 
 Container rgg093515dd56-node13-1 Creating 
 Container rgg093515dd56-node6-1 Creating 
 Container rgg093515dd56-node14-1 Creating 
 Container rgg093515dd56-node15-1 Creating 
 Container rgg093515dd56-node11-1 Creating 
 Container rgg093515dd56-node9-1 Creating 
 Container rgg093515dd56-node3-1 Creating 
 Container rgg093515dd56-node0-1 Creating 
 Container rgg093515dd56-node12-1 Creating 
 Container rgg093515dd56-node4-1 Creating 
 Container rgg093515dd56-node5-1 Creating 
 Container rgg093515dd56-node7-1 Creating 
 Container rgg093515dd56-node1-1 Creating 
 Container rgg093515dd56-node10-1 Creating 
 Container rgg093515dd56-node8-1 Created 
 Container rgg093515dd56-node4-1 Created 
 Container rgg093515dd56-node9-1 Created 
 Container rgg093515dd56-node2-1 Created 
 Container rgg093515dd56-node11-1 Created 
 Container rgg093515dd56-node6-1 Created 
 Container rgg093515dd56-node7-1 Created 
 Container rgg093515dd56-node12-1 Created 
 Container rgg093515dd56-node1-1 Created 
 Container rgg093515dd56-node3-1 Created 
 Container rgg093515dd56-node10-1 Created 
 Container rgg093515dd56-node5-1 Created 
 Container rgg093515dd56-node14-1 Created 
 Container rgg093515dd56-node13-1 Created 
 Container rgg093515dd56-node0-1 Created 
 Container rgg093515dd56-node15-1 Created 
 Container rgg093515dd56-collector-1 Starting 
 Container rgg093515dd56-collector-1 Started 
 Container rgg093515dd56-node3-1 Starting 
 Container rgg093515dd56-node13-1 Starting 
 Container rgg093515dd56-node2-1 Starting 
 Container rgg093515dd56-node6-1 Starting 
 Container rgg093515dd56-node5-1 Starting 
 Container rgg093515dd56-node14-1 Starting 
 Container rgg093515dd56-node7-1 Starting 
 Container rgg093515dd56-node0-1 Starting 
 Container rgg093515dd56-node12-1 Starting 
 Container rgg093515dd56-node8-1 Starting 
 Container rgg093515dd56-node11-1 Starting 
 Container rgg093515dd56-node4-1 Starting 
 Container rgg093515dd56-node9-1 Starting 
 Container rgg093515dd56-node1-1 Starting 
 Container rgg093515dd56-node10-1 Starting 
 Container rgg093515dd56-node15-1 Starting 
 Container rgg093515dd56-node2-1 Started 
 Container rgg093515dd56-node0-1 Started 
 Container rgg093515dd56-node4-1 Started 
 Container rgg093515dd56-node8-1 Started 
 Container rgg093515dd56-node3-1 Started 
 Container rgg093515dd56-node13-1 Started 
 Container rgg093515dd56-node10-1 Started 
 Container rgg093515dd56-node9-1 Started 
 Container rgg093515dd56-node15-1 Started 
 Container rgg093515dd56-node6-1 Started 
 Container rgg093515dd56-node14-1 Started 
 Container rgg093515dd56-node12-1 Started 
 Container rgg093515dd56-node5-1 Started 
 Container rgg093515dd56-node11-1 Started 
 Container rgg093515dd56-node7-1 Started 
 Container rgg093515dd56-node1-1 Started 
NETEM_APPLIED node0 iface=eth0: qdisc netem 8641: root refcnt 17 limit 1000 delay 50ms  10ms seed 3986322411853423706
NETEM_APPLIED node1 iface=eth0: qdisc netem 8642: root refcnt 17 limit 1000 delay 50ms  10ms seed 17178456957823823981
NETEM_APPLIED node2 iface=eth0: qdisc netem 8643: root refcnt 17 limit 1000 delay 50ms  10ms seed 2938580156585375760
NETEM_APPLIED node3 iface=eth0: qdisc netem 8644: root refcnt 17 limit 1000 delay 50ms  10ms seed 13935118225117921999
NETEM_APPLIED node4 iface=eth0: qdisc netem 8645: root refcnt 17 limit 1000 delay 50ms  10ms seed 16193443188399603337
NETEM_APPLIED node5 iface=eth0: qdisc netem 8646: root refcnt 17 limit 1000 delay 50ms  10ms seed 831458122156082824
NETEM_APPLIED node6 iface=eth0: qdisc netem 8647: root refcnt 17 limit 1000 delay 50ms  10ms seed 10945999977535587912
NETEM_APPLIED node7 iface=eth0: qdisc netem 8648: root refcnt 17 limit 1000 delay 50ms  10ms seed 10584996696194970713
NETEM_APPLIED node8 iface=eth0: qdisc netem 8649: root refcnt 17 limit 1000 delay 50ms  10ms seed 17234022847767436590
NETEM_APPLIED node9 iface=eth0: qdisc netem 864a: root refcnt 17 limit 1000 delay 50ms  10ms seed 8877960307090184093
NETEM_APPLIED node10 iface=eth0: qdisc netem 864b: root refcnt 17 limit 1000 delay 50ms  10ms seed 13007477513261523249
NETEM_APPLIED node11 iface=eth0: qdisc netem 864c: root refcnt 17 limit 1000 delay 50ms  10ms seed 3025037315650499772
NETEM_APPLIED node12 iface=eth0: qdisc netem 864d: root refcnt 17 limit 1000 delay 50ms  10ms seed 357547960608315868
NETEM_APPLIED node13 iface=eth0: qdisc netem 864e: root refcnt 17 limit 1000 delay 50ms  10ms seed 14429837273115212742
NETEM_APPLIED node14 iface=eth0: qdisc netem 864f: root refcnt 17 limit 1000 delay 50ms  10ms seed 17836328759443221281
NETEM_APPLIED node15 iface=eth0: qdisc netem 8650: root refcnt 17 limit 1000 delay 50ms  10ms seed 3235191252204621154
NETEM_RTT_GATE OK: baseline=0.1ms actual=104.7ms increase=104.6ms
DRIVER_STARTED: 2026-07-15T06:37:27Z
0
QDSK_CLEANUP_FAIL node0: Command '['docker', 'exec', 'rgg093515dd56-node0-1', 'sh', '-c', "ip -o -4 addr show scope global 2>/dev/null | head -1 | awk '{print $2}'"]' returned non-zero exit status 1.
QDSK_CLEANUP_FAIL node1: Command '['docker', 'exec', 'rgg093515dd56-node1-1', 'sh', '-c', "ip -o -4 addr show scope global 2>/dev/null | head -1 | awk '{print $2}'"]' returned non-zero exit status 1.
QDSK_CLEANUP_FAIL node2: Command '['docker', 'exec', 'rgg093515dd56-node2-1', 'sh', '-c', "ip -o -4 addr show scope global 2>/dev/null | head -1 | awk '{print $2}'"]' returned non-zero exit status 1.
QDSK_CLEANUP_FAIL node3: Command '['docker', 'exec', 'rgg093515dd56-node3-1', 'sh', '-c', "ip -o -4 addr show scope global 2>/dev/null | head -1 | awk '{print $2}'"]' returned non-zero exit status 1.
QDSK_CLEANUP_FAIL node4: Command '['docker', 'exec', 'rgg093515dd56-node4-1', 'sh', '-c', "ip -o -4 addr show scope global 2>/dev/null | head -1 | awk '{print $2}'"]' returned non-zero exit status 1.
QDSK_CLEANUP_FAIL node5: Command '['docker', 'exec', 'rgg093515dd56-node5-1', 'sh', '-c', "ip -o -4 addr show scope global 2>/dev/null | head -1 | awk '{print $2}'"]' returned non-zero exit status 1.
QDSK_CLEANUP_FAIL node6: Command '['docker', 'exec', 'rgg093515dd56-node6-1', 'sh', '-c', "ip -o -4 addr show scope global 2>/dev/null | head -1 | awk '{print $2}'"]' returned non-zero exit status 1.
QDSK_CLEANUP_FAIL node7: Command '['docker', 'exec', 'rgg093515dd56-node7-1', 'sh', '-c', "ip -o -4 addr show scope global 2>/dev/null | head -1 | awk '{print $2}'"]' returned non-zero exit status 1.
QDSK_CLEANUP_FAIL node8: Command '['docker', 'exec', 'rgg093515dd56-node8-1', 'sh', '-c', "ip -o -4 addr show scope global 2>/dev/null | head -1 | awk '{print $2}'"]' returned non-zero exit status 1.
QDSK_CLEANUP_FAIL node9: Command '['docker', 'exec', 'rgg093515dd56-node9-1', 'sh', '-c', "ip -o -4 addr show scope global 2>/dev/null | head -1 | awk '{print $2}'"]' returned non-zero exit status 1.
QDSK_CLEANUP_FAIL node10: Command '['docker', 'exec', 'rgg093515dd56-node10-1', 'sh', '-c', "ip -o -4 addr show scope global 2>/dev/null | head -1 | awk '{print $2}'"]' returned non-zero exit status 1.
QDSK_CLEANUP_FAIL node11: Command '['docker', 'exec', 'rgg093515dd56-node11-1', 'sh', '-c', "ip -o -4 addr show scope global 2>/dev/null | head -1 | awk '{print $2}'"]' returned non-zero exit status 1.
QDSK_CLEANUP_FAIL node12: Command '['docker', 'exec', 'rgg093515dd56-node12-1', 'sh', '-c', "ip -o -4 addr show scope global 2>/dev/null | head -1 | awk '{print $2}'"]' returned non-zero exit status 1.
QDSK_CLEANUP_FAIL node13: Command '['docker', 'exec', 'rgg093515dd56-node13-1', 'sh', '-c', "ip -o -4 addr show scope global 2>/dev/null | head -1 | awk '{print $2}'"]' returned non-zero exit status 1.
QDSK_CLEANUP_FAIL node14: Command '['docker', 'exec', 'rgg093515dd56-node14-1', 'sh', '-c', "ip -o -4 addr show scope global 2>/dev/null | head -1 | awk '{print $2}'"]' returned non-zero exit status 1.
QDSK_CLEANUP_FAIL node15: Command '['docker', 'exec', 'rgg093515dd56-node15-1', 'sh', '-c', "ip -o -4 addr show scope global 2>/dev/null | head -1 | awk '{print $2}'"]' returned non-zero exit status 1.
