 Network rggac6a42a367_default Creating 
 Network rggac6a42a367_default Created 
 Container rggac6a42a367-collector-1 Creating 
 Container rggac6a42a367-collector-1 Created 
 Container rggac6a42a367-node18-1 Creating 
 Container rggac6a42a367-node22-1 Creating 
 Container rggac6a42a367-node11-1 Creating 
 Container rggac6a42a367-node6-1 Creating 
 Container rggac6a42a367-node8-1 Creating 
 Container rggac6a42a367-node23-1 Creating 
 Container rggac6a42a367-node7-1 Creating 
 Container rggac6a42a367-node20-1 Creating 
 Container rggac6a42a367-node12-1 Creating 
 Container rggac6a42a367-node17-1 Creating 
 Container rggac6a42a367-node3-1 Creating 
 Container rggac6a42a367-node15-1 Creating 
 Container rggac6a42a367-node19-1 Creating 
 Container rggac6a42a367-node2-1 Creating 
 Container rggac6a42a367-node10-1 Creating 
 Container rggac6a42a367-node21-1 Creating 
 Container rggac6a42a367-node13-1 Creating 
 Container rggac6a42a367-node16-1 Creating 
 Container rggac6a42a367-node14-1 Creating 
 Container rggac6a42a367-node1-1 Creating 
 Container rggac6a42a367-node5-1 Creating 
 Container rggac6a42a367-node9-1 Creating 
 Container rggac6a42a367-node0-1 Creating 
 Container rggac6a42a367-node4-1 Creating 
 Container rggac6a42a367-node14-1 Created 
 Container rggac6a42a367-node18-1 Created 
 Container rggac6a42a367-node22-1 Created 
 Container rggac6a42a367-node12-1 Created 
 Container rggac6a42a367-node19-1 Created 
 Container rggac6a42a367-node10-1 Created 
 Container rggac6a42a367-node20-1 Created 
 Container rggac6a42a367-node16-1 Created 
 Container rggac6a42a367-node4-1 Created 
 Container rggac6a42a367-node9-1 Created 
 Container rggac6a42a367-node21-1 Created 
 Container rggac6a42a367-node1-1 Created 
 Container rggac6a42a367-node2-1 Created 
 Container rggac6a42a367-node23-1 Created 
 Container rggac6a42a367-node5-1 Created 
 Container rggac6a42a367-node15-1 Created 
 Container rggac6a42a367-node17-1 Created 
 Container rggac6a42a367-node0-1 Created 
 Container rggac6a42a367-node11-1 Created 
 Container rggac6a42a367-node8-1 Created 
 Container rggac6a42a367-node13-1 Created 
 Container rggac6a42a367-node6-1 Created 
 Container rggac6a42a367-node3-1 Created 
 Container rggac6a42a367-node7-1 Created 
 Container rggac6a42a367-driver-1 Creating 
 Container rggac6a42a367-driver-1 Created 
 Container rggac6a42a367-collector-1 Starting 
 Container rggac6a42a367-collector-1 Started 
 Container rggac6a42a367-node22-1 Starting 
 Container rggac6a42a367-node2-1 Starting 
 Container rggac6a42a367-node11-1 Starting 
 Container rggac6a42a367-node18-1 Starting 
 Container rggac6a42a367-node19-1 Starting 
 Container rggac6a42a367-node17-1 Starting 
 Container rggac6a42a367-node15-1 Starting 
 Container rggac6a42a367-node21-1 Starting 
 Container rggac6a42a367-node16-1 Starting 
 Container rggac6a42a367-node20-1 Starting 
 Container rggac6a42a367-node4-1 Starting 
 Container rggac6a42a367-node10-1 Starting 
 Container rggac6a42a367-node9-1 Starting 
 Container rggac6a42a367-node14-1 Starting 
 Container rggac6a42a367-node8-1 Starting 
 Container rggac6a42a367-node12-1 Starting 
 Container rggac6a42a367-node0-1 Starting 
 Container rggac6a42a367-node13-1 Starting 
 Container rggac6a42a367-node7-1 Starting 
 Container rggac6a42a367-node23-1 Starting 
 Container rggac6a42a367-node5-1 Starting 
 Container rggac6a42a367-node1-1 Starting 
 Container rggac6a42a367-node3-1 Starting 
 Container rggac6a42a367-node6-1 Starting 
 Container rggac6a42a367-node13-1 Started 
 Container rggac6a42a367-node12-1 Started 
 Container rggac6a42a367-node18-1 Started 
 Container rggac6a42a367-node17-1 Started 
 Container rggac6a42a367-node0-1 Started 
 Container rggac6a42a367-node9-1 Started 
 Container rggac6a42a367-node2-1 Started 
 Container rggac6a42a367-node22-1 Started 
 Container rggac6a42a367-node14-1 Started 
 Container rggac6a42a367-node19-1 Started 
 Container rggac6a42a367-node16-1 Started 
 Container rggac6a42a367-node20-1 Started 
 Container rggac6a42a367-node23-1 Started 
 Container rggac6a42a367-node3-1 Started 
 Container rggac6a42a367-node6-1 Started 
 Container rggac6a42a367-node21-1 Started 
 Container rggac6a42a367-node8-1 Started 
 Container rggac6a42a367-node7-1 Started 
 Container rggac6a42a367-node4-1 Started 
 Container rggac6a42a367-node5-1 Started 
 Container rggac6a42a367-node1-1 Started 
 Container rggac6a42a367-node11-1 Started 
 Container rggac6a42a367-node15-1 Started 
 Container rggac6a42a367-node10-1 Started 
 Container rggac6a42a367-driver-1 Starting 
 Container rggac6a42a367-driver-1 Started 
0
