 Network rgg8fa7319072_default Creating 
 Network rgg8fa7319072_default Created 
 Container rgg8fa7319072-collector-1 Creating 
 Container rgg8fa7319072-collector-1 Created 
 Container rgg8fa7319072-node4-1 Creating 
 Container rgg8fa7319072-node11-1 Creating 
 Container rgg8fa7319072-node9-1 Creating 
 Container rgg8fa7319072-node2-1 Creating 
 Container rgg8fa7319072-node1-1 Creating 
 Container rgg8fa7319072-node12-1 Creating 
 Container rgg8fa7319072-node5-1 Creating 
 Container rgg8fa7319072-node10-1 Creating 
 Container rgg8fa7319072-node6-1 Creating 
 Container rgg8fa7319072-node3-1 Creating 
 Container rgg8fa7319072-node13-1 Creating 
 Container rgg8fa7319072-node7-1 Creating 
 Container rgg8fa7319072-node14-1 Creating 
 Container rgg8fa7319072-node0-1 Creating 
 Container rgg8fa7319072-node15-1 Creating 
 Container rgg8fa7319072-node8-1 Creating 
 Container rgg8fa7319072-node1-1 Created 
 Container rgg8fa7319072-node4-1 Created 
 Container rgg8fa7319072-node6-1 Created 
 Container rgg8fa7319072-node15-1 Created 
 Container rgg8fa7319072-node11-1 Created 
 Container rgg8fa7319072-node13-1 Created 
 Container rgg8fa7319072-node3-1 Created 
 Container rgg8fa7319072-node10-1 Created 
 Container rgg8fa7319072-node9-1 Created 
 Container rgg8fa7319072-node0-1 Created 
 Container rgg8fa7319072-node7-1 Created 
 Container rgg8fa7319072-node8-1 Created 
 Container rgg8fa7319072-node12-1 Created 
 Container rgg8fa7319072-node14-1 Created 
 Container rgg8fa7319072-node2-1 Created 
 Container rgg8fa7319072-node5-1 Created 
 Container rgg8fa7319072-driver-1 Creating 
 Container rgg8fa7319072-driver-1 Created 
 Container rgg8fa7319072-collector-1 Starting 
 Container rgg8fa7319072-collector-1 Started 
 Container rgg8fa7319072-node4-1 Starting 
 Container rgg8fa7319072-node13-1 Starting 
 Container rgg8fa7319072-node15-1 Starting 
 Container rgg8fa7319072-node11-1 Starting 
 Container rgg8fa7319072-node8-1 Starting 
 Container rgg8fa7319072-node7-1 Starting 
 Container rgg8fa7319072-node0-1 Starting 
 Container rgg8fa7319072-node14-1 Starting 
 Container rgg8fa7319072-node6-1 Starting 
 Container rgg8fa7319072-node2-1 Starting 
 Container rgg8fa7319072-node1-1 Starting 
 Container rgg8fa7319072-node10-1 Starting 
 Container rgg8fa7319072-node12-1 Starting 
 Container rgg8fa7319072-node9-1 Starting 
 Container rgg8fa7319072-node3-1 Starting 
 Container rgg8fa7319072-node5-1 Starting 
 Container rgg8fa7319072-node8-1 Started 
 Container rgg8fa7319072-node4-1 Started 
 Container rgg8fa7319072-node0-1 Started 
 Container rgg8fa7319072-node5-1 Started 
 Container rgg8fa7319072-node13-1 Started 
 Container rgg8fa7319072-node2-1 Started 
 Container rgg8fa7319072-node1-1 Started 
 Container rgg8fa7319072-node11-1 Started 
 Container rgg8fa7319072-node7-1 Started 
 Container rgg8fa7319072-node6-1 Started 
 Container rgg8fa7319072-node14-1 Started 
 Container rgg8fa7319072-node10-1 Started 
 Container rgg8fa7319072-node12-1 Started 
 Container rgg8fa7319072-node3-1 Started 
 Container rgg8fa7319072-node9-1 Started 
 Container rgg8fa7319072-node15-1 Started 
 Container rgg8fa7319072-driver-1 Starting 
 Container rgg8fa7319072-driver-1 Started 
0
