Preparing 4 committee slots (excluded from metrics)
Running 33 measured workflows at concurrency 4
Progress: 1/33
Progress: 2/33
Progress: 3/33
Progress: 4/33
Progress: 5/33
Progress: 6/33
Progress: 7/33
Progress: 8/33
Progress: 9/33
Progress: 10/33
Progress: 11/33
Progress: 12/33
Progress: 13/33
Progress: 14/33
Progress: 15/33
Progress: 16/33
Progress: 17/33
Progress: 18/33
Progress: 19/33
Progress: 20/33
Progress: 21/33
Progress: 22/33
Progress: 23/33
Progress: 24/33
Progress: 25/33
Progress: 26/33
Progress: 27/33
Progress: 28/33
Progress: 29/33
Progress: 30/33
Progress: 31/33
Progress: 32/33
Progress: 33/33
{
  "operation_count": 330,
  "successful_operations": 330,
  "failed_operations": 0,
  "workflow_count": 33,
  "successful_workflows": 33,
  "failed_workflows": 0,
  "workflow_success_rate": 1.0,
  "measurement_duration_ms": 137091,
  "workflow_throughput_per_s": 0.24071602074534432,
  "per_operation": {
    "fabric_post_allocation": {
      "count": 33,
      "success_count": 33,
      "failure_count": 0,
      "p50_ms": 2293,
      "p95_ms": 2539,
      "p99_ms": 2540
    },
    "fabric_post_snapshot": {
      "count": 33,
      "success_count": 33,
      "failure_count": 0,
      "p50_ms": 2427,
      "p95_ms": 2479,
      "p99_ms": 2479
    },
    "fabric_post_task": {
      "count": 33,
      "success_count": 33,
      "failure_count": 0,
      "p50_ms": 2415,
      "p95_ms": 2453,
      "p99_ms": 2470
    },
    "fabric_query_confirmation": {
      "count": 33,
      "success_count": 33,
      "failure_count": 0,
      "p50_ms": 313,
      "p95_ms": 342,
      "p99_ms": 342
    },
    "fabric_query_final": {
      "count": 33,
      "success_count": 33,
      "failure_count": 0,
      "p50_ms": 591,
      "p95_ms": 768,
      "p99_ms": 770
    },
    "fabric_settlement": {
      "count": 33,
      "success_count": 33,
      "failure_count": 0,
      "p50_ms": 2446,
      "p95_ms": 2487,
      "p99_ms": 2488
    },
    "fabric_vote_1": {
      "count": 33,
      "success_count": 33,
      "failure_count": 0,
      "p50_ms": 2264,
      "p95_ms": 2448,
      "p99_ms": 2449
    },
    "fabric_vote_2": {
      "count": 33,
      "success_count": 33,
      "failure_count": 0,
      "p50_ms": 2433,
      "p95_ms": 2447,
      "p99_ms": 2447
    },
    "ipfs_add": {
      "count": 33,
      "success_count": 33,
      "failure_count": 0,
      "p50_ms": 59,
      "p95_ms": 86,
      "p99_ms": 87
    },
    "ipfs_verify": {
      "count": 33,
      "success_count": 33,
      "failure_count": 0,
      "p50_ms": 8,
      "p95_ms": 13,
      "p99_ms": 17
    }
  },
  "evidence_record_count": 2062,
  "evidence_record_throughput_per_s": 15.041104084148484
}
Results: /mnt/c/Users/guan/Desktop/zte-sci/experiments/exp-local/results/b2-replay-formal-20260705T160000Z/b2-c4-r3/fabric/b2-fabric-c4-r3
