 Network rggd2591ab4fa_default Creating 
 Network rggd2591ab4fa_default Created 
 Container rggd2591ab4fa-collector-1 Creating 
 Container rggd2591ab4fa-collector-1 Created 
 Container rggd2591ab4fa-node8-1 Creating 
 Container rggd2591ab4fa-node10-1 Creating 
 Container rggd2591ab4fa-node5-1 Creating 
 Container rggd2591ab4fa-node15-1 Creating 
 Container rggd2591ab4fa-node7-1 Creating 
 Container rggd2591ab4fa-node6-1 Creating 
 Container rggd2591ab4fa-node4-1 Creating 
 Container rggd2591ab4fa-node14-1 Creating 
 Container rggd2591ab4fa-node13-1 Creating 
 Container rggd2591ab4fa-node11-1 Creating 
 Container rggd2591ab4fa-node9-1 Creating 
 Container rggd2591ab4fa-node2-1 Creating 
 Container rggd2591ab4fa-node0-1 Creating 
 Container rggd2591ab4fa-node3-1 Creating 
 Container rggd2591ab4fa-node12-1 Creating 
 Container rggd2591ab4fa-node1-1 Creating 
 Container rggd2591ab4fa-node8-1 Created 
 Container rggd2591ab4fa-node4-1 Created 
 Container rggd2591ab4fa-node6-1 Created 
 Container rggd2591ab4fa-node14-1 Created 
 Container rggd2591ab4fa-node5-1 Created 
 Container rggd2591ab4fa-node2-1 Created 
 Container rggd2591ab4fa-node9-1 Created 
 Container rggd2591ab4fa-node11-1 Created 
 Container rggd2591ab4fa-node7-1 Created 
 Container rggd2591ab4fa-node13-1 Created 
 Container rggd2591ab4fa-node3-1 Created 
 Container rggd2591ab4fa-node10-1 Created 
 Container rggd2591ab4fa-node12-1 Created 
 Container rggd2591ab4fa-node15-1 Created 
 Container rggd2591ab4fa-node1-1 Created 
 Container rggd2591ab4fa-node0-1 Created 
 Container rggd2591ab4fa-collector-1 Starting 
 Container rggd2591ab4fa-collector-1 Started 
 Container rggd2591ab4fa-node10-1 Starting 
 Container rggd2591ab4fa-node2-1 Starting 
 Container rggd2591ab4fa-node13-1 Starting 
 Container rggd2591ab4fa-node6-1 Starting 
 Container rggd2591ab4fa-node12-1 Starting 
 Container rggd2591ab4fa-node11-1 Starting 
 Container rggd2591ab4fa-node14-1 Starting 
 Container rggd2591ab4fa-node5-1 Starting 
 Container rggd2591ab4fa-node0-1 Starting 
 Container rggd2591ab4fa-node15-1 Starting 
 Container rggd2591ab4fa-node1-1 Starting 
 Container rggd2591ab4fa-node7-1 Starting 
 Container rggd2591ab4fa-node9-1 Starting 
 Container rggd2591ab4fa-node4-1 Starting 
 Container rggd2591ab4fa-node8-1 Starting 
 Container rggd2591ab4fa-node3-1 Starting 
 Container rggd2591ab4fa-node13-1 Started 
 Container rggd2591ab4fa-node2-1 Started 
 Container rggd2591ab4fa-node4-1 Started 
 Container rggd2591ab4fa-node12-1 Started 
 Container rggd2591ab4fa-node9-1 Started 
 Container rggd2591ab4fa-node1-1 Started 
 Container rggd2591ab4fa-node0-1 Started 
 Container rggd2591ab4fa-node6-1 Started 
 Container rggd2591ab4fa-node8-1 Started 
 Container rggd2591ab4fa-node5-1 Started 
 Container rggd2591ab4fa-node14-1 Started 
 Container rggd2591ab4fa-node3-1 Started 
 Container rggd2591ab4fa-node10-1 Started 
 Container rggd2591ab4fa-node11-1 Started 
 Container rggd2591ab4fa-node15-1 Started 
 Container rggd2591ab4fa-node7-1 Started 
DRIVER_STARTED: 2026-07-15T04:55:31Z
0
