 Network rggc4d561f86f_default Creating 
 Network rggc4d561f86f_default Created 
 Container rggc4d561f86f-collector-1 Creating 
 Container rggc4d561f86f-collector-1 Created 
 Container rggc4d561f86f-node9-1 Creating 
 Container rggc4d561f86f-node5-1 Creating 
 Container rggc4d561f86f-node2-1 Creating 
 Container rggc4d561f86f-node7-1 Creating 
 Container rggc4d561f86f-node4-1 Creating 
 Container rggc4d561f86f-node15-1 Creating 
 Container rggc4d561f86f-node8-1 Creating 
 Container rggc4d561f86f-node3-1 Creating 
 Container rggc4d561f86f-node13-1 Creating 
 Container rggc4d561f86f-node11-1 Creating 
 Container rggc4d561f86f-node12-1 Creating 
 Container rggc4d561f86f-node10-1 Creating 
 Container rggc4d561f86f-node0-1 Creating 
 Container rggc4d561f86f-node1-1 Creating 
 Container rggc4d561f86f-node6-1 Creating 
 Container rggc4d561f86f-node14-1 Creating 
 Container rggc4d561f86f-node5-1 Created 
 Container rggc4d561f86f-node11-1 Created 
 Container rggc4d561f86f-node8-1 Created 
 Container rggc4d561f86f-node13-1 Created 
 Container rggc4d561f86f-node9-1 Created 
 Container rggc4d561f86f-node12-1 Created 
 Container rggc4d561f86f-node3-1 Created 
 Container rggc4d561f86f-node14-1 Created 
 Container rggc4d561f86f-node2-1 Created 
 Container rggc4d561f86f-node4-1 Created 
 Container rggc4d561f86f-node1-1 Created 
 Container rggc4d561f86f-node6-1 Created 
 Container rggc4d561f86f-node15-1 Created 
 Container rggc4d561f86f-node7-1 Created 
 Container rggc4d561f86f-node0-1 Created 
 Container rggc4d561f86f-node10-1 Created 
 Container rggc4d561f86f-driver-1 Creating 
 Container rggc4d561f86f-driver-1 Created 
 Container rggc4d561f86f-collector-1 Starting 
 Container rggc4d561f86f-collector-1 Started 
 Container rggc4d561f86f-node10-1 Starting 
 Container rggc4d561f86f-node7-1 Starting 
 Container rggc4d561f86f-node4-1 Starting 
 Container rggc4d561f86f-node12-1 Starting 
 Container rggc4d561f86f-node9-1 Starting 
 Container rggc4d561f86f-node1-1 Starting 
 Container rggc4d561f86f-node11-1 Starting 
 Container rggc4d561f86f-node13-1 Starting 
 Container rggc4d561f86f-node6-1 Starting 
 Container rggc4d561f86f-node3-1 Starting 
 Container rggc4d561f86f-node5-1 Starting 
 Container rggc4d561f86f-node14-1 Starting 
 Container rggc4d561f86f-node2-1 Starting 
 Container rggc4d561f86f-node15-1 Starting 
 Container rggc4d561f86f-node0-1 Starting 
 Container rggc4d561f86f-node8-1 Starting 
 Container rggc4d561f86f-node12-1 Started 
 Container rggc4d561f86f-node1-1 Started 
 Container rggc4d561f86f-node11-1 Started 
 Container rggc4d561f86f-node14-1 Started 
 Container rggc4d561f86f-node8-1 Started 
 Container rggc4d561f86f-node4-1 Started 
 Container rggc4d561f86f-node10-1 Started 
 Container rggc4d561f86f-node7-1 Started 
 Container rggc4d561f86f-node5-1 Started 
 Container rggc4d561f86f-node2-1 Started 
 Container rggc4d561f86f-node0-1 Started 
 Container rggc4d561f86f-node6-1 Started 
 Container rggc4d561f86f-node3-1 Started 
 Container rggc4d561f86f-node9-1 Started 
 Container rggc4d561f86f-node13-1 Started 
 Container rggc4d561f86f-node15-1 Started 
 Container rggc4d561f86f-driver-1 Starting 
 Container rggc4d561f86f-driver-1 Started 
0
