 Network rgga399f80f5c_default Creating 
 Network rgga399f80f5c_default Created 
 Container rgga399f80f5c-collector-1 Creating 
 Container rgga399f80f5c-collector-1 Created 
 Container rgga399f80f5c-node13-1 Creating 
 Container rgga399f80f5c-node1-1 Creating 
 Container rgga399f80f5c-node14-1 Creating 
 Container rgga399f80f5c-node16-1 Creating 
 Container rgga399f80f5c-node15-1 Creating 
 Container rgga399f80f5c-node17-1 Creating 
 Container rgga399f80f5c-node18-1 Creating 
 Container rgga399f80f5c-node4-1 Creating 
 Container rgga399f80f5c-node9-1 Creating 
 Container rgga399f80f5c-node0-1 Creating 
 Container rgga399f80f5c-node19-1 Creating 
 Container rgga399f80f5c-node3-1 Creating 
 Container rgga399f80f5c-node11-1 Creating 
 Container rgga399f80f5c-node5-1 Creating 
 Container rgga399f80f5c-node8-1 Creating 
 Container rgga399f80f5c-node7-1 Creating 
 Container rgga399f80f5c-node20-1 Creating 
 Container rgga399f80f5c-node21-1 Creating 
 Container rgga399f80f5c-node6-1 Creating 
 Container rgga399f80f5c-node12-1 Creating 
 Container rgga399f80f5c-node10-1 Creating 
 Container rgga399f80f5c-node22-1 Creating 
 Container rgga399f80f5c-node23-1 Creating 
 Container rgga399f80f5c-node2-1 Creating 
 Container rgga399f80f5c-node1-1 Created 
 Container rgga399f80f5c-node11-1 Created 
 Container rgga399f80f5c-node17-1 Created 
 Container rgga399f80f5c-node2-1 Created 
 Container rgga399f80f5c-node12-1 Created 
 Container rgga399f80f5c-node7-1 Created 
 Container rgga399f80f5c-node21-1 Created 
 Container rgga399f80f5c-node6-1 Created 
 Container rgga399f80f5c-node14-1 Created 
 Container rgga399f80f5c-node4-1 Created 
 Container rgga399f80f5c-node13-1 Created 
 Container rgga399f80f5c-node9-1 Created 
 Container rgga399f80f5c-node8-1 Created 
 Container rgga399f80f5c-node15-1 Created 
 Container rgga399f80f5c-node19-1 Created 
 Container rgga399f80f5c-node10-1 Created 
 Container rgga399f80f5c-node23-1 Created 
 Container rgga399f80f5c-node5-1 Created 
 Container rgga399f80f5c-node18-1 Created 
 Container rgga399f80f5c-node16-1 Created 
 Container rgga399f80f5c-node22-1 Created 
 Container rgga399f80f5c-node3-1 Created 
 Container rgga399f80f5c-node0-1 Created 
 Container rgga399f80f5c-node20-1 Created 
 Container rgga399f80f5c-collector-1 Starting 
 Container rgga399f80f5c-collector-1 Started 
 Container rgga399f80f5c-node14-1 Starting 
 Container rgga399f80f5c-node13-1 Starting 
 Container rgga399f80f5c-node12-1 Starting 
 Container rgga399f80f5c-node18-1 Starting 
 Container rgga399f80f5c-node11-1 Starting 
 Container rgga399f80f5c-node7-1 Starting 
 Container rgga399f80f5c-node4-1 Starting 
 Container rgga399f80f5c-node16-1 Starting 
 Container rgga399f80f5c-node15-1 Starting 
 Container rgga399f80f5c-node6-1 Starting 
 Container rgga399f80f5c-node10-1 Starting 
 Container rgga399f80f5c-node22-1 Starting 
 Container rgga399f80f5c-node17-1 Starting 
 Container rgga399f80f5c-node9-1 Starting 
 Container rgga399f80f5c-node20-1 Starting 
 Container rgga399f80f5c-node21-1 Starting 
 Container rgga399f80f5c-node19-1 Starting 
 Container rgga399f80f5c-node3-1 Starting 
 Container rgga399f80f5c-node2-1 Starting 
 Container rgga399f80f5c-node23-1 Starting 
 Container rgga399f80f5c-node0-1 Starting 
 Container rgga399f80f5c-node1-1 Starting 
 Container rgga399f80f5c-node5-1 Starting 
 Container rgga399f80f5c-node8-1 Starting 
 Container rgga399f80f5c-node14-1 Started 
 Container rgga399f80f5c-node12-1 Started 
 Container rgga399f80f5c-node15-1 Started 
 Container rgga399f80f5c-node17-1 Started 
 Container rgga399f80f5c-node9-1 Started 
 Container rgga399f80f5c-node2-1 Started 
 Container rgga399f80f5c-node19-1 Started 
 Container rgga399f80f5c-node0-1 Started 
 Container rgga399f80f5c-node22-1 Started 
 Container rgga399f80f5c-node5-1 Started 
 Container rgga399f80f5c-node18-1 Started 
 Container rgga399f80f5c-node23-1 Started 
 Container rgga399f80f5c-node6-1 Started 
 Container rgga399f80f5c-node8-1 Started 
 Container rgga399f80f5c-node16-1 Started 
 Container rgga399f80f5c-node7-1 Started 
 Container rgga399f80f5c-node1-1 Started 
 Container rgga399f80f5c-node3-1 Started 
 Container rgga399f80f5c-node13-1 Started 
 Container rgga399f80f5c-node11-1 Started 
 Container rgga399f80f5c-node10-1 Started 
 Container rgga399f80f5c-node21-1 Started 
 Container rgga399f80f5c-node4-1 Started 
 Container rgga399f80f5c-node20-1 Started 
DRIVER_STARTED: 2026-07-15T05:02:20Z
0
