Preparing 4 committee slots (excluded from metrics)
Running 256 measured workflows at concurrency 4
Progress: 1/256
Progress: 2/256
Progress: 3/256
Progress: 4/256
Progress: 5/256
Progress: 6/256
Progress: 7/256
Progress: 8/256
Progress: 9/256
Progress: 10/256
Progress: 11/256
Progress: 12/256
Progress: 13/256
Progress: 14/256
Progress: 15/256
Progress: 16/256
Progress: 17/256
Progress: 18/256
Progress: 19/256
Progress: 20/256
Progress: 21/256
Progress: 22/256
Progress: 23/256
Progress: 24/256
Progress: 25/256
Progress: 26/256
Progress: 27/256
Progress: 28/256
Progress: 29/256
Progress: 30/256
Progress: 31/256
Progress: 32/256
Progress: 33/256
Progress: 34/256
Progress: 35/256
Progress: 36/256
Progress: 37/256
Progress: 38/256
Progress: 39/256
Progress: 40/256
Progress: 41/256
Progress: 42/256
Progress: 43/256
Progress: 44/256
Progress: 45/256
Progress: 46/256
Progress: 47/256
Progress: 48/256
Progress: 49/256
Progress: 50/256
Progress: 51/256
Progress: 52/256
Progress: 53/256
Progress: 54/256
Progress: 55/256
Progress: 56/256
Progress: 57/256
Progress: 58/256
Progress: 59/256
Progress: 60/256
Progress: 61/256
Progress: 62/256
Progress: 63/256
Progress: 64/256
Progress: 65/256
Progress: 66/256
Progress: 67/256
Progress: 68/256
Progress: 69/256
Progress: 70/256
Progress: 71/256
Progress: 72/256
Progress: 73/256
Progress: 74/256
Progress: 75/256
Progress: 76/256
Progress: 77/256
Progress: 78/256
Progress: 79/256
Progress: 80/256
Progress: 81/256
Progress: 82/256
Progress: 83/256
Progress: 84/256
Progress: 85/256
Progress: 86/256
Progress: 87/256
Progress: 88/256
Progress: 89/256
Progress: 90/256
Progress: 91/256
Progress: 92/256
Progress: 93/256
Progress: 94/256
Progress: 95/256
Progress: 96/256
Progress: 97/256
Progress: 98/256
Progress: 99/256
Progress: 100/256
Progress: 101/256
Progress: 102/256
Progress: 103/256
Progress: 104/256
Progress: 105/256
Progress: 106/256
Progress: 107/256
Progress: 108/256
Progress: 109/256
Progress: 110/256
Progress: 111/256
Progress: 112/256
Progress: 113/256
Progress: 114/256
Progress: 115/256
Progress: 116/256
Progress: 117/256
Progress: 118/256
Progress: 119/256
Progress: 120/256
Progress: 121/256
Progress: 122/256
Progress: 123/256
Progress: 124/256
Progress: 125/256
Progress: 126/256
Progress: 127/256
Progress: 128/256
Progress: 129/256
Progress: 130/256
Progress: 131/256
Progress: 132/256
Progress: 133/256
Progress: 134/256
Progress: 135/256
Progress: 136/256
Progress: 137/256
Progress: 138/256
Progress: 139/256
Progress: 140/256
Progress: 141/256
Progress: 142/256
Progress: 143/256
Progress: 144/256
Progress: 145/256
Progress: 146/256
Progress: 147/256
Progress: 148/256
Progress: 149/256
Progress: 150/256
Progress: 151/256
Progress: 152/256
Progress: 153/256
Progress: 154/256
Progress: 155/256
Progress: 156/256
Progress: 157/256
Progress: 158/256
Progress: 159/256
Progress: 160/256
Progress: 161/256
Progress: 162/256
Progress: 163/256
Progress: 164/256
Progress: 165/256
Progress: 166/256
Progress: 167/256
Progress: 168/256
Progress: 169/256
Progress: 170/256
Progress: 171/256
Progress: 172/256
Progress: 173/256
Progress: 174/256
Progress: 175/256
Progress: 176/256
Progress: 177/256
Progress: 178/256
Progress: 179/256
Progress: 180/256
Progress: 181/256
Progress: 182/256
Progress: 183/256
Progress: 184/256
Progress: 185/256
Progress: 186/256
Progress: 187/256
Progress: 188/256
Progress: 189/256
Progress: 190/256
Progress: 191/256
Progress: 192/256
Progress: 193/256
Progress: 194/256
Progress: 195/256
Progress: 196/256
Progress: 197/256
Progress: 198/256
Progress: 199/256
Progress: 200/256
Progress: 201/256
Progress: 202/256
Progress: 203/256
Progress: 204/256
Progress: 205/256
Progress: 206/256
Progress: 207/256
Progress: 208/256
Progress: 209/256
Progress: 210/256
Progress: 211/256
Progress: 212/256
Progress: 213/256
Progress: 214/256
Progress: 215/256
Progress: 216/256
Progress: 217/256
Progress: 218/256
Progress: 219/256
Progress: 220/256
Progress: 221/256
Progress: 222/256
Progress: 223/256
Progress: 224/256
Progress: 225/256
Progress: 226/256
Progress: 227/256
Progress: 228/256
Progress: 229/256
Progress: 230/256
Progress: 231/256
Progress: 232/256
Progress: 233/256
Progress: 234/256
Progress: 235/256
Progress: 236/256
Progress: 237/256
Progress: 238/256
Progress: 239/256
Progress: 240/256
Progress: 241/256
Progress: 242/256
Progress: 243/256
Progress: 244/256
Progress: 245/256
Progress: 246/256
Progress: 247/256
Progress: 248/256
Progress: 249/256
Progress: 250/256
Progress: 251/256
Progress: 252/256
Progress: 253/256
Progress: 254/256
Progress: 255/256
Progress: 256/256
{
  "operation_count": 2560,
  "successful_operations": 2560,
  "failed_operations": 0,
  "workflow_count": 256,
  "successful_workflows": 256,
  "failed_workflows": 0,
  "workflow_success_rate": 1.0,
  "measurement_duration_ms": 949744,
  "workflow_throughput_per_s": 0.2695463198504018,
  "per_operation": {
    "fabric_post_allocation": {
      "count": 256,
      "success_count": 256,
      "failure_count": 0,
      "p50_ms": 2328,
      "p95_ms": 2568,
      "p99_ms": 2592
    },
    "fabric_post_snapshot": {
      "count": 256,
      "success_count": 256,
      "failure_count": 0,
      "p50_ms": 2330,
      "p95_ms": 2538,
      "p99_ms": 2587
    },
    "fabric_post_task": {
      "count": 256,
      "success_count": 256,
      "failure_count": 0,
      "p50_ms": 2456,
      "p95_ms": 2811,
      "p99_ms": 2844
    },
    "fabric_query_confirmation": {
      "count": 256,
      "success_count": 256,
      "failure_count": 0,
      "p50_ms": 130,
      "p95_ms": 336,
      "p99_ms": 391
    },
    "fabric_query_final": {
      "count": 256,
      "success_count": 256,
      "failure_count": 0,
      "p50_ms": 547,
      "p95_ms": 911,
      "p99_ms": 1045
    },
    "fabric_settlement": {
      "count": 256,
      "success_count": 256,
      "failure_count": 0,
      "p50_ms": 2456,
      "p95_ms": 2658,
      "p99_ms": 2799
    },
    "fabric_vote_1": {
      "count": 256,
      "success_count": 256,
      "failure_count": 0,
      "p50_ms": 2427,
      "p95_ms": 2726,
      "p99_ms": 2843
    },
    "fabric_vote_2": {
      "count": 256,
      "success_count": 256,
      "failure_count": 0,
      "p50_ms": 2300,
      "p95_ms": 2564,
      "p99_ms": 2763
    },
    "ipfs_add": {
      "count": 256,
      "success_count": 256,
      "failure_count": 0,
      "p50_ms": 59,
      "p95_ms": 112,
      "p99_ms": 157
    },
    "ipfs_verify": {
      "count": 256,
      "success_count": 256,
      "failure_count": 0,
      "p50_ms": 7,
      "p95_ms": 10,
      "p99_ms": 12
    }
  },
  "evidence_record_count": 256,
  "evidence_record_throughput_per_s": 0.2695463198504018
}
Results: /mnt/c/Users/guan/Desktop/zte-sci/experiments/exp-local/results/b2-ablation-formal-20260705T171313Z/b2-ablation-b1-c4-r4/fabric/b2-fabric-b1-c4-r4
