Preparing 4 committee slots (excluded from metrics)
Running 1 measured workflows at concurrency 4
Progress: 1/1
{
  "operation_count": 10,
  "successful_operations": 10,
  "failed_operations": 0,
  "workflow_count": 1,
  "successful_workflows": 1,
  "failed_workflows": 0,
  "workflow_success_rate": 1.0,
  "measurement_duration_ms": 15652,
  "workflow_throughput_per_s": 0.0638895987733197,
  "per_operation": {
    "fabric_post_allocation": {
      "count": 1,
      "success_count": 1,
      "failure_count": 0,
      "p50_ms": 1402,
      "p95_ms": 1402,
      "p99_ms": 1402
    },
    "fabric_post_snapshot": {
      "count": 1,
      "success_count": 1,
      "failure_count": 0,
      "p50_ms": 2547,
      "p95_ms": 2547,
      "p99_ms": 2547
    },
    "fabric_post_task": {
      "count": 1,
      "success_count": 1,
      "failure_count": 0,
      "p50_ms": 2487,
      "p95_ms": 2487,
      "p99_ms": 2487
    },
    "fabric_query_confirmation": {
      "count": 1,
      "success_count": 1,
      "failure_count": 0,
      "p50_ms": 418,
      "p95_ms": 418,
      "p99_ms": 418
    },
    "fabric_query_final": {
      "count": 1,
      "success_count": 1,
      "failure_count": 0,
      "p50_ms": 1157,
      "p95_ms": 1157,
      "p99_ms": 1157
    },
    "fabric_settlement": {
      "count": 1,
      "success_count": 1,
      "failure_count": 0,
      "p50_ms": 2502,
      "p95_ms": 2502,
      "p99_ms": 2502
    },
    "fabric_vote_1": {
      "count": 1,
      "success_count": 1,
      "failure_count": 0,
      "p50_ms": 2503,
      "p95_ms": 2503,
      "p99_ms": 2503
    },
    "fabric_vote_2": {
      "count": 1,
      "success_count": 1,
      "failure_count": 0,
      "p50_ms": 2561,
      "p95_ms": 2561,
      "p99_ms": 2561
    },
    "ipfs_add": {
      "count": 1,
      "success_count": 1,
      "failure_count": 0,
      "p50_ms": 65,
      "p95_ms": 65,
      "p99_ms": 65
    },
    "ipfs_verify": {
      "count": 1,
      "success_count": 1,
      "failure_count": 0,
      "p50_ms": 10,
      "p95_ms": 10,
      "p99_ms": 10
    }
  },
  "evidence_record_count": 256,
  "evidence_record_throughput_per_s": 16.355737285969845
}
Results: /mnt/c/Users/guan/Desktop/zte-sci/experiments/exp-local/results/b2-ablation-formal-20260705T171313Z/b2-ablation-b256-c4-r5/fabric/b2-fabric-b256-c4-r5
