 Network rgge05cad1cc2_default Creating 
 Network rgge05cad1cc2_default Created 
 Container rgge05cad1cc2-collector-1 Creating 
 Container rgge05cad1cc2-collector-1 Created 
 Container rgge05cad1cc2-node14-1 Creating 
 Container rgge05cad1cc2-node15-1 Creating 
 Container rgge05cad1cc2-node5-1 Creating 
 Container rgge05cad1cc2-node10-1 Creating 
 Container rgge05cad1cc2-node2-1 Creating 
 Container rgge05cad1cc2-node1-1 Creating 
 Container rgge05cad1cc2-node13-1 Creating 
 Container rgge05cad1cc2-node11-1 Creating 
 Container rgge05cad1cc2-node8-1 Creating 
 Container rgge05cad1cc2-node12-1 Creating 
 Container rgge05cad1cc2-node0-1 Creating 
 Container rgge05cad1cc2-node9-1 Creating 
 Container rgge05cad1cc2-node4-1 Creating 
 Container rgge05cad1cc2-node3-1 Creating 
 Container rgge05cad1cc2-node6-1 Creating 
 Container rgge05cad1cc2-node7-1 Creating 
 Container rgge05cad1cc2-node15-1 Created 
 Container rgge05cad1cc2-node11-1 Created 
 Container rgge05cad1cc2-node1-1 Created 
 Container rgge05cad1cc2-node2-1 Created 
 Container rgge05cad1cc2-node7-1 Created 
 Container rgge05cad1cc2-node9-1 Created 
 Container rgge05cad1cc2-node14-1 Created 
 Container rgge05cad1cc2-node3-1 Created 
 Container rgge05cad1cc2-node0-1 Created 
 Container rgge05cad1cc2-node10-1 Created 
 Container rgge05cad1cc2-node8-1 Created 
 Container rgge05cad1cc2-node6-1 Created 
 Container rgge05cad1cc2-node5-1 Created 
 Container rgge05cad1cc2-node12-1 Created 
 Container rgge05cad1cc2-node13-1 Created 
 Container rgge05cad1cc2-node4-1 Created 
 Container rgge05cad1cc2-collector-1 Starting 
 Container rgge05cad1cc2-collector-1 Started 
 Container rgge05cad1cc2-node10-1 Starting 
 Container rgge05cad1cc2-node7-1 Starting 
 Container rgge05cad1cc2-node3-1 Starting 
 Container rgge05cad1cc2-node12-1 Starting 
 Container rgge05cad1cc2-node6-1 Starting 
 Container rgge05cad1cc2-node13-1 Starting 
 Container rgge05cad1cc2-node4-1 Starting 
 Container rgge05cad1cc2-node14-1 Starting 
 Container rgge05cad1cc2-node9-1 Starting 
 Container rgge05cad1cc2-node0-1 Starting 
 Container rgge05cad1cc2-node11-1 Starting 
 Container rgge05cad1cc2-node8-1 Starting 
 Container rgge05cad1cc2-node2-1 Starting 
 Container rgge05cad1cc2-node15-1 Starting 
 Container rgge05cad1cc2-node5-1 Starting 
 Container rgge05cad1cc2-node1-1 Starting 
 Container rgge05cad1cc2-node12-1 Started 
 Container rgge05cad1cc2-node2-1 Started 
 Container rgge05cad1cc2-node5-1 Started 
 Container rgge05cad1cc2-node8-1 Started 
 Container rgge05cad1cc2-node3-1 Started 
 Container rgge05cad1cc2-node7-1 Started 
 Container rgge05cad1cc2-node0-1 Started 
 Container rgge05cad1cc2-node10-1 Started 
 Container rgge05cad1cc2-node14-1 Started 
 Container rgge05cad1cc2-node13-1 Started 
 Container rgge05cad1cc2-node1-1 Started 
 Container rgge05cad1cc2-node15-1 Started 
 Container rgge05cad1cc2-node4-1 Started 
 Container rgge05cad1cc2-node9-1 Started 
 Container rgge05cad1cc2-node11-1 Started 
 Container rgge05cad1cc2-node6-1 Started 
READY_BARRIER: 14/16 node services ready
DRIVER_STARTED: 2026-07-15T14:15:13Z
0
