 Network rgg790a2538fe_default Creating 
 Network rgg790a2538fe_default Created 
 Container rgg790a2538fe-collector-1 Creating 
 Container rgg790a2538fe-collector-1 Created 
 Container rgg790a2538fe-node1-1 Creating 
 Container rgg790a2538fe-node15-1 Creating 
 Container rgg790a2538fe-node4-1 Creating 
 Container rgg790a2538fe-node12-1 Creating 
 Container rgg790a2538fe-node2-1 Creating 
 Container rgg790a2538fe-node7-1 Creating 
 Container rgg790a2538fe-node6-1 Creating 
 Container rgg790a2538fe-node5-1 Creating 
 Container rgg790a2538fe-node8-1 Creating 
 Container rgg790a2538fe-node14-1 Creating 
 Container rgg790a2538fe-node11-1 Creating 
 Container rgg790a2538fe-node10-1 Creating 
 Container rgg790a2538fe-node9-1 Creating 
 Container rgg790a2538fe-node3-1 Creating 
 Container rgg790a2538fe-node0-1 Creating 
 Container rgg790a2538fe-node13-1 Creating 
 Container rgg790a2538fe-node15-1 Created 
 Container rgg790a2538fe-node5-1 Created 
 Container rgg790a2538fe-node13-1 Created 
 Container rgg790a2538fe-node10-1 Created 
 Container rgg790a2538fe-node9-1 Created 
 Container rgg790a2538fe-node3-1 Created 
 Container rgg790a2538fe-node4-1 Created 
 Container rgg790a2538fe-node8-1 Created 
 Container rgg790a2538fe-node2-1 Created 
 Container rgg790a2538fe-node7-1 Created 
 Container rgg790a2538fe-node0-1 Created 
 Container rgg790a2538fe-node11-1 Created 
 Container rgg790a2538fe-node1-1 Created 
 Container rgg790a2538fe-node6-1 Created 
 Container rgg790a2538fe-node14-1 Created 
 Container rgg790a2538fe-node12-1 Created 
 Container rgg790a2538fe-driver-1 Creating 
 Container rgg790a2538fe-driver-1 Created 
 Container rgg790a2538fe-collector-1 Starting 
 Container rgg790a2538fe-collector-1 Started 
 Container rgg790a2538fe-node2-1 Starting 
 Container rgg790a2538fe-node5-1 Starting 
 Container rgg790a2538fe-node7-1 Starting 
 Container rgg790a2538fe-node10-1 Starting 
 Container rgg790a2538fe-node4-1 Starting 
 Container rgg790a2538fe-node13-1 Starting 
 Container rgg790a2538fe-node14-1 Starting 
 Container rgg790a2538fe-node9-1 Starting 
 Container rgg790a2538fe-node6-1 Starting 
 Container rgg790a2538fe-node11-1 Starting 
 Container rgg790a2538fe-node15-1 Starting 
 Container rgg790a2538fe-node12-1 Starting 
 Container rgg790a2538fe-node8-1 Starting 
 Container rgg790a2538fe-node3-1 Starting 
 Container rgg790a2538fe-node0-1 Starting 
 Container rgg790a2538fe-node1-1 Starting 
 Container rgg790a2538fe-node6-1 Started 
 Container rgg790a2538fe-node12-1 Started 
 Container rgg790a2538fe-node2-1 Started 
 Container rgg790a2538fe-node0-1 Started 
 Container rgg790a2538fe-node14-1 Started 
 Container rgg790a2538fe-node10-1 Started 
 Container rgg790a2538fe-node5-1 Started 
 Container rgg790a2538fe-node8-1 Started 
 Container rgg790a2538fe-node7-1 Started 
 Container rgg790a2538fe-node3-1 Started 
 Container rgg790a2538fe-node11-1 Started 
 Container rgg790a2538fe-node15-1 Started 
 Container rgg790a2538fe-node1-1 Started 
 Container rgg790a2538fe-node4-1 Started 
 Container rgg790a2538fe-node9-1 Started 
 Container rgg790a2538fe-node13-1 Started 
 Container rgg790a2538fe-driver-1 Starting 
 Container rgg790a2538fe-driver-1 Started 
0
