 Network rgg3798dd2266_default Creating 
 Network rgg3798dd2266_default Created 
 Container rgg3798dd2266-collector-1 Creating 
 Container rgg3798dd2266-collector-1 Created 
 Container rgg3798dd2266-node12-1 Creating 
 Container rgg3798dd2266-node8-1 Creating 
 Container rgg3798dd2266-node10-1 Creating 
 Container rgg3798dd2266-node13-1 Creating 
 Container rgg3798dd2266-node2-1 Creating 
 Container rgg3798dd2266-node0-1 Creating 
 Container rgg3798dd2266-node15-1 Creating 
 Container rgg3798dd2266-node9-1 Creating 
 Container rgg3798dd2266-node4-1 Creating 
 Container rgg3798dd2266-node14-1 Creating 
 Container rgg3798dd2266-node1-1 Creating 
 Container rgg3798dd2266-node7-1 Creating 
 Container rgg3798dd2266-node11-1 Creating 
 Container rgg3798dd2266-node5-1 Creating 
 Container rgg3798dd2266-node6-1 Creating 
 Container rgg3798dd2266-node3-1 Creating 
 Container rgg3798dd2266-node6-1 Created 
 Container rgg3798dd2266-node12-1 Created 
 Container rgg3798dd2266-node9-1 Created 
 Container rgg3798dd2266-node8-1 Created 
 Container rgg3798dd2266-node10-1 Created 
 Container rgg3798dd2266-node15-1 Created 
 Container rgg3798dd2266-node5-1 Created 
 Container rgg3798dd2266-node0-1 Created 
 Container rgg3798dd2266-node14-1 Created 
 Container rgg3798dd2266-node11-1 Created 
 Container rgg3798dd2266-node7-1 Created 
 Container rgg3798dd2266-node2-1 Created 
 Container rgg3798dd2266-node1-1 Created 
 Container rgg3798dd2266-node3-1 Created 
 Container rgg3798dd2266-node13-1 Created 
 Container rgg3798dd2266-node4-1 Created 
 Container rgg3798dd2266-collector-1 Starting 
 Container rgg3798dd2266-collector-1 Started 
 Container rgg3798dd2266-node6-1 Starting 
 Container rgg3798dd2266-node13-1 Starting 
 Container rgg3798dd2266-node10-1 Starting 
 Container rgg3798dd2266-node12-1 Starting 
 Container rgg3798dd2266-node1-1 Starting 
 Container rgg3798dd2266-node8-1 Starting 
 Container rgg3798dd2266-node3-1 Starting 
 Container rgg3798dd2266-node15-1 Starting 
 Container rgg3798dd2266-node9-1 Starting 
 Container rgg3798dd2266-node5-1 Starting 
 Container rgg3798dd2266-node0-1 Starting 
 Container rgg3798dd2266-node14-1 Starting 
 Container rgg3798dd2266-node2-1 Starting 
 Container rgg3798dd2266-node7-1 Starting 
 Container rgg3798dd2266-node4-1 Starting 
 Container rgg3798dd2266-node11-1 Starting 
 Container rgg3798dd2266-node12-1 Started 
 Container rgg3798dd2266-node7-1 Started 
 Container rgg3798dd2266-node0-1 Started 
 Container rgg3798dd2266-node13-1 Started 
 Container rgg3798dd2266-node6-1 Started 
 Container rgg3798dd2266-node15-1 Started 
 Container rgg3798dd2266-node11-1 Started 
 Container rgg3798dd2266-node10-1 Started 
 Container rgg3798dd2266-node4-1 Started 
 Container rgg3798dd2266-node14-1 Started 
 Container rgg3798dd2266-node1-1 Started 
 Container rgg3798dd2266-node2-1 Started 
 Container rgg3798dd2266-node9-1 Started 
 Container rgg3798dd2266-node3-1 Started 
 Container rgg3798dd2266-node8-1 Started 
 Container rgg3798dd2266-node5-1 Started 
READY_BARRIER: 14/16 node services ready
DRIVER_STARTED: 2026-07-17T15:35:09Z
0
