 Network rgg8f6944a504_default Creating 
 Network rgg8f6944a504_default Created 
 Container rgg8f6944a504-collector-1 Creating 
 Container rgg8f6944a504-collector-1 Created 
 Container rgg8f6944a504-node8-1 Creating 
 Container rgg8f6944a504-node13-1 Creating 
 Container rgg8f6944a504-node9-1 Creating 
 Container rgg8f6944a504-node2-1 Creating 
 Container rgg8f6944a504-node7-1 Creating 
 Container rgg8f6944a504-node5-1 Creating 
 Container rgg8f6944a504-node11-1 Creating 
 Container rgg8f6944a504-node12-1 Creating 
 Container rgg8f6944a504-node10-1 Creating 
 Container rgg8f6944a504-node6-1 Creating 
 Container rgg8f6944a504-node4-1 Creating 
 Container rgg8f6944a504-node1-1 Creating 
 Container rgg8f6944a504-node3-1 Creating 
 Container rgg8f6944a504-node15-1 Creating 
 Container rgg8f6944a504-node0-1 Creating 
 Container rgg8f6944a504-node14-1 Creating 
 Container rgg8f6944a504-node5-1 Created 
 Container rgg8f6944a504-node6-1 Created 
 Container rgg8f6944a504-node8-1 Created 
 Container rgg8f6944a504-node3-1 Created 
 Container rgg8f6944a504-node11-1 Created 
 Container rgg8f6944a504-node14-1 Created 
 Container rgg8f6944a504-node0-1 Created 
 Container rgg8f6944a504-node4-1 Created 
 Container rgg8f6944a504-node15-1 Created 
 Container rgg8f6944a504-node13-1 Created 
 Container rgg8f6944a504-node9-1 Created 
 Container rgg8f6944a504-node2-1 Created 
 Container rgg8f6944a504-node1-1 Created 
 Container rgg8f6944a504-node7-1 Created 
 Container rgg8f6944a504-node10-1 Created 
 Container rgg8f6944a504-node12-1 Created 
 Container rgg8f6944a504-collector-1 Starting 
 Container rgg8f6944a504-collector-1 Started 
 Container rgg8f6944a504-node12-1 Starting 
 Container rgg8f6944a504-node8-1 Starting 
 Container rgg8f6944a504-node2-1 Starting 
 Container rgg8f6944a504-node3-1 Starting 
 Container rgg8f6944a504-node10-1 Starting 
 Container rgg8f6944a504-node4-1 Starting 
 Container rgg8f6944a504-node11-1 Starting 
 Container rgg8f6944a504-node15-1 Starting 
 Container rgg8f6944a504-node9-1 Starting 
 Container rgg8f6944a504-node6-1 Starting 
 Container rgg8f6944a504-node13-1 Starting 
 Container rgg8f6944a504-node7-1 Starting 
 Container rgg8f6944a504-node1-1 Starting 
 Container rgg8f6944a504-node5-1 Starting 
 Container rgg8f6944a504-node0-1 Starting 
 Container rgg8f6944a504-node14-1 Starting 
 Container rgg8f6944a504-node8-1 Started 
 Container rgg8f6944a504-node4-1 Started 
 Container rgg8f6944a504-node7-1 Started 
 Container rgg8f6944a504-node15-1 Started 
 Container rgg8f6944a504-node12-1 Started 
 Container rgg8f6944a504-node9-1 Started 
 Container rgg8f6944a504-node5-1 Started 
 Container rgg8f6944a504-node2-1 Started 
 Container rgg8f6944a504-node1-1 Started 
 Container rgg8f6944a504-node10-1 Started 
 Container rgg8f6944a504-node0-1 Started 
 Container rgg8f6944a504-node14-1 Started 
 Container rgg8f6944a504-node6-1 Started 
 Container rgg8f6944a504-node3-1 Started 
 Container rgg8f6944a504-node13-1 Started 
 Container rgg8f6944a504-node11-1 Started 
NETEM_APPLIED node0 iface=eth0: qdisc netem 83c1: root refcnt 17 limit 1000 delay 20ms  5ms seed 1925939895057634184
NETEM_APPLIED node1 iface=eth0: qdisc netem 83c2: root refcnt 17 limit 1000 delay 20ms  5ms seed 854953264941070492
NETEM_APPLIED node2 iface=eth0: qdisc netem 83c3: root refcnt 17 limit 1000 delay 20ms  5ms seed 2449344701799315644
NETEM_APPLIED node3 iface=eth0: qdisc netem 83c4: root refcnt 17 limit 1000 delay 20ms  5ms seed 15094669919671405651
NETEM_APPLIED node4 iface=eth0: qdisc netem 83c5: root refcnt 17 limit 1000 delay 20ms  5ms seed 15964352005553713989
NETEM_APPLIED node5 iface=eth0: qdisc netem 83c6: root refcnt 17 limit 1000 delay 20ms  5ms seed 14287039372103806059
NETEM_APPLIED node6 iface=eth0: qdisc netem 83c7: root refcnt 17 limit 1000 delay 20ms  5ms seed 8684458133420977094
NETEM_APPLIED node7 iface=eth0: qdisc netem 83c8: root refcnt 17 limit 1000 delay 20ms  5ms seed 10589776267646736997
NETEM_APPLIED node8 iface=eth0: qdisc netem 83c9: root refcnt 17 limit 1000 delay 20ms  5ms seed 15809110785250526852
NETEM_APPLIED node9 iface=eth0: qdisc netem 83ca: root refcnt 17 limit 1000 delay 20ms  5ms seed 12106042975322273730
NETEM_APPLIED node10 iface=eth0: qdisc netem 83cb: root refcnt 17 limit 1000 delay 20ms  5ms seed 14020271402270916132
NETEM_APPLIED node11 iface=eth0: qdisc netem 83cc: root refcnt 17 limit 1000 delay 20ms  5ms seed 11816487499358670963
NETEM_APPLIED node12 iface=eth0: qdisc netem 83cd: root refcnt 17 limit 1000 delay 20ms  5ms seed 11293889160739980258
NETEM_APPLIED node13 iface=eth0: qdisc netem 83ce: root refcnt 17 limit 1000 delay 20ms  5ms seed 810397194601505128
NETEM_APPLIED node14 iface=eth0: qdisc netem 83cf: root refcnt 17 limit 1000 delay 20ms  5ms seed 6178609219263695918
NETEM_APPLIED node15 iface=eth0: qdisc netem 83d0: root refcnt 17 limit 1000 delay 20ms  5ms seed 3365919870241907402
NETEM_RTT_GATE OK: baseline=0.1ms actual=37.5ms increase=37.4ms
DRIVER_STARTED: 2026-07-15T05:58:01Z
0
QDSK_CLEANUP_FAIL node0: Command '['docker', 'exec', 'rgg8f6944a504-node0-1', 'sh', '-c', "ip -o -4 addr show scope global 2>/dev/null | head -1 | awk '{print $2}'"]' returned non-zero exit status 1.
QDSK_CLEANUP_FAIL node1: Command '['docker', 'exec', 'rgg8f6944a504-node1-1', 'sh', '-c', "ip -o -4 addr show scope global 2>/dev/null | head -1 | awk '{print $2}'"]' returned non-zero exit status 1.
QDSK_CLEANUP_FAIL node2: Command '['docker', 'exec', 'rgg8f6944a504-node2-1', 'sh', '-c', "ip -o -4 addr show scope global 2>/dev/null | head -1 | awk '{print $2}'"]' returned non-zero exit status 1.
QDSK_CLEANUP_FAIL node3: Command '['docker', 'exec', 'rgg8f6944a504-node3-1', 'sh', '-c', "ip -o -4 addr show scope global 2>/dev/null | head -1 | awk '{print $2}'"]' returned non-zero exit status 1.
QDSK_CLEANUP_FAIL node4: Command '['docker', 'exec', 'rgg8f6944a504-node4-1', 'sh', '-c', "ip -o -4 addr show scope global 2>/dev/null | head -1 | awk '{print $2}'"]' returned non-zero exit status 1.
QDSK_CLEANUP_FAIL node5: Command '['docker', 'exec', 'rgg8f6944a504-node5-1', 'sh', '-c', "ip -o -4 addr show scope global 2>/dev/null | head -1 | awk '{print $2}'"]' returned non-zero exit status 1.
QDSK_CLEANUP_FAIL node6: Command '['docker', 'exec', 'rgg8f6944a504-node6-1', 'sh', '-c', "ip -o -4 addr show scope global 2>/dev/null | head -1 | awk '{print $2}'"]' returned non-zero exit status 1.
QDSK_CLEANUP_FAIL node7: Command '['docker', 'exec', 'rgg8f6944a504-node7-1', 'sh', '-c', "ip -o -4 addr show scope global 2>/dev/null | head -1 | awk '{print $2}'"]' returned non-zero exit status 1.
QDSK_CLEANUP_FAIL node8: Command '['docker', 'exec', 'rgg8f6944a504-node8-1', 'sh', '-c', "ip -o -4 addr show scope global 2>/dev/null | head -1 | awk '{print $2}'"]' returned non-zero exit status 1.
QDSK_CLEANUP_FAIL node9: Command '['docker', 'exec', 'rgg8f6944a504-node9-1', 'sh', '-c', "ip -o -4 addr show scope global 2>/dev/null | head -1 | awk '{print $2}'"]' returned non-zero exit status 1.
QDSK_CLEANUP_FAIL node10: Command '['docker', 'exec', 'rgg8f6944a504-node10-1', 'sh', '-c', "ip -o -4 addr show scope global 2>/dev/null | head -1 | awk '{print $2}'"]' returned non-zero exit status 1.
QDSK_CLEANUP_FAIL node11: Command '['docker', 'exec', 'rgg8f6944a504-node11-1', 'sh', '-c', "ip -o -4 addr show scope global 2>/dev/null | head -1 | awk '{print $2}'"]' returned non-zero exit status 1.
QDSK_CLEANUP_FAIL node12: Command '['docker', 'exec', 'rgg8f6944a504-node12-1', 'sh', '-c', "ip -o -4 addr show scope global 2>/dev/null | head -1 | awk '{print $2}'"]' returned non-zero exit status 1.
QDSK_CLEANUP_FAIL node13: Command '['docker', 'exec', 'rgg8f6944a504-node13-1', 'sh', '-c', "ip -o -4 addr show scope global 2>/dev/null | head -1 | awk '{print $2}'"]' returned non-zero exit status 1.
QDSK_CLEANUP_FAIL node14: Command '['docker', 'exec', 'rgg8f6944a504-node14-1', 'sh', '-c', "ip -o -4 addr show scope global 2>/dev/null | head -1 | awk '{print $2}'"]' returned non-zero exit status 1.
QDSK_CLEANUP_FAIL node15: Command '['docker', 'exec', 'rgg8f6944a504-node15-1', 'sh', '-c', "ip -o -4 addr show scope global 2>/dev/null | head -1 | awk '{print $2}'"]' returned non-zero exit status 1.
