 Network rggf291ecdba6_default Creating 
 Network rggf291ecdba6_default Created 
 Container rggf291ecdba6-collector-1 Creating 
 Container rggf291ecdba6-collector-1 Created 
 Container rggf291ecdba6-node1-1 Creating 
 Container rggf291ecdba6-node10-1 Creating 
 Container rggf291ecdba6-node2-1 Creating 
 Container rggf291ecdba6-node6-1 Creating 
 Container rggf291ecdba6-node12-1 Creating 
 Container rggf291ecdba6-node13-1 Creating 
 Container rggf291ecdba6-node0-1 Creating 
 Container rggf291ecdba6-node7-1 Creating 
 Container rggf291ecdba6-node5-1 Creating 
 Container rggf291ecdba6-node11-1 Creating 
 Container rggf291ecdba6-node9-1 Creating 
 Container rggf291ecdba6-node15-1 Creating 
 Container rggf291ecdba6-node3-1 Creating 
 Container rggf291ecdba6-node8-1 Creating 
 Container rggf291ecdba6-node14-1 Creating 
 Container rggf291ecdba6-node4-1 Creating 
 Container rggf291ecdba6-node3-1 Created 
 Container rggf291ecdba6-node0-1 Created 
 Container rggf291ecdba6-node10-1 Created 
 Container rggf291ecdba6-node6-1 Created 
 Container rggf291ecdba6-node14-1 Created 
 Container rggf291ecdba6-node11-1 Created 
 Container rggf291ecdba6-node9-1 Created 
 Container rggf291ecdba6-node5-1 Created 
 Container rggf291ecdba6-node8-1 Created 
 Container rggf291ecdba6-node4-1 Created 
 Container rggf291ecdba6-node1-1 Created 
 Container rggf291ecdba6-node7-1 Created 
 Container rggf291ecdba6-node15-1 Created 
 Container rggf291ecdba6-node13-1 Created 
 Container rggf291ecdba6-node2-1 Created 
 Container rggf291ecdba6-node12-1 Created 
 Container rggf291ecdba6-collector-1 Starting 
 Container rggf291ecdba6-collector-1 Started 
 Container rggf291ecdba6-node1-1 Starting 
 Container rggf291ecdba6-node10-1 Starting 
 Container rggf291ecdba6-node7-1 Starting 
 Container rggf291ecdba6-node14-1 Starting 
 Container rggf291ecdba6-node12-1 Starting 
 Container rggf291ecdba6-node6-1 Starting 
 Container rggf291ecdba6-node3-1 Starting 
 Container rggf291ecdba6-node5-1 Starting 
 Container rggf291ecdba6-node11-1 Starting 
 Container rggf291ecdba6-node13-1 Starting 
 Container rggf291ecdba6-node15-1 Starting 
 Container rggf291ecdba6-node8-1 Starting 
 Container rggf291ecdba6-node0-1 Starting 
 Container rggf291ecdba6-node9-1 Starting 
 Container rggf291ecdba6-node4-1 Starting 
 Container rggf291ecdba6-node2-1 Starting 
 Container rggf291ecdba6-node1-1 Started 
 Container rggf291ecdba6-node7-1 Started 
 Container rggf291ecdba6-node10-1 Started 
 Container rggf291ecdba6-node13-1 Started 
 Container rggf291ecdba6-node9-1 Started 
 Container rggf291ecdba6-node8-1 Started 
 Container rggf291ecdba6-node4-1 Started 
 Container rggf291ecdba6-node14-1 Started 
 Container rggf291ecdba6-node6-1 Started 
 Container rggf291ecdba6-node5-1 Started 
 Container rggf291ecdba6-node15-1 Started 
 Container rggf291ecdba6-node0-1 Started 
 Container rggf291ecdba6-node3-1 Started 
 Container rggf291ecdba6-node11-1 Started 
 Container rggf291ecdba6-node12-1 Started 
 Container rggf291ecdba6-node2-1 Started 
DRIVER_STARTED: 2026-07-15T04:57:08Z
0
