 Network rgg1b084cb090_default Creating 
 Network rgg1b084cb090_default Created 
 Container rgg1b084cb090-collector-1 Creating 
 Container rgg1b084cb090-collector-1 Created 
 Container rgg1b084cb090-node3-1 Creating 
 Container rgg1b084cb090-node6-1 Creating 
 Container rgg1b084cb090-node14-1 Creating 
 Container rgg1b084cb090-node13-1 Creating 
 Container rgg1b084cb090-node10-1 Creating 
 Container rgg1b084cb090-node8-1 Creating 
 Container rgg1b084cb090-node2-1 Creating 
 Container rgg1b084cb090-node5-1 Creating 
 Container rgg1b084cb090-node11-1 Creating 
 Container rgg1b084cb090-node9-1 Creating 
 Container rgg1b084cb090-node0-1 Creating 
 Container rgg1b084cb090-node4-1 Creating 
 Container rgg1b084cb090-node12-1 Creating 
 Container rgg1b084cb090-node7-1 Creating 
 Container rgg1b084cb090-node1-1 Creating 
 Container rgg1b084cb090-node15-1 Creating 
 Container rgg1b084cb090-node2-1 Created 
 Container rgg1b084cb090-node13-1 Created 
 Container rgg1b084cb090-node3-1 Created 
 Container rgg1b084cb090-node6-1 Created 
 Container rgg1b084cb090-node9-1 Created 
 Container rgg1b084cb090-node1-1 Created 
 Container rgg1b084cb090-node12-1 Created 
 Container rgg1b084cb090-node5-1 Created 
 Container rgg1b084cb090-node8-1 Created 
 Container rgg1b084cb090-node0-1 Created 
 Container rgg1b084cb090-node15-1 Created 
 Container rgg1b084cb090-node10-1 Created 
 Container rgg1b084cb090-node7-1 Created 
 Container rgg1b084cb090-node14-1 Created 
 Container rgg1b084cb090-node11-1 Created 
 Container rgg1b084cb090-node4-1 Created 
 Container rgg1b084cb090-collector-1 Starting 
 Container rgg1b084cb090-collector-1 Started 
 Container rgg1b084cb090-node0-1 Starting 
 Container rgg1b084cb090-node3-1 Starting 
 Container rgg1b084cb090-node11-1 Starting 
 Container rgg1b084cb090-node13-1 Starting 
 Container rgg1b084cb090-node8-1 Starting 
 Container rgg1b084cb090-node6-1 Starting 
 Container rgg1b084cb090-node2-1 Starting 
 Container rgg1b084cb090-node14-1 Starting 
 Container rgg1b084cb090-node5-1 Starting 
 Container rgg1b084cb090-node12-1 Starting 
 Container rgg1b084cb090-node7-1 Starting 
 Container rgg1b084cb090-node9-1 Starting 
 Container rgg1b084cb090-node4-1 Starting 
 Container rgg1b084cb090-node1-1 Starting 
 Container rgg1b084cb090-node10-1 Starting 
 Container rgg1b084cb090-node15-1 Starting 
 Container rgg1b084cb090-node0-1 Started 
 Container rgg1b084cb090-node12-1 Started 
 Container rgg1b084cb090-node11-1 Started 
 Container rgg1b084cb090-node1-1 Started 
 Container rgg1b084cb090-node3-1 Started 
 Container rgg1b084cb090-node10-1 Started 
 Container rgg1b084cb090-node4-1 Started 
 Container rgg1b084cb090-node6-1 Started 
 Container rgg1b084cb090-node8-1 Started 
 Container rgg1b084cb090-node15-1 Started 
 Container rgg1b084cb090-node14-1 Started 
 Container rgg1b084cb090-node7-1 Started 
 Container rgg1b084cb090-node13-1 Started 
 Container rgg1b084cb090-node5-1 Started 
 Container rgg1b084cb090-node9-1 Started 
 Container rgg1b084cb090-node2-1 Started 
NETEM_APPLIED node0 iface=eth0: qdisc netem 8661: root refcnt 17 limit 1000 delay 50ms  10ms seed 2162287571803624658
NETEM_APPLIED node1 iface=eth0: qdisc netem 8662: root refcnt 17 limit 1000 delay 50ms  10ms seed 11888328806437781874
NETEM_APPLIED node2 iface=eth0: qdisc netem 8663: root refcnt 17 limit 1000 delay 50ms  10ms seed 6867709228561945517
NETEM_APPLIED node3 iface=eth0: qdisc netem 8664: root refcnt 17 limit 1000 delay 50ms  10ms seed 9800257973674308548
NETEM_APPLIED node4 iface=eth0: qdisc netem 8665: root refcnt 17 limit 1000 delay 50ms  10ms seed 8554914873548823371
NETEM_APPLIED node5 iface=eth0: qdisc netem 8666: root refcnt 17 limit 1000 delay 50ms  10ms seed 15598561296238232315
NETEM_APPLIED node6 iface=eth0: qdisc netem 8667: root refcnt 17 limit 1000 delay 50ms  10ms seed 1652318793987886462
NETEM_APPLIED node7 iface=eth0: qdisc netem 8668: root refcnt 17 limit 1000 delay 50ms  10ms seed 15137385633021965006
NETEM_APPLIED node8 iface=eth0: qdisc netem 8669: root refcnt 17 limit 1000 delay 50ms  10ms seed 1952423692761427782
NETEM_APPLIED node9 iface=eth0: qdisc netem 866a: root refcnt 17 limit 1000 delay 50ms  10ms seed 12159731457665280159
NETEM_APPLIED node10 iface=eth0: qdisc netem 866b: root refcnt 17 limit 1000 delay 50ms  10ms seed 18113553005317557628
NETEM_APPLIED node11 iface=eth0: qdisc netem 866c: root refcnt 17 limit 1000 delay 50ms  10ms seed 6138385770781821800
NETEM_APPLIED node12 iface=eth0: qdisc netem 866d: root refcnt 17 limit 1000 delay 50ms  10ms seed 9054070232167293619
NETEM_APPLIED node13 iface=eth0: qdisc netem 866e: root refcnt 17 limit 1000 delay 50ms  10ms seed 4494302398029428296
NETEM_APPLIED node14 iface=eth0: qdisc netem 866f: root refcnt 17 limit 1000 delay 50ms  10ms seed 15163446395645252816
NETEM_APPLIED node15 iface=eth0: qdisc netem 8670: root refcnt 17 limit 1000 delay 50ms  10ms seed 2226829234096962344
NETEM_RTT_GATE OK: baseline=0.1ms actual=95.0ms increase=94.9ms
DRIVER_STARTED: 2026-07-15T06:40:27Z
0
QDSK_CLEANUP_FAIL node0: Command '['docker', 'exec', 'rgg1b084cb090-node0-1', 'sh', '-c', "ip -o -4 addr show scope global 2>/dev/null | head -1 | awk '{print $2}'"]' returned non-zero exit status 1.
QDSK_CLEANUP_FAIL node1: Command '['docker', 'exec', 'rgg1b084cb090-node1-1', 'sh', '-c', "ip -o -4 addr show scope global 2>/dev/null | head -1 | awk '{print $2}'"]' returned non-zero exit status 1.
QDSK_CLEANUP_FAIL node2: Command '['docker', 'exec', 'rgg1b084cb090-node2-1', 'sh', '-c', "ip -o -4 addr show scope global 2>/dev/null | head -1 | awk '{print $2}'"]' returned non-zero exit status 1.
QDSK_CLEANUP_FAIL node3: Command '['docker', 'exec', 'rgg1b084cb090-node3-1', 'sh', '-c', "ip -o -4 addr show scope global 2>/dev/null | head -1 | awk '{print $2}'"]' returned non-zero exit status 1.
QDSK_CLEANUP_FAIL node4: Command '['docker', 'exec', 'rgg1b084cb090-node4-1', 'sh', '-c', "ip -o -4 addr show scope global 2>/dev/null | head -1 | awk '{print $2}'"]' returned non-zero exit status 1.
QDSK_CLEANUP_FAIL node5: Command '['docker', 'exec', 'rgg1b084cb090-node5-1', 'sh', '-c', "ip -o -4 addr show scope global 2>/dev/null | head -1 | awk '{print $2}'"]' returned non-zero exit status 1.
QDSK_CLEANUP_FAIL node6: Command '['docker', 'exec', 'rgg1b084cb090-node6-1', 'sh', '-c', "ip -o -4 addr show scope global 2>/dev/null | head -1 | awk '{print $2}'"]' returned non-zero exit status 1.
QDSK_CLEANUP_FAIL node7: Command '['docker', 'exec', 'rgg1b084cb090-node7-1', 'sh', '-c', "ip -o -4 addr show scope global 2>/dev/null | head -1 | awk '{print $2}'"]' returned non-zero exit status 1.
QDSK_CLEANUP_FAIL node8: Command '['docker', 'exec', 'rgg1b084cb090-node8-1', 'sh', '-c', "ip -o -4 addr show scope global 2>/dev/null | head -1 | awk '{print $2}'"]' returned non-zero exit status 1.
QDSK_CLEANUP_FAIL node9: Command '['docker', 'exec', 'rgg1b084cb090-node9-1', 'sh', '-c', "ip -o -4 addr show scope global 2>/dev/null | head -1 | awk '{print $2}'"]' returned non-zero exit status 1.
QDSK_CLEANUP_FAIL node10: Command '['docker', 'exec', 'rgg1b084cb090-node10-1', 'sh', '-c', "ip -o -4 addr show scope global 2>/dev/null | head -1 | awk '{print $2}'"]' returned non-zero exit status 1.
QDSK_CLEANUP_FAIL node11: Command '['docker', 'exec', 'rgg1b084cb090-node11-1', 'sh', '-c', "ip -o -4 addr show scope global 2>/dev/null | head -1 | awk '{print $2}'"]' returned non-zero exit status 1.
QDSK_CLEANUP_FAIL node12: Command '['docker', 'exec', 'rgg1b084cb090-node12-1', 'sh', '-c', "ip -o -4 addr show scope global 2>/dev/null | head -1 | awk '{print $2}'"]' returned non-zero exit status 1.
QDSK_CLEANUP_FAIL node13: Command '['docker', 'exec', 'rgg1b084cb090-node13-1', 'sh', '-c', "ip -o -4 addr show scope global 2>/dev/null | head -1 | awk '{print $2}'"]' returned non-zero exit status 1.
QDSK_CLEANUP_FAIL node14: Command '['docker', 'exec', 'rgg1b084cb090-node14-1', 'sh', '-c', "ip -o -4 addr show scope global 2>/dev/null | head -1 | awk '{print $2}'"]' returned non-zero exit status 1.
QDSK_CLEANUP_FAIL node15: Command '['docker', 'exec', 'rgg1b084cb090-node15-1', 'sh', '-c', "ip -o -4 addr show scope global 2>/dev/null | head -1 | awk '{print $2}'"]' returned non-zero exit status 1.
