{
  "client_latency_ms": {
    "mean": 64.68495695,
    "p50": 59.539758,
    "p95": 81.962452,
    "p99": 81.962452
  },
  "conflicting_commit_count": 0,
  "conflicting_commits": [],
  "driver_failure_count": 0,
  "driver_success_count": 20,
  "driver_success_rate": 1.0,
  "duplicate_commit_events": 0,
  "equivocation_observed_events": 0,
  "equivocation_sent_events": 0,
  "fault_injected_events": 0,
  "final_protocol_bytes_sent": 2826450,
  "final_protocol_messages_sent": 9900,
  "invalid_new_view_events": 0,
  "invalid_signature_events": 0,
  "invalid_view_change_events": 0,
  "max_accepted_view": 0,
  "new_view_accepted_events": 0,
  "new_view_sent_events": 0,
  "node_commit_completeness": 1.0,
  "node_commit_count": 320,
  "node_count": 16,
  "node_error_events": 0,
  "node_latency_ms": {
    "mean": 62.0146355,
    "p50": 58.900882,
    "p95": 87.667117,
    "p99": 108.257749
  },
  "recovered_sequence_count": 0,
  "recovery_latency_ms": {
    "mean": null,
    "p50": null,
    "p95": null,
    "p99": null
  },
  "reported_protocol_bytes_sent": 2822457,
  "reported_protocol_messages_sent": 9886,
  "round_count": 20,
  "safety_violation_events": 0,
  "stale_new_view_events": 0,
  "view_change_sent_events": 0
}
