{
  "client_latency_ms": {
    "mean": 67.1674098,
    "p50": 66.748896,
    "p95": 79.709559,
    "p99": 79.709559
  },
  "conflicting_commit_count": 0,
  "conflicting_commits": [],
  "driver_failure_count": 0,
  "driver_success_count": 20,
  "driver_success_rate": 1.0,
  "duplicate_commit_events": 0,
  "equivocation_observed_events": 0,
  "equivocation_sent_events": 0,
  "fault_injected_events": 0,
  "final_protocol_bytes_sent": 2826450,
  "final_protocol_messages_sent": 9900,
  "invalid_new_view_events": 0,
  "invalid_signature_events": 0,
  "invalid_view_change_events": 0,
  "max_accepted_view": 0,
  "new_view_accepted_events": 0,
  "new_view_sent_events": 0,
  "node_commit_completeness": 1.0,
  "node_commit_count": 320,
  "node_count": 16,
  "node_error_events": 0,
  "node_latency_ms": {
    "mean": 62.6031804125,
    "p50": 60.897661,
    "p95": 77.703294,
    "p99": 94.935695
  },
  "recovered_sequence_count": 0,
  "recovery_latency_ms": {
    "mean": null,
    "p50": null,
    "p95": null,
    "p99": null
  },
  "reported_protocol_bytes_sent": 2817335,
  "reported_protocol_messages_sent": 9868,
  "round_count": 20,
  "safety_violation_events": 0,
  "stale_new_view_events": 0,
  "view_change_sent_events": 0
}
