{
  "client_latency_ms": {
    "mean": 61.9345997,
    "p50": 63.476555,
    "p95": 69.206054,
    "p99": 69.206054
  },
  "conflicting_commit_count": 0,
  "conflicting_commits": [],
  "driver_failure_count": 0,
  "driver_success_count": 20,
  "driver_success_rate": 1.0,
  "duplicate_commit_events": 0,
  "equivocation_observed_events": 0,
  "equivocation_sent_events": 0,
  "fault_injected_events": 0,
  "final_protocol_bytes_sent": 4037976,
  "final_protocol_messages_sent": 7460,
  "invalid_new_view_events": 0,
  "invalid_signature_events": 0,
  "invalid_view_change_events": 0,
  "max_accepted_view": 0,
  "new_view_accepted_events": 0,
  "new_view_sent_events": 0,
  "node_commit_completeness": 1.0,
  "node_commit_count": 480,
  "node_count": 24,
  "node_error_events": 0,
  "node_latency_ms": {
    "mean": 50.95829027291666,
    "p50": 49.377957,
    "p95": 64.270709,
    "p99": 94.184781
  },
  "recovered_sequence_count": 0,
  "recovery_latency_ms": {
    "mean": null,
    "p50": null,
    "p95": null,
    "p99": null
  },
  "reported_protocol_bytes_sent": 1842153,
  "reported_protocol_messages_sent": 5523,
  "round_count": 20,
  "safety_violation_events": 0,
  "stale_new_view_events": 0,
  "view_change_sent_events": 0
}
