{
  "client_latency_ms": {
    "mean": 148.2739663,
    "p50": 144.746675,
    "p95": 162.856891,
    "p99": 162.856891
  },
  "conflicting_commit_count": 0,
  "conflicting_commits": [],
  "driver_failure_count": 0,
  "driver_success_count": 20,
  "driver_success_rate": 1.0,
  "duplicate_commit_events": 0,
  "equivocation_observed_events": 0,
  "equivocation_sent_events": 0,
  "fault_injected_events": 0,
  "final_protocol_bytes_sent": 6438850,
  "final_protocol_messages_sent": 22540,
  "invalid_new_view_events": 0,
  "invalid_signature_events": 0,
  "invalid_view_change_events": 0,
  "max_accepted_view": 0,
  "new_view_accepted_events": 0,
  "new_view_sent_events": 0,
  "node_commit_completeness": 1.0,
  "node_commit_count": 480,
  "node_count": 24,
  "node_error_events": 0,
  "node_latency_ms": {
    "mean": 140.03700919583335,
    "p50": 137.07925,
    "p95": 165.627739,
    "p99": 179.282096
  },
  "recovered_sequence_count": 0,
  "recovery_latency_ms": {
    "mean": null,
    "p50": null,
    "p95": null,
    "p99": null
  },
  "reported_protocol_bytes_sent": 6421476,
  "reported_protocol_messages_sent": 22479,
  "round_count": 20,
  "safety_violation_events": 0,
  "stale_new_view_events": 0,
  "view_change_sent_events": 0
}
