{
  "client_latency_ms": {
    "mean": 74.9294055,
    "p50": 72.77917,
    "p95": 81.728069,
    "p99": 81.728069
  },
  "conflicting_commit_count": 0,
  "conflicting_commits": [],
  "driver_failure_count": 0,
  "driver_success_count": 20,
  "driver_success_rate": 1.0,
  "duplicate_commit_events": 0,
  "equivocation_observed_events": 0,
  "equivocation_sent_events": 0,
  "fault_injected_events": 0,
  "final_protocol_bytes_sent": 3181389,
  "final_protocol_messages_sent": 5460,
  "invalid_new_view_events": 0,
  "invalid_signature_events": 0,
  "invalid_view_change_events": 0,
  "max_accepted_view": 0,
  "new_view_accepted_events": 0,
  "new_view_sent_events": 0,
  "node_commit_completeness": 1.0,
  "node_commit_count": 400,
  "node_count": 20,
  "node_error_events": 0,
  "node_latency_ms": {
    "mean": 68.813693165,
    "p50": 68.662633,
    "p95": 76.357289,
    "p99": 103.042347
  },
  "recovered_sequence_count": 0,
  "recovery_latency_ms": {
    "mean": null,
    "p50": null,
    "p95": null,
    "p99": null
  },
  "reported_protocol_bytes_sent": 1359907,
  "reported_protocol_messages_sent": 3833,
  "round_count": 20,
  "safety_violation_events": 0,
  "stale_new_view_events": 0,
  "view_change_sent_events": 0
}
