{
  "client_latency_ms": {
    "mean": 83.9488174,
    "p50": 81.967314,
    "p95": 95.239952,
    "p99": 95.239952
  },
  "conflicting_commit_count": 0,
  "conflicting_commits": [],
  "driver_failure_count": 0,
  "driver_success_count": 20,
  "driver_success_rate": 1.0,
  "duplicate_commit_events": 0,
  "equivocation_observed_events": 0,
  "equivocation_sent_events": 0,
  "fault_injected_events": 0,
  "final_protocol_bytes_sent": 4449610,
  "final_protocol_messages_sent": 15580,
  "invalid_new_view_events": 0,
  "invalid_signature_events": 0,
  "invalid_view_change_events": 0,
  "max_accepted_view": 0,
  "new_view_accepted_events": 0,
  "new_view_sent_events": 0,
  "node_commit_completeness": 1.0,
  "node_commit_count": 400,
  "node_count": 20,
  "node_error_events": 0,
  "node_latency_ms": {
    "mean": 82.3248674525,
    "p50": 79.767004,
    "p95": 105.230759,
    "p99": 133.561801
  },
  "recovered_sequence_count": 0,
  "recovery_latency_ms": {
    "mean": null,
    "p50": null,
    "p95": null,
    "p99": null
  },
  "reported_protocol_bytes_sent": 4448474,
  "reported_protocol_messages_sent": 15576,
  "round_count": 20,
  "safety_violation_events": 0,
  "stale_new_view_events": 0,
  "view_change_sent_events": 0
}
