 Network rgga42dc14f6c_default Creating 
 Network rgga42dc14f6c_default Created 
 Container rgga42dc14f6c-collector-1 Creating 
 Container rgga42dc14f6c-collector-1 Created 
 Container rgga42dc14f6c-node5-1 Creating 
 Container rgga42dc14f6c-node11-1 Creating 
 Container rgga42dc14f6c-node15-1 Creating 
 Container rgga42dc14f6c-node10-1 Creating 
 Container rgga42dc14f6c-node2-1 Creating 
 Container rgga42dc14f6c-node9-1 Creating 
 Container rgga42dc14f6c-node13-1 Creating 
 Container rgga42dc14f6c-node12-1 Creating 
 Container rgga42dc14f6c-node0-1 Creating 
 Container rgga42dc14f6c-node6-1 Creating 
 Container rgga42dc14f6c-node4-1 Creating 
 Container rgga42dc14f6c-node1-1 Creating 
 Container rgga42dc14f6c-node3-1 Creating 
 Container rgga42dc14f6c-node7-1 Creating 
 Container rgga42dc14f6c-node8-1 Creating 
 Container rgga42dc14f6c-node14-1 Creating 
 Container rgga42dc14f6c-node0-1 Created 
 Container rgga42dc14f6c-node9-1 Created 
 Container rgga42dc14f6c-node15-1 Created 
 Container rgga42dc14f6c-node2-1 Created 
 Container rgga42dc14f6c-node14-1 Created 
 Container rgga42dc14f6c-node11-1 Created 
 Container rgga42dc14f6c-node3-1 Created 
 Container rgga42dc14f6c-node6-1 Created 
 Container rgga42dc14f6c-node10-1 Created 
 Container rgga42dc14f6c-node7-1 Created 
 Container rgga42dc14f6c-node8-1 Created 
 Container rgga42dc14f6c-node5-1 Created 
 Container rgga42dc14f6c-node4-1 Created 
 Container rgga42dc14f6c-node1-1 Created 
 Container rgga42dc14f6c-node12-1 Created 
 Container rgga42dc14f6c-node13-1 Created 
 Container rgga42dc14f6c-driver-1 Creating 
 Container rgga42dc14f6c-driver-1 Created 
 Container rgga42dc14f6c-collector-1 Starting 
 Container rgga42dc14f6c-collector-1 Started 
 Container rgga42dc14f6c-node6-1 Starting 
 Container rgga42dc14f6c-node10-1 Starting 
 Container rgga42dc14f6c-node14-1 Starting 
 Container rgga42dc14f6c-node11-1 Starting 
 Container rgga42dc14f6c-node5-1 Starting 
 Container rgga42dc14f6c-node0-1 Starting 
 Container rgga42dc14f6c-node9-1 Starting 
 Container rgga42dc14f6c-node7-1 Starting 
 Container rgga42dc14f6c-node3-1 Starting 
 Container rgga42dc14f6c-node12-1 Starting 
 Container rgga42dc14f6c-node1-1 Starting 
 Container rgga42dc14f6c-node13-1 Starting 
 Container rgga42dc14f6c-node15-1 Starting 
 Container rgga42dc14f6c-node4-1 Starting 
 Container rgga42dc14f6c-node8-1 Starting 
 Container rgga42dc14f6c-node2-1 Starting 
 Container rgga42dc14f6c-node10-1 Started 
 Container rgga42dc14f6c-node13-1 Started 
 Container rgga42dc14f6c-node14-1 Started 
 Container rgga42dc14f6c-node8-1 Started 
 Container rgga42dc14f6c-node6-1 Started 
 Container rgga42dc14f6c-node1-1 Started 
 Container rgga42dc14f6c-node3-1 Started 
 Container rgga42dc14f6c-node11-1 Started 
 Container rgga42dc14f6c-node4-1 Started 
 Container rgga42dc14f6c-node9-1 Started 
 Container rgga42dc14f6c-node15-1 Started 
 Container rgga42dc14f6c-node5-1 Started 
 Container rgga42dc14f6c-node0-1 Started 
 Container rgga42dc14f6c-node12-1 Started 
 Container rgga42dc14f6c-node7-1 Started 
 Container rgga42dc14f6c-node2-1 Started 
 Container rgga42dc14f6c-driver-1 Starting 
 Container rgga42dc14f6c-driver-1 Started 
0
