 Network rgg5cc32f0f0a_default Creating 
 Network rgg5cc32f0f0a_default Created 
 Container rgg5cc32f0f0a-collector-1 Creating 
 Container rgg5cc32f0f0a-collector-1 Created 
 Container rgg5cc32f0f0a-node1-1 Creating 
 Container rgg5cc32f0f0a-node10-1 Creating 
 Container rgg5cc32f0f0a-node4-1 Creating 
 Container rgg5cc32f0f0a-node2-1 Creating 
 Container rgg5cc32f0f0a-node8-1 Creating 
 Container rgg5cc32f0f0a-node5-1 Creating 
 Container rgg5cc32f0f0a-node15-1 Creating 
 Container rgg5cc32f0f0a-node11-1 Creating 
 Container rgg5cc32f0f0a-node14-1 Creating 
 Container rgg5cc32f0f0a-node7-1 Creating 
 Container rgg5cc32f0f0a-node6-1 Creating 
 Container rgg5cc32f0f0a-node0-1 Creating 
 Container rgg5cc32f0f0a-node3-1 Creating 
 Container rgg5cc32f0f0a-node13-1 Creating 
 Container rgg5cc32f0f0a-node9-1 Creating 
 Container rgg5cc32f0f0a-node12-1 Creating 
 Container rgg5cc32f0f0a-node1-1 Created 
 Container rgg5cc32f0f0a-node5-1 Created 
 Container rgg5cc32f0f0a-node7-1 Created 
 Container rgg5cc32f0f0a-node12-1 Created 
 Container rgg5cc32f0f0a-node14-1 Created 
 Container rgg5cc32f0f0a-node2-1 Created 
 Container rgg5cc32f0f0a-node9-1 Created 
 Container rgg5cc32f0f0a-node10-1 Created 
 Container rgg5cc32f0f0a-node13-1 Created 
 Container rgg5cc32f0f0a-node8-1 Created 
 Container rgg5cc32f0f0a-node3-1 Created 
 Container rgg5cc32f0f0a-node0-1 Created 
 Container rgg5cc32f0f0a-node15-1 Created 
 Container rgg5cc32f0f0a-node4-1 Created 
 Container rgg5cc32f0f0a-node6-1 Created 
 Container rgg5cc32f0f0a-node11-1 Created 
 Container rgg5cc32f0f0a-collector-1 Starting 
 Container rgg5cc32f0f0a-collector-1 Started 
 Container rgg5cc32f0f0a-node11-1 Starting 
 Container rgg5cc32f0f0a-node12-1 Starting 
 Container rgg5cc32f0f0a-node13-1 Starting 
 Container rgg5cc32f0f0a-node2-1 Starting 
 Container rgg5cc32f0f0a-node8-1 Starting 
 Container rgg5cc32f0f0a-node5-1 Starting 
 Container rgg5cc32f0f0a-node0-1 Starting 
 Container rgg5cc32f0f0a-node1-1 Starting 
 Container rgg5cc32f0f0a-node4-1 Starting 
 Container rgg5cc32f0f0a-node14-1 Starting 
 Container rgg5cc32f0f0a-node9-1 Starting 
 Container rgg5cc32f0f0a-node3-1 Starting 
 Container rgg5cc32f0f0a-node7-1 Starting 
 Container rgg5cc32f0f0a-node6-1 Starting 
 Container rgg5cc32f0f0a-node15-1 Starting 
 Container rgg5cc32f0f0a-node10-1 Starting 
 Container rgg5cc32f0f0a-node13-1 Started 
 Container rgg5cc32f0f0a-node4-1 Started 
 Container rgg5cc32f0f0a-node10-1 Started 
 Container rgg5cc32f0f0a-node9-1 Started 
 Container rgg5cc32f0f0a-node1-1 Started 
 Container rgg5cc32f0f0a-node6-1 Started 
 Container rgg5cc32f0f0a-node11-1 Started 
 Container rgg5cc32f0f0a-node12-1 Started 
 Container rgg5cc32f0f0a-node3-1 Started 
 Container rgg5cc32f0f0a-node14-1 Started 
 Container rgg5cc32f0f0a-node8-1 Started 
 Container rgg5cc32f0f0a-node0-1 Started 
 Container rgg5cc32f0f0a-node5-1 Started 
 Container rgg5cc32f0f0a-node15-1 Started 
 Container rgg5cc32f0f0a-node2-1 Started 
 Container rgg5cc32f0f0a-node7-1 Started 
READY_BARRIER: 14/16 node services ready
DRIVER_STARTED: 2026-07-15T13:49:40Z
0
