 Network rggae88b8f53a_default Creating 
 Network rggae88b8f53a_default Created 
 Container rggae88b8f53a-collector-1 Creating 
 Container rggae88b8f53a-collector-1 Created 
 Container rggae88b8f53a-node12-1 Creating 
 Container rggae88b8f53a-node15-1 Creating 
 Container rggae88b8f53a-node14-1 Creating 
 Container rggae88b8f53a-node1-1 Creating 
 Container rggae88b8f53a-node3-1 Creating 
 Container rggae88b8f53a-node0-1 Creating 
 Container rggae88b8f53a-node13-1 Creating 
 Container rggae88b8f53a-node2-1 Creating 
 Container rggae88b8f53a-node6-1 Creating 
 Container rggae88b8f53a-node9-1 Creating 
 Container rggae88b8f53a-node8-1 Creating 
 Container rggae88b8f53a-node10-1 Creating 
 Container rggae88b8f53a-node7-1 Creating 
 Container rggae88b8f53a-node11-1 Creating 
 Container rggae88b8f53a-node5-1 Creating 
 Container rggae88b8f53a-node4-1 Creating 
 Container rggae88b8f53a-node3-1 Created 
 Container rggae88b8f53a-node12-1 Created 
 Container rggae88b8f53a-node1-1 Created 
 Container rggae88b8f53a-node10-1 Created 
 Container rggae88b8f53a-node2-1 Created 
 Container rggae88b8f53a-node0-1 Created 
 Container rggae88b8f53a-node9-1 Created 
 Container rggae88b8f53a-node13-1 Created 
 Container rggae88b8f53a-node14-1 Created 
 Container rggae88b8f53a-node4-1 Created 
 Container rggae88b8f53a-node7-1 Created 
 Container rggae88b8f53a-node15-1 Created 
 Container rggae88b8f53a-node5-1 Created 
 Container rggae88b8f53a-node8-1 Created 
 Container rggae88b8f53a-node6-1 Created 
 Container rggae88b8f53a-node11-1 Created 
 Container rggae88b8f53a-driver-1 Creating 
 Container rggae88b8f53a-driver-1 Created 
 Container rggae88b8f53a-collector-1 Starting 
 Container rggae88b8f53a-collector-1 Started 
 Container rggae88b8f53a-node0-1 Starting 
 Container rggae88b8f53a-node7-1 Starting 
 Container rggae88b8f53a-node14-1 Starting 
 Container rggae88b8f53a-node2-1 Starting 
 Container rggae88b8f53a-node12-1 Starting 
 Container rggae88b8f53a-node13-1 Starting 
 Container rggae88b8f53a-node10-1 Starting 
 Container rggae88b8f53a-node5-1 Starting 
 Container rggae88b8f53a-node1-1 Starting 
 Container rggae88b8f53a-node9-1 Starting 
 Container rggae88b8f53a-node15-1 Starting 
 Container rggae88b8f53a-node6-1 Starting 
 Container rggae88b8f53a-node3-1 Starting 
 Container rggae88b8f53a-node11-1 Starting 
 Container rggae88b8f53a-node4-1 Starting 
 Container rggae88b8f53a-node8-1 Starting 
 Container rggae88b8f53a-node14-1 Started 
 Container rggae88b8f53a-node11-1 Started 
 Container rggae88b8f53a-node7-1 Started 
 Container rggae88b8f53a-node2-1 Started 
 Container rggae88b8f53a-node3-1 Started 
 Container rggae88b8f53a-node0-1 Started 
 Container rggae88b8f53a-node15-1 Started 
 Container rggae88b8f53a-node1-1 Started 
 Container rggae88b8f53a-node5-1 Started 
 Container rggae88b8f53a-node8-1 Started 
 Container rggae88b8f53a-node4-1 Started 
 Container rggae88b8f53a-node10-1 Started 
 Container rggae88b8f53a-node12-1 Started 
 Container rggae88b8f53a-node6-1 Started 
 Container rggae88b8f53a-node13-1 Started 
 Container rggae88b8f53a-node9-1 Started 
 Container rggae88b8f53a-driver-1 Starting 
 Container rggae88b8f53a-driver-1 Started 
0
