 Network rggb7c04b622e_default Creating 
 Network rggb7c04b622e_default Created 
 Container rggb7c04b622e-collector-1 Creating 
 Container rggb7c04b622e-collector-1 Created 
 Container rggb7c04b622e-node13-1 Creating 
 Container rggb7c04b622e-node9-1 Creating 
 Container rggb7c04b622e-node10-1 Creating 
 Container rggb7c04b622e-node7-1 Creating 
 Container rggb7c04b622e-node4-1 Creating 
 Container rggb7c04b622e-node0-1 Creating 
 Container rggb7c04b622e-node2-1 Creating 
 Container rggb7c04b622e-node1-1 Creating 
 Container rggb7c04b622e-node6-1 Creating 
 Container rggb7c04b622e-node14-1 Creating 
 Container rggb7c04b622e-node11-1 Creating 
 Container rggb7c04b622e-node12-1 Creating 
 Container rggb7c04b622e-node5-1 Creating 
 Container rggb7c04b622e-node15-1 Creating 
 Container rggb7c04b622e-node3-1 Creating 
 Container rggb7c04b622e-node8-1 Creating 
 Container rggb7c04b622e-node11-1 Created 
 Container rggb7c04b622e-node9-1 Created 
 Container rggb7c04b622e-node7-1 Created 
 Container rggb7c04b622e-node5-1 Created 
 Container rggb7c04b622e-node1-1 Created 
 Container rggb7c04b622e-node8-1 Created 
 Container rggb7c04b622e-node13-1 Created 
 Container rggb7c04b622e-node14-1 Created 
 Container rggb7c04b622e-node3-1 Created 
 Container rggb7c04b622e-node0-1 Created 
 Container rggb7c04b622e-node10-1 Created 
 Container rggb7c04b622e-node4-1 Created 
 Container rggb7c04b622e-node15-1 Created 
 Container rggb7c04b622e-node12-1 Created 
 Container rggb7c04b622e-node6-1 Created 
 Container rggb7c04b622e-node2-1 Created 
 Container rggb7c04b622e-driver-1 Creating 
 Container rggb7c04b622e-driver-1 Created 
 Container rggb7c04b622e-collector-1 Starting 
 Container rggb7c04b622e-collector-1 Started 
 Container rggb7c04b622e-node9-1 Starting 
 Container rggb7c04b622e-node5-1 Starting 
 Container rggb7c04b622e-node1-1 Starting 
 Container rggb7c04b622e-node2-1 Starting 
 Container rggb7c04b622e-node12-1 Starting 
 Container rggb7c04b622e-node11-1 Starting 
 Container rggb7c04b622e-node7-1 Starting 
 Container rggb7c04b622e-node0-1 Starting 
 Container rggb7c04b622e-node6-1 Starting 
 Container rggb7c04b622e-node3-1 Starting 
 Container rggb7c04b622e-node14-1 Starting 
 Container rggb7c04b622e-node15-1 Starting 
 Container rggb7c04b622e-node13-1 Starting 
 Container rggb7c04b622e-node8-1 Starting 
 Container rggb7c04b622e-node10-1 Starting 
 Container rggb7c04b622e-node4-1 Starting 
 Container rggb7c04b622e-node5-1 Started 
 Container rggb7c04b622e-node6-1 Started 
 Container rggb7c04b622e-node1-1 Started 
 Container rggb7c04b622e-node10-1 Started 
 Container rggb7c04b622e-node4-1 Started 
 Container rggb7c04b622e-node9-1 Started 
 Container rggb7c04b622e-node3-1 Started 
 Container rggb7c04b622e-node12-1 Started 
 Container rggb7c04b622e-node11-1 Started 
 Container rggb7c04b622e-node14-1 Started 
 Container rggb7c04b622e-node15-1 Started 
 Container rggb7c04b622e-node8-1 Started 
 Container rggb7c04b622e-node2-1 Started 
 Container rggb7c04b622e-node0-1 Started 
 Container rggb7c04b622e-node7-1 Started 
 Container rggb7c04b622e-node13-1 Started 
 Container rggb7c04b622e-driver-1 Starting 
 Container rggb7c04b622e-driver-1 Started 
0
