 Network rgg8f036f31e2_default Creating 
 Network rgg8f036f31e2_default Created 
 Container rgg8f036f31e2-collector-1 Creating 
 Container rgg8f036f31e2-collector-1 Created 
 Container rgg8f036f31e2-node15-1 Creating 
 Container rgg8f036f31e2-node5-1 Creating 
 Container rgg8f036f31e2-node3-1 Creating 
 Container rgg8f036f31e2-node4-1 Creating 
 Container rgg8f036f31e2-node0-1 Creating 
 Container rgg8f036f31e2-node22-1 Creating 
 Container rgg8f036f31e2-node19-1 Creating 
 Container rgg8f036f31e2-node18-1 Creating 
 Container rgg8f036f31e2-node10-1 Creating 
 Container rgg8f036f31e2-node2-1 Creating 
 Container rgg8f036f31e2-node17-1 Creating 
 Container rgg8f036f31e2-node1-1 Creating 
 Container rgg8f036f31e2-node7-1 Creating 
 Container rgg8f036f31e2-node14-1 Creating 
 Container rgg8f036f31e2-node16-1 Creating 
 Container rgg8f036f31e2-node6-1 Creating 
 Container rgg8f036f31e2-node11-1 Creating 
 Container rgg8f036f31e2-node20-1 Creating 
 Container rgg8f036f31e2-node23-1 Creating 
 Container rgg8f036f31e2-node12-1 Creating 
 Container rgg8f036f31e2-node9-1 Creating 
 Container rgg8f036f31e2-node13-1 Creating 
 Container rgg8f036f31e2-node8-1 Creating 
 Container rgg8f036f31e2-node21-1 Creating 
 Container rgg8f036f31e2-node3-1 Created 
 Container rgg8f036f31e2-node5-1 Created 
 Container rgg8f036f31e2-node12-1 Created 
 Container rgg8f036f31e2-node13-1 Created 
 Container rgg8f036f31e2-node4-1 Created 
 Container rgg8f036f31e2-node15-1 Created 
 Container rgg8f036f31e2-node9-1 Created 
 Container rgg8f036f31e2-node6-1 Created 
 Container rgg8f036f31e2-node16-1 Created 
 Container rgg8f036f31e2-node2-1 Created 
 Container rgg8f036f31e2-node22-1 Created 
 Container rgg8f036f31e2-node10-1 Created 
 Container rgg8f036f31e2-node1-1 Created 
 Container rgg8f036f31e2-node11-1 Created 
 Container rgg8f036f31e2-node8-1 Created 
 Container rgg8f036f31e2-node18-1 Created 
 Container rgg8f036f31e2-node0-1 Created 
 Container rgg8f036f31e2-node21-1 Created 
 Container rgg8f036f31e2-node14-1 Created 
 Container rgg8f036f31e2-node19-1 Created 
 Container rgg8f036f31e2-node23-1 Created 
 Container rgg8f036f31e2-node20-1 Created 
 Container rgg8f036f31e2-node17-1 Created 
 Container rgg8f036f31e2-node7-1 Created 
 Container rgg8f036f31e2-collector-1 Starting 
 Container rgg8f036f31e2-collector-1 Started 
 Container rgg8f036f31e2-node13-1 Starting 
 Container rgg8f036f31e2-node16-1 Starting 
 Container rgg8f036f31e2-node11-1 Starting 
 Container rgg8f036f31e2-node7-1 Starting 
 Container rgg8f036f31e2-node1-1 Starting 
 Container rgg8f036f31e2-node21-1 Starting 
 Container rgg8f036f31e2-node12-1 Starting 
 Container rgg8f036f31e2-node6-1 Starting 
 Container rgg8f036f31e2-node19-1 Starting 
 Container rgg8f036f31e2-node8-1 Starting 
 Container rgg8f036f31e2-node5-1 Starting 
 Container rgg8f036f31e2-node23-1 Starting 
 Container rgg8f036f31e2-node2-1 Starting 
 Container rgg8f036f31e2-node4-1 Starting 
 Container rgg8f036f31e2-node3-1 Starting 
 Container rgg8f036f31e2-node15-1 Starting 
 Container rgg8f036f31e2-node20-1 Starting 
 Container rgg8f036f31e2-node18-1 Starting 
 Container rgg8f036f31e2-node9-1 Starting 
 Container rgg8f036f31e2-node17-1 Starting 
 Container rgg8f036f31e2-node14-1 Starting 
 Container rgg8f036f31e2-node22-1 Starting 
 Container rgg8f036f31e2-node10-1 Starting 
 Container rgg8f036f31e2-node0-1 Starting 
 Container rgg8f036f31e2-node6-1 Started 
 Container rgg8f036f31e2-node13-1 Started 
 Container rgg8f036f31e2-node4-1 Started 
 Container rgg8f036f31e2-node18-1 Started 
 Container rgg8f036f31e2-node17-1 Started 
 Container rgg8f036f31e2-node1-1 Started 
 Container rgg8f036f31e2-node0-1 Started 
 Container rgg8f036f31e2-node8-1 Started 
 Container rgg8f036f31e2-node11-1 Started 
 Container rgg8f036f31e2-node2-1 Started 
 Container rgg8f036f31e2-node9-1 Started 
 Container rgg8f036f31e2-node7-1 Started 
 Container rgg8f036f31e2-node10-1 Started 
 Container rgg8f036f31e2-node3-1 Started 
 Container rgg8f036f31e2-node14-1 Started 
 Container rgg8f036f31e2-node23-1 Started 
 Container rgg8f036f31e2-node20-1 Started 
 Container rgg8f036f31e2-node22-1 Started 
 Container rgg8f036f31e2-node19-1 Started 
 Container rgg8f036f31e2-node16-1 Started 
 Container rgg8f036f31e2-node5-1 Started 
 Container rgg8f036f31e2-node21-1 Started 
 Container rgg8f036f31e2-node12-1 Started 
 Container rgg8f036f31e2-node15-1 Started 
READY_BARRIER: 22/24 node services ready
NETEM_APPLIED node0 iface=eth0: qdisc netem 89c9: root refcnt 17 limit 1000 delay 10ms  2ms seed 1874621025979608761
NETEM_APPLIED node1 iface=eth0: qdisc netem 89ca: root refcnt 17 limit 1000 delay 10ms  2ms seed 14675478338072375437
NETEM_APPLIED node2 iface=eth0: qdisc netem 89cb: root refcnt 17 limit 1000 delay 10ms  2ms seed 5784842604278300033
NETEM_APPLIED node3 iface=eth0: qdisc netem 89cc: root refcnt 17 limit 1000 delay 10ms  2ms seed 15614509072091406677
NETEM_APPLIED node4 iface=eth0: qdisc netem 89cd: root refcnt 17 limit 1000 delay 10ms  2ms seed 10944349461789349684
NETEM_APPLIED node5 iface=eth0: qdisc netem 89ce: root refcnt 17 limit 1000 delay 10ms  2ms seed 5250641095944986154
NETEM_APPLIED node6 iface=eth0: qdisc netem 89cf: root refcnt 17 limit 1000 delay 10ms  2ms seed 16663147806703551045
NETEM_APPLIED node7 iface=eth0: qdisc netem 89d0: root refcnt 17 limit 1000 delay 10ms  2ms seed 4806669521042607805
NETEM_APPLIED node8 iface=eth0: qdisc netem 89d1: root refcnt 17 limit 1000 delay 10ms  2ms seed 984101355667059356
NETEM_APPLIED node9 iface=eth0: qdisc netem 89d2: root refcnt 17 limit 1000 delay 10ms  2ms seed 3780090083904525467
NETEM_APPLIED node10 iface=eth0: qdisc netem 89d3: root refcnt 17 limit 1000 delay 10ms  2ms seed 5578049801583703124
NETEM_APPLIED node11 iface=eth0: qdisc netem 89d4: root refcnt 17 limit 1000 delay 10ms  2ms seed 6442148833146283831
NETEM_APPLIED node12 iface=eth0: qdisc netem 89d5: root refcnt 17 limit 1000 delay 10ms  2ms seed 1189318473929028853
NETEM_APPLIED node13 iface=eth0: qdisc netem 89d6: root refcnt 17 limit 1000 delay 10ms  2ms seed 14233142104648155399
NETEM_APPLIED node14 iface=eth0: qdisc netem 89d7: root refcnt 17 limit 1000 delay 10ms  2ms seed 6292663853197040140
NETEM_APPLIED node15 iface=eth0: qdisc netem 89d8: root refcnt 17 limit 1000 delay 10ms  2ms seed 12570907820614475977
NETEM_APPLIED node16 iface=eth0: qdisc netem 89d9: root refcnt 17 limit 1000 delay 10ms  2ms seed 5661108438757428819
NETEM_APPLIED node17 iface=eth0: qdisc netem 89da: root refcnt 17 limit 1000 delay 10ms  2ms seed 274850729804600967
NETEM_APPLIED node18 iface=eth0: qdisc netem 89db: root refcnt 17 limit 1000 delay 10ms  2ms seed 7574338192516460934
NETEM_APPLIED node19 iface=eth0: qdisc netem 89dc: root refcnt 17 limit 1000 delay 10ms  2ms seed 12972418551065153312
NETEM_APPLIED node20 iface=eth0: qdisc netem 89dd: root refcnt 17 limit 1000 delay 10ms  2ms seed 11079970403690207329
NETEM_APPLIED node21 iface=eth0: qdisc netem 89de: root refcnt 17 limit 1000 delay 10ms  2ms seed 3945838377076895835
NETEM_APPLIED node22 iface=eth0: qdisc netem 89df: root refcnt 17 limit 1000 delay 10ms  2ms seed 14195590878057314830
NETEM_APPLIED node23 iface=eth0: qdisc netem 89e0: root refcnt 17 limit 1000 delay 10ms  2ms seed 13288314331481559141
NETEM_RTT_GATE OK: baseline=0.1ms actual=19.6ms increase=19.5ms
DRIVER_STARTED: 2026-07-15T14:19:51Z
0
