 Network rggd47158f6c6_default Creating 
 Network rggd47158f6c6_default Created 
 Container rggd47158f6c6-collector-1 Creating 
 Container rggd47158f6c6-collector-1 Created 
 Container rggd47158f6c6-node10-1 Creating 
 Container rggd47158f6c6-node5-1 Creating 
 Container rggd47158f6c6-node2-1 Creating 
 Container rggd47158f6c6-node13-1 Creating 
 Container rggd47158f6c6-node1-1 Creating 
 Container rggd47158f6c6-node6-1 Creating 
 Container rggd47158f6c6-node0-1 Creating 
 Container rggd47158f6c6-node14-1 Creating 
 Container rggd47158f6c6-node3-1 Creating 
 Container rggd47158f6c6-node15-1 Creating 
 Container rggd47158f6c6-node7-1 Creating 
 Container rggd47158f6c6-node8-1 Creating 
 Container rggd47158f6c6-node11-1 Creating 
 Container rggd47158f6c6-node12-1 Creating 
 Container rggd47158f6c6-node4-1 Creating 
 Container rggd47158f6c6-node9-1 Creating 
 Container rggd47158f6c6-node1-1 Created 
 Container rggd47158f6c6-node10-1 Created 
 Container rggd47158f6c6-node2-1 Created 
 Container rggd47158f6c6-node8-1 Created 
 Container rggd47158f6c6-node0-1 Created 
 Container rggd47158f6c6-node5-1 Created 
 Container rggd47158f6c6-node12-1 Created 
 Container rggd47158f6c6-node15-1 Created 
 Container rggd47158f6c6-node3-1 Created 
 Container rggd47158f6c6-node6-1 Created 
 Container rggd47158f6c6-node7-1 Created 
 Container rggd47158f6c6-node11-1 Created 
 Container rggd47158f6c6-node13-1 Created 
 Container rggd47158f6c6-node14-1 Created 
 Container rggd47158f6c6-node9-1 Created 
 Container rggd47158f6c6-node4-1 Created 
 Container rggd47158f6c6-collector-1 Starting 
 Container rggd47158f6c6-collector-1 Started 
 Container rggd47158f6c6-node15-1 Starting 
 Container rggd47158f6c6-node1-1 Starting 
 Container rggd47158f6c6-node0-1 Starting 
 Container rggd47158f6c6-node9-1 Starting 
 Container rggd47158f6c6-node14-1 Starting 
 Container rggd47158f6c6-node4-1 Starting 
 Container rggd47158f6c6-node6-1 Starting 
 Container rggd47158f6c6-node7-1 Starting 
 Container rggd47158f6c6-node3-1 Starting 
 Container rggd47158f6c6-node13-1 Starting 
 Container rggd47158f6c6-node12-1 Starting 
 Container rggd47158f6c6-node8-1 Starting 
 Container rggd47158f6c6-node10-1 Starting 
 Container rggd47158f6c6-node11-1 Starting 
 Container rggd47158f6c6-node2-1 Starting 
 Container rggd47158f6c6-node5-1 Starting 
 Container rggd47158f6c6-node1-1 Started 
 Container rggd47158f6c6-node5-1 Started 
 Container rggd47158f6c6-node15-1 Started 
 Container rggd47158f6c6-node0-1 Started 
 Container rggd47158f6c6-node12-1 Started 
 Container rggd47158f6c6-node11-1 Started 
 Container rggd47158f6c6-node14-1 Started 
 Container rggd47158f6c6-node13-1 Started 
 Container rggd47158f6c6-node8-1 Started 
 Container rggd47158f6c6-node7-1 Started 
 Container rggd47158f6c6-node4-1 Started 
 Container rggd47158f6c6-node3-1 Started 
 Container rggd47158f6c6-node10-1 Started 
 Container rggd47158f6c6-node2-1 Started 
 Container rggd47158f6c6-node9-1 Started 
 Container rggd47158f6c6-node6-1 Started 
READY_BARRIER: 14/16 node services ready
DRIVER_STARTED: 2026-07-17T15:35:44Z
0
