 Network rggf2ca540e60_default Creating 
 Network rggf2ca540e60_default Created 
 Container rggf2ca540e60-collector-1 Creating 
 Container rggf2ca540e60-collector-1 Created 
 Container rggf2ca540e60-node23-1 Creating 
 Container rggf2ca540e60-node12-1 Creating 
 Container rggf2ca540e60-node15-1 Creating 
 Container rggf2ca540e60-node22-1 Creating 
 Container rggf2ca540e60-node9-1 Creating 
 Container rggf2ca540e60-node1-1 Creating 
 Container rggf2ca540e60-node4-1 Creating 
 Container rggf2ca540e60-node13-1 Creating 
 Container rggf2ca540e60-node18-1 Creating 
 Container rggf2ca540e60-node11-1 Creating 
 Container rggf2ca540e60-node5-1 Creating 
 Container rggf2ca540e60-node19-1 Creating 
 Container rggf2ca540e60-node14-1 Creating 
 Container rggf2ca540e60-node10-1 Creating 
 Container rggf2ca540e60-node17-1 Creating 
 Container rggf2ca540e60-node6-1 Creating 
 Container rggf2ca540e60-node7-1 Creating 
 Container rggf2ca540e60-node8-1 Creating 
 Container rggf2ca540e60-node20-1 Creating 
 Container rggf2ca540e60-node2-1 Creating 
 Container rggf2ca540e60-node3-1 Creating 
 Container rggf2ca540e60-node0-1 Creating 
 Container rggf2ca540e60-node21-1 Creating 
 Container rggf2ca540e60-node16-1 Creating 
 Container rggf2ca540e60-node22-1 Created 
 Container rggf2ca540e60-node9-1 Created 
 Container rggf2ca540e60-node5-1 Created 
 Container rggf2ca540e60-node12-1 Created 
 Container rggf2ca540e60-node21-1 Created 
 Container rggf2ca540e60-node13-1 Created 
 Container rggf2ca540e60-node20-1 Created 
 Container rggf2ca540e60-node15-1 Created 
 Container rggf2ca540e60-node4-1 Created 
 Container rggf2ca540e60-node11-1 Created 
 Container rggf2ca540e60-node1-1 Created 
 Container rggf2ca540e60-node23-1 Created 
 Container rggf2ca540e60-node2-1 Created 
 Container rggf2ca540e60-node8-1 Created 
 Container rggf2ca540e60-node0-1 Created 
 Container rggf2ca540e60-node6-1 Created 
 Container rggf2ca540e60-node14-1 Created 
 Container rggf2ca540e60-node18-1 Created 
 Container rggf2ca540e60-node10-1 Created 
 Container rggf2ca540e60-node19-1 Created 
 Container rggf2ca540e60-node16-1 Created 
 Container rggf2ca540e60-node7-1 Created 
 Container rggf2ca540e60-node3-1 Created 
 Container rggf2ca540e60-node17-1 Created 
 Container rggf2ca540e60-driver-1 Creating 
 Container rggf2ca540e60-driver-1 Created 
 Container rggf2ca540e60-collector-1 Starting 
 Container rggf2ca540e60-collector-1 Started 
 Container rggf2ca540e60-node18-1 Starting 
 Container rggf2ca540e60-node21-1 Starting 
 Container rggf2ca540e60-node23-1 Starting 
 Container rggf2ca540e60-node17-1 Starting 
 Container rggf2ca540e60-node9-1 Starting 
 Container rggf2ca540e60-node10-1 Starting 
 Container rggf2ca540e60-node20-1 Starting 
 Container rggf2ca540e60-node7-1 Starting 
 Container rggf2ca540e60-node1-1 Starting 
 Container rggf2ca540e60-node22-1 Starting 
 Container rggf2ca540e60-node6-1 Starting 
 Container rggf2ca540e60-node16-1 Starting 
 Container rggf2ca540e60-node8-1 Starting 
 Container rggf2ca540e60-node13-1 Starting 
 Container rggf2ca540e60-node14-1 Starting 
 Container rggf2ca540e60-node0-1 Starting 
 Container rggf2ca540e60-node11-1 Starting 
 Container rggf2ca540e60-node15-1 Starting 
 Container rggf2ca540e60-node2-1 Starting 
 Container rggf2ca540e60-node12-1 Starting 
 Container rggf2ca540e60-node19-1 Starting 
 Container rggf2ca540e60-node4-1 Starting 
 Container rggf2ca540e60-node5-1 Starting 
 Container rggf2ca540e60-node3-1 Starting 
 Container rggf2ca540e60-node13-1 Started 
 Container rggf2ca540e60-node18-1 Started 
 Container rggf2ca540e60-node21-1 Started 
 Container rggf2ca540e60-node0-1 Started 
 Container rggf2ca540e60-node22-1 Started 
 Container rggf2ca540e60-node5-1 Started 
 Container rggf2ca540e60-node20-1 Started 
 Container rggf2ca540e60-node19-1 Started 
 Container rggf2ca540e60-node4-1 Started 
 Container rggf2ca540e60-node3-1 Started 
 Container rggf2ca540e60-node17-1 Started 
 Container rggf2ca540e60-node1-1 Started 
 Container rggf2ca540e60-node15-1 Started 
 Container rggf2ca540e60-node14-1 Started 
 Container rggf2ca540e60-node6-1 Started 
 Container rggf2ca540e60-node16-1 Started 
 Container rggf2ca540e60-node12-1 Started 
 Container rggf2ca540e60-node9-1 Started 
 Container rggf2ca540e60-node8-1 Started 
 Container rggf2ca540e60-node10-1 Started 
 Container rggf2ca540e60-node2-1 Started 
 Container rggf2ca540e60-node23-1 Started 
 Container rggf2ca540e60-node7-1 Started 
 Container rggf2ca540e60-node11-1 Started 
 Container rggf2ca540e60-driver-1 Starting 
 Container rggf2ca540e60-driver-1 Started 
0
