 Network rggfb246ee49c_default Creating 
 Network rggfb246ee49c_default Created 
 Container rggfb246ee49c-collector-1 Creating 
 Container rggfb246ee49c-collector-1 Created 
 Container rggfb246ee49c-node2-1 Creating 
 Container rggfb246ee49c-node6-1 Creating 
 Container rggfb246ee49c-node7-1 Creating 
 Container rggfb246ee49c-node9-1 Creating 
 Container rggfb246ee49c-node11-1 Creating 
 Container rggfb246ee49c-node4-1 Creating 
 Container rggfb246ee49c-node14-1 Creating 
 Container rggfb246ee49c-node1-1 Creating 
 Container rggfb246ee49c-node0-1 Creating 
 Container rggfb246ee49c-node15-1 Creating 
 Container rggfb246ee49c-node10-1 Creating 
 Container rggfb246ee49c-node8-1 Creating 
 Container rggfb246ee49c-node3-1 Creating 
 Container rggfb246ee49c-node13-1 Creating 
 Container rggfb246ee49c-node5-1 Creating 
 Container rggfb246ee49c-node12-1 Creating 
 Container rggfb246ee49c-node2-1 Created 
 Container rggfb246ee49c-node9-1 Created 
 Container rggfb246ee49c-node1-1 Created 
 Container rggfb246ee49c-node13-1 Created 
 Container rggfb246ee49c-node0-1 Created 
 Container rggfb246ee49c-node10-1 Created 
 Container rggfb246ee49c-node5-1 Created 
 Container rggfb246ee49c-node6-1 Created 
 Container rggfb246ee49c-node14-1 Created 
 Container rggfb246ee49c-node4-1 Created 
 Container rggfb246ee49c-node8-1 Created 
 Container rggfb246ee49c-node3-1 Created 
 Container rggfb246ee49c-node15-1 Created 
 Container rggfb246ee49c-node7-1 Created 
 Container rggfb246ee49c-node11-1 Created 
 Container rggfb246ee49c-node12-1 Created 
 Container rggfb246ee49c-driver-1 Creating 
 Container rggfb246ee49c-driver-1 Created 
 Container rggfb246ee49c-collector-1 Starting 
 Container rggfb246ee49c-collector-1 Started 
 Container rggfb246ee49c-node8-1 Starting 
 Container rggfb246ee49c-node7-1 Starting 
 Container rggfb246ee49c-node13-1 Starting 
 Container rggfb246ee49c-node2-1 Starting 
 Container rggfb246ee49c-node10-1 Starting 
 Container rggfb246ee49c-node3-1 Starting 
 Container rggfb246ee49c-node4-1 Starting 
 Container rggfb246ee49c-node15-1 Starting 
 Container rggfb246ee49c-node6-1 Starting 
 Container rggfb246ee49c-node11-1 Starting 
 Container rggfb246ee49c-node5-1 Starting 
 Container rggfb246ee49c-node12-1 Starting 
 Container rggfb246ee49c-node1-1 Starting 
 Container rggfb246ee49c-node0-1 Starting 
 Container rggfb246ee49c-node14-1 Starting 
 Container rggfb246ee49c-node9-1 Starting 
 Container rggfb246ee49c-node13-1 Started 
 Container rggfb246ee49c-node11-1 Started 
 Container rggfb246ee49c-node6-1 Started 
 Container rggfb246ee49c-node3-1 Started 
 Container rggfb246ee49c-node8-1 Started 
 Container rggfb246ee49c-node12-1 Started 
 Container rggfb246ee49c-node2-1 Started 
 Container rggfb246ee49c-node0-1 Started 
 Container rggfb246ee49c-node1-1 Started 
 Container rggfb246ee49c-node9-1 Started 
 Container rggfb246ee49c-node4-1 Started 
 Container rggfb246ee49c-node10-1 Started 
 Container rggfb246ee49c-node7-1 Started 
 Container rggfb246ee49c-node5-1 Started 
 Container rggfb246ee49c-node14-1 Started 
 Container rggfb246ee49c-node15-1 Started 
 Container rggfb246ee49c-driver-1 Starting 
 Container rggfb246ee49c-driver-1 Started 
0
