 Network rggbd1b84cbdc_default Creating 
 Network rggbd1b84cbdc_default Created 
 Container rggbd1b84cbdc-collector-1 Creating 
 Container rggbd1b84cbdc-collector-1 Created 
 Container rggbd1b84cbdc-node14-1 Creating 
 Container rggbd1b84cbdc-node20-1 Creating 
 Container rggbd1b84cbdc-node4-1 Creating 
 Container rggbd1b84cbdc-node13-1 Creating 
 Container rggbd1b84cbdc-node10-1 Creating 
 Container rggbd1b84cbdc-node18-1 Creating 
 Container rggbd1b84cbdc-node23-1 Creating 
 Container rggbd1b84cbdc-node22-1 Creating 
 Container rggbd1b84cbdc-node8-1 Creating 
 Container rggbd1b84cbdc-node17-1 Creating 
 Container rggbd1b84cbdc-node0-1 Creating 
 Container rggbd1b84cbdc-node2-1 Creating 
 Container rggbd1b84cbdc-node21-1 Creating 
 Container rggbd1b84cbdc-node9-1 Creating 
 Container rggbd1b84cbdc-node6-1 Creating 
 Container rggbd1b84cbdc-node7-1 Creating 
 Container rggbd1b84cbdc-node5-1 Creating 
 Container rggbd1b84cbdc-node15-1 Creating 
 Container rggbd1b84cbdc-node12-1 Creating 
 Container rggbd1b84cbdc-node19-1 Creating 
 Container rggbd1b84cbdc-node3-1 Creating 
 Container rggbd1b84cbdc-node16-1 Creating 
 Container rggbd1b84cbdc-node11-1 Creating 
 Container rggbd1b84cbdc-node1-1 Creating 
 Container rggbd1b84cbdc-node17-1 Created 
 Container rggbd1b84cbdc-node22-1 Created 
 Container rggbd1b84cbdc-node4-1 Created 
 Container rggbd1b84cbdc-node20-1 Created 
 Container rggbd1b84cbdc-node2-1 Created 
 Container rggbd1b84cbdc-node14-1 Created 
 Container rggbd1b84cbdc-node21-1 Created 
 Container rggbd1b84cbdc-node18-1 Created 
 Container rggbd1b84cbdc-node13-1 Created 
 Container rggbd1b84cbdc-node16-1 Created 
 Container rggbd1b84cbdc-node10-1 Created 
 Container rggbd1b84cbdc-node23-1 Created 
 Container rggbd1b84cbdc-node12-1 Created 
 Container rggbd1b84cbdc-node8-1 Created 
 Container rggbd1b84cbdc-node5-1 Created 
 Container rggbd1b84cbdc-node3-1 Created 
 Container rggbd1b84cbdc-node19-1 Created 
 Container rggbd1b84cbdc-node7-1 Created 
 Container rggbd1b84cbdc-node1-1 Created 
 Container rggbd1b84cbdc-node6-1 Created 
 Container rggbd1b84cbdc-node11-1 Created 
 Container rggbd1b84cbdc-node0-1 Created 
 Container rggbd1b84cbdc-node9-1 Created 
 Container rggbd1b84cbdc-node15-1 Created 
 Container rggbd1b84cbdc-driver-1 Creating 
 Container rggbd1b84cbdc-driver-1 Created 
 Container rggbd1b84cbdc-collector-1 Starting 
 Container rggbd1b84cbdc-collector-1 Started 
 Container rggbd1b84cbdc-node17-1 Starting 
 Container rggbd1b84cbdc-node0-1 Starting 
 Container rggbd1b84cbdc-node12-1 Starting 
 Container rggbd1b84cbdc-node10-1 Starting 
 Container rggbd1b84cbdc-node20-1 Starting 
 Container rggbd1b84cbdc-node6-1 Starting 
 Container rggbd1b84cbdc-node13-1 Starting 
 Container rggbd1b84cbdc-node1-1 Starting 
 Container rggbd1b84cbdc-node11-1 Starting 
 Container rggbd1b84cbdc-node7-1 Starting 
 Container rggbd1b84cbdc-node4-1 Starting 
 Container rggbd1b84cbdc-node21-1 Starting 
 Container rggbd1b84cbdc-node23-1 Starting 
 Container rggbd1b84cbdc-node3-1 Starting 
 Container rggbd1b84cbdc-node18-1 Starting 
 Container rggbd1b84cbdc-node14-1 Starting 
 Container rggbd1b84cbdc-node9-1 Starting 
 Container rggbd1b84cbdc-node8-1 Starting 
 Container rggbd1b84cbdc-node2-1 Starting 
 Container rggbd1b84cbdc-node15-1 Starting 
 Container rggbd1b84cbdc-node16-1 Starting 
 Container rggbd1b84cbdc-node5-1 Starting 
 Container rggbd1b84cbdc-node22-1 Starting 
 Container rggbd1b84cbdc-node19-1 Starting 
 Container rggbd1b84cbdc-node0-1 Started 
 Container rggbd1b84cbdc-node19-1 Started 
 Container rggbd1b84cbdc-node13-1 Started 
 Container rggbd1b84cbdc-node16-1 Started 
 Container rggbd1b84cbdc-node17-1 Started 
 Container rggbd1b84cbdc-node18-1 Started 
 Container rggbd1b84cbdc-node1-1 Started 
 Container rggbd1b84cbdc-node22-1 Started 
 Container rggbd1b84cbdc-node12-1 Started 
 Container rggbd1b84cbdc-node9-1 Started 
 Container rggbd1b84cbdc-node20-1 Started 
 Container rggbd1b84cbdc-node7-1 Started 
 Container rggbd1b84cbdc-node21-1 Started 
 Container rggbd1b84cbdc-node4-1 Started 
 Container rggbd1b84cbdc-node2-1 Started 
 Container rggbd1b84cbdc-node8-1 Started 
 Container rggbd1b84cbdc-node15-1 Started 
 Container rggbd1b84cbdc-node10-1 Started 
 Container rggbd1b84cbdc-node11-1 Started 
 Container rggbd1b84cbdc-node23-1 Started 
 Container rggbd1b84cbdc-node3-1 Started 
 Container rggbd1b84cbdc-node6-1 Started 
 Container rggbd1b84cbdc-node14-1 Started 
 Container rggbd1b84cbdc-node5-1 Started 
 Container rggbd1b84cbdc-driver-1 Starting 
 Container rggbd1b84cbdc-driver-1 Started 
0
