 Network rgg697133787e_default Creating 
 Network rgg697133787e_default Created 
 Container rgg697133787e-collector-1 Creating 
 Container rgg697133787e-collector-1 Created 
 Container rgg697133787e-node19-1 Creating 
 Container rgg697133787e-node18-1 Creating 
 Container rgg697133787e-node21-1 Creating 
 Container rgg697133787e-node23-1 Creating 
 Container rgg697133787e-node4-1 Creating 
 Container rgg697133787e-node11-1 Creating 
 Container rgg697133787e-node16-1 Creating 
 Container rgg697133787e-node12-1 Creating 
 Container rgg697133787e-node14-1 Creating 
 Container rgg697133787e-node0-1 Creating 
 Container rgg697133787e-node10-1 Creating 
 Container rgg697133787e-node8-1 Creating 
 Container rgg697133787e-node15-1 Creating 
 Container rgg697133787e-node22-1 Creating 
 Container rgg697133787e-node5-1 Creating 
 Container rgg697133787e-node20-1 Creating 
 Container rgg697133787e-node6-1 Creating 
 Container rgg697133787e-node7-1 Creating 
 Container rgg697133787e-node2-1 Creating 
 Container rgg697133787e-node3-1 Creating 
 Container rgg697133787e-node9-1 Creating 
 Container rgg697133787e-node13-1 Creating 
 Container rgg697133787e-node1-1 Creating 
 Container rgg697133787e-node17-1 Creating 
 Container rgg697133787e-node2-1 Created 
 Container rgg697133787e-node18-1 Created 
 Container rgg697133787e-node19-1 Created 
 Container rgg697133787e-node4-1 Created 
 Container rgg697133787e-node12-1 Created 
 Container rgg697133787e-node11-1 Created 
 Container rgg697133787e-node21-1 Created 
 Container rgg697133787e-node17-1 Created 
 Container rgg697133787e-node22-1 Created 
 Container rgg697133787e-node0-1 Created 
 Container rgg697133787e-node13-1 Created 
 Container rgg697133787e-node6-1 Created 
 Container rgg697133787e-node3-1 Created 
 Container rgg697133787e-node5-1 Created 
 Container rgg697133787e-node23-1 Created 
 Container rgg697133787e-node10-1 Created 
 Container rgg697133787e-node14-1 Created 
 Container rgg697133787e-node9-1 Created 
 Container rgg697133787e-node1-1 Created 
 Container rgg697133787e-node16-1 Created 
 Container rgg697133787e-node15-1 Created 
 Container rgg697133787e-node20-1 Created 
 Container rgg697133787e-node7-1 Created 
 Container rgg697133787e-node8-1 Created 
 Container rgg697133787e-collector-1 Starting 
 Container rgg697133787e-collector-1 Started 
 Container rgg697133787e-node12-1 Starting 
 Container rgg697133787e-node15-1 Starting 
 Container rgg697133787e-node20-1 Starting 
 Container rgg697133787e-node0-1 Starting 
 Container rgg697133787e-node4-1 Starting 
 Container rgg697133787e-node6-1 Starting 
 Container rgg697133787e-node16-1 Starting 
 Container rgg697133787e-node18-1 Starting 
 Container rgg697133787e-node7-1 Starting 
 Container rgg697133787e-node14-1 Starting 
 Container rgg697133787e-node9-1 Starting 
 Container rgg697133787e-node3-1 Starting 
 Container rgg697133787e-node22-1 Starting 
 Container rgg697133787e-node17-1 Starting 
 Container rgg697133787e-node19-1 Starting 
 Container rgg697133787e-node21-1 Starting 
 Container rgg697133787e-node8-1 Starting 
 Container rgg697133787e-node1-1 Starting 
 Container rgg697133787e-node13-1 Starting 
 Container rgg697133787e-node23-1 Starting 
 Container rgg697133787e-node10-1 Starting 
 Container rgg697133787e-node5-1 Starting 
 Container rgg697133787e-node11-1 Starting 
 Container rgg697133787e-node2-1 Starting 
 Container rgg697133787e-node10-1 Started 
 Container rgg697133787e-node12-1 Started 
 Container rgg697133787e-node9-1 Started 
 Container rgg697133787e-node2-1 Started 
 Container rgg697133787e-node11-1 Started 
 Container rgg697133787e-node20-1 Started 
 Container rgg697133787e-node22-1 Started 
 Container rgg697133787e-node7-1 Started 
 Container rgg697133787e-node14-1 Started 
 Container rgg697133787e-node15-1 Started 
 Container rgg697133787e-node23-1 Started 
 Container rgg697133787e-node21-1 Started 
 Container rgg697133787e-node3-1 Started 
 Container rgg697133787e-node0-1 Started 
 Container rgg697133787e-node6-1 Started 
 Container rgg697133787e-node18-1 Started 
 Container rgg697133787e-node16-1 Started 
 Container rgg697133787e-node5-1 Started 
 Container rgg697133787e-node4-1 Started 
 Container rgg697133787e-node19-1 Started 
 Container rgg697133787e-node1-1 Started 
 Container rgg697133787e-node8-1 Started 
 Container rgg697133787e-node13-1 Started 
 Container rgg697133787e-node17-1 Started 
NETEM_APPLIED node0 iface=eth0: qdisc netem 8859: root refcnt 17 limit 1000 delay 50ms  10ms seed 4978290473784254194
NETEM_APPLIED node1 iface=eth0: qdisc netem 885a: root refcnt 17 limit 1000 delay 50ms  10ms seed 4269415630037507279
NETEM_APPLIED node2 iface=eth0: qdisc netem 885b: root refcnt 17 limit 1000 delay 50ms  10ms seed 6058539904154062303
NETEM_APPLIED node3 iface=eth0: qdisc netem 885c: root refcnt 17 limit 1000 delay 50ms  10ms seed 14265197309055079129
NETEM_APPLIED node4 iface=eth0: qdisc netem 885d: root refcnt 17 limit 1000 delay 50ms  10ms seed 7975583997847767306
NETEM_APPLIED node5 iface=eth0: qdisc netem 885e: root refcnt 17 limit 1000 delay 50ms  10ms seed 1257177003353742828
NETEM_APPLIED node6 iface=eth0: qdisc netem 885f: root refcnt 17 limit 1000 delay 50ms  10ms seed 704558658582856165
NETEM_APPLIED node7 iface=eth0: qdisc netem 8860: root refcnt 17 limit 1000 delay 50ms  10ms seed 14479475150293777676
NETEM_APPLIED node8 iface=eth0: qdisc netem 8861: root refcnt 17 limit 1000 delay 50ms  10ms seed 8732860179028309060
NETEM_APPLIED node9 iface=eth0: qdisc netem 8862: root refcnt 17 limit 1000 delay 50ms  10ms seed 13287975372921828775
NETEM_APPLIED node10 iface=eth0: qdisc netem 8863: root refcnt 17 limit 1000 delay 50ms  10ms seed 15744345746862827193
NETEM_APPLIED node11 iface=eth0: qdisc netem 8864: root refcnt 17 limit 1000 delay 50ms  10ms seed 9687288334177104798
NETEM_APPLIED node12 iface=eth0: qdisc netem 8865: root refcnt 17 limit 1000 delay 50ms  10ms seed 2927249429952038896
NETEM_APPLIED node13 iface=eth0: qdisc netem 8866: root refcnt 17 limit 1000 delay 50ms  10ms seed 16290712705718733415
NETEM_APPLIED node14 iface=eth0: qdisc netem 8867: root refcnt 17 limit 1000 delay 50ms  10ms seed 12317903907102440399
NETEM_APPLIED node15 iface=eth0: qdisc netem 8868: root refcnt 17 limit 1000 delay 50ms  10ms seed 4981979040839086199
NETEM_APPLIED node16 iface=eth0: qdisc netem 8869: root refcnt 17 limit 1000 delay 50ms  10ms seed 3160366851745993319
NETEM_APPLIED node17 iface=eth0: qdisc netem 886a: root refcnt 17 limit 1000 delay 50ms  10ms seed 7114494147340134065
NETEM_APPLIED node18 iface=eth0: qdisc netem 886b: root refcnt 17 limit 1000 delay 50ms  10ms seed 5227431285698952074
NETEM_APPLIED node19 iface=eth0: qdisc netem 886c: root refcnt 17 limit 1000 delay 50ms  10ms seed 9186605411906072769
NETEM_APPLIED node20 iface=eth0: qdisc netem 886d: root refcnt 17 limit 1000 delay 50ms  10ms seed 1604197829691447217
NETEM_APPLIED node21 iface=eth0: qdisc netem 886e: root refcnt 17 limit 1000 delay 50ms  10ms seed 2565871547788438795
NETEM_APPLIED node22 iface=eth0: qdisc netem 886f: root refcnt 17 limit 1000 delay 50ms  10ms seed 10118453370706512721
NETEM_APPLIED node23 iface=eth0: qdisc netem 8870: root refcnt 17 limit 1000 delay 50ms  10ms seed 8553979192277260455
NETEM_RTT_GATE OK: baseline=0.1ms actual=102.0ms increase=101.9ms
DRIVER_STARTED: 2026-07-15T07:28:59Z
0
QDSK_CLEANUP_FAIL node0: Command '['docker', 'exec', 'rgg697133787e-node0-1', 'sh', '-c', "ip -o -4 addr show scope global 2>/dev/null | head -1 | awk '{print $2}'"]' returned non-zero exit status 1.
QDSK_CLEANUP_FAIL node1: Command '['docker', 'exec', 'rgg697133787e-node1-1', 'sh', '-c', "ip -o -4 addr show scope global 2>/dev/null | head -1 | awk '{print $2}'"]' returned non-zero exit status 1.
QDSK_CLEANUP_FAIL node2: Command '['docker', 'exec', 'rgg697133787e-node2-1', 'sh', '-c', "ip -o -4 addr show scope global 2>/dev/null | head -1 | awk '{print $2}'"]' returned non-zero exit status 1.
QDSK_CLEANUP_FAIL node3: Command '['docker', 'exec', 'rgg697133787e-node3-1', 'sh', '-c', "ip -o -4 addr show scope global 2>/dev/null | head -1 | awk '{print $2}'"]' returned non-zero exit status 1.
QDSK_CLEANUP_FAIL node4: Command '['docker', 'exec', 'rgg697133787e-node4-1', 'sh', '-c', "ip -o -4 addr show scope global 2>/dev/null | head -1 | awk '{print $2}'"]' returned non-zero exit status 1.
QDSK_CLEANUP_FAIL node5: Command '['docker', 'exec', 'rgg697133787e-node5-1', 'sh', '-c', "ip -o -4 addr show scope global 2>/dev/null | head -1 | awk '{print $2}'"]' returned non-zero exit status 1.
QDSK_CLEANUP_FAIL node6: Command '['docker', 'exec', 'rgg697133787e-node6-1', 'sh', '-c', "ip -o -4 addr show scope global 2>/dev/null | head -1 | awk '{print $2}'"]' returned non-zero exit status 1.
QDSK_CLEANUP_FAIL node7: Command '['docker', 'exec', 'rgg697133787e-node7-1', 'sh', '-c', "ip -o -4 addr show scope global 2>/dev/null | head -1 | awk '{print $2}'"]' returned non-zero exit status 1.
QDSK_CLEANUP_FAIL node8: Command '['docker', 'exec', 'rgg697133787e-node8-1', 'sh', '-c', "ip -o -4 addr show scope global 2>/dev/null | head -1 | awk '{print $2}'"]' returned non-zero exit status 1.
QDSK_CLEANUP_FAIL node9: Command '['docker', 'exec', 'rgg697133787e-node9-1', 'sh', '-c', "ip -o -4 addr show scope global 2>/dev/null | head -1 | awk '{print $2}'"]' returned non-zero exit status 1.
QDSK_CLEANUP_FAIL node10: Command '['docker', 'exec', 'rgg697133787e-node10-1', 'sh', '-c', "ip -o -4 addr show scope global 2>/dev/null | head -1 | awk '{print $2}'"]' returned non-zero exit status 1.
QDSK_CLEANUP_FAIL node11: Command '['docker', 'exec', 'rgg697133787e-node11-1', 'sh', '-c', "ip -o -4 addr show scope global 2>/dev/null | head -1 | awk '{print $2}'"]' returned non-zero exit status 1.
QDSK_CLEANUP_FAIL node12: Command '['docker', 'exec', 'rgg697133787e-node12-1', 'sh', '-c', "ip -o -4 addr show scope global 2>/dev/null | head -1 | awk '{print $2}'"]' returned non-zero exit status 1.
QDSK_CLEANUP_FAIL node13: Command '['docker', 'exec', 'rgg697133787e-node13-1', 'sh', '-c', "ip -o -4 addr show scope global 2>/dev/null | head -1 | awk '{print $2}'"]' returned non-zero exit status 1.
QDSK_CLEANUP_FAIL node14: Command '['docker', 'exec', 'rgg697133787e-node14-1', 'sh', '-c', "ip -o -4 addr show scope global 2>/dev/null | head -1 | awk '{print $2}'"]' returned non-zero exit status 1.
QDSK_CLEANUP_FAIL node15: Command '['docker', 'exec', 'rgg697133787e-node15-1', 'sh', '-c', "ip -o -4 addr show scope global 2>/dev/null | head -1 | awk '{print $2}'"]' returned non-zero exit status 1.
QDSK_CLEANUP_FAIL node16: Command '['docker', 'exec', 'rgg697133787e-node16-1', 'sh', '-c', "ip -o -4 addr show scope global 2>/dev/null | head -1 | awk '{print $2}'"]' returned non-zero exit status 1.
QDSK_CLEANUP_FAIL node17: Command '['docker', 'exec', 'rgg697133787e-node17-1', 'sh', '-c', "ip -o -4 addr show scope global 2>/dev/null | head -1 | awk '{print $2}'"]' returned non-zero exit status 1.
QDSK_CLEANUP_FAIL node18: Command '['docker', 'exec', 'rgg697133787e-node18-1', 'sh', '-c', "ip -o -4 addr show scope global 2>/dev/null | head -1 | awk '{print $2}'"]' returned non-zero exit status 1.
QDSK_CLEANUP_FAIL node19: Command '['docker', 'exec', 'rgg697133787e-node19-1', 'sh', '-c', "ip -o -4 addr show scope global 2>/dev/null | head -1 | awk '{print $2}'"]' returned non-zero exit status 1.
QDSK_CLEANUP_FAIL node20: Command '['docker', 'exec', 'rgg697133787e-node20-1', 'sh', '-c', "ip -o -4 addr show scope global 2>/dev/null | head -1 | awk '{print $2}'"]' returned non-zero exit status 1.
QDSK_CLEANUP_FAIL node21: Command '['docker', 'exec', 'rgg697133787e-node21-1', 'sh', '-c', "ip -o -4 addr show scope global 2>/dev/null | head -1 | awk '{print $2}'"]' returned non-zero exit status 1.
QDSK_CLEANUP_FAIL node22: Command '['docker', 'exec', 'rgg697133787e-node22-1', 'sh', '-c', "ip -o -4 addr show scope global 2>/dev/null | head -1 | awk '{print $2}'"]' returned non-zero exit status 1.
QDSK_CLEANUP_FAIL node23: Command '['docker', 'exec', 'rgg697133787e-node23-1', 'sh', '-c', "ip -o -4 addr show scope global 2>/dev/null | head -1 | awk '{print $2}'"]' returned non-zero exit status 1.
