 Network rgg8e6666fede_default Creating 
 Network rgg8e6666fede_default Created 
 Container rgg8e6666fede-collector-1 Creating 
 Container rgg8e6666fede-collector-1 Created 
 Container rgg8e6666fede-node3-1 Creating 
 Container rgg8e6666fede-node14-1 Creating 
 Container rgg8e6666fede-node5-1 Creating 
 Container rgg8e6666fede-node16-1 Creating 
 Container rgg8e6666fede-node0-1 Creating 
 Container rgg8e6666fede-node2-1 Creating 
 Container rgg8e6666fede-node6-1 Creating 
 Container rgg8e6666fede-node11-1 Creating 
 Container rgg8e6666fede-node13-1 Creating 
 Container rgg8e6666fede-node15-1 Creating 
 Container rgg8e6666fede-node18-1 Creating 
 Container rgg8e6666fede-node4-1 Creating 
 Container rgg8e6666fede-node7-1 Creating 
 Container rgg8e6666fede-node17-1 Creating 
 Container rgg8e6666fede-node19-1 Creating 
 Container rgg8e6666fede-node9-1 Creating 
 Container rgg8e6666fede-node1-1 Creating 
 Container rgg8e6666fede-node8-1 Creating 
 Container rgg8e6666fede-node12-1 Creating 
 Container rgg8e6666fede-node10-1 Creating 
 Container rgg8e6666fede-node4-1 Created 
 Container rgg8e6666fede-node6-1 Created 
 Container rgg8e6666fede-node2-1 Created 
 Container rgg8e6666fede-node12-1 Created 
 Container rgg8e6666fede-node0-1 Created 
 Container rgg8e6666fede-node9-1 Created 
 Container rgg8e6666fede-node3-1 Created 
 Container rgg8e6666fede-node5-1 Created 
 Container rgg8e6666fede-node11-1 Created 
 Container rgg8e6666fede-node1-1 Created 
 Container rgg8e6666fede-node8-1 Created 
 Container rgg8e6666fede-node19-1 Created 
 Container rgg8e6666fede-node17-1 Created 
 Container rgg8e6666fede-node13-1 Created 
 Container rgg8e6666fede-node15-1 Created 
 Container rgg8e6666fede-node16-1 Created 
 Container rgg8e6666fede-node10-1 Created 
 Container rgg8e6666fede-node18-1 Created 
 Container rgg8e6666fede-node14-1 Created 
 Container rgg8e6666fede-node7-1 Created 
 Container rgg8e6666fede-driver-1 Creating 
 Container rgg8e6666fede-driver-1 Created 
 Container rgg8e6666fede-collector-1 Starting 
 Container rgg8e6666fede-collector-1 Started 
 Container rgg8e6666fede-node1-1 Starting 
 Container rgg8e6666fede-node16-1 Starting 
 Container rgg8e6666fede-node4-1 Starting 
 Container rgg8e6666fede-node7-1 Starting 
 Container rgg8e6666fede-node17-1 Starting 
 Container rgg8e6666fede-node18-1 Starting 
 Container rgg8e6666fede-node6-1 Starting 
 Container rgg8e6666fede-node19-1 Starting 
 Container rgg8e6666fede-node12-1 Starting 
 Container rgg8e6666fede-node2-1 Starting 
 Container rgg8e6666fede-node14-1 Starting 
 Container rgg8e6666fede-node15-1 Starting 
 Container rgg8e6666fede-node0-1 Starting 
 Container rgg8e6666fede-node9-1 Starting 
 Container rgg8e6666fede-node11-1 Starting 
 Container rgg8e6666fede-node3-1 Starting 
 Container rgg8e6666fede-node13-1 Starting 
 Container rgg8e6666fede-node10-1 Starting 
 Container rgg8e6666fede-node5-1 Starting 
 Container rgg8e6666fede-node8-1 Starting 
 Container rgg8e6666fede-node7-1 Started 
 Container rgg8e6666fede-node1-1 Started 
 Container rgg8e6666fede-node15-1 Started 
 Container rgg8e6666fede-node6-1 Started 
 Container rgg8e6666fede-node0-1 Started 
 Container rgg8e6666fede-node3-1 Started 
 Container rgg8e6666fede-node5-1 Started 
 Container rgg8e6666fede-node13-1 Started 
 Container rgg8e6666fede-node11-1 Started 
 Container rgg8e6666fede-node12-1 Started 
 Container rgg8e6666fede-node4-1 Started 
 Container rgg8e6666fede-node2-1 Started 
 Container rgg8e6666fede-node9-1 Started 
 Container rgg8e6666fede-node10-1 Started 
 Container rgg8e6666fede-node19-1 Started 
 Container rgg8e6666fede-node18-1 Started 
 Container rgg8e6666fede-node16-1 Started 
 Container rgg8e6666fede-node14-1 Started 
 Container rgg8e6666fede-node8-1 Started 
 Container rgg8e6666fede-node17-1 Started 
 Container rgg8e6666fede-driver-1 Starting 
 Container rgg8e6666fede-driver-1 Started 
0
