 Network rgg90e9a1f625_default Creating 
 Network rgg90e9a1f625_default Created 
 Container rgg90e9a1f625-collector-1 Creating 
 Container rgg90e9a1f625-collector-1 Created 
 Container rgg90e9a1f625-node5-1 Creating 
 Container rgg90e9a1f625-node15-1 Creating 
 Container rgg90e9a1f625-node10-1 Creating 
 Container rgg90e9a1f625-node9-1 Creating 
 Container rgg90e9a1f625-node13-1 Creating 
 Container rgg90e9a1f625-node3-1 Creating 
 Container rgg90e9a1f625-node4-1 Creating 
 Container rgg90e9a1f625-node6-1 Creating 
 Container rgg90e9a1f625-node11-1 Creating 
 Container rgg90e9a1f625-node8-1 Creating 
 Container rgg90e9a1f625-node14-1 Creating 
 Container rgg90e9a1f625-node2-1 Creating 
 Container rgg90e9a1f625-node1-1 Creating 
 Container rgg90e9a1f625-node7-1 Creating 
 Container rgg90e9a1f625-node12-1 Creating 
 Container rgg90e9a1f625-node0-1 Creating 
 Container rgg90e9a1f625-node8-1 Created 
 Container rgg90e9a1f625-node15-1 Created 
 Container rgg90e9a1f625-node3-1 Created 
 Container rgg90e9a1f625-node1-1 Created 
 Container rgg90e9a1f625-node9-1 Created 
 Container rgg90e9a1f625-node0-1 Created 
 Container rgg90e9a1f625-node5-1 Created 
 Container rgg90e9a1f625-node4-1 Created 
 Container rgg90e9a1f625-node10-1 Created 
 Container rgg90e9a1f625-node13-1 Created 
 Container rgg90e9a1f625-node11-1 Created 
 Container rgg90e9a1f625-node12-1 Created 
 Container rgg90e9a1f625-node7-1 Created 
 Container rgg90e9a1f625-node14-1 Created 
 Container rgg90e9a1f625-node2-1 Created 
 Container rgg90e9a1f625-node6-1 Created 
 Container rgg90e9a1f625-driver-1 Creating 
 Container rgg90e9a1f625-driver-1 Created 
 Container rgg90e9a1f625-collector-1 Starting 
 Container rgg90e9a1f625-collector-1 Started 
 Container rgg90e9a1f625-node15-1 Starting 
 Container rgg90e9a1f625-node5-1 Starting 
 Container rgg90e9a1f625-node8-1 Starting 
 Container rgg90e9a1f625-node11-1 Starting 
 Container rgg90e9a1f625-node3-1 Starting 
 Container rgg90e9a1f625-node0-1 Starting 
 Container rgg90e9a1f625-node4-1 Starting 
 Container rgg90e9a1f625-node14-1 Starting 
 Container rgg90e9a1f625-node7-1 Starting 
 Container rgg90e9a1f625-node10-1 Starting 
 Container rgg90e9a1f625-node2-1 Starting 
 Container rgg90e9a1f625-node9-1 Starting 
 Container rgg90e9a1f625-node6-1 Starting 
 Container rgg90e9a1f625-node13-1 Starting 
 Container rgg90e9a1f625-node1-1 Starting 
 Container rgg90e9a1f625-node12-1 Starting 
 Container rgg90e9a1f625-node13-1 Started 
 Container rgg90e9a1f625-node4-1 Started 
 Container rgg90e9a1f625-node10-1 Started 
 Container rgg90e9a1f625-node8-1 Started 
 Container rgg90e9a1f625-node2-1 Started 
 Container rgg90e9a1f625-node5-1 Started 
 Container rgg90e9a1f625-node14-1 Started 
 Container rgg90e9a1f625-node7-1 Started 
 Container rgg90e9a1f625-node15-1 Started 
 Container rgg90e9a1f625-node3-1 Started 
 Container rgg90e9a1f625-node12-1 Started 
 Container rgg90e9a1f625-node6-1 Started 
 Container rgg90e9a1f625-node9-1 Started 
 Container rgg90e9a1f625-node0-1 Started 
 Container rgg90e9a1f625-node1-1 Started 
 Container rgg90e9a1f625-node11-1 Started 
 Container rgg90e9a1f625-driver-1 Starting 
 Container rgg90e9a1f625-driver-1 Started 
0
