 Network rggcb58f3b960_default Creating 
 Network rggcb58f3b960_default Created 
 Container rggcb58f3b960-collector-1 Creating 
 Container rggcb58f3b960-collector-1 Created 
 Container rggcb58f3b960-node13-1 Creating 
 Container rggcb58f3b960-node0-1 Creating 
 Container rggcb58f3b960-node11-1 Creating 
 Container rggcb58f3b960-node2-1 Creating 
 Container rggcb58f3b960-node12-1 Creating 
 Container rggcb58f3b960-node5-1 Creating 
 Container rggcb58f3b960-node17-1 Creating 
 Container rggcb58f3b960-node6-1 Creating 
 Container rggcb58f3b960-node15-1 Creating 
 Container rggcb58f3b960-node3-1 Creating 
 Container rggcb58f3b960-node4-1 Creating 
 Container rggcb58f3b960-node21-1 Creating 
 Container rggcb58f3b960-node14-1 Creating 
 Container rggcb58f3b960-node20-1 Creating 
 Container rggcb58f3b960-node22-1 Creating 
 Container rggcb58f3b960-node18-1 Creating 
 Container rggcb58f3b960-node1-1 Creating 
 Container rggcb58f3b960-node16-1 Creating 
 Container rggcb58f3b960-node10-1 Creating 
 Container rggcb58f3b960-node9-1 Creating 
 Container rggcb58f3b960-node19-1 Creating 
 Container rggcb58f3b960-node7-1 Creating 
 Container rggcb58f3b960-node8-1 Creating 
 Container rggcb58f3b960-node23-1 Creating 
 Container rggcb58f3b960-node5-1 Created 
 Container rggcb58f3b960-node13-1 Created 
 Container rggcb58f3b960-node11-1 Created 
 Container rggcb58f3b960-node0-1 Created 
 Container rggcb58f3b960-node21-1 Created 
 Container rggcb58f3b960-node18-1 Created 
 Container rggcb58f3b960-node3-1 Created 
 Container rggcb58f3b960-node12-1 Created 
 Container rggcb58f3b960-node14-1 Created 
 Container rggcb58f3b960-node20-1 Created 
 Container rggcb58f3b960-node1-1 Created 
 Container rggcb58f3b960-node16-1 Created 
 Container rggcb58f3b960-node9-1 Created 
 Container rggcb58f3b960-node7-1 Created 
 Container rggcb58f3b960-node15-1 Created 
 Container rggcb58f3b960-node2-1 Created 
 Container rggcb58f3b960-node22-1 Created 
 Container rggcb58f3b960-node23-1 Created 
 Container rggcb58f3b960-node19-1 Created 
 Container rggcb58f3b960-node6-1 Created 
 Container rggcb58f3b960-node4-1 Created 
 Container rggcb58f3b960-node10-1 Created 
 Container rggcb58f3b960-node17-1 Created 
 Container rggcb58f3b960-node8-1 Created 
 Container rggcb58f3b960-driver-1 Creating 
 Container rggcb58f3b960-driver-1 Created 
 Container rggcb58f3b960-collector-1 Starting 
 Container rggcb58f3b960-collector-1 Started 
 Container rggcb58f3b960-node10-1 Starting 
 Container rggcb58f3b960-node0-1 Starting 
 Container rggcb58f3b960-node19-1 Starting 
 Container rggcb58f3b960-node1-1 Starting 
 Container rggcb58f3b960-node3-1 Starting 
 Container rggcb58f3b960-node16-1 Starting 
 Container rggcb58f3b960-node9-1 Starting 
 Container rggcb58f3b960-node22-1 Starting 
 Container rggcb58f3b960-node17-1 Starting 
 Container rggcb58f3b960-node18-1 Starting 
 Container rggcb58f3b960-node20-1 Starting 
 Container rggcb58f3b960-node2-1 Starting 
 Container rggcb58f3b960-node7-1 Starting 
 Container rggcb58f3b960-node6-1 Starting 
 Container rggcb58f3b960-node5-1 Starting 
 Container rggcb58f3b960-node23-1 Starting 
 Container rggcb58f3b960-node11-1 Starting 
 Container rggcb58f3b960-node21-1 Starting 
 Container rggcb58f3b960-node13-1 Starting 
 Container rggcb58f3b960-node15-1 Starting 
 Container rggcb58f3b960-node12-1 Starting 
 Container rggcb58f3b960-node14-1 Starting 
 Container rggcb58f3b960-node8-1 Starting 
 Container rggcb58f3b960-node4-1 Starting 
 Container rggcb58f3b960-node0-1 Started 
 Container rggcb58f3b960-node13-1 Started 
 Container rggcb58f3b960-node19-1 Started 
 Container rggcb58f3b960-node14-1 Started 
 Container rggcb58f3b960-node2-1 Started 
 Container rggcb58f3b960-node6-1 Started 
 Container rggcb58f3b960-node17-1 Started 
 Container rggcb58f3b960-node18-1 Started 
 Container rggcb58f3b960-node11-1 Started 
 Container rggcb58f3b960-node7-1 Started 
 Container rggcb58f3b960-node10-1 Started 
 Container rggcb58f3b960-node1-1 Started 
 Container rggcb58f3b960-node20-1 Started 
 Container rggcb58f3b960-node3-1 Started 
 Container rggcb58f3b960-node5-1 Started 
 Container rggcb58f3b960-node12-1 Started 
 Container rggcb58f3b960-node4-1 Started 
 Container rggcb58f3b960-node21-1 Started 
 Container rggcb58f3b960-node23-1 Started 
 Container rggcb58f3b960-node15-1 Started 
 Container rggcb58f3b960-node8-1 Started 
 Container rggcb58f3b960-node16-1 Started 
 Container rggcb58f3b960-node22-1 Started 
 Container rggcb58f3b960-node9-1 Started 
 Container rggcb58f3b960-driver-1 Starting 
 Container rggcb58f3b960-driver-1 Started 
0
