 Network rgg7a8ac7aafe_default Creating 
 Network rgg7a8ac7aafe_default Created 
 Container rgg7a8ac7aafe-collector-1 Creating 
 Container rgg7a8ac7aafe-collector-1 Created 
 Container rgg7a8ac7aafe-node10-1 Creating 
 Container rgg7a8ac7aafe-node0-1 Creating 
 Container rgg7a8ac7aafe-node1-1 Creating 
 Container rgg7a8ac7aafe-node8-1 Creating 
 Container rgg7a8ac7aafe-node3-1 Creating 
 Container rgg7a8ac7aafe-node15-1 Creating 
 Container rgg7a8ac7aafe-node13-1 Creating 
 Container rgg7a8ac7aafe-node12-1 Creating 
 Container rgg7a8ac7aafe-node2-1 Creating 
 Container rgg7a8ac7aafe-node14-1 Creating 
 Container rgg7a8ac7aafe-node4-1 Creating 
 Container rgg7a8ac7aafe-node7-1 Creating 
 Container rgg7a8ac7aafe-node5-1 Creating 
 Container rgg7a8ac7aafe-node9-1 Creating 
 Container rgg7a8ac7aafe-node11-1 Creating 
 Container rgg7a8ac7aafe-node6-1 Creating 
 Container rgg7a8ac7aafe-node2-1 Created 
 Container rgg7a8ac7aafe-node4-1 Created 
 Container rgg7a8ac7aafe-node10-1 Created 
 Container rgg7a8ac7aafe-node0-1 Created 
 Container rgg7a8ac7aafe-node15-1 Created 
 Container rgg7a8ac7aafe-node6-1 Created 
 Container rgg7a8ac7aafe-node12-1 Created 
 Container rgg7a8ac7aafe-node9-1 Created 
 Container rgg7a8ac7aafe-node7-1 Created 
 Container rgg7a8ac7aafe-node3-1 Created 
 Container rgg7a8ac7aafe-node11-1 Created 
 Container rgg7a8ac7aafe-node1-1 Created 
 Container rgg7a8ac7aafe-node5-1 Created 
 Container rgg7a8ac7aafe-node14-1 Created 
 Container rgg7a8ac7aafe-node8-1 Created 
 Container rgg7a8ac7aafe-node13-1 Created 
 Container rgg7a8ac7aafe-driver-1 Creating 
 Container rgg7a8ac7aafe-driver-1 Created 
 Container rgg7a8ac7aafe-collector-1 Starting 
 Container rgg7a8ac7aafe-collector-1 Started 
 Container rgg7a8ac7aafe-node4-1 Starting 
 Container rgg7a8ac7aafe-node13-1 Starting 
 Container rgg7a8ac7aafe-node6-1 Starting 
 Container rgg7a8ac7aafe-node11-1 Starting 
 Container rgg7a8ac7aafe-node5-1 Starting 
 Container rgg7a8ac7aafe-node10-1 Starting 
 Container rgg7a8ac7aafe-node0-1 Starting 
 Container rgg7a8ac7aafe-node3-1 Starting 
 Container rgg7a8ac7aafe-node8-1 Starting 
 Container rgg7a8ac7aafe-node2-1 Starting 
 Container rgg7a8ac7aafe-node12-1 Starting 
 Container rgg7a8ac7aafe-node15-1 Starting 
 Container rgg7a8ac7aafe-node14-1 Starting 
 Container rgg7a8ac7aafe-node7-1 Starting 
 Container rgg7a8ac7aafe-node1-1 Starting 
 Container rgg7a8ac7aafe-node9-1 Starting 
 Container rgg7a8ac7aafe-node5-1 Started 
 Container rgg7a8ac7aafe-node7-1 Started 
 Container rgg7a8ac7aafe-node4-1 Started 
 Container rgg7a8ac7aafe-node13-1 Started 
 Container rgg7a8ac7aafe-node11-1 Started 
 Container rgg7a8ac7aafe-node6-1 Started 
 Container rgg7a8ac7aafe-node10-1 Started 
 Container rgg7a8ac7aafe-node0-1 Started 
 Container rgg7a8ac7aafe-node15-1 Started 
 Container rgg7a8ac7aafe-node3-1 Started 
 Container rgg7a8ac7aafe-node1-1 Started 
 Container rgg7a8ac7aafe-node12-1 Started 
 Container rgg7a8ac7aafe-node14-1 Started 
 Container rgg7a8ac7aafe-node9-1 Started 
 Container rgg7a8ac7aafe-node8-1 Started 
 Container rgg7a8ac7aafe-node2-1 Started 
 Container rgg7a8ac7aafe-driver-1 Starting 
 Container rgg7a8ac7aafe-driver-1 Started 
0
