 Network rggd7bceac0ae_default Creating 
 Network rggd7bceac0ae_default Created 
 Container rggd7bceac0ae-collector-1 Creating 
 Container rggd7bceac0ae-collector-1 Created 
 Container rggd7bceac0ae-node7-1 Creating 
 Container rggd7bceac0ae-node5-1 Creating 
 Container rggd7bceac0ae-node14-1 Creating 
 Container rggd7bceac0ae-node12-1 Creating 
 Container rggd7bceac0ae-node6-1 Creating 
 Container rggd7bceac0ae-node8-1 Creating 
 Container rggd7bceac0ae-node10-1 Creating 
 Container rggd7bceac0ae-node11-1 Creating 
 Container rggd7bceac0ae-node2-1 Creating 
 Container rggd7bceac0ae-node0-1 Creating 
 Container rggd7bceac0ae-node1-1 Creating 
 Container rggd7bceac0ae-node4-1 Creating 
 Container rggd7bceac0ae-node15-1 Creating 
 Container rggd7bceac0ae-node3-1 Creating 
 Container rggd7bceac0ae-node13-1 Creating 
 Container rggd7bceac0ae-node9-1 Creating 
 Container rggd7bceac0ae-node5-1 Created 
 Container rggd7bceac0ae-node7-1 Created 
 Container rggd7bceac0ae-node1-1 Created 
 Container rggd7bceac0ae-node8-1 Created 
 Container rggd7bceac0ae-node15-1 Created 
 Container rggd7bceac0ae-node6-1 Created 
 Container rggd7bceac0ae-node2-1 Created 
 Container rggd7bceac0ae-node9-1 Created 
 Container rggd7bceac0ae-node11-1 Created 
 Container rggd7bceac0ae-node13-1 Created 
 Container rggd7bceac0ae-node0-1 Created 
 Container rggd7bceac0ae-node3-1 Created 
 Container rggd7bceac0ae-node14-1 Created 
 Container rggd7bceac0ae-node12-1 Created 
 Container rggd7bceac0ae-node10-1 Created 
 Container rggd7bceac0ae-node4-1 Created 
 Container rggd7bceac0ae-driver-1 Creating 
 Container rggd7bceac0ae-driver-1 Created 
 Container rggd7bceac0ae-collector-1 Starting 
 Container rggd7bceac0ae-collector-1 Started 
 Container rggd7bceac0ae-node1-1 Starting 
 Container rggd7bceac0ae-node0-1 Starting 
 Container rggd7bceac0ae-node8-1 Starting 
 Container rggd7bceac0ae-node11-1 Starting 
 Container rggd7bceac0ae-node12-1 Starting 
 Container rggd7bceac0ae-node14-1 Starting 
 Container rggd7bceac0ae-node3-1 Starting 
 Container rggd7bceac0ae-node15-1 Starting 
 Container rggd7bceac0ae-node13-1 Starting 
 Container rggd7bceac0ae-node9-1 Starting 
 Container rggd7bceac0ae-node6-1 Starting 
 Container rggd7bceac0ae-node2-1 Starting 
 Container rggd7bceac0ae-node7-1 Starting 
 Container rggd7bceac0ae-node4-1 Starting 
 Container rggd7bceac0ae-node10-1 Starting 
 Container rggd7bceac0ae-node5-1 Starting 
 Container rggd7bceac0ae-node0-1 Started 
 Container rggd7bceac0ae-node5-1 Started 
 Container rggd7bceac0ae-node10-1 Started 
 Container rggd7bceac0ae-node7-1 Started 
 Container rggd7bceac0ae-node15-1 Started 
 Container rggd7bceac0ae-node3-1 Started 
 Container rggd7bceac0ae-node1-1 Started 
 Container rggd7bceac0ae-node9-1 Started 
 Container rggd7bceac0ae-node2-1 Started 
 Container rggd7bceac0ae-node11-1 Started 
 Container rggd7bceac0ae-node8-1 Started 
 Container rggd7bceac0ae-node6-1 Started 
 Container rggd7bceac0ae-node14-1 Started 
 Container rggd7bceac0ae-node12-1 Started 
 Container rggd7bceac0ae-node13-1 Started 
 Container rggd7bceac0ae-node4-1 Started 
 Container rggd7bceac0ae-driver-1 Starting 
 Container rggd7bceac0ae-driver-1 Started 
0
