 Network rgge7c83d845d_default Creating 
 Network rgge7c83d845d_default Created 
 Container rgge7c83d845d-collector-1 Creating 
 Container rgge7c83d845d-collector-1 Created 
 Container rgge7c83d845d-node14-1 Creating 
 Container rgge7c83d845d-node9-1 Creating 
 Container rgge7c83d845d-node21-1 Creating 
 Container rgge7c83d845d-node16-1 Creating 
 Container rgge7c83d845d-node12-1 Creating 
 Container rgge7c83d845d-node7-1 Creating 
 Container rgge7c83d845d-node11-1 Creating 
 Container rgge7c83d845d-node20-1 Creating 
 Container rgge7c83d845d-node0-1 Creating 
 Container rgge7c83d845d-node3-1 Creating 
 Container rgge7c83d845d-node6-1 Creating 
 Container rgge7c83d845d-node10-1 Creating 
 Container rgge7c83d845d-node19-1 Creating 
 Container rgge7c83d845d-node23-1 Creating 
 Container rgge7c83d845d-node15-1 Creating 
 Container rgge7c83d845d-node13-1 Creating 
 Container rgge7c83d845d-node2-1 Creating 
 Container rgge7c83d845d-node18-1 Creating 
 Container rgge7c83d845d-node1-1 Creating 
 Container rgge7c83d845d-node8-1 Creating 
 Container rgge7c83d845d-node17-1 Creating 
 Container rgge7c83d845d-node4-1 Creating 
 Container rgge7c83d845d-node5-1 Creating 
 Container rgge7c83d845d-node22-1 Creating 
 Container rgge7c83d845d-node7-1 Created 
 Container rgge7c83d845d-node23-1 Created 
 Container rgge7c83d845d-node14-1 Created 
 Container rgge7c83d845d-node20-1 Created 
 Container rgge7c83d845d-node12-1 Created 
 Container rgge7c83d845d-node1-1 Created 
 Container rgge7c83d845d-node11-1 Created 
 Container rgge7c83d845d-node2-1 Created 
 Container rgge7c83d845d-node15-1 Created 
 Container rgge7c83d845d-node3-1 Created 
 Container rgge7c83d845d-node9-1 Created 
 Container rgge7c83d845d-node21-1 Created 
 Container rgge7c83d845d-node16-1 Created 
 Container rgge7c83d845d-node19-1 Created 
 Container rgge7c83d845d-node8-1 Created 
 Container rgge7c83d845d-node17-1 Created 
 Container rgge7c83d845d-node6-1 Created 
 Container rgge7c83d845d-node10-1 Created 
 Container rgge7c83d845d-node22-1 Created 
 Container rgge7c83d845d-node5-1 Created 
 Container rgge7c83d845d-node18-1 Created 
 Container rgge7c83d845d-node0-1 Created 
 Container rgge7c83d845d-node4-1 Created 
 Container rgge7c83d845d-node13-1 Created 
 Container rgge7c83d845d-driver-1 Creating 
 Container rgge7c83d845d-driver-1 Created 
 Container rgge7c83d845d-collector-1 Starting 
 Container rgge7c83d845d-collector-1 Started 
 Container rgge7c83d845d-node21-1 Starting 
 Container rgge7c83d845d-node6-1 Starting 
 Container rgge7c83d845d-node3-1 Starting 
 Container rgge7c83d845d-node18-1 Starting 
 Container rgge7c83d845d-node2-1 Starting 
 Container rgge7c83d845d-node14-1 Starting 
 Container rgge7c83d845d-node0-1 Starting 
 Container rgge7c83d845d-node16-1 Starting 
 Container rgge7c83d845d-node22-1 Starting 
 Container rgge7c83d845d-node17-1 Starting 
 Container rgge7c83d845d-node23-1 Starting 
 Container rgge7c83d845d-node9-1 Starting 
 Container rgge7c83d845d-node4-1 Starting 
 Container rgge7c83d845d-node5-1 Starting 
 Container rgge7c83d845d-node19-1 Starting 
 Container rgge7c83d845d-node10-1 Starting 
 Container rgge7c83d845d-node1-1 Starting 
 Container rgge7c83d845d-node13-1 Starting 
 Container rgge7c83d845d-node8-1 Starting 
 Container rgge7c83d845d-node7-1 Starting 
 Container rgge7c83d845d-node15-1 Starting 
 Container rgge7c83d845d-node12-1 Starting 
 Container rgge7c83d845d-node20-1 Starting 
 Container rgge7c83d845d-node11-1 Starting 
 Container rgge7c83d845d-node7-1 Started 
 Container rgge7c83d845d-node6-1 Started 
 Container rgge7c83d845d-node17-1 Started 
 Container rgge7c83d845d-node13-1 Started 
 Container rgge7c83d845d-node0-1 Started 
 Container rgge7c83d845d-node12-1 Started 
 Container rgge7c83d845d-node11-1 Started 
 Container rgge7c83d845d-node20-1 Started 
 Container rgge7c83d845d-node14-1 Started 
 Container rgge7c83d845d-node21-1 Started 
 Container rgge7c83d845d-node19-1 Started 
 Container rgge7c83d845d-node10-1 Started 
 Container rgge7c83d845d-node2-1 Started 
 Container rgge7c83d845d-node23-1 Started 
 Container rgge7c83d845d-node15-1 Started 
 Container rgge7c83d845d-node16-1 Started 
 Container rgge7c83d845d-node18-1 Started 
 Container rgge7c83d845d-node5-1 Started 
 Container rgge7c83d845d-node8-1 Started 
 Container rgge7c83d845d-node3-1 Started 
 Container rgge7c83d845d-node22-1 Started 
 Container rgge7c83d845d-node9-1 Started 
 Container rgge7c83d845d-node1-1 Started 
 Container rgge7c83d845d-node4-1 Started 
 Container rgge7c83d845d-driver-1 Starting 
 Container rgge7c83d845d-driver-1 Started 
0
