 Network rggb938eb2c07_default Creating 
 Network rggb938eb2c07_default Created 
 Container rggb938eb2c07-collector-1 Creating 
 Container rggb938eb2c07-collector-1 Created 
 Container rggb938eb2c07-node13-1 Creating 
 Container rggb938eb2c07-node2-1 Creating 
 Container rggb938eb2c07-node1-1 Creating 
 Container rggb938eb2c07-node7-1 Creating 
 Container rggb938eb2c07-node15-1 Creating 
 Container rggb938eb2c07-node11-1 Creating 
 Container rggb938eb2c07-node8-1 Creating 
 Container rggb938eb2c07-node6-1 Creating 
 Container rggb938eb2c07-node0-1 Creating 
 Container rggb938eb2c07-node14-1 Creating 
 Container rggb938eb2c07-node3-1 Creating 
 Container rggb938eb2c07-node5-1 Creating 
 Container rggb938eb2c07-node10-1 Creating 
 Container rggb938eb2c07-node9-1 Creating 
 Container rggb938eb2c07-node12-1 Creating 
 Container rggb938eb2c07-node4-1 Creating 
 Container rggb938eb2c07-node1-1 Created 
 Container rggb938eb2c07-node7-1 Created 
 Container rggb938eb2c07-node15-1 Created 
 Container rggb938eb2c07-node13-1 Created 
 Container rggb938eb2c07-node5-1 Created 
 Container rggb938eb2c07-node10-1 Created 
 Container rggb938eb2c07-node8-1 Created 
 Container rggb938eb2c07-node12-1 Created 
 Container rggb938eb2c07-node11-1 Created 
 Container rggb938eb2c07-node3-1 Created 
 Container rggb938eb2c07-node0-1 Created 
 Container rggb938eb2c07-node4-1 Created 
 Container rggb938eb2c07-node9-1 Created 
 Container rggb938eb2c07-node6-1 Created 
 Container rggb938eb2c07-node2-1 Created 
 Container rggb938eb2c07-node14-1 Created 
 Container rggb938eb2c07-collector-1 Starting 
 Container rggb938eb2c07-collector-1 Started 
 Container rggb938eb2c07-node14-1 Starting 
 Container rggb938eb2c07-node13-1 Starting 
 Container rggb938eb2c07-node7-1 Starting 
 Container rggb938eb2c07-node4-1 Starting 
 Container rggb938eb2c07-node1-1 Starting 
 Container rggb938eb2c07-node8-1 Starting 
 Container rggb938eb2c07-node12-1 Starting 
 Container rggb938eb2c07-node15-1 Starting 
 Container rggb938eb2c07-node5-1 Starting 
 Container rggb938eb2c07-node9-1 Starting 
 Container rggb938eb2c07-node11-1 Starting 
 Container rggb938eb2c07-node2-1 Starting 
 Container rggb938eb2c07-node3-1 Starting 
 Container rggb938eb2c07-node6-1 Starting 
 Container rggb938eb2c07-node0-1 Starting 
 Container rggb938eb2c07-node10-1 Starting 
 Container rggb938eb2c07-node14-1 Started 
 Container rggb938eb2c07-node10-1 Started 
 Container rggb938eb2c07-node6-1 Started 
 Container rggb938eb2c07-node13-1 Started 
 Container rggb938eb2c07-node11-1 Started 
 Container rggb938eb2c07-node4-1 Started 
 Container rggb938eb2c07-node8-1 Started 
 Container rggb938eb2c07-node12-1 Started 
 Container rggb938eb2c07-node7-1 Started 
 Container rggb938eb2c07-node5-1 Started 
 Container rggb938eb2c07-node1-1 Started 
 Container rggb938eb2c07-node2-1 Started 
 Container rggb938eb2c07-node15-1 Started 
 Container rggb938eb2c07-node9-1 Started 
 Container rggb938eb2c07-node3-1 Started 
 Container rggb938eb2c07-node0-1 Started 
READY_BARRIER: 15/16 node services ready
DRIVER_STARTED: 2026-07-15T13:54:55Z
0
