 Network rgg3afa1ff0fb_default Creating 
 Network rgg3afa1ff0fb_default Created 
 Container rgg3afa1ff0fb-collector-1 Creating 
 Container rgg3afa1ff0fb-collector-1 Created 
 Container rgg3afa1ff0fb-node0-1 Creating 
 Container rgg3afa1ff0fb-node12-1 Creating 
 Container rgg3afa1ff0fb-node3-1 Creating 
 Container rgg3afa1ff0fb-node6-1 Creating 
 Container rgg3afa1ff0fb-node2-1 Creating 
 Container rgg3afa1ff0fb-node8-1 Creating 
 Container rgg3afa1ff0fb-node11-1 Creating 
 Container rgg3afa1ff0fb-node10-1 Creating 
 Container rgg3afa1ff0fb-node5-1 Creating 
 Container rgg3afa1ff0fb-node1-1 Creating 
 Container rgg3afa1ff0fb-node15-1 Creating 
 Container rgg3afa1ff0fb-node13-1 Creating 
 Container rgg3afa1ff0fb-node7-1 Creating 
 Container rgg3afa1ff0fb-node9-1 Creating 
 Container rgg3afa1ff0fb-node4-1 Creating 
 Container rgg3afa1ff0fb-node14-1 Creating 
 Container rgg3afa1ff0fb-node3-1 Created 
 Container rgg3afa1ff0fb-node12-1 Created 
 Container rgg3afa1ff0fb-node1-1 Created 
 Container rgg3afa1ff0fb-node10-1 Created 
 Container rgg3afa1ff0fb-node13-1 Created 
 Container rgg3afa1ff0fb-node2-1 Created 
 Container rgg3afa1ff0fb-node7-1 Created 
 Container rgg3afa1ff0fb-node5-1 Created 
 Container rgg3afa1ff0fb-node6-1 Created 
 Container rgg3afa1ff0fb-node15-1 Created 
 Container rgg3afa1ff0fb-node9-1 Created 
 Container rgg3afa1ff0fb-node0-1 Created 
 Container rgg3afa1ff0fb-node4-1 Created 
 Container rgg3afa1ff0fb-node14-1 Created 
 Container rgg3afa1ff0fb-node8-1 Created 
 Container rgg3afa1ff0fb-node11-1 Created 
 Container rgg3afa1ff0fb-collector-1 Starting 
 Container rgg3afa1ff0fb-collector-1 Started 
 Container rgg3afa1ff0fb-node12-1 Starting 
 Container rgg3afa1ff0fb-node15-1 Starting 
 Container rgg3afa1ff0fb-node10-1 Starting 
 Container rgg3afa1ff0fb-node3-1 Starting 
 Container rgg3afa1ff0fb-node6-1 Starting 
 Container rgg3afa1ff0fb-node4-1 Starting 
 Container rgg3afa1ff0fb-node14-1 Starting 
 Container rgg3afa1ff0fb-node13-1 Starting 
 Container rgg3afa1ff0fb-node9-1 Starting 
 Container rgg3afa1ff0fb-node2-1 Starting 
 Container rgg3afa1ff0fb-node1-1 Starting 
 Container rgg3afa1ff0fb-node5-1 Starting 
 Container rgg3afa1ff0fb-node8-1 Starting 
 Container rgg3afa1ff0fb-node11-1 Starting 
 Container rgg3afa1ff0fb-node0-1 Starting 
 Container rgg3afa1ff0fb-node7-1 Starting 
 Container rgg3afa1ff0fb-node12-1 Started 
 Container rgg3afa1ff0fb-node2-1 Started 
 Container rgg3afa1ff0fb-node3-1 Started 
 Container rgg3afa1ff0fb-node8-1 Started 
 Container rgg3afa1ff0fb-node5-1 Started 
 Container rgg3afa1ff0fb-node15-1 Started 
 Container rgg3afa1ff0fb-node10-1 Started 
 Container rgg3afa1ff0fb-node9-1 Started 
 Container rgg3afa1ff0fb-node6-1 Started 
 Container rgg3afa1ff0fb-node1-1 Started 
 Container rgg3afa1ff0fb-node14-1 Started 
 Container rgg3afa1ff0fb-node7-1 Started 
 Container rgg3afa1ff0fb-node4-1 Started 
 Container rgg3afa1ff0fb-node11-1 Started 
 Container rgg3afa1ff0fb-node0-1 Started 
 Container rgg3afa1ff0fb-node13-1 Started 
READY_BARRIER: 15/16 node services ready
DRIVER_STARTED: 2026-07-17T15:35:27Z
0
