 Network rggdb1a53966e_default Creating 
 Network rggdb1a53966e_default Created 
 Container rggdb1a53966e-collector-1 Creating 
 Container rggdb1a53966e-collector-1 Created 
 Container rggdb1a53966e-node7-1 Creating 
 Container rggdb1a53966e-node8-1 Creating 
 Container rggdb1a53966e-node11-1 Creating 
 Container rggdb1a53966e-node15-1 Creating 
 Container rggdb1a53966e-node9-1 Creating 
 Container rggdb1a53966e-node3-1 Creating 
 Container rggdb1a53966e-node14-1 Creating 
 Container rggdb1a53966e-node13-1 Creating 
 Container rggdb1a53966e-node12-1 Creating 
 Container rggdb1a53966e-node5-1 Creating 
 Container rggdb1a53966e-node0-1 Creating 
 Container rggdb1a53966e-node4-1 Creating 
 Container rggdb1a53966e-node6-1 Creating 
 Container rggdb1a53966e-node10-1 Creating 
 Container rggdb1a53966e-node2-1 Creating 
 Container rggdb1a53966e-node1-1 Creating 
 Container rggdb1a53966e-node4-1 Created 
 Container rggdb1a53966e-node8-1 Created 
 Container rggdb1a53966e-node6-1 Created 
 Container rggdb1a53966e-node5-1 Created 
 Container rggdb1a53966e-node0-1 Created 
 Container rggdb1a53966e-node13-1 Created 
 Container rggdb1a53966e-node7-1 Created 
 Container rggdb1a53966e-node14-1 Created 
 Container rggdb1a53966e-node2-1 Created 
 Container rggdb1a53966e-node12-1 Created 
 Container rggdb1a53966e-node10-1 Created 
 Container rggdb1a53966e-node15-1 Created 
 Container rggdb1a53966e-node3-1 Created 
 Container rggdb1a53966e-node11-1 Created 
 Container rggdb1a53966e-node1-1 Created 
 Container rggdb1a53966e-node9-1 Created 
 Container rggdb1a53966e-collector-1 Starting 
 Container rggdb1a53966e-collector-1 Started 
 Container rggdb1a53966e-node6-1 Starting 
 Container rggdb1a53966e-node1-1 Starting 
 Container rggdb1a53966e-node0-1 Starting 
 Container rggdb1a53966e-node4-1 Starting 
 Container rggdb1a53966e-node13-1 Starting 
 Container rggdb1a53966e-node15-1 Starting 
 Container rggdb1a53966e-node9-1 Starting 
 Container rggdb1a53966e-node2-1 Starting 
 Container rggdb1a53966e-node5-1 Starting 
 Container rggdb1a53966e-node12-1 Starting 
 Container rggdb1a53966e-node3-1 Starting 
 Container rggdb1a53966e-node14-1 Starting 
 Container rggdb1a53966e-node10-1 Starting 
 Container rggdb1a53966e-node7-1 Starting 
 Container rggdb1a53966e-node8-1 Starting 
 Container rggdb1a53966e-node11-1 Starting 
 Container rggdb1a53966e-node1-1 Started 
 Container rggdb1a53966e-node6-1 Started 
 Container rggdb1a53966e-node11-1 Started 
 Container rggdb1a53966e-node4-1 Started 
 Container rggdb1a53966e-node10-1 Started 
 Container rggdb1a53966e-node13-1 Started 
 Container rggdb1a53966e-node15-1 Started 
 Container rggdb1a53966e-node3-1 Started 
 Container rggdb1a53966e-node0-1 Started 
 Container rggdb1a53966e-node9-1 Started 
 Container rggdb1a53966e-node14-1 Started 
 Container rggdb1a53966e-node7-1 Started 
 Container rggdb1a53966e-node2-1 Started 
 Container rggdb1a53966e-node5-1 Started 
 Container rggdb1a53966e-node8-1 Started 
 Container rggdb1a53966e-node12-1 Started 
READY_BARRIER: 15/16 node services ready
DRIVER_STARTED: 2026-07-17T15:34:52Z
0
