 Network rgg93f4be8a9f_default Creating 
 Network rgg93f4be8a9f_default Created 
 Container rgg93f4be8a9f-collector-1 Creating 
 Container rgg93f4be8a9f-collector-1 Created 
 Container rgg93f4be8a9f-node15-1 Creating 
 Container rgg93f4be8a9f-node11-1 Creating 
 Container rgg93f4be8a9f-node5-1 Creating 
 Container rgg93f4be8a9f-node0-1 Creating 
 Container rgg93f4be8a9f-node13-1 Creating 
 Container rgg93f4be8a9f-node1-1 Creating 
 Container rgg93f4be8a9f-node6-1 Creating 
 Container rgg93f4be8a9f-node7-1 Creating 
 Container rgg93f4be8a9f-node9-1 Creating 
 Container rgg93f4be8a9f-node12-1 Creating 
 Container rgg93f4be8a9f-node14-1 Creating 
 Container rgg93f4be8a9f-node8-1 Creating 
 Container rgg93f4be8a9f-node3-1 Creating 
 Container rgg93f4be8a9f-node2-1 Creating 
 Container rgg93f4be8a9f-node4-1 Creating 
 Container rgg93f4be8a9f-node10-1 Creating 
 Container rgg93f4be8a9f-node11-1 Created 
 Container rgg93f4be8a9f-node7-1 Created 
 Container rgg93f4be8a9f-node5-1 Created 
 Container rgg93f4be8a9f-node12-1 Created 
 Container rgg93f4be8a9f-node15-1 Created 
 Container rgg93f4be8a9f-node6-1 Created 
 Container rgg93f4be8a9f-node9-1 Created 
 Container rgg93f4be8a9f-node10-1 Created 
 Container rgg93f4be8a9f-node4-1 Created 
 Container rgg93f4be8a9f-node2-1 Created 
 Container rgg93f4be8a9f-node0-1 Created 
 Container rgg93f4be8a9f-node14-1 Created 
 Container rgg93f4be8a9f-node8-1 Created 
 Container rgg93f4be8a9f-node3-1 Created 
 Container rgg93f4be8a9f-node1-1 Created 
 Container rgg93f4be8a9f-node13-1 Created 
 Container rgg93f4be8a9f-driver-1 Creating 
 Container rgg93f4be8a9f-driver-1 Created 
 Container rgg93f4be8a9f-collector-1 Starting 
 Container rgg93f4be8a9f-collector-1 Started 
 Container rgg93f4be8a9f-node6-1 Starting 
 Container rgg93f4be8a9f-node3-1 Starting 
 Container rgg93f4be8a9f-node7-1 Starting 
 Container rgg93f4be8a9f-node13-1 Starting 
 Container rgg93f4be8a9f-node9-1 Starting 
 Container rgg93f4be8a9f-node1-1 Starting 
 Container rgg93f4be8a9f-node0-1 Starting 
 Container rgg93f4be8a9f-node12-1 Starting 
 Container rgg93f4be8a9f-node2-1 Starting 
 Container rgg93f4be8a9f-node4-1 Starting 
 Container rgg93f4be8a9f-node5-1 Starting 
 Container rgg93f4be8a9f-node10-1 Starting 
 Container rgg93f4be8a9f-node11-1 Starting 
 Container rgg93f4be8a9f-node8-1 Starting 
 Container rgg93f4be8a9f-node14-1 Starting 
 Container rgg93f4be8a9f-node15-1 Starting 
 Container rgg93f4be8a9f-node6-1 Started 
 Container rgg93f4be8a9f-node11-1 Started 
 Container rgg93f4be8a9f-node13-1 Started 
 Container rgg93f4be8a9f-node14-1 Started 
 Container rgg93f4be8a9f-node15-1 Started 
 Container rgg93f4be8a9f-node5-1 Started 
 Container rgg93f4be8a9f-node3-1 Started 
 Container rgg93f4be8a9f-node8-1 Started 
 Container rgg93f4be8a9f-node4-1 Started 
 Container rgg93f4be8a9f-node1-1 Started 
 Container rgg93f4be8a9f-node7-1 Started 
 Container rgg93f4be8a9f-node0-1 Started 
 Container rgg93f4be8a9f-node12-1 Started 
 Container rgg93f4be8a9f-node2-1 Started 
 Container rgg93f4be8a9f-node9-1 Started 
 Container rgg93f4be8a9f-node10-1 Started 
 Container rgg93f4be8a9f-driver-1 Starting 
 Container rgg93f4be8a9f-driver-1 Started 
0
