 Network rgg6a9e62ad20_default Creating 
 Network rgg6a9e62ad20_default Created 
 Container rgg6a9e62ad20-collector-1 Creating 
 Container rgg6a9e62ad20-collector-1 Created 
 Container rgg6a9e62ad20-node12-1 Creating 
 Container rgg6a9e62ad20-node3-1 Creating 
 Container rgg6a9e62ad20-node5-1 Creating 
 Container rgg6a9e62ad20-node4-1 Creating 
 Container rgg6a9e62ad20-node8-1 Creating 
 Container rgg6a9e62ad20-node18-1 Creating 
 Container rgg6a9e62ad20-node14-1 Creating 
 Container rgg6a9e62ad20-node9-1 Creating 
 Container rgg6a9e62ad20-node1-1 Creating 
 Container rgg6a9e62ad20-node2-1 Creating 
 Container rgg6a9e62ad20-node15-1 Creating 
 Container rgg6a9e62ad20-node6-1 Creating 
 Container rgg6a9e62ad20-node20-1 Creating 
 Container rgg6a9e62ad20-node13-1 Creating 
 Container rgg6a9e62ad20-node19-1 Creating 
 Container rgg6a9e62ad20-node21-1 Creating 
 Container rgg6a9e62ad20-node11-1 Creating 
 Container rgg6a9e62ad20-node17-1 Creating 
 Container rgg6a9e62ad20-node22-1 Creating 
 Container rgg6a9e62ad20-node0-1 Creating 
 Container rgg6a9e62ad20-node23-1 Creating 
 Container rgg6a9e62ad20-node10-1 Creating 
 Container rgg6a9e62ad20-node7-1 Creating 
 Container rgg6a9e62ad20-node16-1 Creating 
 Container rgg6a9e62ad20-node3-1 Created 
 Container rgg6a9e62ad20-node5-1 Created 
 Container rgg6a9e62ad20-node1-1 Created 
 Container rgg6a9e62ad20-node22-1 Created 
 Container rgg6a9e62ad20-node14-1 Created 
 Container rgg6a9e62ad20-node15-1 Created 
 Container rgg6a9e62ad20-node16-1 Created 
 Container rgg6a9e62ad20-node23-1 Created 
 Container rgg6a9e62ad20-node19-1 Created 
 Container rgg6a9e62ad20-node12-1 Created 
 Container rgg6a9e62ad20-node0-1 Created 
 Container rgg6a9e62ad20-node11-1 Created 
 Container rgg6a9e62ad20-node13-1 Created 
 Container rgg6a9e62ad20-node20-1 Created 
 Container rgg6a9e62ad20-node10-1 Created 
 Container rgg6a9e62ad20-node7-1 Created 
 Container rgg6a9e62ad20-node9-1 Created 
 Container rgg6a9e62ad20-node4-1 Created 
 Container rgg6a9e62ad20-node21-1 Created 
 Container rgg6a9e62ad20-node2-1 Created 
 Container rgg6a9e62ad20-node18-1 Created 
 Container rgg6a9e62ad20-node6-1 Created 
 Container rgg6a9e62ad20-node17-1 Created 
 Container rgg6a9e62ad20-node8-1 Created 
 Container rgg6a9e62ad20-collector-1 Starting 
 Container rgg6a9e62ad20-collector-1 Started 
 Container rgg6a9e62ad20-node12-1 Starting 
 Container rgg6a9e62ad20-node9-1 Starting 
 Container rgg6a9e62ad20-node8-1 Starting 
 Container rgg6a9e62ad20-node15-1 Starting 
 Container rgg6a9e62ad20-node6-1 Starting 
 Container rgg6a9e62ad20-node16-1 Starting 
 Container rgg6a9e62ad20-node18-1 Starting 
 Container rgg6a9e62ad20-node19-1 Starting 
 Container rgg6a9e62ad20-node23-1 Starting 
 Container rgg6a9e62ad20-node5-1 Starting 
 Container rgg6a9e62ad20-node4-1 Starting 
 Container rgg6a9e62ad20-node2-1 Starting 
 Container rgg6a9e62ad20-node7-1 Starting 
 Container rgg6a9e62ad20-node14-1 Starting 
 Container rgg6a9e62ad20-node10-1 Starting 
 Container rgg6a9e62ad20-node1-1 Starting 
 Container rgg6a9e62ad20-node20-1 Starting 
 Container rgg6a9e62ad20-node3-1 Starting 
 Container rgg6a9e62ad20-node11-1 Starting 
 Container rgg6a9e62ad20-node0-1 Starting 
 Container rgg6a9e62ad20-node22-1 Starting 
 Container rgg6a9e62ad20-node17-1 Starting 
 Container rgg6a9e62ad20-node21-1 Starting 
 Container rgg6a9e62ad20-node13-1 Starting 
 Container rgg6a9e62ad20-node9-1 Started 
 Container rgg6a9e62ad20-node1-1 Started 
 Container rgg6a9e62ad20-node14-1 Started 
 Container rgg6a9e62ad20-node4-1 Started 
 Container rgg6a9e62ad20-node19-1 Started 
 Container rgg6a9e62ad20-node15-1 Started 
 Container rgg6a9e62ad20-node6-1 Started 
 Container rgg6a9e62ad20-node3-1 Started 
 Container rgg6a9e62ad20-node5-1 Started 
 Container rgg6a9e62ad20-node20-1 Started 
 Container rgg6a9e62ad20-node21-1 Started 
 Container rgg6a9e62ad20-node7-1 Started 
 Container rgg6a9e62ad20-node12-1 Started 
 Container rgg6a9e62ad20-node8-1 Started 
 Container rgg6a9e62ad20-node16-1 Started 
 Container rgg6a9e62ad20-node22-1 Started 
 Container rgg6a9e62ad20-node10-1 Started 
 Container rgg6a9e62ad20-node0-1 Started 
 Container rgg6a9e62ad20-node18-1 Started 
 Container rgg6a9e62ad20-node11-1 Started 
 Container rgg6a9e62ad20-node23-1 Started 
 Container rgg6a9e62ad20-node2-1 Started 
 Container rgg6a9e62ad20-node13-1 Started 
 Container rgg6a9e62ad20-node17-1 Started 
NETEM_APPLIED node0 iface=eth0: qdisc netem 8901: root refcnt 17 limit 1000 delay 50ms  10ms seed 3193712681767694901
NETEM_APPLIED node1 iface=eth0: qdisc netem 8902: root refcnt 17 limit 1000 delay 50ms  10ms seed 6652806881120434469
NETEM_APPLIED node2 iface=eth0: qdisc netem 8903: root refcnt 17 limit 1000 delay 50ms  10ms seed 1501235696382688736
NETEM_APPLIED node3 iface=eth0: qdisc netem 8904: root refcnt 17 limit 1000 delay 50ms  10ms seed 16381136819585007907
NETEM_APPLIED node4 iface=eth0: qdisc netem 8905: root refcnt 17 limit 1000 delay 50ms  10ms seed 7503524593229878772
NETEM_APPLIED node5 iface=eth0: qdisc netem 8906: root refcnt 17 limit 1000 delay 50ms  10ms seed 8401555602877200712
NETEM_APPLIED node6 iface=eth0: qdisc netem 8907: root refcnt 17 limit 1000 delay 50ms  10ms seed 8819359655661316680
NETEM_APPLIED node7 iface=eth0: qdisc netem 8908: root refcnt 17 limit 1000 delay 50ms  10ms seed 1166446456179374971
NETEM_APPLIED node8 iface=eth0: qdisc netem 8909: root refcnt 17 limit 1000 delay 50ms  10ms seed 8527415625041896440
NETEM_APPLIED node9 iface=eth0: qdisc netem 890a: root refcnt 17 limit 1000 delay 50ms  10ms seed 3678992087318822962
NETEM_APPLIED node10 iface=eth0: qdisc netem 890b: root refcnt 17 limit 1000 delay 50ms  10ms seed 11351715933600148244
NETEM_APPLIED node11 iface=eth0: qdisc netem 890c: root refcnt 17 limit 1000 delay 50ms  10ms seed 7227448729295189487
NETEM_APPLIED node12 iface=eth0: qdisc netem 890d: root refcnt 17 limit 1000 delay 50ms  10ms seed 7151278025689436985
NETEM_APPLIED node13 iface=eth0: qdisc netem 890e: root refcnt 17 limit 1000 delay 50ms  10ms seed 3461750217244798451
NETEM_APPLIED node14 iface=eth0: qdisc netem 890f: root refcnt 17 limit 1000 delay 50ms  10ms seed 199287231940625692
NETEM_APPLIED node15 iface=eth0: qdisc netem 8910: root refcnt 17 limit 1000 delay 50ms  10ms seed 11554717770758502147
NETEM_APPLIED node16 iface=eth0: qdisc netem 8911: root refcnt 17 limit 1000 delay 50ms  10ms seed 10910859988170431592
NETEM_APPLIED node17 iface=eth0: qdisc netem 8912: root refcnt 17 limit 1000 delay 50ms  10ms seed 3669444634278234589
NETEM_APPLIED node18 iface=eth0: qdisc netem 8913: root refcnt 17 limit 1000 delay 50ms  10ms seed 8804763264608122856
NETEM_APPLIED node19 iface=eth0: qdisc netem 8914: root refcnt 17 limit 1000 delay 50ms  10ms seed 16474066318463225759
NETEM_APPLIED node20 iface=eth0: qdisc netem 8915: root refcnt 17 limit 1000 delay 50ms  10ms seed 7726912675895605128
NETEM_APPLIED node21 iface=eth0: qdisc netem 8916: root refcnt 17 limit 1000 delay 50ms  10ms seed 10699001586489230193
NETEM_APPLIED node22 iface=eth0: qdisc netem 8917: root refcnt 17 limit 1000 delay 50ms  10ms seed 7131689603520745275
NETEM_APPLIED node23 iface=eth0: qdisc netem 8918: root refcnt 17 limit 1000 delay 50ms  10ms seed 12578307741092966013
NETEM_RTT_GATE OK: baseline=0.1ms actual=103.3ms increase=103.2ms
DRIVER_STARTED: 2026-07-15T07:45:27Z
0
QDSK_CLEANUP_FAIL node0: Command '['docker', 'exec', 'rgg6a9e62ad20-node0-1', 'sh', '-c', "ip -o -4 addr show scope global 2>/dev/null | head -1 | awk '{print $2}'"]' returned non-zero exit status 1.
QDSK_CLEANUP_FAIL node1: Command '['docker', 'exec', 'rgg6a9e62ad20-node1-1', 'sh', '-c', "ip -o -4 addr show scope global 2>/dev/null | head -1 | awk '{print $2}'"]' returned non-zero exit status 1.
QDSK_CLEANUP_FAIL node2: Command '['docker', 'exec', 'rgg6a9e62ad20-node2-1', 'sh', '-c', "ip -o -4 addr show scope global 2>/dev/null | head -1 | awk '{print $2}'"]' returned non-zero exit status 1.
QDSK_CLEANUP_FAIL node3: Command '['docker', 'exec', 'rgg6a9e62ad20-node3-1', 'sh', '-c', "ip -o -4 addr show scope global 2>/dev/null | head -1 | awk '{print $2}'"]' returned non-zero exit status 1.
QDSK_CLEANUP_FAIL node4: Command '['docker', 'exec', 'rgg6a9e62ad20-node4-1', 'sh', '-c', "ip -o -4 addr show scope global 2>/dev/null | head -1 | awk '{print $2}'"]' returned non-zero exit status 1.
QDSK_CLEANUP_FAIL node5: Command '['docker', 'exec', 'rgg6a9e62ad20-node5-1', 'sh', '-c', "ip -o -4 addr show scope global 2>/dev/null | head -1 | awk '{print $2}'"]' returned non-zero exit status 1.
QDSK_CLEANUP_FAIL node6: Command '['docker', 'exec', 'rgg6a9e62ad20-node6-1', 'sh', '-c', "ip -o -4 addr show scope global 2>/dev/null | head -1 | awk '{print $2}'"]' returned non-zero exit status 1.
QDSK_CLEANUP_FAIL node7: Command '['docker', 'exec', 'rgg6a9e62ad20-node7-1', 'sh', '-c', "ip -o -4 addr show scope global 2>/dev/null | head -1 | awk '{print $2}'"]' returned non-zero exit status 1.
QDSK_CLEANUP_FAIL node8: Command '['docker', 'exec', 'rgg6a9e62ad20-node8-1', 'sh', '-c', "ip -o -4 addr show scope global 2>/dev/null | head -1 | awk '{print $2}'"]' returned non-zero exit status 1.
QDSK_CLEANUP_FAIL node9: Command '['docker', 'exec', 'rgg6a9e62ad20-node9-1', 'sh', '-c', "ip -o -4 addr show scope global 2>/dev/null | head -1 | awk '{print $2}'"]' returned non-zero exit status 1.
QDSK_CLEANUP_FAIL node10: Command '['docker', 'exec', 'rgg6a9e62ad20-node10-1', 'sh', '-c', "ip -o -4 addr show scope global 2>/dev/null | head -1 | awk '{print $2}'"]' returned non-zero exit status 1.
QDSK_CLEANUP_FAIL node11: Command '['docker', 'exec', 'rgg6a9e62ad20-node11-1', 'sh', '-c', "ip -o -4 addr show scope global 2>/dev/null | head -1 | awk '{print $2}'"]' returned non-zero exit status 1.
QDSK_CLEANUP_FAIL node12: Command '['docker', 'exec', 'rgg6a9e62ad20-node12-1', 'sh', '-c', "ip -o -4 addr show scope global 2>/dev/null | head -1 | awk '{print $2}'"]' returned non-zero exit status 1.
QDSK_CLEANUP_FAIL node13: Command '['docker', 'exec', 'rgg6a9e62ad20-node13-1', 'sh', '-c', "ip -o -4 addr show scope global 2>/dev/null | head -1 | awk '{print $2}'"]' returned non-zero exit status 1.
QDSK_CLEANUP_FAIL node14: Command '['docker', 'exec', 'rgg6a9e62ad20-node14-1', 'sh', '-c', "ip -o -4 addr show scope global 2>/dev/null | head -1 | awk '{print $2}'"]' returned non-zero exit status 1.
QDSK_CLEANUP_FAIL node15: Command '['docker', 'exec', 'rgg6a9e62ad20-node15-1', 'sh', '-c', "ip -o -4 addr show scope global 2>/dev/null | head -1 | awk '{print $2}'"]' returned non-zero exit status 1.
QDSK_CLEANUP_FAIL node16: Command '['docker', 'exec', 'rgg6a9e62ad20-node16-1', 'sh', '-c', "ip -o -4 addr show scope global 2>/dev/null | head -1 | awk '{print $2}'"]' returned non-zero exit status 1.
QDSK_CLEANUP_FAIL node17: Command '['docker', 'exec', 'rgg6a9e62ad20-node17-1', 'sh', '-c', "ip -o -4 addr show scope global 2>/dev/null | head -1 | awk '{print $2}'"]' returned non-zero exit status 1.
QDSK_CLEANUP_FAIL node18: Command '['docker', 'exec', 'rgg6a9e62ad20-node18-1', 'sh', '-c', "ip -o -4 addr show scope global 2>/dev/null | head -1 | awk '{print $2}'"]' returned non-zero exit status 1.
QDSK_CLEANUP_FAIL node19: Command '['docker', 'exec', 'rgg6a9e62ad20-node19-1', 'sh', '-c', "ip -o -4 addr show scope global 2>/dev/null | head -1 | awk '{print $2}'"]' returned non-zero exit status 1.
QDSK_CLEANUP_FAIL node20: Command '['docker', 'exec', 'rgg6a9e62ad20-node20-1', 'sh', '-c', "ip -o -4 addr show scope global 2>/dev/null | head -1 | awk '{print $2}'"]' returned non-zero exit status 1.
QDSK_CLEANUP_FAIL node21: Command '['docker', 'exec', 'rgg6a9e62ad20-node21-1', 'sh', '-c', "ip -o -4 addr show scope global 2>/dev/null | head -1 | awk '{print $2}'"]' returned non-zero exit status 1.
QDSK_CLEANUP_FAIL node22: Command '['docker', 'exec', 'rgg6a9e62ad20-node22-1', 'sh', '-c', "ip -o -4 addr show scope global 2>/dev/null | head -1 | awk '{print $2}'"]' returned non-zero exit status 1.
QDSK_CLEANUP_FAIL node23: Command '['docker', 'exec', 'rgg6a9e62ad20-node23-1', 'sh', '-c', "ip -o -4 addr show scope global 2>/dev/null | head -1 | awk '{print $2}'"]' returned non-zero exit status 1.
