{
  "client_latency_ms": {
    "mean": 707.683004,
    "p50": 707.683004,
    "p95": 707.683004,
    "p99": 707.683004
  },
  "conflicting_commit_count": 0,
  "conflicting_commits": [],
  "driver_failure_count": 0,
  "driver_success_count": 1,
  "driver_success_rate": 1.0,
  "duplicate_commit_events": 0,
  "equivocation_observed_events": 0,
  "equivocation_sent_events": 3,
  "fault_injected_events": 1,
  "final_protocol_bytes_sent": 159427,
  "final_protocol_messages_sent": 260,
  "invalid_new_view_events": 0,
  "invalid_signature_events": 0,
  "invalid_view_change_events": 0,
  "max_accepted_view": 1,
  "new_view_accepted_events": 16,
  "new_view_sent_events": 1,
  "node_commit_completeness": 1.0,
  "node_commit_count": 16,
  "node_count": 16,
  "node_error_events": 0,
  "node_latency_ms": {
    "mean": 711.2130165,
    "p50": 712.440591,
    "p95": 717.068797,
    "p99": 717.068797
  },
  "recovered_sequence_count": 1,
  "recovery_latency_ms": {
    "mean": 188.616326,
    "p50": 188.616326,
    "p95": 188.616326,
    "p99": 188.616326
  },
  "reported_protocol_bytes_sent": 86705,
  "reported_protocol_messages_sent": 195,
  "round_count": 1,
  "safety_violation_events": 0,
  "stale_new_view_events": 0,
  "view_change_sent_events": 4
}
