{
  "client_latency_ms": {
    "mean": 690.339164,
    "p50": 690.339164,
    "p95": 690.339164,
    "p99": 690.339164
  },
  "conflicting_commit_count": 0,
  "conflicting_commits": [],
  "driver_failure_count": 0,
  "driver_success_count": 1,
  "driver_success_rate": 1.0,
  "duplicate_commit_events": 0,
  "equivocation_observed_events": 0,
  "equivocation_sent_events": 3,
  "fault_injected_events": 1,
  "final_protocol_bytes_sent": 152025,
  "final_protocol_messages_sent": 240,
  "invalid_new_view_events": 0,
  "invalid_signature_events": 0,
  "invalid_view_change_events": 0,
  "max_accepted_view": 1,
  "new_view_accepted_events": 16,
  "new_view_sent_events": 1,
  "node_commit_completeness": 1.0,
  "node_commit_count": 16,
  "node_count": 16,
  "node_error_events": 0,
  "node_latency_ms": {
    "mean": 676.1930406875,
    "p50": 676.772994,
    "p95": 681.81287,
    "p99": 681.81287
  },
  "recovered_sequence_count": 1,
  "recovery_latency_ms": {
    "mean": 138.26335,
    "p50": 138.26335,
    "p95": 138.26335,
    "p99": 138.26335
  },
  "reported_protocol_bytes_sent": 80115,
  "reported_protocol_messages_sent": 175,
  "round_count": 1,
  "safety_violation_events": 0,
  "stale_new_view_events": 0,
  "view_change_sent_events": 4
}
