{
  "client_latency_ms": {
    "mean": 658.772292,
    "p50": 658.772292,
    "p95": 658.772292,
    "p99": 658.772292
  },
  "conflicting_commit_count": 0,
  "conflicting_commits": [],
  "driver_failure_count": 0,
  "driver_success_count": 1,
  "driver_success_rate": 1.0,
  "duplicate_commit_events": 0,
  "equivocation_observed_events": 0,
  "equivocation_sent_events": 3,
  "fault_injected_events": 1,
  "final_protocol_bytes_sent": 159421,
  "final_protocol_messages_sent": 260,
  "invalid_new_view_events": 0,
  "invalid_signature_events": 0,
  "invalid_view_change_events": 0,
  "max_accepted_view": 1,
  "new_view_accepted_events": 16,
  "new_view_sent_events": 1,
  "node_commit_completeness": 1.0,
  "node_commit_count": 16,
  "node_count": 16,
  "node_error_events": 0,
  "node_latency_ms": {
    "mean": 666.5911374375,
    "p50": 668.939862,
    "p95": 672.078363,
    "p99": 672.078363
  },
  "recovered_sequence_count": 1,
  "recovery_latency_ms": {
    "mean": 126.955222,
    "p50": 126.955222,
    "p95": 126.955222,
    "p99": 126.955222
  },
  "reported_protocol_bytes_sent": 87295,
  "reported_protocol_messages_sent": 194,
  "round_count": 1,
  "safety_violation_events": 0,
  "stale_new_view_events": 0,
  "view_change_sent_events": 4
}
