{
  "client_latency_ms": {
    "mean": 660.071583,
    "p50": 660.071583,
    "p95": 660.071583,
    "p99": 660.071583
  },
  "conflicting_commit_count": 0,
  "conflicting_commits": [],
  "driver_failure_count": 0,
  "driver_success_count": 1,
  "driver_success_rate": 1.0,
  "duplicate_commit_events": 0,
  "equivocation_observed_events": 0,
  "equivocation_sent_events": 3,
  "fault_injected_events": 1,
  "final_protocol_bytes_sent": 157585,
  "final_protocol_messages_sent": 244,
  "invalid_new_view_events": 0,
  "invalid_signature_events": 0,
  "invalid_view_change_events": 0,
  "max_accepted_view": 1,
  "new_view_accepted_events": 16,
  "new_view_sent_events": 1,
  "node_commit_completeness": 1.0,
  "node_commit_count": 16,
  "node_count": 16,
  "node_error_events": 0,
  "node_latency_ms": {
    "mean": 655.0582600625,
    "p50": 655.875029,
    "p95": 658.699104,
    "p99": 658.699104
  },
  "recovered_sequence_count": 1,
  "recovery_latency_ms": {
    "mean": 142.362827,
    "p50": 142.362827,
    "p95": 142.362827,
    "p99": 142.362827
  },
  "reported_protocol_bytes_sent": 86271,
  "reported_protocol_messages_sent": 181,
  "round_count": 1,
  "safety_violation_events": 0,
  "stale_new_view_events": 0,
  "view_change_sent_events": 4
}
