{
  "client_latency_ms": {
    "mean": 671.980731,
    "p50": 671.980731,
    "p95": 671.980731,
    "p99": 671.980731
  },
  "conflicting_commit_count": 0,
  "conflicting_commits": [],
  "driver_failure_count": 0,
  "driver_success_count": 1,
  "driver_success_rate": 1.0,
  "duplicate_commit_events": 0,
  "equivocation_observed_events": 0,
  "equivocation_sent_events": 3,
  "fault_injected_events": 1,
  "final_protocol_bytes_sent": 159507,
  "final_protocol_messages_sent": 260,
  "invalid_new_view_events": 0,
  "invalid_signature_events": 0,
  "invalid_view_change_events": 0,
  "max_accepted_view": 1,
  "new_view_accepted_events": 16,
  "new_view_sent_events": 1,
  "node_commit_completeness": 1.0,
  "node_commit_count": 16,
  "node_count": 16,
  "node_error_events": 0,
  "node_latency_ms": {
    "mean": 669.903794125,
    "p50": 670.29893,
    "p95": 673.545313,
    "p99": 673.545313
  },
  "recovered_sequence_count": 1,
  "recovery_latency_ms": {
    "mean": 129.447123,
    "p50": 129.447123,
    "p95": 129.447123,
    "p99": 129.447123
  },
  "reported_protocol_bytes_sent": 87902,
  "reported_protocol_messages_sent": 196,
  "round_count": 1,
  "safety_violation_events": 0,
  "stale_new_view_events": 0,
  "view_change_sent_events": 4
}
