{
  "client_latency_ms": {
    "mean": 630.80181,
    "p50": 630.80181,
    "p95": 630.80181,
    "p99": 630.80181
  },
  "conflicting_commit_count": 0,
  "conflicting_commits": [],
  "driver_failure_count": 0,
  "driver_success_count": 1,
  "driver_success_rate": 1.0,
  "duplicate_commit_events": 0,
  "equivocation_observed_events": 0,
  "equivocation_sent_events": 0,
  "fault_injected_events": 1,
  "final_protocol_bytes_sent": 116642,
  "final_protocol_messages_sent": 166,
  "invalid_new_view_events": 0,
  "invalid_signature_events": 0,
  "invalid_view_change_events": 0,
  "max_accepted_view": 1,
  "new_view_accepted_events": 15,
  "new_view_sent_events": 1,
  "node_commit_completeness": 0.9375,
  "node_commit_count": 15,
  "node_count": 16,
  "node_error_events": 0,
  "node_latency_ms": {
    "mean": 634.2546929333333,
    "p50": 634.838731,
    "p95": 638.915873,
    "p99": 638.915873
  },
  "recovered_sequence_count": 1,
  "recovery_latency_ms": {
    "mean": 114.618533,
    "p50": 114.618533,
    "p95": 114.618533,
    "p99": 114.618533
  },
  "reported_protocol_bytes_sent": 63275,
  "reported_protocol_messages_sent": 119,
  "round_count": 1,
  "safety_violation_events": 0,
  "stale_new_view_events": 0,
  "view_change_sent_events": 3
}
