{
  "client_latency_ms": {
    "mean": 598.743209,
    "p50": 598.743209,
    "p95": 598.743209,
    "p99": 598.743209
  },
  "conflicting_commit_count": 0,
  "conflicting_commits": [],
  "driver_failure_count": 0,
  "driver_success_count": 1,
  "driver_success_rate": 1.0,
  "duplicate_commit_events": 0,
  "equivocation_observed_events": 0,
  "equivocation_sent_events": 0,
  "fault_injected_events": 1,
  "final_protocol_bytes_sent": 116842,
  "final_protocol_messages_sent": 166,
  "invalid_new_view_events": 0,
  "invalid_signature_events": 0,
  "invalid_view_change_events": 0,
  "max_accepted_view": 1,
  "new_view_accepted_events": 15,
  "new_view_sent_events": 1,
  "node_commit_completeness": 0.9375,
  "node_commit_count": 15,
  "node_count": 16,
  "node_error_events": 0,
  "node_latency_ms": {
    "mean": 604.8489237333334,
    "p50": 606.101117,
    "p95": 608.419865,
    "p99": 608.419865
  },
  "recovered_sequence_count": 1,
  "recovery_latency_ms": {
    "mean": 81.933487,
    "p50": 81.933487,
    "p95": 81.933487,
    "p99": 81.933487
  },
  "reported_protocol_bytes_sent": 63354,
  "reported_protocol_messages_sent": 119,
  "round_count": 1,
  "safety_violation_events": 0,
  "stale_new_view_events": 0,
  "view_change_sent_events": 3
}
