{
  "client_latency_ms": {
    "mean": 612.785833,
    "p50": 612.785833,
    "p95": 612.785833,
    "p99": 612.785833
  },
  "conflicting_commit_count": 0,
  "conflicting_commits": [],
  "driver_failure_count": 0,
  "driver_success_count": 1,
  "driver_success_rate": 1.0,
  "duplicate_commit_events": 0,
  "equivocation_observed_events": 0,
  "equivocation_sent_events": 0,
  "fault_injected_events": 1,
  "final_protocol_bytes_sent": 116819,
  "final_protocol_messages_sent": 166,
  "invalid_new_view_events": 0,
  "invalid_signature_events": 0,
  "invalid_view_change_events": 0,
  "max_accepted_view": 1,
  "new_view_accepted_events": 15,
  "new_view_sent_events": 1,
  "node_commit_completeness": 0.9375,
  "node_commit_count": 15,
  "node_count": 16,
  "node_error_events": 0,
  "node_latency_ms": {
    "mean": 617.8533237333334,
    "p50": 618.873906,
    "p95": 621.130022,
    "p99": 621.130022
  },
  "recovered_sequence_count": 1,
  "recovery_latency_ms": {
    "mean": 92.726765,
    "p50": 92.726765,
    "p95": 92.726765,
    "p99": 92.726765
  },
  "reported_protocol_bytes_sent": 63330,
  "reported_protocol_messages_sent": 119,
  "round_count": 1,
  "safety_violation_events": 0,
  "stale_new_view_events": 0,
  "view_change_sent_events": 3
}
