{
  "client_latency_ms": {
    "mean": 632.720275,
    "p50": 632.720275,
    "p95": 632.720275,
    "p99": 632.720275
  },
  "conflicting_commit_count": 0,
  "conflicting_commits": [],
  "driver_failure_count": 0,
  "driver_success_count": 1,
  "driver_success_rate": 1.0,
  "duplicate_commit_events": 0,
  "equivocation_observed_events": 0,
  "equivocation_sent_events": 0,
  "fault_injected_events": 1,
  "final_protocol_bytes_sent": 116649,
  "final_protocol_messages_sent": 166,
  "invalid_new_view_events": 0,
  "invalid_signature_events": 0,
  "invalid_view_change_events": 0,
  "max_accepted_view": 1,
  "new_view_accepted_events": 15,
  "new_view_sent_events": 1,
  "node_commit_completeness": 0.9375,
  "node_commit_count": 15,
  "node_count": 16,
  "node_error_events": 0,
  "node_latency_ms": {
    "mean": 641.8525207333333,
    "p50": 642.799734,
    "p95": 646.497483,
    "p99": 646.497483
  },
  "recovered_sequence_count": 1,
  "recovery_latency_ms": {
    "mean": 115.738468,
    "p50": 115.738468,
    "p95": 115.738468,
    "p99": 115.738468
  },
  "reported_protocol_bytes_sent": 62991,
  "reported_protocol_messages_sent": 118,
  "round_count": 1,
  "safety_violation_events": 0,
  "stale_new_view_events": 0,
  "view_change_sent_events": 3
}
