{
  "client_latency_ms": {
    "mean": 633.854876,
    "p50": 633.854876,
    "p95": 633.854876,
    "p99": 633.854876
  },
  "conflicting_commit_count": 0,
  "conflicting_commits": [],
  "driver_failure_count": 0,
  "driver_success_count": 1,
  "driver_success_rate": 1.0,
  "duplicate_commit_events": 0,
  "equivocation_observed_events": 0,
  "equivocation_sent_events": 0,
  "fault_injected_events": 1,
  "final_protocol_bytes_sent": 116749,
  "final_protocol_messages_sent": 166,
  "invalid_new_view_events": 0,
  "invalid_signature_events": 0,
  "invalid_view_change_events": 0,
  "max_accepted_view": 1,
  "new_view_accepted_events": 15,
  "new_view_sent_events": 1,
  "node_commit_completeness": 0.9375,
  "node_commit_count": 15,
  "node_count": 16,
  "node_error_events": 0,
  "node_latency_ms": {
    "mean": 637.5878184,
    "p50": 638.495147,
    "p95": 641.473696,
    "p99": 641.473696
  },
  "recovered_sequence_count": 1,
  "recovery_latency_ms": {
    "mean": 106.221841,
    "p50": 106.221841,
    "p95": 106.221841,
    "p99": 106.221841
  },
  "reported_protocol_bytes_sent": 63322,
  "reported_protocol_messages_sent": 119,
  "round_count": 1,
  "safety_violation_events": 0,
  "stale_new_view_events": 0,
  "view_change_sent_events": 3
}
