{
  "client_latency_ms": {
    "mean": 702.337219,
    "p50": 702.337219,
    "p95": 702.337219,
    "p99": 702.337219
  },
  "conflicting_commit_count": 0,
  "conflicting_commits": [],
  "driver_failure_count": 0,
  "driver_success_count": 1,
  "driver_success_rate": 1.0,
  "duplicate_commit_events": 0,
  "equivocation_observed_events": 0,
  "equivocation_sent_events": 3,
  "fault_injected_events": 1,
  "final_protocol_bytes_sent": 157597,
  "final_protocol_messages_sent": 244,
  "invalid_new_view_events": 0,
  "invalid_signature_events": 0,
  "invalid_view_change_events": 0,
  "max_accepted_view": 1,
  "new_view_accepted_events": 16,
  "new_view_sent_events": 1,
  "node_commit_completeness": 1.0,
  "node_commit_count": 16,
  "node_count": 16,
  "node_error_events": 0,
  "node_latency_ms": {
    "mean": 706.5063749375,
    "p50": 707.660109,
    "p95": 711.240924,
    "p99": 711.240924
  },
  "recovered_sequence_count": 1,
  "recovery_latency_ms": {
    "mean": 160.021631,
    "p50": 160.021631,
    "p95": 160.021631,
    "p99": 160.021631
  },
  "reported_protocol_bytes_sent": 85687,
  "reported_protocol_messages_sent": 179,
  "round_count": 1,
  "safety_violation_events": 0,
  "stale_new_view_events": 0,
  "view_change_sent_events": 4
}
