{
  "client_latency_ms": {
    "mean": 668.073791,
    "p50": 668.073791,
    "p95": 668.073791,
    "p99": 668.073791
  },
  "conflicting_commit_count": 0,
  "conflicting_commits": [],
  "driver_failure_count": 0,
  "driver_success_count": 1,
  "driver_success_rate": 1.0,
  "duplicate_commit_events": 0,
  "equivocation_observed_events": 0,
  "equivocation_sent_events": 3,
  "fault_injected_events": 1,
  "final_protocol_bytes_sent": 159175,
  "final_protocol_messages_sent": 259,
  "invalid_new_view_events": 0,
  "invalid_signature_events": 0,
  "invalid_view_change_events": 0,
  "max_accepted_view": 1,
  "new_view_accepted_events": 16,
  "new_view_sent_events": 1,
  "node_commit_completeness": 1.0,
  "node_commit_count": 16,
  "node_count": 16,
  "node_error_events": 0,
  "node_latency_ms": {
    "mean": 649.168873125,
    "p50": 648.878199,
    "p95": 654.028728,
    "p99": 654.028728
  },
  "recovered_sequence_count": 1,
  "recovery_latency_ms": {
    "mean": 95.695243,
    "p50": 95.695243,
    "p95": 95.695243,
    "p99": 95.695243
  },
  "reported_protocol_bytes_sent": 87340,
  "reported_protocol_messages_sent": 194,
  "round_count": 1,
  "safety_violation_events": 0,
  "stale_new_view_events": 0,
  "view_change_sent_events": 3
}
