#0 building with "desktop-linux" instance using docker driver

#1 [internal] load build definition from Dockerfile.v2
#1 transferring dockerfile: 450B done
#1 DONE 0.0s

#2 [internal] load metadata for docker.io/library/python:3.11-slim
#2 DONE 1.2s

#3 [internal] load .dockerignore
#3 transferring context: 2B done
#3 DONE 0.0s

#4 [internal] load build context
#4 transferring context: 371B done
#4 DONE 0.0s

#5 [1/6] FROM docker.io/library/python:3.11-slim@sha256:baf89808ec37adeaab83cec287adb4a2afa4a11c1d51e961c7ec737877e61af6
#5 resolve docker.io/library/python:3.11-slim@sha256:baf89808ec37adeaab83cec287adb4a2afa4a11c1d51e961c7ec737877e61af6 0.0s done
#5 DONE 0.0s

#6 [3/6] RUN pip install --no-cache-dir cryptography==44.0.1
#6 CACHED

#7 [4/6] WORKDIR /app
#7 CACHED

#8 [5/6] COPY protocol.py network_utils.py fault_policy.py view_change.py view_runtime.py node_v2.py driver_v2.py collector_v2.py grouping.py ./
#8 CACHED

#9 [2/6] RUN apt-get update && apt-get install -y --no-install-recommends iproute2 iputils-ping && rm -rf /var/lib/apt/lists/*
#9 CACHED

#10 [6/6] COPY netem_apply.sh netem_clear.sh ./
#10 CACHED

#11 exporting to image
#11 exporting layers done
#11 exporting manifest sha256:45fe05005f95256ca25144c63760e683229c7042a60c1dfc13d8399096ff9596 done
#11 exporting config sha256:9f41a22cf25ed5240fa9c817ae6335c66b1d809c15f5dab48151db550047b6d9 done
#11 exporting attestation manifest sha256:000bf4dddc6f3d1ff02ed15b36991119250029488fd69d3f0847e152e319d03f 0.0s done
#11 exporting manifest list sha256:8aa5beaaa47341021e60b18588481eb9ddbaa078cb0d54b9e193d5eb974a871d
#11 exporting manifest list sha256:8aa5beaaa47341021e60b18588481eb9ddbaa078cb0d54b9e193d5eb974a871d 0.0s done
#11 naming to docker.io/library/zte-rggpbft:v2 done
#11 unpacking to docker.io/library/zte-rggpbft:v2 0.0s done
#11 DONE 0.1s
 Network rgg3a0114882c_default Creating 
 Network rgg3a0114882c_default Created 
 Container rgg3a0114882c-collector-1 Creating 
 Container rgg3a0114882c-collector-1 Created 
 Container rgg3a0114882c-node1-1 Creating 
 Container rgg3a0114882c-node13-1 Creating 
 Container rgg3a0114882c-node8-1 Creating 
 Container rgg3a0114882c-node15-1 Creating 
 Container rgg3a0114882c-node7-1 Creating 
 Container rgg3a0114882c-node6-1 Creating 
 Container rgg3a0114882c-node2-1 Creating 
 Container rgg3a0114882c-node0-1 Creating 
 Container rgg3a0114882c-node3-1 Creating 
 Container rgg3a0114882c-node5-1 Creating 
 Container rgg3a0114882c-node11-1 Creating 
 Container rgg3a0114882c-node9-1 Creating 
 Container rgg3a0114882c-node4-1 Creating 
 Container rgg3a0114882c-node10-1 Creating 
 Container rgg3a0114882c-node12-1 Creating 
 Container rgg3a0114882c-node14-1 Creating 
 Container rgg3a0114882c-node6-1 Created 
 Container rgg3a0114882c-node3-1 Created 
 Container rgg3a0114882c-node13-1 Created 
 Container rgg3a0114882c-node5-1 Created 
 Container rgg3a0114882c-node10-1 Created 
 Container rgg3a0114882c-node4-1 Created 
 Container rgg3a0114882c-node7-1 Created 
 Container rgg3a0114882c-node8-1 Created 
 Container rgg3a0114882c-node1-1 Created 
 Container rgg3a0114882c-node15-1 Created 
 Container rgg3a0114882c-node2-1 Created 
 Container rgg3a0114882c-node14-1 Created 
 Container rgg3a0114882c-node11-1 Created 
 Container rgg3a0114882c-node0-1 Created 
 Container rgg3a0114882c-node9-1 Created 
 Container rgg3a0114882c-node12-1 Created 
 Container rgg3a0114882c-collector-1 Starting 
 Container rgg3a0114882c-collector-1 Started 
 Container rgg3a0114882c-node10-1 Starting 
 Container rgg3a0114882c-node4-1 Starting 
 Container rgg3a0114882c-node15-1 Starting 
 Container rgg3a0114882c-node2-1 Starting 
 Container rgg3a0114882c-node8-1 Starting 
 Container rgg3a0114882c-node12-1 Starting 
 Container rgg3a0114882c-node5-1 Starting 
 Container rgg3a0114882c-node11-1 Starting 
 Container rgg3a0114882c-node9-1 Starting 
 Container rgg3a0114882c-node14-1 Starting 
 Container rgg3a0114882c-node1-1 Starting 
 Container rgg3a0114882c-node0-1 Starting 
 Container rgg3a0114882c-node3-1 Starting 
 Container rgg3a0114882c-node6-1 Starting 
 Container rgg3a0114882c-node7-1 Starting 
 Container rgg3a0114882c-node13-1 Starting 
 Container rgg3a0114882c-node1-1 Started 
 Container rgg3a0114882c-node13-1 Started 
 Container rgg3a0114882c-node15-1 Started 
 Container rgg3a0114882c-node4-1 Started 
 Container rgg3a0114882c-node8-1 Started 
 Container rgg3a0114882c-node12-1 Started 
 Container rgg3a0114882c-node7-1 Started 
 Container rgg3a0114882c-node10-1 Started 
 Container rgg3a0114882c-node2-1 Started 
 Container rgg3a0114882c-node14-1 Started 
 Container rgg3a0114882c-node3-1 Started 
 Container rgg3a0114882c-node11-1 Started 
 Container rgg3a0114882c-node0-1 Started 
 Container rgg3a0114882c-node9-1 Started 
 Container rgg3a0114882c-node5-1 Started 
 Container rgg3a0114882c-node6-1 Started 
READY_BARRIER: 14/16 node services ready
DRIVER_STARTED: 2026-07-15T14:14:55Z
0
