 Network rgge3dfeb1a9e_default Creating 
 Network rgge3dfeb1a9e_default Created 
 Container rgge3dfeb1a9e-collector-1 Creating 
 Container rgge3dfeb1a9e-collector-1 Created 
 Container rgge3dfeb1a9e-node11-1 Creating 
 Container rgge3dfeb1a9e-node9-1 Creating 
 Container rgge3dfeb1a9e-node3-1 Creating 
 Container rgge3dfeb1a9e-node0-1 Creating 
 Container rgge3dfeb1a9e-node14-1 Creating 
 Container rgge3dfeb1a9e-node8-1 Creating 
 Container rgge3dfeb1a9e-node13-1 Creating 
 Container rgge3dfeb1a9e-node15-1 Creating 
 Container rgge3dfeb1a9e-node6-1 Creating 
 Container rgge3dfeb1a9e-node4-1 Creating 
 Container rgge3dfeb1a9e-node12-1 Creating 
 Container rgge3dfeb1a9e-node7-1 Creating 
 Container rgge3dfeb1a9e-node5-1 Creating 
 Container rgge3dfeb1a9e-node2-1 Creating 
 Container rgge3dfeb1a9e-node1-1 Creating 
 Container rgge3dfeb1a9e-node10-1 Creating 
 Container rgge3dfeb1a9e-node6-1 Created 
 Container rgge3dfeb1a9e-node13-1 Created 
 Container rgge3dfeb1a9e-node14-1 Created 
 Container rgge3dfeb1a9e-node10-1 Created 
 Container rgge3dfeb1a9e-node5-1 Created 
 Container rgge3dfeb1a9e-node3-1 Created 
 Container rgge3dfeb1a9e-node1-1 Created 
 Container rgge3dfeb1a9e-node12-1 Created 
 Container rgge3dfeb1a9e-node2-1 Created 
 Container rgge3dfeb1a9e-node15-1 Created 
 Container rgge3dfeb1a9e-node11-1 Created 
 Container rgge3dfeb1a9e-node0-1 Created 
 Container rgge3dfeb1a9e-node9-1 Created 
 Container rgge3dfeb1a9e-node8-1 Created 
 Container rgge3dfeb1a9e-node7-1 Created 
 Container rgge3dfeb1a9e-node4-1 Created 
 Container rgge3dfeb1a9e-driver-1 Creating 
 Container rgge3dfeb1a9e-driver-1 Created 
 Container rgge3dfeb1a9e-collector-1 Starting 
 Container rgge3dfeb1a9e-collector-1 Started 
 Container rgge3dfeb1a9e-node1-1 Starting 
 Container rgge3dfeb1a9e-node5-1 Starting 
 Container rgge3dfeb1a9e-node0-1 Starting 
 Container rgge3dfeb1a9e-node12-1 Starting 
 Container rgge3dfeb1a9e-node15-1 Starting 
 Container rgge3dfeb1a9e-node9-1 Starting 
 Container rgge3dfeb1a9e-node4-1 Starting 
 Container rgge3dfeb1a9e-node13-1 Starting 
 Container rgge3dfeb1a9e-node8-1 Starting 
 Container rgge3dfeb1a9e-node14-1 Starting 
 Container rgge3dfeb1a9e-node11-1 Starting 
 Container rgge3dfeb1a9e-node3-1 Starting 
 Container rgge3dfeb1a9e-node10-1 Starting 
 Container rgge3dfeb1a9e-node7-1 Starting 
 Container rgge3dfeb1a9e-node2-1 Starting 
 Container rgge3dfeb1a9e-node6-1 Starting 
 Container rgge3dfeb1a9e-node14-1 Started 
 Container rgge3dfeb1a9e-node12-1 Started 
 Container rgge3dfeb1a9e-node2-1 Started 
 Container rgge3dfeb1a9e-node15-1 Started 
 Container rgge3dfeb1a9e-node13-1 Started 
 Container rgge3dfeb1a9e-node7-1 Started 
 Container rgge3dfeb1a9e-node10-1 Started 
 Container rgge3dfeb1a9e-node6-1 Started 
 Container rgge3dfeb1a9e-node5-1 Started 
 Container rgge3dfeb1a9e-node0-1 Started 
 Container rgge3dfeb1a9e-node3-1 Started 
 Container rgge3dfeb1a9e-node1-1 Started 
 Container rgge3dfeb1a9e-node9-1 Started 
 Container rgge3dfeb1a9e-node4-1 Started 
 Container rgge3dfeb1a9e-node11-1 Started 
 Container rgge3dfeb1a9e-node8-1 Started 
 Container rgge3dfeb1a9e-driver-1 Starting 
 Container rgge3dfeb1a9e-driver-1 Started 
0
