 Network rgge809d42f0d_default Creating 
 Network rgge809d42f0d_default Created 
 Container rgge809d42f0d-collector-1 Creating 
 Container rgge809d42f0d-collector-1 Created 
 Container rgge809d42f0d-node11-1 Creating 
 Container rgge809d42f0d-node4-1 Creating 
 Container rgge809d42f0d-node18-1 Creating 
 Container rgge809d42f0d-node9-1 Creating 
 Container rgge809d42f0d-node17-1 Creating 
 Container rgge809d42f0d-node19-1 Creating 
 Container rgge809d42f0d-node14-1 Creating 
 Container rgge809d42f0d-node5-1 Creating 
 Container rgge809d42f0d-node3-1 Creating 
 Container rgge809d42f0d-node13-1 Creating 
 Container rgge809d42f0d-node12-1 Creating 
 Container rgge809d42f0d-node10-1 Creating 
 Container rgge809d42f0d-node15-1 Creating 
 Container rgge809d42f0d-node1-1 Creating 
 Container rgge809d42f0d-node7-1 Creating 
 Container rgge809d42f0d-node6-1 Creating 
 Container rgge809d42f0d-node2-1 Creating 
 Container rgge809d42f0d-node8-1 Creating 
 Container rgge809d42f0d-node16-1 Creating 
 Container rgge809d42f0d-node0-1 Creating 
 Container rgge809d42f0d-node11-1 Created 
 Container rgge809d42f0d-node12-1 Created 
 Container rgge809d42f0d-node8-1 Created 
 Container rgge809d42f0d-node7-1 Created 
 Container rgge809d42f0d-node18-1 Created 
 Container rgge809d42f0d-node16-1 Created 
 Container rgge809d42f0d-node10-1 Created 
 Container rgge809d42f0d-node0-1 Created 
 Container rgge809d42f0d-node1-1 Created 
 Container rgge809d42f0d-node5-1 Created 
 Container rgge809d42f0d-node9-1 Created 
 Container rgge809d42f0d-node19-1 Created 
 Container rgge809d42f0d-node3-1 Created 
 Container rgge809d42f0d-node13-1 Created 
 Container rgge809d42f0d-node4-1 Created 
 Container rgge809d42f0d-node14-1 Created 
 Container rgge809d42f0d-node17-1 Created 
 Container rgge809d42f0d-node2-1 Created 
 Container rgge809d42f0d-node15-1 Created 
 Container rgge809d42f0d-node6-1 Created 
 Container rgge809d42f0d-driver-1 Creating 
 Container rgge809d42f0d-driver-1 Created 
 Container rgge809d42f0d-collector-1 Starting 
 Container rgge809d42f0d-collector-1 Started 
 Container rgge809d42f0d-node19-1 Starting 
 Container rgge809d42f0d-node8-1 Starting 
 Container rgge809d42f0d-node15-1 Starting 
 Container rgge809d42f0d-node4-1 Starting 
 Container rgge809d42f0d-node7-1 Starting 
 Container rgge809d42f0d-node0-1 Starting 
 Container rgge809d42f0d-node3-1 Starting 
 Container rgge809d42f0d-node2-1 Starting 
 Container rgge809d42f0d-node18-1 Starting 
 Container rgge809d42f0d-node11-1 Starting 
 Container rgge809d42f0d-node13-1 Starting 
 Container rgge809d42f0d-node12-1 Starting 
 Container rgge809d42f0d-node10-1 Starting 
 Container rgge809d42f0d-node6-1 Starting 
 Container rgge809d42f0d-node17-1 Starting 
 Container rgge809d42f0d-node16-1 Starting 
 Container rgge809d42f0d-node5-1 Starting 
 Container rgge809d42f0d-node9-1 Starting 
 Container rgge809d42f0d-node14-1 Starting 
 Container rgge809d42f0d-node1-1 Starting 
 Container rgge809d42f0d-node19-1 Started 
 Container rgge809d42f0d-node10-1 Started 
 Container rgge809d42f0d-node8-1 Started 
 Container rgge809d42f0d-node1-1 Started 
 Container rgge809d42f0d-node15-1 Started 
 Container rgge809d42f0d-node9-1 Started 
 Container rgge809d42f0d-node5-1 Started 
 Container rgge809d42f0d-node0-1 Started 
 Container rgge809d42f0d-node11-1 Started 
 Container rgge809d42f0d-node6-1 Started 
 Container rgge809d42f0d-node3-1 Started 
 Container rgge809d42f0d-node13-1 Started 
 Container rgge809d42f0d-node17-1 Started 
 Container rgge809d42f0d-node4-1 Started 
 Container rgge809d42f0d-node16-1 Started 
 Container rgge809d42f0d-node14-1 Started 
 Container rgge809d42f0d-node2-1 Started 
 Container rgge809d42f0d-node12-1 Started 
 Container rgge809d42f0d-node7-1 Started 
 Container rgge809d42f0d-node18-1 Started 
 Container rgge809d42f0d-driver-1 Starting 
 Container rgge809d42f0d-driver-1 Started 
0
