 Network rgg1316497766_default Creating 
 Network rgg1316497766_default Created 
 Container rgg1316497766-collector-1 Creating 
 Container rgg1316497766-collector-1 Created 
 Container rgg1316497766-node20-1 Creating 
 Container rgg1316497766-node7-1 Creating 
 Container rgg1316497766-node9-1 Creating 
 Container rgg1316497766-node8-1 Creating 
 Container rgg1316497766-node12-1 Creating 
 Container rgg1316497766-node18-1 Creating 
 Container rgg1316497766-node0-1 Creating 
 Container rgg1316497766-node15-1 Creating 
 Container rgg1316497766-node16-1 Creating 
 Container rgg1316497766-node13-1 Creating 
 Container rgg1316497766-node6-1 Creating 
 Container rgg1316497766-node3-1 Creating 
 Container rgg1316497766-node10-1 Creating 
 Container rgg1316497766-node23-1 Creating 
 Container rgg1316497766-node2-1 Creating 
 Container rgg1316497766-node1-1 Creating 
 Container rgg1316497766-node14-1 Creating 
 Container rgg1316497766-node11-1 Creating 
 Container rgg1316497766-node17-1 Creating 
 Container rgg1316497766-node4-1 Creating 
 Container rgg1316497766-node21-1 Creating 
 Container rgg1316497766-node22-1 Creating 
 Container rgg1316497766-node19-1 Creating 
 Container rgg1316497766-node5-1 Creating 
 Container rgg1316497766-node13-1 Created 
 Container rgg1316497766-node12-1 Created 
 Container rgg1316497766-node21-1 Created 
 Container rgg1316497766-node20-1 Created 
 Container rgg1316497766-node15-1 Created 
 Container rgg1316497766-node0-1 Created 
 Container rgg1316497766-node5-1 Created 
 Container rgg1316497766-node23-1 Created 
 Container rgg1316497766-node3-1 Created 
 Container rgg1316497766-node2-1 Created 
 Container rgg1316497766-node18-1 Created 
 Container rgg1316497766-node8-1 Created 
 Container rgg1316497766-node11-1 Created 
 Container rgg1316497766-node19-1 Created 
 Container rgg1316497766-node4-1 Created 
 Container rgg1316497766-node6-1 Created 
 Container rgg1316497766-node9-1 Created 
 Container rgg1316497766-node16-1 Created 
 Container rgg1316497766-node22-1 Created 
 Container rgg1316497766-node7-1 Created 
 Container rgg1316497766-node1-1 Created 
 Container rgg1316497766-node10-1 Created 
 Container rgg1316497766-node14-1 Created 
 Container rgg1316497766-node17-1 Created 
 Container rgg1316497766-collector-1 Starting 
 Container rgg1316497766-collector-1 Started 
 Container rgg1316497766-node12-1 Starting 
 Container rgg1316497766-node20-1 Starting 
 Container rgg1316497766-node17-1 Starting 
 Container rgg1316497766-node1-1 Starting 
 Container rgg1316497766-node10-1 Starting 
 Container rgg1316497766-node6-1 Starting 
 Container rgg1316497766-node9-1 Starting 
 Container rgg1316497766-node4-1 Starting 
 Container rgg1316497766-node5-1 Starting 
 Container rgg1316497766-node3-1 Starting 
 Container rgg1316497766-node13-1 Starting 
 Container rgg1316497766-node7-1 Starting 
 Container rgg1316497766-node2-1 Starting 
 Container rgg1316497766-node8-1 Starting 
 Container rgg1316497766-node22-1 Starting 
 Container rgg1316497766-node16-1 Starting 
 Container rgg1316497766-node15-1 Starting 
 Container rgg1316497766-node21-1 Starting 
 Container rgg1316497766-node19-1 Starting 
 Container rgg1316497766-node14-1 Starting 
 Container rgg1316497766-node18-1 Starting 
 Container rgg1316497766-node11-1 Starting 
 Container rgg1316497766-node0-1 Starting 
 Container rgg1316497766-node23-1 Starting 
 Container rgg1316497766-node1-1 Started 
 Container rgg1316497766-node2-1 Started 
 Container rgg1316497766-node13-1 Started 
 Container rgg1316497766-node18-1 Started 
 Container rgg1316497766-node0-1 Started 
 Container rgg1316497766-node15-1 Started 
 Container rgg1316497766-node17-1 Started 
 Container rgg1316497766-node4-1 Started 
 Container rgg1316497766-node16-1 Started 
 Container rgg1316497766-node20-1 Started 
 Container rgg1316497766-node12-1 Started 
 Container rgg1316497766-node10-1 Started 
 Container rgg1316497766-node22-1 Started 
 Container rgg1316497766-node6-1 Started 
 Container rgg1316497766-node21-1 Started 
 Container rgg1316497766-node7-1 Started 
 Container rgg1316497766-node9-1 Started 
 Container rgg1316497766-node19-1 Started 
 Container rgg1316497766-node14-1 Started 
 Container rgg1316497766-node11-1 Started 
 Container rgg1316497766-node23-1 Started 
 Container rgg1316497766-node3-1 Started 
 Container rgg1316497766-node5-1 Started 
 Container rgg1316497766-node8-1 Started 
DRIVER_STARTED: 2026-07-15T05:01:07Z
0
