 Network rgg57c7c04533_default Creating 
 Network rgg57c7c04533_default Created 
 Container rgg57c7c04533-collector-1 Creating 
 Container rgg57c7c04533-collector-1 Created 
 Container rgg57c7c04533-node13-1 Creating 
 Container rgg57c7c04533-node5-1 Creating 
 Container rgg57c7c04533-node4-1 Creating 
 Container rgg57c7c04533-node16-1 Creating 
 Container rgg57c7c04533-node6-1 Creating 
 Container rgg57c7c04533-node2-1 Creating 
 Container rgg57c7c04533-node0-1 Creating 
 Container rgg57c7c04533-node12-1 Creating 
 Container rgg57c7c04533-node23-1 Creating 
 Container rgg57c7c04533-node22-1 Creating 
 Container rgg57c7c04533-node20-1 Creating 
 Container rgg57c7c04533-node1-1 Creating 
 Container rgg57c7c04533-node21-1 Creating 
 Container rgg57c7c04533-node14-1 Creating 
 Container rgg57c7c04533-node7-1 Creating 
 Container rgg57c7c04533-node11-1 Creating 
 Container rgg57c7c04533-node17-1 Creating 
 Container rgg57c7c04533-node8-1 Creating 
 Container rgg57c7c04533-node10-1 Creating 
 Container rgg57c7c04533-node9-1 Creating 
 Container rgg57c7c04533-node18-1 Creating 
 Container rgg57c7c04533-node15-1 Creating 
 Container rgg57c7c04533-node3-1 Creating 
 Container rgg57c7c04533-node19-1 Creating 
 Container rgg57c7c04533-node0-1 Created 
 Container rgg57c7c04533-node13-1 Created 
 Container rgg57c7c04533-node12-1 Created 
 Container rgg57c7c04533-node22-1 Created 
 Container rgg57c7c04533-node14-1 Created 
 Container rgg57c7c04533-node8-1 Created 
 Container rgg57c7c04533-node20-1 Created 
 Container rgg57c7c04533-node1-1 Created 
 Container rgg57c7c04533-node3-1 Created 
 Container rgg57c7c04533-node6-1 Created 
 Container rgg57c7c04533-node9-1 Created 
 Container rgg57c7c04533-node4-1 Created 
 Container rgg57c7c04533-node17-1 Created 
 Container rgg57c7c04533-node5-1 Created 
 Container rgg57c7c04533-node21-1 Created 
 Container rgg57c7c04533-node11-1 Created 
 Container rgg57c7c04533-node15-1 Created 
 Container rgg57c7c04533-node2-1 Created 
 Container rgg57c7c04533-node16-1 Created 
 Container rgg57c7c04533-node18-1 Created 
 Container rgg57c7c04533-node10-1 Created 
 Container rgg57c7c04533-node7-1 Created 
 Container rgg57c7c04533-node19-1 Created 
 Container rgg57c7c04533-node23-1 Created 
 Container rgg57c7c04533-driver-1 Creating 
 Container rgg57c7c04533-driver-1 Created 
 Container rgg57c7c04533-collector-1 Starting 
 Container rgg57c7c04533-collector-1 Started 
 Container rgg57c7c04533-node15-1 Starting 
 Container rgg57c7c04533-node16-1 Starting 
 Container rgg57c7c04533-node10-1 Starting 
 Container rgg57c7c04533-node8-1 Starting 
 Container rgg57c7c04533-node11-1 Starting 
 Container rgg57c7c04533-node19-1 Starting 
 Container rgg57c7c04533-node18-1 Starting 
 Container rgg57c7c04533-node17-1 Starting 
 Container rgg57c7c04533-node2-1 Starting 
 Container rgg57c7c04533-node4-1 Starting 
 Container rgg57c7c04533-node0-1 Starting 
 Container rgg57c7c04533-node23-1 Starting 
 Container rgg57c7c04533-node13-1 Starting 
 Container rgg57c7c04533-node22-1 Starting 
 Container rgg57c7c04533-node21-1 Starting 
 Container rgg57c7c04533-node7-1 Starting 
 Container rgg57c7c04533-node6-1 Starting 
 Container rgg57c7c04533-node1-1 Starting 
 Container rgg57c7c04533-node14-1 Starting 
 Container rgg57c7c04533-node3-1 Starting 
 Container rgg57c7c04533-node12-1 Starting 
 Container rgg57c7c04533-node20-1 Starting 
 Container rgg57c7c04533-node5-1 Starting 
 Container rgg57c7c04533-node9-1 Starting 
 Container rgg57c7c04533-node16-1 Started 
 Container rgg57c7c04533-node1-1 Started 
 Container rgg57c7c04533-node14-1 Started 
 Container rgg57c7c04533-node7-1 Started 
 Container rgg57c7c04533-node15-1 Started 
 Container rgg57c7c04533-node4-1 Started 
 Container rgg57c7c04533-node6-1 Started 
 Container rgg57c7c04533-node9-1 Started 
 Container rgg57c7c04533-node10-1 Started 
 Container rgg57c7c04533-node2-1 Started 
 Container rgg57c7c04533-node17-1 Started 
 Container rgg57c7c04533-node23-1 Started 
 Container rgg57c7c04533-node8-1 Started 
 Container rgg57c7c04533-node22-1 Started 
 Container rgg57c7c04533-node5-1 Started 
 Container rgg57c7c04533-node3-1 Started 
 Container rgg57c7c04533-node20-1 Started 
 Container rgg57c7c04533-node12-1 Started 
 Container rgg57c7c04533-node0-1 Started 
 Container rgg57c7c04533-node13-1 Started 
 Container rgg57c7c04533-node18-1 Started 
 Container rgg57c7c04533-node19-1 Started 
 Container rgg57c7c04533-node21-1 Started 
 Container rgg57c7c04533-node11-1 Started 
 Container rgg57c7c04533-driver-1 Starting 
 Container rgg57c7c04533-driver-1 Started 
0
