 Network rggc5479b1bde_default Creating 
 Network rggc5479b1bde_default Created 
 Container rggc5479b1bde-collector-1 Creating 
 Container rggc5479b1bde-collector-1 Created 
 Container rggc5479b1bde-node7-1 Creating 
 Container rggc5479b1bde-node0-1 Creating 
 Container rggc5479b1bde-node8-1 Creating 
 Container rggc5479b1bde-node9-1 Creating 
 Container rggc5479b1bde-node5-1 Creating 
 Container rggc5479b1bde-node13-1 Creating 
 Container rggc5479b1bde-node3-1 Creating 
 Container rggc5479b1bde-node2-1 Creating 
 Container rggc5479b1bde-node14-1 Creating 
 Container rggc5479b1bde-node12-1 Creating 
 Container rggc5479b1bde-node1-1 Creating 
 Container rggc5479b1bde-node4-1 Creating 
 Container rggc5479b1bde-node15-1 Creating 
 Container rggc5479b1bde-node6-1 Creating 
 Container rggc5479b1bde-node10-1 Creating 
 Container rggc5479b1bde-node11-1 Creating 
 Container rggc5479b1bde-node0-1 Created 
 Container rggc5479b1bde-node3-1 Created 
 Container rggc5479b1bde-node14-1 Created 
 Container rggc5479b1bde-node7-1 Created 
 Container rggc5479b1bde-node2-1 Created 
 Container rggc5479b1bde-node4-1 Created 
 Container rggc5479b1bde-node1-1 Created 
 Container rggc5479b1bde-node6-1 Created 
 Container rggc5479b1bde-node15-1 Created 
 Container rggc5479b1bde-node12-1 Created 
 Container rggc5479b1bde-node8-1 Created 
 Container rggc5479b1bde-node11-1 Created 
 Container rggc5479b1bde-node9-1 Created 
 Container rggc5479b1bde-node10-1 Created 
 Container rggc5479b1bde-node13-1 Created 
 Container rggc5479b1bde-node5-1 Created 
 Container rggc5479b1bde-driver-1 Creating 
 Container rggc5479b1bde-driver-1 Created 
 Container rggc5479b1bde-collector-1 Starting 
 Container rggc5479b1bde-collector-1 Started 
 Container rggc5479b1bde-node15-1 Starting 
 Container rggc5479b1bde-node8-1 Starting 
 Container rggc5479b1bde-node4-1 Starting 
 Container rggc5479b1bde-node10-1 Starting 
 Container rggc5479b1bde-node3-1 Starting 
 Container rggc5479b1bde-node11-1 Starting 
 Container rggc5479b1bde-node7-1 Starting 
 Container rggc5479b1bde-node6-1 Starting 
 Container rggc5479b1bde-node2-1 Starting 
 Container rggc5479b1bde-node13-1 Starting 
 Container rggc5479b1bde-node1-1 Starting 
 Container rggc5479b1bde-node12-1 Starting 
 Container rggc5479b1bde-node14-1 Starting 
 Container rggc5479b1bde-node5-1 Starting 
 Container rggc5479b1bde-node0-1 Starting 
 Container rggc5479b1bde-node9-1 Starting 
 Container rggc5479b1bde-node9-1 Started 
 Container rggc5479b1bde-node15-1 Started 
 Container rggc5479b1bde-node6-1 Started 
 Container rggc5479b1bde-node4-1 Started 
 Container rggc5479b1bde-node5-1 Started 
 Container rggc5479b1bde-node10-1 Started 
 Container rggc5479b1bde-node1-1 Started 
 Container rggc5479b1bde-node3-1 Started 
 Container rggc5479b1bde-node0-1 Started 
 Container rggc5479b1bde-node11-1 Started 
 Container rggc5479b1bde-node12-1 Started 
 Container rggc5479b1bde-node2-1 Started 
 Container rggc5479b1bde-node7-1 Started 
 Container rggc5479b1bde-node8-1 Started 
 Container rggc5479b1bde-node13-1 Started 
 Container rggc5479b1bde-node14-1 Started 
 Container rggc5479b1bde-driver-1 Starting 
 Container rggc5479b1bde-driver-1 Started 
0
