Preparing 4 committee slots (excluded from metrics)
Running 256 measured workflows at concurrency 4
Progress: 1/256
Progress: 2/256
Progress: 3/256
Progress: 4/256
Progress: 5/256
Progress: 6/256
Progress: 7/256
Progress: 8/256
Progress: 9/256
Progress: 10/256
Progress: 11/256
Progress: 12/256
Progress: 13/256
Progress: 14/256
Progress: 15/256
Progress: 16/256
Progress: 17/256
Progress: 18/256
Progress: 19/256
Progress: 20/256
Progress: 21/256
Progress: 22/256
Progress: 23/256
Progress: 24/256
Progress: 25/256
Progress: 26/256
Progress: 27/256
Progress: 28/256
Progress: 29/256
Progress: 30/256
Progress: 31/256
Progress: 32/256
Progress: 33/256
Progress: 34/256
Progress: 35/256
Progress: 36/256
Progress: 37/256
Progress: 38/256
Progress: 39/256
Progress: 40/256
Progress: 41/256
Progress: 42/256
Progress: 43/256
Progress: 44/256
Progress: 45/256
Progress: 46/256
Progress: 47/256
Progress: 48/256
Progress: 49/256
Progress: 50/256
Progress: 51/256
Progress: 52/256
Progress: 53/256
Progress: 54/256
Progress: 55/256
Progress: 56/256
Progress: 57/256
Progress: 58/256
Progress: 59/256
Progress: 60/256
Progress: 61/256
Progress: 62/256
Progress: 63/256
Progress: 64/256
Progress: 65/256
Progress: 66/256
Progress: 67/256
Progress: 68/256
Progress: 69/256
Progress: 70/256
Progress: 71/256
Progress: 72/256
Progress: 73/256
Progress: 74/256
Progress: 75/256
Progress: 76/256
Progress: 77/256
Progress: 78/256
Progress: 79/256
Progress: 80/256
Progress: 81/256
Progress: 82/256
Progress: 83/256
Progress: 84/256
Progress: 85/256
Progress: 86/256
Progress: 87/256
Progress: 88/256
Progress: 89/256
Progress: 90/256
Progress: 91/256
Progress: 92/256
Progress: 93/256
Progress: 94/256
Progress: 95/256
Progress: 96/256
Progress: 97/256
Progress: 98/256
Progress: 99/256
Progress: 100/256
Progress: 101/256
Progress: 102/256
Progress: 103/256
Progress: 104/256
Progress: 105/256
Progress: 106/256
Progress: 107/256
Progress: 108/256
Progress: 109/256
Progress: 110/256
Progress: 111/256
Progress: 112/256
Progress: 113/256
Progress: 114/256
Progress: 115/256
Progress: 116/256
Progress: 117/256
Progress: 118/256
Progress: 119/256
Progress: 120/256
Progress: 121/256
Progress: 122/256
Progress: 123/256
Progress: 124/256
Progress: 125/256
Progress: 126/256
Progress: 127/256
Progress: 128/256
Progress: 129/256
Progress: 130/256
Progress: 131/256
Progress: 132/256
Progress: 133/256
Progress: 134/256
Progress: 135/256
Progress: 136/256
Progress: 137/256
Progress: 138/256
Progress: 139/256
Progress: 140/256
Progress: 141/256
Progress: 142/256
Progress: 143/256
Progress: 144/256
Workflow b2-fabric-b1-c4-r2-task-0144 failed: curl: (56) Recv failure: Connection reset by peer

Progress: 145/256
Workflow b2-fabric-b1-c4-r2-task-0147 failed: curl: (56) Recv failure: Connection reset by peer

Progress: 146/256
Workflow b2-fabric-b1-c4-r2-task-0145 failed: curl: (56) Recv failure: Connection reset by peer

Progress: 147/256
Workflow b2-fabric-b1-c4-r2-task-0146 failed: curl: (56) Recv failure: Connection reset by peer

Progress: 148/256
Workflow b2-fabric-b1-c4-r2-task-0148 failed: curl: (56) Recv failure: Connection reset by peer

Progress: 149/256
Workflow b2-fabric-b1-c4-r2-task-0149 failed: curl: (56) Recv failure: Connection reset by peer

Progress: 150/256
Workflow b2-fabric-b1-c4-r2-task-0150 failed: curl: (56) Recv failure: Connection reset by peer

Progress: 151/256
Workflow b2-fabric-b1-c4-r2-task-0151 failed: curl: (56) Recv failure: Connection reset by peer

Progress: 152/256
Workflow b2-fabric-b1-c4-r2-task-0152 failed: curl: (56) Recv failure: Connection reset by peer

Progress: 153/256
Workflow b2-fabric-b1-c4-r2-task-0153 failed: curl: (56) Recv failure: Connection reset by peer

Progress: 154/256
Workflow b2-fabric-b1-c4-r2-task-0154 failed: curl: (56) Recv failure: Connection reset by peer

Progress: 155/256
Workflow b2-fabric-b1-c4-r2-task-0155 failed: curl: (56) Recv failure: Connection reset by peer

Progress: 156/256
Workflow b2-fabric-b1-c4-r2-task-0156 failed: curl: (56) Recv failure: Connection reset by peer

Progress: 157/256
Workflow b2-fabric-b1-c4-r2-task-0157 failed: curl: (56) Recv failure: Connection reset by peer

Progress: 158/256
Workflow b2-fabric-b1-c4-r2-task-0158 failed: curl: (56) Recv failure: Connection reset by peer

Progress: 159/256
Workflow b2-fabric-b1-c4-r2-task-0159 failed: curl: (56) Recv failure: Connection reset by peer

Progress: 160/256
Workflow b2-fabric-b1-c4-r2-task-0160 failed: curl: (56) Recv failure: Connection reset by peer

Progress: 161/256
Workflow b2-fabric-b1-c4-r2-task-0161 failed: curl: (56) Recv failure: Connection reset by peer

Progress: 162/256
Workflow b2-fabric-b1-c4-r2-task-0162 failed: curl: (56) Recv failure: Connection reset by peer

Progress: 163/256
Workflow b2-fabric-b1-c4-r2-task-0163 failed: curl: (56) Recv failure: Connection reset by peer

Workflow b2-fabric-b1-c4-r2-task-0164 failed: curl: (56) Recv failure: Connection reset by peer

Progress: 164/256
Progress: 165/256
Workflow b2-fabric-b1-c4-r2-task-0165 failed: curl: (56) Recv failure: Connection reset by peer

Progress: 166/256
Workflow b2-fabric-b1-c4-r2-task-0166 failed: curl: (56) Recv failure: Connection reset by peer

Progress: 167/256
Workflow b2-fabric-b1-c4-r2-task-0168 failed: curl: (56) Recv failure: Connection reset by peer

Progress: 168/256
Workflow b2-fabric-b1-c4-r2-task-0167 failed: curl: (56) Recv failure: Connection reset by peer

Progress: 169/256
Workflow b2-fabric-b1-c4-r2-task-0169 failed: curl: (56) Recv failure: Connection reset by peer

Progress: 170/256
Workflow b2-fabric-b1-c4-r2-task-0170 failed: curl: (56) Recv failure: Connection reset by peer

Progress: 171/256
Workflow b2-fabric-b1-c4-r2-task-0171 failed: curl: (56) Recv failure: Connection reset by peer

Progress: 172/256
Workflow b2-fabric-b1-c4-r2-task-0172 failed: curl: (56) Recv failure: Connection reset by peer

Progress: 173/256
Workflow b2-fabric-b1-c4-r2-task-0173 failed: curl: (56) Recv failure: Connection reset by peer

Progress: 174/256
Workflow b2-fabric-b1-c4-r2-task-0174 failed: curl: (56) Recv failure: Connection reset by peer

Progress: 175/256
Workflow b2-fabric-b1-c4-r2-task-0175 failed: curl: (56) Recv failure: Connection reset by peer

Progress: 176/256
Workflow b2-fabric-b1-c4-r2-task-0176 failed: curl: (56) Recv failure: Connection reset by peer

Progress: 177/256
Workflow b2-fabric-b1-c4-r2-task-0177 failed: curl: (56) Recv failure: Connection reset by peer

Progress: 178/256
Workflow b2-fabric-b1-c4-r2-task-0178 failed: curl: (56) Recv failure: Connection reset by peer

Progress: 179/256
Workflow b2-fabric-b1-c4-r2-task-0179 failed: curl: (56) Recv failure: Connection reset by peer

Progress: 180/256
Workflow b2-fabric-b1-c4-r2-task-0180 failed: curl: (56) Recv failure: Connection reset by peer

Progress: 181/256
Workflow b2-fabric-b1-c4-r2-task-0181 failed: curl: (56) Recv failure: Connection reset by peer

Progress: 182/256
Workflow b2-fabric-b1-c4-r2-task-0182 failed: curl: (56) Recv failure: Connection reset by peer

Progress: 183/256
Workflow b2-fabric-b1-c4-r2-task-0183 failed: curl: (56) Recv failure: Connection reset by peer

Progress: 184/256
Workflow b2-fabric-b1-c4-r2-task-0184 failed: curl: (56) Recv failure: Connection reset by peer

Progress: 185/256
Workflow b2-fabric-b1-c4-r2-task-0185 failed: curl: (56) Recv failure: Connection reset by peer

Progress: 186/256
Workflow b2-fabric-b1-c4-r2-task-0186 failed: curl: (56) Recv failure: Connection reset by peer

Progress: 187/256
Workflow b2-fabric-b1-c4-r2-task-0187 failed: curl: (56) Recv failure: Connection reset by peer

Workflow b2-fabric-b1-c4-r2-task-0188 failed: curl: (56) Recv failure: Connection reset by peer

Progress: 188/256
Progress: 189/256
Workflow b2-fabric-b1-c4-r2-task-0189 failed: curl: (56) Recv failure: Connection reset by peer

Progress: 190/256
Workflow b2-fabric-b1-c4-r2-task-0190 failed: curl: (56) Recv failure: Connection reset by peer

Progress: 191/256
Workflow b2-fabric-b1-c4-r2-task-0192 failed: curl: (56) Recv failure: Connection reset by peer

Workflow b2-fabric-b1-c4-r2-task-0191 failed: curl: (56) Recv failure: Connection reset by peer

Progress: 192/256
Progress: 193/256
Workflow b2-fabric-b1-c4-r2-task-0193 failed: curl: (56) Recv failure: Connection reset by peer

Progress: 194/256
Workflow b2-fabric-b1-c4-r2-task-0194 failed: curl: (56) Recv failure: Connection reset by peer

Progress: 195/256
Workflow b2-fabric-b1-c4-r2-task-0196 failed: curl: (56) Recv failure: Connection reset by peer

Progress: 196/256
Workflow b2-fabric-b1-c4-r2-task-0195 failed: curl: (56) Recv failure: Connection reset by peer

Progress: 197/256
Workflow b2-fabric-b1-c4-r2-task-0197 failed: curl: (56) Recv failure: Connection reset by peer

Progress: 198/256
Workflow b2-fabric-b1-c4-r2-task-0198 failed: curl: (56) Recv failure: Connection reset by peer

Progress: 199/256
Workflow b2-fabric-b1-c4-r2-task-0200 failed: curl: (56) Recv failure: Connection reset by peer

Progress: 200/256
Workflow b2-fabric-b1-c4-r2-task-0201 failed: curl: (56) Recv failure: Connection reset by peer

Workflow b2-fabric-b1-c4-r2-task-0199 failed: curl: (56) Recv failure: Connection reset by peer

Progress: 201/256
Progress: 202/256
Workflow b2-fabric-b1-c4-r2-task-0202 failed: curl: (56) Recv failure: Connection reset by peer

Progress: 203/256
Workflow b2-fabric-b1-c4-r2-task-0203 failed: curl: (56) Recv failure: Connection reset by peer

Progress: 204/256
Workflow b2-fabric-b1-c4-r2-task-0204 failed: curl: (56) Recv failure: Connection reset by peer

Progress: 205/256
Workflow b2-fabric-b1-c4-r2-task-0206 failed: curl: (56) Recv failure: Connection reset by peer

Progress: 206/256
Workflow b2-fabric-b1-c4-r2-task-0205 failed: curl: (56) Recv failure: Connection reset by peer

Progress: 207/256
Workflow b2-fabric-b1-c4-r2-task-0207 failed: curl: (56) Recv failure: Connection reset by peer

Progress: 208/256
Workflow b2-fabric-b1-c4-r2-task-0209 failed: curl: (56) Recv failure: Connection reset by peer

Workflow b2-fabric-b1-c4-r2-task-0208 failed: curl: (56) Recv failure: Connection reset by peer

Progress: 209/256
Progress: 210/256
Workflow b2-fabric-b1-c4-r2-task-0210 failed: curl: (56) Recv failure: Connection reset by peer

Workflow b2-fabric-b1-c4-r2-task-0211 failed: curl: (56) Recv failure: Connection reset by peer

Progress: 211/256
Progress: 212/256
Workflow b2-fabric-b1-c4-r2-task-0212 failed: curl: (56) Recv failure: Connection reset by peer

Progress: 213/256
Workflow b2-fabric-b1-c4-r2-task-0214 failed: curl: (56) Recv failure: Connection reset by peer

Progress: 214/256
Workflow b2-fabric-b1-c4-r2-task-0213 failed: curl: (56) Recv failure: Connection reset by peer

Progress: 215/256
Workflow b2-fabric-b1-c4-r2-task-0215 failed: curl: (56) Recv failure: Connection reset by peer

Progress: 216/256
Workflow b2-fabric-b1-c4-r2-task-0216 failed: curl: (56) Recv failure: Connection reset by peer

Progress: 217/256
Workflow b2-fabric-b1-c4-r2-task-0217 failed: curl: (56) Recv failure: Connection reset by peer

Progress: 218/256
Workflow b2-fabric-b1-c4-r2-task-0218 failed: curl: (56) Recv failure: Connection reset by peer

Progress: 219/256
Workflow b2-fabric-b1-c4-r2-task-0219 failed: curl: (56) Recv failure: Connection reset by peer

Progress: 220/256
Workflow b2-fabric-b1-c4-r2-task-0220 failed: curl: (56) Recv failure: Connection reset by peer

Progress: 221/256
Workflow b2-fabric-b1-c4-r2-task-0221 failed: curl: (56) Recv failure: Connection reset by peer

Progress: 222/256
Workflow b2-fabric-b1-c4-r2-task-0222 failed: curl: (56) Recv failure: Connection reset by peer

Progress: 223/256
Workflow b2-fabric-b1-c4-r2-task-0223 failed: curl: (56) Recv failure: Connection reset by peer

Progress: 224/256
Workflow b2-fabric-b1-c4-r2-task-0224 failed: curl: (56) Recv failure: Connection reset by peer

Progress: 225/256
Workflow b2-fabric-b1-c4-r2-task-0225 failed: curl: (56) Recv failure: Connection reset by peer

Workflow b2-fabric-b1-c4-r2-task-0226 failed: curl: (56) Recv failure: Connection reset by peer

Progress: 226/256
Workflow b2-fabric-b1-c4-r2-task-0227 failed: curl: (56) Recv failure: Connection reset by peer

Progress: 227/256
Progress: 228/256
Workflow b2-fabric-b1-c4-r2-task-0229 failed: curl: (56) Recv failure: Connection reset by peer

Progress: 229/256
Workflow b2-fabric-b1-c4-r2-task-0228 failed: curl: (56) Recv failure: Connection reset by peer

Progress: 230/256
Workflow b2-fabric-b1-c4-r2-task-0230 failed: curl: (56) Recv failure: Connection reset by peer

Progress: 231/256
Workflow b2-fabric-b1-c4-r2-task-0231 failed: curl: (56) Recv failure: Connection reset by peer

Progress: 232/256
Workflow b2-fabric-b1-c4-r2-task-0233 failed: curl: (56) Recv failure: Connection reset by peer

Workflow b2-fabric-b1-c4-r2-task-0232 failed: curl: (56) Recv failure: Connection reset by peer

Progress: 233/256
Workflow b2-fabric-b1-c4-r2-task-0234 failed: curl: (56) Recv failure: Connection reset by peer

Progress: 234/256
Workflow b2-fabric-b1-c4-r2-task-0235 failed: curl: (56) Recv failure: Connection reset by peer

Progress: 235/256
Progress: 236/256
Workflow b2-fabric-b1-c4-r2-task-0236 failed: curl: (56) Recv failure: Connection reset by peer

Progress: 237/256
Workflow b2-fabric-b1-c4-r2-task-0237 failed: curl: (56) Recv failure: Connection reset by peer

Progress: 238/256
Workflow b2-fabric-b1-c4-r2-task-0239 failed: curl: (56) Recv failure: Connection reset by peer

Progress: 239/256
Workflow b2-fabric-b1-c4-r2-task-0238 failed: curl: (56) Recv failure: Connection reset by peer

Progress: 240/256
Workflow b2-fabric-b1-c4-r2-task-0241 failed: curl: (56) Recv failure: Connection reset by peer

Progress: 241/256
Workflow b2-fabric-b1-c4-r2-task-0240 failed: curl: (56) Recv failure: Connection reset by peer

Progress: 242/256
Workflow b2-fabric-b1-c4-r2-task-0242 failed: curl: (56) Recv failure: Connection reset by peer

Progress: 243/256
Workflow b2-fabric-b1-c4-r2-task-0243 failed: curl: (56) Recv failure: Connection reset by peer

Progress: 244/256
Workflow b2-fabric-b1-c4-r2-task-0244 failed: curl: (56) Recv failure: Connection reset by peer

Progress: 245/256
Workflow b2-fabric-b1-c4-r2-task-0245 failed: curl: (56) Recv failure: Connection reset by peer

Progress: 246/256
Workflow b2-fabric-b1-c4-r2-task-0246 failed: curl: (56) Recv failure: Connection reset by peer

Progress: 247/256
Workflow b2-fabric-b1-c4-r2-task-0247 failed: curl: (56) Recv failure: Connection reset by peer

Progress: 248/256
Workflow b2-fabric-b1-c4-r2-task-0249 failed: curl: (56) Recv failure: Connection reset by peer

Progress: 249/256
Workflow b2-fabric-b1-c4-r2-task-0250 failed: curl: (56) Recv failure: Connection reset by peer

Progress: 250/256
Workflow b2-fabric-b1-c4-r2-task-0248 failed: curl: (56) Recv failure: Connection reset by peer

Progress: 251/256
Workflow b2-fabric-b1-c4-r2-task-0251 failed: curl: (56) Recv failure: Connection reset by peer

Progress: 252/256
Workflow b2-fabric-b1-c4-r2-task-0252 failed: curl: (56) Recv failure: Connection reset by peer

Progress: 253/256
Workflow b2-fabric-b1-c4-r2-task-0253 failed: curl: (56) Recv failure: Connection reset by peer

Progress: 254/256
Workflow b2-fabric-b1-c4-r2-task-0254 failed: curl: (56) Recv failure: Connection reset by peer

Workflow b2-fabric-b1-c4-r2-task-0255 failed: curl: (56) Recv failure: Connection reset by peer

Progress: 255/256
Progress: 256/256
{
  "operation_count": 1588,
  "successful_operations": 1476,
  "failed_operations": 112,
  "workflow_count": 256,
  "successful_workflows": 144,
  "failed_workflows": 112,
  "workflow_success_rate": 0.5625,
  "measurement_duration_ms": 537852,
  "workflow_throughput_per_s": 0.26773164364918234,
  "per_operation": {
    "fabric_post_allocation": {
      "count": 148,
      "success_count": 148,
      "failure_count": 0,
      "p50_ms": 2335,
      "p95_ms": 2563,
      "p99_ms": 3688
    },
    "fabric_post_snapshot": {
      "count": 148,
      "success_count": 148,
      "failure_count": 0,
      "p50_ms": 2297,
      "p95_ms": 3224,
      "p99_ms": 3386
    },
    "fabric_post_task": {
      "count": 148,
      "success_count": 148,
      "failure_count": 0,
      "p50_ms": 2478,
      "p95_ms": 3473,
      "p99_ms": 3525
    },
    "fabric_query_confirmation": {
      "count": 148,
      "success_count": 148,
      "failure_count": 0,
      "p50_ms": 150,
      "p95_ms": 361,
      "p99_ms": 1316
    },
    "fabric_query_final": {
      "count": 148,
      "success_count": 148,
      "failure_count": 0,
      "p50_ms": 590,
      "p95_ms": 1059,
      "p99_ms": 1533
    },
    "fabric_settlement": {
      "count": 148,
      "success_count": 148,
      "failure_count": 0,
      "p50_ms": 2344,
      "p95_ms": 2599,
      "p99_ms": 2632
    },
    "fabric_vote_1": {
      "count": 148,
      "success_count": 148,
      "failure_count": 0,
      "p50_ms": 2332,
      "p95_ms": 3291,
      "p99_ms": 3455
    },
    "fabric_vote_2": {
      "count": 148,
      "success_count": 148,
      "failure_count": 0,
      "p50_ms": 2287,
      "p95_ms": 2580,
      "p99_ms": 3472
    },
    "ipfs_add": {
      "count": 256,
      "success_count": 148,
      "failure_count": 108,
      "p50_ms": 59,
      "p95_ms": 106,
      "p99_ms": 128
    },
    "ipfs_verify": {
      "count": 148,
      "success_count": 144,
      "failure_count": 4,
      "p50_ms": 8,
      "p95_ms": 11,
      "p99_ms": 12
    }
  },
  "evidence_record_count": 256,
  "evidence_record_throughput_per_s": 0.4759673664874352
}
Results: /mnt/c/Users/guan/Desktop/zte-sci/experiments/exp-local/results/b2-ablation-formal-20260705T171313Z/b2-ablation-b1-c4-r2/fabric/b2-fabric-b1-c4-r2
