 Network rgg203f810276_default Creating 
 Network rgg203f810276_default Created 
 Container rgg203f810276-collector-1 Creating 
 Container rgg203f810276-collector-1 Created 
 Container rgg203f810276-node12-1 Creating 
 Container rgg203f810276-node2-1 Creating 
 Container rgg203f810276-node0-1 Creating 
 Container rgg203f810276-node22-1 Creating 
 Container rgg203f810276-node19-1 Creating 
 Container rgg203f810276-node13-1 Creating 
 Container rgg203f810276-node16-1 Creating 
 Container rgg203f810276-node11-1 Creating 
 Container rgg203f810276-node3-1 Creating 
 Container rgg203f810276-node4-1 Creating 
 Container rgg203f810276-node21-1 Creating 
 Container rgg203f810276-node7-1 Creating 
 Container rgg203f810276-node5-1 Creating 
 Container rgg203f810276-node8-1 Creating 
 Container rgg203f810276-node20-1 Creating 
 Container rgg203f810276-node1-1 Creating 
 Container rgg203f810276-node18-1 Creating 
 Container rgg203f810276-node6-1 Creating 
 Container rgg203f810276-node10-1 Creating 
 Container rgg203f810276-node23-1 Creating 
 Container rgg203f810276-node9-1 Creating 
 Container rgg203f810276-node15-1 Creating 
 Container rgg203f810276-node17-1 Creating 
 Container rgg203f810276-node14-1 Creating 
 Container rgg203f810276-node12-1 Created 
 Container rgg203f810276-node22-1 Created 
 Container rgg203f810276-node16-1 Created 
 Container rgg203f810276-node0-1 Created 
 Container rgg203f810276-node17-1 Created 
 Container rgg203f810276-node3-1 Created 
 Container rgg203f810276-node15-1 Created 
 Container rgg203f810276-node2-1 Created 
 Container rgg203f810276-node11-1 Created 
 Container rgg203f810276-node13-1 Created 
 Container rgg203f810276-node7-1 Created 
 Container rgg203f810276-node14-1 Created 
 Container rgg203f810276-node20-1 Created 
 Container rgg203f810276-node6-1 Created 
 Container rgg203f810276-node1-1 Created 
 Container rgg203f810276-node23-1 Created 
 Container rgg203f810276-node19-1 Created 
 Container rgg203f810276-node8-1 Created 
 Container rgg203f810276-node9-1 Created 
 Container rgg203f810276-node4-1 Created 
 Container rgg203f810276-node10-1 Created 
 Container rgg203f810276-node18-1 Created 
 Container rgg203f810276-node21-1 Created 
 Container rgg203f810276-node5-1 Created 
 Container rgg203f810276-driver-1 Creating 
 Container rgg203f810276-driver-1 Created 
 Container rgg203f810276-collector-1 Starting 
 Container rgg203f810276-collector-1 Started 
 Container rgg203f810276-node16-1 Starting 
 Container rgg203f810276-node2-1 Starting 
 Container rgg203f810276-node18-1 Starting 
 Container rgg203f810276-node11-1 Starting 
 Container rgg203f810276-node15-1 Starting 
 Container rgg203f810276-node6-1 Starting 
 Container rgg203f810276-node12-1 Starting 
 Container rgg203f810276-node1-1 Starting 
 Container rgg203f810276-node4-1 Starting 
 Container rgg203f810276-node13-1 Starting 
 Container rgg203f810276-node14-1 Starting 
 Container rgg203f810276-node9-1 Starting 
 Container rgg203f810276-node8-1 Starting 
 Container rgg203f810276-node17-1 Starting 
 Container rgg203f810276-node3-1 Starting 
 Container rgg203f810276-node19-1 Starting 
 Container rgg203f810276-node7-1 Starting 
 Container rgg203f810276-node22-1 Starting 
 Container rgg203f810276-node23-1 Starting 
 Container rgg203f810276-node20-1 Starting 
 Container rgg203f810276-node5-1 Starting 
 Container rgg203f810276-node21-1 Starting 
 Container rgg203f810276-node10-1 Starting 
 Container rgg203f810276-node0-1 Starting 
 Container rgg203f810276-node18-1 Started 
 Container rgg203f810276-node22-1 Started 
 Container rgg203f810276-node2-1 Started 
 Container rgg203f810276-node0-1 Started 
 Container rgg203f810276-node15-1 Started 
 Container rgg203f810276-node16-1 Started 
 Container rgg203f810276-node11-1 Started 
 Container rgg203f810276-node21-1 Started 
 Container rgg203f810276-node19-1 Started 
 Container rgg203f810276-node9-1 Started 
 Container rgg203f810276-node13-1 Started 
 Container rgg203f810276-node8-1 Started 
 Container rgg203f810276-node14-1 Started 
 Container rgg203f810276-node7-1 Started 
 Container rgg203f810276-node3-1 Started 
 Container rgg203f810276-node17-1 Started 
 Container rgg203f810276-node4-1 Started 
 Container rgg203f810276-node1-1 Started 
 Container rgg203f810276-node6-1 Started 
 Container rgg203f810276-node12-1 Started 
 Container rgg203f810276-node23-1 Started 
 Container rgg203f810276-node10-1 Started 
 Container rgg203f810276-node20-1 Started 
 Container rgg203f810276-node5-1 Started 
 Container rgg203f810276-driver-1 Starting 
 Container rgg203f810276-driver-1 Started 
0
