 Network rgg4c5136cc4c_default Creating 
 Network rgg4c5136cc4c_default Created 
 Container rgg4c5136cc4c-collector-1 Creating 
 Container rgg4c5136cc4c-collector-1 Created 
 Container rgg4c5136cc4c-node7-1 Creating 
 Container rgg4c5136cc4c-node12-1 Creating 
 Container rgg4c5136cc4c-node8-1 Creating 
 Container rgg4c5136cc4c-node0-1 Creating 
 Container rgg4c5136cc4c-node3-1 Creating 
 Container rgg4c5136cc4c-node15-1 Creating 
 Container rgg4c5136cc4c-node10-1 Creating 
 Container rgg4c5136cc4c-node6-1 Creating 
 Container rgg4c5136cc4c-node5-1 Creating 
 Container rgg4c5136cc4c-node1-1 Creating 
 Container rgg4c5136cc4c-node4-1 Creating 
 Container rgg4c5136cc4c-node13-1 Creating 
 Container rgg4c5136cc4c-node14-1 Creating 
 Container rgg4c5136cc4c-node2-1 Creating 
 Container rgg4c5136cc4c-node9-1 Creating 
 Container rgg4c5136cc4c-node11-1 Creating 
 Container rgg4c5136cc4c-node11-1 Created 
 Container rgg4c5136cc4c-node2-1 Created 
 Container rgg4c5136cc4c-node7-1 Created 
 Container rgg4c5136cc4c-node6-1 Created 
 Container rgg4c5136cc4c-node1-1 Created 
 Container rgg4c5136cc4c-node14-1 Created 
 Container rgg4c5136cc4c-node5-1 Created 
 Container rgg4c5136cc4c-node10-1 Created 
 Container rgg4c5136cc4c-node8-1 Created 
 Container rgg4c5136cc4c-node4-1 Created 
 Container rgg4c5136cc4c-node12-1 Created 
 Container rgg4c5136cc4c-node15-1 Created 
 Container rgg4c5136cc4c-node9-1 Created 
 Container rgg4c5136cc4c-node3-1 Created 
 Container rgg4c5136cc4c-node13-1 Created 
 Container rgg4c5136cc4c-node0-1 Created 
 Container rgg4c5136cc4c-driver-1 Creating 
 Container rgg4c5136cc4c-driver-1 Created 
 Container rgg4c5136cc4c-collector-1 Starting 
 Container rgg4c5136cc4c-collector-1 Started 
 Container rgg4c5136cc4c-node14-1 Starting 
 Container rgg4c5136cc4c-node15-1 Starting 
 Container rgg4c5136cc4c-node7-1 Starting 
 Container rgg4c5136cc4c-node13-1 Starting 
 Container rgg4c5136cc4c-node3-1 Starting 
 Container rgg4c5136cc4c-node6-1 Starting 
 Container rgg4c5136cc4c-node8-1 Starting 
 Container rgg4c5136cc4c-node2-1 Starting 
 Container rgg4c5136cc4c-node4-1 Starting 
 Container rgg4c5136cc4c-node5-1 Starting 
 Container rgg4c5136cc4c-node12-1 Starting 
 Container rgg4c5136cc4c-node9-1 Starting 
 Container rgg4c5136cc4c-node1-1 Starting 
 Container rgg4c5136cc4c-node10-1 Starting 
 Container rgg4c5136cc4c-node11-1 Starting 
 Container rgg4c5136cc4c-node0-1 Starting 
 Container rgg4c5136cc4c-node7-1 Started 
 Container rgg4c5136cc4c-node15-1 Started 
 Container rgg4c5136cc4c-node14-1 Started 
 Container rgg4c5136cc4c-node11-1 Started 
 Container rgg4c5136cc4c-node9-1 Started 
 Container rgg4c5136cc4c-node3-1 Started 
 Container rgg4c5136cc4c-node2-1 Started 
 Container rgg4c5136cc4c-node5-1 Started 
 Container rgg4c5136cc4c-node1-1 Started 
 Container rgg4c5136cc4c-node13-1 Started 
 Container rgg4c5136cc4c-node6-1 Started 
 Container rgg4c5136cc4c-node0-1 Started 
 Container rgg4c5136cc4c-node12-1 Started 
 Container rgg4c5136cc4c-node10-1 Started 
 Container rgg4c5136cc4c-node8-1 Started 
 Container rgg4c5136cc4c-node4-1 Started 
 Container rgg4c5136cc4c-driver-1 Starting 
 Container rgg4c5136cc4c-driver-1 Started 
0
