 Network rgga7664b0d5e_default Creating 
 Network rgga7664b0d5e_default Created 
 Container rgga7664b0d5e-collector-1 Creating 
 Container rgga7664b0d5e-collector-1 Created 
 Container rgga7664b0d5e-node4-1 Creating 
 Container rgga7664b0d5e-node20-1 Creating 
 Container rgga7664b0d5e-node1-1 Creating 
 Container rgga7664b0d5e-node3-1 Creating 
 Container rgga7664b0d5e-node10-1 Creating 
 Container rgga7664b0d5e-node14-1 Creating 
 Container rgga7664b0d5e-node12-1 Creating 
 Container rgga7664b0d5e-node0-1 Creating 
 Container rgga7664b0d5e-node19-1 Creating 
 Container rgga7664b0d5e-node18-1 Creating 
 Container rgga7664b0d5e-node2-1 Creating 
 Container rgga7664b0d5e-node21-1 Creating 
 Container rgga7664b0d5e-node8-1 Creating 
 Container rgga7664b0d5e-node9-1 Creating 
 Container rgga7664b0d5e-node13-1 Creating 
 Container rgga7664b0d5e-node7-1 Creating 
 Container rgga7664b0d5e-node5-1 Creating 
 Container rgga7664b0d5e-node16-1 Creating 
 Container rgga7664b0d5e-node11-1 Creating 
 Container rgga7664b0d5e-node17-1 Creating 
 Container rgga7664b0d5e-node15-1 Creating 
 Container rgga7664b0d5e-node6-1 Creating 
 Container rgga7664b0d5e-node22-1 Creating 
 Container rgga7664b0d5e-node23-1 Creating 
 Container rgga7664b0d5e-node4-1 Created 
 Container rgga7664b0d5e-node14-1 Created 
 Container rgga7664b0d5e-node0-1 Created 
 Container rgga7664b0d5e-node1-1 Created 
 Container rgga7664b0d5e-node8-1 Created 
 Container rgga7664b0d5e-node3-1 Created 
 Container rgga7664b0d5e-node2-1 Created 
 Container rgga7664b0d5e-node20-1 Created 
 Container rgga7664b0d5e-node6-1 Created 
 Container rgga7664b0d5e-node10-1 Created 
 Container rgga7664b0d5e-node11-1 Created 
 Container rgga7664b0d5e-node22-1 Created 
 Container rgga7664b0d5e-node9-1 Created 
 Container rgga7664b0d5e-node19-1 Created 
 Container rgga7664b0d5e-node18-1 Created 
 Container rgga7664b0d5e-node13-1 Created 
 Container rgga7664b0d5e-node5-1 Created 
 Container rgga7664b0d5e-node23-1 Created 
 Container rgga7664b0d5e-node15-1 Created 
 Container rgga7664b0d5e-node7-1 Created 
 Container rgga7664b0d5e-node21-1 Created 
 Container rgga7664b0d5e-node12-1 Created 
 Container rgga7664b0d5e-node16-1 Created 
 Container rgga7664b0d5e-node17-1 Created 
 Container rgga7664b0d5e-driver-1 Creating 
 Container rgga7664b0d5e-driver-1 Created 
 Container rgga7664b0d5e-collector-1 Starting 
 Container rgga7664b0d5e-collector-1 Started 
 Container rgga7664b0d5e-node6-1 Starting 
 Container rgga7664b0d5e-node0-1 Starting 
 Container rgga7664b0d5e-node23-1 Starting 
 Container rgga7664b0d5e-node7-1 Starting 
 Container rgga7664b0d5e-node15-1 Starting 
 Container rgga7664b0d5e-node18-1 Starting 
 Container rgga7664b0d5e-node5-1 Starting 
 Container rgga7664b0d5e-node19-1 Starting 
 Container rgga7664b0d5e-node13-1 Starting 
 Container rgga7664b0d5e-node1-1 Starting 
 Container rgga7664b0d5e-node11-1 Starting 
 Container rgga7664b0d5e-node14-1 Starting 
 Container rgga7664b0d5e-node17-1 Starting 
 Container rgga7664b0d5e-node12-1 Starting 
 Container rgga7664b0d5e-node10-1 Starting 
 Container rgga7664b0d5e-node3-1 Starting 
 Container rgga7664b0d5e-node8-1 Starting 
 Container rgga7664b0d5e-node22-1 Starting 
 Container rgga7664b0d5e-node2-1 Starting 
 Container rgga7664b0d5e-node20-1 Starting 
 Container rgga7664b0d5e-node21-1 Starting 
 Container rgga7664b0d5e-node4-1 Starting 
 Container rgga7664b0d5e-node16-1 Starting 
 Container rgga7664b0d5e-node9-1 Starting 
 Container rgga7664b0d5e-node23-1 Started 
 Container rgga7664b0d5e-node4-1 Started 
 Container rgga7664b0d5e-node2-1 Started 
 Container rgga7664b0d5e-node12-1 Started 
 Container rgga7664b0d5e-node16-1 Started 
 Container rgga7664b0d5e-node17-1 Started 
 Container rgga7664b0d5e-node0-1 Started 
 Container rgga7664b0d5e-node20-1 Started 
 Container rgga7664b0d5e-node5-1 Started 
 Container rgga7664b0d5e-node13-1 Started 
 Container rgga7664b0d5e-node18-1 Started 
 Container rgga7664b0d5e-node10-1 Started 
 Container rgga7664b0d5e-node7-1 Started 
 Container rgga7664b0d5e-node21-1 Started 
 Container rgga7664b0d5e-node8-1 Started 
 Container rgga7664b0d5e-node3-1 Started 
 Container rgga7664b0d5e-node22-1 Started 
 Container rgga7664b0d5e-node11-1 Started 
 Container rgga7664b0d5e-node19-1 Started 
 Container rgga7664b0d5e-node6-1 Started 
 Container rgga7664b0d5e-node1-1 Started 
 Container rgga7664b0d5e-node14-1 Started 
 Container rgga7664b0d5e-node15-1 Started 
 Container rgga7664b0d5e-node9-1 Started 
 Container rgga7664b0d5e-driver-1 Starting 
 Container rgga7664b0d5e-driver-1 Started 
0
