 Network rgge262f95a75_default Creating 
 Network rgge262f95a75_default Created 
 Container rgge262f95a75-collector-1 Creating 
 Container rgge262f95a75-collector-1 Created 
 Container rgge262f95a75-node10-1 Creating 
 Container rgge262f95a75-node1-1 Creating 
 Container rgge262f95a75-node7-1 Creating 
 Container rgge262f95a75-node11-1 Creating 
 Container rgge262f95a75-node13-1 Creating 
 Container rgge262f95a75-node8-1 Creating 
 Container rgge262f95a75-node9-1 Creating 
 Container rgge262f95a75-node3-1 Creating 
 Container rgge262f95a75-node14-1 Creating 
 Container rgge262f95a75-node5-1 Creating 
 Container rgge262f95a75-node2-1 Creating 
 Container rgge262f95a75-node4-1 Creating 
 Container rgge262f95a75-node6-1 Creating 
 Container rgge262f95a75-node12-1 Creating 
 Container rgge262f95a75-node15-1 Creating 
 Container rgge262f95a75-node0-1 Creating 
 Container rgge262f95a75-node10-1 Created 
 Container rgge262f95a75-node1-1 Created 
 Container rgge262f95a75-node14-1 Created 
 Container rgge262f95a75-node13-1 Created 
 Container rgge262f95a75-node3-1 Created 
 Container rgge262f95a75-node4-1 Created 
 Container rgge262f95a75-node12-1 Created 
 Container rgge262f95a75-node5-1 Created 
 Container rgge262f95a75-node15-1 Created 
 Container rgge262f95a75-node11-1 Created 
 Container rgge262f95a75-node0-1 Created 
 Container rgge262f95a75-node9-1 Created 
 Container rgge262f95a75-node7-1 Created 
 Container rgge262f95a75-node2-1 Created 
 Container rgge262f95a75-node6-1 Created 
 Container rgge262f95a75-node8-1 Created 
 Container rgge262f95a75-driver-1 Creating 
 Container rgge262f95a75-driver-1 Created 
 Container rgge262f95a75-collector-1 Starting 
 Container rgge262f95a75-collector-1 Started 
 Container rgge262f95a75-node3-1 Starting 
 Container rgge262f95a75-node8-1 Starting 
 Container rgge262f95a75-node13-1 Starting 
 Container rgge262f95a75-node10-1 Starting 
 Container rgge262f95a75-node11-1 Starting 
 Container rgge262f95a75-node9-1 Starting 
 Container rgge262f95a75-node7-1 Starting 
 Container rgge262f95a75-node12-1 Starting 
 Container rgge262f95a75-node6-1 Starting 
 Container rgge262f95a75-node15-1 Starting 
 Container rgge262f95a75-node14-1 Starting 
 Container rgge262f95a75-node5-1 Starting 
 Container rgge262f95a75-node2-1 Starting 
 Container rgge262f95a75-node4-1 Starting 
 Container rgge262f95a75-node1-1 Starting 
 Container rgge262f95a75-node0-1 Starting 
 Container rgge262f95a75-node3-1 Started 
 Container rgge262f95a75-node5-1 Started 
 Container rgge262f95a75-node8-1 Started 
 Container rgge262f95a75-node13-1 Started 
 Container rgge262f95a75-node9-1 Started 
 Container rgge262f95a75-node10-1 Started 
 Container rgge262f95a75-node14-1 Started 
 Container rgge262f95a75-node12-1 Started 
 Container rgge262f95a75-node7-1 Started 
 Container rgge262f95a75-node2-1 Started 
 Container rgge262f95a75-node4-1 Started 
 Container rgge262f95a75-node6-1 Started 
 Container rgge262f95a75-node11-1 Started 
 Container rgge262f95a75-node1-1 Started 
 Container rgge262f95a75-node15-1 Started 
 Container rgge262f95a75-node0-1 Started 
 Container rgge262f95a75-driver-1 Starting 
 Container rgge262f95a75-driver-1 Started 
0
