 Network rgg7ac8894484_default Creating 
 Network rgg7ac8894484_default Created 
 Container rgg7ac8894484-collector-1 Creating 
 Container rgg7ac8894484-collector-1 Created 
 Container rgg7ac8894484-node4-1 Creating 
 Container rgg7ac8894484-node1-1 Creating 
 Container rgg7ac8894484-node14-1 Creating 
 Container rgg7ac8894484-node3-1 Creating 
 Container rgg7ac8894484-node5-1 Creating 
 Container rgg7ac8894484-node9-1 Creating 
 Container rgg7ac8894484-node6-1 Creating 
 Container rgg7ac8894484-node13-1 Creating 
 Container rgg7ac8894484-node10-1 Creating 
 Container rgg7ac8894484-node11-1 Creating 
 Container rgg7ac8894484-node7-1 Creating 
 Container rgg7ac8894484-node0-1 Creating 
 Container rgg7ac8894484-node2-1 Creating 
 Container rgg7ac8894484-node12-1 Creating 
 Container rgg7ac8894484-node15-1 Creating 
 Container rgg7ac8894484-node8-1 Creating 
 Container rgg7ac8894484-node1-1 Created 
 Container rgg7ac8894484-node4-1 Created 
 Container rgg7ac8894484-node5-1 Created 
 Container rgg7ac8894484-node3-1 Created 
 Container rgg7ac8894484-node12-1 Created 
 Container rgg7ac8894484-node0-1 Created 
 Container rgg7ac8894484-node15-1 Created 
 Container rgg7ac8894484-node7-1 Created 
 Container rgg7ac8894484-node10-1 Created 
 Container rgg7ac8894484-node9-1 Created 
 Container rgg7ac8894484-node14-1 Created 
 Container rgg7ac8894484-node11-1 Created 
 Container rgg7ac8894484-node6-1 Created 
 Container rgg7ac8894484-node13-1 Created 
 Container rgg7ac8894484-node2-1 Created 
 Container rgg7ac8894484-node8-1 Created 
 Container rgg7ac8894484-collector-1 Starting 
 Container rgg7ac8894484-collector-1 Started 
 Container rgg7ac8894484-node7-1 Starting 
 Container rgg7ac8894484-node9-1 Starting 
 Container rgg7ac8894484-node1-1 Starting 
 Container rgg7ac8894484-node8-1 Starting 
 Container rgg7ac8894484-node3-1 Starting 
 Container rgg7ac8894484-node6-1 Starting 
 Container rgg7ac8894484-node10-1 Starting 
 Container rgg7ac8894484-node11-1 Starting 
 Container rgg7ac8894484-node0-1 Starting 
 Container rgg7ac8894484-node4-1 Starting 
 Container rgg7ac8894484-node5-1 Starting 
 Container rgg7ac8894484-node13-1 Starting 
 Container rgg7ac8894484-node2-1 Starting 
 Container rgg7ac8894484-node15-1 Starting 
 Container rgg7ac8894484-node14-1 Starting 
 Container rgg7ac8894484-node12-1 Starting 
 Container rgg7ac8894484-node7-1 Started 
 Container rgg7ac8894484-node12-1 Started 
 Container rgg7ac8894484-node5-1 Started 
 Container rgg7ac8894484-node8-1 Started 
 Container rgg7ac8894484-node9-1 Started 
 Container rgg7ac8894484-node10-1 Started 
 Container rgg7ac8894484-node2-1 Started 
 Container rgg7ac8894484-node0-1 Started 
 Container rgg7ac8894484-node3-1 Started 
 Container rgg7ac8894484-node15-1 Started 
 Container rgg7ac8894484-node1-1 Started 
 Container rgg7ac8894484-node4-1 Started 
 Container rgg7ac8894484-node11-1 Started 
 Container rgg7ac8894484-node13-1 Started 
 Container rgg7ac8894484-node14-1 Started 
 Container rgg7ac8894484-node6-1 Started 
READY_BARRIER: 14/16 node services ready
DRIVER_STARTED: 2026-07-26T22:32:35Z
0
