 Network rgg13621e5d5b_default Creating 
 Network rgg13621e5d5b_default Created 
 Container rgg13621e5d5b-collector-1 Creating 
 Container rgg13621e5d5b-collector-1 Created 
 Container rgg13621e5d5b-node17-1 Creating 
 Container rgg13621e5d5b-node3-1 Creating 
 Container rgg13621e5d5b-node21-1 Creating 
 Container rgg13621e5d5b-node6-1 Creating 
 Container rgg13621e5d5b-node15-1 Creating 
 Container rgg13621e5d5b-node2-1 Creating 
 Container rgg13621e5d5b-node12-1 Creating 
 Container rgg13621e5d5b-node13-1 Creating 
 Container rgg13621e5d5b-node7-1 Creating 
 Container rgg13621e5d5b-node0-1 Creating 
 Container rgg13621e5d5b-node22-1 Creating 
 Container rgg13621e5d5b-node9-1 Creating 
 Container rgg13621e5d5b-node4-1 Creating 
 Container rgg13621e5d5b-node23-1 Creating 
 Container rgg13621e5d5b-node5-1 Creating 
 Container rgg13621e5d5b-node18-1 Creating 
 Container rgg13621e5d5b-node16-1 Creating 
 Container rgg13621e5d5b-node19-1 Creating 
 Container rgg13621e5d5b-node11-1 Creating 
 Container rgg13621e5d5b-node1-1 Creating 
 Container rgg13621e5d5b-node10-1 Creating 
 Container rgg13621e5d5b-node14-1 Creating 
 Container rgg13621e5d5b-node8-1 Creating 
 Container rgg13621e5d5b-node20-1 Creating 
 Container rgg13621e5d5b-node2-1 Created 
 Container rgg13621e5d5b-node9-1 Created 
 Container rgg13621e5d5b-node17-1 Created 
 Container rgg13621e5d5b-node21-1 Created 
 Container rgg13621e5d5b-node22-1 Created 
 Container rgg13621e5d5b-node5-1 Created 
 Container rgg13621e5d5b-node4-1 Created 
 Container rgg13621e5d5b-node13-1 Created 
 Container rgg13621e5d5b-node8-1 Created 
 Container rgg13621e5d5b-node18-1 Created 
 Container rgg13621e5d5b-node0-1 Created 
 Container rgg13621e5d5b-node15-1 Created 
 Container rgg13621e5d5b-node3-1 Created 
 Container rgg13621e5d5b-node19-1 Created 
 Container rgg13621e5d5b-node23-1 Created 
 Container rgg13621e5d5b-node10-1 Created 
 Container rgg13621e5d5b-node1-1 Created 
 Container rgg13621e5d5b-node12-1 Created 
 Container rgg13621e5d5b-node14-1 Created 
 Container rgg13621e5d5b-node6-1 Created 
 Container rgg13621e5d5b-node20-1 Created 
 Container rgg13621e5d5b-node7-1 Created 
 Container rgg13621e5d5b-node16-1 Created 
 Container rgg13621e5d5b-node11-1 Created 
 Container rgg13621e5d5b-collector-1 Starting 
 Container rgg13621e5d5b-collector-1 Started 
 Container rgg13621e5d5b-node21-1 Starting 
 Container rgg13621e5d5b-node11-1 Starting 
 Container rgg13621e5d5b-node8-1 Starting 
 Container rgg13621e5d5b-node18-1 Starting 
 Container rgg13621e5d5b-node22-1 Starting 
 Container rgg13621e5d5b-node4-1 Starting 
 Container rgg13621e5d5b-node3-1 Starting 
 Container rgg13621e5d5b-node9-1 Starting 
 Container rgg13621e5d5b-node12-1 Starting 
 Container rgg13621e5d5b-node1-1 Starting 
 Container rgg13621e5d5b-node16-1 Starting 
 Container rgg13621e5d5b-node19-1 Starting 
 Container rgg13621e5d5b-node23-1 Starting 
 Container rgg13621e5d5b-node6-1 Starting 
 Container rgg13621e5d5b-node5-1 Starting 
 Container rgg13621e5d5b-node14-1 Starting 
 Container rgg13621e5d5b-node2-1 Starting 
 Container rgg13621e5d5b-node0-1 Starting 
 Container rgg13621e5d5b-node10-1 Starting 
 Container rgg13621e5d5b-node15-1 Starting 
 Container rgg13621e5d5b-node17-1 Starting 
 Container rgg13621e5d5b-node7-1 Starting 
 Container rgg13621e5d5b-node13-1 Starting 
 Container rgg13621e5d5b-node20-1 Starting 
 Container rgg13621e5d5b-node21-1 Started 
 Container rgg13621e5d5b-node18-1 Started 
 Container rgg13621e5d5b-node9-1 Started 
 Container rgg13621e5d5b-node10-1 Started 
 Container rgg13621e5d5b-node14-1 Started 
 Container rgg13621e5d5b-node12-1 Started 
 Container rgg13621e5d5b-node7-1 Started 
 Container rgg13621e5d5b-node6-1 Started 
 Container rgg13621e5d5b-node13-1 Started 
 Container rgg13621e5d5b-node8-1 Started 
 Container rgg13621e5d5b-node15-1 Started 
 Container rgg13621e5d5b-node16-1 Started 
 Container rgg13621e5d5b-node19-1 Started 
 Container rgg13621e5d5b-node20-1 Started 
 Container rgg13621e5d5b-node3-1 Started 
 Container rgg13621e5d5b-node17-1 Started 
 Container rgg13621e5d5b-node23-1 Started 
 Container rgg13621e5d5b-node1-1 Started 
 Container rgg13621e5d5b-node2-1 Started 
 Container rgg13621e5d5b-node0-1 Started 
 Container rgg13621e5d5b-node5-1 Started 
 Container rgg13621e5d5b-node11-1 Started 
 Container rgg13621e5d5b-node22-1 Started 
 Container rgg13621e5d5b-node4-1 Started 
NETEM_APPLIED node0 iface=eth0: qdisc netem 8581: root refcnt 17 limit 1000 delay 20ms  5ms seed 11362825281856589252
NETEM_APPLIED node1 iface=eth0: qdisc netem 8582: root refcnt 17 limit 1000 delay 20ms  5ms seed 8407204594510349404
NETEM_APPLIED node2 iface=eth0: qdisc netem 8583: root refcnt 17 limit 1000 delay 20ms  5ms seed 14427882457465951496
NETEM_APPLIED node3 iface=eth0: qdisc netem 8584: root refcnt 17 limit 1000 delay 20ms  5ms seed 7339996344175345885
NETEM_APPLIED node4 iface=eth0: qdisc netem 8585: root refcnt 17 limit 1000 delay 20ms  5ms seed 15031178017563577305
NETEM_APPLIED node5 iface=eth0: qdisc netem 8586: root refcnt 17 limit 1000 delay 20ms  5ms seed 6277082553284864750
NETEM_APPLIED node6 iface=eth0: qdisc netem 8587: root refcnt 17 limit 1000 delay 20ms  5ms seed 1105003947768280175
NETEM_APPLIED node7 iface=eth0: qdisc netem 8588: root refcnt 17 limit 1000 delay 20ms  5ms seed 14527358765754372677
NETEM_APPLIED node8 iface=eth0: qdisc netem 8589: root refcnt 17 limit 1000 delay 20ms  5ms seed 3635308603976397785
NETEM_APPLIED node9 iface=eth0: qdisc netem 858a: root refcnt 17 limit 1000 delay 20ms  5ms seed 9412988690479699482
NETEM_APPLIED node10 iface=eth0: qdisc netem 858b: root refcnt 17 limit 1000 delay 20ms  5ms seed 7111356612938769462
NETEM_APPLIED node11 iface=eth0: qdisc netem 858c: root refcnt 17 limit 1000 delay 20ms  5ms seed 8847750790831133373
NETEM_APPLIED node12 iface=eth0: qdisc netem 858d: root refcnt 17 limit 1000 delay 20ms  5ms seed 7528345422928471584
NETEM_APPLIED node13 iface=eth0: qdisc netem 858e: root refcnt 17 limit 1000 delay 20ms  5ms seed 16564841806875267773
NETEM_APPLIED node14 iface=eth0: qdisc netem 858f: root refcnt 17 limit 1000 delay 20ms  5ms seed 692143447601330904
NETEM_APPLIED node15 iface=eth0: qdisc netem 8590: root refcnt 17 limit 1000 delay 20ms  5ms seed 10751176144815909270
NETEM_APPLIED node16 iface=eth0: qdisc netem 8591: root refcnt 17 limit 1000 delay 20ms  5ms seed 15776697591753304192
NETEM_APPLIED node17 iface=eth0: qdisc netem 8592: root refcnt 17 limit 1000 delay 20ms  5ms seed 5591092613310194200
NETEM_APPLIED node18 iface=eth0: qdisc netem 8593: root refcnt 17 limit 1000 delay 20ms  5ms seed 3016480203452663962
NETEM_APPLIED node19 iface=eth0: qdisc netem 8594: root refcnt 17 limit 1000 delay 20ms  5ms seed 4283201030754643860
NETEM_APPLIED node20 iface=eth0: qdisc netem 8595: root refcnt 17 limit 1000 delay 20ms  5ms seed 1361002036942560580
NETEM_APPLIED node21 iface=eth0: qdisc netem 8596: root refcnt 17 limit 1000 delay 20ms  5ms seed 5472425100656320641
NETEM_APPLIED node22 iface=eth0: qdisc netem 8597: root refcnt 17 limit 1000 delay 20ms  5ms seed 10347018037749389545
NETEM_APPLIED node23 iface=eth0: qdisc netem 8598: root refcnt 17 limit 1000 delay 20ms  5ms seed 11206046783581530845
NETEM_RTT_GATE OK: baseline=0.1ms actual=39.9ms increase=39.8ms
DRIVER_STARTED: 2026-07-15T06:25:41Z
0
QDSK_CLEANUP_FAIL node0: Command '['docker', 'exec', 'rgg13621e5d5b-node0-1', 'sh', '-c', "ip -o -4 addr show scope global 2>/dev/null | head -1 | awk '{print $2}'"]' returned non-zero exit status 1.
QDSK_CLEANUP_FAIL node1: Command '['docker', 'exec', 'rgg13621e5d5b-node1-1', 'sh', '-c', "ip -o -4 addr show scope global 2>/dev/null | head -1 | awk '{print $2}'"]' returned non-zero exit status 1.
QDSK_CLEANUP_FAIL node2: Command '['docker', 'exec', 'rgg13621e5d5b-node2-1', 'sh', '-c', "ip -o -4 addr show scope global 2>/dev/null | head -1 | awk '{print $2}'"]' returned non-zero exit status 1.
QDSK_CLEANUP_FAIL node3: Command '['docker', 'exec', 'rgg13621e5d5b-node3-1', 'sh', '-c', "ip -o -4 addr show scope global 2>/dev/null | head -1 | awk '{print $2}'"]' returned non-zero exit status 1.
QDSK_CLEANUP_FAIL node4: Command '['docker', 'exec', 'rgg13621e5d5b-node4-1', 'sh', '-c', "ip -o -4 addr show scope global 2>/dev/null | head -1 | awk '{print $2}'"]' returned non-zero exit status 1.
QDSK_CLEANUP_FAIL node5: Command '['docker', 'exec', 'rgg13621e5d5b-node5-1', 'sh', '-c', "ip -o -4 addr show scope global 2>/dev/null | head -1 | awk '{print $2}'"]' returned non-zero exit status 1.
QDSK_CLEANUP_FAIL node6: Command '['docker', 'exec', 'rgg13621e5d5b-node6-1', 'sh', '-c', "ip -o -4 addr show scope global 2>/dev/null | head -1 | awk '{print $2}'"]' returned non-zero exit status 1.
QDSK_CLEANUP_FAIL node7: Command '['docker', 'exec', 'rgg13621e5d5b-node7-1', 'sh', '-c', "ip -o -4 addr show scope global 2>/dev/null | head -1 | awk '{print $2}'"]' returned non-zero exit status 1.
QDSK_CLEANUP_FAIL node8: Command '['docker', 'exec', 'rgg13621e5d5b-node8-1', 'sh', '-c', "ip -o -4 addr show scope global 2>/dev/null | head -1 | awk '{print $2}'"]' returned non-zero exit status 1.
QDSK_CLEANUP_FAIL node9: Command '['docker', 'exec', 'rgg13621e5d5b-node9-1', 'sh', '-c', "ip -o -4 addr show scope global 2>/dev/null | head -1 | awk '{print $2}'"]' returned non-zero exit status 1.
QDSK_CLEANUP_FAIL node10: Command '['docker', 'exec', 'rgg13621e5d5b-node10-1', 'sh', '-c', "ip -o -4 addr show scope global 2>/dev/null | head -1 | awk '{print $2}'"]' returned non-zero exit status 1.
QDSK_CLEANUP_FAIL node11: Command '['docker', 'exec', 'rgg13621e5d5b-node11-1', 'sh', '-c', "ip -o -4 addr show scope global 2>/dev/null | head -1 | awk '{print $2}'"]' returned non-zero exit status 1.
QDSK_CLEANUP_FAIL node12: Command '['docker', 'exec', 'rgg13621e5d5b-node12-1', 'sh', '-c', "ip -o -4 addr show scope global 2>/dev/null | head -1 | awk '{print $2}'"]' returned non-zero exit status 1.
QDSK_CLEANUP_FAIL node13: Command '['docker', 'exec', 'rgg13621e5d5b-node13-1', 'sh', '-c', "ip -o -4 addr show scope global 2>/dev/null | head -1 | awk '{print $2}'"]' returned non-zero exit status 1.
QDSK_CLEANUP_FAIL node14: Command '['docker', 'exec', 'rgg13621e5d5b-node14-1', 'sh', '-c', "ip -o -4 addr show scope global 2>/dev/null | head -1 | awk '{print $2}'"]' returned non-zero exit status 1.
QDSK_CLEANUP_FAIL node15: Command '['docker', 'exec', 'rgg13621e5d5b-node15-1', 'sh', '-c', "ip -o -4 addr show scope global 2>/dev/null | head -1 | awk '{print $2}'"]' returned non-zero exit status 1.
QDSK_CLEANUP_FAIL node16: Command '['docker', 'exec', 'rgg13621e5d5b-node16-1', 'sh', '-c', "ip -o -4 addr show scope global 2>/dev/null | head -1 | awk '{print $2}'"]' returned non-zero exit status 1.
QDSK_CLEANUP_FAIL node17: Command '['docker', 'exec', 'rgg13621e5d5b-node17-1', 'sh', '-c', "ip -o -4 addr show scope global 2>/dev/null | head -1 | awk '{print $2}'"]' returned non-zero exit status 1.
QDSK_CLEANUP_FAIL node18: Command '['docker', 'exec', 'rgg13621e5d5b-node18-1', 'sh', '-c', "ip -o -4 addr show scope global 2>/dev/null | head -1 | awk '{print $2}'"]' returned non-zero exit status 1.
QDSK_CLEANUP_FAIL node19: Command '['docker', 'exec', 'rgg13621e5d5b-node19-1', 'sh', '-c', "ip -o -4 addr show scope global 2>/dev/null | head -1 | awk '{print $2}'"]' returned non-zero exit status 1.
QDSK_CLEANUP_FAIL node20: Command '['docker', 'exec', 'rgg13621e5d5b-node20-1', 'sh', '-c', "ip -o -4 addr show scope global 2>/dev/null | head -1 | awk '{print $2}'"]' returned non-zero exit status 1.
QDSK_CLEANUP_FAIL node21: Command '['docker', 'exec', 'rgg13621e5d5b-node21-1', 'sh', '-c', "ip -o -4 addr show scope global 2>/dev/null | head -1 | awk '{print $2}'"]' returned non-zero exit status 1.
QDSK_CLEANUP_FAIL node22: Command '['docker', 'exec', 'rgg13621e5d5b-node22-1', 'sh', '-c', "ip -o -4 addr show scope global 2>/dev/null | head -1 | awk '{print $2}'"]' returned non-zero exit status 1.
QDSK_CLEANUP_FAIL node23: Command '['docker', 'exec', 'rgg13621e5d5b-node23-1', 'sh', '-c', "ip -o -4 addr show scope global 2>/dev/null | head -1 | awk '{print $2}'"]' returned non-zero exit status 1.
