 Network rgga33c9a0411_default Creating 
 Network rgga33c9a0411_default Created 
 Container rgga33c9a0411-collector-1 Creating 
 Container rgga33c9a0411-collector-1 Created 
 Container rgga33c9a0411-node3-1 Creating 
 Container rgga33c9a0411-node1-1 Creating 
 Container rgga33c9a0411-node23-1 Creating 
 Container rgga33c9a0411-node11-1 Creating 
 Container rgga33c9a0411-node10-1 Creating 
 Container rgga33c9a0411-node14-1 Creating 
 Container rgga33c9a0411-node20-1 Creating 
 Container rgga33c9a0411-node8-1 Creating 
 Container rgga33c9a0411-node19-1 Creating 
 Container rgga33c9a0411-node22-1 Creating 
 Container rgga33c9a0411-node7-1 Creating 
 Container rgga33c9a0411-node17-1 Creating 
 Container rgga33c9a0411-node4-1 Creating 
 Container rgga33c9a0411-node16-1 Creating 
 Container rgga33c9a0411-node15-1 Creating 
 Container rgga33c9a0411-node2-1 Creating 
 Container rgga33c9a0411-node18-1 Creating 
 Container rgga33c9a0411-node5-1 Creating 
 Container rgga33c9a0411-node6-1 Creating 
 Container rgga33c9a0411-node0-1 Creating 
 Container rgga33c9a0411-node13-1 Creating 
 Container rgga33c9a0411-node21-1 Creating 
 Container rgga33c9a0411-node9-1 Creating 
 Container rgga33c9a0411-node12-1 Creating 
 Container rgga33c9a0411-node3-1 Created 
 Container rgga33c9a0411-node23-1 Created 
 Container rgga33c9a0411-node8-1 Created 
 Container rgga33c9a0411-node5-1 Created 
 Container rgga33c9a0411-node19-1 Created 
 Container rgga33c9a0411-node4-1 Created 
 Container rgga33c9a0411-node10-1 Created 
 Container rgga33c9a0411-node15-1 Created 
 Container rgga33c9a0411-node12-1 Created 
 Container rgga33c9a0411-node20-1 Created 
 Container rgga33c9a0411-node11-1 Created 
 Container rgga33c9a0411-node16-1 Created 
 Container rgga33c9a0411-node0-1 Created 
 Container rgga33c9a0411-node17-1 Created 
 Container rgga33c9a0411-node7-1 Created 
 Container rgga33c9a0411-node1-1 Created 
 Container rgga33c9a0411-node22-1 Created 
 Container rgga33c9a0411-node2-1 Created 
 Container rgga33c9a0411-node18-1 Created 
 Container rgga33c9a0411-node14-1 Created 
 Container rgga33c9a0411-node13-1 Created 
 Container rgga33c9a0411-node21-1 Created 
 Container rgga33c9a0411-node9-1 Created 
 Container rgga33c9a0411-node6-1 Created 
 Container rgga33c9a0411-collector-1 Starting 
 Container rgga33c9a0411-collector-1 Started 
 Container rgga33c9a0411-node22-1 Starting 
 Container rgga33c9a0411-node15-1 Starting 
 Container rgga33c9a0411-node8-1 Starting 
 Container rgga33c9a0411-node19-1 Starting 
 Container rgga33c9a0411-node16-1 Starting 
 Container rgga33c9a0411-node11-1 Starting 
 Container rgga33c9a0411-node10-1 Starting 
 Container rgga33c9a0411-node21-1 Starting 
 Container rgga33c9a0411-node13-1 Starting 
 Container rgga33c9a0411-node0-1 Starting 
 Container rgga33c9a0411-node14-1 Starting 
 Container rgga33c9a0411-node23-1 Starting 
 Container rgga33c9a0411-node6-1 Starting 
 Container rgga33c9a0411-node20-1 Starting 
 Container rgga33c9a0411-node17-1 Starting 
 Container rgga33c9a0411-node18-1 Starting 
 Container rgga33c9a0411-node1-1 Starting 
 Container rgga33c9a0411-node5-1 Starting 
 Container rgga33c9a0411-node4-1 Starting 
 Container rgga33c9a0411-node7-1 Starting 
 Container rgga33c9a0411-node9-1 Starting 
 Container rgga33c9a0411-node12-1 Starting 
 Container rgga33c9a0411-node3-1 Starting 
 Container rgga33c9a0411-node2-1 Starting 
 Container rgga33c9a0411-node22-1 Started 
 Container rgga33c9a0411-node17-1 Started 
 Container rgga33c9a0411-node2-1 Started 
 Container rgga33c9a0411-node18-1 Started 
 Container rgga33c9a0411-node12-1 Started 
 Container rgga33c9a0411-node15-1 Started 
 Container rgga33c9a0411-node21-1 Started 
 Container rgga33c9a0411-node1-1 Started 
 Container rgga33c9a0411-node8-1 Started 
 Container rgga33c9a0411-node9-1 Started 
 Container rgga33c9a0411-node13-1 Started 
 Container rgga33c9a0411-node4-1 Started 
 Container rgga33c9a0411-node14-1 Started 
 Container rgga33c9a0411-node20-1 Started 
 Container rgga33c9a0411-node16-1 Started 
 Container rgga33c9a0411-node11-1 Started 
 Container rgga33c9a0411-node23-1 Started 
 Container rgga33c9a0411-node6-1 Started 
 Container rgga33c9a0411-node7-1 Started 
 Container rgga33c9a0411-node5-1 Started 
 Container rgga33c9a0411-node0-1 Started 
 Container rgga33c9a0411-node10-1 Started 
 Container rgga33c9a0411-node19-1 Started 
 Container rgga33c9a0411-node3-1 Started 
NETEM_APPLIED node0 iface=eth0: qdisc netem 8189: root refcnt 17 limit 1000 delay 10ms  2ms seed 3155251098836643183
NETEM_APPLIED node1 iface=eth0: qdisc netem 818a: root refcnt 17 limit 1000 delay 10ms  2ms seed 9678415629720346786
NETEM_APPLIED node2 iface=eth0: qdisc netem 818b: root refcnt 17 limit 1000 delay 10ms  2ms seed 14823486435784686866
NETEM_APPLIED node3 iface=eth0: qdisc netem 818c: root refcnt 17 limit 1000 delay 10ms  2ms seed 14751463743657157299
NETEM_APPLIED node4 iface=eth0: qdisc netem 818d: root refcnt 17 limit 1000 delay 10ms  2ms seed 12326621694548843204
NETEM_APPLIED node5 iface=eth0: qdisc netem 818e: root refcnt 17 limit 1000 delay 10ms  2ms seed 5863667876528555764
NETEM_APPLIED node6 iface=eth0: qdisc netem 818f: root refcnt 17 limit 1000 delay 10ms  2ms seed 3529131830560614993
NETEM_APPLIED node7 iface=eth0: qdisc netem 8190: root refcnt 17 limit 1000 delay 10ms  2ms seed 12740832925062099963
NETEM_APPLIED node8 iface=eth0: qdisc netem 8191: root refcnt 17 limit 1000 delay 10ms  2ms seed 5004175395352861662
NETEM_APPLIED node9 iface=eth0: qdisc netem 8192: root refcnt 17 limit 1000 delay 10ms  2ms seed 8195283951549066706
NETEM_APPLIED node10 iface=eth0: qdisc netem 8193: root refcnt 17 limit 1000 delay 10ms  2ms seed 13318207636952455783
NETEM_APPLIED node11 iface=eth0: qdisc netem 8194: root refcnt 17 limit 1000 delay 10ms  2ms seed 5367983823405955778
NETEM_APPLIED node12 iface=eth0: qdisc netem 8195: root refcnt 17 limit 1000 delay 10ms  2ms seed 13671792120711071893
NETEM_APPLIED node13 iface=eth0: qdisc netem 8196: root refcnt 17 limit 1000 delay 10ms  2ms seed 8844017554639773768
NETEM_APPLIED node14 iface=eth0: qdisc netem 8197: root refcnt 17 limit 1000 delay 10ms  2ms seed 135442942841264468
NETEM_APPLIED node15 iface=eth0: qdisc netem 8198: root refcnt 17 limit 1000 delay 10ms  2ms seed 2012447944775275218
NETEM_APPLIED node16 iface=eth0: qdisc netem 8199: root refcnt 17 limit 1000 delay 10ms  2ms seed 12054001459655971247
NETEM_APPLIED node17 iface=eth0: qdisc netem 819a: root refcnt 17 limit 1000 delay 10ms  2ms seed 593048751489346913
NETEM_APPLIED node18 iface=eth0: qdisc netem 819b: root refcnt 17 limit 1000 delay 10ms  2ms seed 6893805810799217155
NETEM_APPLIED node19 iface=eth0: qdisc netem 819c: root refcnt 17 limit 1000 delay 10ms  2ms seed 10229109288032297421
NETEM_APPLIED node20 iface=eth0: qdisc netem 819d: root refcnt 17 limit 1000 delay 10ms  2ms seed 1163619873350240415
NETEM_APPLIED node21 iface=eth0: qdisc netem 819e: root refcnt 17 limit 1000 delay 10ms  2ms seed 2345009802245433436
NETEM_APPLIED node22 iface=eth0: qdisc netem 819f: root refcnt 17 limit 1000 delay 10ms  2ms seed 16474579562498463115
NETEM_APPLIED node23 iface=eth0: qdisc netem 81a0: root refcnt 17 limit 1000 delay 10ms  2ms seed 13113148800359052818
NETEM_RTT_GATE OK: baseline=0.1ms actual=20.2ms increase=20.1ms
DRIVER_STARTED: 2026-07-15T05:28:54Z
0
QDSK_CLEANUP_FAIL node0: Command '['docker', 'exec', 'rgga33c9a0411-node0-1', 'sh', '-c', "ip -o -4 addr show scope global 2>/dev/null | head -1 | awk '{print $2}'"]' returned non-zero exit status 1.
QDSK_CLEANUP_FAIL node1: Command '['docker', 'exec', 'rgga33c9a0411-node1-1', 'sh', '-c', "ip -o -4 addr show scope global 2>/dev/null | head -1 | awk '{print $2}'"]' returned non-zero exit status 1.
QDSK_CLEANUP_FAIL node2: Command '['docker', 'exec', 'rgga33c9a0411-node2-1', 'sh', '-c', "ip -o -4 addr show scope global 2>/dev/null | head -1 | awk '{print $2}'"]' returned non-zero exit status 1.
QDSK_CLEANUP_FAIL node3: Command '['docker', 'exec', 'rgga33c9a0411-node3-1', 'sh', '-c', "ip -o -4 addr show scope global 2>/dev/null | head -1 | awk '{print $2}'"]' returned non-zero exit status 1.
QDSK_CLEANUP_FAIL node4: Command '['docker', 'exec', 'rgga33c9a0411-node4-1', 'sh', '-c', "ip -o -4 addr show scope global 2>/dev/null | head -1 | awk '{print $2}'"]' returned non-zero exit status 1.
QDSK_CLEANUP_FAIL node5: Command '['docker', 'exec', 'rgga33c9a0411-node5-1', 'sh', '-c', "ip -o -4 addr show scope global 2>/dev/null | head -1 | awk '{print $2}'"]' returned non-zero exit status 1.
QDSK_CLEANUP_FAIL node6: Command '['docker', 'exec', 'rgga33c9a0411-node6-1', 'sh', '-c', "ip -o -4 addr show scope global 2>/dev/null | head -1 | awk '{print $2}'"]' returned non-zero exit status 1.
QDSK_CLEANUP_FAIL node7: Command '['docker', 'exec', 'rgga33c9a0411-node7-1', 'sh', '-c', "ip -o -4 addr show scope global 2>/dev/null | head -1 | awk '{print $2}'"]' returned non-zero exit status 1.
QDSK_CLEANUP_FAIL node8: Command '['docker', 'exec', 'rgga33c9a0411-node8-1', 'sh', '-c', "ip -o -4 addr show scope global 2>/dev/null | head -1 | awk '{print $2}'"]' returned non-zero exit status 1.
QDSK_CLEANUP_FAIL node9: Command '['docker', 'exec', 'rgga33c9a0411-node9-1', 'sh', '-c', "ip -o -4 addr show scope global 2>/dev/null | head -1 | awk '{print $2}'"]' returned non-zero exit status 1.
QDSK_CLEANUP_FAIL node10: Command '['docker', 'exec', 'rgga33c9a0411-node10-1', 'sh', '-c', "ip -o -4 addr show scope global 2>/dev/null | head -1 | awk '{print $2}'"]' returned non-zero exit status 1.
QDSK_CLEANUP_FAIL node11: Command '['docker', 'exec', 'rgga33c9a0411-node11-1', 'sh', '-c', "ip -o -4 addr show scope global 2>/dev/null | head -1 | awk '{print $2}'"]' returned non-zero exit status 1.
QDSK_CLEANUP_FAIL node12: Command '['docker', 'exec', 'rgga33c9a0411-node12-1', 'sh', '-c', "ip -o -4 addr show scope global 2>/dev/null | head -1 | awk '{print $2}'"]' returned non-zero exit status 1.
QDSK_CLEANUP_FAIL node13: Command '['docker', 'exec', 'rgga33c9a0411-node13-1', 'sh', '-c', "ip -o -4 addr show scope global 2>/dev/null | head -1 | awk '{print $2}'"]' returned non-zero exit status 1.
QDSK_CLEANUP_FAIL node14: Command '['docker', 'exec', 'rgga33c9a0411-node14-1', 'sh', '-c', "ip -o -4 addr show scope global 2>/dev/null | head -1 | awk '{print $2}'"]' returned non-zero exit status 1.
QDSK_CLEANUP_FAIL node15: Command '['docker', 'exec', 'rgga33c9a0411-node15-1', 'sh', '-c', "ip -o -4 addr show scope global 2>/dev/null | head -1 | awk '{print $2}'"]' returned non-zero exit status 1.
QDSK_CLEANUP_FAIL node16: Command '['docker', 'exec', 'rgga33c9a0411-node16-1', 'sh', '-c', "ip -o -4 addr show scope global 2>/dev/null | head -1 | awk '{print $2}'"]' returned non-zero exit status 1.
QDSK_CLEANUP_FAIL node17: Command '['docker', 'exec', 'rgga33c9a0411-node17-1', 'sh', '-c', "ip -o -4 addr show scope global 2>/dev/null | head -1 | awk '{print $2}'"]' returned non-zero exit status 1.
QDSK_CLEANUP_FAIL node18: Command '['docker', 'exec', 'rgga33c9a0411-node18-1', 'sh', '-c', "ip -o -4 addr show scope global 2>/dev/null | head -1 | awk '{print $2}'"]' returned non-zero exit status 1.
QDSK_CLEANUP_FAIL node19: Command '['docker', 'exec', 'rgga33c9a0411-node19-1', 'sh', '-c', "ip -o -4 addr show scope global 2>/dev/null | head -1 | awk '{print $2}'"]' returned non-zero exit status 1.
QDSK_CLEANUP_FAIL node20: Command '['docker', 'exec', 'rgga33c9a0411-node20-1', 'sh', '-c', "ip -o -4 addr show scope global 2>/dev/null | head -1 | awk '{print $2}'"]' returned non-zero exit status 1.
QDSK_CLEANUP_FAIL node21: Command '['docker', 'exec', 'rgga33c9a0411-node21-1', 'sh', '-c', "ip -o -4 addr show scope global 2>/dev/null | head -1 | awk '{print $2}'"]' returned non-zero exit status 1.
QDSK_CLEANUP_FAIL node22: Command '['docker', 'exec', 'rgga33c9a0411-node22-1', 'sh', '-c', "ip -o -4 addr show scope global 2>/dev/null | head -1 | awk '{print $2}'"]' returned non-zero exit status 1.
QDSK_CLEANUP_FAIL node23: Command '['docker', 'exec', 'rgga33c9a0411-node23-1', 'sh', '-c', "ip -o -4 addr show scope global 2>/dev/null | head -1 | awk '{print $2}'"]' returned non-zero exit status 1.
