 Network rggdc1da5afee_default Creating 
 Network rggdc1da5afee_default Created 
 Container rggdc1da5afee-collector-1 Creating 
 Container rggdc1da5afee-collector-1 Created 
 Container rggdc1da5afee-node17-1 Creating 
 Container rggdc1da5afee-node16-1 Creating 
 Container rggdc1da5afee-node9-1 Creating 
 Container rggdc1da5afee-node2-1 Creating 
 Container rggdc1da5afee-node13-1 Creating 
 Container rggdc1da5afee-node4-1 Creating 
 Container rggdc1da5afee-node8-1 Creating 
 Container rggdc1da5afee-node18-1 Creating 
 Container rggdc1da5afee-node1-1 Creating 
 Container rggdc1da5afee-node5-1 Creating 
 Container rggdc1da5afee-node11-1 Creating 
 Container rggdc1da5afee-node15-1 Creating 
 Container rggdc1da5afee-node14-1 Creating 
 Container rggdc1da5afee-node19-1 Creating 
 Container rggdc1da5afee-node12-1 Creating 
 Container rggdc1da5afee-node0-1 Creating 
 Container rggdc1da5afee-node6-1 Creating 
 Container rggdc1da5afee-node10-1 Creating 
 Container rggdc1da5afee-node3-1 Creating 
 Container rggdc1da5afee-node7-1 Creating 
 Container rggdc1da5afee-node9-1 Created 
 Container rggdc1da5afee-node5-1 Created 
 Container rggdc1da5afee-node8-1 Created 
 Container rggdc1da5afee-node0-1 Created 
 Container rggdc1da5afee-node12-1 Created 
 Container rggdc1da5afee-node7-1 Created 
 Container rggdc1da5afee-node13-1 Created 
 Container rggdc1da5afee-node11-1 Created 
 Container rggdc1da5afee-node18-1 Created 
 Container rggdc1da5afee-node1-1 Created 
 Container rggdc1da5afee-node3-1 Created 
 Container rggdc1da5afee-node2-1 Created 
 Container rggdc1da5afee-node15-1 Created 
 Container rggdc1da5afee-node16-1 Created 
 Container rggdc1da5afee-node19-1 Created 
 Container rggdc1da5afee-node14-1 Created 
 Container rggdc1da5afee-node10-1 Created 
 Container rggdc1da5afee-node6-1 Created 
 Container rggdc1da5afee-node17-1 Created 
 Container rggdc1da5afee-node4-1 Created 
 Container rggdc1da5afee-driver-1 Creating 
 Container rggdc1da5afee-driver-1 Created 
 Container rggdc1da5afee-collector-1 Starting 
 Container rggdc1da5afee-collector-1 Started 
 Container rggdc1da5afee-node1-1 Starting 
 Container rggdc1da5afee-node10-1 Starting 
 Container rggdc1da5afee-node12-1 Starting 
 Container rggdc1da5afee-node0-1 Starting 
 Container rggdc1da5afee-node8-1 Starting 
 Container rggdc1da5afee-node18-1 Starting 
 Container rggdc1da5afee-node15-1 Starting 
 Container rggdc1da5afee-node6-1 Starting 
 Container rggdc1da5afee-node19-1 Starting 
 Container rggdc1da5afee-node4-1 Starting 
 Container rggdc1da5afee-node16-1 Starting 
 Container rggdc1da5afee-node13-1 Starting 
 Container rggdc1da5afee-node9-1 Starting 
 Container rggdc1da5afee-node5-1 Starting 
 Container rggdc1da5afee-node11-1 Starting 
 Container rggdc1da5afee-node3-1 Starting 
 Container rggdc1da5afee-node2-1 Starting 
 Container rggdc1da5afee-node17-1 Starting 
 Container rggdc1da5afee-node7-1 Starting 
 Container rggdc1da5afee-node14-1 Starting 
 Container rggdc1da5afee-node10-1 Started 
 Container rggdc1da5afee-node2-1 Started 
 Container rggdc1da5afee-node12-1 Started 
 Container rggdc1da5afee-node14-1 Started 
 Container rggdc1da5afee-node1-1 Started 
 Container rggdc1da5afee-node5-1 Started 
 Container rggdc1da5afee-node3-1 Started 
 Container rggdc1da5afee-node8-1 Started 
 Container rggdc1da5afee-node19-1 Started 
 Container rggdc1da5afee-node15-1 Started 
 Container rggdc1da5afee-node0-1 Started 
 Container rggdc1da5afee-node7-1 Started 
 Container rggdc1da5afee-node18-1 Started 
 Container rggdc1da5afee-node4-1 Started 
 Container rggdc1da5afee-node16-1 Started 
 Container rggdc1da5afee-node17-1 Started 
 Container rggdc1da5afee-node6-1 Started 
 Container rggdc1da5afee-node13-1 Started 
 Container rggdc1da5afee-node11-1 Started 
 Container rggdc1da5afee-node9-1 Started 
 Container rggdc1da5afee-driver-1 Starting 
 Container rggdc1da5afee-driver-1 Started 
0
