 Network rgga8ac36320a_default Creating 
 Network rgga8ac36320a_default Created 
 Container rgga8ac36320a-collector-1 Creating 
 Container rgga8ac36320a-collector-1 Created 
 Container rgga8ac36320a-node11-1 Creating 
 Container rgga8ac36320a-node5-1 Creating 
 Container rgga8ac36320a-node23-1 Creating 
 Container rgga8ac36320a-node13-1 Creating 
 Container rgga8ac36320a-node12-1 Creating 
 Container rgga8ac36320a-node4-1 Creating 
 Container rgga8ac36320a-node7-1 Creating 
 Container rgga8ac36320a-node9-1 Creating 
 Container rgga8ac36320a-node0-1 Creating 
 Container rgga8ac36320a-node17-1 Creating 
 Container rgga8ac36320a-node10-1 Creating 
 Container rgga8ac36320a-node22-1 Creating 
 Container rgga8ac36320a-node14-1 Creating 
 Container rgga8ac36320a-node2-1 Creating 
 Container rgga8ac36320a-node21-1 Creating 
 Container rgga8ac36320a-node8-1 Creating 
 Container rgga8ac36320a-node1-1 Creating 
 Container rgga8ac36320a-node19-1 Creating 
 Container rgga8ac36320a-node6-1 Creating 
 Container rgga8ac36320a-node20-1 Creating 
 Container rgga8ac36320a-node18-1 Creating 
 Container rgga8ac36320a-node16-1 Creating 
 Container rgga8ac36320a-node3-1 Creating 
 Container rgga8ac36320a-node15-1 Creating 
 Container rgga8ac36320a-node23-1 Created 
 Container rgga8ac36320a-node5-1 Created 
 Container rgga8ac36320a-node11-1 Created 
 Container rgga8ac36320a-node7-1 Created 
 Container rgga8ac36320a-node22-1 Created 
 Container rgga8ac36320a-node4-1 Created 
 Container rgga8ac36320a-node9-1 Created 
 Container rgga8ac36320a-node1-1 Created 
 Container rgga8ac36320a-node17-1 Created 
 Container rgga8ac36320a-node20-1 Created 
 Container rgga8ac36320a-node2-1 Created 
 Container rgga8ac36320a-node16-1 Created 
 Container rgga8ac36320a-node13-1 Created 
 Container rgga8ac36320a-node14-1 Created 
 Container rgga8ac36320a-node0-1 Created 
 Container rgga8ac36320a-node21-1 Created 
 Container rgga8ac36320a-node10-1 Created 
 Container rgga8ac36320a-node19-1 Created 
 Container rgga8ac36320a-node12-1 Created 
 Container rgga8ac36320a-node18-1 Created 
 Container rgga8ac36320a-node6-1 Created 
 Container rgga8ac36320a-node15-1 Created 
 Container rgga8ac36320a-node8-1 Created 
 Container rgga8ac36320a-node3-1 Created 
 Container rgga8ac36320a-driver-1 Creating 
 Container rgga8ac36320a-driver-1 Created 
 Container rgga8ac36320a-collector-1 Starting 
 Container rgga8ac36320a-collector-1 Started 
 Container rgga8ac36320a-node20-1 Starting 
 Container rgga8ac36320a-node13-1 Starting 
 Container rgga8ac36320a-node4-1 Starting 
 Container rgga8ac36320a-node21-1 Starting 
 Container rgga8ac36320a-node8-1 Starting 
 Container rgga8ac36320a-node19-1 Starting 
 Container rgga8ac36320a-node23-1 Starting 
 Container rgga8ac36320a-node6-1 Starting 
 Container rgga8ac36320a-node18-1 Starting 
 Container rgga8ac36320a-node22-1 Starting 
 Container rgga8ac36320a-node1-1 Starting 
 Container rgga8ac36320a-node11-1 Starting 
 Container rgga8ac36320a-node2-1 Starting 
 Container rgga8ac36320a-node10-1 Starting 
 Container rgga8ac36320a-node9-1 Starting 
 Container rgga8ac36320a-node15-1 Starting 
 Container rgga8ac36320a-node0-1 Starting 
 Container rgga8ac36320a-node12-1 Starting 
 Container rgga8ac36320a-node17-1 Starting 
 Container rgga8ac36320a-node5-1 Starting 
 Container rgga8ac36320a-node14-1 Starting 
 Container rgga8ac36320a-node16-1 Starting 
 Container rgga8ac36320a-node7-1 Starting 
 Container rgga8ac36320a-node3-1 Starting 
 Container rgga8ac36320a-node20-1 Started 
 Container rgga8ac36320a-node13-1 Started 
 Container rgga8ac36320a-node2-1 Started 
 Container rgga8ac36320a-node4-1 Started 
 Container rgga8ac36320a-node18-1 Started 
 Container rgga8ac36320a-node16-1 Started 
 Container rgga8ac36320a-node17-1 Started 
 Container rgga8ac36320a-node5-1 Started 
 Container rgga8ac36320a-node0-1 Started 
 Container rgga8ac36320a-node23-1 Started 
 Container rgga8ac36320a-node10-1 Started 
 Container rgga8ac36320a-node7-1 Started 
 Container rgga8ac36320a-node21-1 Started 
 Container rgga8ac36320a-node14-1 Started 
 Container rgga8ac36320a-node12-1 Started 
 Container rgga8ac36320a-node6-1 Started 
 Container rgga8ac36320a-node15-1 Started 
 Container rgga8ac36320a-node8-1 Started 
 Container rgga8ac36320a-node1-1 Started 
 Container rgga8ac36320a-node3-1 Started 
 Container rgga8ac36320a-node11-1 Started 
 Container rgga8ac36320a-node9-1 Started 
 Container rgga8ac36320a-node19-1 Started 
 Container rgga8ac36320a-node22-1 Started 
 Container rgga8ac36320a-driver-1 Starting 
 Container rgga8ac36320a-driver-1 Started 
0
