 Network rggbda3b42131_default Creating 
 Network rggbda3b42131_default Created 
 Container rggbda3b42131-collector-1 Creating 
 Container rggbda3b42131-collector-1 Created 
 Container rggbda3b42131-node6-1 Creating 
 Container rggbda3b42131-node11-1 Creating 
 Container rggbda3b42131-node15-1 Creating 
 Container rggbda3b42131-node8-1 Creating 
 Container rggbda3b42131-node14-1 Creating 
 Container rggbda3b42131-node9-1 Creating 
 Container rggbda3b42131-node10-1 Creating 
 Container rggbda3b42131-node0-1 Creating 
 Container rggbda3b42131-node13-1 Creating 
 Container rggbda3b42131-node3-1 Creating 
 Container rggbda3b42131-node4-1 Creating 
 Container rggbda3b42131-node5-1 Creating 
 Container rggbda3b42131-node7-1 Creating 
 Container rggbda3b42131-node1-1 Creating 
 Container rggbda3b42131-node2-1 Creating 
 Container rggbda3b42131-node12-1 Creating 
 Container rggbda3b42131-node1-1 Created 
 Container rggbda3b42131-node8-1 Created 
 Container rggbda3b42131-node10-1 Created 
 Container rggbda3b42131-node6-1 Created 
 Container rggbda3b42131-node14-1 Created 
 Container rggbda3b42131-node11-1 Created 
 Container rggbda3b42131-node9-1 Created 
 Container rggbda3b42131-node5-1 Created 
 Container rggbda3b42131-node7-1 Created 
 Container rggbda3b42131-node12-1 Created 
 Container rggbda3b42131-node3-1 Created 
 Container rggbda3b42131-node2-1 Created 
 Container rggbda3b42131-node0-1 Created 
 Container rggbda3b42131-node4-1 Created 
 Container rggbda3b42131-node13-1 Created 
 Container rggbda3b42131-node15-1 Created 
 Container rggbda3b42131-collector-1 Starting 
 Container rggbda3b42131-collector-1 Started 
 Container rggbda3b42131-node13-1 Starting 
 Container rggbda3b42131-node1-1 Starting 
 Container rggbda3b42131-node9-1 Starting 
 Container rggbda3b42131-node5-1 Starting 
 Container rggbda3b42131-node4-1 Starting 
 Container rggbda3b42131-node14-1 Starting 
 Container rggbda3b42131-node7-1 Starting 
 Container rggbda3b42131-node15-1 Starting 
 Container rggbda3b42131-node0-1 Starting 
 Container rggbda3b42131-node2-1 Starting 
 Container rggbda3b42131-node8-1 Starting 
 Container rggbda3b42131-node10-1 Starting 
 Container rggbda3b42131-node12-1 Starting 
 Container rggbda3b42131-node6-1 Starting 
 Container rggbda3b42131-node11-1 Starting 
 Container rggbda3b42131-node3-1 Starting 
 Container rggbda3b42131-node4-1 Started 
 Container rggbda3b42131-node5-1 Started 
 Container rggbda3b42131-node10-1 Started 
 Container rggbda3b42131-node1-1 Started 
 Container rggbda3b42131-node9-1 Started 
 Container rggbda3b42131-node13-1 Started 
 Container rggbda3b42131-node8-1 Started 
 Container rggbda3b42131-node15-1 Started 
 Container rggbda3b42131-node12-1 Started 
 Container rggbda3b42131-node0-1 Started 
 Container rggbda3b42131-node11-1 Started 
 Container rggbda3b42131-node6-1 Started 
 Container rggbda3b42131-node14-1 Started 
 Container rggbda3b42131-node7-1 Started 
 Container rggbda3b42131-node3-1 Started 
 Container rggbda3b42131-node2-1 Started 
READY_BARRIER: 14/16 node services ready
DRIVER_STARTED: 2026-07-15T13:47:46Z
0
