 Network rgg2ceb963ab5_default Creating 
 Network rgg2ceb963ab5_default Created 
 Container rgg2ceb963ab5-collector-1 Creating 
 Container rgg2ceb963ab5-collector-1 Created 
 Container rgg2ceb963ab5-node5-1 Creating 
 Container rgg2ceb963ab5-node0-1 Creating 
 Container rgg2ceb963ab5-node13-1 Creating 
 Container rgg2ceb963ab5-node7-1 Creating 
 Container rgg2ceb963ab5-node2-1 Creating 
 Container rgg2ceb963ab5-node8-1 Creating 
 Container rgg2ceb963ab5-node14-1 Creating 
 Container rgg2ceb963ab5-node10-1 Creating 
 Container rgg2ceb963ab5-node6-1 Creating 
 Container rgg2ceb963ab5-node18-1 Creating 
 Container rgg2ceb963ab5-node4-1 Creating 
 Container rgg2ceb963ab5-node1-1 Creating 
 Container rgg2ceb963ab5-node15-1 Creating 
 Container rgg2ceb963ab5-node12-1 Creating 
 Container rgg2ceb963ab5-node19-1 Creating 
 Container rgg2ceb963ab5-node16-1 Creating 
 Container rgg2ceb963ab5-node9-1 Creating 
 Container rgg2ceb963ab5-node3-1 Creating 
 Container rgg2ceb963ab5-node11-1 Creating 
 Container rgg2ceb963ab5-node17-1 Creating 
 Container rgg2ceb963ab5-node15-1 Created 
 Container rgg2ceb963ab5-node17-1 Created 
 Container rgg2ceb963ab5-node14-1 Created 
 Container rgg2ceb963ab5-node13-1 Created 
 Container rgg2ceb963ab5-node8-1 Created 
 Container rgg2ceb963ab5-node0-1 Created 
 Container rgg2ceb963ab5-node2-1 Created 
 Container rgg2ceb963ab5-node10-1 Created 
 Container rgg2ceb963ab5-node16-1 Created 
 Container rgg2ceb963ab5-node1-1 Created 
 Container rgg2ceb963ab5-node11-1 Created 
 Container rgg2ceb963ab5-node18-1 Created 
 Container rgg2ceb963ab5-node19-1 Created 
 Container rgg2ceb963ab5-node5-1 Created 
 Container rgg2ceb963ab5-node9-1 Created 
 Container rgg2ceb963ab5-node6-1 Created 
 Container rgg2ceb963ab5-node12-1 Created 
 Container rgg2ceb963ab5-node3-1 Created 
 Container rgg2ceb963ab5-node4-1 Created 
 Container rgg2ceb963ab5-node7-1 Created 
 Container rgg2ceb963ab5-driver-1 Creating 
 Container rgg2ceb963ab5-driver-1 Created 
 Container rgg2ceb963ab5-collector-1 Starting 
 Container rgg2ceb963ab5-collector-1 Started 
 Container rgg2ceb963ab5-node12-1 Starting 
 Container rgg2ceb963ab5-node13-1 Starting 
 Container rgg2ceb963ab5-node3-1 Starting 
 Container rgg2ceb963ab5-node15-1 Starting 
 Container rgg2ceb963ab5-node17-1 Starting 
 Container rgg2ceb963ab5-node6-1 Starting 
 Container rgg2ceb963ab5-node11-1 Starting 
 Container rgg2ceb963ab5-node5-1 Starting 
 Container rgg2ceb963ab5-node18-1 Starting 
 Container rgg2ceb963ab5-node2-1 Starting 
 Container rgg2ceb963ab5-node8-1 Starting 
 Container rgg2ceb963ab5-node16-1 Starting 
 Container rgg2ceb963ab5-node9-1 Starting 
 Container rgg2ceb963ab5-node14-1 Starting 
 Container rgg2ceb963ab5-node10-1 Starting 
 Container rgg2ceb963ab5-node0-1 Starting 
 Container rgg2ceb963ab5-node7-1 Starting 
 Container rgg2ceb963ab5-node4-1 Starting 
 Container rgg2ceb963ab5-node19-1 Starting 
 Container rgg2ceb963ab5-node1-1 Starting 
 Container rgg2ceb963ab5-node3-1 Started 
 Container rgg2ceb963ab5-node12-1 Started 
 Container rgg2ceb963ab5-node6-1 Started 
 Container rgg2ceb963ab5-node13-1 Started 
 Container rgg2ceb963ab5-node16-1 Started 
 Container rgg2ceb963ab5-node2-1 Started 
 Container rgg2ceb963ab5-node9-1 Started 
 Container rgg2ceb963ab5-node19-1 Started 
 Container rgg2ceb963ab5-node0-1 Started 
 Container rgg2ceb963ab5-node10-1 Started 
 Container rgg2ceb963ab5-node7-1 Started 
 Container rgg2ceb963ab5-node1-1 Started 
 Container rgg2ceb963ab5-node17-1 Started 
 Container rgg2ceb963ab5-node14-1 Started 
 Container rgg2ceb963ab5-node18-1 Started 
 Container rgg2ceb963ab5-node4-1 Started 
 Container rgg2ceb963ab5-node11-1 Started 
 Container rgg2ceb963ab5-node15-1 Started 
 Container rgg2ceb963ab5-node5-1 Started 
 Container rgg2ceb963ab5-node8-1 Started 
 Container rgg2ceb963ab5-driver-1 Starting 
 Container rgg2ceb963ab5-driver-1 Started 
0
