 Network rggcc0caf25d6_default Creating 
 Network rggcc0caf25d6_default Created 
 Container rggcc0caf25d6-collector-1 Creating 
 Container rggcc0caf25d6-collector-1 Created 
 Container rggcc0caf25d6-node6-1 Creating 
 Container rggcc0caf25d6-node5-1 Creating 
 Container rggcc0caf25d6-node0-1 Creating 
 Container rggcc0caf25d6-node13-1 Creating 
 Container rggcc0caf25d6-node1-1 Creating 
 Container rggcc0caf25d6-node11-1 Creating 
 Container rggcc0caf25d6-node22-1 Creating 
 Container rggcc0caf25d6-node3-1 Creating 
 Container rggcc0caf25d6-node15-1 Creating 
 Container rggcc0caf25d6-node14-1 Creating 
 Container rggcc0caf25d6-node19-1 Creating 
 Container rggcc0caf25d6-node4-1 Creating 
 Container rggcc0caf25d6-node17-1 Creating 
 Container rggcc0caf25d6-node16-1 Creating 
 Container rggcc0caf25d6-node20-1 Creating 
 Container rggcc0caf25d6-node12-1 Creating 
 Container rggcc0caf25d6-node7-1 Creating 
 Container rggcc0caf25d6-node10-1 Creating 
 Container rggcc0caf25d6-node2-1 Creating 
 Container rggcc0caf25d6-node21-1 Creating 
 Container rggcc0caf25d6-node23-1 Creating 
 Container rggcc0caf25d6-node8-1 Creating 
 Container rggcc0caf25d6-node9-1 Creating 
 Container rggcc0caf25d6-node18-1 Creating 
 Container rggcc0caf25d6-node1-1 Created 
 Container rggcc0caf25d6-node5-1 Created 
 Container rggcc0caf25d6-node6-1 Created 
 Container rggcc0caf25d6-node12-1 Created 
 Container rggcc0caf25d6-node11-1 Created 
 Container rggcc0caf25d6-node15-1 Created 
 Container rggcc0caf25d6-node9-1 Created 
 Container rggcc0caf25d6-node22-1 Created 
 Container rggcc0caf25d6-node19-1 Created 
 Container rggcc0caf25d6-node3-1 Created 
 Container rggcc0caf25d6-node0-1 Created 
 Container rggcc0caf25d6-node13-1 Created 
 Container rggcc0caf25d6-node7-1 Created 
 Container rggcc0caf25d6-node16-1 Created 
 Container rggcc0caf25d6-node10-1 Created 
 Container rggcc0caf25d6-node20-1 Created 
 Container rggcc0caf25d6-node17-1 Created 
 Container rggcc0caf25d6-node23-1 Created 
 Container rggcc0caf25d6-node4-1 Created 
 Container rggcc0caf25d6-node14-1 Created 
 Container rggcc0caf25d6-node21-1 Created 
 Container rggcc0caf25d6-node18-1 Created 
 Container rggcc0caf25d6-node8-1 Created 
 Container rggcc0caf25d6-node2-1 Created 
 Container rggcc0caf25d6-collector-1 Starting 
 Container rggcc0caf25d6-collector-1 Started 
 Container rggcc0caf25d6-node21-1 Starting 
 Container rggcc0caf25d6-node7-1 Starting 
 Container rggcc0caf25d6-node16-1 Starting 
 Container rggcc0caf25d6-node13-1 Starting 
 Container rggcc0caf25d6-node4-1 Starting 
 Container rggcc0caf25d6-node17-1 Starting 
 Container rggcc0caf25d6-node20-1 Starting 
 Container rggcc0caf25d6-node14-1 Starting 
 Container rggcc0caf25d6-node5-1 Starting 
 Container rggcc0caf25d6-node10-1 Starting 
 Container rggcc0caf25d6-node19-1 Starting 
 Container rggcc0caf25d6-node15-1 Starting 
 Container rggcc0caf25d6-node18-1 Starting 
 Container rggcc0caf25d6-node12-1 Starting 
 Container rggcc0caf25d6-node1-1 Starting 
 Container rggcc0caf25d6-node2-1 Starting 
 Container rggcc0caf25d6-node6-1 Starting 
 Container rggcc0caf25d6-node9-1 Starting 
 Container rggcc0caf25d6-node3-1 Starting 
 Container rggcc0caf25d6-node22-1 Starting 
 Container rggcc0caf25d6-node23-1 Starting 
 Container rggcc0caf25d6-node0-1 Starting 
 Container rggcc0caf25d6-node8-1 Starting 
 Container rggcc0caf25d6-node11-1 Starting 
 Container rggcc0caf25d6-node18-1 Started 
 Container rggcc0caf25d6-node16-1 Started 
 Container rggcc0caf25d6-node11-1 Started 
 Container rggcc0caf25d6-node10-1 Started 
 Container rggcc0caf25d6-node21-1 Started 
 Container rggcc0caf25d6-node13-1 Started 
 Container rggcc0caf25d6-node0-1 Started 
 Container rggcc0caf25d6-node20-1 Started 
 Container rggcc0caf25d6-node22-1 Started 
 Container rggcc0caf25d6-node15-1 Started 
 Container rggcc0caf25d6-node5-1 Started 
 Container rggcc0caf25d6-node14-1 Started 
 Container rggcc0caf25d6-node2-1 Started 
 Container rggcc0caf25d6-node23-1 Started 
 Container rggcc0caf25d6-node9-1 Started 
 Container rggcc0caf25d6-node7-1 Started 
 Container rggcc0caf25d6-node17-1 Started 
 Container rggcc0caf25d6-node19-1 Started 
 Container rggcc0caf25d6-node6-1 Started 
 Container rggcc0caf25d6-node4-1 Started 
 Container rggcc0caf25d6-node8-1 Started 
 Container rggcc0caf25d6-node1-1 Started 
 Container rggcc0caf25d6-node3-1 Started 
 Container rggcc0caf25d6-node12-1 Started 
NETEM_APPLIED node0 iface=eth0: qdisc netem 8309: root refcnt 17 limit 1000 delay 10ms  2ms seed 6416175404696760849
NETEM_APPLIED node1 iface=eth0: qdisc netem 830a: root refcnt 17 limit 1000 delay 10ms  2ms seed 15233878561742285781
NETEM_APPLIED node2 iface=eth0: qdisc netem 830b: root refcnt 17 limit 1000 delay 10ms  2ms seed 13443672074182465416
NETEM_APPLIED node3 iface=eth0: qdisc netem 830c: root refcnt 17 limit 1000 delay 10ms  2ms seed 3381282753730601082
NETEM_APPLIED node4 iface=eth0: qdisc netem 830d: root refcnt 17 limit 1000 delay 10ms  2ms seed 12597708859076012232
NETEM_APPLIED node5 iface=eth0: qdisc netem 830e: root refcnt 17 limit 1000 delay 10ms  2ms seed 4003821027954066550
NETEM_APPLIED node6 iface=eth0: qdisc netem 830f: root refcnt 17 limit 1000 delay 10ms  2ms seed 7687033991024859838
NETEM_APPLIED node7 iface=eth0: qdisc netem 8310: root refcnt 17 limit 1000 delay 10ms  2ms seed 14284787824642174872
NETEM_APPLIED node8 iface=eth0: qdisc netem 8311: root refcnt 17 limit 1000 delay 10ms  2ms seed 12412224196364730172
NETEM_APPLIED node9 iface=eth0: qdisc netem 8312: root refcnt 17 limit 1000 delay 10ms  2ms seed 14123112727613749222
NETEM_APPLIED node10 iface=eth0: qdisc netem 8313: root refcnt 17 limit 1000 delay 10ms  2ms seed 17743090224184384211
NETEM_APPLIED node11 iface=eth0: qdisc netem 8314: root refcnt 17 limit 1000 delay 10ms  2ms seed 6995574281619467948
NETEM_APPLIED node12 iface=eth0: qdisc netem 8315: root refcnt 17 limit 1000 delay 10ms  2ms seed 11878966141046015680
NETEM_APPLIED node13 iface=eth0: qdisc netem 8316: root refcnt 17 limit 1000 delay 10ms  2ms seed 5610271454836227143
NETEM_APPLIED node14 iface=eth0: qdisc netem 8317: root refcnt 17 limit 1000 delay 10ms  2ms seed 17117320741331720436
NETEM_APPLIED node15 iface=eth0: qdisc netem 8318: root refcnt 17 limit 1000 delay 10ms  2ms seed 3550181553523136472
NETEM_APPLIED node16 iface=eth0: qdisc netem 8319: root refcnt 17 limit 1000 delay 10ms  2ms seed 16353700365388192138
NETEM_APPLIED node17 iface=eth0: qdisc netem 831a: root refcnt 17 limit 1000 delay 10ms  2ms seed 8677208169314630687
NETEM_APPLIED node18 iface=eth0: qdisc netem 831b: root refcnt 17 limit 1000 delay 10ms  2ms seed 3958049132564595527
NETEM_APPLIED node19 iface=eth0: qdisc netem 831c: root refcnt 17 limit 1000 delay 10ms  2ms seed 7334021085158779624
NETEM_APPLIED node20 iface=eth0: qdisc netem 831d: root refcnt 17 limit 1000 delay 10ms  2ms seed 11822074843194855553
NETEM_APPLIED node21 iface=eth0: qdisc netem 831e: root refcnt 17 limit 1000 delay 10ms  2ms seed 6869718281801539473
NETEM_APPLIED node22 iface=eth0: qdisc netem 831f: root refcnt 17 limit 1000 delay 10ms  2ms seed 17422703622167368118
NETEM_APPLIED node23 iface=eth0: qdisc netem 8320: root refcnt 17 limit 1000 delay 10ms  2ms seed 16243563816140570408
NETEM_RTT_GATE OK: baseline=0.1ms actual=19.6ms increase=19.5ms
DRIVER_STARTED: 2026-07-15T05:47:03Z
0
QDSK_CLEANUP_FAIL node0: Command '['docker', 'exec', 'rggcc0caf25d6-node0-1', 'sh', '-c', "ip -o -4 addr show scope global 2>/dev/null | head -1 | awk '{print $2}'"]' returned non-zero exit status 1.
QDSK_CLEANUP_FAIL node1: Command '['docker', 'exec', 'rggcc0caf25d6-node1-1', 'sh', '-c', "ip -o -4 addr show scope global 2>/dev/null | head -1 | awk '{print $2}'"]' returned non-zero exit status 1.
QDSK_CLEANUP_FAIL node2: Command '['docker', 'exec', 'rggcc0caf25d6-node2-1', 'sh', '-c', "ip -o -4 addr show scope global 2>/dev/null | head -1 | awk '{print $2}'"]' returned non-zero exit status 1.
QDSK_CLEANUP_FAIL node3: Command '['docker', 'exec', 'rggcc0caf25d6-node3-1', 'sh', '-c', "ip -o -4 addr show scope global 2>/dev/null | head -1 | awk '{print $2}'"]' returned non-zero exit status 1.
QDSK_CLEANUP_FAIL node4: Command '['docker', 'exec', 'rggcc0caf25d6-node4-1', 'sh', '-c', "ip -o -4 addr show scope global 2>/dev/null | head -1 | awk '{print $2}'"]' returned non-zero exit status 1.
QDSK_CLEANUP_FAIL node5: Command '['docker', 'exec', 'rggcc0caf25d6-node5-1', 'sh', '-c', "ip -o -4 addr show scope global 2>/dev/null | head -1 | awk '{print $2}'"]' returned non-zero exit status 1.
QDSK_CLEANUP_FAIL node6: Command '['docker', 'exec', 'rggcc0caf25d6-node6-1', 'sh', '-c', "ip -o -4 addr show scope global 2>/dev/null | head -1 | awk '{print $2}'"]' returned non-zero exit status 1.
QDSK_CLEANUP_FAIL node7: Command '['docker', 'exec', 'rggcc0caf25d6-node7-1', 'sh', '-c', "ip -o -4 addr show scope global 2>/dev/null | head -1 | awk '{print $2}'"]' returned non-zero exit status 1.
QDSK_CLEANUP_FAIL node8: Command '['docker', 'exec', 'rggcc0caf25d6-node8-1', 'sh', '-c', "ip -o -4 addr show scope global 2>/dev/null | head -1 | awk '{print $2}'"]' returned non-zero exit status 1.
QDSK_CLEANUP_FAIL node9: Command '['docker', 'exec', 'rggcc0caf25d6-node9-1', 'sh', '-c', "ip -o -4 addr show scope global 2>/dev/null | head -1 | awk '{print $2}'"]' returned non-zero exit status 1.
QDSK_CLEANUP_FAIL node10: Command '['docker', 'exec', 'rggcc0caf25d6-node10-1', 'sh', '-c', "ip -o -4 addr show scope global 2>/dev/null | head -1 | awk '{print $2}'"]' returned non-zero exit status 1.
QDSK_CLEANUP_FAIL node11: Command '['docker', 'exec', 'rggcc0caf25d6-node11-1', 'sh', '-c', "ip -o -4 addr show scope global 2>/dev/null | head -1 | awk '{print $2}'"]' returned non-zero exit status 1.
QDSK_CLEANUP_FAIL node12: Command '['docker', 'exec', 'rggcc0caf25d6-node12-1', 'sh', '-c', "ip -o -4 addr show scope global 2>/dev/null | head -1 | awk '{print $2}'"]' returned non-zero exit status 1.
QDSK_CLEANUP_FAIL node13: Command '['docker', 'exec', 'rggcc0caf25d6-node13-1', 'sh', '-c', "ip -o -4 addr show scope global 2>/dev/null | head -1 | awk '{print $2}'"]' returned non-zero exit status 1.
QDSK_CLEANUP_FAIL node14: Command '['docker', 'exec', 'rggcc0caf25d6-node14-1', 'sh', '-c', "ip -o -4 addr show scope global 2>/dev/null | head -1 | awk '{print $2}'"]' returned non-zero exit status 1.
QDSK_CLEANUP_FAIL node15: Command '['docker', 'exec', 'rggcc0caf25d6-node15-1', 'sh', '-c', "ip -o -4 addr show scope global 2>/dev/null | head -1 | awk '{print $2}'"]' returned non-zero exit status 1.
QDSK_CLEANUP_FAIL node16: Command '['docker', 'exec', 'rggcc0caf25d6-node16-1', 'sh', '-c', "ip -o -4 addr show scope global 2>/dev/null | head -1 | awk '{print $2}'"]' returned non-zero exit status 1.
QDSK_CLEANUP_FAIL node17: Command '['docker', 'exec', 'rggcc0caf25d6-node17-1', 'sh', '-c', "ip -o -4 addr show scope global 2>/dev/null | head -1 | awk '{print $2}'"]' returned non-zero exit status 1.
QDSK_CLEANUP_FAIL node18: Command '['docker', 'exec', 'rggcc0caf25d6-node18-1', 'sh', '-c', "ip -o -4 addr show scope global 2>/dev/null | head -1 | awk '{print $2}'"]' returned non-zero exit status 1.
QDSK_CLEANUP_FAIL node19: Command '['docker', 'exec', 'rggcc0caf25d6-node19-1', 'sh', '-c', "ip -o -4 addr show scope global 2>/dev/null | head -1 | awk '{print $2}'"]' returned non-zero exit status 1.
QDSK_CLEANUP_FAIL node20: Command '['docker', 'exec', 'rggcc0caf25d6-node20-1', 'sh', '-c', "ip -o -4 addr show scope global 2>/dev/null | head -1 | awk '{print $2}'"]' returned non-zero exit status 1.
QDSK_CLEANUP_FAIL node21: Command '['docker', 'exec', 'rggcc0caf25d6-node21-1', 'sh', '-c', "ip -o -4 addr show scope global 2>/dev/null | head -1 | awk '{print $2}'"]' returned non-zero exit status 1.
QDSK_CLEANUP_FAIL node22: Command '['docker', 'exec', 'rggcc0caf25d6-node22-1', 'sh', '-c', "ip -o -4 addr show scope global 2>/dev/null | head -1 | awk '{print $2}'"]' returned non-zero exit status 1.
QDSK_CLEANUP_FAIL node23: Command '['docker', 'exec', 'rggcc0caf25d6-node23-1', 'sh', '-c', "ip -o -4 addr show scope global 2>/dev/null | head -1 | awk '{print $2}'"]' returned non-zero exit status 1.
