 Network rggd256cec1e9_default Creating 
 Network rggd256cec1e9_default Created 
 Container rggd256cec1e9-collector-1 Creating 
 Container rggd256cec1e9-collector-1 Created 
 Container rggd256cec1e9-node9-1 Creating 
 Container rggd256cec1e9-node5-1 Creating 
 Container rggd256cec1e9-node2-1 Creating 
 Container rggd256cec1e9-node18-1 Creating 
 Container rggd256cec1e9-node13-1 Creating 
 Container rggd256cec1e9-node14-1 Creating 
 Container rggd256cec1e9-node10-1 Creating 
 Container rggd256cec1e9-node17-1 Creating 
 Container rggd256cec1e9-node6-1 Creating 
 Container rggd256cec1e9-node8-1 Creating 
 Container rggd256cec1e9-node7-1 Creating 
 Container rggd256cec1e9-node4-1 Creating 
 Container rggd256cec1e9-node12-1 Creating 
 Container rggd256cec1e9-node1-1 Creating 
 Container rggd256cec1e9-node3-1 Creating 
 Container rggd256cec1e9-node19-1 Creating 
 Container rggd256cec1e9-node16-1 Creating 
 Container rggd256cec1e9-node15-1 Creating 
 Container rggd256cec1e9-node0-1 Creating 
 Container rggd256cec1e9-node11-1 Creating 
 Container rggd256cec1e9-node1-1 Created 
 Container rggd256cec1e9-node17-1 Created 
 Container rggd256cec1e9-node5-1 Created 
 Container rggd256cec1e9-node0-1 Created 
 Container rggd256cec1e9-node18-1 Created 
 Container rggd256cec1e9-node16-1 Created 
 Container rggd256cec1e9-node14-1 Created 
 Container rggd256cec1e9-node19-1 Created 
 Container rggd256cec1e9-node3-1 Created 
 Container rggd256cec1e9-node10-1 Created 
 Container rggd256cec1e9-node9-1 Created 
 Container rggd256cec1e9-node8-1 Created 
 Container rggd256cec1e9-node12-1 Created 
 Container rggd256cec1e9-node7-1 Created 
 Container rggd256cec1e9-node11-1 Created 
 Container rggd256cec1e9-node2-1 Created 
 Container rggd256cec1e9-node6-1 Created 
 Container rggd256cec1e9-node15-1 Created 
 Container rggd256cec1e9-node4-1 Created 
 Container rggd256cec1e9-node13-1 Created 
 Container rggd256cec1e9-driver-1 Creating 
 Container rggd256cec1e9-driver-1 Created 
 Container rggd256cec1e9-collector-1 Starting 
 Container rggd256cec1e9-collector-1 Started 
 Container rggd256cec1e9-node18-1 Starting 
 Container rggd256cec1e9-node11-1 Starting 
 Container rggd256cec1e9-node19-1 Starting 
 Container rggd256cec1e9-node17-1 Starting 
 Container rggd256cec1e9-node16-1 Starting 
 Container rggd256cec1e9-node3-1 Starting 
 Container rggd256cec1e9-node2-1 Starting 
 Container rggd256cec1e9-node8-1 Starting 
 Container rggd256cec1e9-node4-1 Starting 
 Container rggd256cec1e9-node7-1 Starting 
 Container rggd256cec1e9-node12-1 Starting 
 Container rggd256cec1e9-node10-1 Starting 
 Container rggd256cec1e9-node1-1 Starting 
 Container rggd256cec1e9-node14-1 Starting 
 Container rggd256cec1e9-node0-1 Starting 
 Container rggd256cec1e9-node6-1 Starting 
 Container rggd256cec1e9-node9-1 Starting 
 Container rggd256cec1e9-node5-1 Starting 
 Container rggd256cec1e9-node13-1 Starting 
 Container rggd256cec1e9-node15-1 Starting 
 Container rggd256cec1e9-node19-1 Started 
 Container rggd256cec1e9-node17-1 Started 
 Container rggd256cec1e9-node16-1 Started 
 Container rggd256cec1e9-node7-1 Started 
 Container rggd256cec1e9-node9-1 Started 
 Container rggd256cec1e9-node4-1 Started 
 Container rggd256cec1e9-node2-1 Started 
 Container rggd256cec1e9-node6-1 Started 
 Container rggd256cec1e9-node1-1 Started 
 Container rggd256cec1e9-node10-1 Started 
 Container rggd256cec1e9-node18-1 Started 
 Container rggd256cec1e9-node0-1 Started 
 Container rggd256cec1e9-node13-1 Started 
 Container rggd256cec1e9-node14-1 Started 
 Container rggd256cec1e9-node8-1 Started 
 Container rggd256cec1e9-node5-1 Started 
 Container rggd256cec1e9-node11-1 Started 
 Container rggd256cec1e9-node15-1 Started 
 Container rggd256cec1e9-node12-1 Started 
 Container rggd256cec1e9-node3-1 Started 
 Container rggd256cec1e9-driver-1 Starting 
 Container rggd256cec1e9-driver-1 Started 
0
