 Network rggc653bfdf4d_default Creating 
 Network rggc653bfdf4d_default Created 
 Container rggc653bfdf4d-collector-1 Creating 
 Container rggc653bfdf4d-collector-1 Created 
 Container rggc653bfdf4d-node0-1 Creating 
 Container rggc653bfdf4d-node7-1 Creating 
 Container rggc653bfdf4d-node15-1 Creating 
 Container rggc653bfdf4d-node1-1 Creating 
 Container rggc653bfdf4d-node3-1 Creating 
 Container rggc653bfdf4d-node9-1 Creating 
 Container rggc653bfdf4d-node8-1 Creating 
 Container rggc653bfdf4d-node10-1 Creating 
 Container rggc653bfdf4d-node14-1 Creating 
 Container rggc653bfdf4d-node12-1 Creating 
 Container rggc653bfdf4d-node6-1 Creating 
 Container rggc653bfdf4d-node5-1 Creating 
 Container rggc653bfdf4d-node4-1 Creating 
 Container rggc653bfdf4d-node2-1 Creating 
 Container rggc653bfdf4d-node13-1 Creating 
 Container rggc653bfdf4d-node11-1 Creating 
 Container rggc653bfdf4d-node0-1 Created 
 Container rggc653bfdf4d-node2-1 Created 
 Container rggc653bfdf4d-node11-1 Created 
 Container rggc653bfdf4d-node1-1 Created 
 Container rggc653bfdf4d-node3-1 Created 
 Container rggc653bfdf4d-node15-1 Created 
 Container rggc653bfdf4d-node13-1 Created 
 Container rggc653bfdf4d-node9-1 Created 
 Container rggc653bfdf4d-node10-1 Created 
 Container rggc653bfdf4d-node8-1 Created 
 Container rggc653bfdf4d-node5-1 Created 
 Container rggc653bfdf4d-node4-1 Created 
 Container rggc653bfdf4d-node14-1 Created 
 Container rggc653bfdf4d-node12-1 Created 
 Container rggc653bfdf4d-node6-1 Created 
 Container rggc653bfdf4d-node7-1 Created 
 Container rggc653bfdf4d-collector-1 Starting 
 Container rggc653bfdf4d-collector-1 Started 
 Container rggc653bfdf4d-node14-1 Starting 
 Container rggc653bfdf4d-node10-1 Starting 
 Container rggc653bfdf4d-node4-1 Starting 
 Container rggc653bfdf4d-node7-1 Starting 
 Container rggc653bfdf4d-node2-1 Starting 
 Container rggc653bfdf4d-node6-1 Starting 
 Container rggc653bfdf4d-node3-1 Starting 
 Container rggc653bfdf4d-node0-1 Starting 
 Container rggc653bfdf4d-node8-1 Starting 
 Container rggc653bfdf4d-node5-1 Starting 
 Container rggc653bfdf4d-node11-1 Starting 
 Container rggc653bfdf4d-node1-1 Starting 
 Container rggc653bfdf4d-node15-1 Starting 
 Container rggc653bfdf4d-node13-1 Starting 
 Container rggc653bfdf4d-node9-1 Starting 
 Container rggc653bfdf4d-node12-1 Starting 
 Container rggc653bfdf4d-node14-1 Started 
 Container rggc653bfdf4d-node1-1 Started 
 Container rggc653bfdf4d-node8-1 Started 
 Container rggc653bfdf4d-node13-1 Started 
 Container rggc653bfdf4d-node2-1 Started 
 Container rggc653bfdf4d-node3-1 Started 
 Container rggc653bfdf4d-node7-1 Started 
 Container rggc653bfdf4d-node9-1 Started 
 Container rggc653bfdf4d-node6-1 Started 
 Container rggc653bfdf4d-node11-1 Started 
 Container rggc653bfdf4d-node5-1 Started 
 Container rggc653bfdf4d-node0-1 Started 
 Container rggc653bfdf4d-node12-1 Started 
 Container rggc653bfdf4d-node4-1 Started 
 Container rggc653bfdf4d-node10-1 Started 
 Container rggc653bfdf4d-node15-1 Started 
READY_BARRIER: 15/16 node services ready
DRIVER_STARTED: 2026-07-26T22:37:17Z
0
