 Network rgg35aec4a592_default Creating 
 Network rgg35aec4a592_default Created 
 Container rgg35aec4a592-collector-1 Creating 
 Container rgg35aec4a592-collector-1 Created 
 Container rgg35aec4a592-node12-1 Creating 
 Container rgg35aec4a592-node8-1 Creating 
 Container rgg35aec4a592-node2-1 Creating 
 Container rgg35aec4a592-node4-1 Creating 
 Container rgg35aec4a592-node5-1 Creating 
 Container rgg35aec4a592-node0-1 Creating 
 Container rgg35aec4a592-node10-1 Creating 
 Container rgg35aec4a592-node13-1 Creating 
 Container rgg35aec4a592-node7-1 Creating 
 Container rgg35aec4a592-node11-1 Creating 
 Container rgg35aec4a592-node1-1 Creating 
 Container rgg35aec4a592-node15-1 Creating 
 Container rgg35aec4a592-node6-1 Creating 
 Container rgg35aec4a592-node9-1 Creating 
 Container rgg35aec4a592-node14-1 Creating 
 Container rgg35aec4a592-node3-1 Creating 
 Container rgg35aec4a592-node13-1 Created 
 Container rgg35aec4a592-node11-1 Created 
 Container rgg35aec4a592-node6-1 Created 
 Container rgg35aec4a592-node12-1 Created 
 Container rgg35aec4a592-node3-1 Created 
 Container rgg35aec4a592-node14-1 Created 
 Container rgg35aec4a592-node7-1 Created 
 Container rgg35aec4a592-node9-1 Created 
 Container rgg35aec4a592-node2-1 Created 
 Container rgg35aec4a592-node1-1 Created 
 Container rgg35aec4a592-node5-1 Created 
 Container rgg35aec4a592-node10-1 Created 
 Container rgg35aec4a592-node8-1 Created 
 Container rgg35aec4a592-node0-1 Created 
 Container rgg35aec4a592-node15-1 Created 
 Container rgg35aec4a592-node4-1 Created 
 Container rgg35aec4a592-collector-1 Starting 
 Container rgg35aec4a592-collector-1 Started 
 Container rgg35aec4a592-node2-1 Starting 
 Container rgg35aec4a592-node15-1 Starting 
 Container rgg35aec4a592-node5-1 Starting 
 Container rgg35aec4a592-node10-1 Starting 
 Container rgg35aec4a592-node12-1 Starting 
 Container rgg35aec4a592-node11-1 Starting 
 Container rgg35aec4a592-node1-1 Starting 
 Container rgg35aec4a592-node9-1 Starting 
 Container rgg35aec4a592-node14-1 Starting 
 Container rgg35aec4a592-node6-1 Starting 
 Container rgg35aec4a592-node8-1 Starting 
 Container rgg35aec4a592-node7-1 Starting 
 Container rgg35aec4a592-node3-1 Starting 
 Container rgg35aec4a592-node4-1 Starting 
 Container rgg35aec4a592-node13-1 Starting 
 Container rgg35aec4a592-node0-1 Starting 
 Container rgg35aec4a592-node2-1 Started 
 Container rgg35aec4a592-node15-1 Started 
 Container rgg35aec4a592-node6-1 Started 
 Container rgg35aec4a592-node9-1 Started 
 Container rgg35aec4a592-node12-1 Started 
 Container rgg35aec4a592-node13-1 Started 
 Container rgg35aec4a592-node5-1 Started 
 Container rgg35aec4a592-node8-1 Started 
 Container rgg35aec4a592-node7-1 Started 
 Container rgg35aec4a592-node1-1 Started 
 Container rgg35aec4a592-node10-1 Started 
 Container rgg35aec4a592-node4-1 Started 
 Container rgg35aec4a592-node14-1 Started 
 Container rgg35aec4a592-node3-1 Started 
 Container rgg35aec4a592-node0-1 Started 
 Container rgg35aec4a592-node11-1 Started 
READY_BARRIER: 14/16 node services ready
DRIVER_STARTED: 2026-07-15T13:49:54Z
0
