 Network rgg1e3b86271c_default Creating 
 Network rgg1e3b86271c_default Created 
 Container rgg1e3b86271c-collector-1 Creating 
 Container rgg1e3b86271c-collector-1 Created 
 Container rgg1e3b86271c-node4-1 Creating 
 Container rgg1e3b86271c-node18-1 Creating 
 Container rgg1e3b86271c-node13-1 Creating 
 Container rgg1e3b86271c-node23-1 Creating 
 Container rgg1e3b86271c-node12-1 Creating 
 Container rgg1e3b86271c-node19-1 Creating 
 Container rgg1e3b86271c-node7-1 Creating 
 Container rgg1e3b86271c-node16-1 Creating 
 Container rgg1e3b86271c-node10-1 Creating 
 Container rgg1e3b86271c-node21-1 Creating 
 Container rgg1e3b86271c-node9-1 Creating 
 Container rgg1e3b86271c-node22-1 Creating 
 Container rgg1e3b86271c-node6-1 Creating 
 Container rgg1e3b86271c-node0-1 Creating 
 Container rgg1e3b86271c-node1-1 Creating 
 Container rgg1e3b86271c-node20-1 Creating 
 Container rgg1e3b86271c-node11-1 Creating 
 Container rgg1e3b86271c-node15-1 Creating 
 Container rgg1e3b86271c-node2-1 Creating 
 Container rgg1e3b86271c-node5-1 Creating 
 Container rgg1e3b86271c-node3-1 Creating 
 Container rgg1e3b86271c-node17-1 Creating 
 Container rgg1e3b86271c-node8-1 Creating 
 Container rgg1e3b86271c-node14-1 Creating 
 Container rgg1e3b86271c-node23-1 Created 
 Container rgg1e3b86271c-node9-1 Created 
 Container rgg1e3b86271c-node15-1 Created 
 Container rgg1e3b86271c-node20-1 Created 
 Container rgg1e3b86271c-node17-1 Created 
 Container rgg1e3b86271c-node6-1 Created 
 Container rgg1e3b86271c-node4-1 Created 
 Container rgg1e3b86271c-node21-1 Created 
 Container rgg1e3b86271c-node19-1 Created 
 Container rgg1e3b86271c-node12-1 Created 
 Container rgg1e3b86271c-node18-1 Created 
 Container rgg1e3b86271c-node11-1 Created 
 Container rgg1e3b86271c-node16-1 Created 
 Container rgg1e3b86271c-node3-1 Created 
 Container rgg1e3b86271c-node1-1 Created 
 Container rgg1e3b86271c-node2-1 Created 
 Container rgg1e3b86271c-node8-1 Created 
 Container rgg1e3b86271c-node10-1 Created 
 Container rgg1e3b86271c-node5-1 Created 
 Container rgg1e3b86271c-node0-1 Created 
 Container rgg1e3b86271c-node13-1 Created 
 Container rgg1e3b86271c-node22-1 Created 
 Container rgg1e3b86271c-node7-1 Created 
 Container rgg1e3b86271c-node14-1 Created 
 Container rgg1e3b86271c-collector-1 Starting 
 Container rgg1e3b86271c-collector-1 Started 
 Container rgg1e3b86271c-node3-1 Starting 
 Container rgg1e3b86271c-node0-1 Starting 
 Container rgg1e3b86271c-node8-1 Starting 
 Container rgg1e3b86271c-node5-1 Starting 
 Container rgg1e3b86271c-node16-1 Starting 
 Container rgg1e3b86271c-node23-1 Starting 
 Container rgg1e3b86271c-node13-1 Starting 
 Container rgg1e3b86271c-node15-1 Starting 
 Container rgg1e3b86271c-node14-1 Starting 
 Container rgg1e3b86271c-node10-1 Starting 
 Container rgg1e3b86271c-node20-1 Starting 
 Container rgg1e3b86271c-node21-1 Starting 
 Container rgg1e3b86271c-node7-1 Starting 
 Container rgg1e3b86271c-node4-1 Starting 
 Container rgg1e3b86271c-node12-1 Starting 
 Container rgg1e3b86271c-node6-1 Starting 
 Container rgg1e3b86271c-node9-1 Starting 
 Container rgg1e3b86271c-node19-1 Starting 
 Container rgg1e3b86271c-node2-1 Starting 
 Container rgg1e3b86271c-node1-1 Starting 
 Container rgg1e3b86271c-node11-1 Starting 
 Container rgg1e3b86271c-node18-1 Starting 
 Container rgg1e3b86271c-node17-1 Starting 
 Container rgg1e3b86271c-node22-1 Starting 
 Container rgg1e3b86271c-node0-1 Started 
 Container rgg1e3b86271c-node21-1 Started 
 Container rgg1e3b86271c-node4-1 Started 
 Container rgg1e3b86271c-node18-1 Started 
 Container rgg1e3b86271c-node1-1 Started 
 Container rgg1e3b86271c-node20-1 Started 
 Container rgg1e3b86271c-node5-1 Started 
 Container rgg1e3b86271c-node22-1 Started 
 Container rgg1e3b86271c-node3-1 Started 
 Container rgg1e3b86271c-node9-1 Started 
 Container rgg1e3b86271c-node17-1 Started 
 Container rgg1e3b86271c-node15-1 Started 
 Container rgg1e3b86271c-node6-1 Started 
 Container rgg1e3b86271c-node12-1 Started 
 Container rgg1e3b86271c-node13-1 Started 
 Container rgg1e3b86271c-node2-1 Started 
 Container rgg1e3b86271c-node23-1 Started 
 Container rgg1e3b86271c-node14-1 Started 
 Container rgg1e3b86271c-node16-1 Started 
 Container rgg1e3b86271c-node8-1 Started 
 Container rgg1e3b86271c-node19-1 Started 
 Container rgg1e3b86271c-node10-1 Started 
 Container rgg1e3b86271c-node11-1 Started 
 Container rgg1e3b86271c-node7-1 Started 
DRIVER_STARTED: 2026-07-15T05:04:45Z
0
