 Network rgge6d05dd30d_default Creating 
 Network rgge6d05dd30d_default Created 
 Container rgge6d05dd30d-collector-1 Creating 
 Container rgge6d05dd30d-collector-1 Created 
 Container rgge6d05dd30d-node6-1 Creating 
 Container rgge6d05dd30d-node2-1 Creating 
 Container rgge6d05dd30d-node9-1 Creating 
 Container rgge6d05dd30d-node10-1 Creating 
 Container rgge6d05dd30d-node11-1 Creating 
 Container rgge6d05dd30d-node4-1 Creating 
 Container rgge6d05dd30d-node8-1 Creating 
 Container rgge6d05dd30d-node13-1 Creating 
 Container rgge6d05dd30d-node5-1 Creating 
 Container rgge6d05dd30d-node3-1 Creating 
 Container rgge6d05dd30d-node1-1 Creating 
 Container rgge6d05dd30d-node15-1 Creating 
 Container rgge6d05dd30d-node12-1 Creating 
 Container rgge6d05dd30d-node7-1 Creating 
 Container rgge6d05dd30d-node0-1 Creating 
 Container rgge6d05dd30d-node14-1 Creating 
 Container rgge6d05dd30d-node10-1 Created 
 Container rgge6d05dd30d-node6-1 Created 
 Container rgge6d05dd30d-node5-1 Created 
 Container rgge6d05dd30d-node14-1 Created 
 Container rgge6d05dd30d-node11-1 Created 
 Container rgge6d05dd30d-node9-1 Created 
 Container rgge6d05dd30d-node4-1 Created 
 Container rgge6d05dd30d-node7-1 Created 
 Container rgge6d05dd30d-node8-1 Created 
 Container rgge6d05dd30d-node3-1 Created 
 Container rgge6d05dd30d-node2-1 Created 
 Container rgge6d05dd30d-node12-1 Created 
 Container rgge6d05dd30d-node1-1 Created 
 Container rgge6d05dd30d-node13-1 Created 
 Container rgge6d05dd30d-node15-1 Created 
 Container rgge6d05dd30d-node0-1 Created 
 Container rgge6d05dd30d-collector-1 Starting 
 Container rgge6d05dd30d-collector-1 Started 
 Container rgge6d05dd30d-node6-1 Starting 
 Container rgge6d05dd30d-node9-1 Starting 
 Container rgge6d05dd30d-node0-1 Starting 
 Container rgge6d05dd30d-node10-1 Starting 
 Container rgge6d05dd30d-node14-1 Starting 
 Container rgge6d05dd30d-node11-1 Starting 
 Container rgge6d05dd30d-node15-1 Starting 
 Container rgge6d05dd30d-node2-1 Starting 
 Container rgge6d05dd30d-node7-1 Starting 
 Container rgge6d05dd30d-node3-1 Starting 
 Container rgge6d05dd30d-node12-1 Starting 
 Container rgge6d05dd30d-node8-1 Starting 
 Container rgge6d05dd30d-node13-1 Starting 
 Container rgge6d05dd30d-node1-1 Starting 
 Container rgge6d05dd30d-node4-1 Starting 
 Container rgge6d05dd30d-node5-1 Starting 
 Container rgge6d05dd30d-node10-1 Started 
 Container rgge6d05dd30d-node6-1 Started 
 Container rgge6d05dd30d-node0-1 Started 
 Container rgge6d05dd30d-node7-1 Started 
 Container rgge6d05dd30d-node5-1 Started 
 Container rgge6d05dd30d-node8-1 Started 
 Container rgge6d05dd30d-node13-1 Started 
 Container rgge6d05dd30d-node9-1 Started 
 Container rgge6d05dd30d-node1-1 Started 
 Container rgge6d05dd30d-node3-1 Started 
 Container rgge6d05dd30d-node4-1 Started 
 Container rgge6d05dd30d-node12-1 Started 
 Container rgge6d05dd30d-node11-1 Started 
 Container rgge6d05dd30d-node15-1 Started 
 Container rgge6d05dd30d-node2-1 Started 
 Container rgge6d05dd30d-node14-1 Started 
NETEM_APPLIED node0 iface=eth0: qdisc netem 83e1: root refcnt 17 limit 1000 delay 20ms  5ms seed 1200718188472148658
NETEM_APPLIED node1 iface=eth0: qdisc netem 83e2: root refcnt 17 limit 1000 delay 20ms  5ms seed 12955236632629772292
NETEM_APPLIED node2 iface=eth0: qdisc netem 83e3: root refcnt 17 limit 1000 delay 20ms  5ms seed 11796411791376606978
NETEM_APPLIED node3 iface=eth0: qdisc netem 83e4: root refcnt 17 limit 1000 delay 20ms  5ms seed 14201624859508798790
NETEM_APPLIED node4 iface=eth0: qdisc netem 83e5: root refcnt 17 limit 1000 delay 20ms  5ms seed 13845563682717248287
NETEM_APPLIED node5 iface=eth0: qdisc netem 83e6: root refcnt 17 limit 1000 delay 20ms  5ms seed 5466815482744329990
NETEM_APPLIED node6 iface=eth0: qdisc netem 83e7: root refcnt 17 limit 1000 delay 20ms  5ms seed 17331076214593526442
NETEM_APPLIED node7 iface=eth0: qdisc netem 83e8: root refcnt 17 limit 1000 delay 20ms  5ms seed 14119412066794630379
NETEM_APPLIED node8 iface=eth0: qdisc netem 83e9: root refcnt 17 limit 1000 delay 20ms  5ms seed 17750081429636196469
NETEM_APPLIED node9 iface=eth0: qdisc netem 83ea: root refcnt 17 limit 1000 delay 20ms  5ms seed 755412759026298631
NETEM_APPLIED node10 iface=eth0: qdisc netem 83eb: root refcnt 17 limit 1000 delay 20ms  5ms seed 3682005468790167411
NETEM_APPLIED node11 iface=eth0: qdisc netem 83ec: root refcnt 17 limit 1000 delay 20ms  5ms seed 17813802318674707038
NETEM_APPLIED node12 iface=eth0: qdisc netem 83ed: root refcnt 17 limit 1000 delay 20ms  5ms seed 2341868365011521396
NETEM_APPLIED node13 iface=eth0: qdisc netem 83ee: root refcnt 17 limit 1000 delay 20ms  5ms seed 429693912267597279
NETEM_APPLIED node14 iface=eth0: qdisc netem 83ef: root refcnt 17 limit 1000 delay 20ms  5ms seed 4977368022091746958
NETEM_APPLIED node15 iface=eth0: qdisc netem 83f0: root refcnt 17 limit 1000 delay 20ms  5ms seed 5541713007983468906
NETEM_RTT_GATE OK: baseline=0.1ms actual=36.8ms increase=36.7ms
DRIVER_STARTED: 2026-07-15T06:00:17Z
0
QDSK_CLEANUP_FAIL node0: Command '['docker', 'exec', 'rgge6d05dd30d-node0-1', 'sh', '-c', "ip -o -4 addr show scope global 2>/dev/null | head -1 | awk '{print $2}'"]' returned non-zero exit status 1.
QDSK_CLEANUP_FAIL node1: Command '['docker', 'exec', 'rgge6d05dd30d-node1-1', 'sh', '-c', "ip -o -4 addr show scope global 2>/dev/null | head -1 | awk '{print $2}'"]' returned non-zero exit status 1.
QDSK_CLEANUP_FAIL node2: Command '['docker', 'exec', 'rgge6d05dd30d-node2-1', 'sh', '-c', "ip -o -4 addr show scope global 2>/dev/null | head -1 | awk '{print $2}'"]' returned non-zero exit status 1.
QDSK_CLEANUP_FAIL node3: Command '['docker', 'exec', 'rgge6d05dd30d-node3-1', 'sh', '-c', "ip -o -4 addr show scope global 2>/dev/null | head -1 | awk '{print $2}'"]' returned non-zero exit status 1.
QDSK_CLEANUP_FAIL node4: Command '['docker', 'exec', 'rgge6d05dd30d-node4-1', 'sh', '-c', "ip -o -4 addr show scope global 2>/dev/null | head -1 | awk '{print $2}'"]' returned non-zero exit status 1.
QDSK_CLEANUP_FAIL node5: Command '['docker', 'exec', 'rgge6d05dd30d-node5-1', 'sh', '-c', "ip -o -4 addr show scope global 2>/dev/null | head -1 | awk '{print $2}'"]' returned non-zero exit status 1.
QDSK_CLEANUP_FAIL node6: Command '['docker', 'exec', 'rgge6d05dd30d-node6-1', 'sh', '-c', "ip -o -4 addr show scope global 2>/dev/null | head -1 | awk '{print $2}'"]' returned non-zero exit status 1.
QDSK_CLEANUP_FAIL node7: Command '['docker', 'exec', 'rgge6d05dd30d-node7-1', 'sh', '-c', "ip -o -4 addr show scope global 2>/dev/null | head -1 | awk '{print $2}'"]' returned non-zero exit status 1.
QDSK_CLEANUP_FAIL node8: Command '['docker', 'exec', 'rgge6d05dd30d-node8-1', 'sh', '-c', "ip -o -4 addr show scope global 2>/dev/null | head -1 | awk '{print $2}'"]' returned non-zero exit status 1.
QDSK_CLEANUP_FAIL node9: Command '['docker', 'exec', 'rgge6d05dd30d-node9-1', 'sh', '-c', "ip -o -4 addr show scope global 2>/dev/null | head -1 | awk '{print $2}'"]' returned non-zero exit status 1.
QDSK_CLEANUP_FAIL node10: Command '['docker', 'exec', 'rgge6d05dd30d-node10-1', 'sh', '-c', "ip -o -4 addr show scope global 2>/dev/null | head -1 | awk '{print $2}'"]' returned non-zero exit status 1.
QDSK_CLEANUP_FAIL node11: Command '['docker', 'exec', 'rgge6d05dd30d-node11-1', 'sh', '-c', "ip -o -4 addr show scope global 2>/dev/null | head -1 | awk '{print $2}'"]' returned non-zero exit status 1.
QDSK_CLEANUP_FAIL node12: Command '['docker', 'exec', 'rgge6d05dd30d-node12-1', 'sh', '-c', "ip -o -4 addr show scope global 2>/dev/null | head -1 | awk '{print $2}'"]' returned non-zero exit status 1.
QDSK_CLEANUP_FAIL node13: Command '['docker', 'exec', 'rgge6d05dd30d-node13-1', 'sh', '-c', "ip -o -4 addr show scope global 2>/dev/null | head -1 | awk '{print $2}'"]' returned non-zero exit status 1.
QDSK_CLEANUP_FAIL node14: Command '['docker', 'exec', 'rgge6d05dd30d-node14-1', 'sh', '-c', "ip -o -4 addr show scope global 2>/dev/null | head -1 | awk '{print $2}'"]' returned non-zero exit status 1.
QDSK_CLEANUP_FAIL node15: Command '['docker', 'exec', 'rgge6d05dd30d-node15-1', 'sh', '-c', "ip -o -4 addr show scope global 2>/dev/null | head -1 | awk '{print $2}'"]' returned non-zero exit status 1.
