 Network rgg912a83e75b_default Creating 
 Network rgg912a83e75b_default Created 
 Container rgg912a83e75b-collector-1 Creating 
 Container rgg912a83e75b-collector-1 Created 
 Container rgg912a83e75b-node9-1 Creating 
 Container rgg912a83e75b-node7-1 Creating 
 Container rgg912a83e75b-node0-1 Creating 
 Container rgg912a83e75b-node14-1 Creating 
 Container rgg912a83e75b-node22-1 Creating 
 Container rgg912a83e75b-node10-1 Creating 
 Container rgg912a83e75b-node23-1 Creating 
 Container rgg912a83e75b-node4-1 Creating 
 Container rgg912a83e75b-node13-1 Creating 
 Container rgg912a83e75b-node17-1 Creating 
 Container rgg912a83e75b-node18-1 Creating 
 Container rgg912a83e75b-node5-1 Creating 
 Container rgg912a83e75b-node15-1 Creating 
 Container rgg912a83e75b-node6-1 Creating 
 Container rgg912a83e75b-node11-1 Creating 
 Container rgg912a83e75b-node21-1 Creating 
 Container rgg912a83e75b-node20-1 Creating 
 Container rgg912a83e75b-node16-1 Creating 
 Container rgg912a83e75b-node19-1 Creating 
 Container rgg912a83e75b-node1-1 Creating 
 Container rgg912a83e75b-node8-1 Creating 
 Container rgg912a83e75b-node12-1 Creating 
 Container rgg912a83e75b-node3-1 Creating 
 Container rgg912a83e75b-node2-1 Creating 
 Container rgg912a83e75b-node7-1 Created 
 Container rgg912a83e75b-node10-1 Created 
 Container rgg912a83e75b-node5-1 Created 
 Container rgg912a83e75b-node17-1 Created 
 Container rgg912a83e75b-node0-1 Created 
 Container rgg912a83e75b-node15-1 Created 
 Container rgg912a83e75b-node8-1 Created 
 Container rgg912a83e75b-node4-1 Created 
 Container rgg912a83e75b-node9-1 Created 
 Container rgg912a83e75b-node14-1 Created 
 Container rgg912a83e75b-node20-1 Created 
 Container rgg912a83e75b-node13-1 Created 
 Container rgg912a83e75b-node18-1 Created 
 Container rgg912a83e75b-node11-1 Created 
 Container rgg912a83e75b-node2-1 Created 
 Container rgg912a83e75b-node21-1 Created 
 Container rgg912a83e75b-node12-1 Created 
 Container rgg912a83e75b-node23-1 Created 
 Container rgg912a83e75b-node22-1 Created 
 Container rgg912a83e75b-node1-1 Created 
 Container rgg912a83e75b-node6-1 Created 
 Container rgg912a83e75b-node3-1 Created 
 Container rgg912a83e75b-node19-1 Created 
 Container rgg912a83e75b-node16-1 Created 
 Container rgg912a83e75b-driver-1 Creating 
 Container rgg912a83e75b-driver-1 Created 
 Container rgg912a83e75b-collector-1 Starting 
 Container rgg912a83e75b-collector-1 Started 
 Container rgg912a83e75b-node22-1 Starting 
 Container rgg912a83e75b-node20-1 Starting 
 Container rgg912a83e75b-node5-1 Starting 
 Container rgg912a83e75b-node15-1 Starting 
 Container rgg912a83e75b-node12-1 Starting 
 Container rgg912a83e75b-node16-1 Starting 
 Container rgg912a83e75b-node14-1 Starting 
 Container rgg912a83e75b-node9-1 Starting 
 Container rgg912a83e75b-node21-1 Starting 
 Container rgg912a83e75b-node8-1 Starting 
 Container rgg912a83e75b-node18-1 Starting 
 Container rgg912a83e75b-node19-1 Starting 
 Container rgg912a83e75b-node6-1 Starting 
 Container rgg912a83e75b-node17-1 Starting 
 Container rgg912a83e75b-node3-1 Starting 
 Container rgg912a83e75b-node7-1 Starting 
 Container rgg912a83e75b-node10-1 Starting 
 Container rgg912a83e75b-node13-1 Starting 
 Container rgg912a83e75b-node1-1 Starting 
 Container rgg912a83e75b-node0-1 Starting 
 Container rgg912a83e75b-node11-1 Starting 
 Container rgg912a83e75b-node23-1 Starting 
 Container rgg912a83e75b-node2-1 Starting 
 Container rgg912a83e75b-node4-1 Starting 
 Container rgg912a83e75b-node5-1 Started 
 Container rgg912a83e75b-node19-1 Started 
 Container rgg912a83e75b-node13-1 Started 
 Container rgg912a83e75b-node11-1 Started 
 Container rgg912a83e75b-node15-1 Started 
 Container rgg912a83e75b-node14-1 Started 
 Container rgg912a83e75b-node3-1 Started 
 Container rgg912a83e75b-node21-1 Started 
 Container rgg912a83e75b-node10-1 Started 
 Container rgg912a83e75b-node12-1 Started 
 Container rgg912a83e75b-node22-1 Started 
 Container rgg912a83e75b-node4-1 Started 
 Container rgg912a83e75b-node16-1 Started 
 Container rgg912a83e75b-node18-1 Started 
 Container rgg912a83e75b-node17-1 Started 
 Container rgg912a83e75b-node9-1 Started 
 Container rgg912a83e75b-node8-1 Started 
 Container rgg912a83e75b-node2-1 Started 
 Container rgg912a83e75b-node20-1 Started 
 Container rgg912a83e75b-node7-1 Started 
 Container rgg912a83e75b-node1-1 Started 
 Container rgg912a83e75b-node23-1 Started 
 Container rgg912a83e75b-node0-1 Started 
 Container rgg912a83e75b-node6-1 Started 
 Container rgg912a83e75b-driver-1 Starting 
 Container rgg912a83e75b-driver-1 Started 
0
