 Network rggf4f222d630_default Creating 
 Network rggf4f222d630_default Created 
 Container rggf4f222d630-collector-1 Creating 
 Container rggf4f222d630-collector-1 Created 
 Container rggf4f222d630-node9-1 Creating 
 Container rggf4f222d630-node3-1 Creating 
 Container rggf4f222d630-node8-1 Creating 
 Container rggf4f222d630-node11-1 Creating 
 Container rggf4f222d630-node4-1 Creating 
 Container rggf4f222d630-node14-1 Creating 
 Container rggf4f222d630-node12-1 Creating 
 Container rggf4f222d630-node7-1 Creating 
 Container rggf4f222d630-node13-1 Creating 
 Container rggf4f222d630-node1-1 Creating 
 Container rggf4f222d630-node10-1 Creating 
 Container rggf4f222d630-node6-1 Creating 
 Container rggf4f222d630-node2-1 Creating 
 Container rggf4f222d630-node0-1 Creating 
 Container rggf4f222d630-node5-1 Creating 
 Container rggf4f222d630-node15-1 Creating 
 Container rggf4f222d630-node3-1 Created 
 Container rggf4f222d630-node9-1 Created 
 Container rggf4f222d630-node1-1 Created 
 Container rggf4f222d630-node10-1 Created 
 Container rggf4f222d630-node6-1 Created 
 Container rggf4f222d630-node5-1 Created 
 Container rggf4f222d630-node12-1 Created 
 Container rggf4f222d630-node15-1 Created 
 Container rggf4f222d630-node2-1 Created 
 Container rggf4f222d630-node0-1 Created 
 Container rggf4f222d630-node14-1 Created 
 Container rggf4f222d630-node8-1 Created 
 Container rggf4f222d630-node11-1 Created 
 Container rggf4f222d630-node7-1 Created 
 Container rggf4f222d630-node4-1 Created 
 Container rggf4f222d630-node13-1 Created 
 Container rggf4f222d630-driver-1 Creating 
 Container rggf4f222d630-driver-1 Created 
 Container rggf4f222d630-collector-1 Starting 
 Container rggf4f222d630-collector-1 Started 
 Container rggf4f222d630-node12-1 Starting 
 Container rggf4f222d630-node0-1 Starting 
 Container rggf4f222d630-node4-1 Starting 
 Container rggf4f222d630-node14-1 Starting 
 Container rggf4f222d630-node15-1 Starting 
 Container rggf4f222d630-node7-1 Starting 
 Container rggf4f222d630-node2-1 Starting 
 Container rggf4f222d630-node9-1 Starting 
 Container rggf4f222d630-node1-1 Starting 
 Container rggf4f222d630-node6-1 Starting 
 Container rggf4f222d630-node11-1 Starting 
 Container rggf4f222d630-node13-1 Starting 
 Container rggf4f222d630-node8-1 Starting 
 Container rggf4f222d630-node3-1 Starting 
 Container rggf4f222d630-node5-1 Starting 
 Container rggf4f222d630-node10-1 Starting 
 Container rggf4f222d630-node10-1 Started 
 Container rggf4f222d630-node5-1 Started 
 Container rggf4f222d630-node9-1 Started 
 Container rggf4f222d630-node7-1 Started 
 Container rggf4f222d630-node12-1 Started 
 Container rggf4f222d630-node4-1 Started 
 Container rggf4f222d630-node13-1 Started 
 Container rggf4f222d630-node3-1 Started 
 Container rggf4f222d630-node11-1 Started 
 Container rggf4f222d630-node0-1 Started 
 Container rggf4f222d630-node2-1 Started 
 Container rggf4f222d630-node15-1 Started 
 Container rggf4f222d630-node14-1 Started 
 Container rggf4f222d630-node1-1 Started 
 Container rggf4f222d630-node6-1 Started 
 Container rggf4f222d630-node8-1 Started 
 Container rggf4f222d630-driver-1 Starting 
 Container rggf4f222d630-driver-1 Started 
0
