 Network rggf42504c7dc_default Creating 
 Network rggf42504c7dc_default Created 
 Container rggf42504c7dc-collector-1 Creating 
 Container rggf42504c7dc-collector-1 Created 
 Container rggf42504c7dc-node11-1 Creating 
 Container rggf42504c7dc-node14-1 Creating 
 Container rggf42504c7dc-node12-1 Creating 
 Container rggf42504c7dc-node8-1 Creating 
 Container rggf42504c7dc-node7-1 Creating 
 Container rggf42504c7dc-node2-1 Creating 
 Container rggf42504c7dc-node3-1 Creating 
 Container rggf42504c7dc-node6-1 Creating 
 Container rggf42504c7dc-node10-1 Creating 
 Container rggf42504c7dc-node4-1 Creating 
 Container rggf42504c7dc-node5-1 Creating 
 Container rggf42504c7dc-node1-1 Creating 
 Container rggf42504c7dc-node9-1 Creating 
 Container rggf42504c7dc-node15-1 Creating 
 Container rggf42504c7dc-node13-1 Creating 
 Container rggf42504c7dc-node0-1 Creating 
 Container rggf42504c7dc-node5-1 Created 
 Container rggf42504c7dc-node7-1 Created 
 Container rggf42504c7dc-node11-1 Created 
 Container rggf42504c7dc-node1-1 Created 
 Container rggf42504c7dc-node15-1 Created 
 Container rggf42504c7dc-node13-1 Created 
 Container rggf42504c7dc-node10-1 Created 
 Container rggf42504c7dc-node0-1 Created 
 Container rggf42504c7dc-node9-1 Created 
 Container rggf42504c7dc-node12-1 Created 
 Container rggf42504c7dc-node4-1 Created 
 Container rggf42504c7dc-node14-1 Created 
 Container rggf42504c7dc-node6-1 Created 
 Container rggf42504c7dc-node8-1 Created 
 Container rggf42504c7dc-node2-1 Created 
 Container rggf42504c7dc-node3-1 Created 
 Container rggf42504c7dc-driver-1 Creating 
 Container rggf42504c7dc-driver-1 Created 
 Container rggf42504c7dc-collector-1 Starting 
 Container rggf42504c7dc-collector-1 Started 
 Container rggf42504c7dc-node0-1 Starting 
 Container rggf42504c7dc-node1-1 Starting 
 Container rggf42504c7dc-node6-1 Starting 
 Container rggf42504c7dc-node11-1 Starting 
 Container rggf42504c7dc-node5-1 Starting 
 Container rggf42504c7dc-node4-1 Starting 
 Container rggf42504c7dc-node7-1 Starting 
 Container rggf42504c7dc-node2-1 Starting 
 Container rggf42504c7dc-node8-1 Starting 
 Container rggf42504c7dc-node9-1 Starting 
 Container rggf42504c7dc-node3-1 Starting 
 Container rggf42504c7dc-node13-1 Starting 
 Container rggf42504c7dc-node10-1 Starting 
 Container rggf42504c7dc-node12-1 Starting 
 Container rggf42504c7dc-node14-1 Starting 
 Container rggf42504c7dc-node15-1 Starting 
 Container rggf42504c7dc-node6-1 Started 
 Container rggf42504c7dc-node5-1 Started 
 Container rggf42504c7dc-node1-1 Started 
 Container rggf42504c7dc-node15-1 Started 
 Container rggf42504c7dc-node12-1 Started 
 Container rggf42504c7dc-node3-1 Started 
 Container rggf42504c7dc-node9-1 Started 
 Container rggf42504c7dc-node2-1 Started 
 Container rggf42504c7dc-node0-1 Started 
 Container rggf42504c7dc-node11-1 Started 
 Container rggf42504c7dc-node14-1 Started 
 Container rggf42504c7dc-node8-1 Started 
 Container rggf42504c7dc-node10-1 Started 
 Container rggf42504c7dc-node4-1 Started 
 Container rggf42504c7dc-node7-1 Started 
 Container rggf42504c7dc-node13-1 Started 
 Container rggf42504c7dc-driver-1 Starting 
 Container rggf42504c7dc-driver-1 Started 
0
