Preparing 4 committee slots (excluded from metrics)
Running 16 measured workflows at concurrency 4
Progress: 1/16
Progress: 2/16
Progress: 3/16
Progress: 4/16
Progress: 5/16
Progress: 6/16
Progress: 7/16
Progress: 8/16
Progress: 9/16
Progress: 10/16
Progress: 11/16
Progress: 12/16
Progress: 13/16
Progress: 14/16
Progress: 15/16
Progress: 16/16
{
  "operation_count": 160,
  "successful_operations": 160,
  "failed_operations": 0,
  "workflow_count": 16,
  "successful_workflows": 16,
  "failed_workflows": 0,
  "workflow_success_rate": 1.0,
  "measurement_duration_ms": 59978,
  "workflow_throughput_per_s": 0.26676448030944677,
  "per_operation": {
    "fabric_post_allocation": {
      "count": 16,
      "success_count": 16,
      "failure_count": 0,
      "p50_ms": 1728,
      "p95_ms": 2888,
      "p99_ms": 2888
    },
    "fabric_post_snapshot": {
      "count": 16,
      "success_count": 16,
      "failure_count": 0,
      "p50_ms": 2262,
      "p95_ms": 2286,
      "p99_ms": 2286
    },
    "fabric_post_task": {
      "count": 16,
      "success_count": 16,
      "failure_count": 0,
      "p50_ms": 2469,
      "p95_ms": 2598,
      "p99_ms": 2598
    },
    "fabric_query_confirmation": {
      "count": 16,
      "success_count": 16,
      "failure_count": 0,
      "p50_ms": 121,
      "p95_ms": 317,
      "p99_ms": 317
    },
    "fabric_query_final": {
      "count": 16,
      "success_count": 16,
      "failure_count": 0,
      "p50_ms": 570,
      "p95_ms": 729,
      "p99_ms": 729
    },
    "fabric_settlement": {
      "count": 16,
      "success_count": 16,
      "failure_count": 0,
      "p50_ms": 2467,
      "p95_ms": 2615,
      "p99_ms": 2615
    },
    "fabric_vote_1": {
      "count": 16,
      "success_count": 16,
      "failure_count": 0,
      "p50_ms": 2454,
      "p95_ms": 2476,
      "p99_ms": 2476
    },
    "fabric_vote_2": {
      "count": 16,
      "success_count": 16,
      "failure_count": 0,
      "p50_ms": 2278,
      "p95_ms": 2298,
      "p99_ms": 2298
    },
    "ipfs_add": {
      "count": 16,
      "success_count": 16,
      "failure_count": 0,
      "p50_ms": 57,
      "p95_ms": 76,
      "p99_ms": 76
    },
    "ipfs_verify": {
      "count": 16,
      "success_count": 16,
      "failure_count": 0,
      "p50_ms": 7,
      "p95_ms": 9,
      "p99_ms": 9
    }
  },
  "evidence_record_count": 256,
  "evidence_record_throughput_per_s": 4.268231684951148
}
Results: /mnt/c/Users/guan/Desktop/zte-sci/experiments/exp-local/results/b2-ablation-formal-20260705T171313Z/b2-ablation-b16-c4-r2/fabric/b2-fabric-b16-c4-r2
