 Network rgg73ce26bc9c_default Creating 
 Network rgg73ce26bc9c_default Created 
 Container rgg73ce26bc9c-collector-1 Creating 
 Container rgg73ce26bc9c-collector-1 Created 
 Container rgg73ce26bc9c-node2-1 Creating 
 Container rgg73ce26bc9c-node15-1 Creating 
 Container rgg73ce26bc9c-node6-1 Creating 
 Container rgg73ce26bc9c-node9-1 Creating 
 Container rgg73ce26bc9c-node10-1 Creating 
 Container rgg73ce26bc9c-node7-1 Creating 
 Container rgg73ce26bc9c-node4-1 Creating 
 Container rgg73ce26bc9c-node0-1 Creating 
 Container rgg73ce26bc9c-node1-1 Creating 
 Container rgg73ce26bc9c-node12-1 Creating 
 Container rgg73ce26bc9c-node3-1 Creating 
 Container rgg73ce26bc9c-node14-1 Creating 
 Container rgg73ce26bc9c-node5-1 Creating 
 Container rgg73ce26bc9c-node11-1 Creating 
 Container rgg73ce26bc9c-node13-1 Creating 
 Container rgg73ce26bc9c-node8-1 Creating 
 Container rgg73ce26bc9c-node15-1 Created 
 Container rgg73ce26bc9c-node10-1 Created 
 Container rgg73ce26bc9c-node2-1 Created 
 Container rgg73ce26bc9c-node4-1 Created 
 Container rgg73ce26bc9c-node7-1 Created 
 Container rgg73ce26bc9c-node1-1 Created 
 Container rgg73ce26bc9c-node5-1 Created 
 Container rgg73ce26bc9c-node13-1 Created 
 Container rgg73ce26bc9c-node14-1 Created 
 Container rgg73ce26bc9c-node3-1 Created 
 Container rgg73ce26bc9c-node0-1 Created 
 Container rgg73ce26bc9c-node9-1 Created 
 Container rgg73ce26bc9c-node11-1 Created 
 Container rgg73ce26bc9c-node12-1 Created 
 Container rgg73ce26bc9c-node6-1 Created 
 Container rgg73ce26bc9c-node8-1 Created 
 Container rgg73ce26bc9c-driver-1 Creating 
 Container rgg73ce26bc9c-driver-1 Created 
 Container rgg73ce26bc9c-collector-1 Starting 
 Container rgg73ce26bc9c-collector-1 Started 
 Container rgg73ce26bc9c-node13-1 Starting 
 Container rgg73ce26bc9c-node8-1 Starting 
 Container rgg73ce26bc9c-node9-1 Starting 
 Container rgg73ce26bc9c-node3-1 Starting 
 Container rgg73ce26bc9c-node14-1 Starting 
 Container rgg73ce26bc9c-node1-1 Starting 
 Container rgg73ce26bc9c-node4-1 Starting 
 Container rgg73ce26bc9c-node11-1 Starting 
 Container rgg73ce26bc9c-node12-1 Starting 
 Container rgg73ce26bc9c-node6-1 Starting 
 Container rgg73ce26bc9c-node2-1 Starting 
 Container rgg73ce26bc9c-node10-1 Starting 
 Container rgg73ce26bc9c-node0-1 Starting 
 Container rgg73ce26bc9c-node5-1 Starting 
 Container rgg73ce26bc9c-node7-1 Starting 
 Container rgg73ce26bc9c-node15-1 Starting 
 Container rgg73ce26bc9c-node8-1 Started 
 Container rgg73ce26bc9c-node10-1 Started 
 Container rgg73ce26bc9c-node13-1 Started 
 Container rgg73ce26bc9c-node4-1 Started 
 Container rgg73ce26bc9c-node5-1 Started 
 Container rgg73ce26bc9c-node14-1 Started 
 Container rgg73ce26bc9c-node15-1 Started 
 Container rgg73ce26bc9c-node1-1 Started 
 Container rgg73ce26bc9c-node11-1 Started 
 Container rgg73ce26bc9c-node7-1 Started 
 Container rgg73ce26bc9c-node0-1 Started 
 Container rgg73ce26bc9c-node6-1 Started 
 Container rgg73ce26bc9c-node12-1 Started 
 Container rgg73ce26bc9c-node3-1 Started 
 Container rgg73ce26bc9c-node9-1 Started 
 Container rgg73ce26bc9c-node2-1 Started 
 Container rgg73ce26bc9c-driver-1 Starting 
 Container rgg73ce26bc9c-driver-1 Started 
0
