Preparing 4 committee slots (excluded from metrics)
Running 16 measured workflows at concurrency 4
Progress: 1/16
Progress: 2/16
Progress: 3/16
Progress: 4/16
Progress: 5/16
Progress: 6/16
Progress: 7/16
Progress: 8/16
Progress: 9/16
Progress: 10/16
Progress: 11/16
Progress: 12/16
Progress: 13/16
Progress: 14/16
Progress: 15/16
Progress: 16/16
{
  "operation_count": 160,
  "successful_operations": 160,
  "failed_operations": 0,
  "workflow_count": 16,
  "successful_workflows": 16,
  "failed_workflows": 0,
  "workflow_success_rate": 1.0,
  "measurement_duration_ms": 59369,
  "workflow_throughput_per_s": 0.2695009179875019,
  "per_operation": {
    "fabric_post_allocation": {
      "count": 16,
      "success_count": 16,
      "failure_count": 0,
      "p50_ms": 229,
      "p95_ms": 3368,
      "p99_ms": 3368
    },
    "fabric_post_snapshot": {
      "count": 16,
      "success_count": 16,
      "failure_count": 0,
      "p50_ms": 2469,
      "p95_ms": 2493,
      "p99_ms": 2493
    },
    "fabric_post_task": {
      "count": 16,
      "success_count": 16,
      "failure_count": 0,
      "p50_ms": 2453,
      "p95_ms": 3470,
      "p99_ms": 3470
    },
    "fabric_query_confirmation": {
      "count": 16,
      "success_count": 16,
      "failure_count": 0,
      "p50_ms": 120,
      "p95_ms": 333,
      "p99_ms": 333
    },
    "fabric_query_final": {
      "count": 16,
      "success_count": 16,
      "failure_count": 0,
      "p50_ms": 757,
      "p95_ms": 977,
      "p99_ms": 977
    },
    "fabric_settlement": {
      "count": 16,
      "success_count": 16,
      "failure_count": 0,
      "p50_ms": 2352,
      "p95_ms": 2494,
      "p99_ms": 2494
    },
    "fabric_vote_1": {
      "count": 16,
      "success_count": 16,
      "failure_count": 0,
      "p50_ms": 2269,
      "p95_ms": 2480,
      "p99_ms": 2480
    },
    "fabric_vote_2": {
      "count": 16,
      "success_count": 16,
      "failure_count": 0,
      "p50_ms": 2445,
      "p95_ms": 2545,
      "p99_ms": 2545
    },
    "ipfs_add": {
      "count": 16,
      "success_count": 16,
      "failure_count": 0,
      "p50_ms": 51,
      "p95_ms": 88,
      "p99_ms": 88
    },
    "ipfs_verify": {
      "count": 16,
      "success_count": 16,
      "failure_count": 0,
      "p50_ms": 8,
      "p95_ms": 9,
      "p99_ms": 9
    }
  },
  "evidence_record_count": 256,
  "evidence_record_throughput_per_s": 4.312014687800031
}
Results: /mnt/c/Users/guan/Desktop/zte-sci/experiments/exp-local/results/b2-ablation-formal-20260705T171313Z/b2-ablation-b16-c4-r1/fabric/b2-fabric-b16-c4-r1
