 Network rgg93194a047e_default Creating 
 Network rgg93194a047e_default Created 
 Container rgg93194a047e-collector-1 Creating 
 Container rgg93194a047e-collector-1 Created 
 Container rgg93194a047e-node4-1 Creating 
 Container rgg93194a047e-node3-1 Creating 
 Container rgg93194a047e-node2-1 Creating 
 Container rgg93194a047e-node11-1 Creating 
 Container rgg93194a047e-node8-1 Creating 
 Container rgg93194a047e-node21-1 Creating 
 Container rgg93194a047e-node18-1 Creating 
 Container rgg93194a047e-node22-1 Creating 
 Container rgg93194a047e-node19-1 Creating 
 Container rgg93194a047e-node15-1 Creating 
 Container rgg93194a047e-node7-1 Creating 
 Container rgg93194a047e-node14-1 Creating 
 Container rgg93194a047e-node23-1 Creating 
 Container rgg93194a047e-node5-1 Creating 
 Container rgg93194a047e-node0-1 Creating 
 Container rgg93194a047e-node17-1 Creating 
 Container rgg93194a047e-node6-1 Creating 
 Container rgg93194a047e-node12-1 Creating 
 Container rgg93194a047e-node9-1 Creating 
 Container rgg93194a047e-node13-1 Creating 
 Container rgg93194a047e-node16-1 Creating 
 Container rgg93194a047e-node1-1 Creating 
 Container rgg93194a047e-node10-1 Creating 
 Container rgg93194a047e-node20-1 Creating 
 Container rgg93194a047e-node3-1 Created 
 Container rgg93194a047e-node8-1 Created 
 Container rgg93194a047e-node18-1 Created 
 Container rgg93194a047e-node4-1 Created 
 Container rgg93194a047e-node23-1 Created 
 Container rgg93194a047e-node5-1 Created 
 Container rgg93194a047e-node11-1 Created 
 Container rgg93194a047e-node9-1 Created 
 Container rgg93194a047e-node19-1 Created 
 Container rgg93194a047e-node7-1 Created 
 Container rgg93194a047e-node15-1 Created 
 Container rgg93194a047e-node12-1 Created 
 Container rgg93194a047e-node22-1 Created 
 Container rgg93194a047e-node6-1 Created 
 Container rgg93194a047e-node10-1 Created 
 Container rgg93194a047e-node21-1 Created 
 Container rgg93194a047e-node14-1 Created 
 Container rgg93194a047e-node2-1 Created 
 Container rgg93194a047e-node1-1 Created 
 Container rgg93194a047e-node13-1 Created 
 Container rgg93194a047e-node20-1 Created 
 Container rgg93194a047e-node16-1 Created 
 Container rgg93194a047e-node0-1 Created 
 Container rgg93194a047e-node17-1 Created 
 Container rgg93194a047e-driver-1 Creating 
 Container rgg93194a047e-driver-1 Created 
 Container rgg93194a047e-collector-1 Starting 
 Container rgg93194a047e-collector-1 Started 
 Container rgg93194a047e-node16-1 Starting 
 Container rgg93194a047e-node6-1 Starting 
 Container rgg93194a047e-node17-1 Starting 
 Container rgg93194a047e-node0-1 Starting 
 Container rgg93194a047e-node8-1 Starting 
 Container rgg93194a047e-node11-1 Starting 
 Container rgg93194a047e-node22-1 Starting 
 Container rgg93194a047e-node23-1 Starting 
 Container rgg93194a047e-node2-1 Starting 
 Container rgg93194a047e-node7-1 Starting 
 Container rgg93194a047e-node14-1 Starting 
 Container rgg93194a047e-node10-1 Starting 
 Container rgg93194a047e-node12-1 Starting 
 Container rgg93194a047e-node18-1 Starting 
 Container rgg93194a047e-node19-1 Starting 
 Container rgg93194a047e-node5-1 Starting 
 Container rgg93194a047e-node13-1 Starting 
 Container rgg93194a047e-node20-1 Starting 
 Container rgg93194a047e-node3-1 Starting 
 Container rgg93194a047e-node4-1 Starting 
 Container rgg93194a047e-node21-1 Starting 
 Container rgg93194a047e-node1-1 Starting 
 Container rgg93194a047e-node15-1 Starting 
 Container rgg93194a047e-node9-1 Starting 
 Container rgg93194a047e-node16-1 Started 
 Container rgg93194a047e-node22-1 Started 
 Container rgg93194a047e-node20-1 Started 
 Container rgg93194a047e-node6-1 Started 
 Container rgg93194a047e-node21-1 Started 
 Container rgg93194a047e-node14-1 Started 
 Container rgg93194a047e-node12-1 Started 
 Container rgg93194a047e-node15-1 Started 
 Container rgg93194a047e-node17-1 Started 
 Container rgg93194a047e-node10-1 Started 
 Container rgg93194a047e-node19-1 Started 
 Container rgg93194a047e-node9-1 Started 
 Container rgg93194a047e-node8-1 Started 
 Container rgg93194a047e-node3-1 Started 
 Container rgg93194a047e-node0-1 Started 
 Container rgg93194a047e-node1-1 Started 
 Container rgg93194a047e-node2-1 Started 
 Container rgg93194a047e-node23-1 Started 
 Container rgg93194a047e-node13-1 Started 
 Container rgg93194a047e-node5-1 Started 
 Container rgg93194a047e-node18-1 Started 
 Container rgg93194a047e-node7-1 Started 
 Container rgg93194a047e-node11-1 Started 
 Container rgg93194a047e-node4-1 Started 
 Container rgg93194a047e-driver-1 Starting 
 Container rgg93194a047e-driver-1 Started 
0
