 Network rggcfa4cf73c5_default Creating 
 Network rggcfa4cf73c5_default Created 
 Container rggcfa4cf73c5-collector-1 Creating 
 Container rggcfa4cf73c5-collector-1 Created 
 Container rggcfa4cf73c5-node17-1 Creating 
 Container rggcfa4cf73c5-node3-1 Creating 
 Container rggcfa4cf73c5-node9-1 Creating 
 Container rggcfa4cf73c5-node10-1 Creating 
 Container rggcfa4cf73c5-node2-1 Creating 
 Container rggcfa4cf73c5-node21-1 Creating 
 Container rggcfa4cf73c5-node0-1 Creating 
 Container rggcfa4cf73c5-node5-1 Creating 
 Container rggcfa4cf73c5-node11-1 Creating 
 Container rggcfa4cf73c5-node12-1 Creating 
 Container rggcfa4cf73c5-node23-1 Creating 
 Container rggcfa4cf73c5-node15-1 Creating 
 Container rggcfa4cf73c5-node4-1 Creating 
 Container rggcfa4cf73c5-node13-1 Creating 
 Container rggcfa4cf73c5-node6-1 Creating 
 Container rggcfa4cf73c5-node1-1 Creating 
 Container rggcfa4cf73c5-node19-1 Creating 
 Container rggcfa4cf73c5-node7-1 Creating 
 Container rggcfa4cf73c5-node18-1 Creating 
 Container rggcfa4cf73c5-node8-1 Creating 
 Container rggcfa4cf73c5-node20-1 Creating 
 Container rggcfa4cf73c5-node16-1 Creating 
 Container rggcfa4cf73c5-node22-1 Creating 
 Container rggcfa4cf73c5-node14-1 Creating 
 Container rggcfa4cf73c5-node1-1 Created 
 Container rggcfa4cf73c5-node9-1 Created 
 Container rggcfa4cf73c5-node21-1 Created 
 Container rggcfa4cf73c5-node20-1 Created 
 Container rggcfa4cf73c5-node5-1 Created 
 Container rggcfa4cf73c5-node17-1 Created 
 Container rggcfa4cf73c5-node13-1 Created 
 Container rggcfa4cf73c5-node0-1 Created 
 Container rggcfa4cf73c5-node14-1 Created 
 Container rggcfa4cf73c5-node19-1 Created 
 Container rggcfa4cf73c5-node3-1 Created 
 Container rggcfa4cf73c5-node2-1 Created 
 Container rggcfa4cf73c5-node16-1 Created 
 Container rggcfa4cf73c5-node18-1 Created 
 Container rggcfa4cf73c5-node8-1 Created 
 Container rggcfa4cf73c5-node11-1 Created 
 Container rggcfa4cf73c5-node10-1 Created 
 Container rggcfa4cf73c5-node15-1 Created 
 Container rggcfa4cf73c5-node22-1 Created 
 Container rggcfa4cf73c5-node6-1 Created 
 Container rggcfa4cf73c5-node23-1 Created 
 Container rggcfa4cf73c5-node12-1 Created 
 Container rggcfa4cf73c5-node7-1 Created 
 Container rggcfa4cf73c5-node4-1 Created 
 Container rggcfa4cf73c5-collector-1 Starting 
 Container rggcfa4cf73c5-collector-1 Started 
 Container rggcfa4cf73c5-node9-1 Starting 
 Container rggcfa4cf73c5-node6-1 Starting 
 Container rggcfa4cf73c5-node7-1 Starting 
 Container rggcfa4cf73c5-node15-1 Starting 
 Container rggcfa4cf73c5-node21-1 Starting 
 Container rggcfa4cf73c5-node12-1 Starting 
 Container rggcfa4cf73c5-node11-1 Starting 
 Container rggcfa4cf73c5-node2-1 Starting 
 Container rggcfa4cf73c5-node5-1 Starting 
 Container rggcfa4cf73c5-node18-1 Starting 
 Container rggcfa4cf73c5-node10-1 Starting 
 Container rggcfa4cf73c5-node8-1 Starting 
 Container rggcfa4cf73c5-node22-1 Starting 
 Container rggcfa4cf73c5-node0-1 Starting 
 Container rggcfa4cf73c5-node4-1 Starting 
 Container rggcfa4cf73c5-node3-1 Starting 
 Container rggcfa4cf73c5-node16-1 Starting 
 Container rggcfa4cf73c5-node19-1 Starting 
 Container rggcfa4cf73c5-node17-1 Starting 
 Container rggcfa4cf73c5-node20-1 Starting 
 Container rggcfa4cf73c5-node23-1 Starting 
 Container rggcfa4cf73c5-node14-1 Starting 
 Container rggcfa4cf73c5-node1-1 Starting 
 Container rggcfa4cf73c5-node13-1 Starting 
 Container rggcfa4cf73c5-node9-1 Started 
 Container rggcfa4cf73c5-node6-1 Started 
 Container rggcfa4cf73c5-node13-1 Started 
 Container rggcfa4cf73c5-node4-1 Started 
 Container rggcfa4cf73c5-node20-1 Started 
 Container rggcfa4cf73c5-node10-1 Started 
 Container rggcfa4cf73c5-node7-1 Started 
 Container rggcfa4cf73c5-node0-1 Started 
 Container rggcfa4cf73c5-node15-1 Started 
 Container rggcfa4cf73c5-node14-1 Started 
 Container rggcfa4cf73c5-node1-1 Started 
 Container rggcfa4cf73c5-node22-1 Started 
 Container rggcfa4cf73c5-node8-1 Started 
 Container rggcfa4cf73c5-node17-1 Started 
 Container rggcfa4cf73c5-node16-1 Started 
 Container rggcfa4cf73c5-node23-1 Started 
 Container rggcfa4cf73c5-node2-1 Started 
 Container rggcfa4cf73c5-node21-1 Started 
 Container rggcfa4cf73c5-node12-1 Started 
 Container rggcfa4cf73c5-node19-1 Started 
 Container rggcfa4cf73c5-node11-1 Started 
 Container rggcfa4cf73c5-node5-1 Started 
 Container rggcfa4cf73c5-node3-1 Started 
 Container rggcfa4cf73c5-node18-1 Started 
NETEM_APPLIED node0 iface=eth0: qdisc netem 88b9: root refcnt 17 limit 1000 delay 50ms  10ms seed 16626818338988893360
NETEM_APPLIED node1 iface=eth0: qdisc netem 88ba: root refcnt 17 limit 1000 delay 50ms  10ms seed 485140376855350780
NETEM_APPLIED node2 iface=eth0: qdisc netem 88bb: root refcnt 17 limit 1000 delay 50ms  10ms seed 16134551800028610803
NETEM_APPLIED node3 iface=eth0: qdisc netem 88bc: root refcnt 17 limit 1000 delay 50ms  10ms seed 14784192140311522970
NETEM_APPLIED node4 iface=eth0: qdisc netem 88bd: root refcnt 17 limit 1000 delay 50ms  10ms seed 3793916066754044179
NETEM_APPLIED node5 iface=eth0: qdisc netem 88be: root refcnt 17 limit 1000 delay 50ms  10ms seed 9767695869782069683
NETEM_APPLIED node6 iface=eth0: qdisc netem 88bf: root refcnt 17 limit 1000 delay 50ms  10ms seed 16043714827088019388
NETEM_APPLIED node7 iface=eth0: qdisc netem 88c0: root refcnt 17 limit 1000 delay 50ms  10ms seed 10350454817182674686
NETEM_APPLIED node8 iface=eth0: qdisc netem 88c1: root refcnt 17 limit 1000 delay 50ms  10ms seed 1779960313131047679
NETEM_APPLIED node9 iface=eth0: qdisc netem 88c2: root refcnt 17 limit 1000 delay 50ms  10ms seed 6482394989526930145
NETEM_APPLIED node10 iface=eth0: qdisc netem 88c3: root refcnt 17 limit 1000 delay 50ms  10ms seed 13139506252277483409
NETEM_APPLIED node11 iface=eth0: qdisc netem 88c4: root refcnt 17 limit 1000 delay 50ms  10ms seed 16833056768845262296
NETEM_APPLIED node12 iface=eth0: qdisc netem 88c5: root refcnt 17 limit 1000 delay 50ms  10ms seed 5761666719187128846
NETEM_APPLIED node13 iface=eth0: qdisc netem 88c6: root refcnt 17 limit 1000 delay 50ms  10ms seed 11413778280575184651
NETEM_APPLIED node14 iface=eth0: qdisc netem 88c7: root refcnt 17 limit 1000 delay 50ms  10ms seed 3782810408796994681
NETEM_APPLIED node15 iface=eth0: qdisc netem 88c8: root refcnt 17 limit 1000 delay 50ms  10ms seed 31352882548730025
NETEM_APPLIED node16 iface=eth0: qdisc netem 88c9: root refcnt 17 limit 1000 delay 50ms  10ms seed 1304288218876235642
NETEM_APPLIED node17 iface=eth0: qdisc netem 88ca: root refcnt 17 limit 1000 delay 50ms  10ms seed 7101323155346751169
NETEM_APPLIED node18 iface=eth0: qdisc netem 88cb: root refcnt 17 limit 1000 delay 50ms  10ms seed 9199856066482812251
NETEM_APPLIED node19 iface=eth0: qdisc netem 88cc: root refcnt 17 limit 1000 delay 50ms  10ms seed 9765605549984324574
NETEM_APPLIED node20 iface=eth0: qdisc netem 88cd: root refcnt 17 limit 1000 delay 50ms  10ms seed 14110340954250317361
NETEM_APPLIED node21 iface=eth0: qdisc netem 88ce: root refcnt 17 limit 1000 delay 50ms  10ms seed 10916070640755546455
NETEM_APPLIED node22 iface=eth0: qdisc netem 88cf: root refcnt 17 limit 1000 delay 50ms  10ms seed 3286319945343362600
NETEM_APPLIED node23 iface=eth0: qdisc netem 88d0: root refcnt 17 limit 1000 delay 50ms  10ms seed 3482955916684539566
NETEM_RTT_GATE OK: baseline=0.1ms actual=95.1ms increase=95.0ms
DRIVER_STARTED: 2026-07-15T07:38:15Z
0
QDSK_CLEANUP_FAIL node0: Command '['docker', 'exec', 'rggcfa4cf73c5-node0-1', 'sh', '-c', "ip -o -4 addr show scope global 2>/dev/null | head -1 | awk '{print $2}'"]' returned non-zero exit status 1.
QDSK_CLEANUP_FAIL node1: Command '['docker', 'exec', 'rggcfa4cf73c5-node1-1', 'sh', '-c', "ip -o -4 addr show scope global 2>/dev/null | head -1 | awk '{print $2}'"]' returned non-zero exit status 1.
QDSK_CLEANUP_FAIL node2: Command '['docker', 'exec', 'rggcfa4cf73c5-node2-1', 'sh', '-c', "ip -o -4 addr show scope global 2>/dev/null | head -1 | awk '{print $2}'"]' returned non-zero exit status 1.
QDSK_CLEANUP_FAIL node3: Command '['docker', 'exec', 'rggcfa4cf73c5-node3-1', 'sh', '-c', "ip -o -4 addr show scope global 2>/dev/null | head -1 | awk '{print $2}'"]' returned non-zero exit status 1.
QDSK_CLEANUP_FAIL node4: Command '['docker', 'exec', 'rggcfa4cf73c5-node4-1', 'sh', '-c', "ip -o -4 addr show scope global 2>/dev/null | head -1 | awk '{print $2}'"]' returned non-zero exit status 1.
QDSK_CLEANUP_FAIL node5: Command '['docker', 'exec', 'rggcfa4cf73c5-node5-1', 'sh', '-c', "ip -o -4 addr show scope global 2>/dev/null | head -1 | awk '{print $2}'"]' returned non-zero exit status 1.
QDSK_CLEANUP_FAIL node6: Command '['docker', 'exec', 'rggcfa4cf73c5-node6-1', 'sh', '-c', "ip -o -4 addr show scope global 2>/dev/null | head -1 | awk '{print $2}'"]' returned non-zero exit status 1.
QDSK_CLEANUP_FAIL node7: Command '['docker', 'exec', 'rggcfa4cf73c5-node7-1', 'sh', '-c', "ip -o -4 addr show scope global 2>/dev/null | head -1 | awk '{print $2}'"]' returned non-zero exit status 1.
QDSK_CLEANUP_FAIL node8: Command '['docker', 'exec', 'rggcfa4cf73c5-node8-1', 'sh', '-c', "ip -o -4 addr show scope global 2>/dev/null | head -1 | awk '{print $2}'"]' returned non-zero exit status 1.
QDSK_CLEANUP_FAIL node9: Command '['docker', 'exec', 'rggcfa4cf73c5-node9-1', 'sh', '-c', "ip -o -4 addr show scope global 2>/dev/null | head -1 | awk '{print $2}'"]' returned non-zero exit status 1.
QDSK_CLEANUP_FAIL node10: Command '['docker', 'exec', 'rggcfa4cf73c5-node10-1', 'sh', '-c', "ip -o -4 addr show scope global 2>/dev/null | head -1 | awk '{print $2}'"]' returned non-zero exit status 1.
QDSK_CLEANUP_FAIL node11: Command '['docker', 'exec', 'rggcfa4cf73c5-node11-1', 'sh', '-c', "ip -o -4 addr show scope global 2>/dev/null | head -1 | awk '{print $2}'"]' returned non-zero exit status 1.
QDSK_CLEANUP_FAIL node12: Command '['docker', 'exec', 'rggcfa4cf73c5-node12-1', 'sh', '-c', "ip -o -4 addr show scope global 2>/dev/null | head -1 | awk '{print $2}'"]' returned non-zero exit status 1.
QDSK_CLEANUP_FAIL node13: Command '['docker', 'exec', 'rggcfa4cf73c5-node13-1', 'sh', '-c', "ip -o -4 addr show scope global 2>/dev/null | head -1 | awk '{print $2}'"]' returned non-zero exit status 1.
QDSK_CLEANUP_FAIL node14: Command '['docker', 'exec', 'rggcfa4cf73c5-node14-1', 'sh', '-c', "ip -o -4 addr show scope global 2>/dev/null | head -1 | awk '{print $2}'"]' returned non-zero exit status 1.
QDSK_CLEANUP_FAIL node15: Command '['docker', 'exec', 'rggcfa4cf73c5-node15-1', 'sh', '-c', "ip -o -4 addr show scope global 2>/dev/null | head -1 | awk '{print $2}'"]' returned non-zero exit status 1.
QDSK_CLEANUP_FAIL node16: Command '['docker', 'exec', 'rggcfa4cf73c5-node16-1', 'sh', '-c', "ip -o -4 addr show scope global 2>/dev/null | head -1 | awk '{print $2}'"]' returned non-zero exit status 1.
QDSK_CLEANUP_FAIL node17: Command '['docker', 'exec', 'rggcfa4cf73c5-node17-1', 'sh', '-c', "ip -o -4 addr show scope global 2>/dev/null | head -1 | awk '{print $2}'"]' returned non-zero exit status 1.
QDSK_CLEANUP_FAIL node18: Command '['docker', 'exec', 'rggcfa4cf73c5-node18-1', 'sh', '-c', "ip -o -4 addr show scope global 2>/dev/null | head -1 | awk '{print $2}'"]' returned non-zero exit status 1.
QDSK_CLEANUP_FAIL node19: Command '['docker', 'exec', 'rggcfa4cf73c5-node19-1', 'sh', '-c', "ip -o -4 addr show scope global 2>/dev/null | head -1 | awk '{print $2}'"]' returned non-zero exit status 1.
QDSK_CLEANUP_FAIL node20: Command '['docker', 'exec', 'rggcfa4cf73c5-node20-1', 'sh', '-c', "ip -o -4 addr show scope global 2>/dev/null | head -1 | awk '{print $2}'"]' returned non-zero exit status 1.
QDSK_CLEANUP_FAIL node21: Command '['docker', 'exec', 'rggcfa4cf73c5-node21-1', 'sh', '-c', "ip -o -4 addr show scope global 2>/dev/null | head -1 | awk '{print $2}'"]' returned non-zero exit status 1.
QDSK_CLEANUP_FAIL node22: Command '['docker', 'exec', 'rggcfa4cf73c5-node22-1', 'sh', '-c', "ip -o -4 addr show scope global 2>/dev/null | head -1 | awk '{print $2}'"]' returned non-zero exit status 1.
QDSK_CLEANUP_FAIL node23: Command '['docker', 'exec', 'rggcfa4cf73c5-node23-1', 'sh', '-c', "ip -o -4 addr show scope global 2>/dev/null | head -1 | awk '{print $2}'"]' returned non-zero exit status 1.
