 Network rggd8f3863f81_default Creating 
 Network rggd8f3863f81_default Created 
 Container rggd8f3863f81-collector-1 Creating 
 Container rggd8f3863f81-collector-1 Created 
 Container rggd8f3863f81-node13-1 Creating 
 Container rggd8f3863f81-node2-1 Creating 
 Container rggd8f3863f81-node11-1 Creating 
 Container rggd8f3863f81-node10-1 Creating 
 Container rggd8f3863f81-node19-1 Creating 
 Container rggd8f3863f81-node5-1 Creating 
 Container rggd8f3863f81-node21-1 Creating 
 Container rggd8f3863f81-node23-1 Creating 
 Container rggd8f3863f81-node18-1 Creating 
 Container rggd8f3863f81-node1-1 Creating 
 Container rggd8f3863f81-node0-1 Creating 
 Container rggd8f3863f81-node9-1 Creating 
 Container rggd8f3863f81-node3-1 Creating 
 Container rggd8f3863f81-node7-1 Creating 
 Container rggd8f3863f81-node4-1 Creating 
 Container rggd8f3863f81-node6-1 Creating 
 Container rggd8f3863f81-node16-1 Creating 
 Container rggd8f3863f81-node22-1 Creating 
 Container rggd8f3863f81-node8-1 Creating 
 Container rggd8f3863f81-node20-1 Creating 
 Container rggd8f3863f81-node17-1 Creating 
 Container rggd8f3863f81-node12-1 Creating 
 Container rggd8f3863f81-node15-1 Creating 
 Container rggd8f3863f81-node14-1 Creating 
 Container rggd8f3863f81-node2-1 Created 
 Container rggd8f3863f81-node10-1 Created 
 Container rggd8f3863f81-node18-1 Created 
 Container rggd8f3863f81-node3-1 Created 
 Container rggd8f3863f81-node16-1 Created 
 Container rggd8f3863f81-node11-1 Created 
 Container rggd8f3863f81-node15-1 Created 
 Container rggd8f3863f81-node12-1 Created 
 Container rggd8f3863f81-node17-1 Created 
 Container rggd8f3863f81-node19-1 Created 
 Container rggd8f3863f81-node22-1 Created 
 Container rggd8f3863f81-node8-1 Created 
 Container rggd8f3863f81-node14-1 Created 
 Container rggd8f3863f81-node13-1 Created 
 Container rggd8f3863f81-node23-1 Created 
 Container rggd8f3863f81-node20-1 Created 
 Container rggd8f3863f81-node6-1 Created 
 Container rggd8f3863f81-node21-1 Created 
 Container rggd8f3863f81-node9-1 Created 
 Container rggd8f3863f81-node4-1 Created 
 Container rggd8f3863f81-node0-1 Created 
 Container rggd8f3863f81-node1-1 Created 
 Container rggd8f3863f81-node7-1 Created 
 Container rggd8f3863f81-node5-1 Created 
 Container rggd8f3863f81-driver-1 Creating 
 Container rggd8f3863f81-driver-1 Created 
 Container rggd8f3863f81-collector-1 Starting 
 Container rggd8f3863f81-collector-1 Started 
 Container rggd8f3863f81-node22-1 Starting 
 Container rggd8f3863f81-node11-1 Starting 
 Container rggd8f3863f81-node19-1 Starting 
 Container rggd8f3863f81-node2-1 Starting 
 Container rggd8f3863f81-node12-1 Starting 
 Container rggd8f3863f81-node0-1 Starting 
 Container rggd8f3863f81-node10-1 Starting 
 Container rggd8f3863f81-node16-1 Starting 
 Container rggd8f3863f81-node4-1 Starting 
 Container rggd8f3863f81-node6-1 Starting 
 Container rggd8f3863f81-node18-1 Starting 
 Container rggd8f3863f81-node8-1 Starting 
 Container rggd8f3863f81-node20-1 Starting 
 Container rggd8f3863f81-node15-1 Starting 
 Container rggd8f3863f81-node3-1 Starting 
 Container rggd8f3863f81-node7-1 Starting 
 Container rggd8f3863f81-node17-1 Starting 
 Container rggd8f3863f81-node9-1 Starting 
 Container rggd8f3863f81-node23-1 Starting 
 Container rggd8f3863f81-node13-1 Starting 
 Container rggd8f3863f81-node14-1 Starting 
 Container rggd8f3863f81-node1-1 Starting 
 Container rggd8f3863f81-node21-1 Starting 
 Container rggd8f3863f81-node5-1 Starting 
 Container rggd8f3863f81-node7-1 Started 
 Container rggd8f3863f81-node1-1 Started 
 Container rggd8f3863f81-node11-1 Started 
 Container rggd8f3863f81-node14-1 Started 
 Container rggd8f3863f81-node2-1 Started 
 Container rggd8f3863f81-node19-1 Started 
 Container rggd8f3863f81-node20-1 Started 
 Container rggd8f3863f81-node13-1 Started 
 Container rggd8f3863f81-node16-1 Started 
 Container rggd8f3863f81-node0-1 Started 
 Container rggd8f3863f81-node21-1 Started 
 Container rggd8f3863f81-node22-1 Started 
 Container rggd8f3863f81-node5-1 Started 
 Container rggd8f3863f81-node15-1 Started 
 Container rggd8f3863f81-node6-1 Started 
 Container rggd8f3863f81-node17-1 Started 
 Container rggd8f3863f81-node23-1 Started 
 Container rggd8f3863f81-node4-1 Started 
 Container rggd8f3863f81-node3-1 Started 
 Container rggd8f3863f81-node18-1 Started 
 Container rggd8f3863f81-node12-1 Started 
 Container rggd8f3863f81-node10-1 Started 
 Container rggd8f3863f81-node8-1 Started 
 Container rggd8f3863f81-node9-1 Started 
 Container rggd8f3863f81-driver-1 Starting 
 Container rggd8f3863f81-driver-1 Started 
0
