 Network rgg617aef9452_default Creating 
 Network rgg617aef9452_default Created 
 Container rgg617aef9452-collector-1 Creating 
 Container rgg617aef9452-collector-1 Created 
 Container rgg617aef9452-node9-1 Creating 
 Container rgg617aef9452-node14-1 Creating 
 Container rgg617aef9452-node2-1 Creating 
 Container rgg617aef9452-node6-1 Creating 
 Container rgg617aef9452-node8-1 Creating 
 Container rgg617aef9452-node11-1 Creating 
 Container rgg617aef9452-node12-1 Creating 
 Container rgg617aef9452-node4-1 Creating 
 Container rgg617aef9452-node5-1 Creating 
 Container rgg617aef9452-node3-1 Creating 
 Container rgg617aef9452-node7-1 Creating 
 Container rgg617aef9452-node15-1 Creating 
 Container rgg617aef9452-node13-1 Creating 
 Container rgg617aef9452-node1-1 Creating 
 Container rgg617aef9452-node0-1 Creating 
 Container rgg617aef9452-node10-1 Creating 
 Container rgg617aef9452-node11-1 Created 
 Container rgg617aef9452-node2-1 Created 
 Container rgg617aef9452-node9-1 Created 
 Container rgg617aef9452-node13-1 Created 
 Container rgg617aef9452-node10-1 Created 
 Container rgg617aef9452-node7-1 Created 
 Container rgg617aef9452-node15-1 Created 
 Container rgg617aef9452-node14-1 Created 
 Container rgg617aef9452-node0-1 Created 
 Container rgg617aef9452-node8-1 Created 
 Container rgg617aef9452-node1-1 Created 
 Container rgg617aef9452-node3-1 Created 
 Container rgg617aef9452-node6-1 Created 
 Container rgg617aef9452-node5-1 Created 
 Container rgg617aef9452-node4-1 Created 
 Container rgg617aef9452-node12-1 Created 
 Container rgg617aef9452-driver-1 Creating 
 Container rgg617aef9452-driver-1 Created 
 Container rgg617aef9452-collector-1 Starting 
 Container rgg617aef9452-collector-1 Started 
 Container rgg617aef9452-node14-1 Starting 
 Container rgg617aef9452-node1-1 Starting 
 Container rgg617aef9452-node11-1 Starting 
 Container rgg617aef9452-node6-1 Starting 
 Container rgg617aef9452-node3-1 Starting 
 Container rgg617aef9452-node13-1 Starting 
 Container rgg617aef9452-node7-1 Starting 
 Container rgg617aef9452-node5-1 Starting 
 Container rgg617aef9452-node8-1 Starting 
 Container rgg617aef9452-node15-1 Starting 
 Container rgg617aef9452-node12-1 Starting 
 Container rgg617aef9452-node2-1 Starting 
 Container rgg617aef9452-node4-1 Starting 
 Container rgg617aef9452-node0-1 Starting 
 Container rgg617aef9452-node9-1 Starting 
 Container rgg617aef9452-node10-1 Starting 
 Container rgg617aef9452-node14-1 Started 
 Container rgg617aef9452-node11-1 Started 
 Container rgg617aef9452-node10-1 Started 
 Container rgg617aef9452-node15-1 Started 
 Container rgg617aef9452-node1-1 Started 
 Container rgg617aef9452-node12-1 Started 
 Container rgg617aef9452-node5-1 Started 
 Container rgg617aef9452-node13-1 Started 
 Container rgg617aef9452-node3-1 Started 
 Container rgg617aef9452-node0-1 Started 
 Container rgg617aef9452-node6-1 Started 
 Container rgg617aef9452-node8-1 Started 
 Container rgg617aef9452-node2-1 Started 
 Container rgg617aef9452-node7-1 Started 
 Container rgg617aef9452-node9-1 Started 
 Container rgg617aef9452-node4-1 Started 
 Container rgg617aef9452-driver-1 Starting 
 Container rgg617aef9452-driver-1 Started 
0
