 Network rggd38f506885_default Creating 
 Network rggd38f506885_default Created 
 Container rggd38f506885-collector-1 Creating 
 Container rggd38f506885-collector-1 Created 
 Container rggd38f506885-node10-1 Creating 
 Container rggd38f506885-node5-1 Creating 
 Container rggd38f506885-node23-1 Creating 
 Container rggd38f506885-node2-1 Creating 
 Container rggd38f506885-node1-1 Creating 
 Container rggd38f506885-node6-1 Creating 
 Container rggd38f506885-node3-1 Creating 
 Container rggd38f506885-node14-1 Creating 
 Container rggd38f506885-node8-1 Creating 
 Container rggd38f506885-node9-1 Creating 
 Container rggd38f506885-node17-1 Creating 
 Container rggd38f506885-node13-1 Creating 
 Container rggd38f506885-node0-1 Creating 
 Container rggd38f506885-node12-1 Creating 
 Container rggd38f506885-node7-1 Creating 
 Container rggd38f506885-node18-1 Creating 
 Container rggd38f506885-node11-1 Creating 
 Container rggd38f506885-node16-1 Creating 
 Container rggd38f506885-node15-1 Creating 
 Container rggd38f506885-node4-1 Creating 
 Container rggd38f506885-node19-1 Creating 
 Container rggd38f506885-node21-1 Creating 
 Container rggd38f506885-node22-1 Creating 
 Container rggd38f506885-node20-1 Creating 
 Container rggd38f506885-node9-1 Created 
 Container rggd38f506885-node1-1 Created 
 Container rggd38f506885-node10-1 Created 
 Container rggd38f506885-node2-1 Created 
 Container rggd38f506885-node17-1 Created 
 Container rggd38f506885-node14-1 Created 
 Container rggd38f506885-node12-1 Created 
 Container rggd38f506885-node22-1 Created 
 Container rggd38f506885-node5-1 Created 
 Container rggd38f506885-node20-1 Created 
 Container rggd38f506885-node23-1 Created 
 Container rggd38f506885-node19-1 Created 
 Container rggd38f506885-node21-1 Created 
 Container rggd38f506885-node0-1 Created 
 Container rggd38f506885-node8-1 Created 
 Container rggd38f506885-node4-1 Created 
 Container rggd38f506885-node11-1 Created 
 Container rggd38f506885-node15-1 Created 
 Container rggd38f506885-node18-1 Created 
 Container rggd38f506885-node13-1 Created 
 Container rggd38f506885-node6-1 Created 
 Container rggd38f506885-node7-1 Created 
 Container rggd38f506885-node3-1 Created 
 Container rggd38f506885-node16-1 Created 
 Container rggd38f506885-collector-1 Starting 
 Container rggd38f506885-collector-1 Started 
 Container rggd38f506885-node19-1 Starting 
 Container rggd38f506885-node23-1 Starting 
 Container rggd38f506885-node22-1 Starting 
 Container rggd38f506885-node9-1 Starting 
 Container rggd38f506885-node2-1 Starting 
 Container rggd38f506885-node18-1 Starting 
 Container rggd38f506885-node21-1 Starting 
 Container rggd38f506885-node15-1 Starting 
 Container rggd38f506885-node4-1 Starting 
 Container rggd38f506885-node17-1 Starting 
 Container rggd38f506885-node5-1 Starting 
 Container rggd38f506885-node20-1 Starting 
 Container rggd38f506885-node6-1 Starting 
 Container rggd38f506885-node13-1 Starting 
 Container rggd38f506885-node10-1 Starting 
 Container rggd38f506885-node1-1 Starting 
 Container rggd38f506885-node0-1 Starting 
 Container rggd38f506885-node7-1 Starting 
 Container rggd38f506885-node11-1 Starting 
 Container rggd38f506885-node8-1 Starting 
 Container rggd38f506885-node3-1 Starting 
 Container rggd38f506885-node14-1 Starting 
 Container rggd38f506885-node12-1 Starting 
 Container rggd38f506885-node16-1 Starting 
 Container rggd38f506885-node22-1 Started 
 Container rggd38f506885-node16-1 Started 
 Container rggd38f506885-node23-1 Started 
 Container rggd38f506885-node10-1 Started 
 Container rggd38f506885-node3-1 Started 
 Container rggd38f506885-node7-1 Started 
 Container rggd38f506885-node19-1 Started 
 Container rggd38f506885-node20-1 Started 
 Container rggd38f506885-node11-1 Started 
 Container rggd38f506885-node8-1 Started 
 Container rggd38f506885-node9-1 Started 
 Container rggd38f506885-node13-1 Started 
 Container rggd38f506885-node17-1 Started 
 Container rggd38f506885-node12-1 Started 
 Container rggd38f506885-node4-1 Started 
 Container rggd38f506885-node18-1 Started 
 Container rggd38f506885-node2-1 Started 
 Container rggd38f506885-node0-1 Started 
 Container rggd38f506885-node21-1 Started 
 Container rggd38f506885-node6-1 Started 
 Container rggd38f506885-node14-1 Started 
 Container rggd38f506885-node5-1 Started 
 Container rggd38f506885-node1-1 Started 
 Container rggd38f506885-node15-1 Started 
DRIVER_STARTED: 2026-07-15T05:07:49Z
0
