 Network rgg965782c191_default Creating 
 Network rgg965782c191_default Created 
 Container rgg965782c191-collector-1 Creating 
 Container rgg965782c191-collector-1 Created 
 Container rgg965782c191-node12-1 Creating 
 Container rgg965782c191-node22-1 Creating 
 Container rgg965782c191-node15-1 Creating 
 Container rgg965782c191-node3-1 Creating 
 Container rgg965782c191-node20-1 Creating 
 Container rgg965782c191-node4-1 Creating 
 Container rgg965782c191-node19-1 Creating 
 Container rgg965782c191-node14-1 Creating 
 Container rgg965782c191-node17-1 Creating 
 Container rgg965782c191-node23-1 Creating 
 Container rgg965782c191-node6-1 Creating 
 Container rgg965782c191-node16-1 Creating 
 Container rgg965782c191-node8-1 Creating 
 Container rgg965782c191-node11-1 Creating 
 Container rgg965782c191-node2-1 Creating 
 Container rgg965782c191-node18-1 Creating 
 Container rgg965782c191-node21-1 Creating 
 Container rgg965782c191-node7-1 Creating 
 Container rgg965782c191-node13-1 Creating 
 Container rgg965782c191-node9-1 Creating 
 Container rgg965782c191-node0-1 Creating 
 Container rgg965782c191-node5-1 Creating 
 Container rgg965782c191-node10-1 Creating 
 Container rgg965782c191-node1-1 Creating 
 Container rgg965782c191-node22-1 Created 
 Container rgg965782c191-node15-1 Created 
 Container rgg965782c191-node4-1 Created 
 Container rgg965782c191-node14-1 Created 
 Container rgg965782c191-node12-1 Created 
 Container rgg965782c191-node23-1 Created 
 Container rgg965782c191-node17-1 Created 
 Container rgg965782c191-node1-1 Created 
 Container rgg965782c191-node6-1 Created 
 Container rgg965782c191-node11-1 Created 
 Container rgg965782c191-node20-1 Created 
 Container rgg965782c191-node19-1 Created 
 Container rgg965782c191-node7-1 Created 
 Container rgg965782c191-node16-1 Created 
 Container rgg965782c191-node13-1 Created 
 Container rgg965782c191-node8-1 Created 
 Container rgg965782c191-node21-1 Created 
 Container rgg965782c191-node9-1 Created 
 Container rgg965782c191-node5-1 Created 
 Container rgg965782c191-node18-1 Created 
 Container rgg965782c191-node3-1 Created 
 Container rgg965782c191-node10-1 Created 
 Container rgg965782c191-node2-1 Created 
 Container rgg965782c191-node0-1 Created 
 Container rgg965782c191-collector-1 Starting 
 Container rgg965782c191-collector-1 Started 
 Container rgg965782c191-node7-1 Starting 
 Container rgg965782c191-node6-1 Starting 
 Container rgg965782c191-node12-1 Starting 
 Container rgg965782c191-node3-1 Starting 
 Container rgg965782c191-node4-1 Starting 
 Container rgg965782c191-node11-1 Starting 
 Container rgg965782c191-node5-1 Starting 
 Container rgg965782c191-node0-1 Starting 
 Container rgg965782c191-node16-1 Starting 
 Container rgg965782c191-node8-1 Starting 
 Container rgg965782c191-node17-1 Starting 
 Container rgg965782c191-node2-1 Starting 
 Container rgg965782c191-node1-1 Starting 
 Container rgg965782c191-node14-1 Starting 
 Container rgg965782c191-node10-1 Starting 
 Container rgg965782c191-node19-1 Starting 
 Container rgg965782c191-node15-1 Starting 
 Container rgg965782c191-node13-1 Starting 
 Container rgg965782c191-node22-1 Starting 
 Container rgg965782c191-node9-1 Starting 
 Container rgg965782c191-node21-1 Starting 
 Container rgg965782c191-node18-1 Starting 
 Container rgg965782c191-node23-1 Starting 
 Container rgg965782c191-node20-1 Starting 
 Container rgg965782c191-node12-1 Started 
 Container rgg965782c191-node7-1 Started 
 Container rgg965782c191-node9-1 Started 
 Container rgg965782c191-node6-1 Started 
 Container rgg965782c191-node20-1 Started 
 Container rgg965782c191-node19-1 Started 
 Container rgg965782c191-node22-1 Started 
 Container rgg965782c191-node3-1 Started 
 Container rgg965782c191-node1-1 Started 
 Container rgg965782c191-node11-1 Started 
 Container rgg965782c191-node8-1 Started 
 Container rgg965782c191-node17-1 Started 
 Container rgg965782c191-node14-1 Started 
 Container rgg965782c191-node21-1 Started 
 Container rgg965782c191-node18-1 Started 
 Container rgg965782c191-node10-1 Started 
 Container rgg965782c191-node5-1 Started 
 Container rgg965782c191-node23-1 Started 
 Container rgg965782c191-node13-1 Started 
 Container rgg965782c191-node16-1 Started 
 Container rgg965782c191-node0-1 Started 
 Container rgg965782c191-node15-1 Started 
 Container rgg965782c191-node2-1 Started 
 Container rgg965782c191-node4-1 Started 
NETEM_APPLIED node0 iface=eth0: qdisc netem 8219: root refcnt 17 limit 1000 delay 10ms  2ms seed 10532130959605444717
NETEM_APPLIED node1 iface=eth0: qdisc netem 821a: root refcnt 17 limit 1000 delay 10ms  2ms seed 13495489428601357762
NETEM_APPLIED node2 iface=eth0: qdisc netem 821b: root refcnt 17 limit 1000 delay 10ms  2ms seed 17199685527269141769
NETEM_APPLIED node3 iface=eth0: qdisc netem 821c: root refcnt 17 limit 1000 delay 10ms  2ms seed 8057360785379163129
NETEM_APPLIED node4 iface=eth0: qdisc netem 821d: root refcnt 17 limit 1000 delay 10ms  2ms seed 391760611542032899
NETEM_APPLIED node5 iface=eth0: qdisc netem 821e: root refcnt 17 limit 1000 delay 10ms  2ms seed 13133126221608858596
NETEM_APPLIED node6 iface=eth0: qdisc netem 821f: root refcnt 17 limit 1000 delay 10ms  2ms seed 11836370225988102837
NETEM_APPLIED node7 iface=eth0: qdisc netem 8220: root refcnt 17 limit 1000 delay 10ms  2ms seed 8399934319719288923
NETEM_APPLIED node8 iface=eth0: qdisc netem 8221: root refcnt 17 limit 1000 delay 10ms  2ms seed 12053019606623348517
NETEM_APPLIED node9 iface=eth0: qdisc netem 8222: root refcnt 17 limit 1000 delay 10ms  2ms seed 11349894690229278737
NETEM_APPLIED node10 iface=eth0: qdisc netem 8223: root refcnt 17 limit 1000 delay 10ms  2ms seed 14727413756962520190
NETEM_APPLIED node11 iface=eth0: qdisc netem 8224: root refcnt 17 limit 1000 delay 10ms  2ms seed 17929137435621095186
NETEM_APPLIED node12 iface=eth0: qdisc netem 8225: root refcnt 17 limit 1000 delay 10ms  2ms seed 115582738347838345
NETEM_APPLIED node13 iface=eth0: qdisc netem 8226: root refcnt 17 limit 1000 delay 10ms  2ms seed 15306690403779143918
NETEM_APPLIED node14 iface=eth0: qdisc netem 8227: root refcnt 17 limit 1000 delay 10ms  2ms seed 5864587540439623430
NETEM_APPLIED node15 iface=eth0: qdisc netem 8228: root refcnt 17 limit 1000 delay 10ms  2ms seed 8404075462205588447
NETEM_APPLIED node16 iface=eth0: qdisc netem 8229: root refcnt 17 limit 1000 delay 10ms  2ms seed 4292992259496225835
NETEM_APPLIED node17 iface=eth0: qdisc netem 822a: root refcnt 17 limit 1000 delay 10ms  2ms seed 5392493229053787196
NETEM_APPLIED node18 iface=eth0: qdisc netem 822b: root refcnt 17 limit 1000 delay 10ms  2ms seed 17522972874786956839
NETEM_APPLIED node19 iface=eth0: qdisc netem 822c: root refcnt 17 limit 1000 delay 10ms  2ms seed 12021965514183146796
NETEM_APPLIED node20 iface=eth0: qdisc netem 822d: root refcnt 17 limit 1000 delay 10ms  2ms seed 3311867671423292707
NETEM_APPLIED node21 iface=eth0: qdisc netem 822e: root refcnt 17 limit 1000 delay 10ms  2ms seed 2539527047473211797
NETEM_APPLIED node22 iface=eth0: qdisc netem 822f: root refcnt 17 limit 1000 delay 10ms  2ms seed 10329045423378301888
NETEM_APPLIED node23 iface=eth0: qdisc netem 8230: root refcnt 17 limit 1000 delay 10ms  2ms seed 6934145348270229894
NETEM_RTT_GATE OK: baseline=0.1ms actual=21.6ms increase=21.5ms
DRIVER_STARTED: 2026-07-15T05:35:25Z
0
QDSK_CLEANUP_FAIL node0: Command '['docker', 'exec', 'rgg965782c191-node0-1', 'sh', '-c', "ip -o -4 addr show scope global 2>/dev/null | head -1 | awk '{print $2}'"]' returned non-zero exit status 1.
QDSK_CLEANUP_FAIL node1: Command '['docker', 'exec', 'rgg965782c191-node1-1', 'sh', '-c', "ip -o -4 addr show scope global 2>/dev/null | head -1 | awk '{print $2}'"]' returned non-zero exit status 1.
QDSK_CLEANUP_FAIL node2: Command '['docker', 'exec', 'rgg965782c191-node2-1', 'sh', '-c', "ip -o -4 addr show scope global 2>/dev/null | head -1 | awk '{print $2}'"]' returned non-zero exit status 1.
QDSK_CLEANUP_FAIL node3: Command '['docker', 'exec', 'rgg965782c191-node3-1', 'sh', '-c', "ip -o -4 addr show scope global 2>/dev/null | head -1 | awk '{print $2}'"]' returned non-zero exit status 1.
QDSK_CLEANUP_FAIL node4: Command '['docker', 'exec', 'rgg965782c191-node4-1', 'sh', '-c', "ip -o -4 addr show scope global 2>/dev/null | head -1 | awk '{print $2}'"]' returned non-zero exit status 1.
QDSK_CLEANUP_FAIL node5: Command '['docker', 'exec', 'rgg965782c191-node5-1', 'sh', '-c', "ip -o -4 addr show scope global 2>/dev/null | head -1 | awk '{print $2}'"]' returned non-zero exit status 1.
QDSK_CLEANUP_FAIL node6: Command '['docker', 'exec', 'rgg965782c191-node6-1', 'sh', '-c', "ip -o -4 addr show scope global 2>/dev/null | head -1 | awk '{print $2}'"]' returned non-zero exit status 1.
QDSK_CLEANUP_FAIL node7: Command '['docker', 'exec', 'rgg965782c191-node7-1', 'sh', '-c', "ip -o -4 addr show scope global 2>/dev/null | head -1 | awk '{print $2}'"]' returned non-zero exit status 1.
QDSK_CLEANUP_FAIL node8: Command '['docker', 'exec', 'rgg965782c191-node8-1', 'sh', '-c', "ip -o -4 addr show scope global 2>/dev/null | head -1 | awk '{print $2}'"]' returned non-zero exit status 1.
QDSK_CLEANUP_FAIL node9: Command '['docker', 'exec', 'rgg965782c191-node9-1', 'sh', '-c', "ip -o -4 addr show scope global 2>/dev/null | head -1 | awk '{print $2}'"]' returned non-zero exit status 1.
QDSK_CLEANUP_FAIL node10: Command '['docker', 'exec', 'rgg965782c191-node10-1', 'sh', '-c', "ip -o -4 addr show scope global 2>/dev/null | head -1 | awk '{print $2}'"]' returned non-zero exit status 1.
QDSK_CLEANUP_FAIL node11: Command '['docker', 'exec', 'rgg965782c191-node11-1', 'sh', '-c', "ip -o -4 addr show scope global 2>/dev/null | head -1 | awk '{print $2}'"]' returned non-zero exit status 1.
QDSK_CLEANUP_FAIL node12: Command '['docker', 'exec', 'rgg965782c191-node12-1', 'sh', '-c', "ip -o -4 addr show scope global 2>/dev/null | head -1 | awk '{print $2}'"]' returned non-zero exit status 1.
QDSK_CLEANUP_FAIL node13: Command '['docker', 'exec', 'rgg965782c191-node13-1', 'sh', '-c', "ip -o -4 addr show scope global 2>/dev/null | head -1 | awk '{print $2}'"]' returned non-zero exit status 1.
QDSK_CLEANUP_FAIL node14: Command '['docker', 'exec', 'rgg965782c191-node14-1', 'sh', '-c', "ip -o -4 addr show scope global 2>/dev/null | head -1 | awk '{print $2}'"]' returned non-zero exit status 1.
QDSK_CLEANUP_FAIL node15: Command '['docker', 'exec', 'rgg965782c191-node15-1', 'sh', '-c', "ip -o -4 addr show scope global 2>/dev/null | head -1 | awk '{print $2}'"]' returned non-zero exit status 1.
QDSK_CLEANUP_FAIL node16: Command '['docker', 'exec', 'rgg965782c191-node16-1', 'sh', '-c', "ip -o -4 addr show scope global 2>/dev/null | head -1 | awk '{print $2}'"]' returned non-zero exit status 1.
QDSK_CLEANUP_FAIL node17: Command '['docker', 'exec', 'rgg965782c191-node17-1', 'sh', '-c', "ip -o -4 addr show scope global 2>/dev/null | head -1 | awk '{print $2}'"]' returned non-zero exit status 1.
QDSK_CLEANUP_FAIL node18: Command '['docker', 'exec', 'rgg965782c191-node18-1', 'sh', '-c', "ip -o -4 addr show scope global 2>/dev/null | head -1 | awk '{print $2}'"]' returned non-zero exit status 1.
QDSK_CLEANUP_FAIL node19: Command '['docker', 'exec', 'rgg965782c191-node19-1', 'sh', '-c', "ip -o -4 addr show scope global 2>/dev/null | head -1 | awk '{print $2}'"]' returned non-zero exit status 1.
QDSK_CLEANUP_FAIL node20: Command '['docker', 'exec', 'rgg965782c191-node20-1', 'sh', '-c', "ip -o -4 addr show scope global 2>/dev/null | head -1 | awk '{print $2}'"]' returned non-zero exit status 1.
QDSK_CLEANUP_FAIL node21: Command '['docker', 'exec', 'rgg965782c191-node21-1', 'sh', '-c', "ip -o -4 addr show scope global 2>/dev/null | head -1 | awk '{print $2}'"]' returned non-zero exit status 1.
QDSK_CLEANUP_FAIL node22: Command '['docker', 'exec', 'rgg965782c191-node22-1', 'sh', '-c', "ip -o -4 addr show scope global 2>/dev/null | head -1 | awk '{print $2}'"]' returned non-zero exit status 1.
QDSK_CLEANUP_FAIL node23: Command '['docker', 'exec', 'rgg965782c191-node23-1', 'sh', '-c', "ip -o -4 addr show scope global 2>/dev/null | head -1 | awk '{print $2}'"]' returned non-zero exit status 1.
