 Network rggdd42cb84e8_default Creating 
 Network rggdd42cb84e8_default Created 
 Container rggdd42cb84e8-collector-1 Creating 
 Container rggdd42cb84e8-collector-1 Created 
 Container rggdd42cb84e8-node0-1 Creating 
 Container rggdd42cb84e8-node14-1 Creating 
 Container rggdd42cb84e8-node8-1 Creating 
 Container rggdd42cb84e8-node2-1 Creating 
 Container rggdd42cb84e8-node7-1 Creating 
 Container rggdd42cb84e8-node1-1 Creating 
 Container rggdd42cb84e8-node6-1 Creating 
 Container rggdd42cb84e8-node11-1 Creating 
 Container rggdd42cb84e8-node3-1 Creating 
 Container rggdd42cb84e8-node12-1 Creating 
 Container rggdd42cb84e8-node13-1 Creating 
 Container rggdd42cb84e8-node10-1 Creating 
 Container rggdd42cb84e8-node15-1 Creating 
 Container rggdd42cb84e8-node4-1 Creating 
 Container rggdd42cb84e8-node5-1 Creating 
 Container rggdd42cb84e8-node9-1 Creating 
 Container rggdd42cb84e8-node0-1 Created 
 Container rggdd42cb84e8-node7-1 Created 
 Container rggdd42cb84e8-node3-1 Created 
 Container rggdd42cb84e8-node13-1 Created 
 Container rggdd42cb84e8-node14-1 Created 
 Container rggdd42cb84e8-node4-1 Created 
 Container rggdd42cb84e8-node5-1 Created 
 Container rggdd42cb84e8-node10-1 Created 
 Container rggdd42cb84e8-node8-1 Created 
 Container rggdd42cb84e8-node11-1 Created 
 Container rggdd42cb84e8-node9-1 Created 
 Container rggdd42cb84e8-node15-1 Created 
 Container rggdd42cb84e8-node12-1 Created 
 Container rggdd42cb84e8-node1-1 Created 
 Container rggdd42cb84e8-node6-1 Created 
 Container rggdd42cb84e8-node2-1 Created 
 Container rggdd42cb84e8-driver-1 Creating 
 Container rggdd42cb84e8-driver-1 Created 
 Container rggdd42cb84e8-collector-1 Starting 
 Container rggdd42cb84e8-collector-1 Started 
 Container rggdd42cb84e8-node3-1 Starting 
 Container rggdd42cb84e8-node5-1 Starting 
 Container rggdd42cb84e8-node10-1 Starting 
 Container rggdd42cb84e8-node11-1 Starting 
 Container rggdd42cb84e8-node9-1 Starting 
 Container rggdd42cb84e8-node12-1 Starting 
 Container rggdd42cb84e8-node1-1 Starting 
 Container rggdd42cb84e8-node13-1 Starting 
 Container rggdd42cb84e8-node7-1 Starting 
 Container rggdd42cb84e8-node8-1 Starting 
 Container rggdd42cb84e8-node15-1 Starting 
 Container rggdd42cb84e8-node2-1 Starting 
 Container rggdd42cb84e8-node4-1 Starting 
 Container rggdd42cb84e8-node14-1 Starting 
 Container rggdd42cb84e8-node6-1 Starting 
 Container rggdd42cb84e8-node0-1 Starting 
 Container rggdd42cb84e8-node11-1 Started 
 Container rggdd42cb84e8-node15-1 Started 
 Container rggdd42cb84e8-node7-1 Started 
 Container rggdd42cb84e8-node10-1 Started 
 Container rggdd42cb84e8-node9-1 Started 
 Container rggdd42cb84e8-node2-1 Started 
 Container rggdd42cb84e8-node0-1 Started 
 Container rggdd42cb84e8-node3-1 Started 
 Container rggdd42cb84e8-node13-1 Started 
 Container rggdd42cb84e8-node5-1 Started 
 Container rggdd42cb84e8-node8-1 Started 
 Container rggdd42cb84e8-node4-1 Started 
 Container rggdd42cb84e8-node6-1 Started 
 Container rggdd42cb84e8-node14-1 Started 
 Container rggdd42cb84e8-node1-1 Started 
 Container rggdd42cb84e8-node12-1 Started 
 Container rggdd42cb84e8-driver-1 Starting 
 Container rggdd42cb84e8-driver-1 Started 
0
