 Network rgg5b5c8f0a1b_default Creating 
 Network rgg5b5c8f0a1b_default Created 
 Container rgg5b5c8f0a1b-collector-1 Creating 
 Container rgg5b5c8f0a1b-collector-1 Created 
 Container rgg5b5c8f0a1b-node5-1 Creating 
 Container rgg5b5c8f0a1b-node12-1 Creating 
 Container rgg5b5c8f0a1b-node11-1 Creating 
 Container rgg5b5c8f0a1b-node8-1 Creating 
 Container rgg5b5c8f0a1b-node7-1 Creating 
 Container rgg5b5c8f0a1b-node13-1 Creating 
 Container rgg5b5c8f0a1b-node14-1 Creating 
 Container rgg5b5c8f0a1b-node3-1 Creating 
 Container rgg5b5c8f0a1b-node0-1 Creating 
 Container rgg5b5c8f0a1b-node4-1 Creating 
 Container rgg5b5c8f0a1b-node10-1 Creating 
 Container rgg5b5c8f0a1b-node15-1 Creating 
 Container rgg5b5c8f0a1b-node9-1 Creating 
 Container rgg5b5c8f0a1b-node2-1 Creating 
 Container rgg5b5c8f0a1b-node1-1 Creating 
 Container rgg5b5c8f0a1b-node6-1 Creating 
 Container rgg5b5c8f0a1b-node10-1 Created 
 Container rgg5b5c8f0a1b-node13-1 Created 
 Container rgg5b5c8f0a1b-node6-1 Created 
 Container rgg5b5c8f0a1b-node5-1 Created 
 Container rgg5b5c8f0a1b-node0-1 Created 
 Container rgg5b5c8f0a1b-node8-1 Created 
 Container rgg5b5c8f0a1b-node14-1 Created 
 Container rgg5b5c8f0a1b-node2-1 Created 
 Container rgg5b5c8f0a1b-node9-1 Created 
 Container rgg5b5c8f0a1b-node11-1 Created 
 Container rgg5b5c8f0a1b-node12-1 Created 
 Container rgg5b5c8f0a1b-node7-1 Created 
 Container rgg5b5c8f0a1b-node4-1 Created 
 Container rgg5b5c8f0a1b-node15-1 Created 
 Container rgg5b5c8f0a1b-node3-1 Created 
 Container rgg5b5c8f0a1b-node1-1 Created 
 Container rgg5b5c8f0a1b-collector-1 Starting 
 Container rgg5b5c8f0a1b-collector-1 Started 
 Container rgg5b5c8f0a1b-node0-1 Starting 
 Container rgg5b5c8f0a1b-node9-1 Starting 
 Container rgg5b5c8f0a1b-node7-1 Starting 
 Container rgg5b5c8f0a1b-node5-1 Starting 
 Container rgg5b5c8f0a1b-node1-1 Starting 
 Container rgg5b5c8f0a1b-node6-1 Starting 
 Container rgg5b5c8f0a1b-node14-1 Starting 
 Container rgg5b5c8f0a1b-node10-1 Starting 
 Container rgg5b5c8f0a1b-node8-1 Starting 
 Container rgg5b5c8f0a1b-node12-1 Starting 
 Container rgg5b5c8f0a1b-node3-1 Starting 
 Container rgg5b5c8f0a1b-node13-1 Starting 
 Container rgg5b5c8f0a1b-node4-1 Starting 
 Container rgg5b5c8f0a1b-node11-1 Starting 
 Container rgg5b5c8f0a1b-node15-1 Starting 
 Container rgg5b5c8f0a1b-node2-1 Starting 
 Container rgg5b5c8f0a1b-node7-1 Started 
 Container rgg5b5c8f0a1b-node8-1 Started 
 Container rgg5b5c8f0a1b-node3-1 Started 
 Container rgg5b5c8f0a1b-node0-1 Started 
 Container rgg5b5c8f0a1b-node9-1 Started 
 Container rgg5b5c8f0a1b-node15-1 Started 
 Container rgg5b5c8f0a1b-node2-1 Started 
 Container rgg5b5c8f0a1b-node14-1 Started 
 Container rgg5b5c8f0a1b-node5-1 Started 
 Container rgg5b5c8f0a1b-node11-1 Started 
 Container rgg5b5c8f0a1b-node4-1 Started 
 Container rgg5b5c8f0a1b-node6-1 Started 
 Container rgg5b5c8f0a1b-node10-1 Started 
 Container rgg5b5c8f0a1b-node1-1 Started 
 Container rgg5b5c8f0a1b-node12-1 Started 
 Container rgg5b5c8f0a1b-node13-1 Started 
READY_BARRIER: 14/16 node services ready
DRIVER_STARTED: 2026-07-15T13:50:22Z
0
