 Network rgg5b65ef8446_default Creating 
 Network rgg5b65ef8446_default Created 
 Container rgg5b65ef8446-collector-1 Creating 
 Container rgg5b65ef8446-collector-1 Created 
 Container rgg5b65ef8446-node21-1 Creating 
 Container rgg5b65ef8446-node20-1 Creating 
 Container rgg5b65ef8446-node19-1 Creating 
 Container rgg5b65ef8446-node15-1 Creating 
 Container rgg5b65ef8446-node7-1 Creating 
 Container rgg5b65ef8446-node18-1 Creating 
 Container rgg5b65ef8446-node11-1 Creating 
 Container rgg5b65ef8446-node10-1 Creating 
 Container rgg5b65ef8446-node22-1 Creating 
 Container rgg5b65ef8446-node16-1 Creating 
 Container rgg5b65ef8446-node12-1 Creating 
 Container rgg5b65ef8446-node9-1 Creating 
 Container rgg5b65ef8446-node23-1 Creating 
 Container rgg5b65ef8446-node8-1 Creating 
 Container rgg5b65ef8446-node2-1 Creating 
 Container rgg5b65ef8446-node5-1 Creating 
 Container rgg5b65ef8446-node4-1 Creating 
 Container rgg5b65ef8446-node3-1 Creating 
 Container rgg5b65ef8446-node14-1 Creating 
 Container rgg5b65ef8446-node6-1 Creating 
 Container rgg5b65ef8446-node1-1 Creating 
 Container rgg5b65ef8446-node17-1 Creating 
 Container rgg5b65ef8446-node13-1 Creating 
 Container rgg5b65ef8446-node0-1 Creating 
 Container rgg5b65ef8446-node21-1 Created 
 Container rgg5b65ef8446-node20-1 Created 
 Container rgg5b65ef8446-node16-1 Created 
 Container rgg5b65ef8446-node15-1 Created 
 Container rgg5b65ef8446-node4-1 Created 
 Container rgg5b65ef8446-node17-1 Created 
 Container rgg5b65ef8446-node22-1 Created 
 Container rgg5b65ef8446-node8-1 Created 
 Container rgg5b65ef8446-node0-1 Created 
 Container rgg5b65ef8446-node1-1 Created 
 Container rgg5b65ef8446-node11-1 Created 
 Container rgg5b65ef8446-node10-1 Created 
 Container rgg5b65ef8446-node2-1 Created 
 Container rgg5b65ef8446-node12-1 Created 
 Container rgg5b65ef8446-node5-1 Created 
 Container rgg5b65ef8446-node19-1 Created 
 Container rgg5b65ef8446-node13-1 Created 
 Container rgg5b65ef8446-node7-1 Created 
 Container rgg5b65ef8446-node6-1 Created 
 Container rgg5b65ef8446-node18-1 Created 
 Container rgg5b65ef8446-node9-1 Created 
 Container rgg5b65ef8446-node23-1 Created 
 Container rgg5b65ef8446-node14-1 Created 
 Container rgg5b65ef8446-node3-1 Created 
 Container rgg5b65ef8446-collector-1 Starting 
 Container rgg5b65ef8446-collector-1 Started 
 Container rgg5b65ef8446-node14-1 Starting 
 Container rgg5b65ef8446-node6-1 Starting 
 Container rgg5b65ef8446-node8-1 Starting 
 Container rgg5b65ef8446-node1-1 Starting 
 Container rgg5b65ef8446-node0-1 Starting 
 Container rgg5b65ef8446-node2-1 Starting 
 Container rgg5b65ef8446-node5-1 Starting 
 Container rgg5b65ef8446-node4-1 Starting 
 Container rgg5b65ef8446-node11-1 Starting 
 Container rgg5b65ef8446-node3-1 Starting 
 Container rgg5b65ef8446-node7-1 Starting 
 Container rgg5b65ef8446-node20-1 Starting 
 Container rgg5b65ef8446-node23-1 Starting 
 Container rgg5b65ef8446-node19-1 Starting 
 Container rgg5b65ef8446-node10-1 Starting 
 Container rgg5b65ef8446-node18-1 Starting 
 Container rgg5b65ef8446-node21-1 Starting 
 Container rgg5b65ef8446-node15-1 Starting 
 Container rgg5b65ef8446-node17-1 Starting 
 Container rgg5b65ef8446-node12-1 Starting 
 Container rgg5b65ef8446-node22-1 Starting 
 Container rgg5b65ef8446-node13-1 Starting 
 Container rgg5b65ef8446-node16-1 Starting 
 Container rgg5b65ef8446-node9-1 Starting 
 Container rgg5b65ef8446-node14-1 Started 
 Container rgg5b65ef8446-node5-1 Started 
 Container rgg5b65ef8446-node1-1 Started 
 Container rgg5b65ef8446-node4-1 Started 
 Container rgg5b65ef8446-node0-1 Started 
 Container rgg5b65ef8446-node18-1 Started 
 Container rgg5b65ef8446-node9-1 Started 
 Container rgg5b65ef8446-node11-1 Started 
 Container rgg5b65ef8446-node6-1 Started 
 Container rgg5b65ef8446-node16-1 Started 
 Container rgg5b65ef8446-node20-1 Started 
 Container rgg5b65ef8446-node3-1 Started 
 Container rgg5b65ef8446-node12-1 Started 
 Container rgg5b65ef8446-node2-1 Started 
 Container rgg5b65ef8446-node7-1 Started 
 Container rgg5b65ef8446-node19-1 Started 
 Container rgg5b65ef8446-node17-1 Started 
 Container rgg5b65ef8446-node22-1 Started 
 Container rgg5b65ef8446-node10-1 Started 
 Container rgg5b65ef8446-node21-1 Started 
 Container rgg5b65ef8446-node13-1 Started 
 Container rgg5b65ef8446-node23-1 Started 
 Container rgg5b65ef8446-node8-1 Started 
 Container rgg5b65ef8446-node15-1 Started 
NETEM_APPLIED node0 iface=eth0: qdisc netem 81e9: root refcnt 17 limit 1000 delay 10ms  2ms seed 3391012045303503226
NETEM_APPLIED node1 iface=eth0: qdisc netem 81ea: root refcnt 17 limit 1000 delay 10ms  2ms seed 1288451398556400352
NETEM_APPLIED node2 iface=eth0: qdisc netem 81eb: root refcnt 17 limit 1000 delay 10ms  2ms seed 215250341225596198
NETEM_APPLIED node3 iface=eth0: qdisc netem 81ec: root refcnt 17 limit 1000 delay 10ms  2ms seed 8647720757810910193
NETEM_APPLIED node4 iface=eth0: qdisc netem 81ed: root refcnt 17 limit 1000 delay 10ms  2ms seed 1936877244082533863
NETEM_APPLIED node5 iface=eth0: qdisc netem 81ee: root refcnt 17 limit 1000 delay 10ms  2ms seed 1403440188113800387
NETEM_APPLIED node6 iface=eth0: qdisc netem 81ef: root refcnt 17 limit 1000 delay 10ms  2ms seed 10475952299977228693
NETEM_APPLIED node7 iface=eth0: qdisc netem 81f0: root refcnt 17 limit 1000 delay 10ms  2ms seed 971762378427124387
NETEM_APPLIED node8 iface=eth0: qdisc netem 81f1: root refcnt 17 limit 1000 delay 10ms  2ms seed 11754887674257710103
NETEM_APPLIED node9 iface=eth0: qdisc netem 81f2: root refcnt 17 limit 1000 delay 10ms  2ms seed 1826567848007637913
NETEM_APPLIED node10 iface=eth0: qdisc netem 81f3: root refcnt 17 limit 1000 delay 10ms  2ms seed 13095070582518575465
NETEM_APPLIED node11 iface=eth0: qdisc netem 81f4: root refcnt 17 limit 1000 delay 10ms  2ms seed 1036172567806484911
NETEM_APPLIED node12 iface=eth0: qdisc netem 81f5: root refcnt 17 limit 1000 delay 10ms  2ms seed 688462104438922753
NETEM_APPLIED node13 iface=eth0: qdisc netem 81f6: root refcnt 17 limit 1000 delay 10ms  2ms seed 15739981843637449857
NETEM_APPLIED node14 iface=eth0: qdisc netem 81f7: root refcnt 17 limit 1000 delay 10ms  2ms seed 7846906894654158370
NETEM_APPLIED node15 iface=eth0: qdisc netem 81f8: root refcnt 17 limit 1000 delay 10ms  2ms seed 8084460642161810525
NETEM_APPLIED node16 iface=eth0: qdisc netem 81f9: root refcnt 17 limit 1000 delay 10ms  2ms seed 4336127530194799491
NETEM_APPLIED node17 iface=eth0: qdisc netem 81fa: root refcnt 17 limit 1000 delay 10ms  2ms seed 7122086510320123073
NETEM_APPLIED node18 iface=eth0: qdisc netem 81fb: root refcnt 17 limit 1000 delay 10ms  2ms seed 8613123056593030595
NETEM_APPLIED node19 iface=eth0: qdisc netem 81fc: root refcnt 17 limit 1000 delay 10ms  2ms seed 3294566557421887997
NETEM_APPLIED node20 iface=eth0: qdisc netem 81fd: root refcnt 17 limit 1000 delay 10ms  2ms seed 9894554412480206268
NETEM_APPLIED node21 iface=eth0: qdisc netem 81fe: root refcnt 17 limit 1000 delay 10ms  2ms seed 5547614932867290481
NETEM_APPLIED node22 iface=eth0: qdisc netem 81ff: root refcnt 17 limit 1000 delay 10ms  2ms seed 12776472868848813214
NETEM_APPLIED node23 iface=eth0: qdisc netem 8200: root refcnt 17 limit 1000 delay 10ms  2ms seed 3977974264756335146
NETEM_RTT_GATE OK: baseline=0.1ms actual=20.9ms increase=20.7ms
DRIVER_STARTED: 2026-07-15T05:33:14Z
0
QDSK_CLEANUP_FAIL node0: Command '['docker', 'exec', 'rgg5b65ef8446-node0-1', 'sh', '-c', "ip -o -4 addr show scope global 2>/dev/null | head -1 | awk '{print $2}'"]' returned non-zero exit status 1.
QDSK_CLEANUP_FAIL node1: Command '['docker', 'exec', 'rgg5b65ef8446-node1-1', 'sh', '-c', "ip -o -4 addr show scope global 2>/dev/null | head -1 | awk '{print $2}'"]' returned non-zero exit status 1.
QDSK_CLEANUP_FAIL node2: Command '['docker', 'exec', 'rgg5b65ef8446-node2-1', 'sh', '-c', "ip -o -4 addr show scope global 2>/dev/null | head -1 | awk '{print $2}'"]' returned non-zero exit status 1.
QDSK_CLEANUP_FAIL node3: Command '['docker', 'exec', 'rgg5b65ef8446-node3-1', 'sh', '-c', "ip -o -4 addr show scope global 2>/dev/null | head -1 | awk '{print $2}'"]' returned non-zero exit status 1.
QDSK_CLEANUP_FAIL node4: Command '['docker', 'exec', 'rgg5b65ef8446-node4-1', 'sh', '-c', "ip -o -4 addr show scope global 2>/dev/null | head -1 | awk '{print $2}'"]' returned non-zero exit status 1.
QDSK_CLEANUP_FAIL node5: Command '['docker', 'exec', 'rgg5b65ef8446-node5-1', 'sh', '-c', "ip -o -4 addr show scope global 2>/dev/null | head -1 | awk '{print $2}'"]' returned non-zero exit status 1.
QDSK_CLEANUP_FAIL node6: Command '['docker', 'exec', 'rgg5b65ef8446-node6-1', 'sh', '-c', "ip -o -4 addr show scope global 2>/dev/null | head -1 | awk '{print $2}'"]' returned non-zero exit status 1.
QDSK_CLEANUP_FAIL node7: Command '['docker', 'exec', 'rgg5b65ef8446-node7-1', 'sh', '-c', "ip -o -4 addr show scope global 2>/dev/null | head -1 | awk '{print $2}'"]' returned non-zero exit status 1.
QDSK_CLEANUP_FAIL node8: Command '['docker', 'exec', 'rgg5b65ef8446-node8-1', 'sh', '-c', "ip -o -4 addr show scope global 2>/dev/null | head -1 | awk '{print $2}'"]' returned non-zero exit status 1.
QDSK_CLEANUP_FAIL node9: Command '['docker', 'exec', 'rgg5b65ef8446-node9-1', 'sh', '-c', "ip -o -4 addr show scope global 2>/dev/null | head -1 | awk '{print $2}'"]' returned non-zero exit status 1.
QDSK_CLEANUP_FAIL node10: Command '['docker', 'exec', 'rgg5b65ef8446-node10-1', 'sh', '-c', "ip -o -4 addr show scope global 2>/dev/null | head -1 | awk '{print $2}'"]' returned non-zero exit status 1.
QDSK_CLEANUP_FAIL node11: Command '['docker', 'exec', 'rgg5b65ef8446-node11-1', 'sh', '-c', "ip -o -4 addr show scope global 2>/dev/null | head -1 | awk '{print $2}'"]' returned non-zero exit status 1.
QDSK_CLEANUP_FAIL node12: Command '['docker', 'exec', 'rgg5b65ef8446-node12-1', 'sh', '-c', "ip -o -4 addr show scope global 2>/dev/null | head -1 | awk '{print $2}'"]' returned non-zero exit status 1.
QDSK_CLEANUP_FAIL node13: Command '['docker', 'exec', 'rgg5b65ef8446-node13-1', 'sh', '-c', "ip -o -4 addr show scope global 2>/dev/null | head -1 | awk '{print $2}'"]' returned non-zero exit status 1.
QDSK_CLEANUP_FAIL node14: Command '['docker', 'exec', 'rgg5b65ef8446-node14-1', 'sh', '-c', "ip -o -4 addr show scope global 2>/dev/null | head -1 | awk '{print $2}'"]' returned non-zero exit status 1.
QDSK_CLEANUP_FAIL node15: Command '['docker', 'exec', 'rgg5b65ef8446-node15-1', 'sh', '-c', "ip -o -4 addr show scope global 2>/dev/null | head -1 | awk '{print $2}'"]' returned non-zero exit status 1.
QDSK_CLEANUP_FAIL node16: Command '['docker', 'exec', 'rgg5b65ef8446-node16-1', 'sh', '-c', "ip -o -4 addr show scope global 2>/dev/null | head -1 | awk '{print $2}'"]' returned non-zero exit status 1.
QDSK_CLEANUP_FAIL node17: Command '['docker', 'exec', 'rgg5b65ef8446-node17-1', 'sh', '-c', "ip -o -4 addr show scope global 2>/dev/null | head -1 | awk '{print $2}'"]' returned non-zero exit status 1.
QDSK_CLEANUP_FAIL node18: Command '['docker', 'exec', 'rgg5b65ef8446-node18-1', 'sh', '-c', "ip -o -4 addr show scope global 2>/dev/null | head -1 | awk '{print $2}'"]' returned non-zero exit status 1.
QDSK_CLEANUP_FAIL node19: Command '['docker', 'exec', 'rgg5b65ef8446-node19-1', 'sh', '-c', "ip -o -4 addr show scope global 2>/dev/null | head -1 | awk '{print $2}'"]' returned non-zero exit status 1.
QDSK_CLEANUP_FAIL node20: Command '['docker', 'exec', 'rgg5b65ef8446-node20-1', 'sh', '-c', "ip -o -4 addr show scope global 2>/dev/null | head -1 | awk '{print $2}'"]' returned non-zero exit status 1.
QDSK_CLEANUP_FAIL node21: Command '['docker', 'exec', 'rgg5b65ef8446-node21-1', 'sh', '-c', "ip -o -4 addr show scope global 2>/dev/null | head -1 | awk '{print $2}'"]' returned non-zero exit status 1.
QDSK_CLEANUP_FAIL node22: Command '['docker', 'exec', 'rgg5b65ef8446-node22-1', 'sh', '-c', "ip -o -4 addr show scope global 2>/dev/null | head -1 | awk '{print $2}'"]' returned non-zero exit status 1.
QDSK_CLEANUP_FAIL node23: Command '['docker', 'exec', 'rgg5b65ef8446-node23-1', 'sh', '-c', "ip -o -4 addr show scope global 2>/dev/null | head -1 | awk '{print $2}'"]' returned non-zero exit status 1.
