 Network rgg66e8648f16_default Creating 
 Network rgg66e8648f16_default Created 
 Container rgg66e8648f16-collector-1 Creating 
 Container rgg66e8648f16-collector-1 Created 
 Container rgg66e8648f16-node1-1 Creating 
 Container rgg66e8648f16-node6-1 Creating 
 Container rgg66e8648f16-node12-1 Creating 
 Container rgg66e8648f16-node9-1 Creating 
 Container rgg66e8648f16-node16-1 Creating 
 Container rgg66e8648f16-node8-1 Creating 
 Container rgg66e8648f16-node20-1 Creating 
 Container rgg66e8648f16-node10-1 Creating 
 Container rgg66e8648f16-node0-1 Creating 
 Container rgg66e8648f16-node23-1 Creating 
 Container rgg66e8648f16-node4-1 Creating 
 Container rgg66e8648f16-node5-1 Creating 
 Container rgg66e8648f16-node2-1 Creating 
 Container rgg66e8648f16-node17-1 Creating 
 Container rgg66e8648f16-node3-1 Creating 
 Container rgg66e8648f16-node18-1 Creating 
 Container rgg66e8648f16-node7-1 Creating 
 Container rgg66e8648f16-node21-1 Creating 
 Container rgg66e8648f16-node11-1 Creating 
 Container rgg66e8648f16-node19-1 Creating 
 Container rgg66e8648f16-node14-1 Creating 
 Container rgg66e8648f16-node22-1 Creating 
 Container rgg66e8648f16-node15-1 Creating 
 Container rgg66e8648f16-node13-1 Creating 
 Container rgg66e8648f16-node1-1 Created 
 Container rgg66e8648f16-node23-1 Created 
 Container rgg66e8648f16-node8-1 Created 
 Container rgg66e8648f16-node12-1 Created 
 Container rgg66e8648f16-node0-1 Created 
 Container rgg66e8648f16-node10-1 Created 
 Container rgg66e8648f16-node4-1 Created 
 Container rgg66e8648f16-node18-1 Created 
 Container rgg66e8648f16-node7-1 Created 
 Container rgg66e8648f16-node17-1 Created 
 Container rgg66e8648f16-node5-1 Created 
 Container rgg66e8648f16-node6-1 Created 
 Container rgg66e8648f16-node14-1 Created 
 Container rgg66e8648f16-node2-1 Created 
 Container rgg66e8648f16-node19-1 Created 
 Container rgg66e8648f16-node20-1 Created 
 Container rgg66e8648f16-node16-1 Created 
 Container rgg66e8648f16-node9-1 Created 
 Container rgg66e8648f16-node22-1 Created 
 Container rgg66e8648f16-node13-1 Created 
 Container rgg66e8648f16-node3-1 Created 
 Container rgg66e8648f16-node21-1 Created 
 Container rgg66e8648f16-node11-1 Created 
 Container rgg66e8648f16-node15-1 Created 
 Container rgg66e8648f16-driver-1 Creating 
 Container rgg66e8648f16-driver-1 Created 
 Container rgg66e8648f16-collector-1 Starting 
 Container rgg66e8648f16-collector-1 Started 
 Container rgg66e8648f16-node9-1 Starting 
 Container rgg66e8648f16-node18-1 Starting 
 Container rgg66e8648f16-node22-1 Starting 
 Container rgg66e8648f16-node14-1 Starting 
 Container rgg66e8648f16-node15-1 Starting 
 Container rgg66e8648f16-node23-1 Starting 
 Container rgg66e8648f16-node20-1 Starting 
 Container rgg66e8648f16-node5-1 Starting 
 Container rgg66e8648f16-node8-1 Starting 
 Container rgg66e8648f16-node17-1 Starting 
 Container rgg66e8648f16-node2-1 Starting 
 Container rgg66e8648f16-node16-1 Starting 
 Container rgg66e8648f16-node21-1 Starting 
 Container rgg66e8648f16-node1-1 Starting 
 Container rgg66e8648f16-node19-1 Starting 
 Container rgg66e8648f16-node3-1 Starting 
 Container rgg66e8648f16-node10-1 Starting 
 Container rgg66e8648f16-node13-1 Starting 
 Container rgg66e8648f16-node6-1 Starting 
 Container rgg66e8648f16-node0-1 Starting 
 Container rgg66e8648f16-node11-1 Starting 
 Container rgg66e8648f16-node12-1 Starting 
 Container rgg66e8648f16-node7-1 Starting 
 Container rgg66e8648f16-node4-1 Starting 
 Container rgg66e8648f16-node18-1 Started 
 Container rgg66e8648f16-node14-1 Started 
 Container rgg66e8648f16-node2-1 Started 
 Container rgg66e8648f16-node17-1 Started 
 Container rgg66e8648f16-node11-1 Started 
 Container rgg66e8648f16-node1-1 Started 
 Container rgg66e8648f16-node8-1 Started 
 Container rgg66e8648f16-node13-1 Started 
 Container rgg66e8648f16-node9-1 Started 
 Container rgg66e8648f16-node23-1 Started 
 Container rgg66e8648f16-node16-1 Started 
 Container rgg66e8648f16-node12-1 Started 
 Container rgg66e8648f16-node0-1 Started 
 Container rgg66e8648f16-node3-1 Started 
 Container rgg66e8648f16-node15-1 Started 
 Container rgg66e8648f16-node7-1 Started 
 Container rgg66e8648f16-node6-1 Started 
 Container rgg66e8648f16-node4-1 Started 
 Container rgg66e8648f16-node20-1 Started 
 Container rgg66e8648f16-node22-1 Started 
 Container rgg66e8648f16-node10-1 Started 
 Container rgg66e8648f16-node21-1 Started 
 Container rgg66e8648f16-node5-1 Started 
 Container rgg66e8648f16-node19-1 Started 
 Container rgg66e8648f16-driver-1 Starting 
 Container rgg66e8648f16-driver-1 Started 
0
