 Network rggcc5bd9c94a_default Creating 
 Network rggcc5bd9c94a_default Created 
 Container rggcc5bd9c94a-collector-1 Creating 
 Container rggcc5bd9c94a-collector-1 Created 
 Container rggcc5bd9c94a-node20-1 Creating 
 Container rggcc5bd9c94a-node23-1 Creating 
 Container rggcc5bd9c94a-node12-1 Creating 
 Container rggcc5bd9c94a-node3-1 Creating 
 Container rggcc5bd9c94a-node7-1 Creating 
 Container rggcc5bd9c94a-node22-1 Creating 
 Container rggcc5bd9c94a-node13-1 Creating 
 Container rggcc5bd9c94a-node1-1 Creating 
 Container rggcc5bd9c94a-node17-1 Creating 
 Container rggcc5bd9c94a-node14-1 Creating 
 Container rggcc5bd9c94a-node21-1 Creating 
 Container rggcc5bd9c94a-node2-1 Creating 
 Container rggcc5bd9c94a-node9-1 Creating 
 Container rggcc5bd9c94a-node11-1 Creating 
 Container rggcc5bd9c94a-node19-1 Creating 
 Container rggcc5bd9c94a-node8-1 Creating 
 Container rggcc5bd9c94a-node4-1 Creating 
 Container rggcc5bd9c94a-node10-1 Creating 
 Container rggcc5bd9c94a-node15-1 Creating 
 Container rggcc5bd9c94a-node0-1 Creating 
 Container rggcc5bd9c94a-node18-1 Creating 
 Container rggcc5bd9c94a-node5-1 Creating 
 Container rggcc5bd9c94a-node16-1 Creating 
 Container rggcc5bd9c94a-node6-1 Creating 
 Container rggcc5bd9c94a-node21-1 Created 
 Container rggcc5bd9c94a-node9-1 Created 
 Container rggcc5bd9c94a-node3-1 Created 
 Container rggcc5bd9c94a-node8-1 Created 
 Container rggcc5bd9c94a-node4-1 Created 
 Container rggcc5bd9c94a-node23-1 Created 
 Container rggcc5bd9c94a-node13-1 Created 
 Container rggcc5bd9c94a-node20-1 Created 
 Container rggcc5bd9c94a-node11-1 Created 
 Container rggcc5bd9c94a-node6-1 Created 
 Container rggcc5bd9c94a-node16-1 Created 
 Container rggcc5bd9c94a-node5-1 Created 
 Container rggcc5bd9c94a-node1-1 Created 
 Container rggcc5bd9c94a-node17-1 Created 
 Container rggcc5bd9c94a-node0-1 Created 
 Container rggcc5bd9c94a-node18-1 Created 
 Container rggcc5bd9c94a-node2-1 Created 
 Container rggcc5bd9c94a-node14-1 Created 
 Container rggcc5bd9c94a-node15-1 Created 
 Container rggcc5bd9c94a-node19-1 Created 
 Container rggcc5bd9c94a-node10-1 Created 
 Container rggcc5bd9c94a-node7-1 Created 
 Container rggcc5bd9c94a-node22-1 Created 
 Container rggcc5bd9c94a-node12-1 Created 
 Container rggcc5bd9c94a-collector-1 Starting 
 Container rggcc5bd9c94a-collector-1 Started 
 Container rggcc5bd9c94a-node23-1 Starting 
 Container rggcc5bd9c94a-node19-1 Starting 
 Container rggcc5bd9c94a-node0-1 Starting 
 Container rggcc5bd9c94a-node15-1 Starting 
 Container rggcc5bd9c94a-node10-1 Starting 
 Container rggcc5bd9c94a-node14-1 Starting 
 Container rggcc5bd9c94a-node3-1 Starting 
 Container rggcc5bd9c94a-node22-1 Starting 
 Container rggcc5bd9c94a-node17-1 Starting 
 Container rggcc5bd9c94a-node11-1 Starting 
 Container rggcc5bd9c94a-node7-1 Starting 
 Container rggcc5bd9c94a-node12-1 Starting 
 Container rggcc5bd9c94a-node18-1 Starting 
 Container rggcc5bd9c94a-node1-1 Starting 
 Container rggcc5bd9c94a-node21-1 Starting 
 Container rggcc5bd9c94a-node13-1 Starting 
 Container rggcc5bd9c94a-node6-1 Starting 
 Container rggcc5bd9c94a-node16-1 Starting 
 Container rggcc5bd9c94a-node20-1 Starting 
 Container rggcc5bd9c94a-node5-1 Starting 
 Container rggcc5bd9c94a-node4-1 Starting 
 Container rggcc5bd9c94a-node2-1 Starting 
 Container rggcc5bd9c94a-node9-1 Starting 
 Container rggcc5bd9c94a-node8-1 Starting 
 Container rggcc5bd9c94a-node15-1 Started 
 Container rggcc5bd9c94a-node23-1 Started 
 Container rggcc5bd9c94a-node3-1 Started 
 Container rggcc5bd9c94a-node16-1 Started 
 Container rggcc5bd9c94a-node0-1 Started 
 Container rggcc5bd9c94a-node22-1 Started 
 Container rggcc5bd9c94a-node7-1 Started 
 Container rggcc5bd9c94a-node14-1 Started 
 Container rggcc5bd9c94a-node10-1 Started 
 Container rggcc5bd9c94a-node6-1 Started 
 Container rggcc5bd9c94a-node13-1 Started 
 Container rggcc5bd9c94a-node21-1 Started 
 Container rggcc5bd9c94a-node12-1 Started 
 Container rggcc5bd9c94a-node8-1 Started 
 Container rggcc5bd9c94a-node1-1 Started 
 Container rggcc5bd9c94a-node5-1 Started 
 Container rggcc5bd9c94a-node11-1 Started 
 Container rggcc5bd9c94a-node9-1 Started 
 Container rggcc5bd9c94a-node20-1 Started 
 Container rggcc5bd9c94a-node19-1 Started 
 Container rggcc5bd9c94a-node18-1 Started 
 Container rggcc5bd9c94a-node2-1 Started 
 Container rggcc5bd9c94a-node4-1 Started 
 Container rggcc5bd9c94a-node17-1 Started 
NETEM_APPLIED node0 iface=eth0: qdisc netem 8291: root refcnt 17 limit 1000 delay 10ms  2ms seed 9895534335164016393
NETEM_APPLIED node1 iface=eth0: qdisc netem 8292: root refcnt 17 limit 1000 delay 10ms  2ms seed 6685409179506328376
NETEM_APPLIED node2 iface=eth0: qdisc netem 8293: root refcnt 17 limit 1000 delay 10ms  2ms seed 9703692251935488315
NETEM_APPLIED node3 iface=eth0: qdisc netem 8294: root refcnt 17 limit 1000 delay 10ms  2ms seed 10863526060109011033
NETEM_APPLIED node4 iface=eth0: qdisc netem 8295: root refcnt 17 limit 1000 delay 10ms  2ms seed 16662993425242502775
NETEM_APPLIED node5 iface=eth0: qdisc netem 8296: root refcnt 17 limit 1000 delay 10ms  2ms seed 5265993195644859442
NETEM_APPLIED node6 iface=eth0: qdisc netem 8297: root refcnt 17 limit 1000 delay 10ms  2ms seed 3503137131630826114
NETEM_APPLIED node7 iface=eth0: qdisc netem 8298: root refcnt 17 limit 1000 delay 10ms  2ms seed 14485174278893216501
NETEM_APPLIED node8 iface=eth0: qdisc netem 8299: root refcnt 17 limit 1000 delay 10ms  2ms seed 8294889524910178412
NETEM_APPLIED node9 iface=eth0: qdisc netem 829a: root refcnt 17 limit 1000 delay 10ms  2ms seed 16943133465970987769
NETEM_APPLIED node10 iface=eth0: qdisc netem 829b: root refcnt 17 limit 1000 delay 10ms  2ms seed 7709831060119868064
NETEM_APPLIED node11 iface=eth0: qdisc netem 829c: root refcnt 17 limit 1000 delay 10ms  2ms seed 15069486459231150918
NETEM_APPLIED node12 iface=eth0: qdisc netem 829d: root refcnt 17 limit 1000 delay 10ms  2ms seed 16370848649093815492
NETEM_APPLIED node13 iface=eth0: qdisc netem 829e: root refcnt 17 limit 1000 delay 10ms  2ms seed 3888839981021251169
NETEM_APPLIED node14 iface=eth0: qdisc netem 829f: root refcnt 17 limit 1000 delay 10ms  2ms seed 12594118268756208088
NETEM_APPLIED node15 iface=eth0: qdisc netem 82a0: root refcnt 17 limit 1000 delay 10ms  2ms seed 2133514050093379637
NETEM_APPLIED node16 iface=eth0: qdisc netem 82a1: root refcnt 17 limit 1000 delay 10ms  2ms seed 13287547742998539433
NETEM_APPLIED node17 iface=eth0: qdisc netem 82a2: root refcnt 17 limit 1000 delay 10ms  2ms seed 6802001391905655528
NETEM_APPLIED node18 iface=eth0: qdisc netem 82a3: root refcnt 17 limit 1000 delay 10ms  2ms seed 10871374986421992331
NETEM_APPLIED node19 iface=eth0: qdisc netem 82a4: root refcnt 17 limit 1000 delay 10ms  2ms seed 12624654878911345587
NETEM_APPLIED node20 iface=eth0: qdisc netem 82a5: root refcnt 17 limit 1000 delay 10ms  2ms seed 13043549183613396130
NETEM_APPLIED node21 iface=eth0: qdisc netem 82a6: root refcnt 17 limit 1000 delay 10ms  2ms seed 15470886593200416600
NETEM_APPLIED node22 iface=eth0: qdisc netem 82a7: root refcnt 17 limit 1000 delay 10ms  2ms seed 7096657487661925563
NETEM_APPLIED node23 iface=eth0: qdisc netem 82a8: root refcnt 17 limit 1000 delay 10ms  2ms seed 4677393404555997487
NETEM_RTT_GATE OK: baseline=0.1ms actual=20.2ms increase=20.1ms
DRIVER_STARTED: 2026-07-15T05:41:11Z
0
QDSK_CLEANUP_FAIL node0: Command '['docker', 'exec', 'rggcc5bd9c94a-node0-1', 'sh', '-c', "ip -o -4 addr show scope global 2>/dev/null | head -1 | awk '{print $2}'"]' returned non-zero exit status 1.
QDSK_CLEANUP_FAIL node1: Command '['docker', 'exec', 'rggcc5bd9c94a-node1-1', 'sh', '-c', "ip -o -4 addr show scope global 2>/dev/null | head -1 | awk '{print $2}'"]' returned non-zero exit status 1.
QDSK_CLEANUP_FAIL node2: Command '['docker', 'exec', 'rggcc5bd9c94a-node2-1', 'sh', '-c', "ip -o -4 addr show scope global 2>/dev/null | head -1 | awk '{print $2}'"]' returned non-zero exit status 1.
QDSK_CLEANUP_FAIL node3: Command '['docker', 'exec', 'rggcc5bd9c94a-node3-1', 'sh', '-c', "ip -o -4 addr show scope global 2>/dev/null | head -1 | awk '{print $2}'"]' returned non-zero exit status 1.
QDSK_CLEANUP_FAIL node4: Command '['docker', 'exec', 'rggcc5bd9c94a-node4-1', 'sh', '-c', "ip -o -4 addr show scope global 2>/dev/null | head -1 | awk '{print $2}'"]' returned non-zero exit status 1.
QDSK_CLEANUP_FAIL node5: Command '['docker', 'exec', 'rggcc5bd9c94a-node5-1', 'sh', '-c', "ip -o -4 addr show scope global 2>/dev/null | head -1 | awk '{print $2}'"]' returned non-zero exit status 1.
QDSK_CLEANUP_FAIL node6: Command '['docker', 'exec', 'rggcc5bd9c94a-node6-1', 'sh', '-c', "ip -o -4 addr show scope global 2>/dev/null | head -1 | awk '{print $2}'"]' returned non-zero exit status 1.
QDSK_CLEANUP_FAIL node7: Command '['docker', 'exec', 'rggcc5bd9c94a-node7-1', 'sh', '-c', "ip -o -4 addr show scope global 2>/dev/null | head -1 | awk '{print $2}'"]' returned non-zero exit status 1.
QDSK_CLEANUP_FAIL node8: Command '['docker', 'exec', 'rggcc5bd9c94a-node8-1', 'sh', '-c', "ip -o -4 addr show scope global 2>/dev/null | head -1 | awk '{print $2}'"]' returned non-zero exit status 1.
QDSK_CLEANUP_FAIL node9: Command '['docker', 'exec', 'rggcc5bd9c94a-node9-1', 'sh', '-c', "ip -o -4 addr show scope global 2>/dev/null | head -1 | awk '{print $2}'"]' returned non-zero exit status 1.
QDSK_CLEANUP_FAIL node10: Command '['docker', 'exec', 'rggcc5bd9c94a-node10-1', 'sh', '-c', "ip -o -4 addr show scope global 2>/dev/null | head -1 | awk '{print $2}'"]' returned non-zero exit status 1.
QDSK_CLEANUP_FAIL node11: Command '['docker', 'exec', 'rggcc5bd9c94a-node11-1', 'sh', '-c', "ip -o -4 addr show scope global 2>/dev/null | head -1 | awk '{print $2}'"]' returned non-zero exit status 1.
QDSK_CLEANUP_FAIL node12: Command '['docker', 'exec', 'rggcc5bd9c94a-node12-1', 'sh', '-c', "ip -o -4 addr show scope global 2>/dev/null | head -1 | awk '{print $2}'"]' returned non-zero exit status 1.
QDSK_CLEANUP_FAIL node13: Command '['docker', 'exec', 'rggcc5bd9c94a-node13-1', 'sh', '-c', "ip -o -4 addr show scope global 2>/dev/null | head -1 | awk '{print $2}'"]' returned non-zero exit status 1.
QDSK_CLEANUP_FAIL node14: Command '['docker', 'exec', 'rggcc5bd9c94a-node14-1', 'sh', '-c', "ip -o -4 addr show scope global 2>/dev/null | head -1 | awk '{print $2}'"]' returned non-zero exit status 1.
QDSK_CLEANUP_FAIL node15: Command '['docker', 'exec', 'rggcc5bd9c94a-node15-1', 'sh', '-c', "ip -o -4 addr show scope global 2>/dev/null | head -1 | awk '{print $2}'"]' returned non-zero exit status 1.
QDSK_CLEANUP_FAIL node16: Command '['docker', 'exec', 'rggcc5bd9c94a-node16-1', 'sh', '-c', "ip -o -4 addr show scope global 2>/dev/null | head -1 | awk '{print $2}'"]' returned non-zero exit status 1.
QDSK_CLEANUP_FAIL node17: Command '['docker', 'exec', 'rggcc5bd9c94a-node17-1', 'sh', '-c', "ip -o -4 addr show scope global 2>/dev/null | head -1 | awk '{print $2}'"]' returned non-zero exit status 1.
QDSK_CLEANUP_FAIL node18: Command '['docker', 'exec', 'rggcc5bd9c94a-node18-1', 'sh', '-c', "ip -o -4 addr show scope global 2>/dev/null | head -1 | awk '{print $2}'"]' returned non-zero exit status 1.
QDSK_CLEANUP_FAIL node19: Command '['docker', 'exec', 'rggcc5bd9c94a-node19-1', 'sh', '-c', "ip -o -4 addr show scope global 2>/dev/null | head -1 | awk '{print $2}'"]' returned non-zero exit status 1.
QDSK_CLEANUP_FAIL node20: Command '['docker', 'exec', 'rggcc5bd9c94a-node20-1', 'sh', '-c', "ip -o -4 addr show scope global 2>/dev/null | head -1 | awk '{print $2}'"]' returned non-zero exit status 1.
QDSK_CLEANUP_FAIL node21: Command '['docker', 'exec', 'rggcc5bd9c94a-node21-1', 'sh', '-c', "ip -o -4 addr show scope global 2>/dev/null | head -1 | awk '{print $2}'"]' returned non-zero exit status 1.
QDSK_CLEANUP_FAIL node22: Command '['docker', 'exec', 'rggcc5bd9c94a-node22-1', 'sh', '-c', "ip -o -4 addr show scope global 2>/dev/null | head -1 | awk '{print $2}'"]' returned non-zero exit status 1.
QDSK_CLEANUP_FAIL node23: Command '['docker', 'exec', 'rggcc5bd9c94a-node23-1', 'sh', '-c', "ip -o -4 addr show scope global 2>/dev/null | head -1 | awk '{print $2}'"]' returned non-zero exit status 1.
