 Network rgge9e24ea0d5_default Creating 
 Network rgge9e24ea0d5_default Created 
 Container rgge9e24ea0d5-collector-1 Creating 
 Container rgge9e24ea0d5-collector-1 Created 
 Container rgge9e24ea0d5-node2-1 Creating 
 Container rgge9e24ea0d5-node4-1 Creating 
 Container rgge9e24ea0d5-node8-1 Creating 
 Container rgge9e24ea0d5-node3-1 Creating 
 Container rgge9e24ea0d5-node15-1 Creating 
 Container rgge9e24ea0d5-node13-1 Creating 
 Container rgge9e24ea0d5-node11-1 Creating 
 Container rgge9e24ea0d5-node6-1 Creating 
 Container rgge9e24ea0d5-node14-1 Creating 
 Container rgge9e24ea0d5-node0-1 Creating 
 Container rgge9e24ea0d5-node9-1 Creating 
 Container rgge9e24ea0d5-node10-1 Creating 
 Container rgge9e24ea0d5-node5-1 Creating 
 Container rgge9e24ea0d5-node1-1 Creating 
 Container rgge9e24ea0d5-node12-1 Creating 
 Container rgge9e24ea0d5-node7-1 Creating 
 Container rgge9e24ea0d5-node13-1 Created 
 Container rgge9e24ea0d5-node2-1 Created 
 Container rgge9e24ea0d5-node10-1 Created 
 Container rgge9e24ea0d5-node4-1 Created 
 Container rgge9e24ea0d5-node5-1 Created 
 Container rgge9e24ea0d5-node3-1 Created 
 Container rgge9e24ea0d5-node8-1 Created 
 Container rgge9e24ea0d5-node6-1 Created 
 Container rgge9e24ea0d5-node7-1 Created 
 Container rgge9e24ea0d5-node11-1 Created 
 Container rgge9e24ea0d5-node1-1 Created 
 Container rgge9e24ea0d5-node0-1 Created 
 Container rgge9e24ea0d5-node15-1 Created 
 Container rgge9e24ea0d5-node14-1 Created 
 Container rgge9e24ea0d5-node9-1 Created 
 Container rgge9e24ea0d5-node12-1 Created 
 Container rgge9e24ea0d5-collector-1 Starting 
 Container rgge9e24ea0d5-collector-1 Started 
 Container rgge9e24ea0d5-node15-1 Starting 
 Container rgge9e24ea0d5-node1-1 Starting 
 Container rgge9e24ea0d5-node0-1 Starting 
 Container rgge9e24ea0d5-node6-1 Starting 
 Container rgge9e24ea0d5-node10-1 Starting 
 Container rgge9e24ea0d5-node5-1 Starting 
 Container rgge9e24ea0d5-node8-1 Starting 
 Container rgge9e24ea0d5-node2-1 Starting 
 Container rgge9e24ea0d5-node12-1 Starting 
 Container rgge9e24ea0d5-node9-1 Starting 
 Container rgge9e24ea0d5-node13-1 Starting 
 Container rgge9e24ea0d5-node14-1 Starting 
 Container rgge9e24ea0d5-node7-1 Starting 
 Container rgge9e24ea0d5-node3-1 Starting 
 Container rgge9e24ea0d5-node11-1 Starting 
 Container rgge9e24ea0d5-node4-1 Starting 
 Container rgge9e24ea0d5-node0-1 Started 
 Container rgge9e24ea0d5-node1-1 Started 
 Container rgge9e24ea0d5-node13-1 Started 
 Container rgge9e24ea0d5-node12-1 Started 
 Container rgge9e24ea0d5-node10-1 Started 
 Container rgge9e24ea0d5-node8-1 Started 
 Container rgge9e24ea0d5-node4-1 Started 
 Container rgge9e24ea0d5-node6-1 Started 
 Container rgge9e24ea0d5-node11-1 Started 
 Container rgge9e24ea0d5-node15-1 Started 
 Container rgge9e24ea0d5-node14-1 Started 
 Container rgge9e24ea0d5-node5-1 Started 
 Container rgge9e24ea0d5-node2-1 Started 
 Container rgge9e24ea0d5-node7-1 Started 
 Container rgge9e24ea0d5-node9-1 Started 
 Container rgge9e24ea0d5-node3-1 Started 
NETEM_APPLIED node0 iface=eth0: qdisc netem 8731: root refcnt 17 limit 1000 delay 50ms  10ms seed 13664217821377820212
NETEM_APPLIED node1 iface=eth0: qdisc netem 8732: root refcnt 17 limit 1000 delay 50ms  10ms seed 8421311153978096192
NETEM_APPLIED node2 iface=eth0: qdisc netem 8733: root refcnt 17 limit 1000 delay 50ms  10ms seed 12490829178668115156
NETEM_APPLIED node3 iface=eth0: qdisc netem 8734: root refcnt 17 limit 1000 delay 50ms  10ms seed 13550434334186706112
NETEM_APPLIED node4 iface=eth0: qdisc netem 8735: root refcnt 17 limit 1000 delay 50ms  10ms seed 3549280354367568566
NETEM_APPLIED node5 iface=eth0: qdisc netem 8736: root refcnt 17 limit 1000 delay 50ms  10ms seed 15146821696582066711
NETEM_APPLIED node6 iface=eth0: qdisc netem 8737: root refcnt 17 limit 1000 delay 50ms  10ms seed 13276520862384740879
NETEM_APPLIED node7 iface=eth0: qdisc netem 8738: root refcnt 17 limit 1000 delay 50ms  10ms seed 2137466884911630280
NETEM_APPLIED node8 iface=eth0: qdisc netem 8739: root refcnt 17 limit 1000 delay 50ms  10ms seed 10000914520910474324
NETEM_APPLIED node9 iface=eth0: qdisc netem 873a: root refcnt 17 limit 1000 delay 50ms  10ms seed 11371053638771311988
NETEM_APPLIED node10 iface=eth0: qdisc netem 873b: root refcnt 17 limit 1000 delay 50ms  10ms seed 8291957125486787885
NETEM_APPLIED node11 iface=eth0: qdisc netem 873c: root refcnt 17 limit 1000 delay 50ms  10ms seed 7300092444087440176
NETEM_APPLIED node12 iface=eth0: qdisc netem 873d: root refcnt 17 limit 1000 delay 50ms  10ms seed 12521235648247741024
NETEM_APPLIED node13 iface=eth0: qdisc netem 873e: root refcnt 17 limit 1000 delay 50ms  10ms seed 6720210900059569113
NETEM_APPLIED node14 iface=eth0: qdisc netem 873f: root refcnt 17 limit 1000 delay 50ms  10ms seed 9983421554977109162
NETEM_APPLIED node15 iface=eth0: qdisc netem 8740: root refcnt 17 limit 1000 delay 50ms  10ms seed 9247299588778156744
NETEM_RTT_GATE OK: baseline=0.1ms actual=102.1ms increase=102.0ms
DRIVER_STARTED: 2026-07-15T07:01:15Z
0
QDSK_CLEANUP_FAIL node0: Command '['docker', 'exec', 'rgge9e24ea0d5-node0-1', 'sh', '-c', "ip -o -4 addr show scope global 2>/dev/null | head -1 | awk '{print $2}'"]' returned non-zero exit status 1.
QDSK_CLEANUP_FAIL node1: Command '['docker', 'exec', 'rgge9e24ea0d5-node1-1', 'sh', '-c', "ip -o -4 addr show scope global 2>/dev/null | head -1 | awk '{print $2}'"]' returned non-zero exit status 1.
QDSK_CLEANUP_FAIL node2: Command '['docker', 'exec', 'rgge9e24ea0d5-node2-1', 'sh', '-c', "ip -o -4 addr show scope global 2>/dev/null | head -1 | awk '{print $2}'"]' returned non-zero exit status 1.
QDSK_CLEANUP_FAIL node3: Command '['docker', 'exec', 'rgge9e24ea0d5-node3-1', 'sh', '-c', "ip -o -4 addr show scope global 2>/dev/null | head -1 | awk '{print $2}'"]' returned non-zero exit status 1.
QDSK_CLEANUP_FAIL node4: Command '['docker', 'exec', 'rgge9e24ea0d5-node4-1', 'sh', '-c', "ip -o -4 addr show scope global 2>/dev/null | head -1 | awk '{print $2}'"]' returned non-zero exit status 1.
QDSK_CLEANUP_FAIL node5: Command '['docker', 'exec', 'rgge9e24ea0d5-node5-1', 'sh', '-c', "ip -o -4 addr show scope global 2>/dev/null | head -1 | awk '{print $2}'"]' returned non-zero exit status 1.
QDSK_CLEANUP_FAIL node6: Command '['docker', 'exec', 'rgge9e24ea0d5-node6-1', 'sh', '-c', "ip -o -4 addr show scope global 2>/dev/null | head -1 | awk '{print $2}'"]' returned non-zero exit status 1.
QDSK_CLEANUP_FAIL node7: Command '['docker', 'exec', 'rgge9e24ea0d5-node7-1', 'sh', '-c', "ip -o -4 addr show scope global 2>/dev/null | head -1 | awk '{print $2}'"]' returned non-zero exit status 1.
QDSK_CLEANUP_FAIL node8: Command '['docker', 'exec', 'rgge9e24ea0d5-node8-1', 'sh', '-c', "ip -o -4 addr show scope global 2>/dev/null | head -1 | awk '{print $2}'"]' returned non-zero exit status 1.
QDSK_CLEANUP_FAIL node9: Command '['docker', 'exec', 'rgge9e24ea0d5-node9-1', 'sh', '-c', "ip -o -4 addr show scope global 2>/dev/null | head -1 | awk '{print $2}'"]' returned non-zero exit status 1.
QDSK_CLEANUP_FAIL node10: Command '['docker', 'exec', 'rgge9e24ea0d5-node10-1', 'sh', '-c', "ip -o -4 addr show scope global 2>/dev/null | head -1 | awk '{print $2}'"]' returned non-zero exit status 1.
QDSK_CLEANUP_FAIL node11: Command '['docker', 'exec', 'rgge9e24ea0d5-node11-1', 'sh', '-c', "ip -o -4 addr show scope global 2>/dev/null | head -1 | awk '{print $2}'"]' returned non-zero exit status 1.
QDSK_CLEANUP_FAIL node12: Command '['docker', 'exec', 'rgge9e24ea0d5-node12-1', 'sh', '-c', "ip -o -4 addr show scope global 2>/dev/null | head -1 | awk '{print $2}'"]' returned non-zero exit status 1.
QDSK_CLEANUP_FAIL node13: Command '['docker', 'exec', 'rgge9e24ea0d5-node13-1', 'sh', '-c', "ip -o -4 addr show scope global 2>/dev/null | head -1 | awk '{print $2}'"]' returned non-zero exit status 1.
QDSK_CLEANUP_FAIL node14: Command '['docker', 'exec', 'rgge9e24ea0d5-node14-1', 'sh', '-c', "ip -o -4 addr show scope global 2>/dev/null | head -1 | awk '{print $2}'"]' returned non-zero exit status 1.
QDSK_CLEANUP_FAIL node15: Command '['docker', 'exec', 'rgge9e24ea0d5-node15-1', 'sh', '-c', "ip -o -4 addr show scope global 2>/dev/null | head -1 | awk '{print $2}'"]' returned non-zero exit status 1.
