 Network rgg53aaade8ec_default Creating 
 Network rgg53aaade8ec_default Created 
 Container rgg53aaade8ec-collector-1 Creating 
 Container rgg53aaade8ec-collector-1 Created 
 Container rgg53aaade8ec-node10-1 Creating 
 Container rgg53aaade8ec-node2-1 Creating 
 Container rgg53aaade8ec-node8-1 Creating 
 Container rgg53aaade8ec-node14-1 Creating 
 Container rgg53aaade8ec-node15-1 Creating 
 Container rgg53aaade8ec-node4-1 Creating 
 Container rgg53aaade8ec-node9-1 Creating 
 Container rgg53aaade8ec-node1-1 Creating 
 Container rgg53aaade8ec-node7-1 Creating 
 Container rgg53aaade8ec-node0-1 Creating 
 Container rgg53aaade8ec-node13-1 Creating 
 Container rgg53aaade8ec-node11-1 Creating 
 Container rgg53aaade8ec-node12-1 Creating 
 Container rgg53aaade8ec-node3-1 Creating 
 Container rgg53aaade8ec-node6-1 Creating 
 Container rgg53aaade8ec-node5-1 Creating 
 Container rgg53aaade8ec-node1-1 Created 
 Container rgg53aaade8ec-node2-1 Created 
 Container rgg53aaade8ec-node10-1 Created 
 Container rgg53aaade8ec-node4-1 Created 
 Container rgg53aaade8ec-node12-1 Created 
 Container rgg53aaade8ec-node9-1 Created 
 Container rgg53aaade8ec-node15-1 Created 
 Container rgg53aaade8ec-node13-1 Created 
 Container rgg53aaade8ec-node6-1 Created 
 Container rgg53aaade8ec-node8-1 Created 
 Container rgg53aaade8ec-node11-1 Created 
 Container rgg53aaade8ec-node7-1 Created 
 Container rgg53aaade8ec-node3-1 Created 
 Container rgg53aaade8ec-node0-1 Created 
 Container rgg53aaade8ec-node14-1 Created 
 Container rgg53aaade8ec-node5-1 Created 
 Container rgg53aaade8ec-driver-1 Creating 
 Container rgg53aaade8ec-driver-1 Created 
 Container rgg53aaade8ec-collector-1 Starting 
 Container rgg53aaade8ec-collector-1 Started 
 Container rgg53aaade8ec-node12-1 Starting 
 Container rgg53aaade8ec-node1-1 Starting 
 Container rgg53aaade8ec-node9-1 Starting 
 Container rgg53aaade8ec-node14-1 Starting 
 Container rgg53aaade8ec-node5-1 Starting 
 Container rgg53aaade8ec-node3-1 Starting 
 Container rgg53aaade8ec-node6-1 Starting 
 Container rgg53aaade8ec-node0-1 Starting 
 Container rgg53aaade8ec-node15-1 Starting 
 Container rgg53aaade8ec-node13-1 Starting 
 Container rgg53aaade8ec-node4-1 Starting 
 Container rgg53aaade8ec-node2-1 Starting 
 Container rgg53aaade8ec-node10-1 Starting 
 Container rgg53aaade8ec-node8-1 Starting 
 Container rgg53aaade8ec-node7-1 Starting 
 Container rgg53aaade8ec-node11-1 Starting 
 Container rgg53aaade8ec-node14-1 Started 
 Container rgg53aaade8ec-node12-1 Started 
 Container rgg53aaade8ec-node2-1 Started 
 Container rgg53aaade8ec-node7-1 Started 
 Container rgg53aaade8ec-node11-1 Started 
 Container rgg53aaade8ec-node9-1 Started 
 Container rgg53aaade8ec-node10-1 Started 
 Container rgg53aaade8ec-node15-1 Started 
 Container rgg53aaade8ec-node6-1 Started 
 Container rgg53aaade8ec-node5-1 Started 
 Container rgg53aaade8ec-node0-1 Started 
 Container rgg53aaade8ec-node1-1 Started 
 Container rgg53aaade8ec-node3-1 Started 
 Container rgg53aaade8ec-node13-1 Started 
 Container rgg53aaade8ec-node8-1 Started 
 Container rgg53aaade8ec-node4-1 Started 
 Container rgg53aaade8ec-driver-1 Starting 
 Container rgg53aaade8ec-driver-1 Started 
0
