 Network rgga53beb4b29_default Creating 
 Network rgga53beb4b29_default Created 
 Container rgga53beb4b29-collector-1 Creating 
 Container rgga53beb4b29-collector-1 Created 
 Container rgga53beb4b29-node3-1 Creating 
 Container rgga53beb4b29-node10-1 Creating 
 Container rgga53beb4b29-node15-1 Creating 
 Container rgga53beb4b29-node2-1 Creating 
 Container rgga53beb4b29-node1-1 Creating 
 Container rgga53beb4b29-node11-1 Creating 
 Container rgga53beb4b29-node6-1 Creating 
 Container rgga53beb4b29-node14-1 Creating 
 Container rgga53beb4b29-node12-1 Creating 
 Container rgga53beb4b29-node9-1 Creating 
 Container rgga53beb4b29-node4-1 Creating 
 Container rgga53beb4b29-node8-1 Creating 
 Container rgga53beb4b29-node7-1 Creating 
 Container rgga53beb4b29-node0-1 Creating 
 Container rgga53beb4b29-node13-1 Creating 
 Container rgga53beb4b29-node5-1 Creating 
 Container rgga53beb4b29-node15-1 Created 
 Container rgga53beb4b29-node3-1 Created 
 Container rgga53beb4b29-node4-1 Created 
 Container rgga53beb4b29-node7-1 Created 
 Container rgga53beb4b29-node11-1 Created 
 Container rgga53beb4b29-node12-1 Created 
 Container rgga53beb4b29-node0-1 Created 
 Container rgga53beb4b29-node9-1 Created 
 Container rgga53beb4b29-node8-1 Created 
 Container rgga53beb4b29-node10-1 Created 
 Container rgga53beb4b29-node2-1 Created 
 Container rgga53beb4b29-node14-1 Created 
 Container rgga53beb4b29-node5-1 Created 
 Container rgga53beb4b29-node6-1 Created 
 Container rgga53beb4b29-node13-1 Created 
 Container rgga53beb4b29-node1-1 Created 
 Container rgga53beb4b29-collector-1 Starting 
 Container rgga53beb4b29-collector-1 Started 
 Container rgga53beb4b29-node3-1 Starting 
 Container rgga53beb4b29-node2-1 Starting 
 Container rgga53beb4b29-node9-1 Starting 
 Container rgga53beb4b29-node12-1 Starting 
 Container rgga53beb4b29-node15-1 Starting 
 Container rgga53beb4b29-node13-1 Starting 
 Container rgga53beb4b29-node10-1 Starting 
 Container rgga53beb4b29-node14-1 Starting 
 Container rgga53beb4b29-node5-1 Starting 
 Container rgga53beb4b29-node7-1 Starting 
 Container rgga53beb4b29-node4-1 Starting 
 Container rgga53beb4b29-node6-1 Starting 
 Container rgga53beb4b29-node0-1 Starting 
 Container rgga53beb4b29-node1-1 Starting 
 Container rgga53beb4b29-node11-1 Starting 
 Container rgga53beb4b29-node8-1 Starting 
 Container rgga53beb4b29-node10-1 Started 
 Container rgga53beb4b29-node3-1 Started 
 Container rgga53beb4b29-node9-1 Started 
 Container rgga53beb4b29-node0-1 Started 
 Container rgga53beb4b29-node11-1 Started 
 Container rgga53beb4b29-node6-1 Started 
 Container rgga53beb4b29-node8-1 Started 
 Container rgga53beb4b29-node15-1 Started 
 Container rgga53beb4b29-node2-1 Started 
 Container rgga53beb4b29-node13-1 Started 
 Container rgga53beb4b29-node1-1 Started 
 Container rgga53beb4b29-node5-1 Started 
 Container rgga53beb4b29-node12-1 Started 
 Container rgga53beb4b29-node14-1 Started 
 Container rgga53beb4b29-node7-1 Started 
 Container rgga53beb4b29-node4-1 Started 
DRIVER_STARTED: 2026-07-15T04:56:49Z
0
