 Network rgg6965b19092_default Creating 
 Network rgg6965b19092_default Created 
 Container rgg6965b19092-collector-1 Creating 
 Container rgg6965b19092-collector-1 Created 
 Container rgg6965b19092-node17-1 Creating 
 Container rgg6965b19092-node6-1 Creating 
 Container rgg6965b19092-node11-1 Creating 
 Container rgg6965b19092-node4-1 Creating 
 Container rgg6965b19092-node1-1 Creating 
 Container rgg6965b19092-node19-1 Creating 
 Container rgg6965b19092-node8-1 Creating 
 Container rgg6965b19092-node23-1 Creating 
 Container rgg6965b19092-node7-1 Creating 
 Container rgg6965b19092-node0-1 Creating 
 Container rgg6965b19092-node21-1 Creating 
 Container rgg6965b19092-node12-1 Creating 
 Container rgg6965b19092-node10-1 Creating 
 Container rgg6965b19092-node5-1 Creating 
 Container rgg6965b19092-node9-1 Creating 
 Container rgg6965b19092-node2-1 Creating 
 Container rgg6965b19092-node22-1 Creating 
 Container rgg6965b19092-node3-1 Creating 
 Container rgg6965b19092-node20-1 Creating 
 Container rgg6965b19092-node15-1 Creating 
 Container rgg6965b19092-node16-1 Creating 
 Container rgg6965b19092-node18-1 Creating 
 Container rgg6965b19092-node13-1 Creating 
 Container rgg6965b19092-node14-1 Creating 
 Container rgg6965b19092-node1-1 Created 
 Container rgg6965b19092-node17-1 Created 
 Container rgg6965b19092-node8-1 Created 
 Container rgg6965b19092-node9-1 Created 
 Container rgg6965b19092-node21-1 Created 
 Container rgg6965b19092-node22-1 Created 
 Container rgg6965b19092-node15-1 Created 
 Container rgg6965b19092-node14-1 Created 
 Container rgg6965b19092-node6-1 Created 
 Container rgg6965b19092-node12-1 Created 
 Container rgg6965b19092-node2-1 Created 
 Container rgg6965b19092-node23-1 Created 
 Container rgg6965b19092-node4-1 Created 
 Container rgg6965b19092-node10-1 Created 
 Container rgg6965b19092-node7-1 Created 
 Container rgg6965b19092-node16-1 Created 
 Container rgg6965b19092-node19-1 Created 
 Container rgg6965b19092-node13-1 Created 
 Container rgg6965b19092-node11-1 Created 
 Container rgg6965b19092-node18-1 Created 
 Container rgg6965b19092-node0-1 Created 
 Container rgg6965b19092-node20-1 Created 
 Container rgg6965b19092-node3-1 Created 
 Container rgg6965b19092-node5-1 Created 
 Container rgg6965b19092-driver-1 Creating 
 Container rgg6965b19092-driver-1 Created 
 Container rgg6965b19092-collector-1 Starting 
 Container rgg6965b19092-collector-1 Started 
 Container rgg6965b19092-node21-1 Starting 
 Container rgg6965b19092-node8-1 Starting 
 Container rgg6965b19092-node15-1 Starting 
 Container rgg6965b19092-node6-1 Starting 
 Container rgg6965b19092-node10-1 Starting 
 Container rgg6965b19092-node1-1 Starting 
 Container rgg6965b19092-node4-1 Starting 
 Container rgg6965b19092-node19-1 Starting 
 Container rgg6965b19092-node16-1 Starting 
 Container rgg6965b19092-node0-1 Starting 
 Container rgg6965b19092-node5-1 Starting 
 Container rgg6965b19092-node2-1 Starting 
 Container rgg6965b19092-node18-1 Starting 
 Container rgg6965b19092-node17-1 Starting 
 Container rgg6965b19092-node13-1 Starting 
 Container rgg6965b19092-node12-1 Starting 
 Container rgg6965b19092-node20-1 Starting 
 Container rgg6965b19092-node22-1 Starting 
 Container rgg6965b19092-node7-1 Starting 
 Container rgg6965b19092-node3-1 Starting 
 Container rgg6965b19092-node14-1 Starting 
 Container rgg6965b19092-node11-1 Starting 
 Container rgg6965b19092-node9-1 Starting 
 Container rgg6965b19092-node23-1 Starting 
 Container rgg6965b19092-node15-1 Started 
 Container rgg6965b19092-node21-1 Started 
 Container rgg6965b19092-node18-1 Started 
 Container rgg6965b19092-node20-1 Started 
 Container rgg6965b19092-node17-1 Started 
 Container rgg6965b19092-node3-1 Started 
 Container rgg6965b19092-node19-1 Started 
 Container rgg6965b19092-node9-1 Started 
 Container rgg6965b19092-node6-1 Started 
 Container rgg6965b19092-node2-1 Started 
 Container rgg6965b19092-node23-1 Started 
 Container rgg6965b19092-node5-1 Started 
 Container rgg6965b19092-node0-1 Started 
 Container rgg6965b19092-node8-1 Started 
 Container rgg6965b19092-node10-1 Started 
 Container rgg6965b19092-node12-1 Started 
 Container rgg6965b19092-node16-1 Started 
 Container rgg6965b19092-node1-1 Started 
 Container rgg6965b19092-node22-1 Started 
 Container rgg6965b19092-node13-1 Started 
 Container rgg6965b19092-node4-1 Started 
 Container rgg6965b19092-node7-1 Started 
 Container rgg6965b19092-node14-1 Started 
 Container rgg6965b19092-node11-1 Started 
 Container rgg6965b19092-driver-1 Starting 
 Container rgg6965b19092-driver-1 Started 
0
