 Network rgg057dd25459_default Creating 
 Network rgg057dd25459_default Created 
 Container rgg057dd25459-collector-1 Creating 
 Container rgg057dd25459-collector-1 Created 
 Container rgg057dd25459-node9-1 Creating 
 Container rgg057dd25459-node14-1 Creating 
 Container rgg057dd25459-node2-1 Creating 
 Container rgg057dd25459-node5-1 Creating 
 Container rgg057dd25459-node0-1 Creating 
 Container rgg057dd25459-node10-1 Creating 
 Container rgg057dd25459-node4-1 Creating 
 Container rgg057dd25459-node1-1 Creating 
 Container rgg057dd25459-node12-1 Creating 
 Container rgg057dd25459-node6-1 Creating 
 Container rgg057dd25459-node15-1 Creating 
 Container rgg057dd25459-node8-1 Creating 
 Container rgg057dd25459-node11-1 Creating 
 Container rgg057dd25459-node3-1 Creating 
 Container rgg057dd25459-node13-1 Creating 
 Container rgg057dd25459-node7-1 Creating 
 Container rgg057dd25459-node12-1 Created 
 Container rgg057dd25459-node11-1 Created 
 Container rgg057dd25459-node9-1 Created 
 Container rgg057dd25459-node14-1 Created 
 Container rgg057dd25459-node8-1 Created 
 Container rgg057dd25459-node7-1 Created 
 Container rgg057dd25459-node6-1 Created 
 Container rgg057dd25459-node1-1 Created 
 Container rgg057dd25459-node13-1 Created 
 Container rgg057dd25459-node2-1 Created 
 Container rgg057dd25459-node0-1 Created 
 Container rgg057dd25459-node3-1 Created 
 Container rgg057dd25459-node5-1 Created 
 Container rgg057dd25459-node10-1 Created 
 Container rgg057dd25459-node15-1 Created 
 Container rgg057dd25459-node4-1 Created 
 Container rgg057dd25459-collector-1 Starting 
 Container rgg057dd25459-collector-1 Started 
 Container rgg057dd25459-node5-1 Starting 
 Container rgg057dd25459-node4-1 Starting 
 Container rgg057dd25459-node8-1 Starting 
 Container rgg057dd25459-node12-1 Starting 
 Container rgg057dd25459-node14-1 Starting 
 Container rgg057dd25459-node6-1 Starting 
 Container rgg057dd25459-node13-1 Starting 
 Container rgg057dd25459-node1-1 Starting 
 Container rgg057dd25459-node3-1 Starting 
 Container rgg057dd25459-node9-1 Starting 
 Container rgg057dd25459-node7-1 Starting 
 Container rgg057dd25459-node11-1 Starting 
 Container rgg057dd25459-node15-1 Starting 
 Container rgg057dd25459-node2-1 Starting 
 Container rgg057dd25459-node0-1 Starting 
 Container rgg057dd25459-node10-1 Starting 
 Container rgg057dd25459-node8-1 Started 
 Container rgg057dd25459-node4-1 Started 
 Container rgg057dd25459-node10-1 Started 
 Container rgg057dd25459-node2-1 Started 
 Container rgg057dd25459-node5-1 Started 
 Container rgg057dd25459-node14-1 Started 
 Container rgg057dd25459-node1-1 Started 
 Container rgg057dd25459-node12-1 Started 
 Container rgg057dd25459-node13-1 Started 
 Container rgg057dd25459-node0-1 Started 
 Container rgg057dd25459-node6-1 Started 
 Container rgg057dd25459-node15-1 Started 
 Container rgg057dd25459-node7-1 Started 
 Container rgg057dd25459-node3-1 Started 
 Container rgg057dd25459-node9-1 Started 
 Container rgg057dd25459-node11-1 Started 
NETEM_APPLIED node0 iface=eth0: qdisc netem 8711: root refcnt 17 limit 1000 delay 50ms  10ms seed 3810124557955605123
NETEM_APPLIED node1 iface=eth0: qdisc netem 8712: root refcnt 17 limit 1000 delay 50ms  10ms seed 17871642942693054033
NETEM_APPLIED node2 iface=eth0: qdisc netem 8713: root refcnt 17 limit 1000 delay 50ms  10ms seed 13188286148262722008
NETEM_APPLIED node3 iface=eth0: qdisc netem 8714: root refcnt 17 limit 1000 delay 50ms  10ms seed 17186213538562002240
NETEM_APPLIED node4 iface=eth0: qdisc netem 8715: root refcnt 17 limit 1000 delay 50ms  10ms seed 4160804022176256184
NETEM_APPLIED node5 iface=eth0: qdisc netem 8716: root refcnt 17 limit 1000 delay 50ms  10ms seed 11128668729810698129
NETEM_APPLIED node6 iface=eth0: qdisc netem 8717: root refcnt 17 limit 1000 delay 50ms  10ms seed 9100638067505985084
NETEM_APPLIED node7 iface=eth0: qdisc netem 8718: root refcnt 17 limit 1000 delay 50ms  10ms seed 1996976390297770972
NETEM_APPLIED node8 iface=eth0: qdisc netem 8719: root refcnt 17 limit 1000 delay 50ms  10ms seed 15156995262157721114
NETEM_APPLIED node9 iface=eth0: qdisc netem 871a: root refcnt 17 limit 1000 delay 50ms  10ms seed 8915786213353418472
NETEM_APPLIED node10 iface=eth0: qdisc netem 871b: root refcnt 17 limit 1000 delay 50ms  10ms seed 13456031227386012442
NETEM_APPLIED node11 iface=eth0: qdisc netem 871c: root refcnt 17 limit 1000 delay 50ms  10ms seed 6026857869237716187
NETEM_APPLIED node12 iface=eth0: qdisc netem 871d: root refcnt 17 limit 1000 delay 50ms  10ms seed 9369603692917851095
NETEM_APPLIED node13 iface=eth0: qdisc netem 871e: root refcnt 17 limit 1000 delay 50ms  10ms seed 13733159781782977793
NETEM_APPLIED node14 iface=eth0: qdisc netem 871f: root refcnt 17 limit 1000 delay 50ms  10ms seed 9067205434505461668
NETEM_APPLIED node15 iface=eth0: qdisc netem 8720: root refcnt 17 limit 1000 delay 50ms  10ms seed 11157996855353043170
NETEM_RTT_GATE OK: baseline=0.1ms actual=104.5ms increase=104.4ms
DRIVER_STARTED: 2026-07-15T06:57:40Z
0
QDSK_CLEANUP_FAIL node0: Command '['docker', 'exec', 'rgg057dd25459-node0-1', 'sh', '-c', "ip -o -4 addr show scope global 2>/dev/null | head -1 | awk '{print $2}'"]' returned non-zero exit status 1.
QDSK_CLEANUP_FAIL node1: Command '['docker', 'exec', 'rgg057dd25459-node1-1', 'sh', '-c', "ip -o -4 addr show scope global 2>/dev/null | head -1 | awk '{print $2}'"]' returned non-zero exit status 1.
QDSK_CLEANUP_FAIL node2: Command '['docker', 'exec', 'rgg057dd25459-node2-1', 'sh', '-c', "ip -o -4 addr show scope global 2>/dev/null | head -1 | awk '{print $2}'"]' returned non-zero exit status 1.
QDSK_CLEANUP_FAIL node3: Command '['docker', 'exec', 'rgg057dd25459-node3-1', 'sh', '-c', "ip -o -4 addr show scope global 2>/dev/null | head -1 | awk '{print $2}'"]' returned non-zero exit status 1.
QDSK_CLEANUP_FAIL node4: Command '['docker', 'exec', 'rgg057dd25459-node4-1', 'sh', '-c', "ip -o -4 addr show scope global 2>/dev/null | head -1 | awk '{print $2}'"]' returned non-zero exit status 1.
QDSK_CLEANUP_FAIL node5: Command '['docker', 'exec', 'rgg057dd25459-node5-1', 'sh', '-c', "ip -o -4 addr show scope global 2>/dev/null | head -1 | awk '{print $2}'"]' returned non-zero exit status 1.
QDSK_CLEANUP_FAIL node6: Command '['docker', 'exec', 'rgg057dd25459-node6-1', 'sh', '-c', "ip -o -4 addr show scope global 2>/dev/null | head -1 | awk '{print $2}'"]' returned non-zero exit status 1.
QDSK_CLEANUP_FAIL node7: Command '['docker', 'exec', 'rgg057dd25459-node7-1', 'sh', '-c', "ip -o -4 addr show scope global 2>/dev/null | head -1 | awk '{print $2}'"]' returned non-zero exit status 1.
QDSK_CLEANUP_FAIL node8: Command '['docker', 'exec', 'rgg057dd25459-node8-1', 'sh', '-c', "ip -o -4 addr show scope global 2>/dev/null | head -1 | awk '{print $2}'"]' returned non-zero exit status 1.
QDSK_CLEANUP_FAIL node9: Command '['docker', 'exec', 'rgg057dd25459-node9-1', 'sh', '-c', "ip -o -4 addr show scope global 2>/dev/null | head -1 | awk '{print $2}'"]' returned non-zero exit status 1.
QDSK_CLEANUP_FAIL node10: Command '['docker', 'exec', 'rgg057dd25459-node10-1', 'sh', '-c', "ip -o -4 addr show scope global 2>/dev/null | head -1 | awk '{print $2}'"]' returned non-zero exit status 1.
QDSK_CLEANUP_FAIL node11: Command '['docker', 'exec', 'rgg057dd25459-node11-1', 'sh', '-c', "ip -o -4 addr show scope global 2>/dev/null | head -1 | awk '{print $2}'"]' returned non-zero exit status 1.
QDSK_CLEANUP_FAIL node12: Command '['docker', 'exec', 'rgg057dd25459-node12-1', 'sh', '-c', "ip -o -4 addr show scope global 2>/dev/null | head -1 | awk '{print $2}'"]' returned non-zero exit status 1.
QDSK_CLEANUP_FAIL node13: Command '['docker', 'exec', 'rgg057dd25459-node13-1', 'sh', '-c', "ip -o -4 addr show scope global 2>/dev/null | head -1 | awk '{print $2}'"]' returned non-zero exit status 1.
QDSK_CLEANUP_FAIL node14: Command '['docker', 'exec', 'rgg057dd25459-node14-1', 'sh', '-c', "ip -o -4 addr show scope global 2>/dev/null | head -1 | awk '{print $2}'"]' returned non-zero exit status 1.
QDSK_CLEANUP_FAIL node15: Command '['docker', 'exec', 'rgg057dd25459-node15-1', 'sh', '-c', "ip -o -4 addr show scope global 2>/dev/null | head -1 | awk '{print $2}'"]' returned non-zero exit status 1.
