 Network rgg444088ded0_default Creating 
 Network rgg444088ded0_default Created 
 Container rgg444088ded0-collector-1 Creating 
 Container rgg444088ded0-collector-1 Created 
 Container rgg444088ded0-node3-1 Creating 
 Container rgg444088ded0-node15-1 Creating 
 Container rgg444088ded0-node4-1 Creating 
 Container rgg444088ded0-node0-1 Creating 
 Container rgg444088ded0-node6-1 Creating 
 Container rgg444088ded0-node14-1 Creating 
 Container rgg444088ded0-node8-1 Creating 
 Container rgg444088ded0-node13-1 Creating 
 Container rgg444088ded0-node1-1 Creating 
 Container rgg444088ded0-node9-1 Creating 
 Container rgg444088ded0-node12-1 Creating 
 Container rgg444088ded0-node5-1 Creating 
 Container rgg444088ded0-node2-1 Creating 
 Container rgg444088ded0-node7-1 Creating 
 Container rgg444088ded0-node11-1 Creating 
 Container rgg444088ded0-node10-1 Creating 
 Container rgg444088ded0-node8-1 Created 
 Container rgg444088ded0-node3-1 Created 
 Container rgg444088ded0-node1-1 Created 
 Container rgg444088ded0-node4-1 Created 
 Container rgg444088ded0-node10-1 Created 
 Container rgg444088ded0-node9-1 Created 
 Container rgg444088ded0-node6-1 Created 
 Container rgg444088ded0-node12-1 Created 
 Container rgg444088ded0-node15-1 Created 
 Container rgg444088ded0-node0-1 Created 
 Container rgg444088ded0-node5-1 Created 
 Container rgg444088ded0-node13-1 Created 
 Container rgg444088ded0-node11-1 Created 
 Container rgg444088ded0-node2-1 Created 
 Container rgg444088ded0-node14-1 Created 
 Container rgg444088ded0-node7-1 Created 
 Container rgg444088ded0-driver-1 Creating 
 Container rgg444088ded0-driver-1 Created 
 Container rgg444088ded0-collector-1 Starting 
 Container rgg444088ded0-collector-1 Started 
 Container rgg444088ded0-node3-1 Starting 
 Container rgg444088ded0-node5-1 Starting 
 Container rgg444088ded0-node9-1 Starting 
 Container rgg444088ded0-node1-1 Starting 
 Container rgg444088ded0-node11-1 Starting 
 Container rgg444088ded0-node6-1 Starting 
 Container rgg444088ded0-node2-1 Starting 
 Container rgg444088ded0-node13-1 Starting 
 Container rgg444088ded0-node15-1 Starting 
 Container rgg444088ded0-node14-1 Starting 
 Container rgg444088ded0-node4-1 Starting 
 Container rgg444088ded0-node7-1 Starting 
 Container rgg444088ded0-node12-1 Starting 
 Container rgg444088ded0-node10-1 Starting 
 Container rgg444088ded0-node8-1 Starting 
 Container rgg444088ded0-node0-1 Starting 
 Container rgg444088ded0-node3-1 Started 
 Container rgg444088ded0-node7-1 Started 
 Container rgg444088ded0-node11-1 Started 
 Container rgg444088ded0-node0-1 Started 
 Container rgg444088ded0-node1-1 Started 
 Container rgg444088ded0-node14-1 Started 
 Container rgg444088ded0-node5-1 Started 
 Container rgg444088ded0-node10-1 Started 
 Container rgg444088ded0-node12-1 Started 
 Container rgg444088ded0-node9-1 Started 
 Container rgg444088ded0-node4-1 Started 
 Container rgg444088ded0-node13-1 Started 
 Container rgg444088ded0-node15-1 Started 
 Container rgg444088ded0-node2-1 Started 
 Container rgg444088ded0-node6-1 Started 
 Container rgg444088ded0-node8-1 Started 
 Container rgg444088ded0-driver-1 Starting 
 Container rgg444088ded0-driver-1 Started 
0
