Preparing 4 committee slots (excluded from metrics)
Running 4 measured workflows at concurrency 4
Progress: 1/4
Progress: 2/4
Progress: 3/4
Progress: 4/4
{
  "operation_count": 40,
  "successful_operations": 40,
  "failed_operations": 0,
  "workflow_count": 4,
  "successful_workflows": 4,
  "failed_workflows": 0,
  "workflow_success_rate": 1.0,
  "measurement_duration_ms": 13442,
  "workflow_throughput_per_s": 0.29757476565987206,
  "per_operation": {
    "fabric_post_allocation": {
      "count": 4,
      "success_count": 4,
      "failure_count": 0,
      "p50_ms": 2314,
      "p95_ms": 2314,
      "p99_ms": 2314
    },
    "fabric_post_snapshot": {
      "count": 4,
      "success_count": 4,
      "failure_count": 0,
      "p50_ms": 198,
      "p95_ms": 202,
      "p99_ms": 202
    },
    "fabric_post_task": {
      "count": 4,
      "success_count": 4,
      "failure_count": 0,
      "p50_ms": 2454,
      "p95_ms": 2463,
      "p99_ms": 2463
    },
    "fabric_query_confirmation": {
      "count": 4,
      "success_count": 4,
      "failure_count": 0,
      "p50_ms": 118,
      "p95_ms": 119,
      "p99_ms": 119
    },
    "fabric_query_final": {
      "count": 4,
      "success_count": 4,
      "failure_count": 0,
      "p50_ms": 1042,
      "p95_ms": 1042,
      "p99_ms": 1042
    },
    "fabric_settlement": {
      "count": 4,
      "success_count": 4,
      "failure_count": 0,
      "p50_ms": 2477,
      "p95_ms": 2477,
      "p99_ms": 2477
    },
    "fabric_vote_1": {
      "count": 4,
      "success_count": 4,
      "failure_count": 0,
      "p50_ms": 2463,
      "p95_ms": 2464,
      "p99_ms": 2464
    },
    "fabric_vote_2": {
      "count": 4,
      "success_count": 4,
      "failure_count": 0,
      "p50_ms": 2290,
      "p95_ms": 2292,
      "p99_ms": 2292
    },
    "ipfs_add": {
      "count": 4,
      "success_count": 4,
      "failure_count": 0,
      "p50_ms": 58,
      "p95_ms": 70,
      "p99_ms": 70
    },
    "ipfs_verify": {
      "count": 4,
      "success_count": 4,
      "failure_count": 0,
      "p50_ms": 10,
      "p95_ms": 10,
      "p99_ms": 10
    }
  },
  "evidence_record_count": 256,
  "evidence_record_throughput_per_s": 19.044785002231812
}
Results: /mnt/c/Users/guan/Desktop/zte-sci/experiments/exp-local/results/b2-ablation-formal-20260705T171313Z/b2-ablation-b64-c4-r1/fabric/b2-fabric-b64-c4-r1
