COMMAND: /usr/bin/python3 /mnt/c/Users/guan/Desktop/zte-sci/experiments/fabric/benchmarks/e4_full_lifecycle.py --batch-manifest /mnt/c/Users/guan/Desktop/zte-sci/experiments/exp-local/results/b2-input-20260705T154954Z/full-b64/manifest.json --concurrency 16 --warmup 1 --seed 8512629774280884736 --output /mnt/c/Users/guan/Desktop/zte-sci/experiments/exp-local/results/e10-capacity-20260715T153706Z/e10-resource-c16-r1 --run-id e10-resource-c16-r1

STDOUT:
Preparing 16 committee slots (excluded from metrics)
Running 33 measured workflows at concurrency 16
Progress: 1/33
Progress: 2/33
Progress: 3/33
Progress: 4/33
Progress: 5/33
Progress: 6/33
Progress: 7/33
Progress: 8/33
Progress: 9/33
Progress: 10/33
Progress: 11/33
Progress: 12/33
Progress: 13/33
Progress: 14/33
Progress: 15/33
Progress: 16/33
Progress: 17/33
Progress: 18/33
Progress: 19/33
Progress: 20/33
Progress: 21/33
Progress: 22/33
Progress: 23/33
Progress: 24/33
Progress: 25/33
Progress: 26/33
Progress: 27/33
Progress: 28/33
Progress: 29/33
Progress: 30/33
Progress: 31/33
Progress: 32/33
Progress: 33/33
{
  "operation_count": 330,
  "successful_operations": 330,
  "failed_operations": 0,
  "workflow_count": 33,
  "successful_workflows": 33,
  "failed_workflows": 0,
  "workflow_success_rate": 1.0,
  "measurement_duration_ms": 27458,
  "workflow_throughput_per_s": 1.2018355306285964,
  "per_operation": {
    "fabric_post_allocation": {
      "count": 33,
      "success_count": 33,
      "failure_count": 0,
      "p50_ms": 715,
      "p95_ms": 1314,
      "p99_ms": 1316
    },
    "fabric_post_snapshot": {
      "count": 33,
      "success_count": 33,
      "failure_count": 0,
      "p50_ms": 661,
      "p95_ms": 1276,
      "p99_ms": 1294
    },
    "fabric_post_task": {
      "count": 33,
      "success_count": 33,
      "failure_count": 0,
      "p50_ms": 898,
      "p95_ms": 1480,
      "p99_ms": 1540
    },
    "fabric_query_confirmation": {
      "count": 33,
      "success_count": 33,
      "failure_count": 0,
      "p50_ms": 294,
      "p95_ms": 380,
      "p99_ms": 386
    },
    "fabric_query_final": {
      "count": 33,
      "success_count": 33,
      "failure_count": 0,
      "p50_ms": 759,
      "p95_ms": 936,
      "p99_ms": 983
    },
    "fabric_settlement": {
      "count": 33,
      "success_count": 33,
      "failure_count": 0,
      "p50_ms": 1039,
      "p95_ms": 2472,
      "p99_ms": 2474
    },
    "fabric_vote_1": {
      "count": 33,
      "success_count": 33,
      "failure_count": 0,
      "p50_ms": 805,
      "p95_ms": 1157,
      "p99_ms": 2242
    },
    "fabric_vote_2": {
      "count": 33,
      "success_count": 33,
      "failure_count": 0,
      "p50_ms": 549,
      "p95_ms": 1976,
      "p99_ms": 2361
    },
    "ipfs_add": {
      "count": 33,
      "success_count": 33,
      "failure_count": 0,
      "p50_ms": 126,
      "p95_ms": 413,
      "p99_ms": 434
    },
    "ipfs_verify": {
      "count": 33,
      "success_count": 33,
      "failure_count": 0,
      "p50_ms": 14,
      "p95_ms": 24,
      "p99_ms": 24
    }
  },
  "evidence_record_count": 2062,
  "evidence_record_throughput_per_s": 75.09651103503533
}
Results: /mnt/c/Users/guan/Desktop/zte-sci/experiments/exp-local/results/e10-capacity-20260715T153706Z/e10-resource-c16-r1/e10-resource-c16-r1

STDERR:
