 Network rgg8b607e4a3a_default Creating 
 Network rgg8b607e4a3a_default Created 
 Container rgg8b607e4a3a-collector-1 Creating 
 Container rgg8b607e4a3a-collector-1 Created 
 Container rgg8b607e4a3a-node12-1 Creating 
 Container rgg8b607e4a3a-node1-1 Creating 
 Container rgg8b607e4a3a-node6-1 Creating 
 Container rgg8b607e4a3a-node3-1 Creating 
 Container rgg8b607e4a3a-node8-1 Creating 
 Container rgg8b607e4a3a-node11-1 Creating 
 Container rgg8b607e4a3a-node14-1 Creating 
 Container rgg8b607e4a3a-node4-1 Creating 
 Container rgg8b607e4a3a-node7-1 Creating 
 Container rgg8b607e4a3a-node5-1 Creating 
 Container rgg8b607e4a3a-node10-1 Creating 
 Container rgg8b607e4a3a-node13-1 Creating 
 Container rgg8b607e4a3a-node2-1 Creating 
 Container rgg8b607e4a3a-node15-1 Creating 
 Container rgg8b607e4a3a-node9-1 Creating 
 Container rgg8b607e4a3a-node0-1 Creating 
 Container rgg8b607e4a3a-node4-1 Created 
 Container rgg8b607e4a3a-node9-1 Created 
 Container rgg8b607e4a3a-node6-1 Created 
 Container rgg8b607e4a3a-node12-1 Created 
 Container rgg8b607e4a3a-node15-1 Created 
 Container rgg8b607e4a3a-node5-1 Created 
 Container rgg8b607e4a3a-node1-1 Created 
 Container rgg8b607e4a3a-node3-1 Created 
 Container rgg8b607e4a3a-node14-1 Created 
 Container rgg8b607e4a3a-node0-1 Created 
 Container rgg8b607e4a3a-node2-1 Created 
 Container rgg8b607e4a3a-node8-1 Created 
 Container rgg8b607e4a3a-node11-1 Created 
 Container rgg8b607e4a3a-node10-1 Created 
 Container rgg8b607e4a3a-node7-1 Created 
 Container rgg8b607e4a3a-node13-1 Created 
 Container rgg8b607e4a3a-driver-1 Creating 
 Container rgg8b607e4a3a-driver-1 Created 
 Container rgg8b607e4a3a-collector-1 Starting 
 Container rgg8b607e4a3a-collector-1 Started 
 Container rgg8b607e4a3a-node3-1 Starting 
 Container rgg8b607e4a3a-node10-1 Starting 
 Container rgg8b607e4a3a-node7-1 Starting 
 Container rgg8b607e4a3a-node1-1 Starting 
 Container rgg8b607e4a3a-node6-1 Starting 
 Container rgg8b607e4a3a-node5-1 Starting 
 Container rgg8b607e4a3a-node8-1 Starting 
 Container rgg8b607e4a3a-node0-1 Starting 
 Container rgg8b607e4a3a-node15-1 Starting 
 Container rgg8b607e4a3a-node9-1 Starting 
 Container rgg8b607e4a3a-node12-1 Starting 
 Container rgg8b607e4a3a-node11-1 Starting 
 Container rgg8b607e4a3a-node14-1 Starting 
 Container rgg8b607e4a3a-node2-1 Starting 
 Container rgg8b607e4a3a-node13-1 Starting 
 Container rgg8b607e4a3a-node4-1 Starting 
 Container rgg8b607e4a3a-node4-1 Started 
 Container rgg8b607e4a3a-node14-1 Started 
 Container rgg8b607e4a3a-node10-1 Started 
 Container rgg8b607e4a3a-node2-1 Started 
 Container rgg8b607e4a3a-node7-1 Started 
 Container rgg8b607e4a3a-node11-1 Started 
 Container rgg8b607e4a3a-node5-1 Started 
 Container rgg8b607e4a3a-node1-1 Started 
 Container rgg8b607e4a3a-node15-1 Started 
 Container rgg8b607e4a3a-node0-1 Started 
 Container rgg8b607e4a3a-node6-1 Started 
 Container rgg8b607e4a3a-node8-1 Started 
 Container rgg8b607e4a3a-node3-1 Started 
 Container rgg8b607e4a3a-node9-1 Started 
 Container rgg8b607e4a3a-node13-1 Started 
 Container rgg8b607e4a3a-node12-1 Started 
 Container rgg8b607e4a3a-driver-1 Starting 
 Container rgg8b607e4a3a-driver-1 Started 
0
