 Network rggeecb143547_default Creating 
 Network rggeecb143547_default Created 
 Container rggeecb143547-collector-1 Creating 
 Container rggeecb143547-collector-1 Created 
 Container rggeecb143547-node10-1 Creating 
 Container rggeecb143547-node20-1 Creating 
 Container rggeecb143547-node5-1 Creating 
 Container rggeecb143547-node18-1 Creating 
 Container rggeecb143547-node15-1 Creating 
 Container rggeecb143547-node1-1 Creating 
 Container rggeecb143547-node17-1 Creating 
 Container rggeecb143547-node12-1 Creating 
 Container rggeecb143547-node14-1 Creating 
 Container rggeecb143547-node9-1 Creating 
 Container rggeecb143547-node3-1 Creating 
 Container rggeecb143547-node16-1 Creating 
 Container rggeecb143547-node2-1 Creating 
 Container rggeecb143547-node8-1 Creating 
 Container rggeecb143547-node11-1 Creating 
 Container rggeecb143547-node4-1 Creating 
 Container rggeecb143547-node22-1 Creating 
 Container rggeecb143547-node21-1 Creating 
 Container rggeecb143547-node7-1 Creating 
 Container rggeecb143547-node0-1 Creating 
 Container rggeecb143547-node6-1 Creating 
 Container rggeecb143547-node23-1 Creating 
 Container rggeecb143547-node19-1 Creating 
 Container rggeecb143547-node13-1 Creating 
 Container rggeecb143547-node20-1 Created 
 Container rggeecb143547-node14-1 Created 
 Container rggeecb143547-node16-1 Created 
 Container rggeecb143547-node12-1 Created 
 Container rggeecb143547-node2-1 Created 
 Container rggeecb143547-node7-1 Created 
 Container rggeecb143547-node21-1 Created 
 Container rggeecb143547-node15-1 Created 
 Container rggeecb143547-node5-1 Created 
 Container rggeecb143547-node1-1 Created 
 Container rggeecb143547-node17-1 Created 
 Container rggeecb143547-node8-1 Created 
 Container rggeecb143547-node10-1 Created 
 Container rggeecb143547-node3-1 Created 
 Container rggeecb143547-node0-1 Created 
 Container rggeecb143547-node18-1 Created 
 Container rggeecb143547-node19-1 Created 
 Container rggeecb143547-node4-1 Created 
 Container rggeecb143547-node9-1 Created 
 Container rggeecb143547-node11-1 Created 
 Container rggeecb143547-node23-1 Created 
 Container rggeecb143547-node13-1 Created 
 Container rggeecb143547-node6-1 Created 
 Container rggeecb143547-node22-1 Created 
 Container rggeecb143547-collector-1 Starting 
 Container rggeecb143547-collector-1 Started 
 Container rggeecb143547-node0-1 Starting 
 Container rggeecb143547-node4-1 Starting 
 Container rggeecb143547-node1-1 Starting 
 Container rggeecb143547-node11-1 Starting 
 Container rggeecb143547-node10-1 Starting 
 Container rggeecb143547-node6-1 Starting 
 Container rggeecb143547-node13-1 Starting 
 Container rggeecb143547-node16-1 Starting 
 Container rggeecb143547-node14-1 Starting 
 Container rggeecb143547-node5-1 Starting 
 Container rggeecb143547-node22-1 Starting 
 Container rggeecb143547-node7-1 Starting 
 Container rggeecb143547-node3-1 Starting 
 Container rggeecb143547-node23-1 Starting 
 Container rggeecb143547-node18-1 Starting 
 Container rggeecb143547-node21-1 Starting 
 Container rggeecb143547-node17-1 Starting 
 Container rggeecb143547-node12-1 Starting 
 Container rggeecb143547-node9-1 Starting 
 Container rggeecb143547-node2-1 Starting 
 Container rggeecb143547-node19-1 Starting 
 Container rggeecb143547-node20-1 Starting 
 Container rggeecb143547-node15-1 Starting 
 Container rggeecb143547-node8-1 Starting 
 Container rggeecb143547-node0-1 Started 
 Container rggeecb143547-node11-1 Started 
 Container rggeecb143547-node4-1 Started 
 Container rggeecb143547-node1-1 Started 
 Container rggeecb143547-node7-1 Started 
 Container rggeecb143547-node22-1 Started 
 Container rggeecb143547-node16-1 Started 
 Container rggeecb143547-node18-1 Started 
 Container rggeecb143547-node20-1 Started 
 Container rggeecb143547-node8-1 Started 
 Container rggeecb143547-node9-1 Started 
 Container rggeecb143547-node12-1 Started 
 Container rggeecb143547-node21-1 Started 
 Container rggeecb143547-node15-1 Started 
 Container rggeecb143547-node3-1 Started 
 Container rggeecb143547-node6-1 Started 
 Container rggeecb143547-node5-1 Started 
 Container rggeecb143547-node13-1 Started 
 Container rggeecb143547-node10-1 Started 
 Container rggeecb143547-node14-1 Started 
 Container rggeecb143547-node23-1 Started 
 Container rggeecb143547-node2-1 Started 
 Container rggeecb143547-node19-1 Started 
 Container rggeecb143547-node17-1 Started 
NETEM_APPLIED node0 iface=eth0: qdisc netem 85f9: root refcnt 17 limit 1000 delay 20ms  5ms seed 14852099356198038311
NETEM_APPLIED node1 iface=eth0: qdisc netem 85fa: root refcnt 17 limit 1000 delay 20ms  5ms seed 4975385520043214052
NETEM_APPLIED node2 iface=eth0: qdisc netem 85fb: root refcnt 17 limit 1000 delay 20ms  5ms seed 16810973753814687911
NETEM_APPLIED node3 iface=eth0: qdisc netem 85fc: root refcnt 17 limit 1000 delay 20ms  5ms seed 5405497679573399207
NETEM_APPLIED node4 iface=eth0: qdisc netem 85fd: root refcnt 17 limit 1000 delay 20ms  5ms seed 17743553717419578333
NETEM_APPLIED node5 iface=eth0: qdisc netem 85fe: root refcnt 17 limit 1000 delay 20ms  5ms seed 1647073201965521863
NETEM_APPLIED node6 iface=eth0: qdisc netem 85ff: root refcnt 17 limit 1000 delay 20ms  5ms seed 10544825791279650954
NETEM_APPLIED node7 iface=eth0: qdisc netem 8600: root refcnt 17 limit 1000 delay 20ms  5ms seed 14406332556823633302
NETEM_APPLIED node8 iface=eth0: qdisc netem 8601: root refcnt 17 limit 1000 delay 20ms  5ms seed 2158330450797520472
NETEM_APPLIED node9 iface=eth0: qdisc netem 8602: root refcnt 17 limit 1000 delay 20ms  5ms seed 8485580589548421553
NETEM_APPLIED node10 iface=eth0: qdisc netem 8603: root refcnt 17 limit 1000 delay 20ms  5ms seed 4976619367980050774
NETEM_APPLIED node11 iface=eth0: qdisc netem 8604: root refcnt 17 limit 1000 delay 20ms  5ms seed 16193983150677547802
NETEM_APPLIED node12 iface=eth0: qdisc netem 8605: root refcnt 17 limit 1000 delay 20ms  5ms seed 13998175249531218506
NETEM_APPLIED node13 iface=eth0: qdisc netem 8606: root refcnt 17 limit 1000 delay 20ms  5ms seed 17701847292790749235
NETEM_APPLIED node14 iface=eth0: qdisc netem 8607: root refcnt 17 limit 1000 delay 20ms  5ms seed 8133439245458601760
NETEM_APPLIED node15 iface=eth0: qdisc netem 8608: root refcnt 17 limit 1000 delay 20ms  5ms seed 13620694273928188196
NETEM_APPLIED node16 iface=eth0: qdisc netem 8609: root refcnt 17 limit 1000 delay 20ms  5ms seed 681543732201730048
NETEM_APPLIED node17 iface=eth0: qdisc netem 860a: root refcnt 17 limit 1000 delay 20ms  5ms seed 13864231629905723180
NETEM_APPLIED node18 iface=eth0: qdisc netem 860b: root refcnt 17 limit 1000 delay 20ms  5ms seed 7722169378523230751
NETEM_APPLIED node19 iface=eth0: qdisc netem 860c: root refcnt 17 limit 1000 delay 20ms  5ms seed 10336546645823590248
NETEM_APPLIED node20 iface=eth0: qdisc netem 860d: root refcnt 17 limit 1000 delay 20ms  5ms seed 8036437112812381954
NETEM_APPLIED node21 iface=eth0: qdisc netem 860e: root refcnt 17 limit 1000 delay 20ms  5ms seed 10396855464886503208
NETEM_APPLIED node22 iface=eth0: qdisc netem 860f: root refcnt 17 limit 1000 delay 20ms  5ms seed 11679376318593152953
NETEM_APPLIED node23 iface=eth0: qdisc netem 8610: root refcnt 17 limit 1000 delay 20ms  5ms seed 13183122287114865799
NETEM_RTT_GATE OK: baseline=0.1ms actual=41.3ms increase=41.2ms
DRIVER_STARTED: 2026-07-15T06:33:07Z
0
QDSK_CLEANUP_FAIL node0: Command '['docker', 'exec', 'rggeecb143547-node0-1', 'sh', '-c', "ip -o -4 addr show scope global 2>/dev/null | head -1 | awk '{print $2}'"]' returned non-zero exit status 1.
QDSK_CLEANUP_FAIL node1: Command '['docker', 'exec', 'rggeecb143547-node1-1', 'sh', '-c', "ip -o -4 addr show scope global 2>/dev/null | head -1 | awk '{print $2}'"]' returned non-zero exit status 1.
QDSK_CLEANUP_FAIL node2: Command '['docker', 'exec', 'rggeecb143547-node2-1', 'sh', '-c', "ip -o -4 addr show scope global 2>/dev/null | head -1 | awk '{print $2}'"]' returned non-zero exit status 1.
QDSK_CLEANUP_FAIL node3: Command '['docker', 'exec', 'rggeecb143547-node3-1', 'sh', '-c', "ip -o -4 addr show scope global 2>/dev/null | head -1 | awk '{print $2}'"]' returned non-zero exit status 1.
QDSK_CLEANUP_FAIL node4: Command '['docker', 'exec', 'rggeecb143547-node4-1', 'sh', '-c', "ip -o -4 addr show scope global 2>/dev/null | head -1 | awk '{print $2}'"]' returned non-zero exit status 1.
QDSK_CLEANUP_FAIL node5: Command '['docker', 'exec', 'rggeecb143547-node5-1', 'sh', '-c', "ip -o -4 addr show scope global 2>/dev/null | head -1 | awk '{print $2}'"]' returned non-zero exit status 1.
QDSK_CLEANUP_FAIL node6: Command '['docker', 'exec', 'rggeecb143547-node6-1', 'sh', '-c', "ip -o -4 addr show scope global 2>/dev/null | head -1 | awk '{print $2}'"]' returned non-zero exit status 1.
QDSK_CLEANUP_FAIL node7: Command '['docker', 'exec', 'rggeecb143547-node7-1', 'sh', '-c', "ip -o -4 addr show scope global 2>/dev/null | head -1 | awk '{print $2}'"]' returned non-zero exit status 1.
QDSK_CLEANUP_FAIL node8: Command '['docker', 'exec', 'rggeecb143547-node8-1', 'sh', '-c', "ip -o -4 addr show scope global 2>/dev/null | head -1 | awk '{print $2}'"]' returned non-zero exit status 1.
QDSK_CLEANUP_FAIL node9: Command '['docker', 'exec', 'rggeecb143547-node9-1', 'sh', '-c', "ip -o -4 addr show scope global 2>/dev/null | head -1 | awk '{print $2}'"]' returned non-zero exit status 1.
QDSK_CLEANUP_FAIL node10: Command '['docker', 'exec', 'rggeecb143547-node10-1', 'sh', '-c', "ip -o -4 addr show scope global 2>/dev/null | head -1 | awk '{print $2}'"]' returned non-zero exit status 1.
QDSK_CLEANUP_FAIL node11: Command '['docker', 'exec', 'rggeecb143547-node11-1', 'sh', '-c', "ip -o -4 addr show scope global 2>/dev/null | head -1 | awk '{print $2}'"]' returned non-zero exit status 1.
QDSK_CLEANUP_FAIL node12: Command '['docker', 'exec', 'rggeecb143547-node12-1', 'sh', '-c', "ip -o -4 addr show scope global 2>/dev/null | head -1 | awk '{print $2}'"]' returned non-zero exit status 1.
QDSK_CLEANUP_FAIL node13: Command '['docker', 'exec', 'rggeecb143547-node13-1', 'sh', '-c', "ip -o -4 addr show scope global 2>/dev/null | head -1 | awk '{print $2}'"]' returned non-zero exit status 1.
QDSK_CLEANUP_FAIL node14: Command '['docker', 'exec', 'rggeecb143547-node14-1', 'sh', '-c', "ip -o -4 addr show scope global 2>/dev/null | head -1 | awk '{print $2}'"]' returned non-zero exit status 1.
QDSK_CLEANUP_FAIL node15: Command '['docker', 'exec', 'rggeecb143547-node15-1', 'sh', '-c', "ip -o -4 addr show scope global 2>/dev/null | head -1 | awk '{print $2}'"]' returned non-zero exit status 1.
QDSK_CLEANUP_FAIL node16: Command '['docker', 'exec', 'rggeecb143547-node16-1', 'sh', '-c', "ip -o -4 addr show scope global 2>/dev/null | head -1 | awk '{print $2}'"]' returned non-zero exit status 1.
QDSK_CLEANUP_FAIL node17: Command '['docker', 'exec', 'rggeecb143547-node17-1', 'sh', '-c', "ip -o -4 addr show scope global 2>/dev/null | head -1 | awk '{print $2}'"]' returned non-zero exit status 1.
QDSK_CLEANUP_FAIL node18: Command '['docker', 'exec', 'rggeecb143547-node18-1', 'sh', '-c', "ip -o -4 addr show scope global 2>/dev/null | head -1 | awk '{print $2}'"]' returned non-zero exit status 1.
QDSK_CLEANUP_FAIL node19: Command '['docker', 'exec', 'rggeecb143547-node19-1', 'sh', '-c', "ip -o -4 addr show scope global 2>/dev/null | head -1 | awk '{print $2}'"]' returned non-zero exit status 1.
QDSK_CLEANUP_FAIL node20: Command '['docker', 'exec', 'rggeecb143547-node20-1', 'sh', '-c', "ip -o -4 addr show scope global 2>/dev/null | head -1 | awk '{print $2}'"]' returned non-zero exit status 1.
QDSK_CLEANUP_FAIL node21: Command '['docker', 'exec', 'rggeecb143547-node21-1', 'sh', '-c', "ip -o -4 addr show scope global 2>/dev/null | head -1 | awk '{print $2}'"]' returned non-zero exit status 1.
QDSK_CLEANUP_FAIL node22: Command '['docker', 'exec', 'rggeecb143547-node22-1', 'sh', '-c', "ip -o -4 addr show scope global 2>/dev/null | head -1 | awk '{print $2}'"]' returned non-zero exit status 1.
QDSK_CLEANUP_FAIL node23: Command '['docker', 'exec', 'rggeecb143547-node23-1', 'sh', '-c', "ip -o -4 addr show scope global 2>/dev/null | head -1 | awk '{print $2}'"]' returned non-zero exit status 1.
