 Network rgg6cf9ad9bec_default Creating 
 Network rgg6cf9ad9bec_default Created 
 Container rgg6cf9ad9bec-collector-1 Creating 
 Container rgg6cf9ad9bec-collector-1 Created 
 Container rgg6cf9ad9bec-node5-1 Creating 
 Container rgg6cf9ad9bec-node19-1 Creating 
 Container rgg6cf9ad9bec-node4-1 Creating 
 Container rgg6cf9ad9bec-node22-1 Creating 
 Container rgg6cf9ad9bec-node12-1 Creating 
 Container rgg6cf9ad9bec-node7-1 Creating 
 Container rgg6cf9ad9bec-node6-1 Creating 
 Container rgg6cf9ad9bec-node20-1 Creating 
 Container rgg6cf9ad9bec-node17-1 Creating 
 Container rgg6cf9ad9bec-node16-1 Creating 
 Container rgg6cf9ad9bec-node1-1 Creating 
 Container rgg6cf9ad9bec-node8-1 Creating 
 Container rgg6cf9ad9bec-node0-1 Creating 
 Container rgg6cf9ad9bec-node11-1 Creating 
 Container rgg6cf9ad9bec-node3-1 Creating 
 Container rgg6cf9ad9bec-node15-1 Creating 
 Container rgg6cf9ad9bec-node21-1 Creating 
 Container rgg6cf9ad9bec-node10-1 Creating 
 Container rgg6cf9ad9bec-node18-1 Creating 
 Container rgg6cf9ad9bec-node14-1 Creating 
 Container rgg6cf9ad9bec-node9-1 Creating 
 Container rgg6cf9ad9bec-node13-1 Creating 
 Container rgg6cf9ad9bec-node2-1 Creating 
 Container rgg6cf9ad9bec-node23-1 Creating 
 Container rgg6cf9ad9bec-node17-1 Created 
 Container rgg6cf9ad9bec-node3-1 Created 
 Container rgg6cf9ad9bec-node18-1 Created 
 Container rgg6cf9ad9bec-node20-1 Created 
 Container rgg6cf9ad9bec-node6-1 Created 
 Container rgg6cf9ad9bec-node12-1 Created 
 Container rgg6cf9ad9bec-node9-1 Created 
 Container rgg6cf9ad9bec-node19-1 Created 
 Container rgg6cf9ad9bec-node23-1 Created 
 Container rgg6cf9ad9bec-node5-1 Created 
 Container rgg6cf9ad9bec-node13-1 Created 
 Container rgg6cf9ad9bec-node15-1 Created 
 Container rgg6cf9ad9bec-node16-1 Created 
 Container rgg6cf9ad9bec-node21-1 Created 
 Container rgg6cf9ad9bec-node14-1 Created 
 Container rgg6cf9ad9bec-node22-1 Created 
 Container rgg6cf9ad9bec-node7-1 Created 
 Container rgg6cf9ad9bec-node1-1 Created 
 Container rgg6cf9ad9bec-node11-1 Created 
 Container rgg6cf9ad9bec-node0-1 Created 
 Container rgg6cf9ad9bec-node4-1 Created 
 Container rgg6cf9ad9bec-node2-1 Created 
 Container rgg6cf9ad9bec-node10-1 Created 
 Container rgg6cf9ad9bec-node8-1 Created 
 Container rgg6cf9ad9bec-collector-1 Starting 
 Container rgg6cf9ad9bec-collector-1 Started 
 Container rgg6cf9ad9bec-node17-1 Starting 
 Container rgg6cf9ad9bec-node7-1 Starting 
 Container rgg6cf9ad9bec-node16-1 Starting 
 Container rgg6cf9ad9bec-node15-1 Starting 
 Container rgg6cf9ad9bec-node1-1 Starting 
 Container rgg6cf9ad9bec-node3-1 Starting 
 Container rgg6cf9ad9bec-node13-1 Starting 
 Container rgg6cf9ad9bec-node8-1 Starting 
 Container rgg6cf9ad9bec-node23-1 Starting 
 Container rgg6cf9ad9bec-node4-1 Starting 
 Container rgg6cf9ad9bec-node11-1 Starting 
 Container rgg6cf9ad9bec-node21-1 Starting 
 Container rgg6cf9ad9bec-node22-1 Starting 
 Container rgg6cf9ad9bec-node10-1 Starting 
 Container rgg6cf9ad9bec-node12-1 Starting 
 Container rgg6cf9ad9bec-node19-1 Starting 
 Container rgg6cf9ad9bec-node20-1 Starting 
 Container rgg6cf9ad9bec-node18-1 Starting 
 Container rgg6cf9ad9bec-node9-1 Starting 
 Container rgg6cf9ad9bec-node2-1 Starting 
 Container rgg6cf9ad9bec-node0-1 Starting 
 Container rgg6cf9ad9bec-node6-1 Starting 
 Container rgg6cf9ad9bec-node5-1 Starting 
 Container rgg6cf9ad9bec-node14-1 Starting 
 Container rgg6cf9ad9bec-node4-1 Started 
 Container rgg6cf9ad9bec-node15-1 Started 
 Container rgg6cf9ad9bec-node2-1 Started 
 Container rgg6cf9ad9bec-node3-1 Started 
 Container rgg6cf9ad9bec-node17-1 Started 
 Container rgg6cf9ad9bec-node7-1 Started 
 Container rgg6cf9ad9bec-node20-1 Started 
 Container rgg6cf9ad9bec-node21-1 Started 
 Container rgg6cf9ad9bec-node19-1 Started 
 Container rgg6cf9ad9bec-node12-1 Started 
 Container rgg6cf9ad9bec-node16-1 Started 
 Container rgg6cf9ad9bec-node6-1 Started 
 Container rgg6cf9ad9bec-node11-1 Started 
 Container rgg6cf9ad9bec-node0-1 Started 
 Container rgg6cf9ad9bec-node23-1 Started 
 Container rgg6cf9ad9bec-node8-1 Started 
 Container rgg6cf9ad9bec-node5-1 Started 
 Container rgg6cf9ad9bec-node9-1 Started 
 Container rgg6cf9ad9bec-node1-1 Started 
 Container rgg6cf9ad9bec-node13-1 Started 
 Container rgg6cf9ad9bec-node22-1 Started 
 Container rgg6cf9ad9bec-node18-1 Started 
 Container rgg6cf9ad9bec-node10-1 Started 
 Container rgg6cf9ad9bec-node14-1 Started 
NETEM_APPLIED node0 iface=eth0: qdisc netem 84d9: root refcnt 17 limit 1000 delay 20ms  5ms seed 8723728828352345814
NETEM_APPLIED node1 iface=eth0: qdisc netem 84da: root refcnt 17 limit 1000 delay 20ms  5ms seed 7600782589305832920
NETEM_APPLIED node2 iface=eth0: qdisc netem 84db: root refcnt 17 limit 1000 delay 20ms  5ms seed 3122668593527425927
NETEM_APPLIED node3 iface=eth0: qdisc netem 84dc: root refcnt 17 limit 1000 delay 20ms  5ms seed 12500098543947254572
NETEM_APPLIED node4 iface=eth0: qdisc netem 84dd: root refcnt 17 limit 1000 delay 20ms  5ms seed 4056680414198035144
NETEM_APPLIED node5 iface=eth0: qdisc netem 84de: root refcnt 17 limit 1000 delay 20ms  5ms seed 5471411336434076847
NETEM_APPLIED node6 iface=eth0: qdisc netem 84df: root refcnt 17 limit 1000 delay 20ms  5ms seed 4912429589025632856
NETEM_APPLIED node7 iface=eth0: qdisc netem 84e0: root refcnt 17 limit 1000 delay 20ms  5ms seed 12986128858393969606
NETEM_APPLIED node8 iface=eth0: qdisc netem 84e1: root refcnt 17 limit 1000 delay 20ms  5ms seed 6796031113299287166
NETEM_APPLIED node9 iface=eth0: qdisc netem 84e2: root refcnt 17 limit 1000 delay 20ms  5ms seed 16264816026623806072
NETEM_APPLIED node10 iface=eth0: qdisc netem 84e3: root refcnt 17 limit 1000 delay 20ms  5ms seed 15381899743007897324
NETEM_APPLIED node11 iface=eth0: qdisc netem 84e4: root refcnt 17 limit 1000 delay 20ms  5ms seed 7815279418643693974
NETEM_APPLIED node12 iface=eth0: qdisc netem 84e5: root refcnt 17 limit 1000 delay 20ms  5ms seed 14565132436501854566
NETEM_APPLIED node13 iface=eth0: qdisc netem 84e6: root refcnt 17 limit 1000 delay 20ms  5ms seed 15500221374575014010
NETEM_APPLIED node14 iface=eth0: qdisc netem 84e7: root refcnt 17 limit 1000 delay 20ms  5ms seed 17083100832419284887
NETEM_APPLIED node15 iface=eth0: qdisc netem 84e8: root refcnt 17 limit 1000 delay 20ms  5ms seed 17190104014383570755
NETEM_APPLIED node16 iface=eth0: qdisc netem 84e9: root refcnt 17 limit 1000 delay 20ms  5ms seed 10085700821387563831
NETEM_APPLIED node17 iface=eth0: qdisc netem 84ea: root refcnt 17 limit 1000 delay 20ms  5ms seed 3810054682059330346
NETEM_APPLIED node18 iface=eth0: qdisc netem 84eb: root refcnt 17 limit 1000 delay 20ms  5ms seed 12693026306299132077
NETEM_APPLIED node19 iface=eth0: qdisc netem 84ec: root refcnt 17 limit 1000 delay 20ms  5ms seed 5236462911877425760
NETEM_APPLIED node20 iface=eth0: qdisc netem 84ed: root refcnt 17 limit 1000 delay 20ms  5ms seed 1845465147245436001
NETEM_APPLIED node21 iface=eth0: qdisc netem 84ee: root refcnt 17 limit 1000 delay 20ms  5ms seed 9032258377856447095
NETEM_APPLIED node22 iface=eth0: qdisc netem 84ef: root refcnt 17 limit 1000 delay 20ms  5ms seed 7670265058670533382
NETEM_APPLIED node23 iface=eth0: qdisc netem 84f0: root refcnt 17 limit 1000 delay 20ms  5ms seed 17340551868842308794
NETEM_RTT_GATE OK: baseline=0.1ms actual=40.6ms increase=40.5ms
DRIVER_STARTED: 2026-07-15T06:16:06Z
0
QDSK_CLEANUP_FAIL node0: Command '['docker', 'exec', 'rgg6cf9ad9bec-node0-1', 'sh', '-c', "ip -o -4 addr show scope global 2>/dev/null | head -1 | awk '{print $2}'"]' returned non-zero exit status 1.
QDSK_CLEANUP_FAIL node1: Command '['docker', 'exec', 'rgg6cf9ad9bec-node1-1', 'sh', '-c', "ip -o -4 addr show scope global 2>/dev/null | head -1 | awk '{print $2}'"]' returned non-zero exit status 1.
QDSK_CLEANUP_FAIL node2: Command '['docker', 'exec', 'rgg6cf9ad9bec-node2-1', 'sh', '-c', "ip -o -4 addr show scope global 2>/dev/null | head -1 | awk '{print $2}'"]' returned non-zero exit status 1.
QDSK_CLEANUP_FAIL node3: Command '['docker', 'exec', 'rgg6cf9ad9bec-node3-1', 'sh', '-c', "ip -o -4 addr show scope global 2>/dev/null | head -1 | awk '{print $2}'"]' returned non-zero exit status 1.
QDSK_CLEANUP_FAIL node4: Command '['docker', 'exec', 'rgg6cf9ad9bec-node4-1', 'sh', '-c', "ip -o -4 addr show scope global 2>/dev/null | head -1 | awk '{print $2}'"]' returned non-zero exit status 1.
QDSK_CLEANUP_FAIL node5: Command '['docker', 'exec', 'rgg6cf9ad9bec-node5-1', 'sh', '-c', "ip -o -4 addr show scope global 2>/dev/null | head -1 | awk '{print $2}'"]' returned non-zero exit status 1.
QDSK_CLEANUP_FAIL node6: Command '['docker', 'exec', 'rgg6cf9ad9bec-node6-1', 'sh', '-c', "ip -o -4 addr show scope global 2>/dev/null | head -1 | awk '{print $2}'"]' returned non-zero exit status 1.
QDSK_CLEANUP_FAIL node7: Command '['docker', 'exec', 'rgg6cf9ad9bec-node7-1', 'sh', '-c', "ip -o -4 addr show scope global 2>/dev/null | head -1 | awk '{print $2}'"]' returned non-zero exit status 1.
QDSK_CLEANUP_FAIL node8: Command '['docker', 'exec', 'rgg6cf9ad9bec-node8-1', 'sh', '-c', "ip -o -4 addr show scope global 2>/dev/null | head -1 | awk '{print $2}'"]' returned non-zero exit status 1.
QDSK_CLEANUP_FAIL node9: Command '['docker', 'exec', 'rgg6cf9ad9bec-node9-1', 'sh', '-c', "ip -o -4 addr show scope global 2>/dev/null | head -1 | awk '{print $2}'"]' returned non-zero exit status 1.
QDSK_CLEANUP_FAIL node10: Command '['docker', 'exec', 'rgg6cf9ad9bec-node10-1', 'sh', '-c', "ip -o -4 addr show scope global 2>/dev/null | head -1 | awk '{print $2}'"]' returned non-zero exit status 1.
QDSK_CLEANUP_FAIL node11: Command '['docker', 'exec', 'rgg6cf9ad9bec-node11-1', 'sh', '-c', "ip -o -4 addr show scope global 2>/dev/null | head -1 | awk '{print $2}'"]' returned non-zero exit status 1.
QDSK_CLEANUP_FAIL node12: Command '['docker', 'exec', 'rgg6cf9ad9bec-node12-1', 'sh', '-c', "ip -o -4 addr show scope global 2>/dev/null | head -1 | awk '{print $2}'"]' returned non-zero exit status 1.
QDSK_CLEANUP_FAIL node13: Command '['docker', 'exec', 'rgg6cf9ad9bec-node13-1', 'sh', '-c', "ip -o -4 addr show scope global 2>/dev/null | head -1 | awk '{print $2}'"]' returned non-zero exit status 1.
QDSK_CLEANUP_FAIL node14: Command '['docker', 'exec', 'rgg6cf9ad9bec-node14-1', 'sh', '-c', "ip -o -4 addr show scope global 2>/dev/null | head -1 | awk '{print $2}'"]' returned non-zero exit status 1.
QDSK_CLEANUP_FAIL node15: Command '['docker', 'exec', 'rgg6cf9ad9bec-node15-1', 'sh', '-c', "ip -o -4 addr show scope global 2>/dev/null | head -1 | awk '{print $2}'"]' returned non-zero exit status 1.
QDSK_CLEANUP_FAIL node16: Command '['docker', 'exec', 'rgg6cf9ad9bec-node16-1', 'sh', '-c', "ip -o -4 addr show scope global 2>/dev/null | head -1 | awk '{print $2}'"]' returned non-zero exit status 1.
QDSK_CLEANUP_FAIL node17: Command '['docker', 'exec', 'rgg6cf9ad9bec-node17-1', 'sh', '-c', "ip -o -4 addr show scope global 2>/dev/null | head -1 | awk '{print $2}'"]' returned non-zero exit status 1.
QDSK_CLEANUP_FAIL node18: Command '['docker', 'exec', 'rgg6cf9ad9bec-node18-1', 'sh', '-c', "ip -o -4 addr show scope global 2>/dev/null | head -1 | awk '{print $2}'"]' returned non-zero exit status 1.
QDSK_CLEANUP_FAIL node19: Command '['docker', 'exec', 'rgg6cf9ad9bec-node19-1', 'sh', '-c', "ip -o -4 addr show scope global 2>/dev/null | head -1 | awk '{print $2}'"]' returned non-zero exit status 1.
QDSK_CLEANUP_FAIL node20: Command '['docker', 'exec', 'rgg6cf9ad9bec-node20-1', 'sh', '-c', "ip -o -4 addr show scope global 2>/dev/null | head -1 | awk '{print $2}'"]' returned non-zero exit status 1.
QDSK_CLEANUP_FAIL node21: Command '['docker', 'exec', 'rgg6cf9ad9bec-node21-1', 'sh', '-c', "ip -o -4 addr show scope global 2>/dev/null | head -1 | awk '{print $2}'"]' returned non-zero exit status 1.
QDSK_CLEANUP_FAIL node22: Command '['docker', 'exec', 'rgg6cf9ad9bec-node22-1', 'sh', '-c', "ip -o -4 addr show scope global 2>/dev/null | head -1 | awk '{print $2}'"]' returned non-zero exit status 1.
QDSK_CLEANUP_FAIL node23: Command '['docker', 'exec', 'rgg6cf9ad9bec-node23-1', 'sh', '-c', "ip -o -4 addr show scope global 2>/dev/null | head -1 | awk '{print $2}'"]' returned non-zero exit status 1.
