 Network rggc9224e6b66_default Creating 
 Network rggc9224e6b66_default Created 
 Container rggc9224e6b66-collector-1 Creating 
 Container rggc9224e6b66-collector-1 Created 
 Container rggc9224e6b66-node8-1 Creating 
 Container rggc9224e6b66-node11-1 Creating 
 Container rggc9224e6b66-node0-1 Creating 
 Container rggc9224e6b66-node10-1 Creating 
 Container rggc9224e6b66-node12-1 Creating 
 Container rggc9224e6b66-node4-1 Creating 
 Container rggc9224e6b66-node1-1 Creating 
 Container rggc9224e6b66-node5-1 Creating 
 Container rggc9224e6b66-node13-1 Creating 
 Container rggc9224e6b66-node3-1 Creating 
 Container rggc9224e6b66-node6-1 Creating 
 Container rggc9224e6b66-node7-1 Creating 
 Container rggc9224e6b66-node2-1 Creating 
 Container rggc9224e6b66-node14-1 Creating 
 Container rggc9224e6b66-node15-1 Creating 
 Container rggc9224e6b66-node9-1 Creating 
 Container rggc9224e6b66-node5-1 Created 
 Container rggc9224e6b66-node8-1 Created 
 Container rggc9224e6b66-node7-1 Created 
 Container rggc9224e6b66-node11-1 Created 
 Container rggc9224e6b66-node2-1 Created 
 Container rggc9224e6b66-node9-1 Created 
 Container rggc9224e6b66-node12-1 Created 
 Container rggc9224e6b66-node1-1 Created 
 Container rggc9224e6b66-node4-1 Created 
 Container rggc9224e6b66-node14-1 Created 
 Container rggc9224e6b66-node6-1 Created 
 Container rggc9224e6b66-node0-1 Created 
 Container rggc9224e6b66-node10-1 Created 
 Container rggc9224e6b66-node15-1 Created 
 Container rggc9224e6b66-node3-1 Created 
 Container rggc9224e6b66-node13-1 Created 
 Container rggc9224e6b66-driver-1 Creating 
 Container rggc9224e6b66-driver-1 Created 
 Container rggc9224e6b66-collector-1 Starting 
 Container rggc9224e6b66-collector-1 Started 
 Container rggc9224e6b66-node7-1 Starting 
 Container rggc9224e6b66-node2-1 Starting 
 Container rggc9224e6b66-node1-1 Starting 
 Container rggc9224e6b66-node14-1 Starting 
 Container rggc9224e6b66-node6-1 Starting 
 Container rggc9224e6b66-node4-1 Starting 
 Container rggc9224e6b66-node12-1 Starting 
 Container rggc9224e6b66-node8-1 Starting 
 Container rggc9224e6b66-node5-1 Starting 
 Container rggc9224e6b66-node9-1 Starting 
 Container rggc9224e6b66-node11-1 Starting 
 Container rggc9224e6b66-node3-1 Starting 
 Container rggc9224e6b66-node0-1 Starting 
 Container rggc9224e6b66-node10-1 Starting 
 Container rggc9224e6b66-node15-1 Starting 
 Container rggc9224e6b66-node13-1 Starting 
 Container rggc9224e6b66-node1-1 Started 
 Container rggc9224e6b66-node8-1 Started 
 Container rggc9224e6b66-node0-1 Started 
 Container rggc9224e6b66-node2-1 Started 
 Container rggc9224e6b66-node15-1 Started 
 Container rggc9224e6b66-node13-1 Started 
 Container rggc9224e6b66-node12-1 Started 
 Container rggc9224e6b66-node5-1 Started 
 Container rggc9224e6b66-node9-1 Started 
 Container rggc9224e6b66-node7-1 Started 
 Container rggc9224e6b66-node6-1 Started 
 Container rggc9224e6b66-node11-1 Started 
 Container rggc9224e6b66-node3-1 Started 
 Container rggc9224e6b66-node14-1 Started 
 Container rggc9224e6b66-node4-1 Started 
 Container rggc9224e6b66-node10-1 Started 
 Container rggc9224e6b66-driver-1 Starting 
 Container rggc9224e6b66-driver-1 Started 
0
