 Network rgged98c340e5_default Creating 
 Network rgged98c340e5_default Created 
 Container rgged98c340e5-collector-1 Creating 
 Container rgged98c340e5-collector-1 Created 
 Container rgged98c340e5-node19-1 Creating 
 Container rgged98c340e5-node11-1 Creating 
 Container rgged98c340e5-node17-1 Creating 
 Container rgged98c340e5-node1-1 Creating 
 Container rgged98c340e5-node16-1 Creating 
 Container rgged98c340e5-node22-1 Creating 
 Container rgged98c340e5-node20-1 Creating 
 Container rgged98c340e5-node8-1 Creating 
 Container rgged98c340e5-node10-1 Creating 
 Container rgged98c340e5-node9-1 Creating 
 Container rgged98c340e5-node18-1 Creating 
 Container rgged98c340e5-node6-1 Creating 
 Container rgged98c340e5-node15-1 Creating 
 Container rgged98c340e5-node3-1 Creating 
 Container rgged98c340e5-node2-1 Creating 
 Container rgged98c340e5-node23-1 Creating 
 Container rgged98c340e5-node13-1 Creating 
 Container rgged98c340e5-node12-1 Creating 
 Container rgged98c340e5-node21-1 Creating 
 Container rgged98c340e5-node7-1 Creating 
 Container rgged98c340e5-node0-1 Creating 
 Container rgged98c340e5-node4-1 Creating 
 Container rgged98c340e5-node14-1 Creating 
 Container rgged98c340e5-node5-1 Creating 
 Container rgged98c340e5-node19-1 Created 
 Container rgged98c340e5-node10-1 Created 
 Container rgged98c340e5-node20-1 Created 
 Container rgged98c340e5-node5-1 Created 
 Container rgged98c340e5-node6-1 Created 
 Container rgged98c340e5-node11-1 Created 
 Container rgged98c340e5-node16-1 Created 
 Container rgged98c340e5-node22-1 Created 
 Container rgged98c340e5-node12-1 Created 
 Container rgged98c340e5-node23-1 Created 
 Container rgged98c340e5-node3-1 Created 
 Container rgged98c340e5-node1-1 Created 
 Container rgged98c340e5-node18-1 Created 
 Container rgged98c340e5-node8-1 Created 
 Container rgged98c340e5-node21-1 Created 
 Container rgged98c340e5-node2-1 Created 
 Container rgged98c340e5-node17-1 Created 
 Container rgged98c340e5-node0-1 Created 
 Container rgged98c340e5-node14-1 Created 
 Container rgged98c340e5-node7-1 Created 
 Container rgged98c340e5-node13-1 Created 
 Container rgged98c340e5-node15-1 Created 
 Container rgged98c340e5-node4-1 Created 
 Container rgged98c340e5-node9-1 Created 
 Container rgged98c340e5-collector-1 Starting 
 Container rgged98c340e5-collector-1 Started 
 Container rgged98c340e5-node5-1 Starting 
 Container rgged98c340e5-node15-1 Starting 
 Container rgged98c340e5-node6-1 Starting 
 Container rgged98c340e5-node14-1 Starting 
 Container rgged98c340e5-node0-1 Starting 
 Container rgged98c340e5-node1-1 Starting 
 Container rgged98c340e5-node22-1 Starting 
 Container rgged98c340e5-node18-1 Starting 
 Container rgged98c340e5-node7-1 Starting 
 Container rgged98c340e5-node12-1 Starting 
 Container rgged98c340e5-node23-1 Starting 
 Container rgged98c340e5-node16-1 Starting 
 Container rgged98c340e5-node20-1 Starting 
 Container rgged98c340e5-node8-1 Starting 
 Container rgged98c340e5-node11-1 Starting 
 Container rgged98c340e5-node19-1 Starting 
 Container rgged98c340e5-node2-1 Starting 
 Container rgged98c340e5-node10-1 Starting 
 Container rgged98c340e5-node4-1 Starting 
 Container rgged98c340e5-node9-1 Starting 
 Container rgged98c340e5-node3-1 Starting 
 Container rgged98c340e5-node17-1 Starting 
 Container rgged98c340e5-node21-1 Starting 
 Container rgged98c340e5-node13-1 Starting 
 Container rgged98c340e5-node6-1 Started 
 Container rgged98c340e5-node1-1 Started 
 Container rgged98c340e5-node21-1 Started 
 Container rgged98c340e5-node15-1 Started 
 Container rgged98c340e5-node19-1 Started 
 Container rgged98c340e5-node9-1 Started 
 Container rgged98c340e5-node10-1 Started 
 Container rgged98c340e5-node4-1 Started 
 Container rgged98c340e5-node23-1 Started 
 Container rgged98c340e5-node12-1 Started 
 Container rgged98c340e5-node13-1 Started 
 Container rgged98c340e5-node18-1 Started 
 Container rgged98c340e5-node22-1 Started 
 Container rgged98c340e5-node5-1 Started 
 Container rgged98c340e5-node16-1 Started 
 Container rgged98c340e5-node0-1 Started 
 Container rgged98c340e5-node3-1 Started 
 Container rgged98c340e5-node14-1 Started 
 Container rgged98c340e5-node20-1 Started 
 Container rgged98c340e5-node17-1 Started 
 Container rgged98c340e5-node11-1 Started 
 Container rgged98c340e5-node8-1 Started 
 Container rgged98c340e5-node7-1 Started 
 Container rgged98c340e5-node2-1 Started 
DRIVER_STARTED: 2026-07-15T05:02:44Z
0
