 Network rggaf348d2603_default Creating 
 Network rggaf348d2603_default Created 
 Container rggaf348d2603-collector-1 Creating 
 Container rggaf348d2603-collector-1 Created 
 Container rggaf348d2603-node1-1 Creating 
 Container rggaf348d2603-node6-1 Creating 
 Container rggaf348d2603-node8-1 Creating 
 Container rggaf348d2603-node0-1 Creating 
 Container rggaf348d2603-node9-1 Creating 
 Container rggaf348d2603-node4-1 Creating 
 Container rggaf348d2603-node10-1 Creating 
 Container rggaf348d2603-node2-1 Creating 
 Container rggaf348d2603-node5-1 Creating 
 Container rggaf348d2603-node12-1 Creating 
 Container rggaf348d2603-node11-1 Creating 
 Container rggaf348d2603-node15-1 Creating 
 Container rggaf348d2603-node3-1 Creating 
 Container rggaf348d2603-node13-1 Creating 
 Container rggaf348d2603-node14-1 Creating 
 Container rggaf348d2603-node7-1 Creating 
 Container rggaf348d2603-node9-1 Created 
 Container rggaf348d2603-node10-1 Created 
 Container rggaf348d2603-node11-1 Created 
 Container rggaf348d2603-node7-1 Created 
 Container rggaf348d2603-node5-1 Created 
 Container rggaf348d2603-node1-1 Created 
 Container rggaf348d2603-node6-1 Created 
 Container rggaf348d2603-node15-1 Created 
 Container rggaf348d2603-node2-1 Created 
 Container rggaf348d2603-node8-1 Created 
 Container rggaf348d2603-node12-1 Created 
 Container rggaf348d2603-node13-1 Created 
 Container rggaf348d2603-node3-1 Created 
 Container rggaf348d2603-node14-1 Created 
 Container rggaf348d2603-node0-1 Created 
 Container rggaf348d2603-node4-1 Created 
 Container rggaf348d2603-driver-1 Creating 
 Container rggaf348d2603-driver-1 Created 
 Container rggaf348d2603-collector-1 Starting 
 Container rggaf348d2603-collector-1 Started 
 Container rggaf348d2603-node15-1 Starting 
 Container rggaf348d2603-node12-1 Starting 
 Container rggaf348d2603-node10-1 Starting 
 Container rggaf348d2603-node11-1 Starting 
 Container rggaf348d2603-node4-1 Starting 
 Container rggaf348d2603-node1-1 Starting 
 Container rggaf348d2603-node14-1 Starting 
 Container rggaf348d2603-node5-1 Starting 
 Container rggaf348d2603-node7-1 Starting 
 Container rggaf348d2603-node3-1 Starting 
 Container rggaf348d2603-node6-1 Starting 
 Container rggaf348d2603-node13-1 Starting 
 Container rggaf348d2603-node8-1 Starting 
 Container rggaf348d2603-node0-1 Starting 
 Container rggaf348d2603-node2-1 Starting 
 Container rggaf348d2603-node9-1 Starting 
 Container rggaf348d2603-node11-1 Started 
 Container rggaf348d2603-node5-1 Started 
 Container rggaf348d2603-node15-1 Started 
 Container rggaf348d2603-node4-1 Started 
 Container rggaf348d2603-node13-1 Started 
 Container rggaf348d2603-node1-1 Started 
 Container rggaf348d2603-node7-1 Started 
 Container rggaf348d2603-node12-1 Started 
 Container rggaf348d2603-node6-1 Started 
 Container rggaf348d2603-node0-1 Started 
 Container rggaf348d2603-node8-1 Started 
 Container rggaf348d2603-node14-1 Started 
 Container rggaf348d2603-node3-1 Started 
 Container rggaf348d2603-node10-1 Started 
 Container rggaf348d2603-node2-1 Started 
 Container rggaf348d2603-node9-1 Started 
 Container rggaf348d2603-driver-1 Starting 
 Container rggaf348d2603-driver-1 Started 
0
