 Network rgg7638d85113_default Creating 
 Network rgg7638d85113_default Created 
 Container rgg7638d85113-collector-1 Creating 
 Container rgg7638d85113-collector-1 Created 
 Container rgg7638d85113-node8-1 Creating 
 Container rgg7638d85113-node11-1 Creating 
 Container rgg7638d85113-node4-1 Creating 
 Container rgg7638d85113-node7-1 Creating 
 Container rgg7638d85113-node14-1 Creating 
 Container rgg7638d85113-node2-1 Creating 
 Container rgg7638d85113-node0-1 Creating 
 Container rgg7638d85113-node3-1 Creating 
 Container rgg7638d85113-node6-1 Creating 
 Container rgg7638d85113-node5-1 Creating 
 Container rgg7638d85113-node10-1 Creating 
 Container rgg7638d85113-node12-1 Creating 
 Container rgg7638d85113-node9-1 Creating 
 Container rgg7638d85113-node13-1 Creating 
 Container rgg7638d85113-node15-1 Creating 
 Container rgg7638d85113-node1-1 Creating 
 Container rgg7638d85113-node0-1 Created 
 Container rgg7638d85113-node4-1 Created 
 Container rgg7638d85113-node5-1 Created 
 Container rgg7638d85113-node14-1 Created 
 Container rgg7638d85113-node11-1 Created 
 Container rgg7638d85113-node6-1 Created 
 Container rgg7638d85113-node7-1 Created 
 Container rgg7638d85113-node3-1 Created 
 Container rgg7638d85113-node1-1 Created 
 Container rgg7638d85113-node12-1 Created 
 Container rgg7638d85113-node9-1 Created 
 Container rgg7638d85113-node13-1 Created 
 Container rgg7638d85113-node8-1 Created 
 Container rgg7638d85113-node15-1 Created 
 Container rgg7638d85113-node2-1 Created 
 Container rgg7638d85113-node10-1 Created 
 Container rgg7638d85113-driver-1 Creating 
 Container rgg7638d85113-driver-1 Created 
 Container rgg7638d85113-collector-1 Starting 
 Container rgg7638d85113-collector-1 Started 
 Container rgg7638d85113-node3-1 Starting 
 Container rgg7638d85113-node4-1 Starting 
 Container rgg7638d85113-node1-1 Starting 
 Container rgg7638d85113-node9-1 Starting 
 Container rgg7638d85113-node10-1 Starting 
 Container rgg7638d85113-node2-1 Starting 
 Container rgg7638d85113-node11-1 Starting 
 Container rgg7638d85113-node0-1 Starting 
 Container rgg7638d85113-node12-1 Starting 
 Container rgg7638d85113-node14-1 Starting 
 Container rgg7638d85113-node7-1 Starting 
 Container rgg7638d85113-node15-1 Starting 
 Container rgg7638d85113-node13-1 Starting 
 Container rgg7638d85113-node8-1 Starting 
 Container rgg7638d85113-node6-1 Starting 
 Container rgg7638d85113-node5-1 Starting 
 Container rgg7638d85113-node1-1 Started 
 Container rgg7638d85113-node11-1 Started 
 Container rgg7638d85113-node3-1 Started 
 Container rgg7638d85113-node5-1 Started 
 Container rgg7638d85113-node9-1 Started 
 Container rgg7638d85113-node6-1 Started 
 Container rgg7638d85113-node2-1 Started 
 Container rgg7638d85113-node4-1 Started 
 Container rgg7638d85113-node12-1 Started 
 Container rgg7638d85113-node0-1 Started 
 Container rgg7638d85113-node13-1 Started 
 Container rgg7638d85113-node7-1 Started 
 Container rgg7638d85113-node8-1 Started 
 Container rgg7638d85113-node15-1 Started 
 Container rgg7638d85113-node14-1 Started 
 Container rgg7638d85113-node10-1 Started 
 Container rgg7638d85113-driver-1 Starting 
 Container rgg7638d85113-driver-1 Started 
0
