 Network rgg6155ec315c_default Creating 
 Network rgg6155ec315c_default Created 
 Container rgg6155ec315c-collector-1 Creating 
 Container rgg6155ec315c-collector-1 Created 
 Container rgg6155ec315c-node6-1 Creating 
 Container rgg6155ec315c-node12-1 Creating 
 Container rgg6155ec315c-node10-1 Creating 
 Container rgg6155ec315c-node1-1 Creating 
 Container rgg6155ec315c-node5-1 Creating 
 Container rgg6155ec315c-node14-1 Creating 
 Container rgg6155ec315c-node0-1 Creating 
 Container rgg6155ec315c-node8-1 Creating 
 Container rgg6155ec315c-node11-1 Creating 
 Container rgg6155ec315c-node3-1 Creating 
 Container rgg6155ec315c-node7-1 Creating 
 Container rgg6155ec315c-node15-1 Creating 
 Container rgg6155ec315c-node13-1 Creating 
 Container rgg6155ec315c-node4-1 Creating 
 Container rgg6155ec315c-node9-1 Creating 
 Container rgg6155ec315c-node2-1 Creating 
 Container rgg6155ec315c-node15-1 Created 
 Container rgg6155ec315c-node8-1 Created 
 Container rgg6155ec315c-node12-1 Created 
 Container rgg6155ec315c-node11-1 Created 
 Container rgg6155ec315c-node1-1 Created 
 Container rgg6155ec315c-node3-1 Created 
 Container rgg6155ec315c-node9-1 Created 
 Container rgg6155ec315c-node13-1 Created 
 Container rgg6155ec315c-node14-1 Created 
 Container rgg6155ec315c-node2-1 Created 
 Container rgg6155ec315c-node7-1 Created 
 Container rgg6155ec315c-node6-1 Created 
 Container rgg6155ec315c-node10-1 Created 
 Container rgg6155ec315c-node4-1 Created 
 Container rgg6155ec315c-node0-1 Created 
 Container rgg6155ec315c-node5-1 Created 
 Container rgg6155ec315c-collector-1 Starting 
 Container rgg6155ec315c-collector-1 Started 
 Container rgg6155ec315c-node9-1 Starting 
 Container rgg6155ec315c-node2-1 Starting 
 Container rgg6155ec315c-node13-1 Starting 
 Container rgg6155ec315c-node0-1 Starting 
 Container rgg6155ec315c-node3-1 Starting 
 Container rgg6155ec315c-node8-1 Starting 
 Container rgg6155ec315c-node6-1 Starting 
 Container rgg6155ec315c-node11-1 Starting 
 Container rgg6155ec315c-node10-1 Starting 
 Container rgg6155ec315c-node15-1 Starting 
 Container rgg6155ec315c-node1-1 Starting 
 Container rgg6155ec315c-node5-1 Starting 
 Container rgg6155ec315c-node4-1 Starting 
 Container rgg6155ec315c-node12-1 Starting 
 Container rgg6155ec315c-node7-1 Starting 
 Container rgg6155ec315c-node14-1 Starting 
 Container rgg6155ec315c-node9-1 Started 
 Container rgg6155ec315c-node12-1 Started 
 Container rgg6155ec315c-node15-1 Started 
 Container rgg6155ec315c-node3-1 Started 
 Container rgg6155ec315c-node11-1 Started 
 Container rgg6155ec315c-node14-1 Started 
 Container rgg6155ec315c-node2-1 Started 
 Container rgg6155ec315c-node13-1 Started 
 Container rgg6155ec315c-node5-1 Started 
 Container rgg6155ec315c-node4-1 Started 
 Container rgg6155ec315c-node7-1 Started 
 Container rgg6155ec315c-node6-1 Started 
 Container rgg6155ec315c-node1-1 Started 
 Container rgg6155ec315c-node10-1 Started 
 Container rgg6155ec315c-node8-1 Started 
 Container rgg6155ec315c-node0-1 Started 
READY_BARRIER: 15/16 node services ready
DRIVER_STARTED: 2026-07-15T13:45:21Z
0
