 Network rggf9fc104994_default Creating 
 Network rggf9fc104994_default Created 
 Container rggf9fc104994-collector-1 Creating 
 Container rggf9fc104994-collector-1 Created 
 Container rggf9fc104994-node2-1 Creating 
 Container rggf9fc104994-node6-1 Creating 
 Container rggf9fc104994-node4-1 Creating 
 Container rggf9fc104994-node15-1 Creating 
 Container rggf9fc104994-node10-1 Creating 
 Container rggf9fc104994-node1-1 Creating 
 Container rggf9fc104994-node13-1 Creating 
 Container rggf9fc104994-node5-1 Creating 
 Container rggf9fc104994-node7-1 Creating 
 Container rggf9fc104994-node8-1 Creating 
 Container rggf9fc104994-node9-1 Creating 
 Container rggf9fc104994-node3-1 Creating 
 Container rggf9fc104994-node14-1 Creating 
 Container rggf9fc104994-node12-1 Creating 
 Container rggf9fc104994-node11-1 Creating 
 Container rggf9fc104994-node0-1 Creating 
 Container rggf9fc104994-node8-1 Created 
 Container rggf9fc104994-node4-1 Created 
 Container rggf9fc104994-node0-1 Created 
 Container rggf9fc104994-node14-1 Created 
 Container rggf9fc104994-node6-1 Created 
 Container rggf9fc104994-node10-1 Created 
 Container rggf9fc104994-node3-1 Created 
 Container rggf9fc104994-node12-1 Created 
 Container rggf9fc104994-node7-1 Created 
 Container rggf9fc104994-node2-1 Created 
 Container rggf9fc104994-node1-1 Created 
 Container rggf9fc104994-node9-1 Created 
 Container rggf9fc104994-node13-1 Created 
 Container rggf9fc104994-node11-1 Created 
 Container rggf9fc104994-node15-1 Created 
 Container rggf9fc104994-node5-1 Created 
 Container rggf9fc104994-collector-1 Starting 
 Container rggf9fc104994-collector-1 Started 
 Container rggf9fc104994-node9-1 Starting 
 Container rggf9fc104994-node15-1 Starting 
 Container rggf9fc104994-node0-1 Starting 
 Container rggf9fc104994-node14-1 Starting 
 Container rggf9fc104994-node7-1 Starting 
 Container rggf9fc104994-node10-1 Starting 
 Container rggf9fc104994-node13-1 Starting 
 Container rggf9fc104994-node4-1 Starting 
 Container rggf9fc104994-node11-1 Starting 
 Container rggf9fc104994-node6-1 Starting 
 Container rggf9fc104994-node2-1 Starting 
 Container rggf9fc104994-node12-1 Starting 
 Container rggf9fc104994-node1-1 Starting 
 Container rggf9fc104994-node8-1 Starting 
 Container rggf9fc104994-node5-1 Starting 
 Container rggf9fc104994-node3-1 Starting 
 Container rggf9fc104994-node9-1 Started 
 Container rggf9fc104994-node1-1 Started 
 Container rggf9fc104994-node15-1 Started 
 Container rggf9fc104994-node0-1 Started 
 Container rggf9fc104994-node13-1 Started 
 Container rggf9fc104994-node11-1 Started 
 Container rggf9fc104994-node6-1 Started 
 Container rggf9fc104994-node3-1 Started 
 Container rggf9fc104994-node4-1 Started 
 Container rggf9fc104994-node14-1 Started 
 Container rggf9fc104994-node10-1 Started 
 Container rggf9fc104994-node2-1 Started 
 Container rggf9fc104994-node5-1 Started 
 Container rggf9fc104994-node7-1 Started 
 Container rggf9fc104994-node8-1 Started 
 Container rggf9fc104994-node12-1 Started 
READY_BARRIER: 14/16 node services ready
DRIVER_STARTED: 2026-07-15T13:44:22Z
0
