 Network rgg167191279d_default Creating 
 Network rgg167191279d_default Created 
 Container rgg167191279d-collector-1 Creating 
 Container rgg167191279d-collector-1 Created 
 Container rgg167191279d-node12-1 Creating 
 Container rgg167191279d-node7-1 Creating 
 Container rgg167191279d-node5-1 Creating 
 Container rgg167191279d-node21-1 Creating 
 Container rgg167191279d-node19-1 Creating 
 Container rgg167191279d-node8-1 Creating 
 Container rgg167191279d-node4-1 Creating 
 Container rgg167191279d-node6-1 Creating 
 Container rgg167191279d-node11-1 Creating 
 Container rgg167191279d-node23-1 Creating 
 Container rgg167191279d-node17-1 Creating 
 Container rgg167191279d-node13-1 Creating 
 Container rgg167191279d-node16-1 Creating 
 Container rgg167191279d-node14-1 Creating 
 Container rgg167191279d-node15-1 Creating 
 Container rgg167191279d-node1-1 Creating 
 Container rgg167191279d-node18-1 Creating 
 Container rgg167191279d-node0-1 Creating 
 Container rgg167191279d-node20-1 Creating 
 Container rgg167191279d-node22-1 Creating 
 Container rgg167191279d-node9-1 Creating 
 Container rgg167191279d-node10-1 Creating 
 Container rgg167191279d-node2-1 Creating 
 Container rgg167191279d-node3-1 Creating 
 Container rgg167191279d-node5-1 Created 
 Container rgg167191279d-node12-1 Created 
 Container rgg167191279d-node7-1 Created 
 Container rgg167191279d-node2-1 Created 
 Container rgg167191279d-node20-1 Created 
 Container rgg167191279d-node6-1 Created 
 Container rgg167191279d-node18-1 Created 
 Container rgg167191279d-node21-1 Created 
 Container rgg167191279d-node23-1 Created 
 Container rgg167191279d-node4-1 Created 
 Container rgg167191279d-node9-1 Created 
 Container rgg167191279d-node19-1 Created 
 Container rgg167191279d-node17-1 Created 
 Container rgg167191279d-node15-1 Created 
 Container rgg167191279d-node8-1 Created 
 Container rgg167191279d-node10-1 Created 
 Container rgg167191279d-node0-1 Created 
 Container rgg167191279d-node3-1 Created 
 Container rgg167191279d-node13-1 Created 
 Container rgg167191279d-node22-1 Created 
 Container rgg167191279d-node1-1 Created 
 Container rgg167191279d-node11-1 Created 
 Container rgg167191279d-node14-1 Created 
 Container rgg167191279d-node16-1 Created 
 Container rgg167191279d-collector-1 Starting 
 Container rgg167191279d-collector-1 Started 
 Container rgg167191279d-node16-1 Starting 
 Container rgg167191279d-node1-1 Starting 
 Container rgg167191279d-node8-1 Starting 
 Container rgg167191279d-node22-1 Starting 
 Container rgg167191279d-node12-1 Starting 
 Container rgg167191279d-node0-1 Starting 
 Container rgg167191279d-node14-1 Starting 
 Container rgg167191279d-node17-1 Starting 
 Container rgg167191279d-node9-1 Starting 
 Container rgg167191279d-node21-1 Starting 
 Container rgg167191279d-node2-1 Starting 
 Container rgg167191279d-node15-1 Starting 
 Container rgg167191279d-node7-1 Starting 
 Container rgg167191279d-node5-1 Starting 
 Container rgg167191279d-node20-1 Starting 
 Container rgg167191279d-node6-1 Starting 
 Container rgg167191279d-node11-1 Starting 
 Container rgg167191279d-node3-1 Starting 
 Container rgg167191279d-node4-1 Starting 
 Container rgg167191279d-node10-1 Starting 
 Container rgg167191279d-node18-1 Starting 
 Container rgg167191279d-node13-1 Starting 
 Container rgg167191279d-node23-1 Starting 
 Container rgg167191279d-node19-1 Starting 
 Container rgg167191279d-node14-1 Started 
 Container rgg167191279d-node1-1 Started 
 Container rgg167191279d-node16-1 Started 
 Container rgg167191279d-node0-1 Started 
 Container rgg167191279d-node13-1 Started 
 Container rgg167191279d-node6-1 Started 
 Container rgg167191279d-node11-1 Started 
 Container rgg167191279d-node18-1 Started 
 Container rgg167191279d-node9-1 Started 
 Container rgg167191279d-node20-1 Started 
 Container rgg167191279d-node23-1 Started 
 Container rgg167191279d-node21-1 Started 
 Container rgg167191279d-node15-1 Started 
 Container rgg167191279d-node2-1 Started 
 Container rgg167191279d-node4-1 Started 
 Container rgg167191279d-node8-1 Started 
 Container rgg167191279d-node10-1 Started 
 Container rgg167191279d-node5-1 Started 
 Container rgg167191279d-node12-1 Started 
 Container rgg167191279d-node17-1 Started 
 Container rgg167191279d-node7-1 Started 
 Container rgg167191279d-node3-1 Started 
 Container rgg167191279d-node19-1 Started 
 Container rgg167191279d-node22-1 Started 
NETEM_APPLIED node0 iface=eth0: qdisc netem 85b1: root refcnt 17 limit 1000 delay 20ms  5ms seed 11666474242537762674
NETEM_APPLIED node1 iface=eth0: qdisc netem 85b2: root refcnt 17 limit 1000 delay 20ms  5ms seed 16458036751170826890
NETEM_APPLIED node2 iface=eth0: qdisc netem 85b3: root refcnt 17 limit 1000 delay 20ms  5ms seed 18311064322090052128
NETEM_APPLIED node3 iface=eth0: qdisc netem 85b4: root refcnt 17 limit 1000 delay 20ms  5ms seed 6667847221457351076
NETEM_APPLIED node4 iface=eth0: qdisc netem 85b5: root refcnt 17 limit 1000 delay 20ms  5ms seed 6372369320263592950
NETEM_APPLIED node5 iface=eth0: qdisc netem 85b6: root refcnt 17 limit 1000 delay 20ms  5ms seed 15685900424632425407
NETEM_APPLIED node6 iface=eth0: qdisc netem 85b7: root refcnt 17 limit 1000 delay 20ms  5ms seed 12571992775168341108
NETEM_APPLIED node7 iface=eth0: qdisc netem 85b8: root refcnt 17 limit 1000 delay 20ms  5ms seed 952794570340614239
NETEM_APPLIED node8 iface=eth0: qdisc netem 85b9: root refcnt 17 limit 1000 delay 20ms  5ms seed 2316180256716752339
NETEM_APPLIED node9 iface=eth0: qdisc netem 85ba: root refcnt 17 limit 1000 delay 20ms  5ms seed 18401263044058411840
NETEM_APPLIED node10 iface=eth0: qdisc netem 85bb: root refcnt 17 limit 1000 delay 20ms  5ms seed 5082664484069538897
NETEM_APPLIED node11 iface=eth0: qdisc netem 85bc: root refcnt 17 limit 1000 delay 20ms  5ms seed 3553592567002516122
NETEM_APPLIED node12 iface=eth0: qdisc netem 85bd: root refcnt 17 limit 1000 delay 20ms  5ms seed 13930399395470673965
NETEM_APPLIED node13 iface=eth0: qdisc netem 85be: root refcnt 17 limit 1000 delay 20ms  5ms seed 3737707249120443156
NETEM_APPLIED node14 iface=eth0: qdisc netem 85bf: root refcnt 17 limit 1000 delay 20ms  5ms seed 13750394614138246109
NETEM_APPLIED node15 iface=eth0: qdisc netem 85c0: root refcnt 17 limit 1000 delay 20ms  5ms seed 10741829548103484537
NETEM_APPLIED node16 iface=eth0: qdisc netem 85c1: root refcnt 17 limit 1000 delay 20ms  5ms seed 653215102989240223
NETEM_APPLIED node17 iface=eth0: qdisc netem 85c2: root refcnt 17 limit 1000 delay 20ms  5ms seed 5313957981387986987
NETEM_APPLIED node18 iface=eth0: qdisc netem 85c3: root refcnt 17 limit 1000 delay 20ms  5ms seed 13594552495740952425
NETEM_APPLIED node19 iface=eth0: qdisc netem 85c4: root refcnt 17 limit 1000 delay 20ms  5ms seed 146518296483057535
NETEM_APPLIED node20 iface=eth0: qdisc netem 85c5: root refcnt 17 limit 1000 delay 20ms  5ms seed 12644980502177091465
NETEM_APPLIED node21 iface=eth0: qdisc netem 85c6: root refcnt 17 limit 1000 delay 20ms  5ms seed 16127389782479422153
NETEM_APPLIED node22 iface=eth0: qdisc netem 85c7: root refcnt 17 limit 1000 delay 20ms  5ms seed 14061882185063860539
NETEM_APPLIED node23 iface=eth0: qdisc netem 85c8: root refcnt 17 limit 1000 delay 20ms  5ms seed 14185594965568589352
NETEM_RTT_GATE OK: baseline=0.1ms actual=40.5ms increase=40.4ms
DRIVER_STARTED: 2026-07-15T06:28:40Z
0
QDSK_CLEANUP_FAIL node0: Command '['docker', 'exec', 'rgg167191279d-node0-1', 'sh', '-c', "ip -o -4 addr show scope global 2>/dev/null | head -1 | awk '{print $2}'"]' returned non-zero exit status 1.
QDSK_CLEANUP_FAIL node1: Command '['docker', 'exec', 'rgg167191279d-node1-1', 'sh', '-c', "ip -o -4 addr show scope global 2>/dev/null | head -1 | awk '{print $2}'"]' returned non-zero exit status 1.
QDSK_CLEANUP_FAIL node2: Command '['docker', 'exec', 'rgg167191279d-node2-1', 'sh', '-c', "ip -o -4 addr show scope global 2>/dev/null | head -1 | awk '{print $2}'"]' returned non-zero exit status 1.
QDSK_CLEANUP_FAIL node3: Command '['docker', 'exec', 'rgg167191279d-node3-1', 'sh', '-c', "ip -o -4 addr show scope global 2>/dev/null | head -1 | awk '{print $2}'"]' returned non-zero exit status 1.
QDSK_CLEANUP_FAIL node4: Command '['docker', 'exec', 'rgg167191279d-node4-1', 'sh', '-c', "ip -o -4 addr show scope global 2>/dev/null | head -1 | awk '{print $2}'"]' returned non-zero exit status 1.
QDSK_CLEANUP_FAIL node5: Command '['docker', 'exec', 'rgg167191279d-node5-1', 'sh', '-c', "ip -o -4 addr show scope global 2>/dev/null | head -1 | awk '{print $2}'"]' returned non-zero exit status 1.
QDSK_CLEANUP_FAIL node6: Command '['docker', 'exec', 'rgg167191279d-node6-1', 'sh', '-c', "ip -o -4 addr show scope global 2>/dev/null | head -1 | awk '{print $2}'"]' returned non-zero exit status 1.
QDSK_CLEANUP_FAIL node7: Command '['docker', 'exec', 'rgg167191279d-node7-1', 'sh', '-c', "ip -o -4 addr show scope global 2>/dev/null | head -1 | awk '{print $2}'"]' returned non-zero exit status 1.
QDSK_CLEANUP_FAIL node8: Command '['docker', 'exec', 'rgg167191279d-node8-1', 'sh', '-c', "ip -o -4 addr show scope global 2>/dev/null | head -1 | awk '{print $2}'"]' returned non-zero exit status 1.
QDSK_CLEANUP_FAIL node9: Command '['docker', 'exec', 'rgg167191279d-node9-1', 'sh', '-c', "ip -o -4 addr show scope global 2>/dev/null | head -1 | awk '{print $2}'"]' returned non-zero exit status 1.
QDSK_CLEANUP_FAIL node10: Command '['docker', 'exec', 'rgg167191279d-node10-1', 'sh', '-c', "ip -o -4 addr show scope global 2>/dev/null | head -1 | awk '{print $2}'"]' returned non-zero exit status 1.
QDSK_CLEANUP_FAIL node11: Command '['docker', 'exec', 'rgg167191279d-node11-1', 'sh', '-c', "ip -o -4 addr show scope global 2>/dev/null | head -1 | awk '{print $2}'"]' returned non-zero exit status 1.
QDSK_CLEANUP_FAIL node12: Command '['docker', 'exec', 'rgg167191279d-node12-1', 'sh', '-c', "ip -o -4 addr show scope global 2>/dev/null | head -1 | awk '{print $2}'"]' returned non-zero exit status 1.
QDSK_CLEANUP_FAIL node13: Command '['docker', 'exec', 'rgg167191279d-node13-1', 'sh', '-c', "ip -o -4 addr show scope global 2>/dev/null | head -1 | awk '{print $2}'"]' returned non-zero exit status 1.
QDSK_CLEANUP_FAIL node14: Command '['docker', 'exec', 'rgg167191279d-node14-1', 'sh', '-c', "ip -o -4 addr show scope global 2>/dev/null | head -1 | awk '{print $2}'"]' returned non-zero exit status 1.
QDSK_CLEANUP_FAIL node15: Command '['docker', 'exec', 'rgg167191279d-node15-1', 'sh', '-c', "ip -o -4 addr show scope global 2>/dev/null | head -1 | awk '{print $2}'"]' returned non-zero exit status 1.
QDSK_CLEANUP_FAIL node16: Command '['docker', 'exec', 'rgg167191279d-node16-1', 'sh', '-c', "ip -o -4 addr show scope global 2>/dev/null | head -1 | awk '{print $2}'"]' returned non-zero exit status 1.
QDSK_CLEANUP_FAIL node17: Command '['docker', 'exec', 'rgg167191279d-node17-1', 'sh', '-c', "ip -o -4 addr show scope global 2>/dev/null | head -1 | awk '{print $2}'"]' returned non-zero exit status 1.
QDSK_CLEANUP_FAIL node18: Command '['docker', 'exec', 'rgg167191279d-node18-1', 'sh', '-c', "ip -o -4 addr show scope global 2>/dev/null | head -1 | awk '{print $2}'"]' returned non-zero exit status 1.
QDSK_CLEANUP_FAIL node19: Command '['docker', 'exec', 'rgg167191279d-node19-1', 'sh', '-c', "ip -o -4 addr show scope global 2>/dev/null | head -1 | awk '{print $2}'"]' returned non-zero exit status 1.
QDSK_CLEANUP_FAIL node20: Command '['docker', 'exec', 'rgg167191279d-node20-1', 'sh', '-c', "ip -o -4 addr show scope global 2>/dev/null | head -1 | awk '{print $2}'"]' returned non-zero exit status 1.
QDSK_CLEANUP_FAIL node21: Command '['docker', 'exec', 'rgg167191279d-node21-1', 'sh', '-c', "ip -o -4 addr show scope global 2>/dev/null | head -1 | awk '{print $2}'"]' returned non-zero exit status 1.
QDSK_CLEANUP_FAIL node22: Command '['docker', 'exec', 'rgg167191279d-node22-1', 'sh', '-c', "ip -o -4 addr show scope global 2>/dev/null | head -1 | awk '{print $2}'"]' returned non-zero exit status 1.
QDSK_CLEANUP_FAIL node23: Command '['docker', 'exec', 'rgg167191279d-node23-1', 'sh', '-c', "ip -o -4 addr show scope global 2>/dev/null | head -1 | awk '{print $2}'"]' returned non-zero exit status 1.
