 Network rgg42e4594303_default Creating 
 Network rgg42e4594303_default Created 
 Container rgg42e4594303-collector-1 Creating 
 Container rgg42e4594303-collector-1 Created 
 Container rgg42e4594303-node17-1 Creating 
 Container rgg42e4594303-node6-1 Creating 
 Container rgg42e4594303-node15-1 Creating 
 Container rgg42e4594303-node23-1 Creating 
 Container rgg42e4594303-node22-1 Creating 
 Container rgg42e4594303-node14-1 Creating 
 Container rgg42e4594303-node4-1 Creating 
 Container rgg42e4594303-node5-1 Creating 
 Container rgg42e4594303-node7-1 Creating 
 Container rgg42e4594303-node3-1 Creating 
 Container rgg42e4594303-node11-1 Creating 
 Container rgg42e4594303-node1-1 Creating 
 Container rgg42e4594303-node12-1 Creating 
 Container rgg42e4594303-node9-1 Creating 
 Container rgg42e4594303-node18-1 Creating 
 Container rgg42e4594303-node21-1 Creating 
 Container rgg42e4594303-node8-1 Creating 
 Container rgg42e4594303-node2-1 Creating 
 Container rgg42e4594303-node19-1 Creating 
 Container rgg42e4594303-node16-1 Creating 
 Container rgg42e4594303-node20-1 Creating 
 Container rgg42e4594303-node10-1 Creating 
 Container rgg42e4594303-node0-1 Creating 
 Container rgg42e4594303-node13-1 Creating 
 Container rgg42e4594303-node23-1 Created 
 Container rgg42e4594303-node17-1 Created 
 Container rgg42e4594303-node12-1 Created 
 Container rgg42e4594303-node1-1 Created 
 Container rgg42e4594303-node14-1 Created 
 Container rgg42e4594303-node2-1 Created 
 Container rgg42e4594303-node5-1 Created 
 Container rgg42e4594303-node0-1 Created 
 Container rgg42e4594303-node18-1 Created 
 Container rgg42e4594303-node15-1 Created 
 Container rgg42e4594303-node20-1 Created 
 Container rgg42e4594303-node11-1 Created 
 Container rgg42e4594303-node9-1 Created 
 Container rgg42e4594303-node16-1 Created 
 Container rgg42e4594303-node21-1 Created 
 Container rgg42e4594303-node6-1 Created 
 Container rgg42e4594303-node10-1 Created 
 Container rgg42e4594303-node13-1 Created 
 Container rgg42e4594303-node22-1 Created 
 Container rgg42e4594303-node3-1 Created 
 Container rgg42e4594303-node19-1 Created 
 Container rgg42e4594303-node7-1 Created 
 Container rgg42e4594303-node4-1 Created 
 Container rgg42e4594303-node8-1 Created 
 Container rgg42e4594303-driver-1 Creating 
 Container rgg42e4594303-driver-1 Created 
 Container rgg42e4594303-collector-1 Starting 
 Container rgg42e4594303-collector-1 Started 
 Container rgg42e4594303-node4-1 Starting 
 Container rgg42e4594303-node9-1 Starting 
 Container rgg42e4594303-node8-1 Starting 
 Container rgg42e4594303-node7-1 Starting 
 Container rgg42e4594303-node21-1 Starting 
 Container rgg42e4594303-node14-1 Starting 
 Container rgg42e4594303-node19-1 Starting 
 Container rgg42e4594303-node2-1 Starting 
 Container rgg42e4594303-node3-1 Starting 
 Container rgg42e4594303-node12-1 Starting 
 Container rgg42e4594303-node18-1 Starting 
 Container rgg42e4594303-node6-1 Starting 
 Container rgg42e4594303-node0-1 Starting 
 Container rgg42e4594303-node23-1 Starting 
 Container rgg42e4594303-node11-1 Starting 
 Container rgg42e4594303-node13-1 Starting 
 Container rgg42e4594303-node10-1 Starting 
 Container rgg42e4594303-node16-1 Starting 
 Container rgg42e4594303-node5-1 Starting 
 Container rgg42e4594303-node15-1 Starting 
 Container rgg42e4594303-node22-1 Starting 
 Container rgg42e4594303-node1-1 Starting 
 Container rgg42e4594303-node20-1 Starting 
 Container rgg42e4594303-node17-1 Starting 
 Container rgg42e4594303-node8-1 Started 
 Container rgg42e4594303-node20-1 Started 
 Container rgg42e4594303-node7-1 Started 
 Container rgg42e4594303-node4-1 Started 
 Container rgg42e4594303-node10-1 Started 
 Container rgg42e4594303-node12-1 Started 
 Container rgg42e4594303-node6-1 Started 
 Container rgg42e4594303-node17-1 Started 
 Container rgg42e4594303-node5-1 Started 
 Container rgg42e4594303-node2-1 Started 
 Container rgg42e4594303-node3-1 Started 
 Container rgg42e4594303-node23-1 Started 
 Container rgg42e4594303-node22-1 Started 
 Container rgg42e4594303-node13-1 Started 
 Container rgg42e4594303-node14-1 Started 
 Container rgg42e4594303-node11-1 Started 
 Container rgg42e4594303-node9-1 Started 
 Container rgg42e4594303-node1-1 Started 
 Container rgg42e4594303-node19-1 Started 
 Container rgg42e4594303-node16-1 Started 
 Container rgg42e4594303-node0-1 Started 
 Container rgg42e4594303-node15-1 Started 
 Container rgg42e4594303-node18-1 Started 
 Container rgg42e4594303-node21-1 Started 
 Container rgg42e4594303-driver-1 Starting 
 Container rgg42e4594303-driver-1 Started 
0
