 Network rgg89580bfc7b_default Creating 
 Network rgg89580bfc7b_default Created 
 Container rgg89580bfc7b-collector-1 Creating 
 Container rgg89580bfc7b-collector-1 Created 
 Container rgg89580bfc7b-node6-1 Creating 
 Container rgg89580bfc7b-node10-1 Creating 
 Container rgg89580bfc7b-node13-1 Creating 
 Container rgg89580bfc7b-node12-1 Creating 
 Container rgg89580bfc7b-node4-1 Creating 
 Container rgg89580bfc7b-node8-1 Creating 
 Container rgg89580bfc7b-node5-1 Creating 
 Container rgg89580bfc7b-node1-1 Creating 
 Container rgg89580bfc7b-node7-1 Creating 
 Container rgg89580bfc7b-node0-1 Creating 
 Container rgg89580bfc7b-node11-1 Creating 
 Container rgg89580bfc7b-node3-1 Creating 
 Container rgg89580bfc7b-node14-1 Creating 
 Container rgg89580bfc7b-node9-1 Creating 
 Container rgg89580bfc7b-node2-1 Creating 
 Container rgg89580bfc7b-node15-1 Creating 
 Container rgg89580bfc7b-node10-1 Created 
 Container rgg89580bfc7b-node12-1 Created 
 Container rgg89580bfc7b-node8-1 Created 
 Container rgg89580bfc7b-node0-1 Created 
 Container rgg89580bfc7b-node6-1 Created 
 Container rgg89580bfc7b-node3-1 Created 
 Container rgg89580bfc7b-node15-1 Created 
 Container rgg89580bfc7b-node14-1 Created 
 Container rgg89580bfc7b-node5-1 Created 
 Container rgg89580bfc7b-node11-1 Created 
 Container rgg89580bfc7b-node9-1 Created 
 Container rgg89580bfc7b-node2-1 Created 
 Container rgg89580bfc7b-node13-1 Created 
 Container rgg89580bfc7b-node7-1 Created 
 Container rgg89580bfc7b-node1-1 Created 
 Container rgg89580bfc7b-node4-1 Created 
 Container rgg89580bfc7b-driver-1 Creating 
 Container rgg89580bfc7b-driver-1 Created 
 Container rgg89580bfc7b-collector-1 Starting 
 Container rgg89580bfc7b-collector-1 Started 
 Container rgg89580bfc7b-node11-1 Starting 
 Container rgg89580bfc7b-node15-1 Starting 
 Container rgg89580bfc7b-node1-1 Starting 
 Container rgg89580bfc7b-node8-1 Starting 
 Container rgg89580bfc7b-node7-1 Starting 
 Container rgg89580bfc7b-node12-1 Starting 
 Container rgg89580bfc7b-node5-1 Starting 
 Container rgg89580bfc7b-node9-1 Starting 
 Container rgg89580bfc7b-node6-1 Starting 
 Container rgg89580bfc7b-node2-1 Starting 
 Container rgg89580bfc7b-node13-1 Starting 
 Container rgg89580bfc7b-node0-1 Starting 
 Container rgg89580bfc7b-node3-1 Starting 
 Container rgg89580bfc7b-node4-1 Starting 
 Container rgg89580bfc7b-node10-1 Starting 
 Container rgg89580bfc7b-node14-1 Starting 
 Container rgg89580bfc7b-node15-1 Started 
 Container rgg89580bfc7b-node4-1 Started 
 Container rgg89580bfc7b-node1-1 Started 
 Container rgg89580bfc7b-node9-1 Started 
 Container rgg89580bfc7b-node11-1 Started 
 Container rgg89580bfc7b-node0-1 Started 
 Container rgg89580bfc7b-node14-1 Started 
 Container rgg89580bfc7b-node3-1 Started 
 Container rgg89580bfc7b-node8-1 Started 
 Container rgg89580bfc7b-node13-1 Started 
 Container rgg89580bfc7b-node7-1 Started 
 Container rgg89580bfc7b-node5-1 Started 
 Container rgg89580bfc7b-node6-1 Started 
 Container rgg89580bfc7b-node2-1 Started 
 Container rgg89580bfc7b-node10-1 Started 
 Container rgg89580bfc7b-node12-1 Started 
 Container rgg89580bfc7b-driver-1 Starting 
 Container rgg89580bfc7b-driver-1 Started 
0
