 Network rgg5c8b6fe5e4_default Creating 
 Network rgg5c8b6fe5e4_default Created 
 Container rgg5c8b6fe5e4-collector-1 Creating 
 Container rgg5c8b6fe5e4-collector-1 Created 
 Container rgg5c8b6fe5e4-node22-1 Creating 
 Container rgg5c8b6fe5e4-node3-1 Creating 
 Container rgg5c8b6fe5e4-node18-1 Creating 
 Container rgg5c8b6fe5e4-node7-1 Creating 
 Container rgg5c8b6fe5e4-node5-1 Creating 
 Container rgg5c8b6fe5e4-node0-1 Creating 
 Container rgg5c8b6fe5e4-node12-1 Creating 
 Container rgg5c8b6fe5e4-node19-1 Creating 
 Container rgg5c8b6fe5e4-node6-1 Creating 
 Container rgg5c8b6fe5e4-node2-1 Creating 
 Container rgg5c8b6fe5e4-node13-1 Creating 
 Container rgg5c8b6fe5e4-node8-1 Creating 
 Container rgg5c8b6fe5e4-node1-1 Creating 
 Container rgg5c8b6fe5e4-node23-1 Creating 
 Container rgg5c8b6fe5e4-node14-1 Creating 
 Container rgg5c8b6fe5e4-node17-1 Creating 
 Container rgg5c8b6fe5e4-node10-1 Creating 
 Container rgg5c8b6fe5e4-node16-1 Creating 
 Container rgg5c8b6fe5e4-node20-1 Creating 
 Container rgg5c8b6fe5e4-node21-1 Creating 
 Container rgg5c8b6fe5e4-node4-1 Creating 
 Container rgg5c8b6fe5e4-node15-1 Creating 
 Container rgg5c8b6fe5e4-node11-1 Creating 
 Container rgg5c8b6fe5e4-node9-1 Creating 
 Container rgg5c8b6fe5e4-node0-1 Created 
 Container rgg5c8b6fe5e4-node8-1 Created 
 Container rgg5c8b6fe5e4-node20-1 Created 
 Container rgg5c8b6fe5e4-node9-1 Created 
 Container rgg5c8b6fe5e4-node2-1 Created 
 Container rgg5c8b6fe5e4-node11-1 Created 
 Container rgg5c8b6fe5e4-node16-1 Created 
 Container rgg5c8b6fe5e4-node23-1 Created 
 Container rgg5c8b6fe5e4-node15-1 Created 
 Container rgg5c8b6fe5e4-node18-1 Created 
 Container rgg5c8b6fe5e4-node21-1 Created 
 Container rgg5c8b6fe5e4-node13-1 Created 
 Container rgg5c8b6fe5e4-node10-1 Created 
 Container rgg5c8b6fe5e4-node12-1 Created 
 Container rgg5c8b6fe5e4-node7-1 Created 
 Container rgg5c8b6fe5e4-node14-1 Created 
 Container rgg5c8b6fe5e4-node1-1 Created 
 Container rgg5c8b6fe5e4-node5-1 Created 
 Container rgg5c8b6fe5e4-node3-1 Created 
 Container rgg5c8b6fe5e4-node4-1 Created 
 Container rgg5c8b6fe5e4-node22-1 Created 
 Container rgg5c8b6fe5e4-node19-1 Created 
 Container rgg5c8b6fe5e4-node17-1 Created 
 Container rgg5c8b6fe5e4-node6-1 Created 
 Container rgg5c8b6fe5e4-collector-1 Starting 
 Container rgg5c8b6fe5e4-collector-1 Started 
 Container rgg5c8b6fe5e4-node14-1 Starting 
 Container rgg5c8b6fe5e4-node13-1 Starting 
 Container rgg5c8b6fe5e4-node19-1 Starting 
 Container rgg5c8b6fe5e4-node6-1 Starting 
 Container rgg5c8b6fe5e4-node20-1 Starting 
 Container rgg5c8b6fe5e4-node23-1 Starting 
 Container rgg5c8b6fe5e4-node7-1 Starting 
 Container rgg5c8b6fe5e4-node18-1 Starting 
 Container rgg5c8b6fe5e4-node17-1 Starting 
 Container rgg5c8b6fe5e4-node15-1 Starting 
 Container rgg5c8b6fe5e4-node12-1 Starting 
 Container rgg5c8b6fe5e4-node8-1 Starting 
 Container rgg5c8b6fe5e4-node3-1 Starting 
 Container rgg5c8b6fe5e4-node21-1 Starting 
 Container rgg5c8b6fe5e4-node22-1 Starting 
 Container rgg5c8b6fe5e4-node2-1 Starting 
 Container rgg5c8b6fe5e4-node4-1 Starting 
 Container rgg5c8b6fe5e4-node5-1 Starting 
 Container rgg5c8b6fe5e4-node10-1 Starting 
 Container rgg5c8b6fe5e4-node9-1 Starting 
 Container rgg5c8b6fe5e4-node0-1 Starting 
 Container rgg5c8b6fe5e4-node11-1 Starting 
 Container rgg5c8b6fe5e4-node16-1 Starting 
 Container rgg5c8b6fe5e4-node1-1 Starting 
 Container rgg5c8b6fe5e4-node18-1 Started 
 Container rgg5c8b6fe5e4-node4-1 Started 
 Container rgg5c8b6fe5e4-node8-1 Started 
 Container rgg5c8b6fe5e4-node2-1 Started 
 Container rgg5c8b6fe5e4-node9-1 Started 
 Container rgg5c8b6fe5e4-node19-1 Started 
 Container rgg5c8b6fe5e4-node13-1 Started 
 Container rgg5c8b6fe5e4-node16-1 Started 
 Container rgg5c8b6fe5e4-node17-1 Started 
 Container rgg5c8b6fe5e4-node14-1 Started 
 Container rgg5c8b6fe5e4-node10-1 Started 
 Container rgg5c8b6fe5e4-node0-1 Started 
 Container rgg5c8b6fe5e4-node12-1 Started 
 Container rgg5c8b6fe5e4-node22-1 Started 
 Container rgg5c8b6fe5e4-node5-1 Started 
 Container rgg5c8b6fe5e4-node11-1 Started 
 Container rgg5c8b6fe5e4-node21-1 Started 
 Container rgg5c8b6fe5e4-node6-1 Started 
 Container rgg5c8b6fe5e4-node1-1 Started 
 Container rgg5c8b6fe5e4-node3-1 Started 
 Container rgg5c8b6fe5e4-node20-1 Started 
 Container rgg5c8b6fe5e4-node7-1 Started 
 Container rgg5c8b6fe5e4-node23-1 Started 
 Container rgg5c8b6fe5e4-node15-1 Started 
NETEM_APPLIED node0 iface=eth0: qdisc netem 87b1: root refcnt 17 limit 1000 delay 50ms  10ms seed 6453495520735654663
NETEM_APPLIED node1 iface=eth0: qdisc netem 87b2: root refcnt 17 limit 1000 delay 50ms  10ms seed 15611418298355166145
NETEM_APPLIED node2 iface=eth0: qdisc netem 87b3: root refcnt 17 limit 1000 delay 50ms  10ms seed 13841430735852209123
NETEM_APPLIED node3 iface=eth0: qdisc netem 87b4: root refcnt 17 limit 1000 delay 50ms  10ms seed 14016519459556479465
NETEM_APPLIED node4 iface=eth0: qdisc netem 87b5: root refcnt 17 limit 1000 delay 50ms  10ms seed 13498982363639312968
NETEM_APPLIED node5 iface=eth0: qdisc netem 87b6: root refcnt 17 limit 1000 delay 50ms  10ms seed 3496072958283873013
NETEM_APPLIED node6 iface=eth0: qdisc netem 87b7: root refcnt 17 limit 1000 delay 50ms  10ms seed 5099354325012255620
NETEM_APPLIED node7 iface=eth0: qdisc netem 87b8: root refcnt 17 limit 1000 delay 50ms  10ms seed 15327177020323120704
NETEM_APPLIED node8 iface=eth0: qdisc netem 87b9: root refcnt 17 limit 1000 delay 50ms  10ms seed 12384961304480558573
NETEM_APPLIED node9 iface=eth0: qdisc netem 87ba: root refcnt 17 limit 1000 delay 50ms  10ms seed 17976215879855980519
NETEM_APPLIED node10 iface=eth0: qdisc netem 87bb: root refcnt 17 limit 1000 delay 50ms  10ms seed 3290581856886054456
NETEM_APPLIED node11 iface=eth0: qdisc netem 87bc: root refcnt 17 limit 1000 delay 50ms  10ms seed 2519988785830987575
NETEM_APPLIED node12 iface=eth0: qdisc netem 87bd: root refcnt 17 limit 1000 delay 50ms  10ms seed 224268943486318712
NETEM_APPLIED node13 iface=eth0: qdisc netem 87be: root refcnt 17 limit 1000 delay 50ms  10ms seed 18034206796376669228
NETEM_APPLIED node14 iface=eth0: qdisc netem 87bf: root refcnt 17 limit 1000 delay 50ms  10ms seed 3654816830482531870
NETEM_APPLIED node15 iface=eth0: qdisc netem 87c0: root refcnt 17 limit 1000 delay 50ms  10ms seed 13615864710325158682
NETEM_APPLIED node16 iface=eth0: qdisc netem 87c1: root refcnt 17 limit 1000 delay 50ms  10ms seed 601586367551435327
NETEM_APPLIED node17 iface=eth0: qdisc netem 87c2: root refcnt 17 limit 1000 delay 50ms  10ms seed 3911326906272783002
NETEM_APPLIED node18 iface=eth0: qdisc netem 87c3: root refcnt 17 limit 1000 delay 50ms  10ms seed 3573162174714763889
NETEM_APPLIED node19 iface=eth0: qdisc netem 87c4: root refcnt 17 limit 1000 delay 50ms  10ms seed 13816337857768622202
NETEM_APPLIED node20 iface=eth0: qdisc netem 87c5: root refcnt 17 limit 1000 delay 50ms  10ms seed 6087864667753823138
NETEM_APPLIED node21 iface=eth0: qdisc netem 87c6: root refcnt 17 limit 1000 delay 50ms  10ms seed 17407796595977369402
NETEM_APPLIED node22 iface=eth0: qdisc netem 87c7: root refcnt 17 limit 1000 delay 50ms  10ms seed 969237116501202779
NETEM_APPLIED node23 iface=eth0: qdisc netem 87c8: root refcnt 17 limit 1000 delay 50ms  10ms seed 2304473633892000049
NETEM_RTT_GATE OK: baseline=0.1ms actual=93.5ms increase=93.4ms
DRIVER_STARTED: 2026-07-15T07:14:28Z
0
QDSK_CLEANUP_FAIL node0: Command '['docker', 'exec', 'rgg5c8b6fe5e4-node0-1', 'sh', '-c', "ip -o -4 addr show scope global 2>/dev/null | head -1 | awk '{print $2}'"]' returned non-zero exit status 1.
QDSK_CLEANUP_FAIL node1: Command '['docker', 'exec', 'rgg5c8b6fe5e4-node1-1', 'sh', '-c', "ip -o -4 addr show scope global 2>/dev/null | head -1 | awk '{print $2}'"]' returned non-zero exit status 1.
QDSK_CLEANUP_FAIL node2: Command '['docker', 'exec', 'rgg5c8b6fe5e4-node2-1', 'sh', '-c', "ip -o -4 addr show scope global 2>/dev/null | head -1 | awk '{print $2}'"]' returned non-zero exit status 1.
QDSK_CLEANUP_FAIL node3: Command '['docker', 'exec', 'rgg5c8b6fe5e4-node3-1', 'sh', '-c', "ip -o -4 addr show scope global 2>/dev/null | head -1 | awk '{print $2}'"]' returned non-zero exit status 1.
QDSK_CLEANUP_FAIL node4: Command '['docker', 'exec', 'rgg5c8b6fe5e4-node4-1', 'sh', '-c', "ip -o -4 addr show scope global 2>/dev/null | head -1 | awk '{print $2}'"]' returned non-zero exit status 1.
QDSK_CLEANUP_FAIL node5: Command '['docker', 'exec', 'rgg5c8b6fe5e4-node5-1', 'sh', '-c', "ip -o -4 addr show scope global 2>/dev/null | head -1 | awk '{print $2}'"]' returned non-zero exit status 1.
QDSK_CLEANUP_FAIL node6: Command '['docker', 'exec', 'rgg5c8b6fe5e4-node6-1', 'sh', '-c', "ip -o -4 addr show scope global 2>/dev/null | head -1 | awk '{print $2}'"]' returned non-zero exit status 1.
QDSK_CLEANUP_FAIL node7: Command '['docker', 'exec', 'rgg5c8b6fe5e4-node7-1', 'sh', '-c', "ip -o -4 addr show scope global 2>/dev/null | head -1 | awk '{print $2}'"]' returned non-zero exit status 1.
QDSK_CLEANUP_FAIL node8: Command '['docker', 'exec', 'rgg5c8b6fe5e4-node8-1', 'sh', '-c', "ip -o -4 addr show scope global 2>/dev/null | head -1 | awk '{print $2}'"]' returned non-zero exit status 1.
QDSK_CLEANUP_FAIL node9: Command '['docker', 'exec', 'rgg5c8b6fe5e4-node9-1', 'sh', '-c', "ip -o -4 addr show scope global 2>/dev/null | head -1 | awk '{print $2}'"]' returned non-zero exit status 1.
QDSK_CLEANUP_FAIL node10: Command '['docker', 'exec', 'rgg5c8b6fe5e4-node10-1', 'sh', '-c', "ip -o -4 addr show scope global 2>/dev/null | head -1 | awk '{print $2}'"]' returned non-zero exit status 1.
QDSK_CLEANUP_FAIL node11: Command '['docker', 'exec', 'rgg5c8b6fe5e4-node11-1', 'sh', '-c', "ip -o -4 addr show scope global 2>/dev/null | head -1 | awk '{print $2}'"]' returned non-zero exit status 1.
QDSK_CLEANUP_FAIL node12: Command '['docker', 'exec', 'rgg5c8b6fe5e4-node12-1', 'sh', '-c', "ip -o -4 addr show scope global 2>/dev/null | head -1 | awk '{print $2}'"]' returned non-zero exit status 1.
QDSK_CLEANUP_FAIL node13: Command '['docker', 'exec', 'rgg5c8b6fe5e4-node13-1', 'sh', '-c', "ip -o -4 addr show scope global 2>/dev/null | head -1 | awk '{print $2}'"]' returned non-zero exit status 1.
QDSK_CLEANUP_FAIL node14: Command '['docker', 'exec', 'rgg5c8b6fe5e4-node14-1', 'sh', '-c', "ip -o -4 addr show scope global 2>/dev/null | head -1 | awk '{print $2}'"]' returned non-zero exit status 1.
QDSK_CLEANUP_FAIL node15: Command '['docker', 'exec', 'rgg5c8b6fe5e4-node15-1', 'sh', '-c', "ip -o -4 addr show scope global 2>/dev/null | head -1 | awk '{print $2}'"]' returned non-zero exit status 1.
QDSK_CLEANUP_FAIL node16: Command '['docker', 'exec', 'rgg5c8b6fe5e4-node16-1', 'sh', '-c', "ip -o -4 addr show scope global 2>/dev/null | head -1 | awk '{print $2}'"]' returned non-zero exit status 1.
QDSK_CLEANUP_FAIL node17: Command '['docker', 'exec', 'rgg5c8b6fe5e4-node17-1', 'sh', '-c', "ip -o -4 addr show scope global 2>/dev/null | head -1 | awk '{print $2}'"]' returned non-zero exit status 1.
QDSK_CLEANUP_FAIL node18: Command '['docker', 'exec', 'rgg5c8b6fe5e4-node18-1', 'sh', '-c', "ip -o -4 addr show scope global 2>/dev/null | head -1 | awk '{print $2}'"]' returned non-zero exit status 1.
QDSK_CLEANUP_FAIL node19: Command '['docker', 'exec', 'rgg5c8b6fe5e4-node19-1', 'sh', '-c', "ip -o -4 addr show scope global 2>/dev/null | head -1 | awk '{print $2}'"]' returned non-zero exit status 1.
QDSK_CLEANUP_FAIL node20: Command '['docker', 'exec', 'rgg5c8b6fe5e4-node20-1', 'sh', '-c', "ip -o -4 addr show scope global 2>/dev/null | head -1 | awk '{print $2}'"]' returned non-zero exit status 1.
QDSK_CLEANUP_FAIL node21: Command '['docker', 'exec', 'rgg5c8b6fe5e4-node21-1', 'sh', '-c', "ip -o -4 addr show scope global 2>/dev/null | head -1 | awk '{print $2}'"]' returned non-zero exit status 1.
QDSK_CLEANUP_FAIL node22: Command '['docker', 'exec', 'rgg5c8b6fe5e4-node22-1', 'sh', '-c', "ip -o -4 addr show scope global 2>/dev/null | head -1 | awk '{print $2}'"]' returned non-zero exit status 1.
QDSK_CLEANUP_FAIL node23: Command '['docker', 'exec', 'rgg5c8b6fe5e4-node23-1', 'sh', '-c', "ip -o -4 addr show scope global 2>/dev/null | head -1 | awk '{print $2}'"]' returned non-zero exit status 1.
