 Network rgg50eb47efc3_default Creating 
 Network rgg50eb47efc3_default Created 
 Container rgg50eb47efc3-collector-1 Creating 
 Container rgg50eb47efc3-collector-1 Created 
 Container rgg50eb47efc3-node15-1 Creating 
 Container rgg50eb47efc3-node7-1 Creating 
 Container rgg50eb47efc3-node10-1 Creating 
 Container rgg50eb47efc3-node9-1 Creating 
 Container rgg50eb47efc3-node0-1 Creating 
 Container rgg50eb47efc3-node8-1 Creating 
 Container rgg50eb47efc3-node5-1 Creating 
 Container rgg50eb47efc3-node1-1 Creating 
 Container rgg50eb47efc3-node6-1 Creating 
 Container rgg50eb47efc3-node11-1 Creating 
 Container rgg50eb47efc3-node2-1 Creating 
 Container rgg50eb47efc3-node3-1 Creating 
 Container rgg50eb47efc3-node13-1 Creating 
 Container rgg50eb47efc3-node14-1 Creating 
 Container rgg50eb47efc3-node12-1 Creating 
 Container rgg50eb47efc3-node4-1 Creating 
 Container rgg50eb47efc3-node7-1 Created 
 Container rgg50eb47efc3-node6-1 Created 
 Container rgg50eb47efc3-node13-1 Created 
 Container rgg50eb47efc3-node1-1 Created 
 Container rgg50eb47efc3-node10-1 Created 
 Container rgg50eb47efc3-node14-1 Created 
 Container rgg50eb47efc3-node15-1 Created 
 Container rgg50eb47efc3-node5-1 Created 
 Container rgg50eb47efc3-node3-1 Created 
 Container rgg50eb47efc3-node8-1 Created 
 Container rgg50eb47efc3-node11-1 Created 
 Container rgg50eb47efc3-node2-1 Created 
 Container rgg50eb47efc3-node12-1 Created 
 Container rgg50eb47efc3-node9-1 Created 
 Container rgg50eb47efc3-node4-1 Created 
 Container rgg50eb47efc3-node0-1 Created 
 Container rgg50eb47efc3-collector-1 Starting 
 Container rgg50eb47efc3-collector-1 Started 
 Container rgg50eb47efc3-node5-1 Starting 
 Container rgg50eb47efc3-node1-1 Starting 
 Container rgg50eb47efc3-node0-1 Starting 
 Container rgg50eb47efc3-node12-1 Starting 
 Container rgg50eb47efc3-node3-1 Starting 
 Container rgg50eb47efc3-node4-1 Starting 
 Container rgg50eb47efc3-node9-1 Starting 
 Container rgg50eb47efc3-node10-1 Starting 
 Container rgg50eb47efc3-node2-1 Starting 
 Container rgg50eb47efc3-node14-1 Starting 
 Container rgg50eb47efc3-node11-1 Starting 
 Container rgg50eb47efc3-node8-1 Starting 
 Container rgg50eb47efc3-node13-1 Starting 
 Container rgg50eb47efc3-node15-1 Starting 
 Container rgg50eb47efc3-node6-1 Starting 
 Container rgg50eb47efc3-node7-1 Starting 
 Container rgg50eb47efc3-node5-1 Started 
 Container rgg50eb47efc3-node6-1 Started 
 Container rgg50eb47efc3-node11-1 Started 
 Container rgg50eb47efc3-node13-1 Started 
 Container rgg50eb47efc3-node1-1 Started 
 Container rgg50eb47efc3-node3-1 Started 
 Container rgg50eb47efc3-node0-1 Started 
 Container rgg50eb47efc3-node14-1 Started 
 Container rgg50eb47efc3-node8-1 Started 
 Container rgg50eb47efc3-node7-1 Started 
 Container rgg50eb47efc3-node9-1 Started 
 Container rgg50eb47efc3-node10-1 Started 
 Container rgg50eb47efc3-node15-1 Started 
 Container rgg50eb47efc3-node2-1 Started 
 Container rgg50eb47efc3-node12-1 Started 
 Container rgg50eb47efc3-node4-1 Started 
READY_BARRIER: 14/16 node services ready
DRIVER_STARTED: 2026-07-15T13:46:19Z
0
