 Network rggf005ee689d_default Creating 
 Network rggf005ee689d_default Created 
 Container rggf005ee689d-collector-1 Creating 
 Container rggf005ee689d-collector-1 Created 
 Container rggf005ee689d-node9-1 Creating 
 Container rggf005ee689d-node15-1 Creating 
 Container rggf005ee689d-node8-1 Creating 
 Container rggf005ee689d-node19-1 Creating 
 Container rggf005ee689d-node4-1 Creating 
 Container rggf005ee689d-node10-1 Creating 
 Container rggf005ee689d-node20-1 Creating 
 Container rggf005ee689d-node21-1 Creating 
 Container rggf005ee689d-node12-1 Creating 
 Container rggf005ee689d-node18-1 Creating 
 Container rggf005ee689d-node22-1 Creating 
 Container rggf005ee689d-node6-1 Creating 
 Container rggf005ee689d-node23-1 Creating 
 Container rggf005ee689d-node11-1 Creating 
 Container rggf005ee689d-node7-1 Creating 
 Container rggf005ee689d-node14-1 Creating 
 Container rggf005ee689d-node17-1 Creating 
 Container rggf005ee689d-node13-1 Creating 
 Container rggf005ee689d-node0-1 Creating 
 Container rggf005ee689d-node16-1 Creating 
 Container rggf005ee689d-node2-1 Creating 
 Container rggf005ee689d-node3-1 Creating 
 Container rggf005ee689d-node1-1 Creating 
 Container rggf005ee689d-node5-1 Creating 
 Container rggf005ee689d-node9-1 Created 
 Container rggf005ee689d-node1-1 Created 
 Container rggf005ee689d-node15-1 Created 
 Container rggf005ee689d-node18-1 Created 
 Container rggf005ee689d-node10-1 Created 
 Container rggf005ee689d-node3-1 Created 
 Container rggf005ee689d-node19-1 Created 
 Container rggf005ee689d-node21-1 Created 
 Container rggf005ee689d-node7-1 Created 
 Container rggf005ee689d-node5-1 Created 
 Container rggf005ee689d-node0-1 Created 
 Container rggf005ee689d-node22-1 Created 
 Container rggf005ee689d-node12-1 Created 
 Container rggf005ee689d-node16-1 Created 
 Container rggf005ee689d-node6-1 Created 
 Container rggf005ee689d-node8-1 Created 
 Container rggf005ee689d-node14-1 Created 
 Container rggf005ee689d-node23-1 Created 
 Container rggf005ee689d-node13-1 Created 
 Container rggf005ee689d-node11-1 Created 
 Container rggf005ee689d-node4-1 Created 
 Container rggf005ee689d-node20-1 Created 
 Container rggf005ee689d-node17-1 Created 
 Container rggf005ee689d-node2-1 Created 
 Container rggf005ee689d-collector-1 Starting 
 Container rggf005ee689d-collector-1 Started 
 Container rggf005ee689d-node4-1 Starting 
 Container rggf005ee689d-node3-1 Starting 
 Container rggf005ee689d-node18-1 Starting 
 Container rggf005ee689d-node15-1 Starting 
 Container rggf005ee689d-node7-1 Starting 
 Container rggf005ee689d-node11-1 Starting 
 Container rggf005ee689d-node12-1 Starting 
 Container rggf005ee689d-node1-1 Starting 
 Container rggf005ee689d-node10-1 Starting 
 Container rggf005ee689d-node8-1 Starting 
 Container rggf005ee689d-node2-1 Starting 
 Container rggf005ee689d-node5-1 Starting 
 Container rggf005ee689d-node16-1 Starting 
 Container rggf005ee689d-node19-1 Starting 
 Container rggf005ee689d-node20-1 Starting 
 Container rggf005ee689d-node17-1 Starting 
 Container rggf005ee689d-node14-1 Starting 
 Container rggf005ee689d-node9-1 Starting 
 Container rggf005ee689d-node0-1 Starting 
 Container rggf005ee689d-node21-1 Starting 
 Container rggf005ee689d-node23-1 Starting 
 Container rggf005ee689d-node22-1 Starting 
 Container rggf005ee689d-node6-1 Starting 
 Container rggf005ee689d-node13-1 Starting 
 Container rggf005ee689d-node15-1 Started 
 Container rggf005ee689d-node7-1 Started 
 Container rggf005ee689d-node18-1 Started 
 Container rggf005ee689d-node16-1 Started 
 Container rggf005ee689d-node2-1 Started 
 Container rggf005ee689d-node4-1 Started 
 Container rggf005ee689d-node21-1 Started 
 Container rggf005ee689d-node3-1 Started 
 Container rggf005ee689d-node8-1 Started 
 Container rggf005ee689d-node20-1 Started 
 Container rggf005ee689d-node23-1 Started 
 Container rggf005ee689d-node11-1 Started 
 Container rggf005ee689d-node9-1 Started 
 Container rggf005ee689d-node5-1 Started 
 Container rggf005ee689d-node14-1 Started 
 Container rggf005ee689d-node12-1 Started 
 Container rggf005ee689d-node19-1 Started 
 Container rggf005ee689d-node22-1 Started 
 Container rggf005ee689d-node10-1 Started 
 Container rggf005ee689d-node6-1 Started 
 Container rggf005ee689d-node0-1 Started 
 Container rggf005ee689d-node13-1 Started 
 Container rggf005ee689d-node17-1 Started 
 Container rggf005ee689d-node1-1 Started 
NETEM_APPLIED node0 iface=eth0: qdisc netem 8629: root refcnt 17 limit 1000 delay 20ms  5ms seed 1505979778972213411
NETEM_APPLIED node1 iface=eth0: qdisc netem 862a: root refcnt 17 limit 1000 delay 20ms  5ms seed 8439984208105534602
NETEM_APPLIED node2 iface=eth0: qdisc netem 862b: root refcnt 17 limit 1000 delay 20ms  5ms seed 2904772388186662552
NETEM_APPLIED node3 iface=eth0: qdisc netem 862c: root refcnt 17 limit 1000 delay 20ms  5ms seed 11255085258465588888
NETEM_APPLIED node4 iface=eth0: qdisc netem 862d: root refcnt 17 limit 1000 delay 20ms  5ms seed 17177295004500819397
NETEM_APPLIED node5 iface=eth0: qdisc netem 862e: root refcnt 17 limit 1000 delay 20ms  5ms seed 16980226984556926005
NETEM_APPLIED node6 iface=eth0: qdisc netem 862f: root refcnt 17 limit 1000 delay 20ms  5ms seed 18309855836187559518
NETEM_APPLIED node7 iface=eth0: qdisc netem 8630: root refcnt 17 limit 1000 delay 20ms  5ms seed 10021734218490164090
NETEM_APPLIED node8 iface=eth0: qdisc netem 8631: root refcnt 17 limit 1000 delay 20ms  5ms seed 12722307347296971379
NETEM_APPLIED node9 iface=eth0: qdisc netem 8632: root refcnt 17 limit 1000 delay 20ms  5ms seed 7161250454911174202
NETEM_APPLIED node10 iface=eth0: qdisc netem 8633: root refcnt 17 limit 1000 delay 20ms  5ms seed 202599058331731830
NETEM_APPLIED node11 iface=eth0: qdisc netem 8634: root refcnt 17 limit 1000 delay 20ms  5ms seed 442393646972163104
NETEM_APPLIED node12 iface=eth0: qdisc netem 8635: root refcnt 17 limit 1000 delay 20ms  5ms seed 16991684540866588361
NETEM_APPLIED node13 iface=eth0: qdisc netem 8636: root refcnt 17 limit 1000 delay 20ms  5ms seed 6649880076575501695
NETEM_APPLIED node14 iface=eth0: qdisc netem 8637: root refcnt 17 limit 1000 delay 20ms  5ms seed 16045371300694655372
NETEM_APPLIED node15 iface=eth0: qdisc netem 8638: root refcnt 17 limit 1000 delay 20ms  5ms seed 13905831311772307251
NETEM_APPLIED node16 iface=eth0: qdisc netem 8639: root refcnt 17 limit 1000 delay 20ms  5ms seed 15604489097954952993
NETEM_APPLIED node17 iface=eth0: qdisc netem 863a: root refcnt 17 limit 1000 delay 20ms  5ms seed 5507858926527464511
NETEM_APPLIED node18 iface=eth0: qdisc netem 863b: root refcnt 17 limit 1000 delay 20ms  5ms seed 12312416342072584872
NETEM_APPLIED node19 iface=eth0: qdisc netem 863c: root refcnt 17 limit 1000 delay 20ms  5ms seed 1152245084704406083
NETEM_APPLIED node20 iface=eth0: qdisc netem 863d: root refcnt 17 limit 1000 delay 20ms  5ms seed 960624165828656077
NETEM_APPLIED node21 iface=eth0: qdisc netem 863e: root refcnt 17 limit 1000 delay 20ms  5ms seed 6335895715980671610
NETEM_APPLIED node22 iface=eth0: qdisc netem 863f: root refcnt 17 limit 1000 delay 20ms  5ms seed 4815173973942853353
NETEM_APPLIED node23 iface=eth0: qdisc netem 8640: root refcnt 17 limit 1000 delay 20ms  5ms seed 10128854056164083873
NETEM_RTT_GATE OK: baseline=0.1ms actual=39.8ms increase=39.7ms
DRIVER_STARTED: 2026-07-15T06:36:06Z
0
QDSK_CLEANUP_FAIL node0: Command '['docker', 'exec', 'rggf005ee689d-node0-1', 'sh', '-c', "ip -o -4 addr show scope global 2>/dev/null | head -1 | awk '{print $2}'"]' returned non-zero exit status 1.
QDSK_CLEANUP_FAIL node1: Command '['docker', 'exec', 'rggf005ee689d-node1-1', 'sh', '-c', "ip -o -4 addr show scope global 2>/dev/null | head -1 | awk '{print $2}'"]' returned non-zero exit status 1.
QDSK_CLEANUP_FAIL node2: Command '['docker', 'exec', 'rggf005ee689d-node2-1', 'sh', '-c', "ip -o -4 addr show scope global 2>/dev/null | head -1 | awk '{print $2}'"]' returned non-zero exit status 1.
QDSK_CLEANUP_FAIL node3: Command '['docker', 'exec', 'rggf005ee689d-node3-1', 'sh', '-c', "ip -o -4 addr show scope global 2>/dev/null | head -1 | awk '{print $2}'"]' returned non-zero exit status 1.
QDSK_CLEANUP_FAIL node4: Command '['docker', 'exec', 'rggf005ee689d-node4-1', 'sh', '-c', "ip -o -4 addr show scope global 2>/dev/null | head -1 | awk '{print $2}'"]' returned non-zero exit status 1.
QDSK_CLEANUP_FAIL node5: Command '['docker', 'exec', 'rggf005ee689d-node5-1', 'sh', '-c', "ip -o -4 addr show scope global 2>/dev/null | head -1 | awk '{print $2}'"]' returned non-zero exit status 1.
QDSK_CLEANUP_FAIL node6: Command '['docker', 'exec', 'rggf005ee689d-node6-1', 'sh', '-c', "ip -o -4 addr show scope global 2>/dev/null | head -1 | awk '{print $2}'"]' returned non-zero exit status 1.
QDSK_CLEANUP_FAIL node7: Command '['docker', 'exec', 'rggf005ee689d-node7-1', 'sh', '-c', "ip -o -4 addr show scope global 2>/dev/null | head -1 | awk '{print $2}'"]' returned non-zero exit status 1.
QDSK_CLEANUP_FAIL node8: Command '['docker', 'exec', 'rggf005ee689d-node8-1', 'sh', '-c', "ip -o -4 addr show scope global 2>/dev/null | head -1 | awk '{print $2}'"]' returned non-zero exit status 1.
QDSK_CLEANUP_FAIL node9: Command '['docker', 'exec', 'rggf005ee689d-node9-1', 'sh', '-c', "ip -o -4 addr show scope global 2>/dev/null | head -1 | awk '{print $2}'"]' returned non-zero exit status 1.
QDSK_CLEANUP_FAIL node10: Command '['docker', 'exec', 'rggf005ee689d-node10-1', 'sh', '-c', "ip -o -4 addr show scope global 2>/dev/null | head -1 | awk '{print $2}'"]' returned non-zero exit status 1.
QDSK_CLEANUP_FAIL node11: Command '['docker', 'exec', 'rggf005ee689d-node11-1', 'sh', '-c', "ip -o -4 addr show scope global 2>/dev/null | head -1 | awk '{print $2}'"]' returned non-zero exit status 1.
QDSK_CLEANUP_FAIL node12: Command '['docker', 'exec', 'rggf005ee689d-node12-1', 'sh', '-c', "ip -o -4 addr show scope global 2>/dev/null | head -1 | awk '{print $2}'"]' returned non-zero exit status 1.
QDSK_CLEANUP_FAIL node13: Command '['docker', 'exec', 'rggf005ee689d-node13-1', 'sh', '-c', "ip -o -4 addr show scope global 2>/dev/null | head -1 | awk '{print $2}'"]' returned non-zero exit status 1.
QDSK_CLEANUP_FAIL node14: Command '['docker', 'exec', 'rggf005ee689d-node14-1', 'sh', '-c', "ip -o -4 addr show scope global 2>/dev/null | head -1 | awk '{print $2}'"]' returned non-zero exit status 1.
QDSK_CLEANUP_FAIL node15: Command '['docker', 'exec', 'rggf005ee689d-node15-1', 'sh', '-c', "ip -o -4 addr show scope global 2>/dev/null | head -1 | awk '{print $2}'"]' returned non-zero exit status 1.
QDSK_CLEANUP_FAIL node16: Command '['docker', 'exec', 'rggf005ee689d-node16-1', 'sh', '-c', "ip -o -4 addr show scope global 2>/dev/null | head -1 | awk '{print $2}'"]' returned non-zero exit status 1.
QDSK_CLEANUP_FAIL node17: Command '['docker', 'exec', 'rggf005ee689d-node17-1', 'sh', '-c', "ip -o -4 addr show scope global 2>/dev/null | head -1 | awk '{print $2}'"]' returned non-zero exit status 1.
QDSK_CLEANUP_FAIL node18: Command '['docker', 'exec', 'rggf005ee689d-node18-1', 'sh', '-c', "ip -o -4 addr show scope global 2>/dev/null | head -1 | awk '{print $2}'"]' returned non-zero exit status 1.
QDSK_CLEANUP_FAIL node19: Command '['docker', 'exec', 'rggf005ee689d-node19-1', 'sh', '-c', "ip -o -4 addr show scope global 2>/dev/null | head -1 | awk '{print $2}'"]' returned non-zero exit status 1.
QDSK_CLEANUP_FAIL node20: Command '['docker', 'exec', 'rggf005ee689d-node20-1', 'sh', '-c', "ip -o -4 addr show scope global 2>/dev/null | head -1 | awk '{print $2}'"]' returned non-zero exit status 1.
QDSK_CLEANUP_FAIL node21: Command '['docker', 'exec', 'rggf005ee689d-node21-1', 'sh', '-c', "ip -o -4 addr show scope global 2>/dev/null | head -1 | awk '{print $2}'"]' returned non-zero exit status 1.
QDSK_CLEANUP_FAIL node22: Command '['docker', 'exec', 'rggf005ee689d-node22-1', 'sh', '-c', "ip -o -4 addr show scope global 2>/dev/null | head -1 | awk '{print $2}'"]' returned non-zero exit status 1.
QDSK_CLEANUP_FAIL node23: Command '['docker', 'exec', 'rggf005ee689d-node23-1', 'sh', '-c', "ip -o -4 addr show scope global 2>/dev/null | head -1 | awk '{print $2}'"]' returned non-zero exit status 1.
