 Network rgg6b3bb7a0fd_default Creating 
 Network rgg6b3bb7a0fd_default Created 
 Container rgg6b3bb7a0fd-collector-1 Creating 
 Container rgg6b3bb7a0fd-collector-1 Created 
 Container rgg6b3bb7a0fd-node4-1 Creating 
 Container rgg6b3bb7a0fd-node14-1 Creating 
 Container rgg6b3bb7a0fd-node1-1 Creating 
 Container rgg6b3bb7a0fd-node11-1 Creating 
 Container rgg6b3bb7a0fd-node3-1 Creating 
 Container rgg6b3bb7a0fd-node15-1 Creating 
 Container rgg6b3bb7a0fd-node9-1 Creating 
 Container rgg6b3bb7a0fd-node5-1 Creating 
 Container rgg6b3bb7a0fd-node8-1 Creating 
 Container rgg6b3bb7a0fd-node2-1 Creating 
 Container rgg6b3bb7a0fd-node0-1 Creating 
 Container rgg6b3bb7a0fd-node12-1 Creating 
 Container rgg6b3bb7a0fd-node13-1 Creating 
 Container rgg6b3bb7a0fd-node10-1 Creating 
 Container rgg6b3bb7a0fd-node6-1 Creating 
 Container rgg6b3bb7a0fd-node7-1 Creating 
 Container rgg6b3bb7a0fd-node4-1 Created 
 Container rgg6b3bb7a0fd-node14-1 Created 
 Container rgg6b3bb7a0fd-node7-1 Created 
 Container rgg6b3bb7a0fd-node3-1 Created 
 Container rgg6b3bb7a0fd-node0-1 Created 
 Container rgg6b3bb7a0fd-node10-1 Created 
 Container rgg6b3bb7a0fd-node15-1 Created 
 Container rgg6b3bb7a0fd-node5-1 Created 
 Container rgg6b3bb7a0fd-node1-1 Created 
 Container rgg6b3bb7a0fd-node6-1 Created 
 Container rgg6b3bb7a0fd-node12-1 Created 
 Container rgg6b3bb7a0fd-node13-1 Created 
 Container rgg6b3bb7a0fd-node9-1 Created 
 Container rgg6b3bb7a0fd-node8-1 Created 
 Container rgg6b3bb7a0fd-node2-1 Created 
 Container rgg6b3bb7a0fd-node11-1 Created 
 Container rgg6b3bb7a0fd-driver-1 Creating 
 Container rgg6b3bb7a0fd-driver-1 Created 
 Container rgg6b3bb7a0fd-collector-1 Starting 
 Container rgg6b3bb7a0fd-collector-1 Started 
 Container rgg6b3bb7a0fd-node2-1 Starting 
 Container rgg6b3bb7a0fd-node1-1 Starting 
 Container rgg6b3bb7a0fd-node9-1 Starting 
 Container rgg6b3bb7a0fd-node10-1 Starting 
 Container rgg6b3bb7a0fd-node5-1 Starting 
 Container rgg6b3bb7a0fd-node7-1 Starting 
 Container rgg6b3bb7a0fd-node14-1 Starting 
 Container rgg6b3bb7a0fd-node15-1 Starting 
 Container rgg6b3bb7a0fd-node13-1 Starting 
 Container rgg6b3bb7a0fd-node4-1 Starting 
 Container rgg6b3bb7a0fd-node6-1 Starting 
 Container rgg6b3bb7a0fd-node11-1 Starting 
 Container rgg6b3bb7a0fd-node0-1 Starting 
 Container rgg6b3bb7a0fd-node12-1 Starting 
 Container rgg6b3bb7a0fd-node3-1 Starting 
 Container rgg6b3bb7a0fd-node8-1 Starting 
 Container rgg6b3bb7a0fd-node0-1 Started 
 Container rgg6b3bb7a0fd-node5-1 Started 
 Container rgg6b3bb7a0fd-node7-1 Started 
 Container rgg6b3bb7a0fd-node10-1 Started 
 Container rgg6b3bb7a0fd-node11-1 Started 
 Container rgg6b3bb7a0fd-node1-1 Started 
 Container rgg6b3bb7a0fd-node8-1 Started 
 Container rgg6b3bb7a0fd-node15-1 Started 
 Container rgg6b3bb7a0fd-node14-1 Started 
 Container rgg6b3bb7a0fd-node2-1 Started 
 Container rgg6b3bb7a0fd-node9-1 Started 
 Container rgg6b3bb7a0fd-node3-1 Started 
 Container rgg6b3bb7a0fd-node13-1 Started 
 Container rgg6b3bb7a0fd-node4-1 Started 
 Container rgg6b3bb7a0fd-node12-1 Started 
 Container rgg6b3bb7a0fd-node6-1 Started 
 Container rgg6b3bb7a0fd-driver-1 Starting 
 Container rgg6b3bb7a0fd-driver-1 Started 
0
