 Network rgg8bb4bd3127_default Creating 
 Network rgg8bb4bd3127_default Created 
 Container rgg8bb4bd3127-collector-1 Creating 
 Container rgg8bb4bd3127-collector-1 Created 
 Container rgg8bb4bd3127-node18-1 Creating 
 Container rgg8bb4bd3127-node15-1 Creating 
 Container rgg8bb4bd3127-node5-1 Creating 
 Container rgg8bb4bd3127-node8-1 Creating 
 Container rgg8bb4bd3127-node20-1 Creating 
 Container rgg8bb4bd3127-node12-1 Creating 
 Container rgg8bb4bd3127-node22-1 Creating 
 Container rgg8bb4bd3127-node23-1 Creating 
 Container rgg8bb4bd3127-node4-1 Creating 
 Container rgg8bb4bd3127-node9-1 Creating 
 Container rgg8bb4bd3127-node10-1 Creating 
 Container rgg8bb4bd3127-node2-1 Creating 
 Container rgg8bb4bd3127-node16-1 Creating 
 Container rgg8bb4bd3127-node6-1 Creating 
 Container rgg8bb4bd3127-node11-1 Creating 
 Container rgg8bb4bd3127-node17-1 Creating 
 Container rgg8bb4bd3127-node21-1 Creating 
 Container rgg8bb4bd3127-node7-1 Creating 
 Container rgg8bb4bd3127-node14-1 Creating 
 Container rgg8bb4bd3127-node0-1 Creating 
 Container rgg8bb4bd3127-node19-1 Creating 
 Container rgg8bb4bd3127-node3-1 Creating 
 Container rgg8bb4bd3127-node13-1 Creating 
 Container rgg8bb4bd3127-node1-1 Creating 
 Container rgg8bb4bd3127-node13-1 Created 
 Container rgg8bb4bd3127-node9-1 Created 
 Container rgg8bb4bd3127-node15-1 Created 
 Container rgg8bb4bd3127-node19-1 Created 
 Container rgg8bb4bd3127-node21-1 Created 
 Container rgg8bb4bd3127-node7-1 Created 
 Container rgg8bb4bd3127-node22-1 Created 
 Container rgg8bb4bd3127-node3-1 Created 
 Container rgg8bb4bd3127-node1-1 Created 
 Container rgg8bb4bd3127-node0-1 Created 
 Container rgg8bb4bd3127-node2-1 Created 
 Container rgg8bb4bd3127-node10-1 Created 
 Container rgg8bb4bd3127-node20-1 Created 
 Container rgg8bb4bd3127-node8-1 Created 
 Container rgg8bb4bd3127-node16-1 Created 
 Container rgg8bb4bd3127-node17-1 Created 
 Container rgg8bb4bd3127-node5-1 Created 
 Container rgg8bb4bd3127-node4-1 Created 
 Container rgg8bb4bd3127-node12-1 Created 
 Container rgg8bb4bd3127-node6-1 Created 
 Container rgg8bb4bd3127-node18-1 Created 
 Container rgg8bb4bd3127-node23-1 Created 
 Container rgg8bb4bd3127-node14-1 Created 
 Container rgg8bb4bd3127-node11-1 Created 
 Container rgg8bb4bd3127-collector-1 Starting 
 Container rgg8bb4bd3127-collector-1 Started 
 Container rgg8bb4bd3127-node3-1 Starting 
 Container rgg8bb4bd3127-node15-1 Starting 
 Container rgg8bb4bd3127-node5-1 Starting 
 Container rgg8bb4bd3127-node20-1 Starting 
 Container rgg8bb4bd3127-node18-1 Starting 
 Container rgg8bb4bd3127-node1-1 Starting 
 Container rgg8bb4bd3127-node16-1 Starting 
 Container rgg8bb4bd3127-node8-1 Starting 
 Container rgg8bb4bd3127-node21-1 Starting 
 Container rgg8bb4bd3127-node23-1 Starting 
 Container rgg8bb4bd3127-node0-1 Starting 
 Container rgg8bb4bd3127-node6-1 Starting 
 Container rgg8bb4bd3127-node9-1 Starting 
 Container rgg8bb4bd3127-node22-1 Starting 
 Container rgg8bb4bd3127-node4-1 Starting 
 Container rgg8bb4bd3127-node10-1 Starting 
 Container rgg8bb4bd3127-node14-1 Starting 
 Container rgg8bb4bd3127-node11-1 Starting 
 Container rgg8bb4bd3127-node19-1 Starting 
 Container rgg8bb4bd3127-node17-1 Starting 
 Container rgg8bb4bd3127-node12-1 Starting 
 Container rgg8bb4bd3127-node2-1 Starting 
 Container rgg8bb4bd3127-node13-1 Starting 
 Container rgg8bb4bd3127-node7-1 Starting 
 Container rgg8bb4bd3127-node5-1 Started 
 Container rgg8bb4bd3127-node19-1 Started 
 Container rgg8bb4bd3127-node3-1 Started 
 Container rgg8bb4bd3127-node20-1 Started 
 Container rgg8bb4bd3127-node14-1 Started 
 Container rgg8bb4bd3127-node18-1 Started 
 Container rgg8bb4bd3127-node15-1 Started 
 Container rgg8bb4bd3127-node2-1 Started 
 Container rgg8bb4bd3127-node7-1 Started 
 Container rgg8bb4bd3127-node23-1 Started 
 Container rgg8bb4bd3127-node6-1 Started 
 Container rgg8bb4bd3127-node16-1 Started 
 Container rgg8bb4bd3127-node13-1 Started 
 Container rgg8bb4bd3127-node17-1 Started 
 Container rgg8bb4bd3127-node1-1 Started 
 Container rgg8bb4bd3127-node4-1 Started 
 Container rgg8bb4bd3127-node8-1 Started 
 Container rgg8bb4bd3127-node9-1 Started 
 Container rgg8bb4bd3127-node22-1 Started 
 Container rgg8bb4bd3127-node21-1 Started 
 Container rgg8bb4bd3127-node11-1 Started 
 Container rgg8bb4bd3127-node0-1 Started 
 Container rgg8bb4bd3127-node12-1 Started 
 Container rgg8bb4bd3127-node10-1 Started 
NETEM_APPLIED node0 iface=eth0: qdisc netem 8611: root refcnt 17 limit 1000 delay 20ms  5ms seed 13003440924229426407
NETEM_APPLIED node1 iface=eth0: qdisc netem 8612: root refcnt 17 limit 1000 delay 20ms  5ms seed 6216018749459309363
NETEM_APPLIED node2 iface=eth0: qdisc netem 8613: root refcnt 17 limit 1000 delay 20ms  5ms seed 10894517708221117064
NETEM_APPLIED node3 iface=eth0: qdisc netem 8614: root refcnt 17 limit 1000 delay 20ms  5ms seed 16210339588666936725
NETEM_APPLIED node4 iface=eth0: qdisc netem 8615: root refcnt 17 limit 1000 delay 20ms  5ms seed 16025395878132346813
NETEM_APPLIED node5 iface=eth0: qdisc netem 8616: root refcnt 17 limit 1000 delay 20ms  5ms seed 11434250338521832151
NETEM_APPLIED node6 iface=eth0: qdisc netem 8617: root refcnt 17 limit 1000 delay 20ms  5ms seed 3643618993392880494
NETEM_APPLIED node7 iface=eth0: qdisc netem 8618: root refcnt 17 limit 1000 delay 20ms  5ms seed 15790735264616188185
NETEM_APPLIED node8 iface=eth0: qdisc netem 8619: root refcnt 17 limit 1000 delay 20ms  5ms seed 2375308813326657832
NETEM_APPLIED node9 iface=eth0: qdisc netem 861a: root refcnt 17 limit 1000 delay 20ms  5ms seed 3173569958901358211
NETEM_APPLIED node10 iface=eth0: qdisc netem 861b: root refcnt 17 limit 1000 delay 20ms  5ms seed 117238048477611306
NETEM_APPLIED node11 iface=eth0: qdisc netem 861c: root refcnt 17 limit 1000 delay 20ms  5ms seed 16700170375742650222
NETEM_APPLIED node12 iface=eth0: qdisc netem 861d: root refcnt 17 limit 1000 delay 20ms  5ms seed 6451719488290414125
NETEM_APPLIED node13 iface=eth0: qdisc netem 861e: root refcnt 17 limit 1000 delay 20ms  5ms seed 2507122324326359192
NETEM_APPLIED node14 iface=eth0: qdisc netem 861f: root refcnt 17 limit 1000 delay 20ms  5ms seed 16690487492249360386
NETEM_APPLIED node15 iface=eth0: qdisc netem 8620: root refcnt 17 limit 1000 delay 20ms  5ms seed 10111005744616161907
NETEM_APPLIED node16 iface=eth0: qdisc netem 8621: root refcnt 17 limit 1000 delay 20ms  5ms seed 15617832999329049447
NETEM_APPLIED node17 iface=eth0: qdisc netem 8622: root refcnt 17 limit 1000 delay 20ms  5ms seed 16012972631358835265
NETEM_APPLIED node18 iface=eth0: qdisc netem 8623: root refcnt 17 limit 1000 delay 20ms  5ms seed 2836754314534571369
NETEM_APPLIED node19 iface=eth0: qdisc netem 8624: root refcnt 17 limit 1000 delay 20ms  5ms seed 6329783653017683457
NETEM_APPLIED node20 iface=eth0: qdisc netem 8625: root refcnt 17 limit 1000 delay 20ms  5ms seed 14720587626949800979
NETEM_APPLIED node21 iface=eth0: qdisc netem 8626: root refcnt 17 limit 1000 delay 20ms  5ms seed 17766736568604622695
NETEM_APPLIED node22 iface=eth0: qdisc netem 8627: root refcnt 17 limit 1000 delay 20ms  5ms seed 12779861848937468847
NETEM_APPLIED node23 iface=eth0: qdisc netem 8628: root refcnt 17 limit 1000 delay 20ms  5ms seed 18413610428457071121
NETEM_RTT_GATE OK: baseline=0.1ms actual=39.2ms increase=39.1ms
DRIVER_STARTED: 2026-07-15T06:34:37Z
0
QDSK_CLEANUP_FAIL node0: Command '['docker', 'exec', 'rgg8bb4bd3127-node0-1', 'sh', '-c', "ip -o -4 addr show scope global 2>/dev/null | head -1 | awk '{print $2}'"]' returned non-zero exit status 1.
QDSK_CLEANUP_FAIL node1: Command '['docker', 'exec', 'rgg8bb4bd3127-node1-1', 'sh', '-c', "ip -o -4 addr show scope global 2>/dev/null | head -1 | awk '{print $2}'"]' returned non-zero exit status 1.
QDSK_CLEANUP_FAIL node2: Command '['docker', 'exec', 'rgg8bb4bd3127-node2-1', 'sh', '-c', "ip -o -4 addr show scope global 2>/dev/null | head -1 | awk '{print $2}'"]' returned non-zero exit status 1.
QDSK_CLEANUP_FAIL node3: Command '['docker', 'exec', 'rgg8bb4bd3127-node3-1', 'sh', '-c', "ip -o -4 addr show scope global 2>/dev/null | head -1 | awk '{print $2}'"]' returned non-zero exit status 1.
QDSK_CLEANUP_FAIL node4: Command '['docker', 'exec', 'rgg8bb4bd3127-node4-1', 'sh', '-c', "ip -o -4 addr show scope global 2>/dev/null | head -1 | awk '{print $2}'"]' returned non-zero exit status 1.
QDSK_CLEANUP_FAIL node5: Command '['docker', 'exec', 'rgg8bb4bd3127-node5-1', 'sh', '-c', "ip -o -4 addr show scope global 2>/dev/null | head -1 | awk '{print $2}'"]' returned non-zero exit status 1.
QDSK_CLEANUP_FAIL node6: Command '['docker', 'exec', 'rgg8bb4bd3127-node6-1', 'sh', '-c', "ip -o -4 addr show scope global 2>/dev/null | head -1 | awk '{print $2}'"]' returned non-zero exit status 1.
QDSK_CLEANUP_FAIL node7: Command '['docker', 'exec', 'rgg8bb4bd3127-node7-1', 'sh', '-c', "ip -o -4 addr show scope global 2>/dev/null | head -1 | awk '{print $2}'"]' returned non-zero exit status 1.
QDSK_CLEANUP_FAIL node8: Command '['docker', 'exec', 'rgg8bb4bd3127-node8-1', 'sh', '-c', "ip -o -4 addr show scope global 2>/dev/null | head -1 | awk '{print $2}'"]' returned non-zero exit status 1.
QDSK_CLEANUP_FAIL node9: Command '['docker', 'exec', 'rgg8bb4bd3127-node9-1', 'sh', '-c', "ip -o -4 addr show scope global 2>/dev/null | head -1 | awk '{print $2}'"]' returned non-zero exit status 1.
QDSK_CLEANUP_FAIL node10: Command '['docker', 'exec', 'rgg8bb4bd3127-node10-1', 'sh', '-c', "ip -o -4 addr show scope global 2>/dev/null | head -1 | awk '{print $2}'"]' returned non-zero exit status 1.
QDSK_CLEANUP_FAIL node11: Command '['docker', 'exec', 'rgg8bb4bd3127-node11-1', 'sh', '-c', "ip -o -4 addr show scope global 2>/dev/null | head -1 | awk '{print $2}'"]' returned non-zero exit status 1.
QDSK_CLEANUP_FAIL node12: Command '['docker', 'exec', 'rgg8bb4bd3127-node12-1', 'sh', '-c', "ip -o -4 addr show scope global 2>/dev/null | head -1 | awk '{print $2}'"]' returned non-zero exit status 1.
QDSK_CLEANUP_FAIL node13: Command '['docker', 'exec', 'rgg8bb4bd3127-node13-1', 'sh', '-c', "ip -o -4 addr show scope global 2>/dev/null | head -1 | awk '{print $2}'"]' returned non-zero exit status 1.
QDSK_CLEANUP_FAIL node14: Command '['docker', 'exec', 'rgg8bb4bd3127-node14-1', 'sh', '-c', "ip -o -4 addr show scope global 2>/dev/null | head -1 | awk '{print $2}'"]' returned non-zero exit status 1.
QDSK_CLEANUP_FAIL node15: Command '['docker', 'exec', 'rgg8bb4bd3127-node15-1', 'sh', '-c', "ip -o -4 addr show scope global 2>/dev/null | head -1 | awk '{print $2}'"]' returned non-zero exit status 1.
QDSK_CLEANUP_FAIL node16: Command '['docker', 'exec', 'rgg8bb4bd3127-node16-1', 'sh', '-c', "ip -o -4 addr show scope global 2>/dev/null | head -1 | awk '{print $2}'"]' returned non-zero exit status 1.
QDSK_CLEANUP_FAIL node17: Command '['docker', 'exec', 'rgg8bb4bd3127-node17-1', 'sh', '-c', "ip -o -4 addr show scope global 2>/dev/null | head -1 | awk '{print $2}'"]' returned non-zero exit status 1.
QDSK_CLEANUP_FAIL node18: Command '['docker', 'exec', 'rgg8bb4bd3127-node18-1', 'sh', '-c', "ip -o -4 addr show scope global 2>/dev/null | head -1 | awk '{print $2}'"]' returned non-zero exit status 1.
QDSK_CLEANUP_FAIL node19: Command '['docker', 'exec', 'rgg8bb4bd3127-node19-1', 'sh', '-c', "ip -o -4 addr show scope global 2>/dev/null | head -1 | awk '{print $2}'"]' returned non-zero exit status 1.
QDSK_CLEANUP_FAIL node20: Command '['docker', 'exec', 'rgg8bb4bd3127-node20-1', 'sh', '-c', "ip -o -4 addr show scope global 2>/dev/null | head -1 | awk '{print $2}'"]' returned non-zero exit status 1.
QDSK_CLEANUP_FAIL node21: Command '['docker', 'exec', 'rgg8bb4bd3127-node21-1', 'sh', '-c', "ip -o -4 addr show scope global 2>/dev/null | head -1 | awk '{print $2}'"]' returned non-zero exit status 1.
QDSK_CLEANUP_FAIL node22: Command '['docker', 'exec', 'rgg8bb4bd3127-node22-1', 'sh', '-c', "ip -o -4 addr show scope global 2>/dev/null | head -1 | awk '{print $2}'"]' returned non-zero exit status 1.
QDSK_CLEANUP_FAIL node23: Command '['docker', 'exec', 'rgg8bb4bd3127-node23-1', 'sh', '-c', "ip -o -4 addr show scope global 2>/dev/null | head -1 | awk '{print $2}'"]' returned non-zero exit status 1.
