 Network rggd5674e3ddb_default Creating 
 Network rggd5674e3ddb_default Created 
 Container rggd5674e3ddb-collector-1 Creating 
 Container rggd5674e3ddb-collector-1 Created 
 Container rggd5674e3ddb-node14-1 Creating 
 Container rggd5674e3ddb-node10-1 Creating 
 Container rggd5674e3ddb-node11-1 Creating 
 Container rggd5674e3ddb-node13-1 Creating 
 Container rggd5674e3ddb-node6-1 Creating 
 Container rggd5674e3ddb-node12-1 Creating 
 Container rggd5674e3ddb-node4-1 Creating 
 Container rggd5674e3ddb-node9-1 Creating 
 Container rggd5674e3ddb-node15-1 Creating 
 Container rggd5674e3ddb-node2-1 Creating 
 Container rggd5674e3ddb-node1-1 Creating 
 Container rggd5674e3ddb-node7-1 Creating 
 Container rggd5674e3ddb-node0-1 Creating 
 Container rggd5674e3ddb-node3-1 Creating 
 Container rggd5674e3ddb-node5-1 Creating 
 Container rggd5674e3ddb-node8-1 Creating 
 Container rggd5674e3ddb-node11-1 Created 
 Container rggd5674e3ddb-node14-1 Created 
 Container rggd5674e3ddb-node0-1 Created 
 Container rggd5674e3ddb-node15-1 Created 
 Container rggd5674e3ddb-node9-1 Created 
 Container rggd5674e3ddb-node10-1 Created 
 Container rggd5674e3ddb-node6-1 Created 
 Container rggd5674e3ddb-node1-1 Created 
 Container rggd5674e3ddb-node5-1 Created 
 Container rggd5674e3ddb-node3-1 Created 
 Container rggd5674e3ddb-node8-1 Created 
 Container rggd5674e3ddb-node7-1 Created 
 Container rggd5674e3ddb-node13-1 Created 
 Container rggd5674e3ddb-node12-1 Created 
 Container rggd5674e3ddb-node2-1 Created 
 Container rggd5674e3ddb-node4-1 Created 
 Container rggd5674e3ddb-driver-1 Creating 
 Container rggd5674e3ddb-driver-1 Created 
 Container rggd5674e3ddb-collector-1 Starting 
 Container rggd5674e3ddb-collector-1 Started 
 Container rggd5674e3ddb-node14-1 Starting 
 Container rggd5674e3ddb-node11-1 Starting 
 Container rggd5674e3ddb-node8-1 Starting 
 Container rggd5674e3ddb-node4-1 Starting 
 Container rggd5674e3ddb-node7-1 Starting 
 Container rggd5674e3ddb-node12-1 Starting 
 Container rggd5674e3ddb-node5-1 Starting 
 Container rggd5674e3ddb-node9-1 Starting 
 Container rggd5674e3ddb-node10-1 Starting 
 Container rggd5674e3ddb-node3-1 Starting 
 Container rggd5674e3ddb-node13-1 Starting 
 Container rggd5674e3ddb-node2-1 Starting 
 Container rggd5674e3ddb-node0-1 Starting 
 Container rggd5674e3ddb-node1-1 Starting 
 Container rggd5674e3ddb-node6-1 Starting 
 Container rggd5674e3ddb-node15-1 Starting 
 Container rggd5674e3ddb-node9-1 Started 
 Container rggd5674e3ddb-node11-1 Started 
 Container rggd5674e3ddb-node14-1 Started 
 Container rggd5674e3ddb-node13-1 Started 
 Container rggd5674e3ddb-node10-1 Started 
 Container rggd5674e3ddb-node6-1 Started 
 Container rggd5674e3ddb-node3-1 Started 
 Container rggd5674e3ddb-node15-1 Started 
 Container rggd5674e3ddb-node5-1 Started 
 Container rggd5674e3ddb-node4-1 Started 
 Container rggd5674e3ddb-node7-1 Started 
 Container rggd5674e3ddb-node8-1 Started 
 Container rggd5674e3ddb-node0-1 Started 
 Container rggd5674e3ddb-node1-1 Started 
 Container rggd5674e3ddb-node12-1 Started 
 Container rggd5674e3ddb-node2-1 Started 
 Container rggd5674e3ddb-driver-1 Starting 
 Container rggd5674e3ddb-driver-1 Started 
0
