 Network rgg2e4a96353f_default Creating 
 Network rgg2e4a96353f_default Created 
 Container rgg2e4a96353f-collector-1 Creating 
 Container rgg2e4a96353f-collector-1 Created 
 Container rgg2e4a96353f-node0-1 Creating 
 Container rgg2e4a96353f-node5-1 Creating 
 Container rgg2e4a96353f-node8-1 Creating 
 Container rgg2e4a96353f-node15-1 Creating 
 Container rgg2e4a96353f-node22-1 Creating 
 Container rgg2e4a96353f-node2-1 Creating 
 Container rgg2e4a96353f-node21-1 Creating 
 Container rgg2e4a96353f-node17-1 Creating 
 Container rgg2e4a96353f-node16-1 Creating 
 Container rgg2e4a96353f-node20-1 Creating 
 Container rgg2e4a96353f-node9-1 Creating 
 Container rgg2e4a96353f-node1-1 Creating 
 Container rgg2e4a96353f-node13-1 Creating 
 Container rgg2e4a96353f-node7-1 Creating 
 Container rgg2e4a96353f-node23-1 Creating 
 Container rgg2e4a96353f-node18-1 Creating 
 Container rgg2e4a96353f-node10-1 Creating 
 Container rgg2e4a96353f-node6-1 Creating 
 Container rgg2e4a96353f-node12-1 Creating 
 Container rgg2e4a96353f-node14-1 Creating 
 Container rgg2e4a96353f-node3-1 Creating 
 Container rgg2e4a96353f-node19-1 Creating 
 Container rgg2e4a96353f-node4-1 Creating 
 Container rgg2e4a96353f-node11-1 Creating 
 Container rgg2e4a96353f-node12-1 Created 
 Container rgg2e4a96353f-node15-1 Created 
 Container rgg2e4a96353f-node5-1 Created 
 Container rgg2e4a96353f-node0-1 Created 
 Container rgg2e4a96353f-node22-1 Created 
 Container rgg2e4a96353f-node18-1 Created 
 Container rgg2e4a96353f-node13-1 Created 
 Container rgg2e4a96353f-node4-1 Created 
 Container rgg2e4a96353f-node8-1 Created 
 Container rgg2e4a96353f-node11-1 Created 
 Container rgg2e4a96353f-node9-1 Created 
 Container rgg2e4a96353f-node21-1 Created 
 Container rgg2e4a96353f-node16-1 Created 
 Container rgg2e4a96353f-node14-1 Created 
 Container rgg2e4a96353f-node20-1 Created 
 Container rgg2e4a96353f-node7-1 Created 
 Container rgg2e4a96353f-node6-1 Created 
 Container rgg2e4a96353f-node1-1 Created 
 Container rgg2e4a96353f-node19-1 Created 
 Container rgg2e4a96353f-node2-1 Created 
 Container rgg2e4a96353f-node17-1 Created 
 Container rgg2e4a96353f-node10-1 Created 
 Container rgg2e4a96353f-node23-1 Created 
 Container rgg2e4a96353f-node3-1 Created 
 Container rgg2e4a96353f-collector-1 Starting 
 Container rgg2e4a96353f-collector-1 Started 
 Container rgg2e4a96353f-node1-1 Starting 
 Container rgg2e4a96353f-node13-1 Starting 
 Container rgg2e4a96353f-node5-1 Starting 
 Container rgg2e4a96353f-node8-1 Starting 
 Container rgg2e4a96353f-node10-1 Starting 
 Container rgg2e4a96353f-node16-1 Starting 
 Container rgg2e4a96353f-node9-1 Starting 
 Container rgg2e4a96353f-node14-1 Starting 
 Container rgg2e4a96353f-node7-1 Starting 
 Container rgg2e4a96353f-node21-1 Starting 
 Container rgg2e4a96353f-node20-1 Starting 
 Container rgg2e4a96353f-node15-1 Starting 
 Container rgg2e4a96353f-node11-1 Starting 
 Container rgg2e4a96353f-node3-1 Starting 
 Container rgg2e4a96353f-node18-1 Starting 
 Container rgg2e4a96353f-node12-1 Starting 
 Container rgg2e4a96353f-node19-1 Starting 
 Container rgg2e4a96353f-node6-1 Starting 
 Container rgg2e4a96353f-node22-1 Starting 
 Container rgg2e4a96353f-node17-1 Starting 
 Container rgg2e4a96353f-node0-1 Starting 
 Container rgg2e4a96353f-node4-1 Starting 
 Container rgg2e4a96353f-node23-1 Starting 
 Container rgg2e4a96353f-node2-1 Starting 
 Container rgg2e4a96353f-node12-1 Started 
 Container rgg2e4a96353f-node13-1 Started 
 Container rgg2e4a96353f-node11-1 Started 
 Container rgg2e4a96353f-node2-1 Started 
 Container rgg2e4a96353f-node1-1 Started 
 Container rgg2e4a96353f-node21-1 Started 
 Container rgg2e4a96353f-node22-1 Started 
 Container rgg2e4a96353f-node5-1 Started 
 Container rgg2e4a96353f-node4-1 Started 
 Container rgg2e4a96353f-node19-1 Started 
 Container rgg2e4a96353f-node20-1 Started 
 Container rgg2e4a96353f-node7-1 Started 
 Container rgg2e4a96353f-node14-1 Started 
 Container rgg2e4a96353f-node6-1 Started 
 Container rgg2e4a96353f-node16-1 Started 
 Container rgg2e4a96353f-node17-1 Started 
 Container rgg2e4a96353f-node18-1 Started 
 Container rgg2e4a96353f-node10-1 Started 
 Container rgg2e4a96353f-node8-1 Started 
 Container rgg2e4a96353f-node0-1 Started 
 Container rgg2e4a96353f-node15-1 Started 
 Container rgg2e4a96353f-node9-1 Started 
 Container rgg2e4a96353f-node3-1 Started 
 Container rgg2e4a96353f-node23-1 Started 
READY_BARRIER: 22/24 node services ready
NETEM_APPLIED node0 iface=eth0: qdisc netem 8a51: root refcnt 17 limit 1000 delay 50ms  10ms seed 12892964129475780352
NETEM_APPLIED node1 iface=eth0: qdisc netem 8a52: root refcnt 17 limit 1000 delay 50ms  10ms seed 7302451388310774822
NETEM_APPLIED node2 iface=eth0: qdisc netem 8a53: root refcnt 17 limit 1000 delay 50ms  10ms seed 11701194894224431133
NETEM_APPLIED node3 iface=eth0: qdisc netem 8a54: root refcnt 17 limit 1000 delay 50ms  10ms seed 3579266941942689096
NETEM_APPLIED node4 iface=eth0: qdisc netem 8a55: root refcnt 17 limit 1000 delay 50ms  10ms seed 2094668752593147755
NETEM_APPLIED node5 iface=eth0: qdisc netem 8a56: root refcnt 17 limit 1000 delay 50ms  10ms seed 2989334033590433539
NETEM_APPLIED node6 iface=eth0: qdisc netem 8a57: root refcnt 17 limit 1000 delay 50ms  10ms seed 8405615704533481629
NETEM_APPLIED node7 iface=eth0: qdisc netem 8a58: root refcnt 17 limit 1000 delay 50ms  10ms seed 16519335722787456608
NETEM_APPLIED node8 iface=eth0: qdisc netem 8a59: root refcnt 17 limit 1000 delay 50ms  10ms seed 11924933764540095453
NETEM_APPLIED node9 iface=eth0: qdisc netem 8a5a: root refcnt 17 limit 1000 delay 50ms  10ms seed 3597312103935767705
NETEM_APPLIED node10 iface=eth0: qdisc netem 8a5b: root refcnt 17 limit 1000 delay 50ms  10ms seed 5928234151221930545
NETEM_APPLIED node11 iface=eth0: qdisc netem 8a5c: root refcnt 17 limit 1000 delay 50ms  10ms seed 8551632635423174664
NETEM_APPLIED node12 iface=eth0: qdisc netem 8a5d: root refcnt 17 limit 1000 delay 50ms  10ms seed 6129277034578237481
NETEM_APPLIED node13 iface=eth0: qdisc netem 8a5e: root refcnt 17 limit 1000 delay 50ms  10ms seed 1266151358887744197
NETEM_APPLIED node14 iface=eth0: qdisc netem 8a5f: root refcnt 17 limit 1000 delay 50ms  10ms seed 6917058001345940499
NETEM_APPLIED node15 iface=eth0: qdisc netem 8a60: root refcnt 17 limit 1000 delay 50ms  10ms seed 5033009364264017826
NETEM_APPLIED node16 iface=eth0: qdisc netem 8a61: root refcnt 17 limit 1000 delay 50ms  10ms seed 17155295308814007773
NETEM_APPLIED node17 iface=eth0: qdisc netem 8a62: root refcnt 17 limit 1000 delay 50ms  10ms seed 10631141958845180555
NETEM_APPLIED node18 iface=eth0: qdisc netem 8a63: root refcnt 17 limit 1000 delay 50ms  10ms seed 10485299388754515905
NETEM_APPLIED node19 iface=eth0: qdisc netem 8a64: root refcnt 17 limit 1000 delay 50ms  10ms seed 9951722376347041666
NETEM_APPLIED node20 iface=eth0: qdisc netem 8a65: root refcnt 17 limit 1000 delay 50ms  10ms seed 14974314293606590386
NETEM_APPLIED node21 iface=eth0: qdisc netem 8a66: root refcnt 17 limit 1000 delay 50ms  10ms seed 16050451855078581083
NETEM_APPLIED node22 iface=eth0: qdisc netem 8a67: root refcnt 17 limit 1000 delay 50ms  10ms seed 614335643706756076
NETEM_APPLIED node23 iface=eth0: qdisc netem 8a68: root refcnt 17 limit 1000 delay 50ms  10ms seed 11017238343579439048
NETEM_RTT_GATE OK: baseline=0.1ms actual=96.6ms increase=96.5ms
DRIVER_STARTED: 2026-07-15T14:30:02Z
0
