 Network rggd764a53561_default Creating 
 Network rggd764a53561_default Created 
 Container rggd764a53561-collector-1 Creating 
 Container rggd764a53561-collector-1 Created 
 Container rggd764a53561-node0-1 Creating 
 Container rggd764a53561-node12-1 Creating 
 Container rggd764a53561-node7-1 Creating 
 Container rggd764a53561-node3-1 Creating 
 Container rggd764a53561-node6-1 Creating 
 Container rggd764a53561-node4-1 Creating 
 Container rggd764a53561-node8-1 Creating 
 Container rggd764a53561-node1-1 Creating 
 Container rggd764a53561-node5-1 Creating 
 Container rggd764a53561-node13-1 Creating 
 Container rggd764a53561-node14-1 Creating 
 Container rggd764a53561-node11-1 Creating 
 Container rggd764a53561-node2-1 Creating 
 Container rggd764a53561-node15-1 Creating 
 Container rggd764a53561-node10-1 Creating 
 Container rggd764a53561-node9-1 Creating 
 Container rggd764a53561-node0-1 Created 
 Container rggd764a53561-node13-1 Created 
 Container rggd764a53561-node7-1 Created 
 Container rggd764a53561-node9-1 Created 
 Container rggd764a53561-node12-1 Created 
 Container rggd764a53561-node1-1 Created 
 Container rggd764a53561-node8-1 Created 
 Container rggd764a53561-node14-1 Created 
 Container rggd764a53561-node2-1 Created 
 Container rggd764a53561-node4-1 Created 
 Container rggd764a53561-node11-1 Created 
 Container rggd764a53561-node6-1 Created 
 Container rggd764a53561-node10-1 Created 
 Container rggd764a53561-node5-1 Created 
 Container rggd764a53561-node3-1 Created 
 Container rggd764a53561-node15-1 Created 
 Container rggd764a53561-driver-1 Creating 
 Container rggd764a53561-driver-1 Created 
 Container rggd764a53561-collector-1 Starting 
 Container rggd764a53561-collector-1 Started 
 Container rggd764a53561-node8-1 Starting 
 Container rggd764a53561-node9-1 Starting 
 Container rggd764a53561-node11-1 Starting 
 Container rggd764a53561-node12-1 Starting 
 Container rggd764a53561-node3-1 Starting 
 Container rggd764a53561-node14-1 Starting 
 Container rggd764a53561-node0-1 Starting 
 Container rggd764a53561-node6-1 Starting 
 Container rggd764a53561-node4-1 Starting 
 Container rggd764a53561-node5-1 Starting 
 Container rggd764a53561-node7-1 Starting 
 Container rggd764a53561-node1-1 Starting 
 Container rggd764a53561-node10-1 Starting 
 Container rggd764a53561-node13-1 Starting 
 Container rggd764a53561-node15-1 Starting 
 Container rggd764a53561-node2-1 Starting 
 Container rggd764a53561-node13-1 Started 
 Container rggd764a53561-node8-1 Started 
 Container rggd764a53561-node11-1 Started 
 Container rggd764a53561-node7-1 Started 
 Container rggd764a53561-node2-1 Started 
 Container rggd764a53561-node12-1 Started 
 Container rggd764a53561-node4-1 Started 
 Container rggd764a53561-node9-1 Started 
 Container rggd764a53561-node15-1 Started 
 Container rggd764a53561-node14-1 Started 
 Container rggd764a53561-node1-1 Started 
 Container rggd764a53561-node5-1 Started 
 Container rggd764a53561-node3-1 Started 
 Container rggd764a53561-node10-1 Started 
 Container rggd764a53561-node6-1 Started 
 Container rggd764a53561-node0-1 Started 
 Container rggd764a53561-driver-1 Starting 
 Container rggd764a53561-driver-1 Started 
0
