 Network rgg878f6adb4b_default Creating 
 Network rgg878f6adb4b_default Created 
 Container rgg878f6adb4b-collector-1 Creating 
 Container rgg878f6adb4b-collector-1 Created 
 Container rgg878f6adb4b-node4-1 Creating 
 Container rgg878f6adb4b-node3-1 Creating 
 Container rgg878f6adb4b-node8-1 Creating 
 Container rgg878f6adb4b-node6-1 Creating 
 Container rgg878f6adb4b-node5-1 Creating 
 Container rgg878f6adb4b-node7-1 Creating 
 Container rgg878f6adb4b-node11-1 Creating 
 Container rgg878f6adb4b-node14-1 Creating 
 Container rgg878f6adb4b-node15-1 Creating 
 Container rgg878f6adb4b-node12-1 Creating 
 Container rgg878f6adb4b-node1-1 Creating 
 Container rgg878f6adb4b-node0-1 Creating 
 Container rgg878f6adb4b-node9-1 Creating 
 Container rgg878f6adb4b-node2-1 Creating 
 Container rgg878f6adb4b-node13-1 Creating 
 Container rgg878f6adb4b-node10-1 Creating 
 Container rgg878f6adb4b-node3-1 Created 
 Container rgg878f6adb4b-node14-1 Created 
 Container rgg878f6adb4b-node5-1 Created 
 Container rgg878f6adb4b-node10-1 Created 
 Container rgg878f6adb4b-node2-1 Created 
 Container rgg878f6adb4b-node8-1 Created 
 Container rgg878f6adb4b-node15-1 Created 
 Container rgg878f6adb4b-node13-1 Created 
 Container rgg878f6adb4b-node11-1 Created 
 Container rgg878f6adb4b-node1-1 Created 
 Container rgg878f6adb4b-node6-1 Created 
 Container rgg878f6adb4b-node12-1 Created 
 Container rgg878f6adb4b-node9-1 Created 
 Container rgg878f6adb4b-node7-1 Created 
 Container rgg878f6adb4b-node0-1 Created 
 Container rgg878f6adb4b-node4-1 Created 
 Container rgg878f6adb4b-collector-1 Starting 
 Container rgg878f6adb4b-collector-1 Started 
 Container rgg878f6adb4b-node4-1 Starting 
 Container rgg878f6adb4b-node5-1 Starting 
 Container rgg878f6adb4b-node11-1 Starting 
 Container rgg878f6adb4b-node2-1 Starting 
 Container rgg878f6adb4b-node6-1 Starting 
 Container rgg878f6adb4b-node13-1 Starting 
 Container rgg878f6adb4b-node15-1 Starting 
 Container rgg878f6adb4b-node0-1 Starting 
 Container rgg878f6adb4b-node3-1 Starting 
 Container rgg878f6adb4b-node14-1 Starting 
 Container rgg878f6adb4b-node1-1 Starting 
 Container rgg878f6adb4b-node7-1 Starting 
 Container rgg878f6adb4b-node10-1 Starting 
 Container rgg878f6adb4b-node9-1 Starting 
 Container rgg878f6adb4b-node8-1 Starting 
 Container rgg878f6adb4b-node12-1 Starting 
 Container rgg878f6adb4b-node4-1 Started 
 Container rgg878f6adb4b-node2-1 Started 
 Container rgg878f6adb4b-node3-1 Started 
 Container rgg878f6adb4b-node1-1 Started 
 Container rgg878f6adb4b-node5-1 Started 
 Container rgg878f6adb4b-node10-1 Started 
 Container rgg878f6adb4b-node12-1 Started 
 Container rgg878f6adb4b-node7-1 Started 
 Container rgg878f6adb4b-node9-1 Started 
 Container rgg878f6adb4b-node8-1 Started 
 Container rgg878f6adb4b-node6-1 Started 
 Container rgg878f6adb4b-node11-1 Started 
 Container rgg878f6adb4b-node0-1 Started 
 Container rgg878f6adb4b-node15-1 Started 
 Container rgg878f6adb4b-node13-1 Started 
 Container rgg878f6adb4b-node14-1 Started 
DRIVER_STARTED: 2026-07-15T04:55:50Z
0
