COMMAND: /usr/bin/python3 /mnt/c/Users/guan/Desktop/zte-sci/experiments/fabric/benchmarks/e4_full_lifecycle.py --batch-manifest /mnt/c/Users/guan/Desktop/zte-sci/experiments/exp-local/results/b2-input-20260705T154954Z/full-b64/manifest.json --concurrency 8 --warmup 1 --seed 4192263981584931179 --output /mnt/c/Users/guan/Desktop/zte-sci/experiments/exp-local/results/e10-capacity-20260715T153706Z/e10-resource-c8-r2 --run-id e10-resource-c8-r2

STDOUT:
Preparing 8 committee slots (excluded from metrics)
Running 33 measured workflows at concurrency 8
Progress: 1/33
Progress: 2/33
Progress: 3/33
Progress: 4/33
Progress: 5/33
Progress: 6/33
Progress: 7/33
Progress: 8/33
Progress: 9/33
Progress: 10/33
Progress: 11/33
Progress: 12/33
Progress: 13/33
Progress: 14/33
Progress: 15/33
Progress: 16/33
Progress: 17/33
Progress: 18/33
Progress: 19/33
Progress: 20/33
Progress: 21/33
Progress: 22/33
Progress: 23/33
Progress: 24/33
Progress: 25/33
Progress: 26/33
Progress: 27/33
Progress: 28/33
Progress: 29/33
Progress: 30/33
Progress: 31/33
Progress: 32/33
Progress: 33/33
{
  "operation_count": 330,
  "successful_operations": 330,
  "failed_operations": 0,
  "workflow_count": 33,
  "successful_workflows": 33,
  "failed_workflows": 0,
  "workflow_success_rate": 1.0,
  "measurement_duration_ms": 77165,
  "workflow_throughput_per_s": 0.42765502494654306,
  "per_operation": {
    "fabric_post_allocation": {
      "count": 33,
      "success_count": 33,
      "failure_count": 0,
      "p50_ms": 2417,
      "p95_ms": 2446,
      "p99_ms": 2450
    },
    "fabric_post_snapshot": {
      "count": 33,
      "success_count": 33,
      "failure_count": 0,
      "p50_ms": 2315,
      "p95_ms": 2331,
      "p99_ms": 2332
    },
    "fabric_post_task": {
      "count": 33,
      "success_count": 33,
      "failure_count": 0,
      "p50_ms": 2493,
      "p95_ms": 2688,
      "p99_ms": 2707
    },
    "fabric_query_confirmation": {
      "count": 33,
      "success_count": 33,
      "failure_count": 0,
      "p50_ms": 171,
      "p95_ms": 481,
      "p99_ms": 488
    },
    "fabric_query_final": {
      "count": 33,
      "success_count": 33,
      "failure_count": 0,
      "p50_ms": 532,
      "p95_ms": 709,
      "p99_ms": 729
    },
    "fabric_settlement": {
      "count": 33,
      "success_count": 33,
      "failure_count": 0,
      "p50_ms": 2342,
      "p95_ms": 2368,
      "p99_ms": 2370
    },
    "fabric_vote_1": {
      "count": 33,
      "success_count": 33,
      "failure_count": 0,
      "p50_ms": 2332,
      "p95_ms": 2550,
      "p99_ms": 2550
    },
    "fabric_vote_2": {
      "count": 33,
      "success_count": 33,
      "failure_count": 0,
      "p50_ms": 2295,
      "p95_ms": 2346,
      "p99_ms": 2349
    },
    "ipfs_add": {
      "count": 33,
      "success_count": 33,
      "failure_count": 0,
      "p50_ms": 123,
      "p95_ms": 199,
      "p99_ms": 204
    },
    "ipfs_verify": {
      "count": 33,
      "success_count": 33,
      "failure_count": 0,
      "p50_ms": 13,
      "p95_ms": 20,
      "p99_ms": 22
    }
  },
  "evidence_record_count": 2062,
  "evidence_record_throughput_per_s": 26.721959437568845
}
Results: /mnt/c/Users/guan/Desktop/zte-sci/experiments/exp-local/results/e10-capacity-20260715T153706Z/e10-resource-c8-r2/e10-resource-c8-r2

STDERR:
