 Network rgg60ae75d1cb_default Creating 
 Network rgg60ae75d1cb_default Created 
 Container rgg60ae75d1cb-collector-1 Creating 
 Container rgg60ae75d1cb-collector-1 Created 
 Container rgg60ae75d1cb-node17-1 Creating 
 Container rgg60ae75d1cb-node5-1 Creating 
 Container rgg60ae75d1cb-node0-1 Creating 
 Container rgg60ae75d1cb-node22-1 Creating 
 Container rgg60ae75d1cb-node10-1 Creating 
 Container rgg60ae75d1cb-node23-1 Creating 
 Container rgg60ae75d1cb-node6-1 Creating 
 Container rgg60ae75d1cb-node7-1 Creating 
 Container rgg60ae75d1cb-node9-1 Creating 
 Container rgg60ae75d1cb-node12-1 Creating 
 Container rgg60ae75d1cb-node14-1 Creating 
 Container rgg60ae75d1cb-node8-1 Creating 
 Container rgg60ae75d1cb-node4-1 Creating 
 Container rgg60ae75d1cb-node11-1 Creating 
 Container rgg60ae75d1cb-node2-1 Creating 
 Container rgg60ae75d1cb-node13-1 Creating 
 Container rgg60ae75d1cb-node16-1 Creating 
 Container rgg60ae75d1cb-node19-1 Creating 
 Container rgg60ae75d1cb-node1-1 Creating 
 Container rgg60ae75d1cb-node21-1 Creating 
 Container rgg60ae75d1cb-node20-1 Creating 
 Container rgg60ae75d1cb-node18-1 Creating 
 Container rgg60ae75d1cb-node3-1 Creating 
 Container rgg60ae75d1cb-node15-1 Creating 
 Container rgg60ae75d1cb-node10-1 Created 
 Container rgg60ae75d1cb-node12-1 Created 
 Container rgg60ae75d1cb-node17-1 Created 
 Container rgg60ae75d1cb-node14-1 Created 
 Container rgg60ae75d1cb-node23-1 Created 
 Container rgg60ae75d1cb-node19-1 Created 
 Container rgg60ae75d1cb-node3-1 Created 
 Container rgg60ae75d1cb-node0-1 Created 
 Container rgg60ae75d1cb-node11-1 Created 
 Container rgg60ae75d1cb-node15-1 Created 
 Container rgg60ae75d1cb-node16-1 Created 
 Container rgg60ae75d1cb-node1-1 Created 
 Container rgg60ae75d1cb-node6-1 Created 
 Container rgg60ae75d1cb-node13-1 Created 
 Container rgg60ae75d1cb-node7-1 Created 
 Container rgg60ae75d1cb-node9-1 Created 
 Container rgg60ae75d1cb-node4-1 Created 
 Container rgg60ae75d1cb-node5-1 Created 
 Container rgg60ae75d1cb-node18-1 Created 
 Container rgg60ae75d1cb-node2-1 Created 
 Container rgg60ae75d1cb-node22-1 Created 
 Container rgg60ae75d1cb-node20-1 Created 
 Container rgg60ae75d1cb-node8-1 Created 
 Container rgg60ae75d1cb-node21-1 Created 
 Container rgg60ae75d1cb-collector-1 Starting 
 Container rgg60ae75d1cb-collector-1 Started 
 Container rgg60ae75d1cb-node11-1 Starting 
 Container rgg60ae75d1cb-node0-1 Starting 
 Container rgg60ae75d1cb-node5-1 Starting 
 Container rgg60ae75d1cb-node6-1 Starting 
 Container rgg60ae75d1cb-node9-1 Starting 
 Container rgg60ae75d1cb-node19-1 Starting 
 Container rgg60ae75d1cb-node23-1 Starting 
 Container rgg60ae75d1cb-node3-1 Starting 
 Container rgg60ae75d1cb-node15-1 Starting 
 Container rgg60ae75d1cb-node13-1 Starting 
 Container rgg60ae75d1cb-node7-1 Starting 
 Container rgg60ae75d1cb-node20-1 Starting 
 Container rgg60ae75d1cb-node21-1 Starting 
 Container rgg60ae75d1cb-node10-1 Starting 
 Container rgg60ae75d1cb-node14-1 Starting 
 Container rgg60ae75d1cb-node12-1 Starting 
 Container rgg60ae75d1cb-node2-1 Starting 
 Container rgg60ae75d1cb-node8-1 Starting 
 Container rgg60ae75d1cb-node17-1 Starting 
 Container rgg60ae75d1cb-node18-1 Starting 
 Container rgg60ae75d1cb-node4-1 Starting 
 Container rgg60ae75d1cb-node22-1 Starting 
 Container rgg60ae75d1cb-node16-1 Starting 
 Container rgg60ae75d1cb-node1-1 Starting 
 Container rgg60ae75d1cb-node1-1 Started 
 Container rgg60ae75d1cb-node9-1 Started 
 Container rgg60ae75d1cb-node17-1 Started 
 Container rgg60ae75d1cb-node23-1 Started 
 Container rgg60ae75d1cb-node6-1 Started 
 Container rgg60ae75d1cb-node5-1 Started 
 Container rgg60ae75d1cb-node0-1 Started 
 Container rgg60ae75d1cb-node16-1 Started 
 Container rgg60ae75d1cb-node4-1 Started 
 Container rgg60ae75d1cb-node19-1 Started 
 Container rgg60ae75d1cb-node13-1 Started 
 Container rgg60ae75d1cb-node10-1 Started 
 Container rgg60ae75d1cb-node14-1 Started 
 Container rgg60ae75d1cb-node15-1 Started 
 Container rgg60ae75d1cb-node20-1 Started 
 Container rgg60ae75d1cb-node12-1 Started 
 Container rgg60ae75d1cb-node8-1 Started 
 Container rgg60ae75d1cb-node3-1 Started 
 Container rgg60ae75d1cb-node2-1 Started 
 Container rgg60ae75d1cb-node18-1 Started 
 Container rgg60ae75d1cb-node11-1 Started 
 Container rgg60ae75d1cb-node7-1 Started 
 Container rgg60ae75d1cb-node21-1 Started 
 Container rgg60ae75d1cb-node22-1 Started 
DRIVER_STARTED: 2026-07-15T05:01:55Z
0
