 Network rgg56a1697c80_default Creating 
 Network rgg56a1697c80_default Created 
 Container rgg56a1697c80-collector-1 Creating 
 Container rgg56a1697c80-collector-1 Created 
 Container rgg56a1697c80-node2-1 Creating 
 Container rgg56a1697c80-node0-1 Creating 
 Container rgg56a1697c80-node1-1 Creating 
 Container rgg56a1697c80-node7-1 Creating 
 Container rgg56a1697c80-node16-1 Creating 
 Container rgg56a1697c80-node3-1 Creating 
 Container rgg56a1697c80-node22-1 Creating 
 Container rgg56a1697c80-node5-1 Creating 
 Container rgg56a1697c80-node19-1 Creating 
 Container rgg56a1697c80-node12-1 Creating 
 Container rgg56a1697c80-node10-1 Creating 
 Container rgg56a1697c80-node20-1 Creating 
 Container rgg56a1697c80-node15-1 Creating 
 Container rgg56a1697c80-node9-1 Creating 
 Container rgg56a1697c80-node14-1 Creating 
 Container rgg56a1697c80-node6-1 Creating 
 Container rgg56a1697c80-node4-1 Creating 
 Container rgg56a1697c80-node17-1 Creating 
 Container rgg56a1697c80-node8-1 Creating 
 Container rgg56a1697c80-node13-1 Creating 
 Container rgg56a1697c80-node18-1 Creating 
 Container rgg56a1697c80-node21-1 Creating 
 Container rgg56a1697c80-node23-1 Creating 
 Container rgg56a1697c80-node11-1 Creating 
 Container rgg56a1697c80-node0-1 Created 
 Container rgg56a1697c80-node20-1 Created 
 Container rgg56a1697c80-node3-1 Created 
 Container rgg56a1697c80-node13-1 Created 
 Container rgg56a1697c80-node22-1 Created 
 Container rgg56a1697c80-node6-1 Created 
 Container rgg56a1697c80-node15-1 Created 
 Container rgg56a1697c80-node12-1 Created 
 Container rgg56a1697c80-node9-1 Created 
 Container rgg56a1697c80-node16-1 Created 
 Container rgg56a1697c80-node8-1 Created 
 Container rgg56a1697c80-node17-1 Created 
 Container rgg56a1697c80-node18-1 Created 
 Container rgg56a1697c80-node14-1 Created 
 Container rgg56a1697c80-node19-1 Created 
 Container rgg56a1697c80-node7-1 Created 
 Container rgg56a1697c80-node1-1 Created 
 Container rgg56a1697c80-node11-1 Created 
 Container rgg56a1697c80-node2-1 Created 
 Container rgg56a1697c80-node10-1 Created 
 Container rgg56a1697c80-node23-1 Created 
 Container rgg56a1697c80-node5-1 Created 
 Container rgg56a1697c80-node4-1 Created 
 Container rgg56a1697c80-node21-1 Created 
 Container rgg56a1697c80-collector-1 Starting 
 Container rgg56a1697c80-collector-1 Started 
 Container rgg56a1697c80-node8-1 Starting 
 Container rgg56a1697c80-node22-1 Starting 
 Container rgg56a1697c80-node15-1 Starting 
 Container rgg56a1697c80-node23-1 Starting 
 Container rgg56a1697c80-node10-1 Starting 
 Container rgg56a1697c80-node17-1 Starting 
 Container rgg56a1697c80-node11-1 Starting 
 Container rgg56a1697c80-node18-1 Starting 
 Container rgg56a1697c80-node0-1 Starting 
 Container rgg56a1697c80-node14-1 Starting 
 Container rgg56a1697c80-node9-1 Starting 
 Container rgg56a1697c80-node13-1 Starting 
 Container rgg56a1697c80-node19-1 Starting 
 Container rgg56a1697c80-node7-1 Starting 
 Container rgg56a1697c80-node16-1 Starting 
 Container rgg56a1697c80-node4-1 Starting 
 Container rgg56a1697c80-node1-1 Starting 
 Container rgg56a1697c80-node21-1 Starting 
 Container rgg56a1697c80-node3-1 Starting 
 Container rgg56a1697c80-node6-1 Starting 
 Container rgg56a1697c80-node12-1 Starting 
 Container rgg56a1697c80-node20-1 Starting 
 Container rgg56a1697c80-node5-1 Starting 
 Container rgg56a1697c80-node2-1 Starting 
 Container rgg56a1697c80-node0-1 Started 
 Container rgg56a1697c80-node6-1 Started 
 Container rgg56a1697c80-node7-1 Started 
 Container rgg56a1697c80-node2-1 Started 
 Container rgg56a1697c80-node15-1 Started 
 Container rgg56a1697c80-node17-1 Started 
 Container rgg56a1697c80-node23-1 Started 
 Container rgg56a1697c80-node20-1 Started 
 Container rgg56a1697c80-node12-1 Started 
 Container rgg56a1697c80-node8-1 Started 
 Container rgg56a1697c80-node9-1 Started 
 Container rgg56a1697c80-node10-1 Started 
 Container rgg56a1697c80-node1-1 Started 
 Container rgg56a1697c80-node16-1 Started 
 Container rgg56a1697c80-node19-1 Started 
 Container rgg56a1697c80-node13-1 Started 
 Container rgg56a1697c80-node3-1 Started 
 Container rgg56a1697c80-node21-1 Started 
 Container rgg56a1697c80-node14-1 Started 
 Container rgg56a1697c80-node4-1 Started 
 Container rgg56a1697c80-node5-1 Started 
 Container rgg56a1697c80-node18-1 Started 
 Container rgg56a1697c80-node11-1 Started 
 Container rgg56a1697c80-node22-1 Started 
READY_BARRIER: 23/24 node services ready
DRIVER_STARTED: 2026-07-15T14:15:56Z
0
