 Network rggb550865377_default Creating 
 Network rggb550865377_default Created 
 Container rggb550865377-collector-1 Creating 
 Container rggb550865377-collector-1 Created 
 Container rggb550865377-node6-1 Creating 
 Container rggb550865377-node10-1 Creating 
 Container rggb550865377-node12-1 Creating 
 Container rggb550865377-node15-1 Creating 
 Container rggb550865377-node1-1 Creating 
 Container rggb550865377-node3-1 Creating 
 Container rggb550865377-node2-1 Creating 
 Container rggb550865377-node5-1 Creating 
 Container rggb550865377-node8-1 Creating 
 Container rggb550865377-node4-1 Creating 
 Container rggb550865377-node7-1 Creating 
 Container rggb550865377-node14-1 Creating 
 Container rggb550865377-node9-1 Creating 
 Container rggb550865377-node11-1 Creating 
 Container rggb550865377-node13-1 Creating 
 Container rggb550865377-node0-1 Creating 
 Container rggb550865377-node0-1 Created 
 Container rggb550865377-node12-1 Created 
 Container rggb550865377-node3-1 Created 
 Container rggb550865377-node2-1 Created 
 Container rggb550865377-node6-1 Created 
 Container rggb550865377-node15-1 Created 
 Container rggb550865377-node10-1 Created 
 Container rggb550865377-node9-1 Created 
 Container rggb550865377-node11-1 Created 
 Container rggb550865377-node1-1 Created 
 Container rggb550865377-node5-1 Created 
 Container rggb550865377-node14-1 Created 
 Container rggb550865377-node7-1 Created 
 Container rggb550865377-node4-1 Created 
 Container rggb550865377-node8-1 Created 
 Container rggb550865377-node13-1 Created 
 Container rggb550865377-collector-1 Starting 
 Container rggb550865377-collector-1 Started 
 Container rggb550865377-node1-1 Starting 
 Container rggb550865377-node12-1 Starting 
 Container rggb550865377-node13-1 Starting 
 Container rggb550865377-node14-1 Starting 
 Container rggb550865377-node10-1 Starting 
 Container rggb550865377-node7-1 Starting 
 Container rggb550865377-node5-1 Starting 
 Container rggb550865377-node8-1 Starting 
 Container rggb550865377-node15-1 Starting 
 Container rggb550865377-node0-1 Starting 
 Container rggb550865377-node4-1 Starting 
 Container rggb550865377-node9-1 Starting 
 Container rggb550865377-node3-1 Starting 
 Container rggb550865377-node2-1 Starting 
 Container rggb550865377-node11-1 Starting 
 Container rggb550865377-node6-1 Starting 
 Container rggb550865377-node12-1 Started 
 Container rggb550865377-node5-1 Started 
 Container rggb550865377-node11-1 Started 
 Container rggb550865377-node14-1 Started 
 Container rggb550865377-node13-1 Started 
 Container rggb550865377-node1-1 Started 
 Container rggb550865377-node4-1 Started 
 Container rggb550865377-node10-1 Started 
 Container rggb550865377-node9-1 Started 
 Container rggb550865377-node3-1 Started 
 Container rggb550865377-node2-1 Started 
 Container rggb550865377-node8-1 Started 
 Container rggb550865377-node6-1 Started 
 Container rggb550865377-node7-1 Started 
 Container rggb550865377-node0-1 Started 
 Container rggb550865377-node15-1 Started 
READY_BARRIER: 14/16 node services ready
DRIVER_STARTED: 2026-07-15T13:52:31Z
0
