 Network rgg1474bc7620_default Creating 
 Network rgg1474bc7620_default Created 
 Container rgg1474bc7620-collector-1 Creating 
 Container rgg1474bc7620-collector-1 Created 
 Container rgg1474bc7620-node10-1 Creating 
 Container rgg1474bc7620-node12-1 Creating 
 Container rgg1474bc7620-node2-1 Creating 
 Container rgg1474bc7620-node5-1 Creating 
 Container rgg1474bc7620-node6-1 Creating 
 Container rgg1474bc7620-node13-1 Creating 
 Container rgg1474bc7620-node7-1 Creating 
 Container rgg1474bc7620-node15-1 Creating 
 Container rgg1474bc7620-node9-1 Creating 
 Container rgg1474bc7620-node0-1 Creating 
 Container rgg1474bc7620-node8-1 Creating 
 Container rgg1474bc7620-node11-1 Creating 
 Container rgg1474bc7620-node14-1 Creating 
 Container rgg1474bc7620-node4-1 Creating 
 Container rgg1474bc7620-node1-1 Creating 
 Container rgg1474bc7620-node3-1 Creating 
 Container rgg1474bc7620-node2-1 Created 
 Container rgg1474bc7620-node8-1 Created 
 Container rgg1474bc7620-node5-1 Created 
 Container rgg1474bc7620-node10-1 Created 
 Container rgg1474bc7620-node7-1 Created 
 Container rgg1474bc7620-node14-1 Created 
 Container rgg1474bc7620-node12-1 Created 
 Container rgg1474bc7620-node15-1 Created 
 Container rgg1474bc7620-node3-1 Created 
 Container rgg1474bc7620-node9-1 Created 
 Container rgg1474bc7620-node0-1 Created 
 Container rgg1474bc7620-node6-1 Created 
 Container rgg1474bc7620-node1-1 Created 
 Container rgg1474bc7620-node13-1 Created 
 Container rgg1474bc7620-node11-1 Created 
 Container rgg1474bc7620-node4-1 Created 
 Container rgg1474bc7620-driver-1 Creating 
 Container rgg1474bc7620-driver-1 Created 
 Container rgg1474bc7620-collector-1 Starting 
 Container rgg1474bc7620-collector-1 Started 
 Container rgg1474bc7620-node15-1 Starting 
 Container rgg1474bc7620-node9-1 Starting 
 Container rgg1474bc7620-node2-1 Starting 
 Container rgg1474bc7620-node12-1 Starting 
 Container rgg1474bc7620-node7-1 Starting 
 Container rgg1474bc7620-node11-1 Starting 
 Container rgg1474bc7620-node0-1 Starting 
 Container rgg1474bc7620-node5-1 Starting 
 Container rgg1474bc7620-node14-1 Starting 
 Container rgg1474bc7620-node13-1 Starting 
 Container rgg1474bc7620-node10-1 Starting 
 Container rgg1474bc7620-node4-1 Starting 
 Container rgg1474bc7620-node1-1 Starting 
 Container rgg1474bc7620-node3-1 Starting 
 Container rgg1474bc7620-node8-1 Starting 
 Container rgg1474bc7620-node6-1 Starting 
 Container rgg1474bc7620-node2-1 Started 
 Container rgg1474bc7620-node9-1 Started 
 Container rgg1474bc7620-node15-1 Started 
 Container rgg1474bc7620-node0-1 Started 
 Container rgg1474bc7620-node3-1 Started 
 Container rgg1474bc7620-node1-1 Started 
 Container rgg1474bc7620-node5-1 Started 
 Container rgg1474bc7620-node14-1 Started 
 Container rgg1474bc7620-node6-1 Started 
 Container rgg1474bc7620-node10-1 Started 
 Container rgg1474bc7620-node7-1 Started 
 Container rgg1474bc7620-node8-1 Started 
 Container rgg1474bc7620-node12-1 Started 
 Container rgg1474bc7620-node11-1 Started 
 Container rgg1474bc7620-node4-1 Started 
 Container rgg1474bc7620-node13-1 Started 
 Container rgg1474bc7620-driver-1 Starting 
 Container rgg1474bc7620-driver-1 Started 
0
