 Network rgg280f2ca6bb_default Creating 
 Network rgg280f2ca6bb_default Created 
 Container rgg280f2ca6bb-collector-1 Creating 
 Container rgg280f2ca6bb-collector-1 Created 
 Container rgg280f2ca6bb-node0-1 Creating 
 Container rgg280f2ca6bb-node8-1 Creating 
 Container rgg280f2ca6bb-node6-1 Creating 
 Container rgg280f2ca6bb-node13-1 Creating 
 Container rgg280f2ca6bb-node4-1 Creating 
 Container rgg280f2ca6bb-node7-1 Creating 
 Container rgg280f2ca6bb-node9-1 Creating 
 Container rgg280f2ca6bb-node5-1 Creating 
 Container rgg280f2ca6bb-node11-1 Creating 
 Container rgg280f2ca6bb-node15-1 Creating 
 Container rgg280f2ca6bb-node2-1 Creating 
 Container rgg280f2ca6bb-node3-1 Creating 
 Container rgg280f2ca6bb-node10-1 Creating 
 Container rgg280f2ca6bb-node12-1 Creating 
 Container rgg280f2ca6bb-node14-1 Creating 
 Container rgg280f2ca6bb-node1-1 Creating 
 Container rgg280f2ca6bb-node11-1 Created 
 Container rgg280f2ca6bb-node6-1 Created 
 Container rgg280f2ca6bb-node8-1 Created 
 Container rgg280f2ca6bb-node4-1 Created 
 Container rgg280f2ca6bb-node14-1 Created 
 Container rgg280f2ca6bb-node12-1 Created 
 Container rgg280f2ca6bb-node10-1 Created 
 Container rgg280f2ca6bb-node0-1 Created 
 Container rgg280f2ca6bb-node7-1 Created 
 Container rgg280f2ca6bb-node3-1 Created 
 Container rgg280f2ca6bb-node9-1 Created 
 Container rgg280f2ca6bb-node15-1 Created 
 Container rgg280f2ca6bb-node1-1 Created 
 Container rgg280f2ca6bb-node2-1 Created 
 Container rgg280f2ca6bb-node13-1 Created 
 Container rgg280f2ca6bb-node5-1 Created 
 Container rgg280f2ca6bb-collector-1 Starting 
 Container rgg280f2ca6bb-collector-1 Started 
 Container rgg280f2ca6bb-node4-1 Starting 
 Container rgg280f2ca6bb-node1-1 Starting 
 Container rgg280f2ca6bb-node12-1 Starting 
 Container rgg280f2ca6bb-node14-1 Starting 
 Container rgg280f2ca6bb-node15-1 Starting 
 Container rgg280f2ca6bb-node8-1 Starting 
 Container rgg280f2ca6bb-node2-1 Starting 
 Container rgg280f2ca6bb-node9-1 Starting 
 Container rgg280f2ca6bb-node5-1 Starting 
 Container rgg280f2ca6bb-node7-1 Starting 
 Container rgg280f2ca6bb-node10-1 Starting 
 Container rgg280f2ca6bb-node13-1 Starting 
 Container rgg280f2ca6bb-node0-1 Starting 
 Container rgg280f2ca6bb-node11-1 Starting 
 Container rgg280f2ca6bb-node6-1 Starting 
 Container rgg280f2ca6bb-node3-1 Starting 
 Container rgg280f2ca6bb-node12-1 Started 
 Container rgg280f2ca6bb-node0-1 Started 
 Container rgg280f2ca6bb-node4-1 Started 
 Container rgg280f2ca6bb-node14-1 Started 
 Container rgg280f2ca6bb-node2-1 Started 
 Container rgg280f2ca6bb-node15-1 Started 
 Container rgg280f2ca6bb-node9-1 Started 
 Container rgg280f2ca6bb-node10-1 Started 
 Container rgg280f2ca6bb-node7-1 Started 
 Container rgg280f2ca6bb-node11-1 Started 
 Container rgg280f2ca6bb-node6-1 Started 
 Container rgg280f2ca6bb-node3-1 Started 
 Container rgg280f2ca6bb-node1-1 Started 
 Container rgg280f2ca6bb-node8-1 Started 
 Container rgg280f2ca6bb-node13-1 Started 
 Container rgg280f2ca6bb-node5-1 Started 
NETEM_APPLIED node0 iface=eth0: qdisc netem 8351: root refcnt 17 limit 1000 delay 20ms  5ms seed 7272282729333789098
NETEM_APPLIED node1 iface=eth0: qdisc netem 8352: root refcnt 17 limit 1000 delay 20ms  5ms seed 5057049298570859033
NETEM_APPLIED node2 iface=eth0: qdisc netem 8353: root refcnt 17 limit 1000 delay 20ms  5ms seed 8378018397919097322
NETEM_APPLIED node3 iface=eth0: qdisc netem 8354: root refcnt 17 limit 1000 delay 20ms  5ms seed 17512358046209455891
NETEM_APPLIED node4 iface=eth0: qdisc netem 8355: root refcnt 17 limit 1000 delay 20ms  5ms seed 6527105014098040667
NETEM_APPLIED node5 iface=eth0: qdisc netem 8356: root refcnt 17 limit 1000 delay 20ms  5ms seed 16208440607846757953
NETEM_APPLIED node6 iface=eth0: qdisc netem 8357: root refcnt 17 limit 1000 delay 20ms  5ms seed 8621624479311509556
NETEM_APPLIED node7 iface=eth0: qdisc netem 8358: root refcnt 17 limit 1000 delay 20ms  5ms seed 17592930320666777388
NETEM_APPLIED node8 iface=eth0: qdisc netem 8359: root refcnt 17 limit 1000 delay 20ms  5ms seed 9865320246567432483
NETEM_APPLIED node9 iface=eth0: qdisc netem 835a: root refcnt 17 limit 1000 delay 20ms  5ms seed 2952111731621688827
NETEM_APPLIED node10 iface=eth0: qdisc netem 835b: root refcnt 17 limit 1000 delay 20ms  5ms seed 8900368778950716864
NETEM_APPLIED node11 iface=eth0: qdisc netem 835c: root refcnt 17 limit 1000 delay 20ms  5ms seed 14262268364008857957
NETEM_APPLIED node12 iface=eth0: qdisc netem 835d: root refcnt 17 limit 1000 delay 20ms  5ms seed 1240869132669304276
NETEM_APPLIED node13 iface=eth0: qdisc netem 835e: root refcnt 17 limit 1000 delay 20ms  5ms seed 17126269370042819592
NETEM_APPLIED node14 iface=eth0: qdisc netem 835f: root refcnt 17 limit 1000 delay 20ms  5ms seed 3308039176657704020
NETEM_APPLIED node15 iface=eth0: qdisc netem 8360: root refcnt 17 limit 1000 delay 20ms  5ms seed 13207182350560511962
NETEM_RTT_GATE OK: baseline=0.1ms actual=41.7ms increase=41.6ms
DRIVER_STARTED: 2026-07-15T05:51:04Z
0
QDSK_CLEANUP_FAIL node0: Command '['docker', 'exec', 'rgg280f2ca6bb-node0-1', 'sh', '-c', "ip -o -4 addr show scope global 2>/dev/null | head -1 | awk '{print $2}'"]' returned non-zero exit status 1.
QDSK_CLEANUP_FAIL node1: Command '['docker', 'exec', 'rgg280f2ca6bb-node1-1', 'sh', '-c', "ip -o -4 addr show scope global 2>/dev/null | head -1 | awk '{print $2}'"]' returned non-zero exit status 1.
QDSK_CLEANUP_FAIL node2: Command '['docker', 'exec', 'rgg280f2ca6bb-node2-1', 'sh', '-c', "ip -o -4 addr show scope global 2>/dev/null | head -1 | awk '{print $2}'"]' returned non-zero exit status 1.
QDSK_CLEANUP_FAIL node3: Command '['docker', 'exec', 'rgg280f2ca6bb-node3-1', 'sh', '-c', "ip -o -4 addr show scope global 2>/dev/null | head -1 | awk '{print $2}'"]' returned non-zero exit status 1.
QDSK_CLEANUP_FAIL node4: Command '['docker', 'exec', 'rgg280f2ca6bb-node4-1', 'sh', '-c', "ip -o -4 addr show scope global 2>/dev/null | head -1 | awk '{print $2}'"]' returned non-zero exit status 1.
QDSK_CLEANUP_FAIL node5: Command '['docker', 'exec', 'rgg280f2ca6bb-node5-1', 'sh', '-c', "ip -o -4 addr show scope global 2>/dev/null | head -1 | awk '{print $2}'"]' returned non-zero exit status 1.
QDSK_CLEANUP_FAIL node6: Command '['docker', 'exec', 'rgg280f2ca6bb-node6-1', 'sh', '-c', "ip -o -4 addr show scope global 2>/dev/null | head -1 | awk '{print $2}'"]' returned non-zero exit status 1.
QDSK_CLEANUP_FAIL node7: Command '['docker', 'exec', 'rgg280f2ca6bb-node7-1', 'sh', '-c', "ip -o -4 addr show scope global 2>/dev/null | head -1 | awk '{print $2}'"]' returned non-zero exit status 1.
QDSK_CLEANUP_FAIL node8: Command '['docker', 'exec', 'rgg280f2ca6bb-node8-1', 'sh', '-c', "ip -o -4 addr show scope global 2>/dev/null | head -1 | awk '{print $2}'"]' returned non-zero exit status 1.
QDSK_CLEANUP_FAIL node9: Command '['docker', 'exec', 'rgg280f2ca6bb-node9-1', 'sh', '-c', "ip -o -4 addr show scope global 2>/dev/null | head -1 | awk '{print $2}'"]' returned non-zero exit status 1.
QDSK_CLEANUP_FAIL node10: Command '['docker', 'exec', 'rgg280f2ca6bb-node10-1', 'sh', '-c', "ip -o -4 addr show scope global 2>/dev/null | head -1 | awk '{print $2}'"]' returned non-zero exit status 1.
QDSK_CLEANUP_FAIL node11: Command '['docker', 'exec', 'rgg280f2ca6bb-node11-1', 'sh', '-c', "ip -o -4 addr show scope global 2>/dev/null | head -1 | awk '{print $2}'"]' returned non-zero exit status 1.
QDSK_CLEANUP_FAIL node12: Command '['docker', 'exec', 'rgg280f2ca6bb-node12-1', 'sh', '-c', "ip -o -4 addr show scope global 2>/dev/null | head -1 | awk '{print $2}'"]' returned non-zero exit status 1.
QDSK_CLEANUP_FAIL node13: Command '['docker', 'exec', 'rgg280f2ca6bb-node13-1', 'sh', '-c', "ip -o -4 addr show scope global 2>/dev/null | head -1 | awk '{print $2}'"]' returned non-zero exit status 1.
QDSK_CLEANUP_FAIL node14: Command '['docker', 'exec', 'rgg280f2ca6bb-node14-1', 'sh', '-c', "ip -o -4 addr show scope global 2>/dev/null | head -1 | awk '{print $2}'"]' returned non-zero exit status 1.
QDSK_CLEANUP_FAIL node15: Command '['docker', 'exec', 'rgg280f2ca6bb-node15-1', 'sh', '-c', "ip -o -4 addr show scope global 2>/dev/null | head -1 | awk '{print $2}'"]' returned non-zero exit status 1.
