 Network rgge8cc760437_default Creating 
 Network rgge8cc760437_default Created 
 Container rgge8cc760437-collector-1 Creating 
 Container rgge8cc760437-collector-1 Created 
 Container rgge8cc760437-node3-1 Creating 
 Container rgge8cc760437-node12-1 Creating 
 Container rgge8cc760437-node4-1 Creating 
 Container rgge8cc760437-node5-1 Creating 
 Container rgge8cc760437-node16-1 Creating 
 Container rgge8cc760437-node9-1 Creating 
 Container rgge8cc760437-node1-1 Creating 
 Container rgge8cc760437-node21-1 Creating 
 Container rgge8cc760437-node17-1 Creating 
 Container rgge8cc760437-node10-1 Creating 
 Container rgge8cc760437-node18-1 Creating 
 Container rgge8cc760437-node6-1 Creating 
 Container rgge8cc760437-node13-1 Creating 
 Container rgge8cc760437-node19-1 Creating 
 Container rgge8cc760437-node11-1 Creating 
 Container rgge8cc760437-node2-1 Creating 
 Container rgge8cc760437-node23-1 Creating 
 Container rgge8cc760437-node0-1 Creating 
 Container rgge8cc760437-node20-1 Creating 
 Container rgge8cc760437-node8-1 Creating 
 Container rgge8cc760437-node14-1 Creating 
 Container rgge8cc760437-node7-1 Creating 
 Container rgge8cc760437-node22-1 Creating 
 Container rgge8cc760437-node15-1 Creating 
 Container rgge8cc760437-node5-1 Created 
 Container rgge8cc760437-node6-1 Created 
 Container rgge8cc760437-node17-1 Created 
 Container rgge8cc760437-node12-1 Created 
 Container rgge8cc760437-node23-1 Created 
 Container rgge8cc760437-node13-1 Created 
 Container rgge8cc760437-node11-1 Created 
 Container rgge8cc760437-node0-1 Created 
 Container rgge8cc760437-node15-1 Created 
 Container rgge8cc760437-node10-1 Created 
 Container rgge8cc760437-node14-1 Created 
 Container rgge8cc760437-node8-1 Created 
 Container rgge8cc760437-node9-1 Created 
 Container rgge8cc760437-node19-1 Created 
 Container rgge8cc760437-node1-1 Created 
 Container rgge8cc760437-node20-1 Created 
 Container rgge8cc760437-node2-1 Created 
 Container rgge8cc760437-node7-1 Created 
 Container rgge8cc760437-node22-1 Created 
 Container rgge8cc760437-node3-1 Created 
 Container rgge8cc760437-node16-1 Created 
 Container rgge8cc760437-node21-1 Created 
 Container rgge8cc760437-node18-1 Created 
 Container rgge8cc760437-node4-1 Created 
 Container rgge8cc760437-driver-1 Creating 
 Container rgge8cc760437-driver-1 Created 
 Container rgge8cc760437-collector-1 Starting 
 Container rgge8cc760437-collector-1 Started 
 Container rgge8cc760437-node18-1 Starting 
 Container rgge8cc760437-node3-1 Starting 
 Container rgge8cc760437-node12-1 Starting 
 Container rgge8cc760437-node5-1 Starting 
 Container rgge8cc760437-node11-1 Starting 
 Container rgge8cc760437-node9-1 Starting 
 Container rgge8cc760437-node23-1 Starting 
 Container rgge8cc760437-node20-1 Starting 
 Container rgge8cc760437-node22-1 Starting 
 Container rgge8cc760437-node7-1 Starting 
 Container rgge8cc760437-node15-1 Starting 
 Container rgge8cc760437-node17-1 Starting 
 Container rgge8cc760437-node19-1 Starting 
 Container rgge8cc760437-node8-1 Starting 
 Container rgge8cc760437-node21-1 Starting 
 Container rgge8cc760437-node2-1 Starting 
 Container rgge8cc760437-node10-1 Starting 
 Container rgge8cc760437-node0-1 Starting 
 Container rgge8cc760437-node13-1 Starting 
 Container rgge8cc760437-node1-1 Starting 
 Container rgge8cc760437-node4-1 Starting 
 Container rgge8cc760437-node16-1 Starting 
 Container rgge8cc760437-node6-1 Starting 
 Container rgge8cc760437-node14-1 Starting 
 Container rgge8cc760437-node3-1 Started 
 Container rgge8cc760437-node5-1 Started 
 Container rgge8cc760437-node11-1 Started 
 Container rgge8cc760437-node0-1 Started 
 Container rgge8cc760437-node19-1 Started 
 Container rgge8cc760437-node17-1 Started 
 Container rgge8cc760437-node14-1 Started 
 Container rgge8cc760437-node7-1 Started 
 Container rgge8cc760437-node12-1 Started 
 Container rgge8cc760437-node8-1 Started 
 Container rgge8cc760437-node4-1 Started 
 Container rgge8cc760437-node16-1 Started 
 Container rgge8cc760437-node20-1 Started 
 Container rgge8cc760437-node6-1 Started 
 Container rgge8cc760437-node10-1 Started 
 Container rgge8cc760437-node2-1 Started 
 Container rgge8cc760437-node15-1 Started 
 Container rgge8cc760437-node13-1 Started 
 Container rgge8cc760437-node21-1 Started 
 Container rgge8cc760437-node1-1 Started 
 Container rgge8cc760437-node23-1 Started 
 Container rgge8cc760437-node18-1 Started 
 Container rgge8cc760437-node22-1 Started 
 Container rgge8cc760437-node9-1 Started 
 Container rgge8cc760437-driver-1 Starting 
 Container rgge8cc760437-driver-1 Started 
0
