 Network rgg60206b4680_default Creating 
 Network rgg60206b4680_default Created 
 Container rgg60206b4680-collector-1 Creating 
 Container rgg60206b4680-collector-1 Created 
 Container rgg60206b4680-node0-1 Creating 
 Container rgg60206b4680-node5-1 Creating 
 Container rgg60206b4680-node11-1 Creating 
 Container rgg60206b4680-node3-1 Creating 
 Container rgg60206b4680-node13-1 Creating 
 Container rgg60206b4680-node6-1 Creating 
 Container rgg60206b4680-node12-1 Creating 
 Container rgg60206b4680-node9-1 Creating 
 Container rgg60206b4680-node1-1 Creating 
 Container rgg60206b4680-node15-1 Creating 
 Container rgg60206b4680-node10-1 Creating 
 Container rgg60206b4680-node7-1 Creating 
 Container rgg60206b4680-node2-1 Creating 
 Container rgg60206b4680-node4-1 Creating 
 Container rgg60206b4680-node14-1 Creating 
 Container rgg60206b4680-node8-1 Creating 
 Container rgg60206b4680-node0-1 Created 
 Container rgg60206b4680-node12-1 Created 
 Container rgg60206b4680-node1-1 Created 
 Container rgg60206b4680-node5-1 Created 
 Container rgg60206b4680-node2-1 Created 
 Container rgg60206b4680-node13-1 Created 
 Container rgg60206b4680-node9-1 Created 
 Container rgg60206b4680-node4-1 Created 
 Container rgg60206b4680-node6-1 Created 
 Container rgg60206b4680-node10-1 Created 
 Container rgg60206b4680-node8-1 Created 
 Container rgg60206b4680-node11-1 Created 
 Container rgg60206b4680-node14-1 Created 
 Container rgg60206b4680-node7-1 Created 
 Container rgg60206b4680-node3-1 Created 
 Container rgg60206b4680-node15-1 Created 
 Container rgg60206b4680-collector-1 Starting 
 Container rgg60206b4680-collector-1 Started 
 Container rgg60206b4680-node4-1 Starting 
 Container rgg60206b4680-node6-1 Starting 
 Container rgg60206b4680-node8-1 Starting 
 Container rgg60206b4680-node0-1 Starting 
 Container rgg60206b4680-node5-1 Starting 
 Container rgg60206b4680-node1-1 Starting 
 Container rgg60206b4680-node3-1 Starting 
 Container rgg60206b4680-node11-1 Starting 
 Container rgg60206b4680-node14-1 Starting 
 Container rgg60206b4680-node9-1 Starting 
 Container rgg60206b4680-node7-1 Starting 
 Container rgg60206b4680-node10-1 Starting 
 Container rgg60206b4680-node13-1 Starting 
 Container rgg60206b4680-node12-1 Starting 
 Container rgg60206b4680-node15-1 Starting 
 Container rgg60206b4680-node2-1 Starting 
 Container rgg60206b4680-node4-1 Started 
 Container rgg60206b4680-node13-1 Started 
 Container rgg60206b4680-node2-1 Started 
 Container rgg60206b4680-node6-1 Started 
 Container rgg60206b4680-node3-1 Started 
 Container rgg60206b4680-node8-1 Started 
 Container rgg60206b4680-node12-1 Started 
 Container rgg60206b4680-node11-1 Started 
 Container rgg60206b4680-node0-1 Started 
 Container rgg60206b4680-node14-1 Started 
 Container rgg60206b4680-node10-1 Started 
 Container rgg60206b4680-node15-1 Started 
 Container rgg60206b4680-node5-1 Started 
 Container rgg60206b4680-node1-1 Started 
 Container rgg60206b4680-node9-1 Started 
 Container rgg60206b4680-node7-1 Started 
READY_BARRIER: 14/16 node services ready
DRIVER_STARTED: 2026-07-15T13:45:36Z
0
