 Network rggb76b34c30a_default Creating 
 Network rggb76b34c30a_default Created 
 Container rggb76b34c30a-collector-1 Creating 
 Container rggb76b34c30a-collector-1 Created 
 Container rggb76b34c30a-node5-1 Creating 
 Container rggb76b34c30a-node13-1 Creating 
 Container rggb76b34c30a-node10-1 Creating 
 Container rggb76b34c30a-node3-1 Creating 
 Container rggb76b34c30a-node6-1 Creating 
 Container rggb76b34c30a-node12-1 Creating 
 Container rggb76b34c30a-node11-1 Creating 
 Container rggb76b34c30a-node7-1 Creating 
 Container rggb76b34c30a-node8-1 Creating 
 Container rggb76b34c30a-node4-1 Creating 
 Container rggb76b34c30a-node9-1 Creating 
 Container rggb76b34c30a-node1-1 Creating 
 Container rggb76b34c30a-node14-1 Creating 
 Container rggb76b34c30a-node0-1 Creating 
 Container rggb76b34c30a-node15-1 Creating 
 Container rggb76b34c30a-node2-1 Creating 
 Container rggb76b34c30a-node5-1 Created 
 Container rggb76b34c30a-node1-1 Created 
 Container rggb76b34c30a-node3-1 Created 
 Container rggb76b34c30a-node12-1 Created 
 Container rggb76b34c30a-node8-1 Created 
 Container rggb76b34c30a-node15-1 Created 
 Container rggb76b34c30a-node7-1 Created 
 Container rggb76b34c30a-node6-1 Created 
 Container rggb76b34c30a-node14-1 Created 
 Container rggb76b34c30a-node13-1 Created 
 Container rggb76b34c30a-node9-1 Created 
 Container rggb76b34c30a-node2-1 Created 
 Container rggb76b34c30a-node0-1 Created 
 Container rggb76b34c30a-node10-1 Created 
 Container rggb76b34c30a-node4-1 Created 
 Container rggb76b34c30a-node11-1 Created 
 Container rggb76b34c30a-collector-1 Starting 
 Container rggb76b34c30a-collector-1 Started 
 Container rggb76b34c30a-node0-1 Starting 
 Container rggb76b34c30a-node3-1 Starting 
 Container rggb76b34c30a-node9-1 Starting 
 Container rggb76b34c30a-node10-1 Starting 
 Container rggb76b34c30a-node14-1 Starting 
 Container rggb76b34c30a-node5-1 Starting 
 Container rggb76b34c30a-node12-1 Starting 
 Container rggb76b34c30a-node7-1 Starting 
 Container rggb76b34c30a-node13-1 Starting 
 Container rggb76b34c30a-node15-1 Starting 
 Container rggb76b34c30a-node1-1 Starting 
 Container rggb76b34c30a-node4-1 Starting 
 Container rggb76b34c30a-node8-1 Starting 
 Container rggb76b34c30a-node2-1 Starting 
 Container rggb76b34c30a-node11-1 Starting 
 Container rggb76b34c30a-node6-1 Starting 
 Container rggb76b34c30a-node7-1 Started 
 Container rggb76b34c30a-node10-1 Started 
 Container rggb76b34c30a-node0-1 Started 
 Container rggb76b34c30a-node1-1 Started 
 Container rggb76b34c30a-node14-1 Started 
 Container rggb76b34c30a-node5-1 Started 
 Container rggb76b34c30a-node11-1 Started 
 Container rggb76b34c30a-node15-1 Started 
 Container rggb76b34c30a-node3-1 Started 
 Container rggb76b34c30a-node6-1 Started 
 Container rggb76b34c30a-node8-1 Started 
 Container rggb76b34c30a-node13-1 Started 
 Container rggb76b34c30a-node2-1 Started 
 Container rggb76b34c30a-node4-1 Started 
 Container rggb76b34c30a-node12-1 Started 
 Container rggb76b34c30a-node9-1 Started 
READY_BARRIER: 14/16 node services ready
DRIVER_STARTED: 2026-07-26T22:36:52Z
0
