 Network rggee5d2eb66a_default Creating 
 Network rggee5d2eb66a_default Created 
 Container rggee5d2eb66a-collector-1 Creating 
 Container rggee5d2eb66a-collector-1 Created 
 Container rggee5d2eb66a-node3-1 Creating 
 Container rggee5d2eb66a-node13-1 Creating 
 Container rggee5d2eb66a-node0-1 Creating 
 Container rggee5d2eb66a-node11-1 Creating 
 Container rggee5d2eb66a-node5-1 Creating 
 Container rggee5d2eb66a-node12-1 Creating 
 Container rggee5d2eb66a-node1-1 Creating 
 Container rggee5d2eb66a-node7-1 Creating 
 Container rggee5d2eb66a-node4-1 Creating 
 Container rggee5d2eb66a-node10-1 Creating 
 Container rggee5d2eb66a-node15-1 Creating 
 Container rggee5d2eb66a-node14-1 Creating 
 Container rggee5d2eb66a-node9-1 Creating 
 Container rggee5d2eb66a-node8-1 Creating 
 Container rggee5d2eb66a-node6-1 Creating 
 Container rggee5d2eb66a-node2-1 Creating 
 Container rggee5d2eb66a-node3-1 Created 
 Container rggee5d2eb66a-node13-1 Created 
 Container rggee5d2eb66a-node10-1 Created 
 Container rggee5d2eb66a-node12-1 Created 
 Container rggee5d2eb66a-node9-1 Created 
 Container rggee5d2eb66a-node14-1 Created 
 Container rggee5d2eb66a-node15-1 Created 
 Container rggee5d2eb66a-node4-1 Created 
 Container rggee5d2eb66a-node1-1 Created 
 Container rggee5d2eb66a-node11-1 Created 
 Container rggee5d2eb66a-node7-1 Created 
 Container rggee5d2eb66a-node2-1 Created 
 Container rggee5d2eb66a-node5-1 Created 
 Container rggee5d2eb66a-node6-1 Created 
 Container rggee5d2eb66a-node8-1 Created 
 Container rggee5d2eb66a-node0-1 Created 
 Container rggee5d2eb66a-driver-1 Creating 
 Container rggee5d2eb66a-driver-1 Created 
 Container rggee5d2eb66a-collector-1 Starting 
 Container rggee5d2eb66a-collector-1 Started 
 Container rggee5d2eb66a-node1-1 Starting 
 Container rggee5d2eb66a-node7-1 Starting 
 Container rggee5d2eb66a-node11-1 Starting 
 Container rggee5d2eb66a-node8-1 Starting 
 Container rggee5d2eb66a-node12-1 Starting 
 Container rggee5d2eb66a-node5-1 Starting 
 Container rggee5d2eb66a-node2-1 Starting 
 Container rggee5d2eb66a-node0-1 Starting 
 Container rggee5d2eb66a-node10-1 Starting 
 Container rggee5d2eb66a-node14-1 Starting 
 Container rggee5d2eb66a-node9-1 Starting 
 Container rggee5d2eb66a-node15-1 Starting 
 Container rggee5d2eb66a-node4-1 Starting 
 Container rggee5d2eb66a-node13-1 Starting 
 Container rggee5d2eb66a-node6-1 Starting 
 Container rggee5d2eb66a-node3-1 Starting 
 Container rggee5d2eb66a-node1-1 Started 
 Container rggee5d2eb66a-node9-1 Started 
 Container rggee5d2eb66a-node14-1 Started 
 Container rggee5d2eb66a-node7-1 Started 
 Container rggee5d2eb66a-node12-1 Started 
 Container rggee5d2eb66a-node8-1 Started 
 Container rggee5d2eb66a-node10-1 Started 
 Container rggee5d2eb66a-node5-1 Started 
 Container rggee5d2eb66a-node3-1 Started 
 Container rggee5d2eb66a-node2-1 Started 
 Container rggee5d2eb66a-node11-1 Started 
 Container rggee5d2eb66a-node15-1 Started 
 Container rggee5d2eb66a-node4-1 Started 
 Container rggee5d2eb66a-node6-1 Started 
 Container rggee5d2eb66a-node13-1 Started 
 Container rggee5d2eb66a-node0-1 Started 
 Container rggee5d2eb66a-driver-1 Starting 
 Container rggee5d2eb66a-driver-1 Started 
0
