 Network rgg986c12ebb6_default Creating 
 Network rgg986c12ebb6_default Created 
 Container rgg986c12ebb6-collector-1 Creating 
 Container rgg986c12ebb6-collector-1 Created 
 Container rgg986c12ebb6-node15-1 Creating 
 Container rgg986c12ebb6-node13-1 Creating 
 Container rgg986c12ebb6-node18-1 Creating 
 Container rgg986c12ebb6-node2-1 Creating 
 Container rgg986c12ebb6-node8-1 Creating 
 Container rgg986c12ebb6-node10-1 Creating 
 Container rgg986c12ebb6-node1-1 Creating 
 Container rgg986c12ebb6-node19-1 Creating 
 Container rgg986c12ebb6-node16-1 Creating 
 Container rgg986c12ebb6-node23-1 Creating 
 Container rgg986c12ebb6-node14-1 Creating 
 Container rgg986c12ebb6-node3-1 Creating 
 Container rgg986c12ebb6-node6-1 Creating 
 Container rgg986c12ebb6-node4-1 Creating 
 Container rgg986c12ebb6-node11-1 Creating 
 Container rgg986c12ebb6-node21-1 Creating 
 Container rgg986c12ebb6-node20-1 Creating 
 Container rgg986c12ebb6-node12-1 Creating 
 Container rgg986c12ebb6-node5-1 Creating 
 Container rgg986c12ebb6-node7-1 Creating 
 Container rgg986c12ebb6-node17-1 Creating 
 Container rgg986c12ebb6-node22-1 Creating 
 Container rgg986c12ebb6-node0-1 Creating 
 Container rgg986c12ebb6-node9-1 Creating 
 Container rgg986c12ebb6-node5-1 Created 
 Container rgg986c12ebb6-node7-1 Created 
 Container rgg986c12ebb6-node19-1 Created 
 Container rgg986c12ebb6-node20-1 Created 
 Container rgg986c12ebb6-node3-1 Created 
 Container rgg986c12ebb6-node18-1 Created 
 Container rgg986c12ebb6-node1-1 Created 
 Container rgg986c12ebb6-node0-1 Created 
 Container rgg986c12ebb6-node21-1 Created 
 Container rgg986c12ebb6-node17-1 Created 
 Container rgg986c12ebb6-node10-1 Created 
 Container rgg986c12ebb6-node11-1 Created 
 Container rgg986c12ebb6-node14-1 Created 
 Container rgg986c12ebb6-node22-1 Created 
 Container rgg986c12ebb6-node16-1 Created 
 Container rgg986c12ebb6-node12-1 Created 
 Container rgg986c12ebb6-node15-1 Created 
 Container rgg986c12ebb6-node2-1 Created 
 Container rgg986c12ebb6-node4-1 Created 
 Container rgg986c12ebb6-node6-1 Created 
 Container rgg986c12ebb6-node23-1 Created 
 Container rgg986c12ebb6-node13-1 Created 
 Container rgg986c12ebb6-node9-1 Created 
 Container rgg986c12ebb6-node8-1 Created 
 Container rgg986c12ebb6-collector-1 Starting 
 Container rgg986c12ebb6-collector-1 Started 
 Container rgg986c12ebb6-node14-1 Starting 
 Container rgg986c12ebb6-node12-1 Starting 
 Container rgg986c12ebb6-node1-1 Starting 
 Container rgg986c12ebb6-node16-1 Starting 
 Container rgg986c12ebb6-node23-1 Starting 
 Container rgg986c12ebb6-node9-1 Starting 
 Container rgg986c12ebb6-node21-1 Starting 
 Container rgg986c12ebb6-node7-1 Starting 
 Container rgg986c12ebb6-node15-1 Starting 
 Container rgg986c12ebb6-node8-1 Starting 
 Container rgg986c12ebb6-node5-1 Starting 
 Container rgg986c12ebb6-node11-1 Starting 
 Container rgg986c12ebb6-node17-1 Starting 
 Container rgg986c12ebb6-node10-1 Starting 
 Container rgg986c12ebb6-node0-1 Starting 
 Container rgg986c12ebb6-node13-1 Starting 
 Container rgg986c12ebb6-node2-1 Starting 
 Container rgg986c12ebb6-node22-1 Starting 
 Container rgg986c12ebb6-node18-1 Starting 
 Container rgg986c12ebb6-node20-1 Starting 
 Container rgg986c12ebb6-node4-1 Starting 
 Container rgg986c12ebb6-node6-1 Starting 
 Container rgg986c12ebb6-node19-1 Starting 
 Container rgg986c12ebb6-node3-1 Starting 
 Container rgg986c12ebb6-node12-1 Started 
 Container rgg986c12ebb6-node14-1 Started 
 Container rgg986c12ebb6-node22-1 Started 
 Container rgg986c12ebb6-node6-1 Started 
 Container rgg986c12ebb6-node21-1 Started 
 Container rgg986c12ebb6-node1-1 Started 
 Container rgg986c12ebb6-node4-1 Started 
 Container rgg986c12ebb6-node19-1 Started 
 Container rgg986c12ebb6-node23-1 Started 
 Container rgg986c12ebb6-node5-1 Started 
 Container rgg986c12ebb6-node9-1 Started 
 Container rgg986c12ebb6-node2-1 Started 
 Container rgg986c12ebb6-node13-1 Started 
 Container rgg986c12ebb6-node18-1 Started 
 Container rgg986c12ebb6-node3-1 Started 
 Container rgg986c12ebb6-node16-1 Started 
 Container rgg986c12ebb6-node11-1 Started 
 Container rgg986c12ebb6-node20-1 Started 
 Container rgg986c12ebb6-node8-1 Started 
 Container rgg986c12ebb6-node7-1 Started 
 Container rgg986c12ebb6-node10-1 Started 
 Container rgg986c12ebb6-node15-1 Started 
 Container rgg986c12ebb6-node0-1 Started 
 Container rgg986c12ebb6-node17-1 Started 
NETEM_APPLIED node0 iface=eth0: qdisc netem 8781: root refcnt 17 limit 1000 delay 50ms  10ms seed 3330749135756468938
NETEM_APPLIED node1 iface=eth0: qdisc netem 8782: root refcnt 17 limit 1000 delay 50ms  10ms seed 16981256817243616148
NETEM_APPLIED node2 iface=eth0: qdisc netem 8783: root refcnt 17 limit 1000 delay 50ms  10ms seed 10767332781318238056
NETEM_APPLIED node3 iface=eth0: qdisc netem 8784: root refcnt 17 limit 1000 delay 50ms  10ms seed 4178375535093623622
NETEM_APPLIED node4 iface=eth0: qdisc netem 8785: root refcnt 17 limit 1000 delay 50ms  10ms seed 9595831996676549278
NETEM_APPLIED node5 iface=eth0: qdisc netem 8786: root refcnt 17 limit 1000 delay 50ms  10ms seed 17581079405525104700
NETEM_APPLIED node6 iface=eth0: qdisc netem 8787: root refcnt 17 limit 1000 delay 50ms  10ms seed 17458413061058579674
NETEM_APPLIED node7 iface=eth0: qdisc netem 8788: root refcnt 17 limit 1000 delay 50ms  10ms seed 7220416900966950455
NETEM_APPLIED node8 iface=eth0: qdisc netem 8789: root refcnt 17 limit 1000 delay 50ms  10ms seed 9197879758464171182
NETEM_APPLIED node9 iface=eth0: qdisc netem 878a: root refcnt 17 limit 1000 delay 50ms  10ms seed 1063269528029120901
NETEM_APPLIED node10 iface=eth0: qdisc netem 878b: root refcnt 17 limit 1000 delay 50ms  10ms seed 8771198122623102087
NETEM_APPLIED node11 iface=eth0: qdisc netem 878c: root refcnt 17 limit 1000 delay 50ms  10ms seed 5117496968886344395
NETEM_APPLIED node12 iface=eth0: qdisc netem 878d: root refcnt 17 limit 1000 delay 50ms  10ms seed 10958606555418381
NETEM_APPLIED node13 iface=eth0: qdisc netem 878e: root refcnt 17 limit 1000 delay 50ms  10ms seed 5492907380812527598
NETEM_APPLIED node14 iface=eth0: qdisc netem 878f: root refcnt 17 limit 1000 delay 50ms  10ms seed 10658887384830832770
NETEM_APPLIED node15 iface=eth0: qdisc netem 8790: root refcnt 17 limit 1000 delay 50ms  10ms seed 9594295658251903850
NETEM_APPLIED node16 iface=eth0: qdisc netem 8791: root refcnt 17 limit 1000 delay 50ms  10ms seed 1765997233586992413
NETEM_APPLIED node17 iface=eth0: qdisc netem 8792: root refcnt 17 limit 1000 delay 50ms  10ms seed 3656720110308622332
NETEM_APPLIED node18 iface=eth0: qdisc netem 8793: root refcnt 17 limit 1000 delay 50ms  10ms seed 7876498648565329962
NETEM_APPLIED node19 iface=eth0: qdisc netem 8794: root refcnt 17 limit 1000 delay 50ms  10ms seed 529478849744629801
NETEM_APPLIED node20 iface=eth0: qdisc netem 8795: root refcnt 17 limit 1000 delay 50ms  10ms seed 6730738116410066446
NETEM_APPLIED node21 iface=eth0: qdisc netem 8796: root refcnt 17 limit 1000 delay 50ms  10ms seed 4198202695680967636
NETEM_APPLIED node22 iface=eth0: qdisc netem 8797: root refcnt 17 limit 1000 delay 50ms  10ms seed 17861851528208403150
NETEM_APPLIED node23 iface=eth0: qdisc netem 8798: root refcnt 17 limit 1000 delay 50ms  10ms seed 137841398055550570
NETEM_RTT_GATE OK: baseline=0.1ms actual=100.2ms increase=100.1ms
DRIVER_STARTED: 2026-07-15T07:10:19Z
0
QDSK_CLEANUP_FAIL node0: Command '['docker', 'exec', 'rgg986c12ebb6-node0-1', 'sh', '-c', "ip -o -4 addr show scope global 2>/dev/null | head -1 | awk '{print $2}'"]' returned non-zero exit status 1.
QDSK_CLEANUP_FAIL node1: Command '['docker', 'exec', 'rgg986c12ebb6-node1-1', 'sh', '-c', "ip -o -4 addr show scope global 2>/dev/null | head -1 | awk '{print $2}'"]' returned non-zero exit status 1.
QDSK_CLEANUP_FAIL node2: Command '['docker', 'exec', 'rgg986c12ebb6-node2-1', 'sh', '-c', "ip -o -4 addr show scope global 2>/dev/null | head -1 | awk '{print $2}'"]' returned non-zero exit status 1.
QDSK_CLEANUP_FAIL node3: Command '['docker', 'exec', 'rgg986c12ebb6-node3-1', 'sh', '-c', "ip -o -4 addr show scope global 2>/dev/null | head -1 | awk '{print $2}'"]' returned non-zero exit status 1.
QDSK_CLEANUP_FAIL node4: Command '['docker', 'exec', 'rgg986c12ebb6-node4-1', 'sh', '-c', "ip -o -4 addr show scope global 2>/dev/null | head -1 | awk '{print $2}'"]' returned non-zero exit status 1.
QDSK_CLEANUP_FAIL node5: Command '['docker', 'exec', 'rgg986c12ebb6-node5-1', 'sh', '-c', "ip -o -4 addr show scope global 2>/dev/null | head -1 | awk '{print $2}'"]' returned non-zero exit status 1.
QDSK_CLEANUP_FAIL node6: Command '['docker', 'exec', 'rgg986c12ebb6-node6-1', 'sh', '-c', "ip -o -4 addr show scope global 2>/dev/null | head -1 | awk '{print $2}'"]' returned non-zero exit status 1.
QDSK_CLEANUP_FAIL node7: Command '['docker', 'exec', 'rgg986c12ebb6-node7-1', 'sh', '-c', "ip -o -4 addr show scope global 2>/dev/null | head -1 | awk '{print $2}'"]' returned non-zero exit status 1.
QDSK_CLEANUP_FAIL node8: Command '['docker', 'exec', 'rgg986c12ebb6-node8-1', 'sh', '-c', "ip -o -4 addr show scope global 2>/dev/null | head -1 | awk '{print $2}'"]' returned non-zero exit status 1.
QDSK_CLEANUP_FAIL node9: Command '['docker', 'exec', 'rgg986c12ebb6-node9-1', 'sh', '-c', "ip -o -4 addr show scope global 2>/dev/null | head -1 | awk '{print $2}'"]' returned non-zero exit status 1.
QDSK_CLEANUP_FAIL node10: Command '['docker', 'exec', 'rgg986c12ebb6-node10-1', 'sh', '-c', "ip -o -4 addr show scope global 2>/dev/null | head -1 | awk '{print $2}'"]' returned non-zero exit status 1.
QDSK_CLEANUP_FAIL node11: Command '['docker', 'exec', 'rgg986c12ebb6-node11-1', 'sh', '-c', "ip -o -4 addr show scope global 2>/dev/null | head -1 | awk '{print $2}'"]' returned non-zero exit status 1.
QDSK_CLEANUP_FAIL node12: Command '['docker', 'exec', 'rgg986c12ebb6-node12-1', 'sh', '-c', "ip -o -4 addr show scope global 2>/dev/null | head -1 | awk '{print $2}'"]' returned non-zero exit status 1.
QDSK_CLEANUP_FAIL node13: Command '['docker', 'exec', 'rgg986c12ebb6-node13-1', 'sh', '-c', "ip -o -4 addr show scope global 2>/dev/null | head -1 | awk '{print $2}'"]' returned non-zero exit status 1.
QDSK_CLEANUP_FAIL node14: Command '['docker', 'exec', 'rgg986c12ebb6-node14-1', 'sh', '-c', "ip -o -4 addr show scope global 2>/dev/null | head -1 | awk '{print $2}'"]' returned non-zero exit status 1.
QDSK_CLEANUP_FAIL node15: Command '['docker', 'exec', 'rgg986c12ebb6-node15-1', 'sh', '-c', "ip -o -4 addr show scope global 2>/dev/null | head -1 | awk '{print $2}'"]' returned non-zero exit status 1.
QDSK_CLEANUP_FAIL node16: Command '['docker', 'exec', 'rgg986c12ebb6-node16-1', 'sh', '-c', "ip -o -4 addr show scope global 2>/dev/null | head -1 | awk '{print $2}'"]' returned non-zero exit status 1.
QDSK_CLEANUP_FAIL node17: Command '['docker', 'exec', 'rgg986c12ebb6-node17-1', 'sh', '-c', "ip -o -4 addr show scope global 2>/dev/null | head -1 | awk '{print $2}'"]' returned non-zero exit status 1.
QDSK_CLEANUP_FAIL node18: Command '['docker', 'exec', 'rgg986c12ebb6-node18-1', 'sh', '-c', "ip -o -4 addr show scope global 2>/dev/null | head -1 | awk '{print $2}'"]' returned non-zero exit status 1.
QDSK_CLEANUP_FAIL node19: Command '['docker', 'exec', 'rgg986c12ebb6-node19-1', 'sh', '-c', "ip -o -4 addr show scope global 2>/dev/null | head -1 | awk '{print $2}'"]' returned non-zero exit status 1.
QDSK_CLEANUP_FAIL node20: Command '['docker', 'exec', 'rgg986c12ebb6-node20-1', 'sh', '-c', "ip -o -4 addr show scope global 2>/dev/null | head -1 | awk '{print $2}'"]' returned non-zero exit status 1.
QDSK_CLEANUP_FAIL node21: Command '['docker', 'exec', 'rgg986c12ebb6-node21-1', 'sh', '-c', "ip -o -4 addr show scope global 2>/dev/null | head -1 | awk '{print $2}'"]' returned non-zero exit status 1.
QDSK_CLEANUP_FAIL node22: Command '['docker', 'exec', 'rgg986c12ebb6-node22-1', 'sh', '-c', "ip -o -4 addr show scope global 2>/dev/null | head -1 | awk '{print $2}'"]' returned non-zero exit status 1.
QDSK_CLEANUP_FAIL node23: Command '['docker', 'exec', 'rgg986c12ebb6-node23-1', 'sh', '-c', "ip -o -4 addr show scope global 2>/dev/null | head -1 | awk '{print $2}'"]' returned non-zero exit status 1.
