 Network rggdfd5f7be2e_default Creating 
 Network rggdfd5f7be2e_default Created 
 Container rggdfd5f7be2e-collector-1 Creating 
 Container rggdfd5f7be2e-collector-1 Created 
 Container rggdfd5f7be2e-node10-1 Creating 
 Container rggdfd5f7be2e-node13-1 Creating 
 Container rggdfd5f7be2e-node19-1 Creating 
 Container rggdfd5f7be2e-node3-1 Creating 
 Container rggdfd5f7be2e-node9-1 Creating 
 Container rggdfd5f7be2e-node22-1 Creating 
 Container rggdfd5f7be2e-node2-1 Creating 
 Container rggdfd5f7be2e-node18-1 Creating 
 Container rggdfd5f7be2e-node16-1 Creating 
 Container rggdfd5f7be2e-node20-1 Creating 
 Container rggdfd5f7be2e-node0-1 Creating 
 Container rggdfd5f7be2e-node6-1 Creating 
 Container rggdfd5f7be2e-node17-1 Creating 
 Container rggdfd5f7be2e-node8-1 Creating 
 Container rggdfd5f7be2e-node11-1 Creating 
 Container rggdfd5f7be2e-node15-1 Creating 
 Container rggdfd5f7be2e-node21-1 Creating 
 Container rggdfd5f7be2e-node7-1 Creating 
 Container rggdfd5f7be2e-node12-1 Creating 
 Container rggdfd5f7be2e-node23-1 Creating 
 Container rggdfd5f7be2e-node4-1 Creating 
 Container rggdfd5f7be2e-node14-1 Creating 
 Container rggdfd5f7be2e-node5-1 Creating 
 Container rggdfd5f7be2e-node1-1 Creating 
 Container rggdfd5f7be2e-node22-1 Created 
 Container rggdfd5f7be2e-node2-1 Created 
 Container rggdfd5f7be2e-node13-1 Created 
 Container rggdfd5f7be2e-node23-1 Created 
 Container rggdfd5f7be2e-node6-1 Created 
 Container rggdfd5f7be2e-node9-1 Created 
 Container rggdfd5f7be2e-node8-1 Created 
 Container rggdfd5f7be2e-node20-1 Created 
 Container rggdfd5f7be2e-node19-1 Created 
 Container rggdfd5f7be2e-node12-1 Created 
 Container rggdfd5f7be2e-node10-1 Created 
 Container rggdfd5f7be2e-node18-1 Created 
 Container rggdfd5f7be2e-node3-1 Created 
 Container rggdfd5f7be2e-node1-1 Created 
 Container rggdfd5f7be2e-node15-1 Created 
 Container rggdfd5f7be2e-node7-1 Created 
 Container rggdfd5f7be2e-node0-1 Created 
 Container rggdfd5f7be2e-node5-1 Created 
 Container rggdfd5f7be2e-node16-1 Created 
 Container rggdfd5f7be2e-node17-1 Created 
 Container rggdfd5f7be2e-node11-1 Created 
 Container rggdfd5f7be2e-node14-1 Created 
 Container rggdfd5f7be2e-node21-1 Created 
 Container rggdfd5f7be2e-node4-1 Created 
 Container rggdfd5f7be2e-driver-1 Creating 
 Container rggdfd5f7be2e-driver-1 Created 
 Container rggdfd5f7be2e-collector-1 Starting 
 Container rggdfd5f7be2e-collector-1 Started 
 Container rggdfd5f7be2e-node20-1 Starting 
 Container rggdfd5f7be2e-node17-1 Starting 
 Container rggdfd5f7be2e-node18-1 Starting 
 Container rggdfd5f7be2e-node10-1 Starting 
 Container rggdfd5f7be2e-node4-1 Starting 
 Container rggdfd5f7be2e-node8-1 Starting 
 Container rggdfd5f7be2e-node0-1 Starting 
 Container rggdfd5f7be2e-node7-1 Starting 
 Container rggdfd5f7be2e-node6-1 Starting 
 Container rggdfd5f7be2e-node19-1 Starting 
 Container rggdfd5f7be2e-node12-1 Starting 
 Container rggdfd5f7be2e-node23-1 Starting 
 Container rggdfd5f7be2e-node2-1 Starting 
 Container rggdfd5f7be2e-node22-1 Starting 
 Container rggdfd5f7be2e-node5-1 Starting 
 Container rggdfd5f7be2e-node13-1 Starting 
 Container rggdfd5f7be2e-node16-1 Starting 
 Container rggdfd5f7be2e-node15-1 Starting 
 Container rggdfd5f7be2e-node14-1 Starting 
 Container rggdfd5f7be2e-node1-1 Starting 
 Container rggdfd5f7be2e-node11-1 Starting 
 Container rggdfd5f7be2e-node21-1 Starting 
 Container rggdfd5f7be2e-node9-1 Starting 
 Container rggdfd5f7be2e-node3-1 Starting 
 Container rggdfd5f7be2e-node17-1 Started 
 Container rggdfd5f7be2e-node20-1 Started 
 Container rggdfd5f7be2e-node16-1 Started 
 Container rggdfd5f7be2e-node18-1 Started 
 Container rggdfd5f7be2e-node19-1 Started 
 Container rggdfd5f7be2e-node15-1 Started 
 Container rggdfd5f7be2e-node6-1 Started 
 Container rggdfd5f7be2e-node9-1 Started 
 Container rggdfd5f7be2e-node3-1 Started 
 Container rggdfd5f7be2e-node4-1 Started 
 Container rggdfd5f7be2e-node22-1 Started 
 Container rggdfd5f7be2e-node13-1 Started 
 Container rggdfd5f7be2e-node8-1 Started 
 Container rggdfd5f7be2e-node7-1 Started 
 Container rggdfd5f7be2e-node23-1 Started 
 Container rggdfd5f7be2e-node0-1 Started 
 Container rggdfd5f7be2e-node12-1 Started 
 Container rggdfd5f7be2e-node10-1 Started 
 Container rggdfd5f7be2e-node14-1 Started 
 Container rggdfd5f7be2e-node21-1 Started 
 Container rggdfd5f7be2e-node1-1 Started 
 Container rggdfd5f7be2e-node5-1 Started 
 Container rggdfd5f7be2e-node2-1 Started 
 Container rggdfd5f7be2e-node11-1 Started 
 Container rggdfd5f7be2e-driver-1 Starting 
 Container rggdfd5f7be2e-driver-1 Started 
0
