 Network rggba5ec890bb_default Creating 
 Network rggba5ec890bb_default Created 
 Container rggba5ec890bb-collector-1 Creating 
 Container rggba5ec890bb-collector-1 Created 
 Container rggba5ec890bb-node7-1 Creating 
 Container rggba5ec890bb-node4-1 Creating 
 Container rggba5ec890bb-node3-1 Creating 
 Container rggba5ec890bb-node15-1 Creating 
 Container rggba5ec890bb-node12-1 Creating 
 Container rggba5ec890bb-node14-1 Creating 
 Container rggba5ec890bb-node2-1 Creating 
 Container rggba5ec890bb-node13-1 Creating 
 Container rggba5ec890bb-node6-1 Creating 
 Container rggba5ec890bb-node5-1 Creating 
 Container rggba5ec890bb-node9-1 Creating 
 Container rggba5ec890bb-node1-1 Creating 
 Container rggba5ec890bb-node8-1 Creating 
 Container rggba5ec890bb-node10-1 Creating 
 Container rggba5ec890bb-node11-1 Creating 
 Container rggba5ec890bb-node0-1 Creating 
 Container rggba5ec890bb-node5-1 Created 
 Container rggba5ec890bb-node13-1 Created 
 Container rggba5ec890bb-node4-1 Created 
 Container rggba5ec890bb-node11-1 Created 
 Container rggba5ec890bb-node8-1 Created 
 Container rggba5ec890bb-node12-1 Created 
 Container rggba5ec890bb-node9-1 Created 
 Container rggba5ec890bb-node7-1 Created 
 Container rggba5ec890bb-node2-1 Created 
 Container rggba5ec890bb-node3-1 Created 
 Container rggba5ec890bb-node0-1 Created 
 Container rggba5ec890bb-node1-1 Created 
 Container rggba5ec890bb-node6-1 Created 
 Container rggba5ec890bb-node14-1 Created 
 Container rggba5ec890bb-node15-1 Created 
 Container rggba5ec890bb-node10-1 Created 
 Container rggba5ec890bb-collector-1 Starting 
 Container rggba5ec890bb-collector-1 Started 
 Container rggba5ec890bb-node4-1 Starting 
 Container rggba5ec890bb-node13-1 Starting 
 Container rggba5ec890bb-node8-1 Starting 
 Container rggba5ec890bb-node6-1 Starting 
 Container rggba5ec890bb-node7-1 Starting 
 Container rggba5ec890bb-node0-1 Starting 
 Container rggba5ec890bb-node9-1 Starting 
 Container rggba5ec890bb-node11-1 Starting 
 Container rggba5ec890bb-node3-1 Starting 
 Container rggba5ec890bb-node10-1 Starting 
 Container rggba5ec890bb-node1-1 Starting 
 Container rggba5ec890bb-node15-1 Starting 
 Container rggba5ec890bb-node14-1 Starting 
 Container rggba5ec890bb-node12-1 Starting 
 Container rggba5ec890bb-node5-1 Starting 
 Container rggba5ec890bb-node2-1 Starting 
 Container rggba5ec890bb-node10-1 Started 
 Container rggba5ec890bb-node13-1 Started 
 Container rggba5ec890bb-node8-1 Started 
 Container rggba5ec890bb-node5-1 Started 
 Container rggba5ec890bb-node15-1 Started 
 Container rggba5ec890bb-node9-1 Started 
 Container rggba5ec890bb-node2-1 Started 
 Container rggba5ec890bb-node0-1 Started 
 Container rggba5ec890bb-node6-1 Started 
 Container rggba5ec890bb-node1-1 Started 
 Container rggba5ec890bb-node3-1 Started 
 Container rggba5ec890bb-node4-1 Started 
 Container rggba5ec890bb-node11-1 Started 
 Container rggba5ec890bb-node7-1 Started 
 Container rggba5ec890bb-node12-1 Started 
 Container rggba5ec890bb-node14-1 Started 
READY_BARRIER: 15/16 node services ready
DRIVER_STARTED: 2026-07-15T13:50:36Z
0
