 Network rgg28ae0fe979_default Creating 
 Network rgg28ae0fe979_default Created 
 Container rgg28ae0fe979-collector-1 Creating 
 Container rgg28ae0fe979-collector-1 Created 
 Container rgg28ae0fe979-node11-1 Creating 
 Container rgg28ae0fe979-node12-1 Creating 
 Container rgg28ae0fe979-node4-1 Creating 
 Container rgg28ae0fe979-node0-1 Creating 
 Container rgg28ae0fe979-node8-1 Creating 
 Container rgg28ae0fe979-node7-1 Creating 
 Container rgg28ae0fe979-node13-1 Creating 
 Container rgg28ae0fe979-node3-1 Creating 
 Container rgg28ae0fe979-node6-1 Creating 
 Container rgg28ae0fe979-node15-1 Creating 
 Container rgg28ae0fe979-node1-1 Creating 
 Container rgg28ae0fe979-node10-1 Creating 
 Container rgg28ae0fe979-node2-1 Creating 
 Container rgg28ae0fe979-node14-1 Creating 
 Container rgg28ae0fe979-node9-1 Creating 
 Container rgg28ae0fe979-node5-1 Creating 
 Container rgg28ae0fe979-node6-1 Created 
 Container rgg28ae0fe979-node1-1 Created 
 Container rgg28ae0fe979-node12-1 Created 
 Container rgg28ae0fe979-node11-1 Created 
 Container rgg28ae0fe979-node7-1 Created 
 Container rgg28ae0fe979-node2-1 Created 
 Container rgg28ae0fe979-node9-1 Created 
 Container rgg28ae0fe979-node3-1 Created 
 Container rgg28ae0fe979-node13-1 Created 
 Container rgg28ae0fe979-node0-1 Created 
 Container rgg28ae0fe979-node5-1 Created 
 Container rgg28ae0fe979-node10-1 Created 
 Container rgg28ae0fe979-node15-1 Created 
 Container rgg28ae0fe979-node4-1 Created 
 Container rgg28ae0fe979-node8-1 Created 
 Container rgg28ae0fe979-node14-1 Created 
 Container rgg28ae0fe979-collector-1 Starting 
 Container rgg28ae0fe979-collector-1 Started 
 Container rgg28ae0fe979-node7-1 Starting 
 Container rgg28ae0fe979-node8-1 Starting 
 Container rgg28ae0fe979-node13-1 Starting 
 Container rgg28ae0fe979-node10-1 Starting 
 Container rgg28ae0fe979-node5-1 Starting 
 Container rgg28ae0fe979-node1-1 Starting 
 Container rgg28ae0fe979-node6-1 Starting 
 Container rgg28ae0fe979-node15-1 Starting 
 Container rgg28ae0fe979-node11-1 Starting 
 Container rgg28ae0fe979-node14-1 Starting 
 Container rgg28ae0fe979-node12-1 Starting 
 Container rgg28ae0fe979-node0-1 Starting 
 Container rgg28ae0fe979-node3-1 Starting 
 Container rgg28ae0fe979-node9-1 Starting 
 Container rgg28ae0fe979-node2-1 Starting 
 Container rgg28ae0fe979-node4-1 Starting 
 Container rgg28ae0fe979-node8-1 Started 
 Container rgg28ae0fe979-node14-1 Started 
 Container rgg28ae0fe979-node13-1 Started 
 Container rgg28ae0fe979-node2-1 Started 
 Container rgg28ae0fe979-node7-1 Started 
 Container rgg28ae0fe979-node3-1 Started 
 Container rgg28ae0fe979-node11-1 Started 
 Container rgg28ae0fe979-node4-1 Started 
 Container rgg28ae0fe979-node10-1 Started 
 Container rgg28ae0fe979-node9-1 Started 
 Container rgg28ae0fe979-node5-1 Started 
 Container rgg28ae0fe979-node12-1 Started 
 Container rgg28ae0fe979-node1-1 Started 
 Container rgg28ae0fe979-node0-1 Started 
 Container rgg28ae0fe979-node6-1 Started 
 Container rgg28ae0fe979-node15-1 Started 
DRIVER_STARTED: 2026-07-15T04:59:38Z
0
