 Network rgg6f85b4c058_default Creating 
 Network rgg6f85b4c058_default Created 
 Container rgg6f85b4c058-collector-1 Creating 
 Container rgg6f85b4c058-collector-1 Created 
 Container rgg6f85b4c058-node13-1 Creating 
 Container rgg6f85b4c058-node16-1 Creating 
 Container rgg6f85b4c058-node20-1 Creating 
 Container rgg6f85b4c058-node3-1 Creating 
 Container rgg6f85b4c058-node22-1 Creating 
 Container rgg6f85b4c058-node2-1 Creating 
 Container rgg6f85b4c058-node14-1 Creating 
 Container rgg6f85b4c058-node9-1 Creating 
 Container rgg6f85b4c058-node19-1 Creating 
 Container rgg6f85b4c058-node6-1 Creating 
 Container rgg6f85b4c058-node12-1 Creating 
 Container rgg6f85b4c058-node5-1 Creating 
 Container rgg6f85b4c058-node21-1 Creating 
 Container rgg6f85b4c058-node18-1 Creating 
 Container rgg6f85b4c058-node17-1 Creating 
 Container rgg6f85b4c058-node4-1 Creating 
 Container rgg6f85b4c058-node7-1 Creating 
 Container rgg6f85b4c058-node0-1 Creating 
 Container rgg6f85b4c058-node23-1 Creating 
 Container rgg6f85b4c058-node8-1 Creating 
 Container rgg6f85b4c058-node15-1 Creating 
 Container rgg6f85b4c058-node1-1 Creating 
 Container rgg6f85b4c058-node11-1 Creating 
 Container rgg6f85b4c058-node10-1 Creating 
 Container rgg6f85b4c058-node2-1 Created 
 Container rgg6f85b4c058-node3-1 Created 
 Container rgg6f85b4c058-node5-1 Created 
 Container rgg6f85b4c058-node21-1 Created 
 Container rgg6f85b4c058-node12-1 Created 
 Container rgg6f85b4c058-node9-1 Created 
 Container rgg6f85b4c058-node13-1 Created 
 Container rgg6f85b4c058-node8-1 Created 
 Container rgg6f85b4c058-node10-1 Created 
 Container rgg6f85b4c058-node4-1 Created 
 Container rgg6f85b4c058-node22-1 Created 
 Container rgg6f85b4c058-node20-1 Created 
 Container rgg6f85b4c058-node14-1 Created 
 Container rgg6f85b4c058-node19-1 Created 
 Container rgg6f85b4c058-node15-1 Created 
 Container rgg6f85b4c058-node16-1 Created 
 Container rgg6f85b4c058-node6-1 Created 
 Container rgg6f85b4c058-node18-1 Created 
 Container rgg6f85b4c058-node1-1 Created 
 Container rgg6f85b4c058-node11-1 Created 
 Container rgg6f85b4c058-node7-1 Created 
 Container rgg6f85b4c058-node23-1 Created 
 Container rgg6f85b4c058-node0-1 Created 
 Container rgg6f85b4c058-node17-1 Created 
 Container rgg6f85b4c058-driver-1 Creating 
 Container rgg6f85b4c058-driver-1 Created 
 Container rgg6f85b4c058-collector-1 Starting 
 Container rgg6f85b4c058-collector-1 Started 
 Container rgg6f85b4c058-node2-1 Starting 
 Container rgg6f85b4c058-node0-1 Starting 
 Container rgg6f85b4c058-node19-1 Starting 
 Container rgg6f85b4c058-node8-1 Starting 
 Container rgg6f85b4c058-node12-1 Starting 
 Container rgg6f85b4c058-node6-1 Starting 
 Container rgg6f85b4c058-node10-1 Starting 
 Container rgg6f85b4c058-node9-1 Starting 
 Container rgg6f85b4c058-node17-1 Starting 
 Container rgg6f85b4c058-node1-1 Starting 
 Container rgg6f85b4c058-node23-1 Starting 
 Container rgg6f85b4c058-node16-1 Starting 
 Container rgg6f85b4c058-node22-1 Starting 
 Container rgg6f85b4c058-node14-1 Starting 
 Container rgg6f85b4c058-node21-1 Starting 
 Container rgg6f85b4c058-node5-1 Starting 
 Container rgg6f85b4c058-node13-1 Starting 
 Container rgg6f85b4c058-node20-1 Starting 
 Container rgg6f85b4c058-node15-1 Starting 
 Container rgg6f85b4c058-node11-1 Starting 
 Container rgg6f85b4c058-node7-1 Starting 
 Container rgg6f85b4c058-node4-1 Starting 
 Container rgg6f85b4c058-node3-1 Starting 
 Container rgg6f85b4c058-node18-1 Starting 
 Container rgg6f85b4c058-node10-1 Started 
 Container rgg6f85b4c058-node0-1 Started 
 Container rgg6f85b4c058-node1-1 Started 
 Container rgg6f85b4c058-node2-1 Started 
 Container rgg6f85b4c058-node3-1 Started 
 Container rgg6f85b4c058-node20-1 Started 
 Container rgg6f85b4c058-node19-1 Started 
 Container rgg6f85b4c058-node9-1 Started 
 Container rgg6f85b4c058-node16-1 Started 
 Container rgg6f85b4c058-node12-1 Started 
 Container rgg6f85b4c058-node14-1 Started 
 Container rgg6f85b4c058-node23-1 Started 
 Container rgg6f85b4c058-node11-1 Started 
 Container rgg6f85b4c058-node8-1 Started 
 Container rgg6f85b4c058-node4-1 Started 
 Container rgg6f85b4c058-node7-1 Started 
 Container rgg6f85b4c058-node18-1 Started 
 Container rgg6f85b4c058-node21-1 Started 
 Container rgg6f85b4c058-node22-1 Started 
 Container rgg6f85b4c058-node6-1 Started 
 Container rgg6f85b4c058-node15-1 Started 
 Container rgg6f85b4c058-node17-1 Started 
 Container rgg6f85b4c058-node5-1 Started 
 Container rgg6f85b4c058-node13-1 Started 
 Container rgg6f85b4c058-driver-1 Starting 
 Container rgg6f85b4c058-driver-1 Started 
0
