 Network rgg3289ab41bf_default Creating 
 Network rgg3289ab41bf_default Created 
 Container rgg3289ab41bf-collector-1 Creating 
 Container rgg3289ab41bf-collector-1 Created 
 Container rgg3289ab41bf-node13-1 Creating 
 Container rgg3289ab41bf-node2-1 Creating 
 Container rgg3289ab41bf-node12-1 Creating 
 Container rgg3289ab41bf-node1-1 Creating 
 Container rgg3289ab41bf-node4-1 Creating 
 Container rgg3289ab41bf-node0-1 Creating 
 Container rgg3289ab41bf-node18-1 Creating 
 Container rgg3289ab41bf-node10-1 Creating 
 Container rgg3289ab41bf-node20-1 Creating 
 Container rgg3289ab41bf-node5-1 Creating 
 Container rgg3289ab41bf-node23-1 Creating 
 Container rgg3289ab41bf-node16-1 Creating 
 Container rgg3289ab41bf-node11-1 Creating 
 Container rgg3289ab41bf-node7-1 Creating 
 Container rgg3289ab41bf-node17-1 Creating 
 Container rgg3289ab41bf-node21-1 Creating 
 Container rgg3289ab41bf-node8-1 Creating 
 Container rgg3289ab41bf-node6-1 Creating 
 Container rgg3289ab41bf-node3-1 Creating 
 Container rgg3289ab41bf-node19-1 Creating 
 Container rgg3289ab41bf-node15-1 Creating 
 Container rgg3289ab41bf-node22-1 Creating 
 Container rgg3289ab41bf-node14-1 Creating 
 Container rgg3289ab41bf-node9-1 Creating 
 Container rgg3289ab41bf-node17-1 Created 
 Container rgg3289ab41bf-node13-1 Created 
 Container rgg3289ab41bf-node19-1 Created 
 Container rgg3289ab41bf-node18-1 Created 
 Container rgg3289ab41bf-node1-1 Created 
 Container rgg3289ab41bf-node14-1 Created 
 Container rgg3289ab41bf-node4-1 Created 
 Container rgg3289ab41bf-node16-1 Created 
 Container rgg3289ab41bf-node0-1 Created 
 Container rgg3289ab41bf-node15-1 Created 
 Container rgg3289ab41bf-node7-1 Created 
 Container rgg3289ab41bf-node2-1 Created 
 Container rgg3289ab41bf-node9-1 Created 
 Container rgg3289ab41bf-node12-1 Created 
 Container rgg3289ab41bf-node11-1 Created 
 Container rgg3289ab41bf-node22-1 Created 
 Container rgg3289ab41bf-node3-1 Created 
 Container rgg3289ab41bf-node21-1 Created 
 Container rgg3289ab41bf-node10-1 Created 
 Container rgg3289ab41bf-node20-1 Created 
 Container rgg3289ab41bf-node6-1 Created 
 Container rgg3289ab41bf-node23-1 Created 
 Container rgg3289ab41bf-node8-1 Created 
 Container rgg3289ab41bf-node5-1 Created 
 Container rgg3289ab41bf-driver-1 Creating 
 Container rgg3289ab41bf-driver-1 Created 
 Container rgg3289ab41bf-collector-1 Starting 
 Container rgg3289ab41bf-collector-1 Started 
 Container rgg3289ab41bf-node15-1 Starting 
 Container rgg3289ab41bf-node3-1 Starting 
 Container rgg3289ab41bf-node9-1 Starting 
 Container rgg3289ab41bf-node8-1 Starting 
 Container rgg3289ab41bf-node11-1 Starting 
 Container rgg3289ab41bf-node23-1 Starting 
 Container rgg3289ab41bf-node18-1 Starting 
 Container rgg3289ab41bf-node10-1 Starting 
 Container rgg3289ab41bf-node21-1 Starting 
 Container rgg3289ab41bf-node1-1 Starting 
 Container rgg3289ab41bf-node16-1 Starting 
 Container rgg3289ab41bf-node7-1 Starting 
 Container rgg3289ab41bf-node17-1 Starting 
 Container rgg3289ab41bf-node13-1 Starting 
 Container rgg3289ab41bf-node19-1 Starting 
 Container rgg3289ab41bf-node20-1 Starting 
 Container rgg3289ab41bf-node22-1 Starting 
 Container rgg3289ab41bf-node0-1 Starting 
 Container rgg3289ab41bf-node6-1 Starting 
 Container rgg3289ab41bf-node4-1 Starting 
 Container rgg3289ab41bf-node14-1 Starting 
 Container rgg3289ab41bf-node2-1 Starting 
 Container rgg3289ab41bf-node5-1 Starting 
 Container rgg3289ab41bf-node12-1 Starting 
 Container rgg3289ab41bf-node8-1 Started 
 Container rgg3289ab41bf-node11-1 Started 
 Container rgg3289ab41bf-node9-1 Started 
 Container rgg3289ab41bf-node22-1 Started 
 Container rgg3289ab41bf-node6-1 Started 
 Container rgg3289ab41bf-node3-1 Started 
 Container rgg3289ab41bf-node16-1 Started 
 Container rgg3289ab41bf-node12-1 Started 
 Container rgg3289ab41bf-node5-1 Started 
 Container rgg3289ab41bf-node1-1 Started 
 Container rgg3289ab41bf-node17-1 Started 
 Container rgg3289ab41bf-node0-1 Started 
 Container rgg3289ab41bf-node23-1 Started 
 Container rgg3289ab41bf-node4-1 Started 
 Container rgg3289ab41bf-node20-1 Started 
 Container rgg3289ab41bf-node14-1 Started 
 Container rgg3289ab41bf-node19-1 Started 
 Container rgg3289ab41bf-node13-1 Started 
 Container rgg3289ab41bf-node2-1 Started 
 Container rgg3289ab41bf-node7-1 Started 
 Container rgg3289ab41bf-node10-1 Started 
 Container rgg3289ab41bf-node21-1 Started 
 Container rgg3289ab41bf-node15-1 Started 
 Container rgg3289ab41bf-node18-1 Started 
 Container rgg3289ab41bf-driver-1 Starting 
 Container rgg3289ab41bf-driver-1 Started 
0
