Preparing 4 committee slots (excluded from metrics)
Running 33 measured workflows at concurrency 4
Progress: 1/33
Progress: 2/33
Progress: 3/33
Progress: 4/33
Progress: 5/33
Progress: 6/33
Progress: 7/33
Progress: 8/33
Progress: 9/33
Progress: 10/33
Progress: 11/33
Progress: 12/33
Progress: 13/33
Progress: 14/33
Progress: 15/33
Progress: 16/33
Progress: 17/33
Progress: 18/33
Progress: 19/33
Progress: 20/33
Progress: 21/33
Progress: 22/33
Progress: 23/33
Progress: 24/33
Progress: 25/33
Progress: 26/33
Progress: 27/33
Progress: 28/33
Progress: 29/33
Progress: 30/33
Progress: 31/33
Progress: 32/33
Progress: 33/33
{
  "operation_count": 330,
  "successful_operations": 330,
  "failed_operations": 0,
  "workflow_count": 33,
  "successful_workflows": 33,
  "failed_workflows": 0,
  "workflow_success_rate": 1.0,
  "measurement_duration_ms": 138754,
  "workflow_throughput_per_s": 0.23783098144918347,
  "per_operation": {
    "fabric_post_allocation": {
      "count": 33,
      "success_count": 33,
      "failure_count": 0,
      "p50_ms": 2318,
      "p95_ms": 2501,
      "p99_ms": 2503
    },
    "fabric_post_snapshot": {
      "count": 33,
      "success_count": 33,
      "failure_count": 0,
      "p50_ms": 2457,
      "p95_ms": 2547,
      "p99_ms": 2549
    },
    "fabric_post_task": {
      "count": 33,
      "success_count": 33,
      "failure_count": 0,
      "p50_ms": 2435,
      "p95_ms": 2515,
      "p99_ms": 2530
    },
    "fabric_query_confirmation": {
      "count": 33,
      "success_count": 33,
      "failure_count": 0,
      "p50_ms": 295,
      "p95_ms": 316,
      "p99_ms": 318
    },
    "fabric_query_final": {
      "count": 33,
      "success_count": 33,
      "failure_count": 0,
      "p50_ms": 707,
      "p95_ms": 893,
      "p99_ms": 894
    },
    "fabric_settlement": {
      "count": 33,
      "success_count": 33,
      "failure_count": 0,
      "p50_ms": 2312,
      "p95_ms": 2598,
      "p99_ms": 2599
    },
    "fabric_vote_1": {
      "count": 33,
      "success_count": 33,
      "failure_count": 0,
      "p50_ms": 2271,
      "p95_ms": 2447,
      "p99_ms": 2451
    },
    "fabric_vote_2": {
      "count": 33,
      "success_count": 33,
      "failure_count": 0,
      "p50_ms": 2433,
      "p95_ms": 2479,
      "p99_ms": 2481
    },
    "ipfs_add": {
      "count": 33,
      "success_count": 33,
      "failure_count": 0,
      "p50_ms": 80,
      "p95_ms": 154,
      "p99_ms": 172
    },
    "ipfs_verify": {
      "count": 33,
      "success_count": 33,
      "failure_count": 0,
      "p50_ms": 8,
      "p95_ms": 10,
      "p99_ms": 10
    }
  },
  "evidence_record_count": 2062,
  "evidence_record_throughput_per_s": 14.86083284085504
}
Results: /mnt/c/Users/guan/Desktop/zte-sci/experiments/exp-local/results/b2-replay-formal-20260705T160000Z/b2-c4-r2/fabric/b2-fabric-c4-r2
