 Network rggc411f89761_default Creating 
 Network rggc411f89761_default Created 
 Container rggc411f89761-collector-1 Creating 
 Container rggc411f89761-collector-1 Created 
 Container rggc411f89761-node7-1 Creating 
 Container rggc411f89761-node2-1 Creating 
 Container rggc411f89761-node10-1 Creating 
 Container rggc411f89761-node3-1 Creating 
 Container rggc411f89761-node15-1 Creating 
 Container rggc411f89761-node6-1 Creating 
 Container rggc411f89761-node13-1 Creating 
 Container rggc411f89761-node0-1 Creating 
 Container rggc411f89761-node12-1 Creating 
 Container rggc411f89761-node4-1 Creating 
 Container rggc411f89761-node8-1 Creating 
 Container rggc411f89761-node14-1 Creating 
 Container rggc411f89761-node5-1 Creating 
 Container rggc411f89761-node11-1 Creating 
 Container rggc411f89761-node1-1 Creating 
 Container rggc411f89761-node9-1 Creating 
 Container rggc411f89761-node14-1 Created 
 Container rggc411f89761-node8-1 Created 
 Container rggc411f89761-node15-1 Created 
 Container rggc411f89761-node5-1 Created 
 Container rggc411f89761-node3-1 Created 
 Container rggc411f89761-node1-1 Created 
 Container rggc411f89761-node4-1 Created 
 Container rggc411f89761-node2-1 Created 
 Container rggc411f89761-node7-1 Created 
 Container rggc411f89761-node12-1 Created 
 Container rggc411f89761-node13-1 Created 
 Container rggc411f89761-node9-1 Created 
 Container rggc411f89761-node11-1 Created 
 Container rggc411f89761-node0-1 Created 
 Container rggc411f89761-node6-1 Created 
 Container rggc411f89761-node10-1 Created 
 Container rggc411f89761-collector-1 Starting 
 Container rggc411f89761-collector-1 Started 
 Container rggc411f89761-node6-1 Starting 
 Container rggc411f89761-node3-1 Starting 
 Container rggc411f89761-node12-1 Starting 
 Container rggc411f89761-node4-1 Starting 
 Container rggc411f89761-node5-1 Starting 
 Container rggc411f89761-node10-1 Starting 
 Container rggc411f89761-node14-1 Starting 
 Container rggc411f89761-node9-1 Starting 
 Container rggc411f89761-node2-1 Starting 
 Container rggc411f89761-node0-1 Starting 
 Container rggc411f89761-node13-1 Starting 
 Container rggc411f89761-node8-1 Starting 
 Container rggc411f89761-node7-1 Starting 
 Container rggc411f89761-node1-1 Starting 
 Container rggc411f89761-node15-1 Starting 
 Container rggc411f89761-node11-1 Starting 
 Container rggc411f89761-node3-1 Started 
 Container rggc411f89761-node6-1 Started 
 Container rggc411f89761-node4-1 Started 
 Container rggc411f89761-node1-1 Started 
 Container rggc411f89761-node14-1 Started 
 Container rggc411f89761-node0-1 Started 
 Container rggc411f89761-node11-1 Started 
 Container rggc411f89761-node12-1 Started 
 Container rggc411f89761-node7-1 Started 
 Container rggc411f89761-node2-1 Started 
 Container rggc411f89761-node15-1 Started 
 Container rggc411f89761-node5-1 Started 
 Container rggc411f89761-node10-1 Started 
 Container rggc411f89761-node13-1 Started 
 Container rggc411f89761-node9-1 Started 
 Container rggc411f89761-node8-1 Started 
DRIVER_STARTED: 2026-07-26T22:39:00Z
0
