 Network rggf1dfcbbe83_default Creating 
 Network rggf1dfcbbe83_default Created 
 Container rggf1dfcbbe83-collector-1 Creating 
 Container rggf1dfcbbe83-collector-1 Created 
 Container rggf1dfcbbe83-node12-1 Creating 
 Container rggf1dfcbbe83-node4-1 Creating 
 Container rggf1dfcbbe83-node6-1 Creating 
 Container rggf1dfcbbe83-node5-1 Creating 
 Container rggf1dfcbbe83-node2-1 Creating 
 Container rggf1dfcbbe83-node14-1 Creating 
 Container rggf1dfcbbe83-node11-1 Creating 
 Container rggf1dfcbbe83-node7-1 Creating 
 Container rggf1dfcbbe83-node10-1 Creating 
 Container rggf1dfcbbe83-node3-1 Creating 
 Container rggf1dfcbbe83-node13-1 Creating 
 Container rggf1dfcbbe83-node0-1 Creating 
 Container rggf1dfcbbe83-node8-1 Creating 
 Container rggf1dfcbbe83-node15-1 Creating 
 Container rggf1dfcbbe83-node1-1 Creating 
 Container rggf1dfcbbe83-node9-1 Creating 
 Container rggf1dfcbbe83-node1-1 Created 
 Container rggf1dfcbbe83-node14-1 Created 
 Container rggf1dfcbbe83-node7-1 Created 
 Container rggf1dfcbbe83-node6-1 Created 
 Container rggf1dfcbbe83-node2-1 Created 
 Container rggf1dfcbbe83-node3-1 Created 
 Container rggf1dfcbbe83-node12-1 Created 
 Container rggf1dfcbbe83-node15-1 Created 
 Container rggf1dfcbbe83-node13-1 Created 
 Container rggf1dfcbbe83-node5-1 Created 
 Container rggf1dfcbbe83-node10-1 Created 
 Container rggf1dfcbbe83-node4-1 Created 
 Container rggf1dfcbbe83-node8-1 Created 
 Container rggf1dfcbbe83-node9-1 Created 
 Container rggf1dfcbbe83-node11-1 Created 
 Container rggf1dfcbbe83-node0-1 Created 
 Container rggf1dfcbbe83-collector-1 Starting 
 Container rggf1dfcbbe83-collector-1 Started 
 Container rggf1dfcbbe83-node13-1 Starting 
 Container rggf1dfcbbe83-node14-1 Starting 
 Container rggf1dfcbbe83-node2-1 Starting 
 Container rggf1dfcbbe83-node10-1 Starting 
 Container rggf1dfcbbe83-node9-1 Starting 
 Container rggf1dfcbbe83-node3-1 Starting 
 Container rggf1dfcbbe83-node0-1 Starting 
 Container rggf1dfcbbe83-node7-1 Starting 
 Container rggf1dfcbbe83-node6-1 Starting 
 Container rggf1dfcbbe83-node15-1 Starting 
 Container rggf1dfcbbe83-node12-1 Starting 
 Container rggf1dfcbbe83-node4-1 Starting 
 Container rggf1dfcbbe83-node8-1 Starting 
 Container rggf1dfcbbe83-node5-1 Starting 
 Container rggf1dfcbbe83-node11-1 Starting 
 Container rggf1dfcbbe83-node1-1 Starting 
 Container rggf1dfcbbe83-node2-1 Started 
 Container rggf1dfcbbe83-node13-1 Started 
 Container rggf1dfcbbe83-node14-1 Started 
 Container rggf1dfcbbe83-node15-1 Started 
 Container rggf1dfcbbe83-node11-1 Started 
 Container rggf1dfcbbe83-node6-1 Started 
 Container rggf1dfcbbe83-node12-1 Started 
 Container rggf1dfcbbe83-node4-1 Started 
 Container rggf1dfcbbe83-node9-1 Started 
 Container rggf1dfcbbe83-node10-1 Started 
 Container rggf1dfcbbe83-node5-1 Started 
 Container rggf1dfcbbe83-node0-1 Started 
 Container rggf1dfcbbe83-node1-1 Started 
 Container rggf1dfcbbe83-node3-1 Started 
 Container rggf1dfcbbe83-node7-1 Started 
 Container rggf1dfcbbe83-node8-1 Started 
READY_BARRIER: 14/16 node services ready
DRIVER_STARTED: 2026-07-15T13:52:03Z
0
