 Network rggcb066837e5_default Creating 
 Network rggcb066837e5_default Created 
 Container rggcb066837e5-collector-1 Creating 
 Container rggcb066837e5-collector-1 Created 
 Container rggcb066837e5-node17-1 Creating 
 Container rggcb066837e5-node5-1 Creating 
 Container rggcb066837e5-node23-1 Creating 
 Container rggcb066837e5-node16-1 Creating 
 Container rggcb066837e5-node1-1 Creating 
 Container rggcb066837e5-node14-1 Creating 
 Container rggcb066837e5-node6-1 Creating 
 Container rggcb066837e5-node20-1 Creating 
 Container rggcb066837e5-node18-1 Creating 
 Container rggcb066837e5-node21-1 Creating 
 Container rggcb066837e5-node0-1 Creating 
 Container rggcb066837e5-node4-1 Creating 
 Container rggcb066837e5-node15-1 Creating 
 Container rggcb066837e5-node8-1 Creating 
 Container rggcb066837e5-node12-1 Creating 
 Container rggcb066837e5-node22-1 Creating 
 Container rggcb066837e5-node3-1 Creating 
 Container rggcb066837e5-node11-1 Creating 
 Container rggcb066837e5-node2-1 Creating 
 Container rggcb066837e5-node13-1 Creating 
 Container rggcb066837e5-node10-1 Creating 
 Container rggcb066837e5-node7-1 Creating 
 Container rggcb066837e5-node9-1 Creating 
 Container rggcb066837e5-node19-1 Creating 
 Container rggcb066837e5-node17-1 Created 
 Container rggcb066837e5-node5-1 Created 
 Container rggcb066837e5-node0-1 Created 
 Container rggcb066837e5-node22-1 Created 
 Container rggcb066837e5-node4-1 Created 
 Container rggcb066837e5-node13-1 Created 
 Container rggcb066837e5-node19-1 Created 
 Container rggcb066837e5-node3-1 Created 
 Container rggcb066837e5-node9-1 Created 
 Container rggcb066837e5-node2-1 Created 
 Container rggcb066837e5-node10-1 Created 
 Container rggcb066837e5-node16-1 Created 
 Container rggcb066837e5-node23-1 Created 
 Container rggcb066837e5-node21-1 Created 
 Container rggcb066837e5-node14-1 Created 
 Container rggcb066837e5-node15-1 Created 
 Container rggcb066837e5-node1-1 Created 
 Container rggcb066837e5-node20-1 Created 
 Container rggcb066837e5-node12-1 Created 
 Container rggcb066837e5-node8-1 Created 
 Container rggcb066837e5-node18-1 Created 
 Container rggcb066837e5-node7-1 Created 
 Container rggcb066837e5-node11-1 Created 
 Container rggcb066837e5-node6-1 Created 
 Container rggcb066837e5-collector-1 Starting 
 Container rggcb066837e5-collector-1 Started 
 Container rggcb066837e5-node23-1 Starting 
 Container rggcb066837e5-node4-1 Starting 
 Container rggcb066837e5-node18-1 Starting 
 Container rggcb066837e5-node22-1 Starting 
 Container rggcb066837e5-node14-1 Starting 
 Container rggcb066837e5-node19-1 Starting 
 Container rggcb066837e5-node1-1 Starting 
 Container rggcb066837e5-node16-1 Starting 
 Container rggcb066837e5-node20-1 Starting 
 Container rggcb066837e5-node21-1 Starting 
 Container rggcb066837e5-node9-1 Starting 
 Container rggcb066837e5-node0-1 Starting 
 Container rggcb066837e5-node13-1 Starting 
 Container rggcb066837e5-node6-1 Starting 
 Container rggcb066837e5-node11-1 Starting 
 Container rggcb066837e5-node15-1 Starting 
 Container rggcb066837e5-node12-1 Starting 
 Container rggcb066837e5-node5-1 Starting 
 Container rggcb066837e5-node2-1 Starting 
 Container rggcb066837e5-node3-1 Starting 
 Container rggcb066837e5-node10-1 Starting 
 Container rggcb066837e5-node8-1 Starting 
 Container rggcb066837e5-node17-1 Starting 
 Container rggcb066837e5-node7-1 Starting 
 Container rggcb066837e5-node23-1 Started 
 Container rggcb066837e5-node15-1 Started 
 Container rggcb066837e5-node17-1 Started 
 Container rggcb066837e5-node12-1 Started 
 Container rggcb066837e5-node4-1 Started 
 Container rggcb066837e5-node6-1 Started 
 Container rggcb066837e5-node22-1 Started 
 Container rggcb066837e5-node7-1 Started 
 Container rggcb066837e5-node2-1 Started 
 Container rggcb066837e5-node10-1 Started 
 Container rggcb066837e5-node14-1 Started 
 Container rggcb066837e5-node19-1 Started 
 Container rggcb066837e5-node8-1 Started 
 Container rggcb066837e5-node13-1 Started 
 Container rggcb066837e5-node9-1 Started 
 Container rggcb066837e5-node0-1 Started 
 Container rggcb066837e5-node11-1 Started 
 Container rggcb066837e5-node18-1 Started 
 Container rggcb066837e5-node5-1 Started 
 Container rggcb066837e5-node16-1 Started 
 Container rggcb066837e5-node20-1 Started 
 Container rggcb066837e5-node3-1 Started 
 Container rggcb066837e5-node21-1 Started 
 Container rggcb066837e5-node1-1 Started 
NETEM_APPLIED node0 iface=eth0: qdisc netem 8539: root refcnt 17 limit 1000 delay 20ms  5ms seed 2519563375409874899
NETEM_APPLIED node1 iface=eth0: qdisc netem 853a: root refcnt 17 limit 1000 delay 20ms  5ms seed 14978503674572661801
NETEM_APPLIED node2 iface=eth0: qdisc netem 853b: root refcnt 17 limit 1000 delay 20ms  5ms seed 17860725249860131830
NETEM_APPLIED node3 iface=eth0: qdisc netem 853c: root refcnt 17 limit 1000 delay 20ms  5ms seed 4313478336372402166
NETEM_APPLIED node4 iface=eth0: qdisc netem 853d: root refcnt 17 limit 1000 delay 20ms  5ms seed 16922352383708907107
NETEM_APPLIED node5 iface=eth0: qdisc netem 853e: root refcnt 17 limit 1000 delay 20ms  5ms seed 9312110525571488652
NETEM_APPLIED node6 iface=eth0: qdisc netem 853f: root refcnt 17 limit 1000 delay 20ms  5ms seed 2055795025575029622
NETEM_APPLIED node7 iface=eth0: qdisc netem 8540: root refcnt 17 limit 1000 delay 20ms  5ms seed 13592875973432759403
NETEM_APPLIED node8 iface=eth0: qdisc netem 8541: root refcnt 17 limit 1000 delay 20ms  5ms seed 15221132890155960095
NETEM_APPLIED node9 iface=eth0: qdisc netem 8542: root refcnt 17 limit 1000 delay 20ms  5ms seed 10011502518759695823
NETEM_APPLIED node10 iface=eth0: qdisc netem 8543: root refcnt 17 limit 1000 delay 20ms  5ms seed 3973576751567984617
NETEM_APPLIED node11 iface=eth0: qdisc netem 8544: root refcnt 17 limit 1000 delay 20ms  5ms seed 4762315920126338477
NETEM_APPLIED node12 iface=eth0: qdisc netem 8545: root refcnt 17 limit 1000 delay 20ms  5ms seed 17810556898846331674
NETEM_APPLIED node13 iface=eth0: qdisc netem 8546: root refcnt 17 limit 1000 delay 20ms  5ms seed 16704104083482747306
NETEM_APPLIED node14 iface=eth0: qdisc netem 8547: root refcnt 17 limit 1000 delay 20ms  5ms seed 4253489336483435998
NETEM_APPLIED node15 iface=eth0: qdisc netem 8548: root refcnt 17 limit 1000 delay 20ms  5ms seed 9887445035189724645
NETEM_APPLIED node16 iface=eth0: qdisc netem 8549: root refcnt 17 limit 1000 delay 20ms  5ms seed 1061455928447048822
NETEM_APPLIED node17 iface=eth0: qdisc netem 854a: root refcnt 17 limit 1000 delay 20ms  5ms seed 331223442592050569
NETEM_APPLIED node18 iface=eth0: qdisc netem 854b: root refcnt 17 limit 1000 delay 20ms  5ms seed 14730416185600813597
NETEM_APPLIED node19 iface=eth0: qdisc netem 854c: root refcnt 17 limit 1000 delay 20ms  5ms seed 14719146110020532448
NETEM_APPLIED node20 iface=eth0: qdisc netem 854d: root refcnt 17 limit 1000 delay 20ms  5ms seed 1465794450460595602
NETEM_APPLIED node21 iface=eth0: qdisc netem 854e: root refcnt 17 limit 1000 delay 20ms  5ms seed 17974568343844709
NETEM_APPLIED node22 iface=eth0: qdisc netem 854f: root refcnt 17 limit 1000 delay 20ms  5ms seed 17779469950481252852
NETEM_APPLIED node23 iface=eth0: qdisc netem 8550: root refcnt 17 limit 1000 delay 20ms  5ms seed 18131232241920395593
NETEM_RTT_GATE OK: baseline=0.1ms actual=40.6ms increase=40.5ms
DRIVER_STARTED: 2026-07-15T06:21:21Z
0
QDSK_CLEANUP_FAIL node0: Command '['docker', 'exec', 'rggcb066837e5-node0-1', 'sh', '-c', "ip -o -4 addr show scope global 2>/dev/null | head -1 | awk '{print $2}'"]' returned non-zero exit status 1.
QDSK_CLEANUP_FAIL node1: Command '['docker', 'exec', 'rggcb066837e5-node1-1', 'sh', '-c', "ip -o -4 addr show scope global 2>/dev/null | head -1 | awk '{print $2}'"]' returned non-zero exit status 1.
QDSK_CLEANUP_FAIL node2: Command '['docker', 'exec', 'rggcb066837e5-node2-1', 'sh', '-c', "ip -o -4 addr show scope global 2>/dev/null | head -1 | awk '{print $2}'"]' returned non-zero exit status 1.
QDSK_CLEANUP_FAIL node3: Command '['docker', 'exec', 'rggcb066837e5-node3-1', 'sh', '-c', "ip -o -4 addr show scope global 2>/dev/null | head -1 | awk '{print $2}'"]' returned non-zero exit status 1.
QDSK_CLEANUP_FAIL node4: Command '['docker', 'exec', 'rggcb066837e5-node4-1', 'sh', '-c', "ip -o -4 addr show scope global 2>/dev/null | head -1 | awk '{print $2}'"]' returned non-zero exit status 1.
QDSK_CLEANUP_FAIL node5: Command '['docker', 'exec', 'rggcb066837e5-node5-1', 'sh', '-c', "ip -o -4 addr show scope global 2>/dev/null | head -1 | awk '{print $2}'"]' returned non-zero exit status 1.
QDSK_CLEANUP_FAIL node6: Command '['docker', 'exec', 'rggcb066837e5-node6-1', 'sh', '-c', "ip -o -4 addr show scope global 2>/dev/null | head -1 | awk '{print $2}'"]' returned non-zero exit status 1.
QDSK_CLEANUP_FAIL node7: Command '['docker', 'exec', 'rggcb066837e5-node7-1', 'sh', '-c', "ip -o -4 addr show scope global 2>/dev/null | head -1 | awk '{print $2}'"]' returned non-zero exit status 1.
QDSK_CLEANUP_FAIL node8: Command '['docker', 'exec', 'rggcb066837e5-node8-1', 'sh', '-c', "ip -o -4 addr show scope global 2>/dev/null | head -1 | awk '{print $2}'"]' returned non-zero exit status 1.
QDSK_CLEANUP_FAIL node9: Command '['docker', 'exec', 'rggcb066837e5-node9-1', 'sh', '-c', "ip -o -4 addr show scope global 2>/dev/null | head -1 | awk '{print $2}'"]' returned non-zero exit status 1.
QDSK_CLEANUP_FAIL node10: Command '['docker', 'exec', 'rggcb066837e5-node10-1', 'sh', '-c', "ip -o -4 addr show scope global 2>/dev/null | head -1 | awk '{print $2}'"]' returned non-zero exit status 1.
QDSK_CLEANUP_FAIL node11: Command '['docker', 'exec', 'rggcb066837e5-node11-1', 'sh', '-c', "ip -o -4 addr show scope global 2>/dev/null | head -1 | awk '{print $2}'"]' returned non-zero exit status 1.
QDSK_CLEANUP_FAIL node12: Command '['docker', 'exec', 'rggcb066837e5-node12-1', 'sh', '-c', "ip -o -4 addr show scope global 2>/dev/null | head -1 | awk '{print $2}'"]' returned non-zero exit status 1.
QDSK_CLEANUP_FAIL node13: Command '['docker', 'exec', 'rggcb066837e5-node13-1', 'sh', '-c', "ip -o -4 addr show scope global 2>/dev/null | head -1 | awk '{print $2}'"]' returned non-zero exit status 1.
QDSK_CLEANUP_FAIL node14: Command '['docker', 'exec', 'rggcb066837e5-node14-1', 'sh', '-c', "ip -o -4 addr show scope global 2>/dev/null | head -1 | awk '{print $2}'"]' returned non-zero exit status 1.
QDSK_CLEANUP_FAIL node15: Command '['docker', 'exec', 'rggcb066837e5-node15-1', 'sh', '-c', "ip -o -4 addr show scope global 2>/dev/null | head -1 | awk '{print $2}'"]' returned non-zero exit status 1.
QDSK_CLEANUP_FAIL node16: Command '['docker', 'exec', 'rggcb066837e5-node16-1', 'sh', '-c', "ip -o -4 addr show scope global 2>/dev/null | head -1 | awk '{print $2}'"]' returned non-zero exit status 1.
QDSK_CLEANUP_FAIL node17: Command '['docker', 'exec', 'rggcb066837e5-node17-1', 'sh', '-c', "ip -o -4 addr show scope global 2>/dev/null | head -1 | awk '{print $2}'"]' returned non-zero exit status 1.
QDSK_CLEANUP_FAIL node18: Command '['docker', 'exec', 'rggcb066837e5-node18-1', 'sh', '-c', "ip -o -4 addr show scope global 2>/dev/null | head -1 | awk '{print $2}'"]' returned non-zero exit status 1.
QDSK_CLEANUP_FAIL node19: Command '['docker', 'exec', 'rggcb066837e5-node19-1', 'sh', '-c', "ip -o -4 addr show scope global 2>/dev/null | head -1 | awk '{print $2}'"]' returned non-zero exit status 1.
QDSK_CLEANUP_FAIL node20: Command '['docker', 'exec', 'rggcb066837e5-node20-1', 'sh', '-c', "ip -o -4 addr show scope global 2>/dev/null | head -1 | awk '{print $2}'"]' returned non-zero exit status 1.
QDSK_CLEANUP_FAIL node21: Command '['docker', 'exec', 'rggcb066837e5-node21-1', 'sh', '-c', "ip -o -4 addr show scope global 2>/dev/null | head -1 | awk '{print $2}'"]' returned non-zero exit status 1.
QDSK_CLEANUP_FAIL node22: Command '['docker', 'exec', 'rggcb066837e5-node22-1', 'sh', '-c', "ip -o -4 addr show scope global 2>/dev/null | head -1 | awk '{print $2}'"]' returned non-zero exit status 1.
QDSK_CLEANUP_FAIL node23: Command '['docker', 'exec', 'rggcb066837e5-node23-1', 'sh', '-c', "ip -o -4 addr show scope global 2>/dev/null | head -1 | awk '{print $2}'"]' returned non-zero exit status 1.
