 Network rgge8fbb7c2e3_default Creating 
 Network rgge8fbb7c2e3_default Created 
 Container rgge8fbb7c2e3-collector-1 Creating 
 Container rgge8fbb7c2e3-collector-1 Created 
 Container rgge8fbb7c2e3-node1-1 Creating 
 Container rgge8fbb7c2e3-node14-1 Creating 
 Container rgge8fbb7c2e3-node0-1 Creating 
 Container rgge8fbb7c2e3-node3-1 Creating 
 Container rgge8fbb7c2e3-node10-1 Creating 
 Container rgge8fbb7c2e3-node15-1 Creating 
 Container rgge8fbb7c2e3-node2-1 Creating 
 Container rgge8fbb7c2e3-node11-1 Creating 
 Container rgge8fbb7c2e3-node12-1 Creating 
 Container rgge8fbb7c2e3-node16-1 Creating 
 Container rgge8fbb7c2e3-node17-1 Creating 
 Container rgge8fbb7c2e3-node18-1 Creating 
 Container rgge8fbb7c2e3-node9-1 Creating 
 Container rgge8fbb7c2e3-node23-1 Creating 
 Container rgge8fbb7c2e3-node13-1 Creating 
 Container rgge8fbb7c2e3-node19-1 Creating 
 Container rgge8fbb7c2e3-node22-1 Creating 
 Container rgge8fbb7c2e3-node20-1 Creating 
 Container rgge8fbb7c2e3-node7-1 Creating 
 Container rgge8fbb7c2e3-node6-1 Creating 
 Container rgge8fbb7c2e3-node8-1 Creating 
 Container rgge8fbb7c2e3-node4-1 Creating 
 Container rgge8fbb7c2e3-node5-1 Creating 
 Container rgge8fbb7c2e3-node21-1 Creating 
 Container rgge8fbb7c2e3-node11-1 Created 
 Container rgge8fbb7c2e3-node10-1 Created 
 Container rgge8fbb7c2e3-node7-1 Created 
 Container rgge8fbb7c2e3-node18-1 Created 
 Container rgge8fbb7c2e3-node14-1 Created 
 Container rgge8fbb7c2e3-node15-1 Created 
 Container rgge8fbb7c2e3-node17-1 Created 
 Container rgge8fbb7c2e3-node5-1 Created 
 Container rgge8fbb7c2e3-node13-1 Created 
 Container rgge8fbb7c2e3-node2-1 Created 
 Container rgge8fbb7c2e3-node21-1 Created 
 Container rgge8fbb7c2e3-node0-1 Created 
 Container rgge8fbb7c2e3-node23-1 Created 
 Container rgge8fbb7c2e3-node1-1 Created 
 Container rgge8fbb7c2e3-node3-1 Created 
 Container rgge8fbb7c2e3-node16-1 Created 
 Container rgge8fbb7c2e3-node6-1 Created 
 Container rgge8fbb7c2e3-node9-1 Created 
 Container rgge8fbb7c2e3-node12-1 Created 
 Container rgge8fbb7c2e3-node19-1 Created 
 Container rgge8fbb7c2e3-node20-1 Created 
 Container rgge8fbb7c2e3-node8-1 Created 
 Container rgge8fbb7c2e3-node22-1 Created 
 Container rgge8fbb7c2e3-node4-1 Created 
 Container rgge8fbb7c2e3-driver-1 Creating 
 Container rgge8fbb7c2e3-driver-1 Created 
 Container rgge8fbb7c2e3-collector-1 Starting 
 Container rgge8fbb7c2e3-collector-1 Started 
 Container rgge8fbb7c2e3-node13-1 Starting 
 Container rgge8fbb7c2e3-node1-1 Starting 
 Container rgge8fbb7c2e3-node11-1 Starting 
 Container rgge8fbb7c2e3-node23-1 Starting 
 Container rgge8fbb7c2e3-node20-1 Starting 
 Container rgge8fbb7c2e3-node5-1 Starting 
 Container rgge8fbb7c2e3-node21-1 Starting 
 Container rgge8fbb7c2e3-node22-1 Starting 
 Container rgge8fbb7c2e3-node6-1 Starting 
 Container rgge8fbb7c2e3-node12-1 Starting 
 Container rgge8fbb7c2e3-node10-1 Starting 
 Container rgge8fbb7c2e3-node7-1 Starting 
 Container rgge8fbb7c2e3-node9-1 Starting 
 Container rgge8fbb7c2e3-node2-1 Starting 
 Container rgge8fbb7c2e3-node3-1 Starting 
 Container rgge8fbb7c2e3-node0-1 Starting 
 Container rgge8fbb7c2e3-node15-1 Starting 
 Container rgge8fbb7c2e3-node4-1 Starting 
 Container rgge8fbb7c2e3-node17-1 Starting 
 Container rgge8fbb7c2e3-node8-1 Starting 
 Container rgge8fbb7c2e3-node16-1 Starting 
 Container rgge8fbb7c2e3-node19-1 Starting 
 Container rgge8fbb7c2e3-node18-1 Starting 
 Container rgge8fbb7c2e3-node14-1 Starting 
 Container rgge8fbb7c2e3-node13-1 Started 
 Container rgge8fbb7c2e3-node1-1 Started 
 Container rgge8fbb7c2e3-node14-1 Started 
 Container rgge8fbb7c2e3-node22-1 Started 
 Container rgge8fbb7c2e3-node18-1 Started 
 Container rgge8fbb7c2e3-node10-1 Started 
 Container rgge8fbb7c2e3-node16-1 Started 
 Container rgge8fbb7c2e3-node15-1 Started 
 Container rgge8fbb7c2e3-node19-1 Started 
 Container rgge8fbb7c2e3-node4-1 Started 
 Container rgge8fbb7c2e3-node20-1 Started 
 Container rgge8fbb7c2e3-node3-1 Started 
 Container rgge8fbb7c2e3-node9-1 Started 
 Container rgge8fbb7c2e3-node7-1 Started 
 Container rgge8fbb7c2e3-node17-1 Started 
 Container rgge8fbb7c2e3-node6-1 Started 
 Container rgge8fbb7c2e3-node12-1 Started 
 Container rgge8fbb7c2e3-node5-1 Started 
 Container rgge8fbb7c2e3-node21-1 Started 
 Container rgge8fbb7c2e3-node23-1 Started 
 Container rgge8fbb7c2e3-node0-1 Started 
 Container rgge8fbb7c2e3-node11-1 Started 
 Container rgge8fbb7c2e3-node2-1 Started 
 Container rgge8fbb7c2e3-node8-1 Started 
 Container rgge8fbb7c2e3-driver-1 Starting 
 Container rgge8fbb7c2e3-driver-1 Started 
0
