 Network rggda50f038d2_default Creating 
 Network rggda50f038d2_default Created 
 Container rggda50f038d2-collector-1 Creating 
 Container rggda50f038d2-collector-1 Created 
 Container rggda50f038d2-node6-1 Creating 
 Container rggda50f038d2-node15-1 Creating 
 Container rggda50f038d2-node18-1 Creating 
 Container rggda50f038d2-node2-1 Creating 
 Container rggda50f038d2-node3-1 Creating 
 Container rggda50f038d2-node9-1 Creating 
 Container rggda50f038d2-node14-1 Creating 
 Container rggda50f038d2-node23-1 Creating 
 Container rggda50f038d2-node16-1 Creating 
 Container rggda50f038d2-node13-1 Creating 
 Container rggda50f038d2-node17-1 Creating 
 Container rggda50f038d2-node4-1 Creating 
 Container rggda50f038d2-node8-1 Creating 
 Container rggda50f038d2-node1-1 Creating 
 Container rggda50f038d2-node5-1 Creating 
 Container rggda50f038d2-node0-1 Creating 
 Container rggda50f038d2-node12-1 Creating 
 Container rggda50f038d2-node21-1 Creating 
 Container rggda50f038d2-node20-1 Creating 
 Container rggda50f038d2-node10-1 Creating 
 Container rggda50f038d2-node7-1 Creating 
 Container rggda50f038d2-node11-1 Creating 
 Container rggda50f038d2-node22-1 Creating 
 Container rggda50f038d2-node19-1 Creating 
 Container rggda50f038d2-node3-1 Created 
 Container rggda50f038d2-node17-1 Created 
 Container rggda50f038d2-node18-1 Created 
 Container rggda50f038d2-node16-1 Created 
 Container rggda50f038d2-node23-1 Created 
 Container rggda50f038d2-node13-1 Created 
 Container rggda50f038d2-node19-1 Created 
 Container rggda50f038d2-node20-1 Created 
 Container rggda50f038d2-node22-1 Created 
 Container rggda50f038d2-node10-1 Created 
 Container rggda50f038d2-node9-1 Created 
 Container rggda50f038d2-node12-1 Created 
 Container rggda50f038d2-node0-1 Created 
 Container rggda50f038d2-node21-1 Created 
 Container rggda50f038d2-node15-1 Created 
 Container rggda50f038d2-node5-1 Created 
 Container rggda50f038d2-node8-1 Created 
 Container rggda50f038d2-node6-1 Created 
 Container rggda50f038d2-node11-1 Created 
 Container rggda50f038d2-node7-1 Created 
 Container rggda50f038d2-node2-1 Created 
 Container rggda50f038d2-node1-1 Created 
 Container rggda50f038d2-node4-1 Created 
 Container rggda50f038d2-node14-1 Created 
 Container rggda50f038d2-driver-1 Creating 
 Container rggda50f038d2-driver-1 Created 
 Container rggda50f038d2-collector-1 Starting 
 Container rggda50f038d2-collector-1 Started 
 Container rggda50f038d2-node16-1 Starting 
 Container rggda50f038d2-node6-1 Starting 
 Container rggda50f038d2-node13-1 Starting 
 Container rggda50f038d2-node22-1 Starting 
 Container rggda50f038d2-node8-1 Starting 
 Container rggda50f038d2-node11-1 Starting 
 Container rggda50f038d2-node21-1 Starting 
 Container rggda50f038d2-node5-1 Starting 
 Container rggda50f038d2-node14-1 Starting 
 Container rggda50f038d2-node19-1 Starting 
 Container rggda50f038d2-node23-1 Starting 
 Container rggda50f038d2-node20-1 Starting 
 Container rggda50f038d2-node12-1 Starting 
 Container rggda50f038d2-node0-1 Starting 
 Container rggda50f038d2-node4-1 Starting 
 Container rggda50f038d2-node9-1 Starting 
 Container rggda50f038d2-node7-1 Starting 
 Container rggda50f038d2-node3-1 Starting 
 Container rggda50f038d2-node17-1 Starting 
 Container rggda50f038d2-node10-1 Starting 
 Container rggda50f038d2-node2-1 Starting 
 Container rggda50f038d2-node1-1 Starting 
 Container rggda50f038d2-node15-1 Starting 
 Container rggda50f038d2-node18-1 Starting 
 Container rggda50f038d2-node6-1 Started 
 Container rggda50f038d2-node13-1 Started 
 Container rggda50f038d2-node21-1 Started 
 Container rggda50f038d2-node2-1 Started 
 Container rggda50f038d2-node23-1 Started 
 Container rggda50f038d2-node3-1 Started 
 Container rggda50f038d2-node1-1 Started 
 Container rggda50f038d2-node14-1 Started 
 Container rggda50f038d2-node15-1 Started 
 Container rggda50f038d2-node16-1 Started 
 Container rggda50f038d2-node18-1 Started 
 Container rggda50f038d2-node0-1 Started 
 Container rggda50f038d2-node8-1 Started 
 Container rggda50f038d2-node17-1 Started 
 Container rggda50f038d2-node12-1 Started 
 Container rggda50f038d2-node7-1 Started 
 Container rggda50f038d2-node20-1 Started 
 Container rggda50f038d2-node9-1 Started 
 Container rggda50f038d2-node4-1 Started 
 Container rggda50f038d2-node19-1 Started 
 Container rggda50f038d2-node11-1 Started 
 Container rggda50f038d2-node10-1 Started 
 Container rggda50f038d2-node5-1 Started 
 Container rggda50f038d2-node22-1 Started 
 Container rggda50f038d2-driver-1 Starting 
 Container rggda50f038d2-driver-1 Started 
0
