 Network rggd8b2f2cb29_default Creating 
 Network rggd8b2f2cb29_default Created 
 Container rggd8b2f2cb29-collector-1 Creating 
 Container rggd8b2f2cb29-collector-1 Created 
 Container rggd8b2f2cb29-node10-1 Creating 
 Container rggd8b2f2cb29-node18-1 Creating 
 Container rggd8b2f2cb29-node13-1 Creating 
 Container rggd8b2f2cb29-node7-1 Creating 
 Container rggd8b2f2cb29-node8-1 Creating 
 Container rggd8b2f2cb29-node16-1 Creating 
 Container rggd8b2f2cb29-node3-1 Creating 
 Container rggd8b2f2cb29-node19-1 Creating 
 Container rggd8b2f2cb29-node21-1 Creating 
 Container rggd8b2f2cb29-node2-1 Creating 
 Container rggd8b2f2cb29-node1-1 Creating 
 Container rggd8b2f2cb29-node23-1 Creating 
 Container rggd8b2f2cb29-node22-1 Creating 
 Container rggd8b2f2cb29-node15-1 Creating 
 Container rggd8b2f2cb29-node0-1 Creating 
 Container rggd8b2f2cb29-node17-1 Creating 
 Container rggd8b2f2cb29-node5-1 Creating 
 Container rggd8b2f2cb29-node9-1 Creating 
 Container rggd8b2f2cb29-node4-1 Creating 
 Container rggd8b2f2cb29-node11-1 Creating 
 Container rggd8b2f2cb29-node6-1 Creating 
 Container rggd8b2f2cb29-node12-1 Creating 
 Container rggd8b2f2cb29-node14-1 Creating 
 Container rggd8b2f2cb29-node20-1 Creating 
 Container rggd8b2f2cb29-node10-1 Created 
 Container rggd8b2f2cb29-node8-1 Created 
 Container rggd8b2f2cb29-node19-1 Created 
 Container rggd8b2f2cb29-node12-1 Created 
 Container rggd8b2f2cb29-node20-1 Created 
 Container rggd8b2f2cb29-node15-1 Created 
 Container rggd8b2f2cb29-node11-1 Created 
 Container rggd8b2f2cb29-node18-1 Created 
 Container rggd8b2f2cb29-node0-1 Created 
 Container rggd8b2f2cb29-node17-1 Created 
 Container rggd8b2f2cb29-node23-1 Created 
 Container rggd8b2f2cb29-node14-1 Created 
 Container rggd8b2f2cb29-node21-1 Created 
 Container rggd8b2f2cb29-node6-1 Created 
 Container rggd8b2f2cb29-node13-1 Created 
 Container rggd8b2f2cb29-node4-1 Created 
 Container rggd8b2f2cb29-node5-1 Created 
 Container rggd8b2f2cb29-node9-1 Created 
 Container rggd8b2f2cb29-node2-1 Created 
 Container rggd8b2f2cb29-node1-1 Created 
 Container rggd8b2f2cb29-node3-1 Created 
 Container rggd8b2f2cb29-node16-1 Created 
 Container rggd8b2f2cb29-node22-1 Created 
 Container rggd8b2f2cb29-node7-1 Created 
 Container rggd8b2f2cb29-driver-1 Creating 
 Container rggd8b2f2cb29-driver-1 Created 
 Container rggd8b2f2cb29-collector-1 Starting 
 Container rggd8b2f2cb29-collector-1 Started 
 Container rggd8b2f2cb29-node19-1 Starting 
 Container rggd8b2f2cb29-node20-1 Starting 
 Container rggd8b2f2cb29-node6-1 Starting 
 Container rggd8b2f2cb29-node11-1 Starting 
 Container rggd8b2f2cb29-node12-1 Starting 
 Container rggd8b2f2cb29-node2-1 Starting 
 Container rggd8b2f2cb29-node1-1 Starting 
 Container rggd8b2f2cb29-node7-1 Starting 
 Container rggd8b2f2cb29-node18-1 Starting 
 Container rggd8b2f2cb29-node23-1 Starting 
 Container rggd8b2f2cb29-node14-1 Starting 
 Container rggd8b2f2cb29-node15-1 Starting 
 Container rggd8b2f2cb29-node10-1 Starting 
 Container rggd8b2f2cb29-node22-1 Starting 
 Container rggd8b2f2cb29-node4-1 Starting 
 Container rggd8b2f2cb29-node13-1 Starting 
 Container rggd8b2f2cb29-node21-1 Starting 
 Container rggd8b2f2cb29-node3-1 Starting 
 Container rggd8b2f2cb29-node5-1 Starting 
 Container rggd8b2f2cb29-node8-1 Starting 
 Container rggd8b2f2cb29-node0-1 Starting 
 Container rggd8b2f2cb29-node9-1 Starting 
 Container rggd8b2f2cb29-node16-1 Starting 
 Container rggd8b2f2cb29-node17-1 Starting 
 Container rggd8b2f2cb29-node23-1 Started 
 Container rggd8b2f2cb29-node14-1 Started 
 Container rggd8b2f2cb29-node11-1 Started 
 Container rggd8b2f2cb29-node20-1 Started 
 Container rggd8b2f2cb29-node21-1 Started 
 Container rggd8b2f2cb29-node13-1 Started 
 Container rggd8b2f2cb29-node12-1 Started 
 Container rggd8b2f2cb29-node7-1 Started 
 Container rggd8b2f2cb29-node8-1 Started 
 Container rggd8b2f2cb29-node6-1 Started 
 Container rggd8b2f2cb29-node4-1 Started 
 Container rggd8b2f2cb29-node16-1 Started 
 Container rggd8b2f2cb29-node1-1 Started 
 Container rggd8b2f2cb29-node9-1 Started 
 Container rggd8b2f2cb29-node19-1 Started 
 Container rggd8b2f2cb29-node15-1 Started 
 Container rggd8b2f2cb29-node2-1 Started 
 Container rggd8b2f2cb29-node17-1 Started 
 Container rggd8b2f2cb29-node5-1 Started 
 Container rggd8b2f2cb29-node10-1 Started 
 Container rggd8b2f2cb29-node18-1 Started 
 Container rggd8b2f2cb29-node0-1 Started 
 Container rggd8b2f2cb29-node22-1 Started 
 Container rggd8b2f2cb29-node3-1 Started 
 Container rggd8b2f2cb29-driver-1 Starting 
 Container rggd8b2f2cb29-driver-1 Started 
0
