 Network rggcc2d246d24_default Creating 
 Network rggcc2d246d24_default Created 
 Container rggcc2d246d24-collector-1 Creating 
 Container rggcc2d246d24-collector-1 Created 
 Container rggcc2d246d24-node4-1 Creating 
 Container rggcc2d246d24-node13-1 Creating 
 Container rggcc2d246d24-node10-1 Creating 
 Container rggcc2d246d24-node12-1 Creating 
 Container rggcc2d246d24-node9-1 Creating 
 Container rggcc2d246d24-node20-1 Creating 
 Container rggcc2d246d24-node18-1 Creating 
 Container rggcc2d246d24-node0-1 Creating 
 Container rggcc2d246d24-node6-1 Creating 
 Container rggcc2d246d24-node17-1 Creating 
 Container rggcc2d246d24-node5-1 Creating 
 Container rggcc2d246d24-node22-1 Creating 
 Container rggcc2d246d24-node2-1 Creating 
 Container rggcc2d246d24-node11-1 Creating 
 Container rggcc2d246d24-node23-1 Creating 
 Container rggcc2d246d24-node1-1 Creating 
 Container rggcc2d246d24-node14-1 Creating 
 Container rggcc2d246d24-node16-1 Creating 
 Container rggcc2d246d24-node15-1 Creating 
 Container rggcc2d246d24-node3-1 Creating 
 Container rggcc2d246d24-node21-1 Creating 
 Container rggcc2d246d24-node8-1 Creating 
 Container rggcc2d246d24-node7-1 Creating 
 Container rggcc2d246d24-node19-1 Creating 
 Container rggcc2d246d24-node7-1 Created 
 Container rggcc2d246d24-node1-1 Created 
 Container rggcc2d246d24-node4-1 Created 
 Container rggcc2d246d24-node22-1 Created 
 Container rggcc2d246d24-node11-1 Created 
 Container rggcc2d246d24-node21-1 Created 
 Container rggcc2d246d24-node8-1 Created 
 Container rggcc2d246d24-node10-1 Created 
 Container rggcc2d246d24-node19-1 Created 
 Container rggcc2d246d24-node6-1 Created 
 Container rggcc2d246d24-node15-1 Created 
 Container rggcc2d246d24-node13-1 Created 
 Container rggcc2d246d24-node20-1 Created 
 Container rggcc2d246d24-node9-1 Created 
 Container rggcc2d246d24-node3-1 Created 
 Container rggcc2d246d24-node14-1 Created 
 Container rggcc2d246d24-node0-1 Created 
 Container rggcc2d246d24-node12-1 Created 
 Container rggcc2d246d24-node2-1 Created 
 Container rggcc2d246d24-node23-1 Created 
 Container rggcc2d246d24-node18-1 Created 
 Container rggcc2d246d24-node16-1 Created 
 Container rggcc2d246d24-node5-1 Created 
 Container rggcc2d246d24-node17-1 Created 
 Container rggcc2d246d24-driver-1 Creating 
 Container rggcc2d246d24-driver-1 Created 
 Container rggcc2d246d24-collector-1 Starting 
 Container rggcc2d246d24-collector-1 Started 
 Container rggcc2d246d24-node18-1 Starting 
 Container rggcc2d246d24-node21-1 Starting 
 Container rggcc2d246d24-node7-1 Starting 
 Container rggcc2d246d24-node14-1 Starting 
 Container rggcc2d246d24-node15-1 Starting 
 Container rggcc2d246d24-node10-1 Starting 
 Container rggcc2d246d24-node22-1 Starting 
 Container rggcc2d246d24-node12-1 Starting 
 Container rggcc2d246d24-node0-1 Starting 
 Container rggcc2d246d24-node19-1 Starting 
 Container rggcc2d246d24-node9-1 Starting 
 Container rggcc2d246d24-node13-1 Starting 
 Container rggcc2d246d24-node1-1 Starting 
 Container rggcc2d246d24-node23-1 Starting 
 Container rggcc2d246d24-node2-1 Starting 
 Container rggcc2d246d24-node16-1 Starting 
 Container rggcc2d246d24-node11-1 Starting 
 Container rggcc2d246d24-node3-1 Starting 
 Container rggcc2d246d24-node20-1 Starting 
 Container rggcc2d246d24-node17-1 Starting 
 Container rggcc2d246d24-node5-1 Starting 
 Container rggcc2d246d24-node8-1 Starting 
 Container rggcc2d246d24-node4-1 Starting 
 Container rggcc2d246d24-node6-1 Starting 
 Container rggcc2d246d24-node18-1 Started 
 Container rggcc2d246d24-node21-1 Started 
 Container rggcc2d246d24-node4-1 Started 
 Container rggcc2d246d24-node10-1 Started 
 Container rggcc2d246d24-node13-1 Started 
 Container rggcc2d246d24-node9-1 Started 
 Container rggcc2d246d24-node5-1 Started 
 Container rggcc2d246d24-node7-1 Started 
 Container rggcc2d246d24-node11-1 Started 
 Container rggcc2d246d24-node23-1 Started 
 Container rggcc2d246d24-node17-1 Started 
 Container rggcc2d246d24-node3-1 Started 
 Container rggcc2d246d24-node19-1 Started 
 Container rggcc2d246d24-node20-1 Started 
 Container rggcc2d246d24-node16-1 Started 
 Container rggcc2d246d24-node8-1 Started 
 Container rggcc2d246d24-node14-1 Started 
 Container rggcc2d246d24-node6-1 Started 
 Container rggcc2d246d24-node1-1 Started 
 Container rggcc2d246d24-node22-1 Started 
 Container rggcc2d246d24-node2-1 Started 
 Container rggcc2d246d24-node0-1 Started 
 Container rggcc2d246d24-node15-1 Started 
 Container rggcc2d246d24-node12-1 Started 
 Container rggcc2d246d24-driver-1 Starting 
 Container rggcc2d246d24-driver-1 Started 
0
