 Network rggb07c7c680e_default Creating 
 Network rggb07c7c680e_default Created 
 Container rggb07c7c680e-collector-1 Creating 
 Container rggb07c7c680e-collector-1 Created 
 Container rggb07c7c680e-node9-1 Creating 
 Container rggb07c7c680e-node8-1 Creating 
 Container rggb07c7c680e-node23-1 Creating 
 Container rggb07c7c680e-node16-1 Creating 
 Container rggb07c7c680e-node4-1 Creating 
 Container rggb07c7c680e-node22-1 Creating 
 Container rggb07c7c680e-node19-1 Creating 
 Container rggb07c7c680e-node20-1 Creating 
 Container rggb07c7c680e-node5-1 Creating 
 Container rggb07c7c680e-node0-1 Creating 
 Container rggb07c7c680e-node15-1 Creating 
 Container rggb07c7c680e-node21-1 Creating 
 Container rggb07c7c680e-node2-1 Creating 
 Container rggb07c7c680e-node1-1 Creating 
 Container rggb07c7c680e-node3-1 Creating 
 Container rggb07c7c680e-node13-1 Creating 
 Container rggb07c7c680e-node12-1 Creating 
 Container rggb07c7c680e-node6-1 Creating 
 Container rggb07c7c680e-node17-1 Creating 
 Container rggb07c7c680e-node10-1 Creating 
 Container rggb07c7c680e-node14-1 Creating 
 Container rggb07c7c680e-node11-1 Creating 
 Container rggb07c7c680e-node18-1 Creating 
 Container rggb07c7c680e-node7-1 Creating 
 Container rggb07c7c680e-node23-1 Created 
 Container rggb07c7c680e-node16-1 Created 
 Container rggb07c7c680e-node11-1 Created 
 Container rggb07c7c680e-node6-1 Created 
 Container rggb07c7c680e-node13-1 Created 
 Container rggb07c7c680e-node2-1 Created 
 Container rggb07c7c680e-node17-1 Created 
 Container rggb07c7c680e-node20-1 Created 
 Container rggb07c7c680e-node10-1 Created 
 Container rggb07c7c680e-node0-1 Created 
 Container rggb07c7c680e-node14-1 Created 
 Container rggb07c7c680e-node9-1 Created 
 Container rggb07c7c680e-node18-1 Created 
 Container rggb07c7c680e-node19-1 Created 
 Container rggb07c7c680e-node7-1 Created 
 Container rggb07c7c680e-node1-1 Created 
 Container rggb07c7c680e-node8-1 Created 
 Container rggb07c7c680e-node3-1 Created 
 Container rggb07c7c680e-node4-1 Created 
 Container rggb07c7c680e-node15-1 Created 
 Container rggb07c7c680e-node22-1 Created 
 Container rggb07c7c680e-node5-1 Created 
 Container rggb07c7c680e-node12-1 Created 
 Container rggb07c7c680e-node21-1 Created 
 Container rggb07c7c680e-driver-1 Creating 
 Container rggb07c7c680e-driver-1 Created 
 Container rggb07c7c680e-collector-1 Starting 
 Container rggb07c7c680e-collector-1 Started 
 Container rggb07c7c680e-node9-1 Starting 
 Container rggb07c7c680e-node23-1 Starting 
 Container rggb07c7c680e-node15-1 Starting 
 Container rggb07c7c680e-node12-1 Starting 
 Container rggb07c7c680e-node22-1 Starting 
 Container rggb07c7c680e-node0-1 Starting 
 Container rggb07c7c680e-node4-1 Starting 
 Container rggb07c7c680e-node1-1 Starting 
 Container rggb07c7c680e-node10-1 Starting 
 Container rggb07c7c680e-node5-1 Starting 
 Container rggb07c7c680e-node17-1 Starting 
 Container rggb07c7c680e-node3-1 Starting 
 Container rggb07c7c680e-node18-1 Starting 
 Container rggb07c7c680e-node6-1 Starting 
 Container rggb07c7c680e-node20-1 Starting 
 Container rggb07c7c680e-node21-1 Starting 
 Container rggb07c7c680e-node14-1 Starting 
 Container rggb07c7c680e-node13-1 Starting 
 Container rggb07c7c680e-node11-1 Starting 
 Container rggb07c7c680e-node16-1 Starting 
 Container rggb07c7c680e-node7-1 Starting 
 Container rggb07c7c680e-node2-1 Starting 
 Container rggb07c7c680e-node8-1 Starting 
 Container rggb07c7c680e-node19-1 Starting 
 Container rggb07c7c680e-node12-1 Started 
 Container rggb07c7c680e-node13-1 Started 
 Container rggb07c7c680e-node1-1 Started 
 Container rggb07c7c680e-node11-1 Started 
 Container rggb07c7c680e-node0-1 Started 
 Container rggb07c7c680e-node20-1 Started 
 Container rggb07c7c680e-node21-1 Started 
 Container rggb07c7c680e-node6-1 Started 
 Container rggb07c7c680e-node23-1 Started 
 Container rggb07c7c680e-node19-1 Started 
 Container rggb07c7c680e-node9-1 Started 
 Container rggb07c7c680e-node4-1 Started 
 Container rggb07c7c680e-node17-1 Started 
 Container rggb07c7c680e-node5-1 Started 
 Container rggb07c7c680e-node22-1 Started 
 Container rggb07c7c680e-node2-1 Started 
 Container rggb07c7c680e-node15-1 Started 
 Container rggb07c7c680e-node3-1 Started 
 Container rggb07c7c680e-node18-1 Started 
 Container rggb07c7c680e-node7-1 Started 
 Container rggb07c7c680e-node14-1 Started 
 Container rggb07c7c680e-node8-1 Started 
 Container rggb07c7c680e-node10-1 Started 
 Container rggb07c7c680e-node16-1 Started 
 Container rggb07c7c680e-driver-1 Starting 
 Container rggb07c7c680e-driver-1 Started 
0
