 Network rggdb35d9ec4d_default Creating 
 Network rggdb35d9ec4d_default Created 
 Container rggdb35d9ec4d-collector-1 Creating 
 Container rggdb35d9ec4d-collector-1 Created 
 Container rggdb35d9ec4d-node1-1 Creating 
 Container rggdb35d9ec4d-node14-1 Creating 
 Container rggdb35d9ec4d-node6-1 Creating 
 Container rggdb35d9ec4d-node7-1 Creating 
 Container rggdb35d9ec4d-node15-1 Creating 
 Container rggdb35d9ec4d-node11-1 Creating 
 Container rggdb35d9ec4d-node13-1 Creating 
 Container rggdb35d9ec4d-node4-1 Creating 
 Container rggdb35d9ec4d-node2-1 Creating 
 Container rggdb35d9ec4d-node0-1 Creating 
 Container rggdb35d9ec4d-node9-1 Creating 
 Container rggdb35d9ec4d-node5-1 Creating 
 Container rggdb35d9ec4d-node10-1 Creating 
 Container rggdb35d9ec4d-node12-1 Creating 
 Container rggdb35d9ec4d-node3-1 Creating 
 Container rggdb35d9ec4d-node8-1 Creating 
 Container rggdb35d9ec4d-node1-1 Created 
 Container rggdb35d9ec4d-node0-1 Created 
 Container rggdb35d9ec4d-node13-1 Created 
 Container rggdb35d9ec4d-node8-1 Created 
 Container rggdb35d9ec4d-node4-1 Created 
 Container rggdb35d9ec4d-node5-1 Created 
 Container rggdb35d9ec4d-node14-1 Created 
 Container rggdb35d9ec4d-node3-1 Created 
 Container rggdb35d9ec4d-node7-1 Created 
 Container rggdb35d9ec4d-node10-1 Created 
 Container rggdb35d9ec4d-node15-1 Created 
 Container rggdb35d9ec4d-node9-1 Created 
 Container rggdb35d9ec4d-node6-1 Created 
 Container rggdb35d9ec4d-node11-1 Created 
 Container rggdb35d9ec4d-node2-1 Created 
 Container rggdb35d9ec4d-node12-1 Created 
 Container rggdb35d9ec4d-collector-1 Starting 
 Container rggdb35d9ec4d-collector-1 Started 
 Container rggdb35d9ec4d-node6-1 Starting 
 Container rggdb35d9ec4d-node11-1 Starting 
 Container rggdb35d9ec4d-node0-1 Starting 
 Container rggdb35d9ec4d-node5-1 Starting 
 Container rggdb35d9ec4d-node10-1 Starting 
 Container rggdb35d9ec4d-node8-1 Starting 
 Container rggdb35d9ec4d-node3-1 Starting 
 Container rggdb35d9ec4d-node4-1 Starting 
 Container rggdb35d9ec4d-node15-1 Starting 
 Container rggdb35d9ec4d-node2-1 Starting 
 Container rggdb35d9ec4d-node1-1 Starting 
 Container rggdb35d9ec4d-node9-1 Starting 
 Container rggdb35d9ec4d-node7-1 Starting 
 Container rggdb35d9ec4d-node14-1 Starting 
 Container rggdb35d9ec4d-node13-1 Starting 
 Container rggdb35d9ec4d-node12-1 Starting 
 Container rggdb35d9ec4d-node6-1 Started 
 Container rggdb35d9ec4d-node9-1 Started 
 Container rggdb35d9ec4d-node5-1 Started 
 Container rggdb35d9ec4d-node0-1 Started 
 Container rggdb35d9ec4d-node11-1 Started 
 Container rggdb35d9ec4d-node2-1 Started 
 Container rggdb35d9ec4d-node4-1 Started 
 Container rggdb35d9ec4d-node13-1 Started 
 Container rggdb35d9ec4d-node1-1 Started 
 Container rggdb35d9ec4d-node8-1 Started 
 Container rggdb35d9ec4d-node12-1 Started 
 Container rggdb35d9ec4d-node3-1 Started 
 Container rggdb35d9ec4d-node15-1 Started 
 Container rggdb35d9ec4d-node14-1 Started 
 Container rggdb35d9ec4d-node10-1 Started 
 Container rggdb35d9ec4d-node7-1 Started 
NETEM_APPLIED node0 iface=eth0: qdisc netem 8721: root refcnt 17 limit 1000 delay 50ms  10ms seed 8621184446371240303
NETEM_APPLIED node1 iface=eth0: qdisc netem 8722: root refcnt 17 limit 1000 delay 50ms  10ms seed 9674207276550707184
NETEM_APPLIED node2 iface=eth0: qdisc netem 8723: root refcnt 17 limit 1000 delay 50ms  10ms seed 5690858455053873010
NETEM_APPLIED node3 iface=eth0: qdisc netem 8724: root refcnt 17 limit 1000 delay 50ms  10ms seed 3050403175675874792
NETEM_APPLIED node4 iface=eth0: qdisc netem 8725: root refcnt 17 limit 1000 delay 50ms  10ms seed 3479902465124711385
NETEM_APPLIED node5 iface=eth0: qdisc netem 8726: root refcnt 17 limit 1000 delay 50ms  10ms seed 13103672357402743714
NETEM_APPLIED node6 iface=eth0: qdisc netem 8727: root refcnt 17 limit 1000 delay 50ms  10ms seed 8721186848024477229
NETEM_APPLIED node7 iface=eth0: qdisc netem 8728: root refcnt 17 limit 1000 delay 50ms  10ms seed 2372180654868042624
NETEM_APPLIED node8 iface=eth0: qdisc netem 8729: root refcnt 17 limit 1000 delay 50ms  10ms seed 13054176751400087696
NETEM_APPLIED node9 iface=eth0: qdisc netem 872a: root refcnt 17 limit 1000 delay 50ms  10ms seed 16633961752164322683
NETEM_APPLIED node10 iface=eth0: qdisc netem 872b: root refcnt 17 limit 1000 delay 50ms  10ms seed 12317411864389511983
NETEM_APPLIED node11 iface=eth0: qdisc netem 872c: root refcnt 17 limit 1000 delay 50ms  10ms seed 8277358367413623124
NETEM_APPLIED node12 iface=eth0: qdisc netem 872d: root refcnt 17 limit 1000 delay 50ms  10ms seed 6159901440132657631
NETEM_APPLIED node13 iface=eth0: qdisc netem 872e: root refcnt 17 limit 1000 delay 50ms  10ms seed 9101918225046869871
NETEM_APPLIED node14 iface=eth0: qdisc netem 872f: root refcnt 17 limit 1000 delay 50ms  10ms seed 10677486801409872281
NETEM_APPLIED node15 iface=eth0: qdisc netem 8730: root refcnt 17 limit 1000 delay 50ms  10ms seed 856860649985046877
NETEM_RTT_GATE OK: baseline=0.1ms actual=94.2ms increase=94.0ms
DRIVER_STARTED: 2026-07-15T06:59:28Z
0
QDSK_CLEANUP_FAIL node0: Command '['docker', 'exec', 'rggdb35d9ec4d-node0-1', 'sh', '-c', "ip -o -4 addr show scope global 2>/dev/null | head -1 | awk '{print $2}'"]' returned non-zero exit status 1.
QDSK_CLEANUP_FAIL node1: Command '['docker', 'exec', 'rggdb35d9ec4d-node1-1', 'sh', '-c', "ip -o -4 addr show scope global 2>/dev/null | head -1 | awk '{print $2}'"]' returned non-zero exit status 1.
QDSK_CLEANUP_FAIL node2: Command '['docker', 'exec', 'rggdb35d9ec4d-node2-1', 'sh', '-c', "ip -o -4 addr show scope global 2>/dev/null | head -1 | awk '{print $2}'"]' returned non-zero exit status 1.
QDSK_CLEANUP_FAIL node3: Command '['docker', 'exec', 'rggdb35d9ec4d-node3-1', 'sh', '-c', "ip -o -4 addr show scope global 2>/dev/null | head -1 | awk '{print $2}'"]' returned non-zero exit status 1.
QDSK_CLEANUP_FAIL node4: Command '['docker', 'exec', 'rggdb35d9ec4d-node4-1', 'sh', '-c', "ip -o -4 addr show scope global 2>/dev/null | head -1 | awk '{print $2}'"]' returned non-zero exit status 1.
QDSK_CLEANUP_FAIL node5: Command '['docker', 'exec', 'rggdb35d9ec4d-node5-1', 'sh', '-c', "ip -o -4 addr show scope global 2>/dev/null | head -1 | awk '{print $2}'"]' returned non-zero exit status 1.
QDSK_CLEANUP_FAIL node6: Command '['docker', 'exec', 'rggdb35d9ec4d-node6-1', 'sh', '-c', "ip -o -4 addr show scope global 2>/dev/null | head -1 | awk '{print $2}'"]' returned non-zero exit status 1.
QDSK_CLEANUP_FAIL node7: Command '['docker', 'exec', 'rggdb35d9ec4d-node7-1', 'sh', '-c', "ip -o -4 addr show scope global 2>/dev/null | head -1 | awk '{print $2}'"]' returned non-zero exit status 1.
QDSK_CLEANUP_FAIL node8: Command '['docker', 'exec', 'rggdb35d9ec4d-node8-1', 'sh', '-c', "ip -o -4 addr show scope global 2>/dev/null | head -1 | awk '{print $2}'"]' returned non-zero exit status 1.
QDSK_CLEANUP_FAIL node9: Command '['docker', 'exec', 'rggdb35d9ec4d-node9-1', 'sh', '-c', "ip -o -4 addr show scope global 2>/dev/null | head -1 | awk '{print $2}'"]' returned non-zero exit status 1.
QDSK_CLEANUP_FAIL node10: Command '['docker', 'exec', 'rggdb35d9ec4d-node10-1', 'sh', '-c', "ip -o -4 addr show scope global 2>/dev/null | head -1 | awk '{print $2}'"]' returned non-zero exit status 1.
QDSK_CLEANUP_FAIL node11: Command '['docker', 'exec', 'rggdb35d9ec4d-node11-1', 'sh', '-c', "ip -o -4 addr show scope global 2>/dev/null | head -1 | awk '{print $2}'"]' returned non-zero exit status 1.
QDSK_CLEANUP_FAIL node12: Command '['docker', 'exec', 'rggdb35d9ec4d-node12-1', 'sh', '-c', "ip -o -4 addr show scope global 2>/dev/null | head -1 | awk '{print $2}'"]' returned non-zero exit status 1.
QDSK_CLEANUP_FAIL node13: Command '['docker', 'exec', 'rggdb35d9ec4d-node13-1', 'sh', '-c', "ip -o -4 addr show scope global 2>/dev/null | head -1 | awk '{print $2}'"]' returned non-zero exit status 1.
QDSK_CLEANUP_FAIL node14: Command '['docker', 'exec', 'rggdb35d9ec4d-node14-1', 'sh', '-c', "ip -o -4 addr show scope global 2>/dev/null | head -1 | awk '{print $2}'"]' returned non-zero exit status 1.
QDSK_CLEANUP_FAIL node15: Command '['docker', 'exec', 'rggdb35d9ec4d-node15-1', 'sh', '-c', "ip -o -4 addr show scope global 2>/dev/null | head -1 | awk '{print $2}'"]' returned non-zero exit status 1.
