 Network rgg7cb22c9e0d_default Creating 
 Network rgg7cb22c9e0d_default Created 
 Container rgg7cb22c9e0d-collector-1 Creating 
 Container rgg7cb22c9e0d-collector-1 Created 
 Container rgg7cb22c9e0d-node17-1 Creating 
 Container rgg7cb22c9e0d-node18-1 Creating 
 Container rgg7cb22c9e0d-node13-1 Creating 
 Container rgg7cb22c9e0d-node5-1 Creating 
 Container rgg7cb22c9e0d-node14-1 Creating 
 Container rgg7cb22c9e0d-node7-1 Creating 
 Container rgg7cb22c9e0d-node4-1 Creating 
 Container rgg7cb22c9e0d-node11-1 Creating 
 Container rgg7cb22c9e0d-node6-1 Creating 
 Container rgg7cb22c9e0d-node2-1 Creating 
 Container rgg7cb22c9e0d-node0-1 Creating 
 Container rgg7cb22c9e0d-node16-1 Creating 
 Container rgg7cb22c9e0d-node10-1 Creating 
 Container rgg7cb22c9e0d-node23-1 Creating 
 Container rgg7cb22c9e0d-node21-1 Creating 
 Container rgg7cb22c9e0d-node15-1 Creating 
 Container rgg7cb22c9e0d-node1-1 Creating 
 Container rgg7cb22c9e0d-node8-1 Creating 
 Container rgg7cb22c9e0d-node19-1 Creating 
 Container rgg7cb22c9e0d-node12-1 Creating 
 Container rgg7cb22c9e0d-node20-1 Creating 
 Container rgg7cb22c9e0d-node9-1 Creating 
 Container rgg7cb22c9e0d-node22-1 Creating 
 Container rgg7cb22c9e0d-node3-1 Creating 
 Container rgg7cb22c9e0d-node13-1 Created 
 Container rgg7cb22c9e0d-node11-1 Created 
 Container rgg7cb22c9e0d-node4-1 Created 
 Container rgg7cb22c9e0d-node16-1 Created 
 Container rgg7cb22c9e0d-node2-1 Created 
 Container rgg7cb22c9e0d-node1-1 Created 
 Container rgg7cb22c9e0d-node14-1 Created 
 Container rgg7cb22c9e0d-node20-1 Created 
 Container rgg7cb22c9e0d-node19-1 Created 
 Container rgg7cb22c9e0d-node21-1 Created 
 Container rgg7cb22c9e0d-node15-1 Created 
 Container rgg7cb22c9e0d-node5-1 Created 
 Container rgg7cb22c9e0d-node22-1 Created 
 Container rgg7cb22c9e0d-node6-1 Created 
 Container rgg7cb22c9e0d-node23-1 Created 
 Container rgg7cb22c9e0d-node8-1 Created 
 Container rgg7cb22c9e0d-node3-1 Created 
 Container rgg7cb22c9e0d-node12-1 Created 
 Container rgg7cb22c9e0d-node0-1 Created 
 Container rgg7cb22c9e0d-node9-1 Created 
 Container rgg7cb22c9e0d-node18-1 Created 
 Container rgg7cb22c9e0d-node7-1 Created 
 Container rgg7cb22c9e0d-node17-1 Created 
 Container rgg7cb22c9e0d-node10-1 Created 
 Container rgg7cb22c9e0d-collector-1 Starting 
 Container rgg7cb22c9e0d-collector-1 Started 
 Container rgg7cb22c9e0d-node6-1 Starting 
 Container rgg7cb22c9e0d-node18-1 Starting 
 Container rgg7cb22c9e0d-node8-1 Starting 
 Container rgg7cb22c9e0d-node22-1 Starting 
 Container rgg7cb22c9e0d-node23-1 Starting 
 Container rgg7cb22c9e0d-node11-1 Starting 
 Container rgg7cb22c9e0d-node1-1 Starting 
 Container rgg7cb22c9e0d-node21-1 Starting 
 Container rgg7cb22c9e0d-node7-1 Starting 
 Container rgg7cb22c9e0d-node14-1 Starting 
 Container rgg7cb22c9e0d-node9-1 Starting 
 Container rgg7cb22c9e0d-node10-1 Starting 
 Container rgg7cb22c9e0d-node12-1 Starting 
 Container rgg7cb22c9e0d-node20-1 Starting 
 Container rgg7cb22c9e0d-node3-1 Starting 
 Container rgg7cb22c9e0d-node0-1 Starting 
 Container rgg7cb22c9e0d-node19-1 Starting 
 Container rgg7cb22c9e0d-node5-1 Starting 
 Container rgg7cb22c9e0d-node15-1 Starting 
 Container rgg7cb22c9e0d-node2-1 Starting 
 Container rgg7cb22c9e0d-node17-1 Starting 
 Container rgg7cb22c9e0d-node13-1 Starting 
 Container rgg7cb22c9e0d-node4-1 Starting 
 Container rgg7cb22c9e0d-node16-1 Starting 
 Container rgg7cb22c9e0d-node8-1 Started 
 Container rgg7cb22c9e0d-node22-1 Started 
 Container rgg7cb22c9e0d-node17-1 Started 
 Container rgg7cb22c9e0d-node1-1 Started 
 Container rgg7cb22c9e0d-node18-1 Started 
 Container rgg7cb22c9e0d-node3-1 Started 
 Container rgg7cb22c9e0d-node20-1 Started 
 Container rgg7cb22c9e0d-node19-1 Started 
 Container rgg7cb22c9e0d-node0-1 Started 
 Container rgg7cb22c9e0d-node14-1 Started 
 Container rgg7cb22c9e0d-node23-1 Started 
 Container rgg7cb22c9e0d-node16-1 Started 
 Container rgg7cb22c9e0d-node2-1 Started 
 Container rgg7cb22c9e0d-node11-1 Started 
 Container rgg7cb22c9e0d-node10-1 Started 
 Container rgg7cb22c9e0d-node6-1 Started 
 Container rgg7cb22c9e0d-node13-1 Started 
 Container rgg7cb22c9e0d-node12-1 Started 
 Container rgg7cb22c9e0d-node7-1 Started 
 Container rgg7cb22c9e0d-node4-1 Started 
 Container rgg7cb22c9e0d-node9-1 Started 
 Container rgg7cb22c9e0d-node15-1 Started 
 Container rgg7cb22c9e0d-node21-1 Started 
 Container rgg7cb22c9e0d-node5-1 Started 
NETEM_APPLIED node0 iface=eth0: qdisc netem 8919: root refcnt 17 limit 1000 delay 50ms  10ms seed 13941567105406883912
NETEM_APPLIED node1 iface=eth0: qdisc netem 891a: root refcnt 17 limit 1000 delay 50ms  10ms seed 16884635634233495605
NETEM_APPLIED node2 iface=eth0: qdisc netem 891b: root refcnt 17 limit 1000 delay 50ms  10ms seed 14445794713454702899
NETEM_APPLIED node3 iface=eth0: qdisc netem 891c: root refcnt 17 limit 1000 delay 50ms  10ms seed 10002184745169954340
NETEM_APPLIED node4 iface=eth0: qdisc netem 891d: root refcnt 17 limit 1000 delay 50ms  10ms seed 1493489599588727212
NETEM_APPLIED node5 iface=eth0: qdisc netem 891e: root refcnt 17 limit 1000 delay 50ms  10ms seed 17650659103479083509
NETEM_APPLIED node6 iface=eth0: qdisc netem 891f: root refcnt 17 limit 1000 delay 50ms  10ms seed 1528390713937240
NETEM_APPLIED node7 iface=eth0: qdisc netem 8920: root refcnt 17 limit 1000 delay 50ms  10ms seed 7205420113881511667
NETEM_APPLIED node8 iface=eth0: qdisc netem 8921: root refcnt 17 limit 1000 delay 50ms  10ms seed 10933795514883049227
NETEM_APPLIED node9 iface=eth0: qdisc netem 8922: root refcnt 17 limit 1000 delay 50ms  10ms seed 8734403321816635794
NETEM_APPLIED node10 iface=eth0: qdisc netem 8923: root refcnt 17 limit 1000 delay 50ms  10ms seed 17687423325008600657
NETEM_APPLIED node11 iface=eth0: qdisc netem 8924: root refcnt 17 limit 1000 delay 50ms  10ms seed 16319839950952882824
NETEM_APPLIED node12 iface=eth0: qdisc netem 8925: root refcnt 17 limit 1000 delay 50ms  10ms seed 18099950532955606530
NETEM_APPLIED node13 iface=eth0: qdisc netem 8926: root refcnt 17 limit 1000 delay 50ms  10ms seed 5461201571944962084
NETEM_APPLIED node14 iface=eth0: qdisc netem 8927: root refcnt 17 limit 1000 delay 50ms  10ms seed 82893356623804971
NETEM_APPLIED node15 iface=eth0: qdisc netem 8928: root refcnt 17 limit 1000 delay 50ms  10ms seed 17363887644524286647
NETEM_APPLIED node16 iface=eth0: qdisc netem 8929: root refcnt 17 limit 1000 delay 50ms  10ms seed 8610003555956075765
NETEM_APPLIED node17 iface=eth0: qdisc netem 892a: root refcnt 17 limit 1000 delay 50ms  10ms seed 10247641923411344235
NETEM_APPLIED node18 iface=eth0: qdisc netem 892b: root refcnt 17 limit 1000 delay 50ms  10ms seed 2443583607849189230
NETEM_APPLIED node19 iface=eth0: qdisc netem 892c: root refcnt 17 limit 1000 delay 50ms  10ms seed 12779750869118864178
NETEM_APPLIED node20 iface=eth0: qdisc netem 892d: root refcnt 17 limit 1000 delay 50ms  10ms seed 17612749808052443894
NETEM_APPLIED node21 iface=eth0: qdisc netem 892e: root refcnt 17 limit 1000 delay 50ms  10ms seed 2807297233151874539
NETEM_APPLIED node22 iface=eth0: qdisc netem 892f: root refcnt 17 limit 1000 delay 50ms  10ms seed 11893282132316242698
NETEM_APPLIED node23 iface=eth0: qdisc netem 8930: root refcnt 17 limit 1000 delay 50ms  10ms seed 14337448997299852400
NETEM_RTT_GATE OK: baseline=0.1ms actual=103.0ms increase=102.9ms
DRIVER_STARTED: 2026-07-15T07:47:52Z
0
QDSK_CLEANUP_FAIL node0: Command '['docker', 'exec', 'rgg7cb22c9e0d-node0-1', 'sh', '-c', "ip -o -4 addr show scope global 2>/dev/null | head -1 | awk '{print $2}'"]' returned non-zero exit status 1.
QDSK_CLEANUP_FAIL node1: Command '['docker', 'exec', 'rgg7cb22c9e0d-node1-1', 'sh', '-c', "ip -o -4 addr show scope global 2>/dev/null | head -1 | awk '{print $2}'"]' returned non-zero exit status 1.
QDSK_CLEANUP_FAIL node2: Command '['docker', 'exec', 'rgg7cb22c9e0d-node2-1', 'sh', '-c', "ip -o -4 addr show scope global 2>/dev/null | head -1 | awk '{print $2}'"]' returned non-zero exit status 1.
QDSK_CLEANUP_FAIL node3: Command '['docker', 'exec', 'rgg7cb22c9e0d-node3-1', 'sh', '-c', "ip -o -4 addr show scope global 2>/dev/null | head -1 | awk '{print $2}'"]' returned non-zero exit status 1.
QDSK_CLEANUP_FAIL node4: Command '['docker', 'exec', 'rgg7cb22c9e0d-node4-1', 'sh', '-c', "ip -o -4 addr show scope global 2>/dev/null | head -1 | awk '{print $2}'"]' returned non-zero exit status 1.
QDSK_CLEANUP_FAIL node5: Command '['docker', 'exec', 'rgg7cb22c9e0d-node5-1', 'sh', '-c', "ip -o -4 addr show scope global 2>/dev/null | head -1 | awk '{print $2}'"]' returned non-zero exit status 1.
QDSK_CLEANUP_FAIL node6: Command '['docker', 'exec', 'rgg7cb22c9e0d-node6-1', 'sh', '-c', "ip -o -4 addr show scope global 2>/dev/null | head -1 | awk '{print $2}'"]' returned non-zero exit status 1.
QDSK_CLEANUP_FAIL node7: Command '['docker', 'exec', 'rgg7cb22c9e0d-node7-1', 'sh', '-c', "ip -o -4 addr show scope global 2>/dev/null | head -1 | awk '{print $2}'"]' returned non-zero exit status 1.
QDSK_CLEANUP_FAIL node8: Command '['docker', 'exec', 'rgg7cb22c9e0d-node8-1', 'sh', '-c', "ip -o -4 addr show scope global 2>/dev/null | head -1 | awk '{print $2}'"]' returned non-zero exit status 1.
QDSK_CLEANUP_FAIL node9: Command '['docker', 'exec', 'rgg7cb22c9e0d-node9-1', 'sh', '-c', "ip -o -4 addr show scope global 2>/dev/null | head -1 | awk '{print $2}'"]' returned non-zero exit status 1.
QDSK_CLEANUP_FAIL node10: Command '['docker', 'exec', 'rgg7cb22c9e0d-node10-1', 'sh', '-c', "ip -o -4 addr show scope global 2>/dev/null | head -1 | awk '{print $2}'"]' returned non-zero exit status 1.
QDSK_CLEANUP_FAIL node11: Command '['docker', 'exec', 'rgg7cb22c9e0d-node11-1', 'sh', '-c', "ip -o -4 addr show scope global 2>/dev/null | head -1 | awk '{print $2}'"]' returned non-zero exit status 1.
QDSK_CLEANUP_FAIL node12: Command '['docker', 'exec', 'rgg7cb22c9e0d-node12-1', 'sh', '-c', "ip -o -4 addr show scope global 2>/dev/null | head -1 | awk '{print $2}'"]' returned non-zero exit status 1.
QDSK_CLEANUP_FAIL node13: Command '['docker', 'exec', 'rgg7cb22c9e0d-node13-1', 'sh', '-c', "ip -o -4 addr show scope global 2>/dev/null | head -1 | awk '{print $2}'"]' returned non-zero exit status 1.
QDSK_CLEANUP_FAIL node14: Command '['docker', 'exec', 'rgg7cb22c9e0d-node14-1', 'sh', '-c', "ip -o -4 addr show scope global 2>/dev/null | head -1 | awk '{print $2}'"]' returned non-zero exit status 1.
QDSK_CLEANUP_FAIL node15: Command '['docker', 'exec', 'rgg7cb22c9e0d-node15-1', 'sh', '-c', "ip -o -4 addr show scope global 2>/dev/null | head -1 | awk '{print $2}'"]' returned non-zero exit status 1.
QDSK_CLEANUP_FAIL node16: Command '['docker', 'exec', 'rgg7cb22c9e0d-node16-1', 'sh', '-c', "ip -o -4 addr show scope global 2>/dev/null | head -1 | awk '{print $2}'"]' returned non-zero exit status 1.
QDSK_CLEANUP_FAIL node17: Command '['docker', 'exec', 'rgg7cb22c9e0d-node17-1', 'sh', '-c', "ip -o -4 addr show scope global 2>/dev/null | head -1 | awk '{print $2}'"]' returned non-zero exit status 1.
QDSK_CLEANUP_FAIL node18: Command '['docker', 'exec', 'rgg7cb22c9e0d-node18-1', 'sh', '-c', "ip -o -4 addr show scope global 2>/dev/null | head -1 | awk '{print $2}'"]' returned non-zero exit status 1.
QDSK_CLEANUP_FAIL node19: Command '['docker', 'exec', 'rgg7cb22c9e0d-node19-1', 'sh', '-c', "ip -o -4 addr show scope global 2>/dev/null | head -1 | awk '{print $2}'"]' returned non-zero exit status 1.
QDSK_CLEANUP_FAIL node20: Command '['docker', 'exec', 'rgg7cb22c9e0d-node20-1', 'sh', '-c', "ip -o -4 addr show scope global 2>/dev/null | head -1 | awk '{print $2}'"]' returned non-zero exit status 1.
QDSK_CLEANUP_FAIL node21: Command '['docker', 'exec', 'rgg7cb22c9e0d-node21-1', 'sh', '-c', "ip -o -4 addr show scope global 2>/dev/null | head -1 | awk '{print $2}'"]' returned non-zero exit status 1.
QDSK_CLEANUP_FAIL node22: Command '['docker', 'exec', 'rgg7cb22c9e0d-node22-1', 'sh', '-c', "ip -o -4 addr show scope global 2>/dev/null | head -1 | awk '{print $2}'"]' returned non-zero exit status 1.
QDSK_CLEANUP_FAIL node23: Command '['docker', 'exec', 'rgg7cb22c9e0d-node23-1', 'sh', '-c', "ip -o -4 addr show scope global 2>/dev/null | head -1 | awk '{print $2}'"]' returned non-zero exit status 1.
