 Network rggbea5f736e4_default Creating 
 Network rggbea5f736e4_default Created 
 Container rggbea5f736e4-collector-1 Creating 
 Container rggbea5f736e4-collector-1 Created 
 Container rggbea5f736e4-node14-1 Creating 
 Container rggbea5f736e4-node16-1 Creating 
 Container rggbea5f736e4-node13-1 Creating 
 Container rggbea5f736e4-node12-1 Creating 
 Container rggbea5f736e4-node9-1 Creating 
 Container rggbea5f736e4-node10-1 Creating 
 Container rggbea5f736e4-node23-1 Creating 
 Container rggbea5f736e4-node15-1 Creating 
 Container rggbea5f736e4-node20-1 Creating 
 Container rggbea5f736e4-node6-1 Creating 
 Container rggbea5f736e4-node7-1 Creating 
 Container rggbea5f736e4-node5-1 Creating 
 Container rggbea5f736e4-node1-1 Creating 
 Container rggbea5f736e4-node19-1 Creating 
 Container rggbea5f736e4-node8-1 Creating 
 Container rggbea5f736e4-node3-1 Creating 
 Container rggbea5f736e4-node21-1 Creating 
 Container rggbea5f736e4-node22-1 Creating 
 Container rggbea5f736e4-node0-1 Creating 
 Container rggbea5f736e4-node11-1 Creating 
 Container rggbea5f736e4-node18-1 Creating 
 Container rggbea5f736e4-node2-1 Creating 
 Container rggbea5f736e4-node4-1 Creating 
 Container rggbea5f736e4-node17-1 Creating 
 Container rggbea5f736e4-node14-1 Created 
 Container rggbea5f736e4-node0-1 Created 
 Container rggbea5f736e4-node2-1 Created 
 Container rggbea5f736e4-node12-1 Created 
 Container rggbea5f736e4-node21-1 Created 
 Container rggbea5f736e4-node13-1 Created 
 Container rggbea5f736e4-node19-1 Created 
 Container rggbea5f736e4-node4-1 Created 
 Container rggbea5f736e4-node1-1 Created 
 Container rggbea5f736e4-node20-1 Created 
 Container rggbea5f736e4-node8-1 Created 
 Container rggbea5f736e4-node16-1 Created 
 Container rggbea5f736e4-node22-1 Created 
 Container rggbea5f736e4-node5-1 Created 
 Container rggbea5f736e4-node6-1 Created 
 Container rggbea5f736e4-node17-1 Created 
 Container rggbea5f736e4-node7-1 Created 
 Container rggbea5f736e4-node11-1 Created 
 Container rggbea5f736e4-node23-1 Created 
 Container rggbea5f736e4-node10-1 Created 
 Container rggbea5f736e4-node15-1 Created 
 Container rggbea5f736e4-node18-1 Created 
 Container rggbea5f736e4-node3-1 Created 
 Container rggbea5f736e4-node9-1 Created 
 Container rggbea5f736e4-driver-1 Creating 
 Container rggbea5f736e4-driver-1 Created 
 Container rggbea5f736e4-collector-1 Starting 
 Container rggbea5f736e4-collector-1 Started 
 Container rggbea5f736e4-node16-1 Starting 
 Container rggbea5f736e4-node18-1 Starting 
 Container rggbea5f736e4-node17-1 Starting 
 Container rggbea5f736e4-node21-1 Starting 
 Container rggbea5f736e4-node22-1 Starting 
 Container rggbea5f736e4-node12-1 Starting 
 Container rggbea5f736e4-node20-1 Starting 
 Container rggbea5f736e4-node7-1 Starting 
 Container rggbea5f736e4-node6-1 Starting 
 Container rggbea5f736e4-node8-1 Starting 
 Container rggbea5f736e4-node11-1 Starting 
 Container rggbea5f736e4-node23-1 Starting 
 Container rggbea5f736e4-node3-1 Starting 
 Container rggbea5f736e4-node4-1 Starting 
 Container rggbea5f736e4-node2-1 Starting 
 Container rggbea5f736e4-node1-1 Starting 
 Container rggbea5f736e4-node0-1 Starting 
 Container rggbea5f736e4-node9-1 Starting 
 Container rggbea5f736e4-node10-1 Starting 
 Container rggbea5f736e4-node5-1 Starting 
 Container rggbea5f736e4-node15-1 Starting 
 Container rggbea5f736e4-node13-1 Starting 
 Container rggbea5f736e4-node14-1 Starting 
 Container rggbea5f736e4-node19-1 Starting 
 Container rggbea5f736e4-node21-1 Started 
 Container rggbea5f736e4-node16-1 Started 
 Container rggbea5f736e4-node19-1 Started 
 Container rggbea5f736e4-node18-1 Started 
 Container rggbea5f736e4-node7-1 Started 
 Container rggbea5f736e4-node13-1 Started 
 Container rggbea5f736e4-node22-1 Started 
 Container rggbea5f736e4-node15-1 Started 
 Container rggbea5f736e4-node11-1 Started 
 Container rggbea5f736e4-node14-1 Started 
 Container rggbea5f736e4-node17-1 Started 
 Container rggbea5f736e4-node3-1 Started 
 Container rggbea5f736e4-node9-1 Started 
 Container rggbea5f736e4-node1-1 Started 
 Container rggbea5f736e4-node23-1 Started 
 Container rggbea5f736e4-node10-1 Started 
 Container rggbea5f736e4-node2-1 Started 
 Container rggbea5f736e4-node8-1 Started 
 Container rggbea5f736e4-node12-1 Started 
 Container rggbea5f736e4-node20-1 Started 
 Container rggbea5f736e4-node4-1 Started 
 Container rggbea5f736e4-node6-1 Started 
 Container rggbea5f736e4-node5-1 Started 
 Container rggbea5f736e4-node0-1 Started 
 Container rggbea5f736e4-driver-1 Starting 
 Container rggbea5f736e4-driver-1 Started 
0
