 Network rggfdbc372a82_default Creating 
 Network rggfdbc372a82_default Created 
 Container rggfdbc372a82-collector-1 Creating 
 Container rggfdbc372a82-collector-1 Created 
 Container rggfdbc372a82-node9-1 Creating 
 Container rggfdbc372a82-node3-1 Creating 
 Container rggfdbc372a82-node8-1 Creating 
 Container rggfdbc372a82-node0-1 Creating 
 Container rggfdbc372a82-node13-1 Creating 
 Container rggfdbc372a82-node12-1 Creating 
 Container rggfdbc372a82-node5-1 Creating 
 Container rggfdbc372a82-node1-1 Creating 
 Container rggfdbc372a82-node7-1 Creating 
 Container rggfdbc372a82-node15-1 Creating 
 Container rggfdbc372a82-node14-1 Creating 
 Container rggfdbc372a82-node2-1 Creating 
 Container rggfdbc372a82-node4-1 Creating 
 Container rggfdbc372a82-node10-1 Creating 
 Container rggfdbc372a82-node6-1 Creating 
 Container rggfdbc372a82-node11-1 Creating 
 Container rggfdbc372a82-node12-1 Created 
 Container rggfdbc372a82-node10-1 Created 
 Container rggfdbc372a82-node8-1 Created 
 Container rggfdbc372a82-node11-1 Created 
 Container rggfdbc372a82-node9-1 Created 
 Container rggfdbc372a82-node6-1 Created 
 Container rggfdbc372a82-node0-1 Created 
 Container rggfdbc372a82-node4-1 Created 
 Container rggfdbc372a82-node7-1 Created 
 Container rggfdbc372a82-node3-1 Created 
 Container rggfdbc372a82-node2-1 Created 
 Container rggfdbc372a82-node13-1 Created 
 Container rggfdbc372a82-node15-1 Created 
 Container rggfdbc372a82-node14-1 Created 
 Container rggfdbc372a82-node1-1 Created 
 Container rggfdbc372a82-node5-1 Created 
 Container rggfdbc372a82-collector-1 Starting 
 Container rggfdbc372a82-collector-1 Started 
 Container rggfdbc372a82-node9-1 Starting 
 Container rggfdbc372a82-node15-1 Starting 
 Container rggfdbc372a82-node7-1 Starting 
 Container rggfdbc372a82-node11-1 Starting 
 Container rggfdbc372a82-node0-1 Starting 
 Container rggfdbc372a82-node6-1 Starting 
 Container rggfdbc372a82-node12-1 Starting 
 Container rggfdbc372a82-node2-1 Starting 
 Container rggfdbc372a82-node1-1 Starting 
 Container rggfdbc372a82-node8-1 Starting 
 Container rggfdbc372a82-node14-1 Starting 
 Container rggfdbc372a82-node5-1 Starting 
 Container rggfdbc372a82-node10-1 Starting 
 Container rggfdbc372a82-node3-1 Starting 
 Container rggfdbc372a82-node13-1 Starting 
 Container rggfdbc372a82-node4-1 Starting 
 Container rggfdbc372a82-node15-1 Started 
 Container rggfdbc372a82-node11-1 Started 
 Container rggfdbc372a82-node3-1 Started 
 Container rggfdbc372a82-node10-1 Started 
 Container rggfdbc372a82-node9-1 Started 
 Container rggfdbc372a82-node1-1 Started 
 Container rggfdbc372a82-node12-1 Started 
 Container rggfdbc372a82-node0-1 Started 
 Container rggfdbc372a82-node13-1 Started 
 Container rggfdbc372a82-node4-1 Started 
 Container rggfdbc372a82-node14-1 Started 
 Container rggfdbc372a82-node2-1 Started 
 Container rggfdbc372a82-node8-1 Started 
 Container rggfdbc372a82-node5-1 Started 
 Container rggfdbc372a82-node6-1 Started 
 Container rggfdbc372a82-node7-1 Started 
NETEM_APPLIED node0 iface=eth0: qdisc netem 8371: root refcnt 17 limit 1000 delay 20ms  5ms seed 16154748139604196158
NETEM_APPLIED node1 iface=eth0: qdisc netem 8372: root refcnt 17 limit 1000 delay 20ms  5ms seed 668565212248399869
NETEM_APPLIED node2 iface=eth0: qdisc netem 8373: root refcnt 17 limit 1000 delay 20ms  5ms seed 17714666052459957277
NETEM_APPLIED node3 iface=eth0: qdisc netem 8374: root refcnt 17 limit 1000 delay 20ms  5ms seed 9468014779134342068
NETEM_APPLIED node4 iface=eth0: qdisc netem 8375: root refcnt 17 limit 1000 delay 20ms  5ms seed 7134246685930928712
NETEM_APPLIED node5 iface=eth0: qdisc netem 8376: root refcnt 17 limit 1000 delay 20ms  5ms seed 190984588585502420
NETEM_APPLIED node6 iface=eth0: qdisc netem 8377: root refcnt 17 limit 1000 delay 20ms  5ms seed 16716520690283483122
NETEM_APPLIED node7 iface=eth0: qdisc netem 8378: root refcnt 17 limit 1000 delay 20ms  5ms seed 5135515194183528278
NETEM_APPLIED node8 iface=eth0: qdisc netem 8379: root refcnt 17 limit 1000 delay 20ms  5ms seed 7140851742080686084
NETEM_APPLIED node9 iface=eth0: qdisc netem 837a: root refcnt 17 limit 1000 delay 20ms  5ms seed 13883059802113190863
NETEM_APPLIED node10 iface=eth0: qdisc netem 837b: root refcnt 17 limit 1000 delay 20ms  5ms seed 12735628894594110461
NETEM_APPLIED node11 iface=eth0: qdisc netem 837c: root refcnt 17 limit 1000 delay 20ms  5ms seed 12976660324457496214
NETEM_APPLIED node12 iface=eth0: qdisc netem 837d: root refcnt 17 limit 1000 delay 20ms  5ms seed 16787591712538750305
NETEM_APPLIED node13 iface=eth0: qdisc netem 837e: root refcnt 17 limit 1000 delay 20ms  5ms seed 8137929722687337847
NETEM_APPLIED node14 iface=eth0: qdisc netem 837f: root refcnt 17 limit 1000 delay 20ms  5ms seed 15776720691591960658
NETEM_APPLIED node15 iface=eth0: qdisc netem 8380: root refcnt 17 limit 1000 delay 20ms  5ms seed 5886831031880353696
NETEM_RTT_GATE OK: baseline=0.1ms actual=41.0ms increase=40.9ms
DRIVER_STARTED: 2026-07-15T05:53:03Z
0
QDSK_CLEANUP_FAIL node0: Command '['docker', 'exec', 'rggfdbc372a82-node0-1', 'sh', '-c', "ip -o -4 addr show scope global 2>/dev/null | head -1 | awk '{print $2}'"]' returned non-zero exit status 1.
QDSK_CLEANUP_FAIL node1: Command '['docker', 'exec', 'rggfdbc372a82-node1-1', 'sh', '-c', "ip -o -4 addr show scope global 2>/dev/null | head -1 | awk '{print $2}'"]' returned non-zero exit status 1.
QDSK_CLEANUP_FAIL node2: Command '['docker', 'exec', 'rggfdbc372a82-node2-1', 'sh', '-c', "ip -o -4 addr show scope global 2>/dev/null | head -1 | awk '{print $2}'"]' returned non-zero exit status 1.
QDSK_CLEANUP_FAIL node3: Command '['docker', 'exec', 'rggfdbc372a82-node3-1', 'sh', '-c', "ip -o -4 addr show scope global 2>/dev/null | head -1 | awk '{print $2}'"]' returned non-zero exit status 1.
QDSK_CLEANUP_FAIL node4: Command '['docker', 'exec', 'rggfdbc372a82-node4-1', 'sh', '-c', "ip -o -4 addr show scope global 2>/dev/null | head -1 | awk '{print $2}'"]' returned non-zero exit status 1.
QDSK_CLEANUP_FAIL node5: Command '['docker', 'exec', 'rggfdbc372a82-node5-1', 'sh', '-c', "ip -o -4 addr show scope global 2>/dev/null | head -1 | awk '{print $2}'"]' returned non-zero exit status 1.
QDSK_CLEANUP_FAIL node6: Command '['docker', 'exec', 'rggfdbc372a82-node6-1', 'sh', '-c', "ip -o -4 addr show scope global 2>/dev/null | head -1 | awk '{print $2}'"]' returned non-zero exit status 1.
QDSK_CLEANUP_FAIL node7: Command '['docker', 'exec', 'rggfdbc372a82-node7-1', 'sh', '-c', "ip -o -4 addr show scope global 2>/dev/null | head -1 | awk '{print $2}'"]' returned non-zero exit status 1.
QDSK_CLEANUP_FAIL node8: Command '['docker', 'exec', 'rggfdbc372a82-node8-1', 'sh', '-c', "ip -o -4 addr show scope global 2>/dev/null | head -1 | awk '{print $2}'"]' returned non-zero exit status 1.
QDSK_CLEANUP_FAIL node9: Command '['docker', 'exec', 'rggfdbc372a82-node9-1', 'sh', '-c', "ip -o -4 addr show scope global 2>/dev/null | head -1 | awk '{print $2}'"]' returned non-zero exit status 1.
QDSK_CLEANUP_FAIL node10: Command '['docker', 'exec', 'rggfdbc372a82-node10-1', 'sh', '-c', "ip -o -4 addr show scope global 2>/dev/null | head -1 | awk '{print $2}'"]' returned non-zero exit status 1.
QDSK_CLEANUP_FAIL node11: Command '['docker', 'exec', 'rggfdbc372a82-node11-1', 'sh', '-c', "ip -o -4 addr show scope global 2>/dev/null | head -1 | awk '{print $2}'"]' returned non-zero exit status 1.
QDSK_CLEANUP_FAIL node12: Command '['docker', 'exec', 'rggfdbc372a82-node12-1', 'sh', '-c', "ip -o -4 addr show scope global 2>/dev/null | head -1 | awk '{print $2}'"]' returned non-zero exit status 1.
QDSK_CLEANUP_FAIL node13: Command '['docker', 'exec', 'rggfdbc372a82-node13-1', 'sh', '-c', "ip -o -4 addr show scope global 2>/dev/null | head -1 | awk '{print $2}'"]' returned non-zero exit status 1.
QDSK_CLEANUP_FAIL node14: Command '['docker', 'exec', 'rggfdbc372a82-node14-1', 'sh', '-c', "ip -o -4 addr show scope global 2>/dev/null | head -1 | awk '{print $2}'"]' returned non-zero exit status 1.
QDSK_CLEANUP_FAIL node15: Command '['docker', 'exec', 'rggfdbc372a82-node15-1', 'sh', '-c', "ip -o -4 addr show scope global 2>/dev/null | head -1 | awk '{print $2}'"]' returned non-zero exit status 1.
