 Network rgg12eb130cff_default Creating 
 Network rgg12eb130cff_default Created 
 Container rgg12eb130cff-collector-1 Creating 
 Container rgg12eb130cff-collector-1 Created 
 Container rgg12eb130cff-node15-1 Creating 
 Container rgg12eb130cff-node10-1 Creating 
 Container rgg12eb130cff-node8-1 Creating 
 Container rgg12eb130cff-node12-1 Creating 
 Container rgg12eb130cff-node6-1 Creating 
 Container rgg12eb130cff-node11-1 Creating 
 Container rgg12eb130cff-node9-1 Creating 
 Container rgg12eb130cff-node3-1 Creating 
 Container rgg12eb130cff-node1-1 Creating 
 Container rgg12eb130cff-node4-1 Creating 
 Container rgg12eb130cff-node7-1 Creating 
 Container rgg12eb130cff-node14-1 Creating 
 Container rgg12eb130cff-node0-1 Creating 
 Container rgg12eb130cff-node2-1 Creating 
 Container rgg12eb130cff-node5-1 Creating 
 Container rgg12eb130cff-node13-1 Creating 
 Container rgg12eb130cff-node2-1 Created 
 Container rgg12eb130cff-node3-1 Created 
 Container rgg12eb130cff-node1-1 Created 
 Container rgg12eb130cff-node13-1 Created 
 Container rgg12eb130cff-node4-1 Created 
 Container rgg12eb130cff-node9-1 Created 
 Container rgg12eb130cff-node5-1 Created 
 Container rgg12eb130cff-node7-1 Created 
 Container rgg12eb130cff-node6-1 Created 
 Container rgg12eb130cff-node0-1 Created 
 Container rgg12eb130cff-node12-1 Created 
 Container rgg12eb130cff-node8-1 Created 
 Container rgg12eb130cff-node11-1 Created 
 Container rgg12eb130cff-node10-1 Created 
 Container rgg12eb130cff-node14-1 Created 
 Container rgg12eb130cff-node15-1 Created 
 Container rgg12eb130cff-collector-1 Starting 
 Container rgg12eb130cff-collector-1 Started 
 Container rgg12eb130cff-node0-1 Starting 
 Container rgg12eb130cff-node12-1 Starting 
 Container rgg12eb130cff-node2-1 Starting 
 Container rgg12eb130cff-node10-1 Starting 
 Container rgg12eb130cff-node4-1 Starting 
 Container rgg12eb130cff-node9-1 Starting 
 Container rgg12eb130cff-node15-1 Starting 
 Container rgg12eb130cff-node14-1 Starting 
 Container rgg12eb130cff-node13-1 Starting 
 Container rgg12eb130cff-node7-1 Starting 
 Container rgg12eb130cff-node5-1 Starting 
 Container rgg12eb130cff-node6-1 Starting 
 Container rgg12eb130cff-node11-1 Starting 
 Container rgg12eb130cff-node1-1 Starting 
 Container rgg12eb130cff-node8-1 Starting 
 Container rgg12eb130cff-node3-1 Starting 
 Container rgg12eb130cff-node12-1 Started 
 Container rgg12eb130cff-node5-1 Started 
 Container rgg12eb130cff-node2-1 Started 
 Container rgg12eb130cff-node6-1 Started 
 Container rgg12eb130cff-node0-1 Started 
 Container rgg12eb130cff-node15-1 Started 
 Container rgg12eb130cff-node1-1 Started 
 Container rgg12eb130cff-node3-1 Started 
 Container rgg12eb130cff-node7-1 Started 
 Container rgg12eb130cff-node14-1 Started 
 Container rgg12eb130cff-node13-1 Started 
 Container rgg12eb130cff-node11-1 Started 
 Container rgg12eb130cff-node9-1 Started 
 Container rgg12eb130cff-node8-1 Started 
 Container rgg12eb130cff-node10-1 Started 
 Container rgg12eb130cff-node4-1 Started 
READY_BARRIER: 15/16 node services ready
DRIVER_STARTED: 2026-07-26T22:33:26Z
0
