 Network rgg1c5611af6e_default Creating 
 Network rgg1c5611af6e_default Created 
 Container rgg1c5611af6e-collector-1 Creating 
 Container rgg1c5611af6e-collector-1 Created 
 Container rgg1c5611af6e-node13-1 Creating 
 Container rgg1c5611af6e-node14-1 Creating 
 Container rgg1c5611af6e-node2-1 Creating 
 Container rgg1c5611af6e-node11-1 Creating 
 Container rgg1c5611af6e-node8-1 Creating 
 Container rgg1c5611af6e-node1-1 Creating 
 Container rgg1c5611af6e-node4-1 Creating 
 Container rgg1c5611af6e-node3-1 Creating 
 Container rgg1c5611af6e-node9-1 Creating 
 Container rgg1c5611af6e-node12-1 Creating 
 Container rgg1c5611af6e-node5-1 Creating 
 Container rgg1c5611af6e-node15-1 Creating 
 Container rgg1c5611af6e-node6-1 Creating 
 Container rgg1c5611af6e-node7-1 Creating 
 Container rgg1c5611af6e-node10-1 Creating 
 Container rgg1c5611af6e-node0-1 Creating 
 Container rgg1c5611af6e-node2-1 Created 
 Container rgg1c5611af6e-node14-1 Created 
 Container rgg1c5611af6e-node10-1 Created 
 Container rgg1c5611af6e-node13-1 Created 
 Container rgg1c5611af6e-node0-1 Created 
 Container rgg1c5611af6e-node5-1 Created 
 Container rgg1c5611af6e-node7-1 Created 
 Container rgg1c5611af6e-node9-1 Created 
 Container rgg1c5611af6e-node4-1 Created 
 Container rgg1c5611af6e-node15-1 Created 
 Container rgg1c5611af6e-node12-1 Created 
 Container rgg1c5611af6e-node8-1 Created 
 Container rgg1c5611af6e-node1-1 Created 
 Container rgg1c5611af6e-node6-1 Created 
 Container rgg1c5611af6e-node3-1 Created 
 Container rgg1c5611af6e-node11-1 Created 
 Container rgg1c5611af6e-collector-1 Starting 
 Container rgg1c5611af6e-collector-1 Started 
 Container rgg1c5611af6e-node3-1 Starting 
 Container rgg1c5611af6e-node11-1 Starting 
 Container rgg1c5611af6e-node10-1 Starting 
 Container rgg1c5611af6e-node1-1 Starting 
 Container rgg1c5611af6e-node5-1 Starting 
 Container rgg1c5611af6e-node14-1 Starting 
 Container rgg1c5611af6e-node13-1 Starting 
 Container rgg1c5611af6e-node15-1 Starting 
 Container rgg1c5611af6e-node2-1 Starting 
 Container rgg1c5611af6e-node12-1 Starting 
 Container rgg1c5611af6e-node9-1 Starting 
 Container rgg1c5611af6e-node6-1 Starting 
 Container rgg1c5611af6e-node8-1 Starting 
 Container rgg1c5611af6e-node0-1 Starting 
 Container rgg1c5611af6e-node7-1 Starting 
 Container rgg1c5611af6e-node4-1 Starting 
 Container rgg1c5611af6e-node3-1 Started 
 Container rgg1c5611af6e-node11-1 Started 
 Container rgg1c5611af6e-node2-1 Started 
 Container rgg1c5611af6e-node10-1 Started 
 Container rgg1c5611af6e-node0-1 Started 
 Container rgg1c5611af6e-node12-1 Started 
 Container rgg1c5611af6e-node13-1 Started 
 Container rgg1c5611af6e-node14-1 Started 
 Container rgg1c5611af6e-node15-1 Started 
 Container rgg1c5611af6e-node8-1 Started 
 Container rgg1c5611af6e-node9-1 Started 
 Container rgg1c5611af6e-node1-1 Started 
 Container rgg1c5611af6e-node5-1 Started 
 Container rgg1c5611af6e-node4-1 Started 
 Container rgg1c5611af6e-node7-1 Started 
 Container rgg1c5611af6e-node6-1 Started 
DRIVER_STARTED: 2026-07-15T04:59:01Z
0
