 Network rggf531c69219_default Creating 
 Network rggf531c69219_default Created 
 Container rggf531c69219-collector-1 Creating 
 Container rggf531c69219-collector-1 Created 
 Container rggf531c69219-node6-1 Creating 
 Container rggf531c69219-node3-1 Creating 
 Container rggf531c69219-node8-1 Creating 
 Container rggf531c69219-node1-1 Creating 
 Container rggf531c69219-node7-1 Creating 
 Container rggf531c69219-node17-1 Creating 
 Container rggf531c69219-node21-1 Creating 
 Container rggf531c69219-node15-1 Creating 
 Container rggf531c69219-node12-1 Creating 
 Container rggf531c69219-node9-1 Creating 
 Container rggf531c69219-node14-1 Creating 
 Container rggf531c69219-node4-1 Creating 
 Container rggf531c69219-node5-1 Creating 
 Container rggf531c69219-node2-1 Creating 
 Container rggf531c69219-node23-1 Creating 
 Container rggf531c69219-node20-1 Creating 
 Container rggf531c69219-node16-1 Creating 
 Container rggf531c69219-node18-1 Creating 
 Container rggf531c69219-node10-1 Creating 
 Container rggf531c69219-node19-1 Creating 
 Container rggf531c69219-node22-1 Creating 
 Container rggf531c69219-node11-1 Creating 
 Container rggf531c69219-node0-1 Creating 
 Container rggf531c69219-node13-1 Creating 
 Container rggf531c69219-node17-1 Created 
 Container rggf531c69219-node12-1 Created 
 Container rggf531c69219-node15-1 Created 
 Container rggf531c69219-node4-1 Created 
 Container rggf531c69219-node18-1 Created 
 Container rggf531c69219-node3-1 Created 
 Container rggf531c69219-node13-1 Created 
 Container rggf531c69219-node7-1 Created 
 Container rggf531c69219-node22-1 Created 
 Container rggf531c69219-node2-1 Created 
 Container rggf531c69219-node0-1 Created 
 Container rggf531c69219-node20-1 Created 
 Container rggf531c69219-node21-1 Created 
 Container rggf531c69219-node9-1 Created 
 Container rggf531c69219-node5-1 Created 
 Container rggf531c69219-node1-1 Created 
 Container rggf531c69219-node23-1 Created 
 Container rggf531c69219-node6-1 Created 
 Container rggf531c69219-node16-1 Created 
 Container rggf531c69219-node14-1 Created 
 Container rggf531c69219-node8-1 Created 
 Container rggf531c69219-node10-1 Created 
 Container rggf531c69219-node19-1 Created 
 Container rggf531c69219-node11-1 Created 
 Container rggf531c69219-collector-1 Starting 
 Container rggf531c69219-collector-1 Started 
 Container rggf531c69219-node21-1 Starting 
 Container rggf531c69219-node18-1 Starting 
 Container rggf531c69219-node15-1 Starting 
 Container rggf531c69219-node13-1 Starting 
 Container rggf531c69219-node19-1 Starting 
 Container rggf531c69219-node10-1 Starting 
 Container rggf531c69219-node7-1 Starting 
 Container rggf531c69219-node22-1 Starting 
 Container rggf531c69219-node11-1 Starting 
 Container rggf531c69219-node17-1 Starting 
 Container rggf531c69219-node4-1 Starting 
 Container rggf531c69219-node3-1 Starting 
 Container rggf531c69219-node16-1 Starting 
 Container rggf531c69219-node9-1 Starting 
 Container rggf531c69219-node12-1 Starting 
 Container rggf531c69219-node6-1 Starting 
 Container rggf531c69219-node2-1 Starting 
 Container rggf531c69219-node8-1 Starting 
 Container rggf531c69219-node5-1 Starting 
 Container rggf531c69219-node0-1 Starting 
 Container rggf531c69219-node20-1 Starting 
 Container rggf531c69219-node14-1 Starting 
 Container rggf531c69219-node1-1 Starting 
 Container rggf531c69219-node23-1 Starting 
 Container rggf531c69219-node15-1 Started 
 Container rggf531c69219-node14-1 Started 
 Container rggf531c69219-node7-1 Started 
 Container rggf531c69219-node21-1 Started 
 Container rggf531c69219-node12-1 Started 
 Container rggf531c69219-node9-1 Started 
 Container rggf531c69219-node18-1 Started 
 Container rggf531c69219-node23-1 Started 
 Container rggf531c69219-node6-1 Started 
 Container rggf531c69219-node11-1 Started 
 Container rggf531c69219-node5-1 Started 
 Container rggf531c69219-node22-1 Started 
 Container rggf531c69219-node1-1 Started 
 Container rggf531c69219-node17-1 Started 
 Container rggf531c69219-node8-1 Started 
 Container rggf531c69219-node10-1 Started 
 Container rggf531c69219-node16-1 Started 
 Container rggf531c69219-node0-1 Started 
 Container rggf531c69219-node3-1 Started 
 Container rggf531c69219-node4-1 Started 
 Container rggf531c69219-node20-1 Started 
 Container rggf531c69219-node13-1 Started 
 Container rggf531c69219-node19-1 Started 
 Container rggf531c69219-node2-1 Started 
NETEM_APPLIED node0 iface=eth0: qdisc netem 8949: root refcnt 17 limit 1000 delay 50ms  10ms seed 7003512630728540679
NETEM_APPLIED node1 iface=eth0: qdisc netem 894a: root refcnt 17 limit 1000 delay 50ms  10ms seed 17004275060924225104
NETEM_APPLIED node2 iface=eth0: qdisc netem 894b: root refcnt 17 limit 1000 delay 50ms  10ms seed 16471617208745644409
NETEM_APPLIED node3 iface=eth0: qdisc netem 894c: root refcnt 17 limit 1000 delay 50ms  10ms seed 4218785709800869660
NETEM_APPLIED node4 iface=eth0: qdisc netem 894d: root refcnt 17 limit 1000 delay 50ms  10ms seed 7576038970853772312
NETEM_APPLIED node5 iface=eth0: qdisc netem 894e: root refcnt 17 limit 1000 delay 50ms  10ms seed 10906834984686308725
NETEM_APPLIED node6 iface=eth0: qdisc netem 894f: root refcnt 17 limit 1000 delay 50ms  10ms seed 12747000926236438963
NETEM_APPLIED node7 iface=eth0: qdisc netem 8950: root refcnt 17 limit 1000 delay 50ms  10ms seed 14899106181740640554
NETEM_APPLIED node8 iface=eth0: qdisc netem 8951: root refcnt 17 limit 1000 delay 50ms  10ms seed 2649079993082547332
NETEM_APPLIED node9 iface=eth0: qdisc netem 8952: root refcnt 17 limit 1000 delay 50ms  10ms seed 18175246913870118647
NETEM_APPLIED node10 iface=eth0: qdisc netem 8953: root refcnt 17 limit 1000 delay 50ms  10ms seed 3403135192978192888
NETEM_APPLIED node11 iface=eth0: qdisc netem 8954: root refcnt 17 limit 1000 delay 50ms  10ms seed 9060071465618215051
NETEM_APPLIED node12 iface=eth0: qdisc netem 8955: root refcnt 17 limit 1000 delay 50ms  10ms seed 13329498081858313323
NETEM_APPLIED node13 iface=eth0: qdisc netem 8956: root refcnt 17 limit 1000 delay 50ms  10ms seed 15918444264428497671
NETEM_APPLIED node14 iface=eth0: qdisc netem 8957: root refcnt 17 limit 1000 delay 50ms  10ms seed 14700240620048504315
NETEM_APPLIED node15 iface=eth0: qdisc netem 8958: root refcnt 17 limit 1000 delay 50ms  10ms seed 13783184412465874927
NETEM_APPLIED node16 iface=eth0: qdisc netem 8959: root refcnt 17 limit 1000 delay 50ms  10ms seed 5457640005267734938
NETEM_APPLIED node17 iface=eth0: qdisc netem 895a: root refcnt 17 limit 1000 delay 50ms  10ms seed 9960204776283530908
NETEM_APPLIED node18 iface=eth0: qdisc netem 895b: root refcnt 17 limit 1000 delay 50ms  10ms seed 10630782293555371116
NETEM_APPLIED node19 iface=eth0: qdisc netem 895c: root refcnt 17 limit 1000 delay 50ms  10ms seed 2680330972110181570
NETEM_APPLIED node20 iface=eth0: qdisc netem 895d: root refcnt 17 limit 1000 delay 50ms  10ms seed 14435653487770771169
NETEM_APPLIED node21 iface=eth0: qdisc netem 895e: root refcnt 17 limit 1000 delay 50ms  10ms seed 35492489133322921
NETEM_APPLIED node22 iface=eth0: qdisc netem 895f: root refcnt 17 limit 1000 delay 50ms  10ms seed 7927101511325288431
NETEM_APPLIED node23 iface=eth0: qdisc netem 8960: root refcnt 17 limit 1000 delay 50ms  10ms seed 3668887269717095716
NETEM_RTT_GATE OK: baseline=0.1ms actual=94.0ms increase=93.9ms
DRIVER_STARTED: 2026-07-15T07:52:40Z
0
QDSK_CLEANUP_FAIL node0: Command '['docker', 'exec', 'rggf531c69219-node0-1', 'sh', '-c', "ip -o -4 addr show scope global 2>/dev/null | head -1 | awk '{print $2}'"]' returned non-zero exit status 1.
QDSK_CLEANUP_FAIL node1: Command '['docker', 'exec', 'rggf531c69219-node1-1', 'sh', '-c', "ip -o -4 addr show scope global 2>/dev/null | head -1 | awk '{print $2}'"]' returned non-zero exit status 1.
QDSK_CLEANUP_FAIL node2: Command '['docker', 'exec', 'rggf531c69219-node2-1', 'sh', '-c', "ip -o -4 addr show scope global 2>/dev/null | head -1 | awk '{print $2}'"]' returned non-zero exit status 1.
QDSK_CLEANUP_FAIL node3: Command '['docker', 'exec', 'rggf531c69219-node3-1', 'sh', '-c', "ip -o -4 addr show scope global 2>/dev/null | head -1 | awk '{print $2}'"]' returned non-zero exit status 1.
QDSK_CLEANUP_FAIL node4: Command '['docker', 'exec', 'rggf531c69219-node4-1', 'sh', '-c', "ip -o -4 addr show scope global 2>/dev/null | head -1 | awk '{print $2}'"]' returned non-zero exit status 1.
QDSK_CLEANUP_FAIL node5: Command '['docker', 'exec', 'rggf531c69219-node5-1', 'sh', '-c', "ip -o -4 addr show scope global 2>/dev/null | head -1 | awk '{print $2}'"]' returned non-zero exit status 1.
QDSK_CLEANUP_FAIL node6: Command '['docker', 'exec', 'rggf531c69219-node6-1', 'sh', '-c', "ip -o -4 addr show scope global 2>/dev/null | head -1 | awk '{print $2}'"]' returned non-zero exit status 1.
QDSK_CLEANUP_FAIL node7: Command '['docker', 'exec', 'rggf531c69219-node7-1', 'sh', '-c', "ip -o -4 addr show scope global 2>/dev/null | head -1 | awk '{print $2}'"]' returned non-zero exit status 1.
QDSK_CLEANUP_FAIL node8: Command '['docker', 'exec', 'rggf531c69219-node8-1', 'sh', '-c', "ip -o -4 addr show scope global 2>/dev/null | head -1 | awk '{print $2}'"]' returned non-zero exit status 1.
QDSK_CLEANUP_FAIL node9: Command '['docker', 'exec', 'rggf531c69219-node9-1', 'sh', '-c', "ip -o -4 addr show scope global 2>/dev/null | head -1 | awk '{print $2}'"]' returned non-zero exit status 1.
QDSK_CLEANUP_FAIL node10: Command '['docker', 'exec', 'rggf531c69219-node10-1', 'sh', '-c', "ip -o -4 addr show scope global 2>/dev/null | head -1 | awk '{print $2}'"]' returned non-zero exit status 1.
QDSK_CLEANUP_FAIL node11: Command '['docker', 'exec', 'rggf531c69219-node11-1', 'sh', '-c', "ip -o -4 addr show scope global 2>/dev/null | head -1 | awk '{print $2}'"]' returned non-zero exit status 1.
QDSK_CLEANUP_FAIL node12: Command '['docker', 'exec', 'rggf531c69219-node12-1', 'sh', '-c', "ip -o -4 addr show scope global 2>/dev/null | head -1 | awk '{print $2}'"]' returned non-zero exit status 1.
QDSK_CLEANUP_FAIL node13: Command '['docker', 'exec', 'rggf531c69219-node13-1', 'sh', '-c', "ip -o -4 addr show scope global 2>/dev/null | head -1 | awk '{print $2}'"]' returned non-zero exit status 1.
QDSK_CLEANUP_FAIL node14: Command '['docker', 'exec', 'rggf531c69219-node14-1', 'sh', '-c', "ip -o -4 addr show scope global 2>/dev/null | head -1 | awk '{print $2}'"]' returned non-zero exit status 1.
QDSK_CLEANUP_FAIL node15: Command '['docker', 'exec', 'rggf531c69219-node15-1', 'sh', '-c', "ip -o -4 addr show scope global 2>/dev/null | head -1 | awk '{print $2}'"]' returned non-zero exit status 1.
QDSK_CLEANUP_FAIL node16: Command '['docker', 'exec', 'rggf531c69219-node16-1', 'sh', '-c', "ip -o -4 addr show scope global 2>/dev/null | head -1 | awk '{print $2}'"]' returned non-zero exit status 1.
QDSK_CLEANUP_FAIL node17: Command '['docker', 'exec', 'rggf531c69219-node17-1', 'sh', '-c', "ip -o -4 addr show scope global 2>/dev/null | head -1 | awk '{print $2}'"]' returned non-zero exit status 1.
QDSK_CLEANUP_FAIL node18: Command '['docker', 'exec', 'rggf531c69219-node18-1', 'sh', '-c', "ip -o -4 addr show scope global 2>/dev/null | head -1 | awk '{print $2}'"]' returned non-zero exit status 1.
QDSK_CLEANUP_FAIL node19: Command '['docker', 'exec', 'rggf531c69219-node19-1', 'sh', '-c', "ip -o -4 addr show scope global 2>/dev/null | head -1 | awk '{print $2}'"]' returned non-zero exit status 1.
QDSK_CLEANUP_FAIL node20: Command '['docker', 'exec', 'rggf531c69219-node20-1', 'sh', '-c', "ip -o -4 addr show scope global 2>/dev/null | head -1 | awk '{print $2}'"]' returned non-zero exit status 1.
QDSK_CLEANUP_FAIL node21: Command '['docker', 'exec', 'rggf531c69219-node21-1', 'sh', '-c', "ip -o -4 addr show scope global 2>/dev/null | head -1 | awk '{print $2}'"]' returned non-zero exit status 1.
QDSK_CLEANUP_FAIL node22: Command '['docker', 'exec', 'rggf531c69219-node22-1', 'sh', '-c', "ip -o -4 addr show scope global 2>/dev/null | head -1 | awk '{print $2}'"]' returned non-zero exit status 1.
QDSK_CLEANUP_FAIL node23: Command '['docker', 'exec', 'rggf531c69219-node23-1', 'sh', '-c', "ip -o -4 addr show scope global 2>/dev/null | head -1 | awk '{print $2}'"]' returned non-zero exit status 1.
