 Network rgg4887365b91_default Creating 
 Network rgg4887365b91_default Created 
 Container rgg4887365b91-collector-1 Creating 
 Container rgg4887365b91-collector-1 Created 
 Container rgg4887365b91-node17-1 Creating 
 Container rgg4887365b91-node3-1 Creating 
 Container rgg4887365b91-node4-1 Creating 
 Container rgg4887365b91-node10-1 Creating 
 Container rgg4887365b91-node19-1 Creating 
 Container rgg4887365b91-node14-1 Creating 
 Container rgg4887365b91-node5-1 Creating 
 Container rgg4887365b91-node7-1 Creating 
 Container rgg4887365b91-node9-1 Creating 
 Container rgg4887365b91-node12-1 Creating 
 Container rgg4887365b91-node1-1 Creating 
 Container rgg4887365b91-node6-1 Creating 
 Container rgg4887365b91-node18-1 Creating 
 Container rgg4887365b91-node2-1 Creating 
 Container rgg4887365b91-node15-1 Creating 
 Container rgg4887365b91-node16-1 Creating 
 Container rgg4887365b91-node11-1 Creating 
 Container rgg4887365b91-node8-1 Creating 
 Container rgg4887365b91-node13-1 Creating 
 Container rgg4887365b91-node0-1 Creating 
 Container rgg4887365b91-node6-1 Created 
 Container rgg4887365b91-node12-1 Created 
 Container rgg4887365b91-node17-1 Created 
 Container rgg4887365b91-node1-1 Created 
 Container rgg4887365b91-node5-1 Created 
 Container rgg4887365b91-node18-1 Created 
 Container rgg4887365b91-node15-1 Created 
 Container rgg4887365b91-node19-1 Created 
 Container rgg4887365b91-node3-1 Created 
 Container rgg4887365b91-node0-1 Created 
 Container rgg4887365b91-node14-1 Created 
 Container rgg4887365b91-node11-1 Created 
 Container rgg4887365b91-node2-1 Created 
 Container rgg4887365b91-node16-1 Created 
 Container rgg4887365b91-node13-1 Created 
 Container rgg4887365b91-node10-1 Created 
 Container rgg4887365b91-node8-1 Created 
 Container rgg4887365b91-node4-1 Created 
 Container rgg4887365b91-node7-1 Created 
 Container rgg4887365b91-node9-1 Created 
 Container rgg4887365b91-driver-1 Creating 
 Container rgg4887365b91-driver-1 Created 
 Container rgg4887365b91-collector-1 Starting 
 Container rgg4887365b91-collector-1 Started 
 Container rgg4887365b91-node18-1 Starting 
 Container rgg4887365b91-node8-1 Starting 
 Container rgg4887365b91-node12-1 Starting 
 Container rgg4887365b91-node14-1 Starting 
 Container rgg4887365b91-node17-1 Starting 
 Container rgg4887365b91-node13-1 Starting 
 Container rgg4887365b91-node4-1 Starting 
 Container rgg4887365b91-node19-1 Starting 
 Container rgg4887365b91-node1-1 Starting 
 Container rgg4887365b91-node7-1 Starting 
 Container rgg4887365b91-node0-1 Starting 
 Container rgg4887365b91-node16-1 Starting 
 Container rgg4887365b91-node11-1 Starting 
 Container rgg4887365b91-node6-1 Starting 
 Container rgg4887365b91-node3-1 Starting 
 Container rgg4887365b91-node10-1 Starting 
 Container rgg4887365b91-node2-1 Starting 
 Container rgg4887365b91-node15-1 Starting 
 Container rgg4887365b91-node5-1 Starting 
 Container rgg4887365b91-node9-1 Starting 
 Container rgg4887365b91-node8-1 Started 
 Container rgg4887365b91-node9-1 Started 
 Container rgg4887365b91-node1-1 Started 
 Container rgg4887365b91-node5-1 Started 
 Container rgg4887365b91-node12-1 Started 
 Container rgg4887365b91-node0-1 Started 
 Container rgg4887365b91-node2-1 Started 
 Container rgg4887365b91-node3-1 Started 
 Container rgg4887365b91-node14-1 Started 
 Container rgg4887365b91-node11-1 Started 
 Container rgg4887365b91-node4-1 Started 
 Container rgg4887365b91-node6-1 Started 
 Container rgg4887365b91-node13-1 Started 
 Container rgg4887365b91-node18-1 Started 
 Container rgg4887365b91-node19-1 Started 
 Container rgg4887365b91-node15-1 Started 
 Container rgg4887365b91-node16-1 Started 
 Container rgg4887365b91-node7-1 Started 
 Container rgg4887365b91-node17-1 Started 
 Container rgg4887365b91-node10-1 Started 
 Container rgg4887365b91-driver-1 Starting 
 Container rgg4887365b91-driver-1 Started 
0
