 Network rgg33ace3cebb_default Creating 
 Network rgg33ace3cebb_default Created 
 Container rgg33ace3cebb-collector-1 Creating 
 Container rgg33ace3cebb-collector-1 Created 
 Container rgg33ace3cebb-node8-1 Creating 
 Container rgg33ace3cebb-node12-1 Creating 
 Container rgg33ace3cebb-node3-1 Creating 
 Container rgg33ace3cebb-node11-1 Creating 
 Container rgg33ace3cebb-node4-1 Creating 
 Container rgg33ace3cebb-node0-1 Creating 
 Container rgg33ace3cebb-node6-1 Creating 
 Container rgg33ace3cebb-node13-1 Creating 
 Container rgg33ace3cebb-node1-1 Creating 
 Container rgg33ace3cebb-node15-1 Creating 
 Container rgg33ace3cebb-node9-1 Creating 
 Container rgg33ace3cebb-node10-1 Creating 
 Container rgg33ace3cebb-node5-1 Creating 
 Container rgg33ace3cebb-node14-1 Creating 
 Container rgg33ace3cebb-node2-1 Creating 
 Container rgg33ace3cebb-node7-1 Creating 
 Container rgg33ace3cebb-node11-1 Created 
 Container rgg33ace3cebb-node12-1 Created 
 Container rgg33ace3cebb-node8-1 Created 
 Container rgg33ace3cebb-node0-1 Created 
 Container rgg33ace3cebb-node15-1 Created 
 Container rgg33ace3cebb-node1-1 Created 
 Container rgg33ace3cebb-node13-1 Created 
 Container rgg33ace3cebb-node3-1 Created 
 Container rgg33ace3cebb-node6-1 Created 
 Container rgg33ace3cebb-node14-1 Created 
 Container rgg33ace3cebb-node2-1 Created 
 Container rgg33ace3cebb-node9-1 Created 
 Container rgg33ace3cebb-node10-1 Created 
 Container rgg33ace3cebb-node5-1 Created 
 Container rgg33ace3cebb-node4-1 Created 
 Container rgg33ace3cebb-node7-1 Created 
 Container rgg33ace3cebb-collector-1 Starting 
 Container rgg33ace3cebb-collector-1 Started 
 Container rgg33ace3cebb-node13-1 Starting 
 Container rgg33ace3cebb-node12-1 Starting 
 Container rgg33ace3cebb-node6-1 Starting 
 Container rgg33ace3cebb-node2-1 Starting 
 Container rgg33ace3cebb-node15-1 Starting 
 Container rgg33ace3cebb-node5-1 Starting 
 Container rgg33ace3cebb-node14-1 Starting 
 Container rgg33ace3cebb-node11-1 Starting 
 Container rgg33ace3cebb-node10-1 Starting 
 Container rgg33ace3cebb-node1-1 Starting 
 Container rgg33ace3cebb-node7-1 Starting 
 Container rgg33ace3cebb-node3-1 Starting 
 Container rgg33ace3cebb-node8-1 Starting 
 Container rgg33ace3cebb-node9-1 Starting 
 Container rgg33ace3cebb-node4-1 Starting 
 Container rgg33ace3cebb-node0-1 Starting 
 Container rgg33ace3cebb-node15-1 Started 
 Container rgg33ace3cebb-node13-1 Started 
 Container rgg33ace3cebb-node5-1 Started 
 Container rgg33ace3cebb-node0-1 Started 
 Container rgg33ace3cebb-node7-1 Started 
 Container rgg33ace3cebb-node11-1 Started 
 Container rgg33ace3cebb-node12-1 Started 
 Container rgg33ace3cebb-node3-1 Started 
 Container rgg33ace3cebb-node9-1 Started 
 Container rgg33ace3cebb-node6-1 Started 
 Container rgg33ace3cebb-node14-1 Started 
 Container rgg33ace3cebb-node10-1 Started 
 Container rgg33ace3cebb-node2-1 Started 
 Container rgg33ace3cebb-node4-1 Started 
 Container rgg33ace3cebb-node8-1 Started 
 Container rgg33ace3cebb-node1-1 Started 
READY_BARRIER: 14/16 node services ready
DRIVER_STARTED: 2026-07-15T13:45:06Z
0
