 Network rgg67906842fa_default Creating 
 Network rgg67906842fa_default Created 
 Container rgg67906842fa-collector-1 Creating 
 Container rgg67906842fa-collector-1 Created 
 Container rgg67906842fa-node6-1 Creating 
 Container rgg67906842fa-node12-1 Creating 
 Container rgg67906842fa-node14-1 Creating 
 Container rgg67906842fa-node17-1 Creating 
 Container rgg67906842fa-node16-1 Creating 
 Container rgg67906842fa-node5-1 Creating 
 Container rgg67906842fa-node10-1 Creating 
 Container rgg67906842fa-node13-1 Creating 
 Container rgg67906842fa-node19-1 Creating 
 Container rgg67906842fa-node11-1 Creating 
 Container rgg67906842fa-node3-1 Creating 
 Container rgg67906842fa-node21-1 Creating 
 Container rgg67906842fa-node20-1 Creating 
 Container rgg67906842fa-node1-1 Creating 
 Container rgg67906842fa-node15-1 Creating 
 Container rgg67906842fa-node0-1 Creating 
 Container rgg67906842fa-node18-1 Creating 
 Container rgg67906842fa-node2-1 Creating 
 Container rgg67906842fa-node4-1 Creating 
 Container rgg67906842fa-node23-1 Creating 
 Container rgg67906842fa-node7-1 Creating 
 Container rgg67906842fa-node9-1 Creating 
 Container rgg67906842fa-node22-1 Creating 
 Container rgg67906842fa-node8-1 Creating 
 Container rgg67906842fa-node6-1 Created 
 Container rgg67906842fa-node14-1 Created 
 Container rgg67906842fa-node12-1 Created 
 Container rgg67906842fa-node7-1 Created 
 Container rgg67906842fa-node10-1 Created 
 Container rgg67906842fa-node17-1 Created 
 Container rgg67906842fa-node8-1 Created 
 Container rgg67906842fa-node22-1 Created 
 Container rgg67906842fa-node20-1 Created 
 Container rgg67906842fa-node1-1 Created 
 Container rgg67906842fa-node2-1 Created 
 Container rgg67906842fa-node21-1 Created 
 Container rgg67906842fa-node15-1 Created 
 Container rgg67906842fa-node5-1 Created 
 Container rgg67906842fa-node9-1 Created 
 Container rgg67906842fa-node13-1 Created 
 Container rgg67906842fa-node3-1 Created 
 Container rgg67906842fa-node23-1 Created 
 Container rgg67906842fa-node16-1 Created 
 Container rgg67906842fa-node18-1 Created 
 Container rgg67906842fa-node19-1 Created 
 Container rgg67906842fa-node0-1 Created 
 Container rgg67906842fa-node11-1 Created 
 Container rgg67906842fa-node4-1 Created 
 Container rgg67906842fa-collector-1 Starting 
 Container rgg67906842fa-collector-1 Started 
 Container rgg67906842fa-node10-1 Starting 
 Container rgg67906842fa-node19-1 Starting 
 Container rgg67906842fa-node11-1 Starting 
 Container rgg67906842fa-node9-1 Starting 
 Container rgg67906842fa-node17-1 Starting 
 Container rgg67906842fa-node3-1 Starting 
 Container rgg67906842fa-node6-1 Starting 
 Container rgg67906842fa-node7-1 Starting 
 Container rgg67906842fa-node0-1 Starting 
 Container rgg67906842fa-node14-1 Starting 
 Container rgg67906842fa-node12-1 Starting 
 Container rgg67906842fa-node21-1 Starting 
 Container rgg67906842fa-node18-1 Starting 
 Container rgg67906842fa-node20-1 Starting 
 Container rgg67906842fa-node23-1 Starting 
 Container rgg67906842fa-node22-1 Starting 
 Container rgg67906842fa-node13-1 Starting 
 Container rgg67906842fa-node15-1 Starting 
 Container rgg67906842fa-node1-1 Starting 
 Container rgg67906842fa-node16-1 Starting 
 Container rgg67906842fa-node8-1 Starting 
 Container rgg67906842fa-node2-1 Starting 
 Container rgg67906842fa-node4-1 Starting 
 Container rgg67906842fa-node5-1 Starting 
 Container rgg67906842fa-node11-1 Started 
 Container rgg67906842fa-node19-1 Started 
 Container rgg67906842fa-node23-1 Started 
 Container rgg67906842fa-node7-1 Started 
 Container rgg67906842fa-node1-1 Started 
 Container rgg67906842fa-node8-1 Started 
 Container rgg67906842fa-node13-1 Started 
 Container rgg67906842fa-node9-1 Started 
 Container rgg67906842fa-node21-1 Started 
 Container rgg67906842fa-node5-1 Started 
 Container rgg67906842fa-node17-1 Started 
 Container rgg67906842fa-node0-1 Started 
 Container rgg67906842fa-node16-1 Started 
 Container rgg67906842fa-node12-1 Started 
 Container rgg67906842fa-node22-1 Started 
 Container rgg67906842fa-node15-1 Started 
 Container rgg67906842fa-node20-1 Started 
 Container rgg67906842fa-node18-1 Started 
 Container rgg67906842fa-node6-1 Started 
 Container rgg67906842fa-node3-1 Started 
 Container rgg67906842fa-node4-1 Started 
 Container rgg67906842fa-node14-1 Started 
 Container rgg67906842fa-node10-1 Started 
 Container rgg67906842fa-node2-1 Started 
NETEM_APPLIED node0 iface=eth0: qdisc netem 8829: root refcnt 17 limit 1000 delay 50ms  10ms seed 8919337483992605589
NETEM_APPLIED node1 iface=eth0: qdisc netem 882a: root refcnt 17 limit 1000 delay 50ms  10ms seed 1387746788126583625
NETEM_APPLIED node2 iface=eth0: qdisc netem 882b: root refcnt 17 limit 1000 delay 50ms  10ms seed 1543105125793194643
NETEM_APPLIED node3 iface=eth0: qdisc netem 882c: root refcnt 17 limit 1000 delay 50ms  10ms seed 10900999987663219057
NETEM_APPLIED node4 iface=eth0: qdisc netem 882d: root refcnt 17 limit 1000 delay 50ms  10ms seed 10046575677541919966
NETEM_APPLIED node5 iface=eth0: qdisc netem 882e: root refcnt 17 limit 1000 delay 50ms  10ms seed 5308331548527970225
NETEM_APPLIED node6 iface=eth0: qdisc netem 882f: root refcnt 17 limit 1000 delay 50ms  10ms seed 1726091572505222248
NETEM_APPLIED node7 iface=eth0: qdisc netem 8830: root refcnt 17 limit 1000 delay 50ms  10ms seed 572939027795796131
NETEM_APPLIED node8 iface=eth0: qdisc netem 8831: root refcnt 17 limit 1000 delay 50ms  10ms seed 11937258493650718723
NETEM_APPLIED node9 iface=eth0: qdisc netem 8832: root refcnt 17 limit 1000 delay 50ms  10ms seed 3025308149576704374
NETEM_APPLIED node10 iface=eth0: qdisc netem 8833: root refcnt 17 limit 1000 delay 50ms  10ms seed 6645559919664437485
NETEM_APPLIED node11 iface=eth0: qdisc netem 8834: root refcnt 17 limit 1000 delay 50ms  10ms seed 3159734417312888182
NETEM_APPLIED node12 iface=eth0: qdisc netem 8835: root refcnt 17 limit 1000 delay 50ms  10ms seed 16007663388614729187
NETEM_APPLIED node13 iface=eth0: qdisc netem 8836: root refcnt 17 limit 1000 delay 50ms  10ms seed 1546541655401354507
NETEM_APPLIED node14 iface=eth0: qdisc netem 8837: root refcnt 17 limit 1000 delay 50ms  10ms seed 7197314197890455511
NETEM_APPLIED node15 iface=eth0: qdisc netem 8838: root refcnt 17 limit 1000 delay 50ms  10ms seed 9336896778373952600
NETEM_APPLIED node16 iface=eth0: qdisc netem 8839: root refcnt 17 limit 1000 delay 50ms  10ms seed 18222279712853275106
NETEM_APPLIED node17 iface=eth0: qdisc netem 883a: root refcnt 17 limit 1000 delay 50ms  10ms seed 11874525036340434570
NETEM_APPLIED node18 iface=eth0: qdisc netem 883b: root refcnt 17 limit 1000 delay 50ms  10ms seed 8305689503828023697
NETEM_APPLIED node19 iface=eth0: qdisc netem 883c: root refcnt 17 limit 1000 delay 50ms  10ms seed 6452156860964157499
NETEM_APPLIED node20 iface=eth0: qdisc netem 883d: root refcnt 17 limit 1000 delay 50ms  10ms seed 3998185580556372448
NETEM_APPLIED node21 iface=eth0: qdisc netem 883e: root refcnt 17 limit 1000 delay 50ms  10ms seed 14799208710801701239
NETEM_APPLIED node22 iface=eth0: qdisc netem 883f: root refcnt 17 limit 1000 delay 50ms  10ms seed 15193805301633414875
NETEM_APPLIED node23 iface=eth0: qdisc netem 8840: root refcnt 17 limit 1000 delay 50ms  10ms seed 389007652167444629
NETEM_RTT_GATE OK: baseline=0.1ms actual=104.0ms increase=103.8ms
DRIVER_STARTED: 2026-07-15T07:24:49Z
0
QDSK_CLEANUP_FAIL node0: Command '['docker', 'exec', 'rgg67906842fa-node0-1', 'sh', '-c', "ip -o -4 addr show scope global 2>/dev/null | head -1 | awk '{print $2}'"]' returned non-zero exit status 1.
QDSK_CLEANUP_FAIL node1: Command '['docker', 'exec', 'rgg67906842fa-node1-1', 'sh', '-c', "ip -o -4 addr show scope global 2>/dev/null | head -1 | awk '{print $2}'"]' returned non-zero exit status 1.
QDSK_CLEANUP_FAIL node2: Command '['docker', 'exec', 'rgg67906842fa-node2-1', 'sh', '-c', "ip -o -4 addr show scope global 2>/dev/null | head -1 | awk '{print $2}'"]' returned non-zero exit status 1.
QDSK_CLEANUP_FAIL node3: Command '['docker', 'exec', 'rgg67906842fa-node3-1', 'sh', '-c', "ip -o -4 addr show scope global 2>/dev/null | head -1 | awk '{print $2}'"]' returned non-zero exit status 1.
QDSK_CLEANUP_FAIL node4: Command '['docker', 'exec', 'rgg67906842fa-node4-1', 'sh', '-c', "ip -o -4 addr show scope global 2>/dev/null | head -1 | awk '{print $2}'"]' returned non-zero exit status 1.
QDSK_CLEANUP_FAIL node5: Command '['docker', 'exec', 'rgg67906842fa-node5-1', 'sh', '-c', "ip -o -4 addr show scope global 2>/dev/null | head -1 | awk '{print $2}'"]' returned non-zero exit status 1.
QDSK_CLEANUP_FAIL node6: Command '['docker', 'exec', 'rgg67906842fa-node6-1', 'sh', '-c', "ip -o -4 addr show scope global 2>/dev/null | head -1 | awk '{print $2}'"]' returned non-zero exit status 1.
QDSK_CLEANUP_FAIL node7: Command '['docker', 'exec', 'rgg67906842fa-node7-1', 'sh', '-c', "ip -o -4 addr show scope global 2>/dev/null | head -1 | awk '{print $2}'"]' returned non-zero exit status 1.
QDSK_CLEANUP_FAIL node8: Command '['docker', 'exec', 'rgg67906842fa-node8-1', 'sh', '-c', "ip -o -4 addr show scope global 2>/dev/null | head -1 | awk '{print $2}'"]' returned non-zero exit status 1.
QDSK_CLEANUP_FAIL node9: Command '['docker', 'exec', 'rgg67906842fa-node9-1', 'sh', '-c', "ip -o -4 addr show scope global 2>/dev/null | head -1 | awk '{print $2}'"]' returned non-zero exit status 1.
QDSK_CLEANUP_FAIL node10: Command '['docker', 'exec', 'rgg67906842fa-node10-1', 'sh', '-c', "ip -o -4 addr show scope global 2>/dev/null | head -1 | awk '{print $2}'"]' returned non-zero exit status 1.
QDSK_CLEANUP_FAIL node11: Command '['docker', 'exec', 'rgg67906842fa-node11-1', 'sh', '-c', "ip -o -4 addr show scope global 2>/dev/null | head -1 | awk '{print $2}'"]' returned non-zero exit status 1.
QDSK_CLEANUP_FAIL node12: Command '['docker', 'exec', 'rgg67906842fa-node12-1', 'sh', '-c', "ip -o -4 addr show scope global 2>/dev/null | head -1 | awk '{print $2}'"]' returned non-zero exit status 1.
QDSK_CLEANUP_FAIL node13: Command '['docker', 'exec', 'rgg67906842fa-node13-1', 'sh', '-c', "ip -o -4 addr show scope global 2>/dev/null | head -1 | awk '{print $2}'"]' returned non-zero exit status 1.
QDSK_CLEANUP_FAIL node14: Command '['docker', 'exec', 'rgg67906842fa-node14-1', 'sh', '-c', "ip -o -4 addr show scope global 2>/dev/null | head -1 | awk '{print $2}'"]' returned non-zero exit status 1.
QDSK_CLEANUP_FAIL node15: Command '['docker', 'exec', 'rgg67906842fa-node15-1', 'sh', '-c', "ip -o -4 addr show scope global 2>/dev/null | head -1 | awk '{print $2}'"]' returned non-zero exit status 1.
QDSK_CLEANUP_FAIL node16: Command '['docker', 'exec', 'rgg67906842fa-node16-1', 'sh', '-c', "ip -o -4 addr show scope global 2>/dev/null | head -1 | awk '{print $2}'"]' returned non-zero exit status 1.
QDSK_CLEANUP_FAIL node17: Command '['docker', 'exec', 'rgg67906842fa-node17-1', 'sh', '-c', "ip -o -4 addr show scope global 2>/dev/null | head -1 | awk '{print $2}'"]' returned non-zero exit status 1.
QDSK_CLEANUP_FAIL node18: Command '['docker', 'exec', 'rgg67906842fa-node18-1', 'sh', '-c', "ip -o -4 addr show scope global 2>/dev/null | head -1 | awk '{print $2}'"]' returned non-zero exit status 1.
QDSK_CLEANUP_FAIL node19: Command '['docker', 'exec', 'rgg67906842fa-node19-1', 'sh', '-c', "ip -o -4 addr show scope global 2>/dev/null | head -1 | awk '{print $2}'"]' returned non-zero exit status 1.
QDSK_CLEANUP_FAIL node20: Command '['docker', 'exec', 'rgg67906842fa-node20-1', 'sh', '-c', "ip -o -4 addr show scope global 2>/dev/null | head -1 | awk '{print $2}'"]' returned non-zero exit status 1.
QDSK_CLEANUP_FAIL node21: Command '['docker', 'exec', 'rgg67906842fa-node21-1', 'sh', '-c', "ip -o -4 addr show scope global 2>/dev/null | head -1 | awk '{print $2}'"]' returned non-zero exit status 1.
QDSK_CLEANUP_FAIL node22: Command '['docker', 'exec', 'rgg67906842fa-node22-1', 'sh', '-c', "ip -o -4 addr show scope global 2>/dev/null | head -1 | awk '{print $2}'"]' returned non-zero exit status 1.
QDSK_CLEANUP_FAIL node23: Command '['docker', 'exec', 'rgg67906842fa-node23-1', 'sh', '-c', "ip -o -4 addr show scope global 2>/dev/null | head -1 | awk '{print $2}'"]' returned non-zero exit status 1.
