 Network rggf0cad06a2a_default Creating 
 Network rggf0cad06a2a_default Created 
 Container rggf0cad06a2a-collector-1 Creating 
 Container rggf0cad06a2a-collector-1 Created 
 Container rggf0cad06a2a-node10-1 Creating 
 Container rggf0cad06a2a-node15-1 Creating 
 Container rggf0cad06a2a-node5-1 Creating 
 Container rggf0cad06a2a-node6-1 Creating 
 Container rggf0cad06a2a-node1-1 Creating 
 Container rggf0cad06a2a-node2-1 Creating 
 Container rggf0cad06a2a-node13-1 Creating 
 Container rggf0cad06a2a-node12-1 Creating 
 Container rggf0cad06a2a-node0-1 Creating 
 Container rggf0cad06a2a-node7-1 Creating 
 Container rggf0cad06a2a-node14-1 Creating 
 Container rggf0cad06a2a-node9-1 Creating 
 Container rggf0cad06a2a-node3-1 Creating 
 Container rggf0cad06a2a-node8-1 Creating 
 Container rggf0cad06a2a-node11-1 Creating 
 Container rggf0cad06a2a-node4-1 Creating 
 Container rggf0cad06a2a-node15-1 Created 
 Container rggf0cad06a2a-node0-1 Created 
 Container rggf0cad06a2a-node14-1 Created 
 Container rggf0cad06a2a-node4-1 Created 
 Container rggf0cad06a2a-node10-1 Created 
 Container rggf0cad06a2a-node6-1 Created 
 Container rggf0cad06a2a-node13-1 Created 
 Container rggf0cad06a2a-node7-1 Created 
 Container rggf0cad06a2a-node2-1 Created 
 Container rggf0cad06a2a-node9-1 Created 
 Container rggf0cad06a2a-node3-1 Created 
 Container rggf0cad06a2a-node5-1 Created 
 Container rggf0cad06a2a-node11-1 Created 
 Container rggf0cad06a2a-node8-1 Created 
 Container rggf0cad06a2a-node12-1 Created 
 Container rggf0cad06a2a-node1-1 Created 
 Container rggf0cad06a2a-driver-1 Creating 
 Container rggf0cad06a2a-driver-1 Created 
 Container rggf0cad06a2a-collector-1 Starting 
 Container rggf0cad06a2a-collector-1 Started 
 Container rggf0cad06a2a-node4-1 Starting 
 Container rggf0cad06a2a-node15-1 Starting 
 Container rggf0cad06a2a-node14-1 Starting 
 Container rggf0cad06a2a-node2-1 Starting 
 Container rggf0cad06a2a-node7-1 Starting 
 Container rggf0cad06a2a-node11-1 Starting 
 Container rggf0cad06a2a-node10-1 Starting 
 Container rggf0cad06a2a-node13-1 Starting 
 Container rggf0cad06a2a-node8-1 Starting 
 Container rggf0cad06a2a-node0-1 Starting 
 Container rggf0cad06a2a-node12-1 Starting 
 Container rggf0cad06a2a-node1-1 Starting 
 Container rggf0cad06a2a-node3-1 Starting 
 Container rggf0cad06a2a-node6-1 Starting 
 Container rggf0cad06a2a-node5-1 Starting 
 Container rggf0cad06a2a-node9-1 Starting 
 Container rggf0cad06a2a-node4-1 Started 
 Container rggf0cad06a2a-node10-1 Started 
 Container rggf0cad06a2a-node1-1 Started 
 Container rggf0cad06a2a-node15-1 Started 
 Container rggf0cad06a2a-node12-1 Started 
 Container rggf0cad06a2a-node9-1 Started 
 Container rggf0cad06a2a-node13-1 Started 
 Container rggf0cad06a2a-node14-1 Started 
 Container rggf0cad06a2a-node8-1 Started 
 Container rggf0cad06a2a-node11-1 Started 
 Container rggf0cad06a2a-node5-1 Started 
 Container rggf0cad06a2a-node6-1 Started 
 Container rggf0cad06a2a-node7-1 Started 
 Container rggf0cad06a2a-node2-1 Started 
 Container rggf0cad06a2a-node0-1 Started 
 Container rggf0cad06a2a-node3-1 Started 
 Container rggf0cad06a2a-driver-1 Starting 
 Container rggf0cad06a2a-driver-1 Started 
0
