 Network rgga69aaedfea_default Creating 
 Network rgga69aaedfea_default Created 
 Container rgga69aaedfea-collector-1 Creating 
 Container rgga69aaedfea-collector-1 Created 
 Container rgga69aaedfea-node12-1 Creating 
 Container rgga69aaedfea-node4-1 Creating 
 Container rgga69aaedfea-node8-1 Creating 
 Container rgga69aaedfea-node10-1 Creating 
 Container rgga69aaedfea-node6-1 Creating 
 Container rgga69aaedfea-node20-1 Creating 
 Container rgga69aaedfea-node7-1 Creating 
 Container rgga69aaedfea-node14-1 Creating 
 Container rgga69aaedfea-node3-1 Creating 
 Container rgga69aaedfea-node15-1 Creating 
 Container rgga69aaedfea-node5-1 Creating 
 Container rgga69aaedfea-node1-1 Creating 
 Container rgga69aaedfea-node23-1 Creating 
 Container rgga69aaedfea-node18-1 Creating 
 Container rgga69aaedfea-node21-1 Creating 
 Container rgga69aaedfea-node16-1 Creating 
 Container rgga69aaedfea-node17-1 Creating 
 Container rgga69aaedfea-node22-1 Creating 
 Container rgga69aaedfea-node19-1 Creating 
 Container rgga69aaedfea-node11-1 Creating 
 Container rgga69aaedfea-node13-1 Creating 
 Container rgga69aaedfea-node9-1 Creating 
 Container rgga69aaedfea-node2-1 Creating 
 Container rgga69aaedfea-node0-1 Creating 
 Container rgga69aaedfea-node18-1 Created 
 Container rgga69aaedfea-node19-1 Created 
 Container rgga69aaedfea-node6-1 Created 
 Container rgga69aaedfea-node15-1 Created 
 Container rgga69aaedfea-node23-1 Created 
 Container rgga69aaedfea-node4-1 Created 
 Container rgga69aaedfea-node2-1 Created 
 Container rgga69aaedfea-node22-1 Created 
 Container rgga69aaedfea-node7-1 Created 
 Container rgga69aaedfea-node17-1 Created 
 Container rgga69aaedfea-node5-1 Created 
 Container rgga69aaedfea-node20-1 Created 
 Container rgga69aaedfea-node0-1 Created 
 Container rgga69aaedfea-node11-1 Created 
 Container rgga69aaedfea-node12-1 Created 
 Container rgga69aaedfea-node1-1 Created 
 Container rgga69aaedfea-node16-1 Created 
 Container rgga69aaedfea-node8-1 Created 
 Container rgga69aaedfea-node9-1 Created 
 Container rgga69aaedfea-node10-1 Created 
 Container rgga69aaedfea-node13-1 Created 
 Container rgga69aaedfea-node21-1 Created 
 Container rgga69aaedfea-node3-1 Created 
 Container rgga69aaedfea-node14-1 Created 
 Container rgga69aaedfea-driver-1 Creating 
 Container rgga69aaedfea-driver-1 Created 
 Container rgga69aaedfea-collector-1 Starting 
 Container rgga69aaedfea-collector-1 Started 
 Container rgga69aaedfea-node8-1 Starting 
 Container rgga69aaedfea-node5-1 Starting 
 Container rgga69aaedfea-node2-1 Starting 
 Container rgga69aaedfea-node18-1 Starting 
 Container rgga69aaedfea-node16-1 Starting 
 Container rgga69aaedfea-node15-1 Starting 
 Container rgga69aaedfea-node1-1 Starting 
 Container rgga69aaedfea-node19-1 Starting 
 Container rgga69aaedfea-node23-1 Starting 
 Container rgga69aaedfea-node3-1 Starting 
 Container rgga69aaedfea-node14-1 Starting 
 Container rgga69aaedfea-node10-1 Starting 
 Container rgga69aaedfea-node0-1 Starting 
 Container rgga69aaedfea-node9-1 Starting 
 Container rgga69aaedfea-node6-1 Starting 
 Container rgga69aaedfea-node12-1 Starting 
 Container rgga69aaedfea-node22-1 Starting 
 Container rgga69aaedfea-node4-1 Starting 
 Container rgga69aaedfea-node21-1 Starting 
 Container rgga69aaedfea-node20-1 Starting 
 Container rgga69aaedfea-node13-1 Starting 
 Container rgga69aaedfea-node11-1 Starting 
 Container rgga69aaedfea-node17-1 Starting 
 Container rgga69aaedfea-node7-1 Starting 
 Container rgga69aaedfea-node15-1 Started 
 Container rgga69aaedfea-node14-1 Started 
 Container rgga69aaedfea-node23-1 Started 
 Container rgga69aaedfea-node5-1 Started 
 Container rgga69aaedfea-node8-1 Started 
 Container rgga69aaedfea-node0-1 Started 
 Container rgga69aaedfea-node22-1 Started 
 Container rgga69aaedfea-node10-1 Started 
 Container rgga69aaedfea-node21-1 Started 
 Container rgga69aaedfea-node11-1 Started 
 Container rgga69aaedfea-node16-1 Started 
 Container rgga69aaedfea-node3-1 Started 
 Container rgga69aaedfea-node1-1 Started 
 Container rgga69aaedfea-node17-1 Started 
 Container rgga69aaedfea-node9-1 Started 
 Container rgga69aaedfea-node12-1 Started 
 Container rgga69aaedfea-node2-1 Started 
 Container rgga69aaedfea-node18-1 Started 
 Container rgga69aaedfea-node19-1 Started 
 Container rgga69aaedfea-node4-1 Started 
 Container rgga69aaedfea-node20-1 Started 
 Container rgga69aaedfea-node6-1 Started 
 Container rgga69aaedfea-node7-1 Started 
 Container rgga69aaedfea-node13-1 Started 
 Container rgga69aaedfea-driver-1 Starting 
 Container rgga69aaedfea-driver-1 Started 
0
