 Network rgg70f897d1cc_default Creating 
 Network rgg70f897d1cc_default Created 
 Container rgg70f897d1cc-collector-1 Creating 
 Container rgg70f897d1cc-collector-1 Created 
 Container rgg70f897d1cc-node13-1 Creating 
 Container rgg70f897d1cc-node9-1 Creating 
 Container rgg70f897d1cc-node12-1 Creating 
 Container rgg70f897d1cc-node3-1 Creating 
 Container rgg70f897d1cc-node1-1 Creating 
 Container rgg70f897d1cc-node2-1 Creating 
 Container rgg70f897d1cc-node7-1 Creating 
 Container rgg70f897d1cc-node4-1 Creating 
 Container rgg70f897d1cc-node14-1 Creating 
 Container rgg70f897d1cc-node8-1 Creating 
 Container rgg70f897d1cc-node18-1 Creating 
 Container rgg70f897d1cc-node19-1 Creating 
 Container rgg70f897d1cc-node16-1 Creating 
 Container rgg70f897d1cc-node15-1 Creating 
 Container rgg70f897d1cc-node11-1 Creating 
 Container rgg70f897d1cc-node5-1 Creating 
 Container rgg70f897d1cc-node10-1 Creating 
 Container rgg70f897d1cc-node17-1 Creating 
 Container rgg70f897d1cc-node6-1 Creating 
 Container rgg70f897d1cc-node0-1 Creating 
 Container rgg70f897d1cc-node4-1 Created 
 Container rgg70f897d1cc-node13-1 Created 
 Container rgg70f897d1cc-node14-1 Created 
 Container rgg70f897d1cc-node19-1 Created 
 Container rgg70f897d1cc-node16-1 Created 
 Container rgg70f897d1cc-node9-1 Created 
 Container rgg70f897d1cc-node2-1 Created 
 Container rgg70f897d1cc-node0-1 Created 
 Container rgg70f897d1cc-node5-1 Created 
 Container rgg70f897d1cc-node6-1 Created 
 Container rgg70f897d1cc-node7-1 Created 
 Container rgg70f897d1cc-node3-1 Created 
 Container rgg70f897d1cc-node18-1 Created 
 Container rgg70f897d1cc-node10-1 Created 
 Container rgg70f897d1cc-node11-1 Created 
 Container rgg70f897d1cc-node15-1 Created 
 Container rgg70f897d1cc-node1-1 Created 
 Container rgg70f897d1cc-node8-1 Created 
 Container rgg70f897d1cc-node12-1 Created 
 Container rgg70f897d1cc-node17-1 Created 
 Container rgg70f897d1cc-driver-1 Creating 
 Container rgg70f897d1cc-driver-1 Created 
 Container rgg70f897d1cc-collector-1 Starting 
 Container rgg70f897d1cc-collector-1 Started 
 Container rgg70f897d1cc-node11-1 Starting 
 Container rgg70f897d1cc-node3-1 Starting 
 Container rgg70f897d1cc-node6-1 Starting 
 Container rgg70f897d1cc-node8-1 Starting 
 Container rgg70f897d1cc-node10-1 Starting 
 Container rgg70f897d1cc-node5-1 Starting 
 Container rgg70f897d1cc-node1-1 Starting 
 Container rgg70f897d1cc-node7-1 Starting 
 Container rgg70f897d1cc-node0-1 Starting 
 Container rgg70f897d1cc-node15-1 Starting 
 Container rgg70f897d1cc-node14-1 Starting 
 Container rgg70f897d1cc-node13-1 Starting 
 Container rgg70f897d1cc-node2-1 Starting 
 Container rgg70f897d1cc-node4-1 Starting 
 Container rgg70f897d1cc-node9-1 Starting 
 Container rgg70f897d1cc-node19-1 Starting 
 Container rgg70f897d1cc-node12-1 Starting 
 Container rgg70f897d1cc-node17-1 Starting 
 Container rgg70f897d1cc-node16-1 Starting 
 Container rgg70f897d1cc-node18-1 Starting 
 Container rgg70f897d1cc-node3-1 Started 
 Container rgg70f897d1cc-node15-1 Started 
 Container rgg70f897d1cc-node1-1 Started 
 Container rgg70f897d1cc-node17-1 Started 
 Container rgg70f897d1cc-node2-1 Started 
 Container rgg70f897d1cc-node8-1 Started 
 Container rgg70f897d1cc-node6-1 Started 
 Container rgg70f897d1cc-node11-1 Started 
 Container rgg70f897d1cc-node7-1 Started 
 Container rgg70f897d1cc-node16-1 Started 
 Container rgg70f897d1cc-node12-1 Started 
 Container rgg70f897d1cc-node19-1 Started 
 Container rgg70f897d1cc-node10-1 Started 
 Container rgg70f897d1cc-node14-1 Started 
 Container rgg70f897d1cc-node0-1 Started 
 Container rgg70f897d1cc-node4-1 Started 
 Container rgg70f897d1cc-node5-1 Started 
 Container rgg70f897d1cc-node13-1 Started 
 Container rgg70f897d1cc-node9-1 Started 
 Container rgg70f897d1cc-node18-1 Started 
 Container rgg70f897d1cc-driver-1 Starting 
 Container rgg70f897d1cc-driver-1 Started 
0
