 Network rgg485dd9dc23_default Creating 
 Network rgg485dd9dc23_default Created 
 Container rgg485dd9dc23-collector-1 Creating 
 Container rgg485dd9dc23-collector-1 Created 
 Container rgg485dd9dc23-node2-1 Creating 
 Container rgg485dd9dc23-node0-1 Creating 
 Container rgg485dd9dc23-node13-1 Creating 
 Container rgg485dd9dc23-node5-1 Creating 
 Container rgg485dd9dc23-node12-1 Creating 
 Container rgg485dd9dc23-node3-1 Creating 
 Container rgg485dd9dc23-node11-1 Creating 
 Container rgg485dd9dc23-node7-1 Creating 
 Container rgg485dd9dc23-node1-1 Creating 
 Container rgg485dd9dc23-node4-1 Creating 
 Container rgg485dd9dc23-node10-1 Creating 
 Container rgg485dd9dc23-node9-1 Creating 
 Container rgg485dd9dc23-node15-1 Creating 
 Container rgg485dd9dc23-node14-1 Creating 
 Container rgg485dd9dc23-node8-1 Creating 
 Container rgg485dd9dc23-node6-1 Creating 
 Container rgg485dd9dc23-node1-1 Created 
 Container rgg485dd9dc23-node2-1 Created 
 Container rgg485dd9dc23-node6-1 Created 
 Container rgg485dd9dc23-node12-1 Created 
 Container rgg485dd9dc23-node3-1 Created 
 Container rgg485dd9dc23-node0-1 Created 
 Container rgg485dd9dc23-node13-1 Created 
 Container rgg485dd9dc23-node11-1 Created 
 Container rgg485dd9dc23-node8-1 Created 
 Container rgg485dd9dc23-node14-1 Created 
 Container rgg485dd9dc23-node15-1 Created 
 Container rgg485dd9dc23-node4-1 Created 
 Container rgg485dd9dc23-node5-1 Created 
 Container rgg485dd9dc23-node10-1 Created 
 Container rgg485dd9dc23-node7-1 Created 
 Container rgg485dd9dc23-node9-1 Created 
 Container rgg485dd9dc23-collector-1 Starting 
 Container rgg485dd9dc23-collector-1 Started 
 Container rgg485dd9dc23-node3-1 Starting 
 Container rgg485dd9dc23-node15-1 Starting 
 Container rgg485dd9dc23-node12-1 Starting 
 Container rgg485dd9dc23-node13-1 Starting 
 Container rgg485dd9dc23-node6-1 Starting 
 Container rgg485dd9dc23-node11-1 Starting 
 Container rgg485dd9dc23-node4-1 Starting 
 Container rgg485dd9dc23-node14-1 Starting 
 Container rgg485dd9dc23-node9-1 Starting 
 Container rgg485dd9dc23-node5-1 Starting 
 Container rgg485dd9dc23-node10-1 Starting 
 Container rgg485dd9dc23-node2-1 Starting 
 Container rgg485dd9dc23-node7-1 Starting 
 Container rgg485dd9dc23-node8-1 Starting 
 Container rgg485dd9dc23-node0-1 Starting 
 Container rgg485dd9dc23-node1-1 Starting 
 Container rgg485dd9dc23-node8-1 Started 
 Container rgg485dd9dc23-node13-1 Started 
 Container rgg485dd9dc23-node15-1 Started 
 Container rgg485dd9dc23-node0-1 Started 
 Container rgg485dd9dc23-node9-1 Started 
 Container rgg485dd9dc23-node11-1 Started 
 Container rgg485dd9dc23-node12-1 Started 
 Container rgg485dd9dc23-node6-1 Started 
 Container rgg485dd9dc23-node10-1 Started 
 Container rgg485dd9dc23-node5-1 Started 
 Container rgg485dd9dc23-node1-1 Started 
 Container rgg485dd9dc23-node7-1 Started 
 Container rgg485dd9dc23-node4-1 Started 
 Container rgg485dd9dc23-node3-1 Started 
 Container rgg485dd9dc23-node2-1 Started 
 Container rgg485dd9dc23-node14-1 Started 
NETEM_APPLIED node0 iface=eth0: qdisc netem 8001: root refcnt 17 limit 1000 delay 10ms  2ms seed 5407747058764403611
NETEM_APPLIED node1 iface=eth0: qdisc netem 8002: root refcnt 17 limit 1000 delay 10ms  2ms seed 1925877324364927417
NETEM_APPLIED node2 iface=eth0: qdisc netem 8003: root refcnt 17 limit 1000 delay 10ms  2ms seed 5698733915147109670
NETEM_APPLIED node3 iface=eth0: qdisc netem 8004: root refcnt 17 limit 1000 delay 10ms  2ms seed 7335516058220458952
NETEM_APPLIED node4 iface=eth0: qdisc netem 8005: root refcnt 17 limit 1000 delay 10ms  2ms seed 4505727436817669878
NETEM_APPLIED node5 iface=eth0: qdisc netem 8006: root refcnt 17 limit 1000 delay 10ms  2ms seed 15031825202003696291
NETEM_APPLIED node6 iface=eth0: qdisc netem 8007: root refcnt 17 limit 1000 delay 10ms  2ms seed 666637929002415973
NETEM_APPLIED node7 iface=eth0: qdisc netem 8008: root refcnt 17 limit 1000 delay 10ms  2ms seed 8721922867807737593
NETEM_APPLIED node8 iface=eth0: qdisc netem 8009: root refcnt 17 limit 1000 delay 10ms  2ms seed 14426643552212409032
NETEM_APPLIED node9 iface=eth0: qdisc netem 800a: root refcnt 17 limit 1000 delay 10ms  2ms seed 4239277318449525524
NETEM_APPLIED node10 iface=eth0: qdisc netem 800b: root refcnt 17 limit 1000 delay 10ms  2ms seed 12151839309781416492
NETEM_APPLIED node11 iface=eth0: qdisc netem 800c: root refcnt 17 limit 1000 delay 10ms  2ms seed 7413049455342839422
NETEM_APPLIED node12 iface=eth0: qdisc netem 800d: root refcnt 17 limit 1000 delay 10ms  2ms seed 10411995495487186624
NETEM_APPLIED node13 iface=eth0: qdisc netem 800e: root refcnt 17 limit 1000 delay 10ms  2ms seed 2986149660061228096
NETEM_APPLIED node14 iface=eth0: qdisc netem 800f: root refcnt 17 limit 1000 delay 10ms  2ms seed 7020713758716726582
NETEM_APPLIED node15 iface=eth0: qdisc netem 8010: root refcnt 17 limit 1000 delay 10ms  2ms seed 16455704990432920738
NETEM_RTT_GATE OK: baseline=0.1ms actual=21.6ms increase=21.4ms
DRIVER_STARTED: 2026-07-15T05:08:27Z
0
QDSK_CLEANUP_FAIL node0: Command '['docker', 'exec', 'rgg485dd9dc23-node0-1', 'sh', '-c', "ip -o -4 addr show scope global 2>/dev/null | head -1 | awk '{print $2}'"]' returned non-zero exit status 1.
QDSK_CLEANUP_FAIL node1: Command '['docker', 'exec', 'rgg485dd9dc23-node1-1', 'sh', '-c', "ip -o -4 addr show scope global 2>/dev/null | head -1 | awk '{print $2}'"]' returned non-zero exit status 1.
QDSK_CLEANUP_FAIL node2: Command '['docker', 'exec', 'rgg485dd9dc23-node2-1', 'sh', '-c', "ip -o -4 addr show scope global 2>/dev/null | head -1 | awk '{print $2}'"]' returned non-zero exit status 1.
QDSK_CLEANUP_FAIL node3: Command '['docker', 'exec', 'rgg485dd9dc23-node3-1', 'sh', '-c', "ip -o -4 addr show scope global 2>/dev/null | head -1 | awk '{print $2}'"]' returned non-zero exit status 1.
QDSK_CLEANUP_FAIL node4: Command '['docker', 'exec', 'rgg485dd9dc23-node4-1', 'sh', '-c', "ip -o -4 addr show scope global 2>/dev/null | head -1 | awk '{print $2}'"]' returned non-zero exit status 1.
QDSK_CLEANUP_FAIL node5: Command '['docker', 'exec', 'rgg485dd9dc23-node5-1', 'sh', '-c', "ip -o -4 addr show scope global 2>/dev/null | head -1 | awk '{print $2}'"]' returned non-zero exit status 1.
QDSK_CLEANUP_FAIL node6: Command '['docker', 'exec', 'rgg485dd9dc23-node6-1', 'sh', '-c', "ip -o -4 addr show scope global 2>/dev/null | head -1 | awk '{print $2}'"]' returned non-zero exit status 1.
QDSK_CLEANUP_FAIL node7: Command '['docker', 'exec', 'rgg485dd9dc23-node7-1', 'sh', '-c', "ip -o -4 addr show scope global 2>/dev/null | head -1 | awk '{print $2}'"]' returned non-zero exit status 1.
QDSK_CLEANUP_FAIL node8: Command '['docker', 'exec', 'rgg485dd9dc23-node8-1', 'sh', '-c', "ip -o -4 addr show scope global 2>/dev/null | head -1 | awk '{print $2}'"]' returned non-zero exit status 1.
QDSK_CLEANUP_FAIL node9: Command '['docker', 'exec', 'rgg485dd9dc23-node9-1', 'sh', '-c', "ip -o -4 addr show scope global 2>/dev/null | head -1 | awk '{print $2}'"]' returned non-zero exit status 1.
QDSK_CLEANUP_FAIL node10: Command '['docker', 'exec', 'rgg485dd9dc23-node10-1', 'sh', '-c', "ip -o -4 addr show scope global 2>/dev/null | head -1 | awk '{print $2}'"]' returned non-zero exit status 1.
QDSK_CLEANUP_FAIL node11: Command '['docker', 'exec', 'rgg485dd9dc23-node11-1', 'sh', '-c', "ip -o -4 addr show scope global 2>/dev/null | head -1 | awk '{print $2}'"]' returned non-zero exit status 1.
QDSK_CLEANUP_FAIL node12: Command '['docker', 'exec', 'rgg485dd9dc23-node12-1', 'sh', '-c', "ip -o -4 addr show scope global 2>/dev/null | head -1 | awk '{print $2}'"]' returned non-zero exit status 1.
QDSK_CLEANUP_FAIL node13: Command '['docker', 'exec', 'rgg485dd9dc23-node13-1', 'sh', '-c', "ip -o -4 addr show scope global 2>/dev/null | head -1 | awk '{print $2}'"]' returned non-zero exit status 1.
QDSK_CLEANUP_FAIL node14: Command '['docker', 'exec', 'rgg485dd9dc23-node14-1', 'sh', '-c', "ip -o -4 addr show scope global 2>/dev/null | head -1 | awk '{print $2}'"]' returned non-zero exit status 1.
QDSK_CLEANUP_FAIL node15: Command '['docker', 'exec', 'rgg485dd9dc23-node15-1', 'sh', '-c', "ip -o -4 addr show scope global 2>/dev/null | head -1 | awk '{print $2}'"]' returned non-zero exit status 1.
