 Network rgga12a44c3c7_default Creating 
 Network rgga12a44c3c7_default Created 
 Container rgga12a44c3c7-collector-1 Creating 
 Container rgga12a44c3c7-collector-1 Created 
 Container rgga12a44c3c7-node1-1 Creating 
 Container rgga12a44c3c7-node11-1 Creating 
 Container rgga12a44c3c7-node8-1 Creating 
 Container rgga12a44c3c7-node6-1 Creating 
 Container rgga12a44c3c7-node9-1 Creating 
 Container rgga12a44c3c7-node2-1 Creating 
 Container rgga12a44c3c7-node12-1 Creating 
 Container rgga12a44c3c7-node3-1 Creating 
 Container rgga12a44c3c7-node13-1 Creating 
 Container rgga12a44c3c7-node0-1 Creating 
 Container rgga12a44c3c7-node15-1 Creating 
 Container rgga12a44c3c7-node5-1 Creating 
 Container rgga12a44c3c7-node7-1 Creating 
 Container rgga12a44c3c7-node4-1 Creating 
 Container rgga12a44c3c7-node14-1 Creating 
 Container rgga12a44c3c7-node10-1 Creating 
 Container rgga12a44c3c7-node12-1 Created 
 Container rgga12a44c3c7-node7-1 Created 
 Container rgga12a44c3c7-node14-1 Created 
 Container rgga12a44c3c7-node10-1 Created 
 Container rgga12a44c3c7-node3-1 Created 
 Container rgga12a44c3c7-node4-1 Created 
 Container rgga12a44c3c7-node13-1 Created 
 Container rgga12a44c3c7-node9-1 Created 
 Container rgga12a44c3c7-node5-1 Created 
 Container rgga12a44c3c7-node15-1 Created 
 Container rgga12a44c3c7-node1-1 Created 
 Container rgga12a44c3c7-node0-1 Created 
 Container rgga12a44c3c7-node8-1 Created 
 Container rgga12a44c3c7-node11-1 Created 
 Container rgga12a44c3c7-node2-1 Created 
 Container rgga12a44c3c7-node6-1 Created 
 Container rgga12a44c3c7-collector-1 Starting 
 Container rgga12a44c3c7-collector-1 Started 
 Container rgga12a44c3c7-node9-1 Starting 
 Container rgga12a44c3c7-node2-1 Starting 
 Container rgga12a44c3c7-node1-1 Starting 
 Container rgga12a44c3c7-node7-1 Starting 
 Container rgga12a44c3c7-node10-1 Starting 
 Container rgga12a44c3c7-node5-1 Starting 
 Container rgga12a44c3c7-node4-1 Starting 
 Container rgga12a44c3c7-node3-1 Starting 
 Container rgga12a44c3c7-node14-1 Starting 
 Container rgga12a44c3c7-node11-1 Starting 
 Container rgga12a44c3c7-node12-1 Starting 
 Container rgga12a44c3c7-node13-1 Starting 
 Container rgga12a44c3c7-node15-1 Starting 
 Container rgga12a44c3c7-node0-1 Starting 
 Container rgga12a44c3c7-node6-1 Starting 
 Container rgga12a44c3c7-node8-1 Starting 
 Container rgga12a44c3c7-node2-1 Started 
 Container rgga12a44c3c7-node0-1 Started 
 Container rgga12a44c3c7-node1-1 Started 
 Container rgga12a44c3c7-node4-1 Started 
 Container rgga12a44c3c7-node12-1 Started 
 Container rgga12a44c3c7-node13-1 Started 
 Container rgga12a44c3c7-node7-1 Started 
 Container rgga12a44c3c7-node11-1 Started 
 Container rgga12a44c3c7-node10-1 Started 
 Container rgga12a44c3c7-node3-1 Started 
 Container rgga12a44c3c7-node9-1 Started 
 Container rgga12a44c3c7-node14-1 Started 
 Container rgga12a44c3c7-node15-1 Started 
 Container rgga12a44c3c7-node6-1 Started 
 Container rgga12a44c3c7-node5-1 Started 
 Container rgga12a44c3c7-node8-1 Started 
READY_BARRIER: 14/16 node services ready
DRIVER_STARTED: 2026-07-15T13:44:08Z
0
