 Network rgge5fa9747fa_default Creating 
 Network rgge5fa9747fa_default Created 
 Container rgge5fa9747fa-collector-1 Creating 
 Container rgge5fa9747fa-collector-1 Created 
 Container rgge5fa9747fa-node8-1 Creating 
 Container rgge5fa9747fa-node15-1 Creating 
 Container rgge5fa9747fa-node0-1 Creating 
 Container rgge5fa9747fa-node6-1 Creating 
 Container rgge5fa9747fa-node1-1 Creating 
 Container rgge5fa9747fa-node5-1 Creating 
 Container rgge5fa9747fa-node11-1 Creating 
 Container rgge5fa9747fa-node9-1 Creating 
 Container rgge5fa9747fa-node3-1 Creating 
 Container rgge5fa9747fa-node14-1 Creating 
 Container rgge5fa9747fa-node7-1 Creating 
 Container rgge5fa9747fa-node2-1 Creating 
 Container rgge5fa9747fa-node13-1 Creating 
 Container rgge5fa9747fa-node4-1 Creating 
 Container rgge5fa9747fa-node10-1 Creating 
 Container rgge5fa9747fa-node12-1 Creating 
 Container rgge5fa9747fa-node15-1 Created 
 Container rgge5fa9747fa-node6-1 Created 
 Container rgge5fa9747fa-node11-1 Created 
 Container rgge5fa9747fa-node8-1 Created 
 Container rgge5fa9747fa-node14-1 Created 
 Container rgge5fa9747fa-node7-1 Created 
 Container rgge5fa9747fa-node2-1 Created 
 Container rgge5fa9747fa-node1-1 Created 
 Container rgge5fa9747fa-node0-1 Created 
 Container rgge5fa9747fa-node5-1 Created 
 Container rgge5fa9747fa-node9-1 Created 
 Container rgge5fa9747fa-node10-1 Created 
 Container rgge5fa9747fa-node3-1 Created 
 Container rgge5fa9747fa-node13-1 Created 
 Container rgge5fa9747fa-node12-1 Created 
 Container rgge5fa9747fa-node4-1 Created 
 Container rgge5fa9747fa-driver-1 Creating 
 Container rgge5fa9747fa-driver-1 Created 
 Container rgge5fa9747fa-collector-1 Starting 
 Container rgge5fa9747fa-collector-1 Started 
 Container rgge5fa9747fa-node6-1 Starting 
 Container rgge5fa9747fa-node0-1 Starting 
 Container rgge5fa9747fa-node11-1 Starting 
 Container rgge5fa9747fa-node9-1 Starting 
 Container rgge5fa9747fa-node7-1 Starting 
 Container rgge5fa9747fa-node12-1 Starting 
 Container rgge5fa9747fa-node8-1 Starting 
 Container rgge5fa9747fa-node3-1 Starting 
 Container rgge5fa9747fa-node15-1 Starting 
 Container rgge5fa9747fa-node2-1 Starting 
 Container rgge5fa9747fa-node14-1 Starting 
 Container rgge5fa9747fa-node1-1 Starting 
 Container rgge5fa9747fa-node5-1 Starting 
 Container rgge5fa9747fa-node10-1 Starting 
 Container rgge5fa9747fa-node4-1 Starting 
 Container rgge5fa9747fa-node13-1 Starting 
 Container rgge5fa9747fa-node11-1 Started 
 Container rgge5fa9747fa-node10-1 Started 
 Container rgge5fa9747fa-node0-1 Started 
 Container rgge5fa9747fa-node9-1 Started 
 Container rgge5fa9747fa-node13-1 Started 
 Container rgge5fa9747fa-node4-1 Started 
 Container rgge5fa9747fa-node1-1 Started 
 Container rgge5fa9747fa-node3-1 Started 
 Container rgge5fa9747fa-node2-1 Started 
 Container rgge5fa9747fa-node12-1 Started 
 Container rgge5fa9747fa-node8-1 Started 
 Container rgge5fa9747fa-node6-1 Started 
 Container rgge5fa9747fa-node15-1 Started 
 Container rgge5fa9747fa-node14-1 Started 
 Container rgge5fa9747fa-node5-1 Started 
 Container rgge5fa9747fa-node7-1 Started 
 Container rgge5fa9747fa-driver-1 Starting 
 Container rgge5fa9747fa-driver-1 Started 
0
