 Network rggfe25aecf58_default Creating 
 Network rggfe25aecf58_default Created 
 Container rggfe25aecf58-collector-1 Creating 
 Container rggfe25aecf58-collector-1 Created 
 Container rggfe25aecf58-node14-1 Creating 
 Container rggfe25aecf58-node4-1 Creating 
 Container rggfe25aecf58-node7-1 Creating 
 Container rggfe25aecf58-node16-1 Creating 
 Container rggfe25aecf58-node18-1 Creating 
 Container rggfe25aecf58-node9-1 Creating 
 Container rggfe25aecf58-node5-1 Creating 
 Container rggfe25aecf58-node2-1 Creating 
 Container rggfe25aecf58-node19-1 Creating 
 Container rggfe25aecf58-node10-1 Creating 
 Container rggfe25aecf58-node17-1 Creating 
 Container rggfe25aecf58-node1-1 Creating 
 Container rggfe25aecf58-node0-1 Creating 
 Container rggfe25aecf58-node11-1 Creating 
 Container rggfe25aecf58-node13-1 Creating 
 Container rggfe25aecf58-node8-1 Creating 
 Container rggfe25aecf58-node3-1 Creating 
 Container rggfe25aecf58-node6-1 Creating 
 Container rggfe25aecf58-node15-1 Creating 
 Container rggfe25aecf58-node12-1 Creating 
 Container rggfe25aecf58-node17-1 Created 
 Container rggfe25aecf58-node13-1 Created 
 Container rggfe25aecf58-node16-1 Created 
 Container rggfe25aecf58-node8-1 Created 
 Container rggfe25aecf58-node12-1 Created 
 Container rggfe25aecf58-node5-1 Created 
 Container rggfe25aecf58-node11-1 Created 
 Container rggfe25aecf58-node19-1 Created 
 Container rggfe25aecf58-node6-1 Created 
 Container rggfe25aecf58-node1-1 Created 
 Container rggfe25aecf58-node4-1 Created 
 Container rggfe25aecf58-node0-1 Created 
 Container rggfe25aecf58-node3-1 Created 
 Container rggfe25aecf58-node15-1 Created 
 Container rggfe25aecf58-node14-1 Created 
 Container rggfe25aecf58-node18-1 Created 
 Container rggfe25aecf58-node2-1 Created 
 Container rggfe25aecf58-node9-1 Created 
 Container rggfe25aecf58-node10-1 Created 
 Container rggfe25aecf58-node7-1 Created 
 Container rggfe25aecf58-driver-1 Creating 
 Container rggfe25aecf58-driver-1 Created 
 Container rggfe25aecf58-collector-1 Starting 
 Container rggfe25aecf58-collector-1 Started 
 Container rggfe25aecf58-node6-1 Starting 
 Container rggfe25aecf58-node2-1 Starting 
 Container rggfe25aecf58-node5-1 Starting 
 Container rggfe25aecf58-node10-1 Starting 
 Container rggfe25aecf58-node8-1 Starting 
 Container rggfe25aecf58-node16-1 Starting 
 Container rggfe25aecf58-node13-1 Starting 
 Container rggfe25aecf58-node19-1 Starting 
 Container rggfe25aecf58-node15-1 Starting 
 Container rggfe25aecf58-node17-1 Starting 
 Container rggfe25aecf58-node4-1 Starting 
 Container rggfe25aecf58-node1-1 Starting 
 Container rggfe25aecf58-node3-1 Starting 
 Container rggfe25aecf58-node11-1 Starting 
 Container rggfe25aecf58-node14-1 Starting 
 Container rggfe25aecf58-node12-1 Starting 
 Container rggfe25aecf58-node9-1 Starting 
 Container rggfe25aecf58-node7-1 Starting 
 Container rggfe25aecf58-node0-1 Starting 
 Container rggfe25aecf58-node18-1 Starting 
 Container rggfe25aecf58-node6-1 Started 
 Container rggfe25aecf58-node11-1 Started 
 Container rggfe25aecf58-node2-1 Started 
 Container rggfe25aecf58-node4-1 Started 
 Container rggfe25aecf58-node10-1 Started 
 Container rggfe25aecf58-node15-1 Started 
 Container rggfe25aecf58-node0-1 Started 
 Container rggfe25aecf58-node14-1 Started 
 Container rggfe25aecf58-node19-1 Started 
 Container rggfe25aecf58-node16-1 Started 
 Container rggfe25aecf58-node7-1 Started 
 Container rggfe25aecf58-node9-1 Started 
 Container rggfe25aecf58-node17-1 Started 
 Container rggfe25aecf58-node3-1 Started 
 Container rggfe25aecf58-node13-1 Started 
 Container rggfe25aecf58-node5-1 Started 
 Container rggfe25aecf58-node18-1 Started 
 Container rggfe25aecf58-node8-1 Started 
 Container rggfe25aecf58-node1-1 Started 
 Container rggfe25aecf58-node12-1 Started 
 Container rggfe25aecf58-driver-1 Starting 
 Container rggfe25aecf58-driver-1 Started 
0
