Preparing 1 committee slots (excluded from metrics)
Running 33 measured workflows at concurrency 1
Progress: 1/33
Progress: 2/33
Progress: 3/33
Progress: 4/33
Progress: 5/33
Progress: 6/33
Progress: 7/33
Progress: 8/33
Progress: 9/33
Progress: 10/33
Progress: 11/33
Progress: 12/33
Progress: 13/33
Progress: 14/33
Progress: 15/33
Progress: 16/33
Progress: 17/33
Progress: 18/33
Progress: 19/33
Progress: 20/33
Progress: 21/33
Progress: 22/33
Progress: 23/33
Progress: 24/33
Progress: 25/33
Progress: 26/33
Progress: 27/33
Progress: 28/33
Progress: 29/33
Progress: 30/33
Progress: 31/33
Progress: 32/33
Progress: 33/33
{
  "operation_count": 330,
  "successful_operations": 330,
  "failed_operations": 0,
  "workflow_count": 33,
  "successful_workflows": 33,
  "failed_workflows": 0,
  "workflow_success_rate": 1.0,
  "measurement_duration_ms": 551682,
  "workflow_throughput_per_s": 0.05981706852860887,
  "per_operation": {
    "fabric_post_allocation": {
      "count": 33,
      "success_count": 33,
      "failure_count": 0,
      "p50_ms": 2544,
      "p95_ms": 2582,
      "p99_ms": 2583
    },
    "fabric_post_snapshot": {
      "count": 33,
      "success_count": 33,
      "failure_count": 0,
      "p50_ms": 2523,
      "p95_ms": 2585,
      "p99_ms": 2610
    },
    "fabric_post_task": {
      "count": 33,
      "success_count": 33,
      "failure_count": 0,
      "p50_ms": 2501,
      "p95_ms": 2560,
      "p99_ms": 2570
    },
    "fabric_query_confirmation": {
      "count": 33,
      "success_count": 33,
      "failure_count": 0,
      "p50_ms": 386,
      "p95_ms": 420,
      "p99_ms": 424
    },
    "fabric_query_final": {
      "count": 33,
      "success_count": 33,
      "failure_count": 0,
      "p50_ms": 1133,
      "p95_ms": 1205,
      "p99_ms": 1221
    },
    "fabric_settlement": {
      "count": 33,
      "success_count": 33,
      "failure_count": 0,
      "p50_ms": 2522,
      "p95_ms": 2551,
      "p99_ms": 2572
    },
    "fabric_vote_1": {
      "count": 33,
      "success_count": 33,
      "failure_count": 0,
      "p50_ms": 2523,
      "p95_ms": 2570,
      "p99_ms": 2578
    },
    "fabric_vote_2": {
      "count": 33,
      "success_count": 33,
      "failure_count": 0,
      "p50_ms": 2511,
      "p95_ms": 2579,
      "p99_ms": 2590
    },
    "ipfs_add": {
      "count": 33,
      "success_count": 33,
      "failure_count": 0,
      "p50_ms": 28,
      "p95_ms": 70,
      "p99_ms": 79
    },
    "ipfs_verify": {
      "count": 33,
      "success_count": 33,
      "failure_count": 0,
      "p50_ms": 6,
      "p95_ms": 8,
      "p99_ms": 8
    }
  },
  "evidence_record_count": 2062,
  "evidence_record_throughput_per_s": 3.737660463817924
}
Results: /mnt/c/Users/guan/Desktop/zte-sci/experiments/exp-local/results/b2-replay-formal-20260705T160000Z/b2-c1-r1/fabric/b2-fabric-c1-r1
