 Network rgg19fa0ada33_default Creating 
 Network rgg19fa0ada33_default Created 
 Container rgg19fa0ada33-collector-1 Creating 
 Container rgg19fa0ada33-collector-1 Created 
 Container rgg19fa0ada33-node8-1 Creating 
 Container rgg19fa0ada33-node1-1 Creating 
 Container rgg19fa0ada33-node6-1 Creating 
 Container rgg19fa0ada33-node2-1 Creating 
 Container rgg19fa0ada33-node3-1 Creating 
 Container rgg19fa0ada33-node15-1 Creating 
 Container rgg19fa0ada33-node14-1 Creating 
 Container rgg19fa0ada33-node11-1 Creating 
 Container rgg19fa0ada33-node4-1 Creating 
 Container rgg19fa0ada33-node5-1 Creating 
 Container rgg19fa0ada33-node0-1 Creating 
 Container rgg19fa0ada33-node7-1 Creating 
 Container rgg19fa0ada33-node13-1 Creating 
 Container rgg19fa0ada33-node12-1 Creating 
 Container rgg19fa0ada33-node9-1 Creating 
 Container rgg19fa0ada33-node10-1 Creating 
 Container rgg19fa0ada33-node2-1 Created 
 Container rgg19fa0ada33-node12-1 Created 
 Container rgg19fa0ada33-node11-1 Created 
 Container rgg19fa0ada33-node3-1 Created 
 Container rgg19fa0ada33-node8-1 Created 
 Container rgg19fa0ada33-node0-1 Created 
 Container rgg19fa0ada33-node14-1 Created 
 Container rgg19fa0ada33-node1-1 Created 
 Container rgg19fa0ada33-node13-1 Created 
 Container rgg19fa0ada33-node10-1 Created 
 Container rgg19fa0ada33-node15-1 Created 
 Container rgg19fa0ada33-node5-1 Created 
 Container rgg19fa0ada33-node9-1 Created 
 Container rgg19fa0ada33-node6-1 Created 
 Container rgg19fa0ada33-node4-1 Created 
 Container rgg19fa0ada33-node7-1 Created 
 Container rgg19fa0ada33-collector-1 Starting 
 Container rgg19fa0ada33-collector-1 Started 
 Container rgg19fa0ada33-node11-1 Starting 
 Container rgg19fa0ada33-node10-1 Starting 
 Container rgg19fa0ada33-node3-1 Starting 
 Container rgg19fa0ada33-node1-1 Starting 
 Container rgg19fa0ada33-node2-1 Starting 
 Container rgg19fa0ada33-node4-1 Starting 
 Container rgg19fa0ada33-node7-1 Starting 
 Container rgg19fa0ada33-node14-1 Starting 
 Container rgg19fa0ada33-node12-1 Starting 
 Container rgg19fa0ada33-node6-1 Starting 
 Container rgg19fa0ada33-node5-1 Starting 
 Container rgg19fa0ada33-node15-1 Starting 
 Container rgg19fa0ada33-node8-1 Starting 
 Container rgg19fa0ada33-node0-1 Starting 
 Container rgg19fa0ada33-node13-1 Starting 
 Container rgg19fa0ada33-node9-1 Starting 
 Container rgg19fa0ada33-node3-1 Started 
 Container rgg19fa0ada33-node2-1 Started 
 Container rgg19fa0ada33-node1-1 Started 
 Container rgg19fa0ada33-node12-1 Started 
 Container rgg19fa0ada33-node7-1 Started 
 Container rgg19fa0ada33-node8-1 Started 
 Container rgg19fa0ada33-node13-1 Started 
 Container rgg19fa0ada33-node14-1 Started 
 Container rgg19fa0ada33-node9-1 Started 
 Container rgg19fa0ada33-node5-1 Started 
 Container rgg19fa0ada33-node15-1 Started 
 Container rgg19fa0ada33-node4-1 Started 
 Container rgg19fa0ada33-node10-1 Started 
 Container rgg19fa0ada33-node6-1 Started 
 Container rgg19fa0ada33-node11-1 Started 
 Container rgg19fa0ada33-node0-1 Started 
READY_BARRIER: 15/16 node services ready
DRIVER_STARTED: 2026-07-15T13:49:25Z
0
