 Network rggf853b196de_default Creating 
 Network rggf853b196de_default Created 
 Container rggf853b196de-collector-1 Creating 
 Container rggf853b196de-collector-1 Created 
 Container rggf853b196de-node20-1 Creating 
 Container rggf853b196de-node17-1 Creating 
 Container rggf853b196de-node6-1 Creating 
 Container rggf853b196de-node14-1 Creating 
 Container rggf853b196de-node1-1 Creating 
 Container rggf853b196de-node4-1 Creating 
 Container rggf853b196de-node21-1 Creating 
 Container rggf853b196de-node18-1 Creating 
 Container rggf853b196de-node13-1 Creating 
 Container rggf853b196de-node3-1 Creating 
 Container rggf853b196de-node5-1 Creating 
 Container rggf853b196de-node8-1 Creating 
 Container rggf853b196de-node12-1 Creating 
 Container rggf853b196de-node9-1 Creating 
 Container rggf853b196de-node7-1 Creating 
 Container rggf853b196de-node2-1 Creating 
 Container rggf853b196de-node11-1 Creating 
 Container rggf853b196de-node19-1 Creating 
 Container rggf853b196de-node16-1 Creating 
 Container rggf853b196de-node15-1 Creating 
 Container rggf853b196de-node10-1 Creating 
 Container rggf853b196de-node0-1 Creating 
 Container rggf853b196de-node23-1 Creating 
 Container rggf853b196de-node22-1 Creating 
 Container rggf853b196de-node18-1 Created 
 Container rggf853b196de-node1-1 Created 
 Container rggf853b196de-node17-1 Created 
 Container rggf853b196de-node21-1 Created 
 Container rggf853b196de-node20-1 Created 
 Container rggf853b196de-node13-1 Created 
 Container rggf853b196de-node12-1 Created 
 Container rggf853b196de-node16-1 Created 
 Container rggf853b196de-node7-1 Created 
 Container rggf853b196de-node22-1 Created 
 Container rggf853b196de-node0-1 Created 
 Container rggf853b196de-node10-1 Created 
 Container rggf853b196de-node23-1 Created 
 Container rggf853b196de-node15-1 Created 
 Container rggf853b196de-node6-1 Created 
 Container rggf853b196de-node3-1 Created 
 Container rggf853b196de-node14-1 Created 
 Container rggf853b196de-node2-1 Created 
 Container rggf853b196de-node5-1 Created 
 Container rggf853b196de-node19-1 Created 
 Container rggf853b196de-node8-1 Created 
 Container rggf853b196de-node4-1 Created 
 Container rggf853b196de-node11-1 Created 
 Container rggf853b196de-node9-1 Created 
 Container rggf853b196de-driver-1 Creating 
 Container rggf853b196de-driver-1 Created 
 Container rggf853b196de-collector-1 Starting 
 Container rggf853b196de-collector-1 Started 
 Container rggf853b196de-node8-1 Starting 
 Container rggf853b196de-node16-1 Starting 
 Container rggf853b196de-node15-1 Starting 
 Container rggf853b196de-node13-1 Starting 
 Container rggf853b196de-node2-1 Starting 
 Container rggf853b196de-node12-1 Starting 
 Container rggf853b196de-node9-1 Starting 
 Container rggf853b196de-node18-1 Starting 
 Container rggf853b196de-node14-1 Starting 
 Container rggf853b196de-node21-1 Starting 
 Container rggf853b196de-node17-1 Starting 
 Container rggf853b196de-node4-1 Starting 
 Container rggf853b196de-node22-1 Starting 
 Container rggf853b196de-node20-1 Starting 
 Container rggf853b196de-node11-1 Starting 
 Container rggf853b196de-node10-1 Starting 
 Container rggf853b196de-node5-1 Starting 
 Container rggf853b196de-node23-1 Starting 
 Container rggf853b196de-node19-1 Starting 
 Container rggf853b196de-node7-1 Starting 
 Container rggf853b196de-node0-1 Starting 
 Container rggf853b196de-node3-1 Starting 
 Container rggf853b196de-node6-1 Starting 
 Container rggf853b196de-node1-1 Starting 
 Container rggf853b196de-node8-1 Started 
 Container rggf853b196de-node7-1 Started 
 Container rggf853b196de-node10-1 Started 
 Container rggf853b196de-node14-1 Started 
 Container rggf853b196de-node20-1 Started 
 Container rggf853b196de-node4-1 Started 
 Container rggf853b196de-node1-1 Started 
 Container rggf853b196de-node15-1 Started 
 Container rggf853b196de-node6-1 Started 
 Container rggf853b196de-node12-1 Started 
 Container rggf853b196de-node23-1 Started 
 Container rggf853b196de-node17-1 Started 
 Container rggf853b196de-node3-1 Started 
 Container rggf853b196de-node21-1 Started 
 Container rggf853b196de-node5-1 Started 
 Container rggf853b196de-node2-1 Started 
 Container rggf853b196de-node11-1 Started 
 Container rggf853b196de-node0-1 Started 
 Container rggf853b196de-node16-1 Started 
 Container rggf853b196de-node13-1 Started 
 Container rggf853b196de-node19-1 Started 
 Container rggf853b196de-node9-1 Started 
 Container rggf853b196de-node22-1 Started 
 Container rggf853b196de-node18-1 Started 
 Container rggf853b196de-driver-1 Starting 
 Container rggf853b196de-driver-1 Started 
0
