 Network rgg4ac3b65e56_default Creating 
 Network rgg4ac3b65e56_default Created 
 Container rgg4ac3b65e56-collector-1 Creating 
 Container rgg4ac3b65e56-collector-1 Created 
 Container rgg4ac3b65e56-node8-1 Creating 
 Container rgg4ac3b65e56-node4-1 Creating 
 Container rgg4ac3b65e56-node10-1 Creating 
 Container rgg4ac3b65e56-node13-1 Creating 
 Container rgg4ac3b65e56-node11-1 Creating 
 Container rgg4ac3b65e56-node12-1 Creating 
 Container rgg4ac3b65e56-node5-1 Creating 
 Container rgg4ac3b65e56-node3-1 Creating 
 Container rgg4ac3b65e56-node6-1 Creating 
 Container rgg4ac3b65e56-node9-1 Creating 
 Container rgg4ac3b65e56-node14-1 Creating 
 Container rgg4ac3b65e56-node7-1 Creating 
 Container rgg4ac3b65e56-node15-1 Creating 
 Container rgg4ac3b65e56-node2-1 Creating 
 Container rgg4ac3b65e56-node0-1 Creating 
 Container rgg4ac3b65e56-node1-1 Creating 
 Container rgg4ac3b65e56-node7-1 Created 
 Container rgg4ac3b65e56-node8-1 Created 
 Container rgg4ac3b65e56-node14-1 Created 
 Container rgg4ac3b65e56-node13-1 Created 
 Container rgg4ac3b65e56-node4-1 Created 
 Container rgg4ac3b65e56-node3-1 Created 
 Container rgg4ac3b65e56-node2-1 Created 
 Container rgg4ac3b65e56-node9-1 Created 
 Container rgg4ac3b65e56-node11-1 Created 
 Container rgg4ac3b65e56-node0-1 Created 
 Container rgg4ac3b65e56-node6-1 Created 
 Container rgg4ac3b65e56-node15-1 Created 
 Container rgg4ac3b65e56-node1-1 Created 
 Container rgg4ac3b65e56-node5-1 Created 
 Container rgg4ac3b65e56-node10-1 Created 
 Container rgg4ac3b65e56-node12-1 Created 
 Container rgg4ac3b65e56-collector-1 Starting 
 Container rgg4ac3b65e56-collector-1 Started 
 Container rgg4ac3b65e56-node6-1 Starting 
 Container rgg4ac3b65e56-node0-1 Starting 
 Container rgg4ac3b65e56-node8-1 Starting 
 Container rgg4ac3b65e56-node5-1 Starting 
 Container rgg4ac3b65e56-node15-1 Starting 
 Container rgg4ac3b65e56-node10-1 Starting 
 Container rgg4ac3b65e56-node11-1 Starting 
 Container rgg4ac3b65e56-node3-1 Starting 
 Container rgg4ac3b65e56-node7-1 Starting 
 Container rgg4ac3b65e56-node2-1 Starting 
 Container rgg4ac3b65e56-node1-1 Starting 
 Container rgg4ac3b65e56-node4-1 Starting 
 Container rgg4ac3b65e56-node14-1 Starting 
 Container rgg4ac3b65e56-node12-1 Starting 
 Container rgg4ac3b65e56-node13-1 Starting 
 Container rgg4ac3b65e56-node9-1 Starting 
 Container rgg4ac3b65e56-node6-1 Started 
 Container rgg4ac3b65e56-node2-1 Started 
 Container rgg4ac3b65e56-node8-1 Started 
 Container rgg4ac3b65e56-node13-1 Started 
 Container rgg4ac3b65e56-node14-1 Started 
 Container rgg4ac3b65e56-node0-1 Started 
 Container rgg4ac3b65e56-node3-1 Started 
 Container rgg4ac3b65e56-node15-1 Started 
 Container rgg4ac3b65e56-node1-1 Started 
 Container rgg4ac3b65e56-node5-1 Started 
 Container rgg4ac3b65e56-node12-1 Started 
 Container rgg4ac3b65e56-node4-1 Started 
 Container rgg4ac3b65e56-node9-1 Started 
 Container rgg4ac3b65e56-node10-1 Started 
 Container rgg4ac3b65e56-node7-1 Started 
 Container rgg4ac3b65e56-node11-1 Started 
DRIVER_STARTED: 2026-07-15T04:56:10Z
0
