 Network rggfa45d47384_default Creating 
 Network rggfa45d47384_default Created 
 Container rggfa45d47384-collector-1 Creating 
 Container rggfa45d47384-collector-1 Created 
 Container rggfa45d47384-node10-1 Creating 
 Container rggfa45d47384-node2-1 Creating 
 Container rggfa45d47384-node4-1 Creating 
 Container rggfa45d47384-node5-1 Creating 
 Container rggfa45d47384-node11-1 Creating 
 Container rggfa45d47384-node9-1 Creating 
 Container rggfa45d47384-node8-1 Creating 
 Container rggfa45d47384-node1-1 Creating 
 Container rggfa45d47384-node14-1 Creating 
 Container rggfa45d47384-node3-1 Creating 
 Container rggfa45d47384-node7-1 Creating 
 Container rggfa45d47384-node15-1 Creating 
 Container rggfa45d47384-node13-1 Creating 
 Container rggfa45d47384-node12-1 Creating 
 Container rggfa45d47384-node0-1 Creating 
 Container rggfa45d47384-node6-1 Creating 
 Container rggfa45d47384-node6-1 Created 
 Container rggfa45d47384-node2-1 Created 
 Container rggfa45d47384-node10-1 Created 
 Container rggfa45d47384-node7-1 Created 
 Container rggfa45d47384-node13-1 Created 
 Container rggfa45d47384-node9-1 Created 
 Container rggfa45d47384-node4-1 Created 
 Container rggfa45d47384-node11-1 Created 
 Container rggfa45d47384-node0-1 Created 
 Container rggfa45d47384-node8-1 Created 
 Container rggfa45d47384-node14-1 Created 
 Container rggfa45d47384-node15-1 Created 
 Container rggfa45d47384-node12-1 Created 
 Container rggfa45d47384-node3-1 Created 
 Container rggfa45d47384-node1-1 Created 
 Container rggfa45d47384-node5-1 Created 
 Container rggfa45d47384-driver-1 Creating 
 Container rggfa45d47384-driver-1 Created 
 Container rggfa45d47384-collector-1 Starting 
 Container rggfa45d47384-collector-1 Started 
 Container rggfa45d47384-node3-1 Starting 
 Container rggfa45d47384-node7-1 Starting 
 Container rggfa45d47384-node0-1 Starting 
 Container rggfa45d47384-node14-1 Starting 
 Container rggfa45d47384-node5-1 Starting 
 Container rggfa45d47384-node4-1 Starting 
 Container rggfa45d47384-node8-1 Starting 
 Container rggfa45d47384-node1-1 Starting 
 Container rggfa45d47384-node13-1 Starting 
 Container rggfa45d47384-node12-1 Starting 
 Container rggfa45d47384-node10-1 Starting 
 Container rggfa45d47384-node11-1 Starting 
 Container rggfa45d47384-node15-1 Starting 
 Container rggfa45d47384-node9-1 Starting 
 Container rggfa45d47384-node2-1 Starting 
 Container rggfa45d47384-node6-1 Starting 
 Container rggfa45d47384-node7-1 Started 
 Container rggfa45d47384-node11-1 Started 
 Container rggfa45d47384-node15-1 Started 
 Container rggfa45d47384-node13-1 Started 
 Container rggfa45d47384-node10-1 Started 
 Container rggfa45d47384-node0-1 Started 
 Container rggfa45d47384-node3-1 Started 
 Container rggfa45d47384-node2-1 Started 
 Container rggfa45d47384-node14-1 Started 
 Container rggfa45d47384-node6-1 Started 
 Container rggfa45d47384-node4-1 Started 
 Container rggfa45d47384-node9-1 Started 
 Container rggfa45d47384-node8-1 Started 
 Container rggfa45d47384-node12-1 Started 
 Container rggfa45d47384-node1-1 Started 
 Container rggfa45d47384-node5-1 Started 
 Container rggfa45d47384-driver-1 Starting 
 Container rggfa45d47384-driver-1 Started 
0
