 Network rggd9c8060e1a_default Creating 
 Network rggd9c8060e1a_default Created 
 Container rggd9c8060e1a-collector-1 Creating 
 Container rggd9c8060e1a-collector-1 Created 
 Container rggd9c8060e1a-node9-1 Creating 
 Container rggd9c8060e1a-node11-1 Creating 
 Container rggd9c8060e1a-node10-1 Creating 
 Container rggd9c8060e1a-node6-1 Creating 
 Container rggd9c8060e1a-node2-1 Creating 
 Container rggd9c8060e1a-node3-1 Creating 
 Container rggd9c8060e1a-node13-1 Creating 
 Container rggd9c8060e1a-node7-1 Creating 
 Container rggd9c8060e1a-node8-1 Creating 
 Container rggd9c8060e1a-node1-1 Creating 
 Container rggd9c8060e1a-node5-1 Creating 
 Container rggd9c8060e1a-node4-1 Creating 
 Container rggd9c8060e1a-node12-1 Creating 
 Container rggd9c8060e1a-node14-1 Creating 
 Container rggd9c8060e1a-node0-1 Creating 
 Container rggd9c8060e1a-node15-1 Creating 
 Container rggd9c8060e1a-node9-1 Created 
 Container rggd9c8060e1a-node0-1 Created 
 Container rggd9c8060e1a-node11-1 Created 
 Container rggd9c8060e1a-node8-1 Created 
 Container rggd9c8060e1a-node13-1 Created 
 Container rggd9c8060e1a-node5-1 Created 
 Container rggd9c8060e1a-node2-1 Created 
 Container rggd9c8060e1a-node7-1 Created 
 Container rggd9c8060e1a-node10-1 Created 
 Container rggd9c8060e1a-node3-1 Created 
 Container rggd9c8060e1a-node4-1 Created 
 Container rggd9c8060e1a-node6-1 Created 
 Container rggd9c8060e1a-node1-1 Created 
 Container rggd9c8060e1a-node14-1 Created 
 Container rggd9c8060e1a-node12-1 Created 
 Container rggd9c8060e1a-node15-1 Created 
 Container rggd9c8060e1a-collector-1 Starting 
 Container rggd9c8060e1a-collector-1 Started 
 Container rggd9c8060e1a-node11-1 Starting 
 Container rggd9c8060e1a-node0-1 Starting 
 Container rggd9c8060e1a-node5-1 Starting 
 Container rggd9c8060e1a-node4-1 Starting 
 Container rggd9c8060e1a-node2-1 Starting 
 Container rggd9c8060e1a-node3-1 Starting 
 Container rggd9c8060e1a-node7-1 Starting 
 Container rggd9c8060e1a-node12-1 Starting 
 Container rggd9c8060e1a-node10-1 Starting 
 Container rggd9c8060e1a-node6-1 Starting 
 Container rggd9c8060e1a-node15-1 Starting 
 Container rggd9c8060e1a-node1-1 Starting 
 Container rggd9c8060e1a-node14-1 Starting 
 Container rggd9c8060e1a-node9-1 Starting 
 Container rggd9c8060e1a-node8-1 Starting 
 Container rggd9c8060e1a-node13-1 Starting 
 Container rggd9c8060e1a-node0-1 Started 
 Container rggd9c8060e1a-node13-1 Started 
 Container rggd9c8060e1a-node6-1 Started 
 Container rggd9c8060e1a-node5-1 Started 
 Container rggd9c8060e1a-node11-1 Started 
 Container rggd9c8060e1a-node15-1 Started 
 Container rggd9c8060e1a-node9-1 Started 
 Container rggd9c8060e1a-node7-1 Started 
 Container rggd9c8060e1a-node8-1 Started 
 Container rggd9c8060e1a-node10-1 Started 
 Container rggd9c8060e1a-node2-1 Started 
 Container rggd9c8060e1a-node1-1 Started 
 Container rggd9c8060e1a-node12-1 Started 
 Container rggd9c8060e1a-node14-1 Started 
 Container rggd9c8060e1a-node4-1 Started 
 Container rggd9c8060e1a-node3-1 Started 
NETEM_APPLIED node0 iface=eth0: qdisc netem 83a1: root refcnt 17 limit 1000 delay 20ms  5ms seed 10400402572824917335
NETEM_APPLIED node1 iface=eth0: qdisc netem 83a2: root refcnt 17 limit 1000 delay 20ms  5ms seed 10873242526003799462
NETEM_APPLIED node2 iface=eth0: qdisc netem 83a3: root refcnt 17 limit 1000 delay 20ms  5ms seed 10992220195795442901
NETEM_APPLIED node3 iface=eth0: qdisc netem 83a4: root refcnt 17 limit 1000 delay 20ms  5ms seed 4216437838076060310
NETEM_APPLIED node4 iface=eth0: qdisc netem 83a5: root refcnt 17 limit 1000 delay 20ms  5ms seed 2494164092850191707
NETEM_APPLIED node5 iface=eth0: qdisc netem 83a6: root refcnt 17 limit 1000 delay 20ms  5ms seed 14498702348219824806
NETEM_APPLIED node6 iface=eth0: qdisc netem 83a7: root refcnt 17 limit 1000 delay 20ms  5ms seed 5917787352462249454
NETEM_APPLIED node7 iface=eth0: qdisc netem 83a8: root refcnt 17 limit 1000 delay 20ms  5ms seed 654177302422577868
NETEM_APPLIED node8 iface=eth0: qdisc netem 83a9: root refcnt 17 limit 1000 delay 20ms  5ms seed 13859354779909263858
NETEM_APPLIED node9 iface=eth0: qdisc netem 83aa: root refcnt 17 limit 1000 delay 20ms  5ms seed 17680248839798020549
NETEM_APPLIED node10 iface=eth0: qdisc netem 83ab: root refcnt 17 limit 1000 delay 20ms  5ms seed 10089554033953722554
NETEM_APPLIED node11 iface=eth0: qdisc netem 83ac: root refcnt 17 limit 1000 delay 20ms  5ms seed 2062154372170295338
NETEM_APPLIED node12 iface=eth0: qdisc netem 83ad: root refcnt 17 limit 1000 delay 20ms  5ms seed 2275540888259527739
NETEM_APPLIED node13 iface=eth0: qdisc netem 83ae: root refcnt 17 limit 1000 delay 20ms  5ms seed 10493132678756634731
NETEM_APPLIED node14 iface=eth0: qdisc netem 83af: root refcnt 17 limit 1000 delay 20ms  5ms seed 15526327787334184513
NETEM_APPLIED node15 iface=eth0: qdisc netem 83b0: root refcnt 17 limit 1000 delay 20ms  5ms seed 14880657799683340490
NETEM_RTT_GATE OK: baseline=0.1ms actual=40.5ms increase=40.3ms
DRIVER_STARTED: 2026-07-15T05:56:02Z
0
QDSK_CLEANUP_FAIL node0: Command '['docker', 'exec', 'rggd9c8060e1a-node0-1', 'sh', '-c', "ip -o -4 addr show scope global 2>/dev/null | head -1 | awk '{print $2}'"]' returned non-zero exit status 1.
QDSK_CLEANUP_FAIL node1: Command '['docker', 'exec', 'rggd9c8060e1a-node1-1', 'sh', '-c', "ip -o -4 addr show scope global 2>/dev/null | head -1 | awk '{print $2}'"]' returned non-zero exit status 1.
QDSK_CLEANUP_FAIL node2: Command '['docker', 'exec', 'rggd9c8060e1a-node2-1', 'sh', '-c', "ip -o -4 addr show scope global 2>/dev/null | head -1 | awk '{print $2}'"]' returned non-zero exit status 1.
QDSK_CLEANUP_FAIL node3: Command '['docker', 'exec', 'rggd9c8060e1a-node3-1', 'sh', '-c', "ip -o -4 addr show scope global 2>/dev/null | head -1 | awk '{print $2}'"]' returned non-zero exit status 1.
QDSK_CLEANUP_FAIL node4: Command '['docker', 'exec', 'rggd9c8060e1a-node4-1', 'sh', '-c', "ip -o -4 addr show scope global 2>/dev/null | head -1 | awk '{print $2}'"]' returned non-zero exit status 1.
QDSK_CLEANUP_FAIL node5: Command '['docker', 'exec', 'rggd9c8060e1a-node5-1', 'sh', '-c', "ip -o -4 addr show scope global 2>/dev/null | head -1 | awk '{print $2}'"]' returned non-zero exit status 1.
QDSK_CLEANUP_FAIL node6: Command '['docker', 'exec', 'rggd9c8060e1a-node6-1', 'sh', '-c', "ip -o -4 addr show scope global 2>/dev/null | head -1 | awk '{print $2}'"]' returned non-zero exit status 1.
QDSK_CLEANUP_FAIL node7: Command '['docker', 'exec', 'rggd9c8060e1a-node7-1', 'sh', '-c', "ip -o -4 addr show scope global 2>/dev/null | head -1 | awk '{print $2}'"]' returned non-zero exit status 1.
QDSK_CLEANUP_FAIL node8: Command '['docker', 'exec', 'rggd9c8060e1a-node8-1', 'sh', '-c', "ip -o -4 addr show scope global 2>/dev/null | head -1 | awk '{print $2}'"]' returned non-zero exit status 1.
QDSK_CLEANUP_FAIL node9: Command '['docker', 'exec', 'rggd9c8060e1a-node9-1', 'sh', '-c', "ip -o -4 addr show scope global 2>/dev/null | head -1 | awk '{print $2}'"]' returned non-zero exit status 1.
QDSK_CLEANUP_FAIL node10: Command '['docker', 'exec', 'rggd9c8060e1a-node10-1', 'sh', '-c', "ip -o -4 addr show scope global 2>/dev/null | head -1 | awk '{print $2}'"]' returned non-zero exit status 1.
QDSK_CLEANUP_FAIL node11: Command '['docker', 'exec', 'rggd9c8060e1a-node11-1', 'sh', '-c', "ip -o -4 addr show scope global 2>/dev/null | head -1 | awk '{print $2}'"]' returned non-zero exit status 1.
QDSK_CLEANUP_FAIL node12: Command '['docker', 'exec', 'rggd9c8060e1a-node12-1', 'sh', '-c', "ip -o -4 addr show scope global 2>/dev/null | head -1 | awk '{print $2}'"]' returned non-zero exit status 1.
QDSK_CLEANUP_FAIL node13: Command '['docker', 'exec', 'rggd9c8060e1a-node13-1', 'sh', '-c', "ip -o -4 addr show scope global 2>/dev/null | head -1 | awk '{print $2}'"]' returned non-zero exit status 1.
QDSK_CLEANUP_FAIL node14: Command '['docker', 'exec', 'rggd9c8060e1a-node14-1', 'sh', '-c', "ip -o -4 addr show scope global 2>/dev/null | head -1 | awk '{print $2}'"]' returned non-zero exit status 1.
QDSK_CLEANUP_FAIL node15: Command '['docker', 'exec', 'rggd9c8060e1a-node15-1', 'sh', '-c', "ip -o -4 addr show scope global 2>/dev/null | head -1 | awk '{print $2}'"]' returned non-zero exit status 1.
