 Network rggbeed8b9174_default Creating 
 Network rggbeed8b9174_default Created 
 Container rggbeed8b9174-collector-1 Creating 
 Container rggbeed8b9174-collector-1 Created 
 Container rggbeed8b9174-node7-1 Creating 
 Container rggbeed8b9174-node6-1 Creating 
 Container rggbeed8b9174-node3-1 Creating 
 Container rggbeed8b9174-node4-1 Creating 
 Container rggbeed8b9174-node11-1 Creating 
 Container rggbeed8b9174-node5-1 Creating 
 Container rggbeed8b9174-node15-1 Creating 
 Container rggbeed8b9174-node2-1 Creating 
 Container rggbeed8b9174-node9-1 Creating 
 Container rggbeed8b9174-node8-1 Creating 
 Container rggbeed8b9174-node10-1 Creating 
 Container rggbeed8b9174-node1-1 Creating 
 Container rggbeed8b9174-node14-1 Creating 
 Container rggbeed8b9174-node0-1 Creating 
 Container rggbeed8b9174-node12-1 Creating 
 Container rggbeed8b9174-node13-1 Creating 
 Container rggbeed8b9174-node0-1 Created 
 Container rggbeed8b9174-node2-1 Created 
 Container rggbeed8b9174-node7-1 Created 
 Container rggbeed8b9174-node13-1 Created 
 Container rggbeed8b9174-node5-1 Created 
 Container rggbeed8b9174-node10-1 Created 
 Container rggbeed8b9174-node8-1 Created 
 Container rggbeed8b9174-node14-1 Created 
 Container rggbeed8b9174-node1-1 Created 
 Container rggbeed8b9174-node6-1 Created 
 Container rggbeed8b9174-node15-1 Created 
 Container rggbeed8b9174-node12-1 Created 
 Container rggbeed8b9174-node11-1 Created 
 Container rggbeed8b9174-node9-1 Created 
 Container rggbeed8b9174-node3-1 Created 
 Container rggbeed8b9174-node4-1 Created 
 Container rggbeed8b9174-collector-1 Starting 
 Container rggbeed8b9174-collector-1 Started 
 Container rggbeed8b9174-node12-1 Starting 
 Container rggbeed8b9174-node2-1 Starting 
 Container rggbeed8b9174-node10-1 Starting 
 Container rggbeed8b9174-node9-1 Starting 
 Container rggbeed8b9174-node0-1 Starting 
 Container rggbeed8b9174-node6-1 Starting 
 Container rggbeed8b9174-node4-1 Starting 
 Container rggbeed8b9174-node14-1 Starting 
 Container rggbeed8b9174-node3-1 Starting 
 Container rggbeed8b9174-node11-1 Starting 
 Container rggbeed8b9174-node15-1 Starting 
 Container rggbeed8b9174-node8-1 Starting 
 Container rggbeed8b9174-node5-1 Starting 
 Container rggbeed8b9174-node1-1 Starting 
 Container rggbeed8b9174-node7-1 Starting 
 Container rggbeed8b9174-node13-1 Starting 
 Container rggbeed8b9174-node14-1 Started 
 Container rggbeed8b9174-node10-1 Started 
 Container rggbeed8b9174-node12-1 Started 
 Container rggbeed8b9174-node1-1 Started 
 Container rggbeed8b9174-node15-1 Started 
 Container rggbeed8b9174-node2-1 Started 
 Container rggbeed8b9174-node4-1 Started 
 Container rggbeed8b9174-node13-1 Started 
 Container rggbeed8b9174-node8-1 Started 
 Container rggbeed8b9174-node7-1 Started 
 Container rggbeed8b9174-node0-1 Started 
 Container rggbeed8b9174-node11-1 Started 
 Container rggbeed8b9174-node9-1 Started 
 Container rggbeed8b9174-node5-1 Started 
 Container rggbeed8b9174-node3-1 Started 
 Container rggbeed8b9174-node6-1 Started 
NETEM_APPLIED node0 iface=eth0: qdisc netem 8381: root refcnt 17 limit 1000 delay 20ms  5ms seed 284389429104991909
NETEM_APPLIED node1 iface=eth0: qdisc netem 8382: root refcnt 17 limit 1000 delay 20ms  5ms seed 9312711074560105268
NETEM_APPLIED node2 iface=eth0: qdisc netem 8383: root refcnt 17 limit 1000 delay 20ms  5ms seed 12910091565343171357
NETEM_APPLIED node3 iface=eth0: qdisc netem 8384: root refcnt 17 limit 1000 delay 20ms  5ms seed 6600927656169576361
NETEM_APPLIED node4 iface=eth0: qdisc netem 8385: root refcnt 17 limit 1000 delay 20ms  5ms seed 9839182917522016285
NETEM_APPLIED node5 iface=eth0: qdisc netem 8386: root refcnt 17 limit 1000 delay 20ms  5ms seed 13238276523756283701
NETEM_APPLIED node6 iface=eth0: qdisc netem 8387: root refcnt 17 limit 1000 delay 20ms  5ms seed 12338078267445408949
NETEM_APPLIED node7 iface=eth0: qdisc netem 8388: root refcnt 17 limit 1000 delay 20ms  5ms seed 17762797425577776910
NETEM_APPLIED node8 iface=eth0: qdisc netem 8389: root refcnt 17 limit 1000 delay 20ms  5ms seed 15493864531075886116
NETEM_APPLIED node9 iface=eth0: qdisc netem 838a: root refcnt 17 limit 1000 delay 20ms  5ms seed 9556716026886329383
NETEM_APPLIED node10 iface=eth0: qdisc netem 838b: root refcnt 17 limit 1000 delay 20ms  5ms seed 14538309864682143417
NETEM_APPLIED node11 iface=eth0: qdisc netem 838c: root refcnt 17 limit 1000 delay 20ms  5ms seed 15097086467640759678
NETEM_APPLIED node12 iface=eth0: qdisc netem 838d: root refcnt 17 limit 1000 delay 20ms  5ms seed 12487925252267222172
NETEM_APPLIED node13 iface=eth0: qdisc netem 838e: root refcnt 17 limit 1000 delay 20ms  5ms seed 18387835190699969923
NETEM_APPLIED node14 iface=eth0: qdisc netem 838f: root refcnt 17 limit 1000 delay 20ms  5ms seed 9894896153974070796
NETEM_APPLIED node15 iface=eth0: qdisc netem 8390: root refcnt 17 limit 1000 delay 20ms  5ms seed 17334195053257418050
NETEM_RTT_GATE OK: baseline=0.1ms actual=39.7ms increase=39.6ms
DRIVER_STARTED: 2026-07-15T05:54:03Z
0
QDSK_CLEANUP_FAIL node0: Command '['docker', 'exec', 'rggbeed8b9174-node0-1', 'sh', '-c', "ip -o -4 addr show scope global 2>/dev/null | head -1 | awk '{print $2}'"]' returned non-zero exit status 1.
QDSK_CLEANUP_FAIL node1: Command '['docker', 'exec', 'rggbeed8b9174-node1-1', 'sh', '-c', "ip -o -4 addr show scope global 2>/dev/null | head -1 | awk '{print $2}'"]' returned non-zero exit status 1.
QDSK_CLEANUP_FAIL node2: Command '['docker', 'exec', 'rggbeed8b9174-node2-1', 'sh', '-c', "ip -o -4 addr show scope global 2>/dev/null | head -1 | awk '{print $2}'"]' returned non-zero exit status 1.
QDSK_CLEANUP_FAIL node3: Command '['docker', 'exec', 'rggbeed8b9174-node3-1', 'sh', '-c', "ip -o -4 addr show scope global 2>/dev/null | head -1 | awk '{print $2}'"]' returned non-zero exit status 1.
QDSK_CLEANUP_FAIL node4: Command '['docker', 'exec', 'rggbeed8b9174-node4-1', 'sh', '-c', "ip -o -4 addr show scope global 2>/dev/null | head -1 | awk '{print $2}'"]' returned non-zero exit status 1.
QDSK_CLEANUP_FAIL node5: Command '['docker', 'exec', 'rggbeed8b9174-node5-1', 'sh', '-c', "ip -o -4 addr show scope global 2>/dev/null | head -1 | awk '{print $2}'"]' returned non-zero exit status 1.
QDSK_CLEANUP_FAIL node6: Command '['docker', 'exec', 'rggbeed8b9174-node6-1', 'sh', '-c', "ip -o -4 addr show scope global 2>/dev/null | head -1 | awk '{print $2}'"]' returned non-zero exit status 1.
QDSK_CLEANUP_FAIL node7: Command '['docker', 'exec', 'rggbeed8b9174-node7-1', 'sh', '-c', "ip -o -4 addr show scope global 2>/dev/null | head -1 | awk '{print $2}'"]' returned non-zero exit status 1.
QDSK_CLEANUP_FAIL node8: Command '['docker', 'exec', 'rggbeed8b9174-node8-1', 'sh', '-c', "ip -o -4 addr show scope global 2>/dev/null | head -1 | awk '{print $2}'"]' returned non-zero exit status 1.
QDSK_CLEANUP_FAIL node9: Command '['docker', 'exec', 'rggbeed8b9174-node9-1', 'sh', '-c', "ip -o -4 addr show scope global 2>/dev/null | head -1 | awk '{print $2}'"]' returned non-zero exit status 1.
QDSK_CLEANUP_FAIL node10: Command '['docker', 'exec', 'rggbeed8b9174-node10-1', 'sh', '-c', "ip -o -4 addr show scope global 2>/dev/null | head -1 | awk '{print $2}'"]' returned non-zero exit status 1.
QDSK_CLEANUP_FAIL node11: Command '['docker', 'exec', 'rggbeed8b9174-node11-1', 'sh', '-c', "ip -o -4 addr show scope global 2>/dev/null | head -1 | awk '{print $2}'"]' returned non-zero exit status 1.
QDSK_CLEANUP_FAIL node12: Command '['docker', 'exec', 'rggbeed8b9174-node12-1', 'sh', '-c', "ip -o -4 addr show scope global 2>/dev/null | head -1 | awk '{print $2}'"]' returned non-zero exit status 1.
QDSK_CLEANUP_FAIL node13: Command '['docker', 'exec', 'rggbeed8b9174-node13-1', 'sh', '-c', "ip -o -4 addr show scope global 2>/dev/null | head -1 | awk '{print $2}'"]' returned non-zero exit status 1.
QDSK_CLEANUP_FAIL node14: Command '['docker', 'exec', 'rggbeed8b9174-node14-1', 'sh', '-c', "ip -o -4 addr show scope global 2>/dev/null | head -1 | awk '{print $2}'"]' returned non-zero exit status 1.
QDSK_CLEANUP_FAIL node15: Command '['docker', 'exec', 'rggbeed8b9174-node15-1', 'sh', '-c', "ip -o -4 addr show scope global 2>/dev/null | head -1 | awk '{print $2}'"]' returned non-zero exit status 1.
