 Network rgg73101bd228_default Creating 
 Network rgg73101bd228_default Created 
 Container rgg73101bd228-collector-1 Creating 
 Container rgg73101bd228-collector-1 Created 
 Container rgg73101bd228-node8-1 Creating 
 Container rgg73101bd228-node9-1 Creating 
 Container rgg73101bd228-node10-1 Creating 
 Container rgg73101bd228-node12-1 Creating 
 Container rgg73101bd228-node13-1 Creating 
 Container rgg73101bd228-node1-1 Creating 
 Container rgg73101bd228-node5-1 Creating 
 Container rgg73101bd228-node4-1 Creating 
 Container rgg73101bd228-node7-1 Creating 
 Container rgg73101bd228-node11-1 Creating 
 Container rgg73101bd228-node6-1 Creating 
 Container rgg73101bd228-node2-1 Creating 
 Container rgg73101bd228-node3-1 Creating 
 Container rgg73101bd228-node15-1 Creating 
 Container rgg73101bd228-node0-1 Creating 
 Container rgg73101bd228-node14-1 Creating 
 Container rgg73101bd228-node10-1 Created 
 Container rgg73101bd228-node13-1 Created 
 Container rgg73101bd228-node5-1 Created 
 Container rgg73101bd228-node12-1 Created 
 Container rgg73101bd228-node7-1 Created 
 Container rgg73101bd228-node9-1 Created 
 Container rgg73101bd228-node15-1 Created 
 Container rgg73101bd228-node2-1 Created 
 Container rgg73101bd228-node11-1 Created 
 Container rgg73101bd228-node6-1 Created 
 Container rgg73101bd228-node8-1 Created 
 Container rgg73101bd228-node0-1 Created 
 Container rgg73101bd228-node1-1 Created 
 Container rgg73101bd228-node3-1 Created 
 Container rgg73101bd228-node4-1 Created 
 Container rgg73101bd228-node14-1 Created 
 Container rgg73101bd228-driver-1 Creating 
 Container rgg73101bd228-driver-1 Created 
 Container rgg73101bd228-collector-1 Starting 
 Container rgg73101bd228-collector-1 Started 
 Container rgg73101bd228-node3-1 Starting 
 Container rgg73101bd228-node6-1 Starting 
 Container rgg73101bd228-node12-1 Starting 
 Container rgg73101bd228-node1-1 Starting 
 Container rgg73101bd228-node13-1 Starting 
 Container rgg73101bd228-node10-1 Starting 
 Container rgg73101bd228-node9-1 Starting 
 Container rgg73101bd228-node11-1 Starting 
 Container rgg73101bd228-node7-1 Starting 
 Container rgg73101bd228-node15-1 Starting 
 Container rgg73101bd228-node8-1 Starting 
 Container rgg73101bd228-node2-1 Starting 
 Container rgg73101bd228-node4-1 Starting 
 Container rgg73101bd228-node0-1 Starting 
 Container rgg73101bd228-node14-1 Starting 
 Container rgg73101bd228-node5-1 Starting 
 Container rgg73101bd228-node12-1 Started 
 Container rgg73101bd228-node15-1 Started 
 Container rgg73101bd228-node5-1 Started 
 Container rgg73101bd228-node14-1 Started 
 Container rgg73101bd228-node1-1 Started 
 Container rgg73101bd228-node3-1 Started 
 Container rgg73101bd228-node8-1 Started 
 Container rgg73101bd228-node10-1 Started 
 Container rgg73101bd228-node6-1 Started 
 Container rgg73101bd228-node7-1 Started 
 Container rgg73101bd228-node11-1 Started 
 Container rgg73101bd228-node4-1 Started 
 Container rgg73101bd228-node0-1 Started 
 Container rgg73101bd228-node2-1 Started 
 Container rgg73101bd228-node9-1 Started 
 Container rgg73101bd228-node13-1 Started 
 Container rgg73101bd228-driver-1 Starting 
 Container rgg73101bd228-driver-1 Started 
0
