 Network rgg1e46473d58_default Creating 
 Network rgg1e46473d58_default Created 
 Container rgg1e46473d58-collector-1 Creating 
 Container rgg1e46473d58-collector-1 Created 
 Container rgg1e46473d58-node8-1 Creating 
 Container rgg1e46473d58-node3-1 Creating 
 Container rgg1e46473d58-node6-1 Creating 
 Container rgg1e46473d58-node10-1 Creating 
 Container rgg1e46473d58-node13-1 Creating 
 Container rgg1e46473d58-node11-1 Creating 
 Container rgg1e46473d58-node15-1 Creating 
 Container rgg1e46473d58-node12-1 Creating 
 Container rgg1e46473d58-node9-1 Creating 
 Container rgg1e46473d58-node1-1 Creating 
 Container rgg1e46473d58-node4-1 Creating 
 Container rgg1e46473d58-node7-1 Creating 
 Container rgg1e46473d58-node2-1 Creating 
 Container rgg1e46473d58-node5-1 Creating 
 Container rgg1e46473d58-node14-1 Creating 
 Container rgg1e46473d58-node0-1 Creating 
 Container rgg1e46473d58-node14-1 Created 
 Container rgg1e46473d58-node13-1 Created 
 Container rgg1e46473d58-node7-1 Created 
 Container rgg1e46473d58-node3-1 Created 
 Container rgg1e46473d58-node15-1 Created 
 Container rgg1e46473d58-node0-1 Created 
 Container rgg1e46473d58-node8-1 Created 
 Container rgg1e46473d58-node9-1 Created 
 Container rgg1e46473d58-node4-1 Created 
 Container rgg1e46473d58-node5-1 Created 
 Container rgg1e46473d58-node10-1 Created 
 Container rgg1e46473d58-node11-1 Created 
 Container rgg1e46473d58-node6-1 Created 
 Container rgg1e46473d58-node1-1 Created 
 Container rgg1e46473d58-node2-1 Created 
 Container rgg1e46473d58-node12-1 Created 
 Container rgg1e46473d58-collector-1 Starting 
 Container rgg1e46473d58-collector-1 Started 
 Container rgg1e46473d58-node6-1 Starting 
 Container rgg1e46473d58-node3-1 Starting 
 Container rgg1e46473d58-node7-1 Starting 
 Container rgg1e46473d58-node13-1 Starting 
 Container rgg1e46473d58-node1-1 Starting 
 Container rgg1e46473d58-node9-1 Starting 
 Container rgg1e46473d58-node0-1 Starting 
 Container rgg1e46473d58-node4-1 Starting 
 Container rgg1e46473d58-node5-1 Starting 
 Container rgg1e46473d58-node14-1 Starting 
 Container rgg1e46473d58-node11-1 Starting 
 Container rgg1e46473d58-node12-1 Starting 
 Container rgg1e46473d58-node10-1 Starting 
 Container rgg1e46473d58-node15-1 Starting 
 Container rgg1e46473d58-node8-1 Starting 
 Container rgg1e46473d58-node2-1 Starting 
 Container rgg1e46473d58-node9-1 Started 
 Container rgg1e46473d58-node2-1 Started 
 Container rgg1e46473d58-node15-1 Started 
 Container rgg1e46473d58-node1-1 Started 
 Container rgg1e46473d58-node3-1 Started 
 Container rgg1e46473d58-node14-1 Started 
 Container rgg1e46473d58-node4-1 Started 
 Container rgg1e46473d58-node0-1 Started 
 Container rgg1e46473d58-node10-1 Started 
 Container rgg1e46473d58-node11-1 Started 
 Container rgg1e46473d58-node8-1 Started 
 Container rgg1e46473d58-node7-1 Started 
 Container rgg1e46473d58-node12-1 Started 
 Container rgg1e46473d58-node5-1 Started 
 Container rgg1e46473d58-node6-1 Started 
 Container rgg1e46473d58-node13-1 Started 
READY_BARRIER: 15/16 node services ready
DRIVER_STARTED: 2026-07-17T15:36:01Z
0
