 Network rgg15c90f2ecc_default Creating 
 Network rgg15c90f2ecc_default Created 
 Container rgg15c90f2ecc-collector-1 Creating 
 Container rgg15c90f2ecc-collector-1 Created 
 Container rgg15c90f2ecc-node7-1 Creating 
 Container rgg15c90f2ecc-node12-1 Creating 
 Container rgg15c90f2ecc-node8-1 Creating 
 Container rgg15c90f2ecc-node1-1 Creating 
 Container rgg15c90f2ecc-node15-1 Creating 
 Container rgg15c90f2ecc-node21-1 Creating 
 Container rgg15c90f2ecc-node18-1 Creating 
 Container rgg15c90f2ecc-node17-1 Creating 
 Container rgg15c90f2ecc-node16-1 Creating 
 Container rgg15c90f2ecc-node10-1 Creating 
 Container rgg15c90f2ecc-node5-1 Creating 
 Container rgg15c90f2ecc-node9-1 Creating 
 Container rgg15c90f2ecc-node14-1 Creating 
 Container rgg15c90f2ecc-node3-1 Creating 
 Container rgg15c90f2ecc-node2-1 Creating 
 Container rgg15c90f2ecc-node6-1 Creating 
 Container rgg15c90f2ecc-node22-1 Creating 
 Container rgg15c90f2ecc-node19-1 Creating 
 Container rgg15c90f2ecc-node20-1 Creating 
 Container rgg15c90f2ecc-node11-1 Creating 
 Container rgg15c90f2ecc-node0-1 Creating 
 Container rgg15c90f2ecc-node4-1 Creating 
 Container rgg15c90f2ecc-node13-1 Creating 
 Container rgg15c90f2ecc-node23-1 Creating 
 Container rgg15c90f2ecc-node8-1 Created 
 Container rgg15c90f2ecc-node3-1 Created 
 Container rgg15c90f2ecc-node1-1 Created 
 Container rgg15c90f2ecc-node19-1 Created 
 Container rgg15c90f2ecc-node12-1 Created 
 Container rgg15c90f2ecc-node21-1 Created 
 Container rgg15c90f2ecc-node7-1 Created 
 Container rgg15c90f2ecc-node17-1 Created 
 Container rgg15c90f2ecc-node5-1 Created 
 Container rgg15c90f2ecc-node20-1 Created 
 Container rgg15c90f2ecc-node15-1 Created 
 Container rgg15c90f2ecc-node10-1 Created 
 Container rgg15c90f2ecc-node18-1 Created 
 Container rgg15c90f2ecc-node4-1 Created 
 Container rgg15c90f2ecc-node23-1 Created 
 Container rgg15c90f2ecc-node6-1 Created 
 Container rgg15c90f2ecc-node16-1 Created 
 Container rgg15c90f2ecc-node9-1 Created 
 Container rgg15c90f2ecc-node0-1 Created 
 Container rgg15c90f2ecc-node11-1 Created 
 Container rgg15c90f2ecc-node13-1 Created 
 Container rgg15c90f2ecc-node2-1 Created 
 Container rgg15c90f2ecc-node22-1 Created 
 Container rgg15c90f2ecc-node14-1 Created 
 Container rgg15c90f2ecc-driver-1 Creating 
 Container rgg15c90f2ecc-driver-1 Created 
 Container rgg15c90f2ecc-collector-1 Starting 
 Container rgg15c90f2ecc-collector-1 Started 
 Container rgg15c90f2ecc-node23-1 Starting 
 Container rgg15c90f2ecc-node22-1 Starting 
 Container rgg15c90f2ecc-node2-1 Starting 
 Container rgg15c90f2ecc-node3-1 Starting 
 Container rgg15c90f2ecc-node5-1 Starting 
 Container rgg15c90f2ecc-node11-1 Starting 
 Container rgg15c90f2ecc-node13-1 Starting 
 Container rgg15c90f2ecc-node10-1 Starting 
 Container rgg15c90f2ecc-node17-1 Starting 
 Container rgg15c90f2ecc-node7-1 Starting 
 Container rgg15c90f2ecc-node6-1 Starting 
 Container rgg15c90f2ecc-node0-1 Starting 
 Container rgg15c90f2ecc-node18-1 Starting 
 Container rgg15c90f2ecc-node9-1 Starting 
 Container rgg15c90f2ecc-node15-1 Starting 
 Container rgg15c90f2ecc-node1-1 Starting 
 Container rgg15c90f2ecc-node4-1 Starting 
 Container rgg15c90f2ecc-node8-1 Starting 
 Container rgg15c90f2ecc-node16-1 Starting 
 Container rgg15c90f2ecc-node19-1 Starting 
 Container rgg15c90f2ecc-node14-1 Starting 
 Container rgg15c90f2ecc-node20-1 Starting 
 Container rgg15c90f2ecc-node21-1 Starting 
 Container rgg15c90f2ecc-node12-1 Starting 
 Container rgg15c90f2ecc-node19-1 Started 
 Container rgg15c90f2ecc-node22-1 Started 
 Container rgg15c90f2ecc-node2-1 Started 
 Container rgg15c90f2ecc-node15-1 Started 
 Container rgg15c90f2ecc-node21-1 Started 
 Container rgg15c90f2ecc-node7-1 Started 
 Container rgg15c90f2ecc-node0-1 Started 
 Container rgg15c90f2ecc-node8-1 Started 
 Container rgg15c90f2ecc-node4-1 Started 
 Container rgg15c90f2ecc-node13-1 Started 
 Container rgg15c90f2ecc-node1-1 Started 
 Container rgg15c90f2ecc-node16-1 Started 
 Container rgg15c90f2ecc-node23-1 Started 
 Container rgg15c90f2ecc-node14-1 Started 
 Container rgg15c90f2ecc-node3-1 Started 
 Container rgg15c90f2ecc-node10-1 Started 
 Container rgg15c90f2ecc-node18-1 Started 
 Container rgg15c90f2ecc-node12-1 Started 
 Container rgg15c90f2ecc-node11-1 Started 
 Container rgg15c90f2ecc-node5-1 Started 
 Container rgg15c90f2ecc-node17-1 Started 
 Container rgg15c90f2ecc-node6-1 Started 
 Container rgg15c90f2ecc-node9-1 Started 
 Container rgg15c90f2ecc-node20-1 Started 
 Container rgg15c90f2ecc-driver-1 Starting 
 Container rgg15c90f2ecc-driver-1 Started 
0
