 Network rgg3fd1c8e786_default Creating 
 Network rgg3fd1c8e786_default Created 
 Container rgg3fd1c8e786-collector-1 Creating 
 Container rgg3fd1c8e786-collector-1 Created 
 Container rgg3fd1c8e786-node7-1 Creating 
 Container rgg3fd1c8e786-node18-1 Creating 
 Container rgg3fd1c8e786-node16-1 Creating 
 Container rgg3fd1c8e786-node9-1 Creating 
 Container rgg3fd1c8e786-node6-1 Creating 
 Container rgg3fd1c8e786-node4-1 Creating 
 Container rgg3fd1c8e786-node0-1 Creating 
 Container rgg3fd1c8e786-node10-1 Creating 
 Container rgg3fd1c8e786-node8-1 Creating 
 Container rgg3fd1c8e786-node11-1 Creating 
 Container rgg3fd1c8e786-node1-1 Creating 
 Container rgg3fd1c8e786-node13-1 Creating 
 Container rgg3fd1c8e786-node5-1 Creating 
 Container rgg3fd1c8e786-node17-1 Creating 
 Container rgg3fd1c8e786-node15-1 Creating 
 Container rgg3fd1c8e786-node3-1 Creating 
 Container rgg3fd1c8e786-node14-1 Creating 
 Container rgg3fd1c8e786-node12-1 Creating 
 Container rgg3fd1c8e786-node19-1 Creating 
 Container rgg3fd1c8e786-node2-1 Creating 
 Container rgg3fd1c8e786-node12-1 Created 
 Container rgg3fd1c8e786-node18-1 Created 
 Container rgg3fd1c8e786-node1-1 Created 
 Container rgg3fd1c8e786-node13-1 Created 
 Container rgg3fd1c8e786-node4-1 Created 
 Container rgg3fd1c8e786-node11-1 Created 
 Container rgg3fd1c8e786-node8-1 Created 
 Container rgg3fd1c8e786-node7-1 Created 
 Container rgg3fd1c8e786-node5-1 Created 
 Container rgg3fd1c8e786-node9-1 Created 
 Container rgg3fd1c8e786-node14-1 Created 
 Container rgg3fd1c8e786-node17-1 Created 
 Container rgg3fd1c8e786-node10-1 Created 
 Container rgg3fd1c8e786-node3-1 Created 
 Container rgg3fd1c8e786-node19-1 Created 
 Container rgg3fd1c8e786-node2-1 Created 
 Container rgg3fd1c8e786-node15-1 Created 
 Container rgg3fd1c8e786-node0-1 Created 
 Container rgg3fd1c8e786-node16-1 Created 
 Container rgg3fd1c8e786-node6-1 Created 
 Container rgg3fd1c8e786-driver-1 Creating 
 Container rgg3fd1c8e786-driver-1 Created 
 Container rgg3fd1c8e786-collector-1 Starting 
 Container rgg3fd1c8e786-collector-1 Started 
 Container rgg3fd1c8e786-node12-1 Starting 
 Container rgg3fd1c8e786-node1-1 Starting 
 Container rgg3fd1c8e786-node13-1 Starting 
 Container rgg3fd1c8e786-node9-1 Starting 
 Container rgg3fd1c8e786-node4-1 Starting 
 Container rgg3fd1c8e786-node19-1 Starting 
 Container rgg3fd1c8e786-node0-1 Starting 
 Container rgg3fd1c8e786-node17-1 Starting 
 Container rgg3fd1c8e786-node16-1 Starting 
 Container rgg3fd1c8e786-node11-1 Starting 
 Container rgg3fd1c8e786-node10-1 Starting 
 Container rgg3fd1c8e786-node6-1 Starting 
 Container rgg3fd1c8e786-node18-1 Starting 
 Container rgg3fd1c8e786-node5-1 Starting 
 Container rgg3fd1c8e786-node15-1 Starting 
 Container rgg3fd1c8e786-node7-1 Starting 
 Container rgg3fd1c8e786-node2-1 Starting 
 Container rgg3fd1c8e786-node3-1 Starting 
 Container rgg3fd1c8e786-node14-1 Starting 
 Container rgg3fd1c8e786-node8-1 Starting 
 Container rgg3fd1c8e786-node1-1 Started 
 Container rgg3fd1c8e786-node12-1 Started 
 Container rgg3fd1c8e786-node14-1 Started 
 Container rgg3fd1c8e786-node18-1 Started 
 Container rgg3fd1c8e786-node13-1 Started 
 Container rgg3fd1c8e786-node7-1 Started 
 Container rgg3fd1c8e786-node8-1 Started 
 Container rgg3fd1c8e786-node19-1 Started 
 Container rgg3fd1c8e786-node16-1 Started 
 Container rgg3fd1c8e786-node11-1 Started 
 Container rgg3fd1c8e786-node0-1 Started 
 Container rgg3fd1c8e786-node2-1 Started 
 Container rgg3fd1c8e786-node5-1 Started 
 Container rgg3fd1c8e786-node4-1 Started 
 Container rgg3fd1c8e786-node3-1 Started 
 Container rgg3fd1c8e786-node6-1 Started 
 Container rgg3fd1c8e786-node15-1 Started 
 Container rgg3fd1c8e786-node10-1 Started 
 Container rgg3fd1c8e786-node17-1 Started 
 Container rgg3fd1c8e786-node9-1 Started 
 Container rgg3fd1c8e786-driver-1 Starting 
 Container rgg3fd1c8e786-driver-1 Started 
0
