 Network rgg84461bc707_default Creating 
 Network rgg84461bc707_default Created 
 Container rgg84461bc707-collector-1 Creating 
 Container rgg84461bc707-collector-1 Created 
 Container rgg84461bc707-node3-1 Creating 
 Container rgg84461bc707-node13-1 Creating 
 Container rgg84461bc707-node10-1 Creating 
 Container rgg84461bc707-node7-1 Creating 
 Container rgg84461bc707-node8-1 Creating 
 Container rgg84461bc707-node2-1 Creating 
 Container rgg84461bc707-node6-1 Creating 
 Container rgg84461bc707-node9-1 Creating 
 Container rgg84461bc707-node1-1 Creating 
 Container rgg84461bc707-node15-1 Creating 
 Container rgg84461bc707-node12-1 Creating 
 Container rgg84461bc707-node11-1 Creating 
 Container rgg84461bc707-node0-1 Creating 
 Container rgg84461bc707-node5-1 Creating 
 Container rgg84461bc707-node14-1 Creating 
 Container rgg84461bc707-node4-1 Creating 
 Container rgg84461bc707-node11-1 Created 
 Container rgg84461bc707-node10-1 Created 
 Container rgg84461bc707-node7-1 Created 
 Container rgg84461bc707-node5-1 Created 
 Container rgg84461bc707-node4-1 Created 
 Container rgg84461bc707-node3-1 Created 
 Container rgg84461bc707-node14-1 Created 
 Container rgg84461bc707-node12-1 Created 
 Container rgg84461bc707-node9-1 Created 
 Container rgg84461bc707-node8-1 Created 
 Container rgg84461bc707-node1-1 Created 
 Container rgg84461bc707-node13-1 Created 
 Container rgg84461bc707-node0-1 Created 
 Container rgg84461bc707-node2-1 Created 
 Container rgg84461bc707-node15-1 Created 
 Container rgg84461bc707-node6-1 Created 
 Container rgg84461bc707-collector-1 Starting 
 Container rgg84461bc707-collector-1 Started 
 Container rgg84461bc707-node8-1 Starting 
 Container rgg84461bc707-node13-1 Starting 
 Container rgg84461bc707-node7-1 Starting 
 Container rgg84461bc707-node4-1 Starting 
 Container rgg84461bc707-node9-1 Starting 
 Container rgg84461bc707-node11-1 Starting 
 Container rgg84461bc707-node2-1 Starting 
 Container rgg84461bc707-node10-1 Starting 
 Container rgg84461bc707-node5-1 Starting 
 Container rgg84461bc707-node14-1 Starting 
 Container rgg84461bc707-node15-1 Starting 
 Container rgg84461bc707-node12-1 Starting 
 Container rgg84461bc707-node1-1 Starting 
 Container rgg84461bc707-node0-1 Starting 
 Container rgg84461bc707-node3-1 Starting 
 Container rgg84461bc707-node6-1 Starting 
 Container rgg84461bc707-node7-1 Started 
 Container rgg84461bc707-node4-1 Started 
 Container rgg84461bc707-node9-1 Started 
 Container rgg84461bc707-node2-1 Started 
 Container rgg84461bc707-node6-1 Started 
 Container rgg84461bc707-node0-1 Started 
 Container rgg84461bc707-node5-1 Started 
 Container rgg84461bc707-node1-1 Started 
 Container rgg84461bc707-node14-1 Started 
 Container rgg84461bc707-node13-1 Started 
 Container rgg84461bc707-node8-1 Started 
 Container rgg84461bc707-node3-1 Started 
 Container rgg84461bc707-node15-1 Started 
 Container rgg84461bc707-node11-1 Started 
 Container rgg84461bc707-node12-1 Started 
 Container rgg84461bc707-node10-1 Started 
READY_BARRIER: 15/16 node services ready
DRIVER_STARTED: 2026-07-26T22:37:43Z
0
