 Network rggfd560edb1e_default Creating 
 Network rggfd560edb1e_default Created 
 Container rggfd560edb1e-collector-1 Creating 
 Container rggfd560edb1e-collector-1 Created 
 Container rggfd560edb1e-node8-1 Creating 
 Container rggfd560edb1e-node7-1 Creating 
 Container rggfd560edb1e-node1-1 Creating 
 Container rggfd560edb1e-node0-1 Creating 
 Container rggfd560edb1e-node15-1 Creating 
 Container rggfd560edb1e-node11-1 Creating 
 Container rggfd560edb1e-node10-1 Creating 
 Container rggfd560edb1e-node2-1 Creating 
 Container rggfd560edb1e-node4-1 Creating 
 Container rggfd560edb1e-node13-1 Creating 
 Container rggfd560edb1e-node12-1 Creating 
 Container rggfd560edb1e-node9-1 Creating 
 Container rggfd560edb1e-node5-1 Creating 
 Container rggfd560edb1e-node3-1 Creating 
 Container rggfd560edb1e-node14-1 Creating 
 Container rggfd560edb1e-node6-1 Creating 
 Container rggfd560edb1e-node10-1 Created 
 Container rggfd560edb1e-node15-1 Created 
 Container rggfd560edb1e-node0-1 Created 
 Container rggfd560edb1e-node13-1 Created 
 Container rggfd560edb1e-node9-1 Created 
 Container rggfd560edb1e-node7-1 Created 
 Container rggfd560edb1e-node8-1 Created 
 Container rggfd560edb1e-node5-1 Created 
 Container rggfd560edb1e-node11-1 Created 
 Container rggfd560edb1e-node14-1 Created 
 Container rggfd560edb1e-node6-1 Created 
 Container rggfd560edb1e-node1-1 Created 
 Container rggfd560edb1e-node12-1 Created 
 Container rggfd560edb1e-node3-1 Created 
 Container rggfd560edb1e-node4-1 Created 
 Container rggfd560edb1e-node2-1 Created 
 Container rggfd560edb1e-driver-1 Creating 
 Container rggfd560edb1e-driver-1 Created 
 Container rggfd560edb1e-collector-1 Starting 
 Container rggfd560edb1e-collector-1 Started 
 Container rggfd560edb1e-node4-1 Starting 
 Container rggfd560edb1e-node3-1 Starting 
 Container rggfd560edb1e-node0-1 Starting 
 Container rggfd560edb1e-node6-1 Starting 
 Container rggfd560edb1e-node5-1 Starting 
 Container rggfd560edb1e-node12-1 Starting 
 Container rggfd560edb1e-node11-1 Starting 
 Container rggfd560edb1e-node14-1 Starting 
 Container rggfd560edb1e-node15-1 Starting 
 Container rggfd560edb1e-node13-1 Starting 
 Container rggfd560edb1e-node9-1 Starting 
 Container rggfd560edb1e-node10-1 Starting 
 Container rggfd560edb1e-node2-1 Starting 
 Container rggfd560edb1e-node7-1 Starting 
 Container rggfd560edb1e-node1-1 Starting 
 Container rggfd560edb1e-node8-1 Starting 
 Container rggfd560edb1e-node4-1 Started 
 Container rggfd560edb1e-node5-1 Started 
 Container rggfd560edb1e-node15-1 Started 
 Container rggfd560edb1e-node7-1 Started 
 Container rggfd560edb1e-node3-1 Started 
 Container rggfd560edb1e-node10-1 Started 
 Container rggfd560edb1e-node8-1 Started 
 Container rggfd560edb1e-node6-1 Started 
 Container rggfd560edb1e-node2-1 Started 
 Container rggfd560edb1e-node14-1 Started 
 Container rggfd560edb1e-node1-1 Started 
 Container rggfd560edb1e-node11-1 Started 
 Container rggfd560edb1e-node12-1 Started 
 Container rggfd560edb1e-node0-1 Started 
 Container rggfd560edb1e-node13-1 Started 
 Container rggfd560edb1e-node9-1 Started 
 Container rggfd560edb1e-driver-1 Starting 
 Container rggfd560edb1e-driver-1 Started 
0
