 Network rggd9d2e7990c_default Creating 
 Network rggd9d2e7990c_default Created 
 Container rggd9d2e7990c-collector-1 Creating 
 Container rggd9d2e7990c-collector-1 Created 
 Container rggd9d2e7990c-node14-1 Creating 
 Container rggd9d2e7990c-node7-1 Creating 
 Container rggd9d2e7990c-node12-1 Creating 
 Container rggd9d2e7990c-node5-1 Creating 
 Container rggd9d2e7990c-node9-1 Creating 
 Container rggd9d2e7990c-node2-1 Creating 
 Container rggd9d2e7990c-node13-1 Creating 
 Container rggd9d2e7990c-node20-1 Creating 
 Container rggd9d2e7990c-node11-1 Creating 
 Container rggd9d2e7990c-node6-1 Creating 
 Container rggd9d2e7990c-node18-1 Creating 
 Container rggd9d2e7990c-node4-1 Creating 
 Container rggd9d2e7990c-node19-1 Creating 
 Container rggd9d2e7990c-node21-1 Creating 
 Container rggd9d2e7990c-node1-1 Creating 
 Container rggd9d2e7990c-node10-1 Creating 
 Container rggd9d2e7990c-node23-1 Creating 
 Container rggd9d2e7990c-node15-1 Creating 
 Container rggd9d2e7990c-node3-1 Creating 
 Container rggd9d2e7990c-node22-1 Creating 
 Container rggd9d2e7990c-node8-1 Creating 
 Container rggd9d2e7990c-node0-1 Creating 
 Container rggd9d2e7990c-node16-1 Creating 
 Container rggd9d2e7990c-node17-1 Creating 
 Container rggd9d2e7990c-node4-1 Created 
 Container rggd9d2e7990c-node14-1 Created 
 Container rggd9d2e7990c-node11-1 Created 
 Container rggd9d2e7990c-node23-1 Created 
 Container rggd9d2e7990c-node7-1 Created 
 Container rggd9d2e7990c-node20-1 Created 
 Container rggd9d2e7990c-node2-1 Created 
 Container rggd9d2e7990c-node12-1 Created 
 Container rggd9d2e7990c-node16-1 Created 
 Container rggd9d2e7990c-node10-1 Created 
 Container rggd9d2e7990c-node8-1 Created 
 Container rggd9d2e7990c-node9-1 Created 
 Container rggd9d2e7990c-node22-1 Created 
 Container rggd9d2e7990c-node1-1 Created 
 Container rggd9d2e7990c-node6-1 Created 
 Container rggd9d2e7990c-node13-1 Created 
 Container rggd9d2e7990c-node15-1 Created 
 Container rggd9d2e7990c-node3-1 Created 
 Container rggd9d2e7990c-node18-1 Created 
 Container rggd9d2e7990c-node5-1 Created 
 Container rggd9d2e7990c-node21-1 Created 
 Container rggd9d2e7990c-node0-1 Created 
 Container rggd9d2e7990c-node19-1 Created 
 Container rggd9d2e7990c-node17-1 Created 
 Container rggd9d2e7990c-driver-1 Creating 
 Container rggd9d2e7990c-driver-1 Created 
 Container rggd9d2e7990c-collector-1 Starting 
 Container rggd9d2e7990c-collector-1 Started 
 Container rggd9d2e7990c-node20-1 Starting 
 Container rggd9d2e7990c-node4-1 Starting 
 Container rggd9d2e7990c-node12-1 Starting 
 Container rggd9d2e7990c-node5-1 Starting 
 Container rggd9d2e7990c-node16-1 Starting 
 Container rggd9d2e7990c-node23-1 Starting 
 Container rggd9d2e7990c-node15-1 Starting 
 Container rggd9d2e7990c-node2-1 Starting 
 Container rggd9d2e7990c-node19-1 Starting 
 Container rggd9d2e7990c-node22-1 Starting 
 Container rggd9d2e7990c-node11-1 Starting 
 Container rggd9d2e7990c-node3-1 Starting 
 Container rggd9d2e7990c-node13-1 Starting 
 Container rggd9d2e7990c-node17-1 Starting 
 Container rggd9d2e7990c-node6-1 Starting 
 Container rggd9d2e7990c-node9-1 Starting 
 Container rggd9d2e7990c-node21-1 Starting 
 Container rggd9d2e7990c-node10-1 Starting 
 Container rggd9d2e7990c-node1-1 Starting 
 Container rggd9d2e7990c-node14-1 Starting 
 Container rggd9d2e7990c-node8-1 Starting 
 Container rggd9d2e7990c-node7-1 Starting 
 Container rggd9d2e7990c-node0-1 Starting 
 Container rggd9d2e7990c-node18-1 Starting 
 Container rggd9d2e7990c-node5-1 Started 
 Container rggd9d2e7990c-node23-1 Started 
 Container rggd9d2e7990c-node21-1 Started 
 Container rggd9d2e7990c-node19-1 Started 
 Container rggd9d2e7990c-node14-1 Started 
 Container rggd9d2e7990c-node22-1 Started 
 Container rggd9d2e7990c-node20-1 Started 
 Container rggd9d2e7990c-node12-1 Started 
 Container rggd9d2e7990c-node10-1 Started 
 Container rggd9d2e7990c-node15-1 Started 
 Container rggd9d2e7990c-node8-1 Started 
 Container rggd9d2e7990c-node7-1 Started 
 Container rggd9d2e7990c-node4-1 Started 
 Container rggd9d2e7990c-node2-1 Started 
 Container rggd9d2e7990c-node17-1 Started 
 Container rggd9d2e7990c-node1-1 Started 
 Container rggd9d2e7990c-node11-1 Started 
 Container rggd9d2e7990c-node13-1 Started 
 Container rggd9d2e7990c-node3-1 Started 
 Container rggd9d2e7990c-node16-1 Started 
 Container rggd9d2e7990c-node9-1 Started 
 Container rggd9d2e7990c-node6-1 Started 
 Container rggd9d2e7990c-node0-1 Started 
 Container rggd9d2e7990c-node18-1 Started 
 Container rggd9d2e7990c-driver-1 Starting 
 Container rggd9d2e7990c-driver-1 Started 
0
