 Network rgg15bd14d660_default Creating 
 Network rgg15bd14d660_default Created 
 Container rgg15bd14d660-collector-1 Creating 
 Container rgg15bd14d660-collector-1 Created 
 Container rgg15bd14d660-node11-1 Creating 
 Container rgg15bd14d660-node7-1 Creating 
 Container rgg15bd14d660-node12-1 Creating 
 Container rgg15bd14d660-node14-1 Creating 
 Container rgg15bd14d660-node4-1 Creating 
 Container rgg15bd14d660-node2-1 Creating 
 Container rgg15bd14d660-node15-1 Creating 
 Container rgg15bd14d660-node3-1 Creating 
 Container rgg15bd14d660-node10-1 Creating 
 Container rgg15bd14d660-node9-1 Creating 
 Container rgg15bd14d660-node5-1 Creating 
 Container rgg15bd14d660-node13-1 Creating 
 Container rgg15bd14d660-node6-1 Creating 
 Container rgg15bd14d660-node1-1 Creating 
 Container rgg15bd14d660-node0-1 Creating 
 Container rgg15bd14d660-node8-1 Creating 
 Container rgg15bd14d660-node7-1 Created 
 Container rgg15bd14d660-node2-1 Created 
 Container rgg15bd14d660-node13-1 Created 
 Container rgg15bd14d660-node5-1 Created 
 Container rgg15bd14d660-node11-1 Created 
 Container rgg15bd14d660-node4-1 Created 
 Container rgg15bd14d660-node1-1 Created 
 Container rgg15bd14d660-node6-1 Created 
 Container rgg15bd14d660-node9-1 Created 
 Container rgg15bd14d660-node3-1 Created 
 Container rgg15bd14d660-node10-1 Created 
 Container rgg15bd14d660-node14-1 Created 
 Container rgg15bd14d660-node12-1 Created 
 Container rgg15bd14d660-node8-1 Created 
 Container rgg15bd14d660-node15-1 Created 
 Container rgg15bd14d660-node0-1 Created 
 Container rgg15bd14d660-collector-1 Starting 
 Container rgg15bd14d660-collector-1 Started 
 Container rgg15bd14d660-node12-1 Starting 
 Container rgg15bd14d660-node4-1 Starting 
 Container rgg15bd14d660-node13-1 Starting 
 Container rgg15bd14d660-node2-1 Starting 
 Container rgg15bd14d660-node6-1 Starting 
 Container rgg15bd14d660-node10-1 Starting 
 Container rgg15bd14d660-node3-1 Starting 
 Container rgg15bd14d660-node15-1 Starting 
 Container rgg15bd14d660-node7-1 Starting 
 Container rgg15bd14d660-node0-1 Starting 
 Container rgg15bd14d660-node14-1 Starting 
 Container rgg15bd14d660-node5-1 Starting 
 Container rgg15bd14d660-node1-1 Starting 
 Container rgg15bd14d660-node9-1 Starting 
 Container rgg15bd14d660-node8-1 Starting 
 Container rgg15bd14d660-node11-1 Starting 
 Container rgg15bd14d660-node9-1 Started 
 Container rgg15bd14d660-node13-1 Started 
 Container rgg15bd14d660-node15-1 Started 
 Container rgg15bd14d660-node12-1 Started 
 Container rgg15bd14d660-node10-1 Started 
 Container rgg15bd14d660-node11-1 Started 
 Container rgg15bd14d660-node4-1 Started 
 Container rgg15bd14d660-node14-1 Started 
 Container rgg15bd14d660-node2-1 Started 
 Container rgg15bd14d660-node1-1 Started 
 Container rgg15bd14d660-node5-1 Started 
 Container rgg15bd14d660-node7-1 Started 
 Container rgg15bd14d660-node8-1 Started 
 Container rgg15bd14d660-node3-1 Started 
 Container rgg15bd14d660-node0-1 Started 
 Container rgg15bd14d660-node6-1 Started 
READY_BARRIER: 15/16 node services ready
DRIVER_STARTED: 2026-07-15T13:54:12Z
0
