 Network rgg7c3ff729cf_default Creating 
 Network rgg7c3ff729cf_default Created 
 Container rgg7c3ff729cf-collector-1 Creating 
 Container rgg7c3ff729cf-collector-1 Created 
 Container rgg7c3ff729cf-node2-1 Creating 
 Container rgg7c3ff729cf-node10-1 Creating 
 Container rgg7c3ff729cf-node0-1 Creating 
 Container rgg7c3ff729cf-node14-1 Creating 
 Container rgg7c3ff729cf-node15-1 Creating 
 Container rgg7c3ff729cf-node5-1 Creating 
 Container rgg7c3ff729cf-node4-1 Creating 
 Container rgg7c3ff729cf-node7-1 Creating 
 Container rgg7c3ff729cf-node13-1 Creating 
 Container rgg7c3ff729cf-node11-1 Creating 
 Container rgg7c3ff729cf-node3-1 Creating 
 Container rgg7c3ff729cf-node12-1 Creating 
 Container rgg7c3ff729cf-node1-1 Creating 
 Container rgg7c3ff729cf-node9-1 Creating 
 Container rgg7c3ff729cf-node8-1 Creating 
 Container rgg7c3ff729cf-node6-1 Creating 
 Container rgg7c3ff729cf-node5-1 Created 
 Container rgg7c3ff729cf-node1-1 Created 
 Container rgg7c3ff729cf-node0-1 Created 
 Container rgg7c3ff729cf-node7-1 Created 
 Container rgg7c3ff729cf-node3-1 Created 
 Container rgg7c3ff729cf-node4-1 Created 
 Container rgg7c3ff729cf-node10-1 Created 
 Container rgg7c3ff729cf-node6-1 Created 
 Container rgg7c3ff729cf-node11-1 Created 
 Container rgg7c3ff729cf-node8-1 Created 
 Container rgg7c3ff729cf-node2-1 Created 
 Container rgg7c3ff729cf-node14-1 Created 
 Container rgg7c3ff729cf-node15-1 Created 
 Container rgg7c3ff729cf-node9-1 Created 
 Container rgg7c3ff729cf-node13-1 Created 
 Container rgg7c3ff729cf-node12-1 Created 
 Container rgg7c3ff729cf-collector-1 Starting 
 Container rgg7c3ff729cf-collector-1 Started 
 Container rgg7c3ff729cf-node2-1 Starting 
 Container rgg7c3ff729cf-node12-1 Starting 
 Container rgg7c3ff729cf-node15-1 Starting 
 Container rgg7c3ff729cf-node8-1 Starting 
 Container rgg7c3ff729cf-node3-1 Starting 
 Container rgg7c3ff729cf-node9-1 Starting 
 Container rgg7c3ff729cf-node4-1 Starting 
 Container rgg7c3ff729cf-node7-1 Starting 
 Container rgg7c3ff729cf-node5-1 Starting 
 Container rgg7c3ff729cf-node6-1 Starting 
 Container rgg7c3ff729cf-node13-1 Starting 
 Container rgg7c3ff729cf-node1-1 Starting 
 Container rgg7c3ff729cf-node10-1 Starting 
 Container rgg7c3ff729cf-node14-1 Starting 
 Container rgg7c3ff729cf-node0-1 Starting 
 Container rgg7c3ff729cf-node11-1 Starting 
 Container rgg7c3ff729cf-node15-1 Started 
 Container rgg7c3ff729cf-node9-1 Started 
 Container rgg7c3ff729cf-node11-1 Started 
 Container rgg7c3ff729cf-node2-1 Started 
 Container rgg7c3ff729cf-node10-1 Started 
 Container rgg7c3ff729cf-node8-1 Started 
 Container rgg7c3ff729cf-node12-1 Started 
 Container rgg7c3ff729cf-node6-1 Started 
 Container rgg7c3ff729cf-node0-1 Started 
 Container rgg7c3ff729cf-node7-1 Started 
 Container rgg7c3ff729cf-node1-1 Started 
 Container rgg7c3ff729cf-node5-1 Started 
 Container rgg7c3ff729cf-node14-1 Started 
 Container rgg7c3ff729cf-node13-1 Started 
 Container rgg7c3ff729cf-node3-1 Started 
 Container rgg7c3ff729cf-node4-1 Started 
READY_BARRIER: 15/16 node services ready
DRIVER_STARTED: 2026-07-15T13:53:57Z
0
