 Network rgg7de9a61f1b_default Creating 
 Network rgg7de9a61f1b_default Created 
 Container rgg7de9a61f1b-collector-1 Creating 
 Container rgg7de9a61f1b-collector-1 Created 
 Container rgg7de9a61f1b-node10-1 Creating 
 Container rgg7de9a61f1b-node8-1 Creating 
 Container rgg7de9a61f1b-node15-1 Creating 
 Container rgg7de9a61f1b-node0-1 Creating 
 Container rgg7de9a61f1b-node6-1 Creating 
 Container rgg7de9a61f1b-node11-1 Creating 
 Container rgg7de9a61f1b-node12-1 Creating 
 Container rgg7de9a61f1b-node14-1 Creating 
 Container rgg7de9a61f1b-node7-1 Creating 
 Container rgg7de9a61f1b-node1-1 Creating 
 Container rgg7de9a61f1b-node13-1 Creating 
 Container rgg7de9a61f1b-node2-1 Creating 
 Container rgg7de9a61f1b-node5-1 Creating 
 Container rgg7de9a61f1b-node3-1 Creating 
 Container rgg7de9a61f1b-node4-1 Creating 
 Container rgg7de9a61f1b-node9-1 Creating 
 Container rgg7de9a61f1b-node1-1 Created 
 Container rgg7de9a61f1b-node10-1 Created 
 Container rgg7de9a61f1b-node13-1 Created 
 Container rgg7de9a61f1b-node12-1 Created 
 Container rgg7de9a61f1b-node3-1 Created 
 Container rgg7de9a61f1b-node7-1 Created 
 Container rgg7de9a61f1b-node15-1 Created 
 Container rgg7de9a61f1b-node9-1 Created 
 Container rgg7de9a61f1b-node2-1 Created 
 Container rgg7de9a61f1b-node5-1 Created 
 Container rgg7de9a61f1b-node6-1 Created 
 Container rgg7de9a61f1b-node11-1 Created 
 Container rgg7de9a61f1b-node4-1 Created 
 Container rgg7de9a61f1b-node14-1 Created 
 Container rgg7de9a61f1b-node0-1 Created 
 Container rgg7de9a61f1b-node8-1 Created 
 Container rgg7de9a61f1b-collector-1 Starting 
 Container rgg7de9a61f1b-collector-1 Started 
 Container rgg7de9a61f1b-node0-1 Starting 
 Container rgg7de9a61f1b-node10-1 Starting 
 Container rgg7de9a61f1b-node9-1 Starting 
 Container rgg7de9a61f1b-node2-1 Starting 
 Container rgg7de9a61f1b-node12-1 Starting 
 Container rgg7de9a61f1b-node3-1 Starting 
 Container rgg7de9a61f1b-node13-1 Starting 
 Container rgg7de9a61f1b-node7-1 Starting 
 Container rgg7de9a61f1b-node6-1 Starting 
 Container rgg7de9a61f1b-node8-1 Starting 
 Container rgg7de9a61f1b-node15-1 Starting 
 Container rgg7de9a61f1b-node1-1 Starting 
 Container rgg7de9a61f1b-node4-1 Starting 
 Container rgg7de9a61f1b-node5-1 Starting 
 Container rgg7de9a61f1b-node14-1 Starting 
 Container rgg7de9a61f1b-node11-1 Starting 
 Container rgg7de9a61f1b-node9-1 Started 
 Container rgg7de9a61f1b-node1-1 Started 
 Container rgg7de9a61f1b-node10-1 Started 
 Container rgg7de9a61f1b-node0-1 Started 
 Container rgg7de9a61f1b-node15-1 Started 
 Container rgg7de9a61f1b-node3-1 Started 
 Container rgg7de9a61f1b-node11-1 Started 
 Container rgg7de9a61f1b-node8-1 Started 
 Container rgg7de9a61f1b-node6-1 Started 
 Container rgg7de9a61f1b-node14-1 Started 
 Container rgg7de9a61f1b-node12-1 Started 
 Container rgg7de9a61f1b-node5-1 Started 
 Container rgg7de9a61f1b-node4-1 Started 
 Container rgg7de9a61f1b-node13-1 Started 
 Container rgg7de9a61f1b-node2-1 Started 
 Container rgg7de9a61f1b-node7-1 Started 
DRIVER_STARTED: 2026-07-15T04:58:23Z
0
