 Network rggc97b791057_default Creating 
 Network rggc97b791057_default Created 
 Container rggc97b791057-collector-1 Creating 
 Container rggc97b791057-collector-1 Created 
 Container rggc97b791057-node19-1 Creating 
 Container rggc97b791057-node1-1 Creating 
 Container rggc97b791057-node15-1 Creating 
 Container rggc97b791057-node11-1 Creating 
 Container rggc97b791057-node12-1 Creating 
 Container rggc97b791057-node22-1 Creating 
 Container rggc97b791057-node5-1 Creating 
 Container rggc97b791057-node4-1 Creating 
 Container rggc97b791057-node23-1 Creating 
 Container rggc97b791057-node3-1 Creating 
 Container rggc97b791057-node16-1 Creating 
 Container rggc97b791057-node7-1 Creating 
 Container rggc97b791057-node6-1 Creating 
 Container rggc97b791057-node18-1 Creating 
 Container rggc97b791057-node8-1 Creating 
 Container rggc97b791057-node20-1 Creating 
 Container rggc97b791057-node2-1 Creating 
 Container rggc97b791057-node9-1 Creating 
 Container rggc97b791057-node14-1 Creating 
 Container rggc97b791057-node13-1 Creating 
 Container rggc97b791057-node0-1 Creating 
 Container rggc97b791057-node21-1 Creating 
 Container rggc97b791057-node10-1 Creating 
 Container rggc97b791057-node17-1 Creating 
 Container rggc97b791057-node3-1 Created 
 Container rggc97b791057-node4-1 Created 
 Container rggc97b791057-node19-1 Created 
 Container rggc97b791057-node12-1 Created 
 Container rggc97b791057-node11-1 Created 
 Container rggc97b791057-node15-1 Created 
 Container rggc97b791057-node14-1 Created 
 Container rggc97b791057-node8-1 Created 
 Container rggc97b791057-node9-1 Created 
 Container rggc97b791057-node23-1 Created 
 Container rggc97b791057-node1-1 Created 
 Container rggc97b791057-node17-1 Created 
 Container rggc97b791057-node0-1 Created 
 Container rggc97b791057-node18-1 Created 
 Container rggc97b791057-node16-1 Created 
 Container rggc97b791057-node5-1 Created 
 Container rggc97b791057-node21-1 Created 
 Container rggc97b791057-node10-1 Created 
 Container rggc97b791057-node6-1 Created 
 Container rggc97b791057-node7-1 Created 
 Container rggc97b791057-node13-1 Created 
 Container rggc97b791057-node20-1 Created 
 Container rggc97b791057-node2-1 Created 
 Container rggc97b791057-node22-1 Created 
 Container rggc97b791057-driver-1 Creating 
 Container rggc97b791057-driver-1 Created 
 Container rggc97b791057-collector-1 Starting 
 Container rggc97b791057-collector-1 Started 
 Container rggc97b791057-node16-1 Starting 
 Container rggc97b791057-node17-1 Starting 
 Container rggc97b791057-node6-1 Starting 
 Container rggc97b791057-node22-1 Starting 
 Container rggc97b791057-node0-1 Starting 
 Container rggc97b791057-node23-1 Starting 
 Container rggc97b791057-node14-1 Starting 
 Container rggc97b791057-node15-1 Starting 
 Container rggc97b791057-node1-1 Starting 
 Container rggc97b791057-node19-1 Starting 
 Container rggc97b791057-node5-1 Starting 
 Container rggc97b791057-node3-1 Starting 
 Container rggc97b791057-node12-1 Starting 
 Container rggc97b791057-node7-1 Starting 
 Container rggc97b791057-node9-1 Starting 
 Container rggc97b791057-node10-1 Starting 
 Container rggc97b791057-node18-1 Starting 
 Container rggc97b791057-node2-1 Starting 
 Container rggc97b791057-node8-1 Starting 
 Container rggc97b791057-node11-1 Starting 
 Container rggc97b791057-node4-1 Starting 
 Container rggc97b791057-node20-1 Starting 
 Container rggc97b791057-node21-1 Starting 
 Container rggc97b791057-node13-1 Starting 
 Container rggc97b791057-node17-1 Started 
 Container rggc97b791057-node16-1 Started 
 Container rggc97b791057-node8-1 Started 
 Container rggc97b791057-node19-1 Started 
 Container rggc97b791057-node22-1 Started 
 Container rggc97b791057-node6-1 Started 
 Container rggc97b791057-node5-1 Started 
 Container rggc97b791057-node12-1 Started 
 Container rggc97b791057-node0-1 Started 
 Container rggc97b791057-node7-1 Started 
 Container rggc97b791057-node21-1 Started 
 Container rggc97b791057-node18-1 Started 
 Container rggc97b791057-node13-1 Started 
 Container rggc97b791057-node1-1 Started 
 Container rggc97b791057-node4-1 Started 
 Container rggc97b791057-node3-1 Started 
 Container rggc97b791057-node15-1 Started 
 Container rggc97b791057-node20-1 Started 
 Container rggc97b791057-node14-1 Started 
 Container rggc97b791057-node2-1 Started 
 Container rggc97b791057-node23-1 Started 
 Container rggc97b791057-node10-1 Started 
 Container rggc97b791057-node11-1 Started 
 Container rggc97b791057-node9-1 Started 
 Container rggc97b791057-driver-1 Starting 
 Container rggc97b791057-driver-1 Started 
0
