 Network rgg71324eaf2e_default Creating 
 Network rgg71324eaf2e_default Created 
 Container rgg71324eaf2e-collector-1 Creating 
 Container rgg71324eaf2e-collector-1 Created 
 Container rgg71324eaf2e-node14-1 Creating 
 Container rgg71324eaf2e-node13-1 Creating 
 Container rgg71324eaf2e-node8-1 Creating 
 Container rgg71324eaf2e-node10-1 Creating 
 Container rgg71324eaf2e-node4-1 Creating 
 Container rgg71324eaf2e-node11-1 Creating 
 Container rgg71324eaf2e-node5-1 Creating 
 Container rgg71324eaf2e-node7-1 Creating 
 Container rgg71324eaf2e-node9-1 Creating 
 Container rgg71324eaf2e-node6-1 Creating 
 Container rgg71324eaf2e-node1-1 Creating 
 Container rgg71324eaf2e-node12-1 Creating 
 Container rgg71324eaf2e-node2-1 Creating 
 Container rgg71324eaf2e-node3-1 Creating 
 Container rgg71324eaf2e-node15-1 Creating 
 Container rgg71324eaf2e-node0-1 Creating 
 Container rgg71324eaf2e-node14-1 Created 
 Container rgg71324eaf2e-node5-1 Created 
 Container rgg71324eaf2e-node3-1 Created 
 Container rgg71324eaf2e-node11-1 Created 
 Container rgg71324eaf2e-node7-1 Created 
 Container rgg71324eaf2e-node4-1 Created 
 Container rgg71324eaf2e-node9-1 Created 
 Container rgg71324eaf2e-node13-1 Created 
 Container rgg71324eaf2e-node10-1 Created 
 Container rgg71324eaf2e-node15-1 Created 
 Container rgg71324eaf2e-node8-1 Created 
 Container rgg71324eaf2e-node2-1 Created 
 Container rgg71324eaf2e-node6-1 Created 
 Container rgg71324eaf2e-node0-1 Created 
 Container rgg71324eaf2e-node12-1 Created 
 Container rgg71324eaf2e-node1-1 Created 
 Container rgg71324eaf2e-driver-1 Creating 
 Container rgg71324eaf2e-driver-1 Created 
 Container rgg71324eaf2e-collector-1 Starting 
 Container rgg71324eaf2e-collector-1 Started 
 Container rgg71324eaf2e-node3-1 Starting 
 Container rgg71324eaf2e-node11-1 Starting 
 Container rgg71324eaf2e-node1-1 Starting 
 Container rgg71324eaf2e-node7-1 Starting 
 Container rgg71324eaf2e-node0-1 Starting 
 Container rgg71324eaf2e-node14-1 Starting 
 Container rgg71324eaf2e-node12-1 Starting 
 Container rgg71324eaf2e-node2-1 Starting 
 Container rgg71324eaf2e-node8-1 Starting 
 Container rgg71324eaf2e-node10-1 Starting 
 Container rgg71324eaf2e-node13-1 Starting 
 Container rgg71324eaf2e-node5-1 Starting 
 Container rgg71324eaf2e-node15-1 Starting 
 Container rgg71324eaf2e-node9-1 Starting 
 Container rgg71324eaf2e-node4-1 Starting 
 Container rgg71324eaf2e-node6-1 Starting 
 Container rgg71324eaf2e-node1-1 Started 
 Container rgg71324eaf2e-node3-1 Started 
 Container rgg71324eaf2e-node11-1 Started 
 Container rgg71324eaf2e-node10-1 Started 
 Container rgg71324eaf2e-node2-1 Started 
 Container rgg71324eaf2e-node5-1 Started 
 Container rgg71324eaf2e-node12-1 Started 
 Container rgg71324eaf2e-node13-1 Started 
 Container rgg71324eaf2e-node9-1 Started 
 Container rgg71324eaf2e-node8-1 Started 
 Container rgg71324eaf2e-node0-1 Started 
 Container rgg71324eaf2e-node14-1 Started 
 Container rgg71324eaf2e-node15-1 Started 
 Container rgg71324eaf2e-node7-1 Started 
 Container rgg71324eaf2e-node6-1 Started 
 Container rgg71324eaf2e-node4-1 Started 
 Container rgg71324eaf2e-driver-1 Starting 
 Container rgg71324eaf2e-driver-1 Started 
0
