 Network rgg7f12bb7f18_default Creating 
 Network rgg7f12bb7f18_default Created 
 Container rgg7f12bb7f18-collector-1 Creating 
 Container rgg7f12bb7f18-collector-1 Created 
 Container rgg7f12bb7f18-node6-1 Creating 
 Container rgg7f12bb7f18-node0-1 Creating 
 Container rgg7f12bb7f18-node13-1 Creating 
 Container rgg7f12bb7f18-node15-1 Creating 
 Container rgg7f12bb7f18-node4-1 Creating 
 Container rgg7f12bb7f18-node3-1 Creating 
 Container rgg7f12bb7f18-node1-1 Creating 
 Container rgg7f12bb7f18-node2-1 Creating 
 Container rgg7f12bb7f18-node10-1 Creating 
 Container rgg7f12bb7f18-node9-1 Creating 
 Container rgg7f12bb7f18-node5-1 Creating 
 Container rgg7f12bb7f18-node8-1 Creating 
 Container rgg7f12bb7f18-node14-1 Creating 
 Container rgg7f12bb7f18-node11-1 Creating 
 Container rgg7f12bb7f18-node7-1 Creating 
 Container rgg7f12bb7f18-node12-1 Creating 
 Container rgg7f12bb7f18-node6-1 Created 
 Container rgg7f12bb7f18-node0-1 Created 
 Container rgg7f12bb7f18-node1-1 Created 
 Container rgg7f12bb7f18-node10-1 Created 
 Container rgg7f12bb7f18-node11-1 Created 
 Container rgg7f12bb7f18-node8-1 Created 
 Container rgg7f12bb7f18-node5-1 Created 
 Container rgg7f12bb7f18-node3-1 Created 
 Container rgg7f12bb7f18-node4-1 Created 
 Container rgg7f12bb7f18-node12-1 Created 
 Container rgg7f12bb7f18-node2-1 Created 
 Container rgg7f12bb7f18-node15-1 Created 
 Container rgg7f12bb7f18-node14-1 Created 
 Container rgg7f12bb7f18-node9-1 Created 
 Container rgg7f12bb7f18-node7-1 Created 
 Container rgg7f12bb7f18-node13-1 Created 
 Container rgg7f12bb7f18-driver-1 Creating 
 Container rgg7f12bb7f18-driver-1 Created 
 Container rgg7f12bb7f18-collector-1 Starting 
 Container rgg7f12bb7f18-collector-1 Started 
 Container rgg7f12bb7f18-node14-1 Starting 
 Container rgg7f12bb7f18-node0-1 Starting 
 Container rgg7f12bb7f18-node1-1 Starting 
 Container rgg7f12bb7f18-node8-1 Starting 
 Container rgg7f12bb7f18-node10-1 Starting 
 Container rgg7f12bb7f18-node6-1 Starting 
 Container rgg7f12bb7f18-node7-1 Starting 
 Container rgg7f12bb7f18-node13-1 Starting 
 Container rgg7f12bb7f18-node15-1 Starting 
 Container rgg7f12bb7f18-node11-1 Starting 
 Container rgg7f12bb7f18-node9-1 Starting 
 Container rgg7f12bb7f18-node5-1 Starting 
 Container rgg7f12bb7f18-node3-1 Starting 
 Container rgg7f12bb7f18-node12-1 Starting 
 Container rgg7f12bb7f18-node4-1 Starting 
 Container rgg7f12bb7f18-node2-1 Starting 
 Container rgg7f12bb7f18-node12-1 Started 
 Container rgg7f12bb7f18-node1-1 Started 
 Container rgg7f12bb7f18-node4-1 Started 
 Container rgg7f12bb7f18-node6-1 Started 
 Container rgg7f12bb7f18-node8-1 Started 
 Container rgg7f12bb7f18-node0-1 Started 
 Container rgg7f12bb7f18-node2-1 Started 
 Container rgg7f12bb7f18-node15-1 Started 
 Container rgg7f12bb7f18-node5-1 Started 
 Container rgg7f12bb7f18-node13-1 Started 
 Container rgg7f12bb7f18-node3-1 Started 
 Container rgg7f12bb7f18-node7-1 Started 
 Container rgg7f12bb7f18-node11-1 Started 
 Container rgg7f12bb7f18-node9-1 Started 
 Container rgg7f12bb7f18-node10-1 Started 
 Container rgg7f12bb7f18-node14-1 Started 
 Container rgg7f12bb7f18-driver-1 Starting 
 Container rgg7f12bb7f18-driver-1 Started 
0
