 Network rgg0e53e67a41_default Creating 
 Network rgg0e53e67a41_default Created 
 Container rgg0e53e67a41-collector-1 Creating 
 Container rgg0e53e67a41-collector-1 Created 
 Container rgg0e53e67a41-node14-1 Creating 
 Container rgg0e53e67a41-node5-1 Creating 
 Container rgg0e53e67a41-node10-1 Creating 
 Container rgg0e53e67a41-node13-1 Creating 
 Container rgg0e53e67a41-node12-1 Creating 
 Container rgg0e53e67a41-node0-1 Creating 
 Container rgg0e53e67a41-node3-1 Creating 
 Container rgg0e53e67a41-node2-1 Creating 
 Container rgg0e53e67a41-node6-1 Creating 
 Container rgg0e53e67a41-node9-1 Creating 
 Container rgg0e53e67a41-node1-1 Creating 
 Container rgg0e53e67a41-node11-1 Creating 
 Container rgg0e53e67a41-node8-1 Creating 
 Container rgg0e53e67a41-node7-1 Creating 
 Container rgg0e53e67a41-node15-1 Creating 
 Container rgg0e53e67a41-node4-1 Creating 
 Container rgg0e53e67a41-node12-1 Created 
 Container rgg0e53e67a41-node3-1 Created 
 Container rgg0e53e67a41-node7-1 Created 
 Container rgg0e53e67a41-node2-1 Created 
 Container rgg0e53e67a41-node1-1 Created 
 Container rgg0e53e67a41-node6-1 Created 
 Container rgg0e53e67a41-node8-1 Created 
 Container rgg0e53e67a41-node0-1 Created 
 Container rgg0e53e67a41-node15-1 Created 
 Container rgg0e53e67a41-node14-1 Created 
 Container rgg0e53e67a41-node4-1 Created 
 Container rgg0e53e67a41-node13-1 Created 
 Container rgg0e53e67a41-node11-1 Created 
 Container rgg0e53e67a41-node5-1 Created 
 Container rgg0e53e67a41-node10-1 Created 
 Container rgg0e53e67a41-node9-1 Created 
 Container rgg0e53e67a41-driver-1 Creating 
 Container rgg0e53e67a41-driver-1 Created 
 Container rgg0e53e67a41-collector-1 Starting 
 Container rgg0e53e67a41-collector-1 Started 
 Container rgg0e53e67a41-node14-1 Starting 
 Container rgg0e53e67a41-node10-1 Starting 
 Container rgg0e53e67a41-node13-1 Starting 
 Container rgg0e53e67a41-node11-1 Starting 
 Container rgg0e53e67a41-node2-1 Starting 
 Container rgg0e53e67a41-node8-1 Starting 
 Container rgg0e53e67a41-node1-1 Starting 
 Container rgg0e53e67a41-node9-1 Starting 
 Container rgg0e53e67a41-node6-1 Starting 
 Container rgg0e53e67a41-node12-1 Starting 
 Container rgg0e53e67a41-node0-1 Starting 
 Container rgg0e53e67a41-node15-1 Starting 
 Container rgg0e53e67a41-node5-1 Starting 
 Container rgg0e53e67a41-node3-1 Starting 
 Container rgg0e53e67a41-node7-1 Starting 
 Container rgg0e53e67a41-node4-1 Starting 
 Container rgg0e53e67a41-node10-1 Started 
 Container rgg0e53e67a41-node14-1 Started 
 Container rgg0e53e67a41-node5-1 Started 
 Container rgg0e53e67a41-node4-1 Started 
 Container rgg0e53e67a41-node8-1 Started 
 Container rgg0e53e67a41-node1-1 Started 
 Container rgg0e53e67a41-node7-1 Started 
 Container rgg0e53e67a41-node13-1 Started 
 Container rgg0e53e67a41-node12-1 Started 
 Container rgg0e53e67a41-node2-1 Started 
 Container rgg0e53e67a41-node15-1 Started 
 Container rgg0e53e67a41-node9-1 Started 
 Container rgg0e53e67a41-node3-1 Started 
 Container rgg0e53e67a41-node0-1 Started 
 Container rgg0e53e67a41-node11-1 Started 
 Container rgg0e53e67a41-node6-1 Started 
 Container rgg0e53e67a41-driver-1 Starting 
 Container rgg0e53e67a41-driver-1 Started 
0
