 Network rgg2a4b2bf544_default Creating 
 Network rgg2a4b2bf544_default Created 
 Container rgg2a4b2bf544-collector-1 Creating 
 Container rgg2a4b2bf544-collector-1 Created 
 Container rgg2a4b2bf544-node8-1 Creating 
 Container rgg2a4b2bf544-node3-1 Creating 
 Container rgg2a4b2bf544-node12-1 Creating 
 Container rgg2a4b2bf544-node1-1 Creating 
 Container rgg2a4b2bf544-node6-1 Creating 
 Container rgg2a4b2bf544-node2-1 Creating 
 Container rgg2a4b2bf544-node10-1 Creating 
 Container rgg2a4b2bf544-node14-1 Creating 
 Container rgg2a4b2bf544-node0-1 Creating 
 Container rgg2a4b2bf544-node5-1 Creating 
 Container rgg2a4b2bf544-node4-1 Creating 
 Container rgg2a4b2bf544-node11-1 Creating 
 Container rgg2a4b2bf544-node9-1 Creating 
 Container rgg2a4b2bf544-node13-1 Creating 
 Container rgg2a4b2bf544-node7-1 Creating 
 Container rgg2a4b2bf544-node15-1 Creating 
 Container rgg2a4b2bf544-node10-1 Created 
 Container rgg2a4b2bf544-node2-1 Created 
 Container rgg2a4b2bf544-node7-1 Created 
 Container rgg2a4b2bf544-node3-1 Created 
 Container rgg2a4b2bf544-node8-1 Created 
 Container rgg2a4b2bf544-node9-1 Created 
 Container rgg2a4b2bf544-node11-1 Created 
 Container rgg2a4b2bf544-node15-1 Created 
 Container rgg2a4b2bf544-node12-1 Created 
 Container rgg2a4b2bf544-node13-1 Created 
 Container rgg2a4b2bf544-node14-1 Created 
 Container rgg2a4b2bf544-node0-1 Created 
 Container rgg2a4b2bf544-node5-1 Created 
 Container rgg2a4b2bf544-node4-1 Created 
 Container rgg2a4b2bf544-node1-1 Created 
 Container rgg2a4b2bf544-node6-1 Created 
 Container rgg2a4b2bf544-driver-1 Creating 
 Container rgg2a4b2bf544-driver-1 Created 
 Container rgg2a4b2bf544-collector-1 Starting 
 Container rgg2a4b2bf544-collector-1 Started 
 Container rgg2a4b2bf544-node7-1 Starting 
 Container rgg2a4b2bf544-node2-1 Starting 
 Container rgg2a4b2bf544-node8-1 Starting 
 Container rgg2a4b2bf544-node10-1 Starting 
 Container rgg2a4b2bf544-node1-1 Starting 
 Container rgg2a4b2bf544-node15-1 Starting 
 Container rgg2a4b2bf544-node11-1 Starting 
 Container rgg2a4b2bf544-node14-1 Starting 
 Container rgg2a4b2bf544-node3-1 Starting 
 Container rgg2a4b2bf544-node12-1 Starting 
 Container rgg2a4b2bf544-node13-1 Starting 
 Container rgg2a4b2bf544-node6-1 Starting 
 Container rgg2a4b2bf544-node4-1 Starting 
 Container rgg2a4b2bf544-node0-1 Starting 
 Container rgg2a4b2bf544-node9-1 Starting 
 Container rgg2a4b2bf544-node5-1 Starting 
 Container rgg2a4b2bf544-node7-1 Started 
 Container rgg2a4b2bf544-node2-1 Started 
 Container rgg2a4b2bf544-node14-1 Started 
 Container rgg2a4b2bf544-node0-1 Started 
 Container rgg2a4b2bf544-node8-1 Started 
 Container rgg2a4b2bf544-node11-1 Started 
 Container rgg2a4b2bf544-node1-1 Started 
 Container rgg2a4b2bf544-node6-1 Started 
 Container rgg2a4b2bf544-node9-1 Started 
 Container rgg2a4b2bf544-node10-1 Started 
 Container rgg2a4b2bf544-node5-1 Started 
 Container rgg2a4b2bf544-node12-1 Started 
 Container rgg2a4b2bf544-node15-1 Started 
 Container rgg2a4b2bf544-node4-1 Started 
 Container rgg2a4b2bf544-node13-1 Started 
 Container rgg2a4b2bf544-node3-1 Started 
 Container rgg2a4b2bf544-driver-1 Starting 
 Container rgg2a4b2bf544-driver-1 Started 
0
