 Network rgg9f827e43d1_default Creating 
 Network rgg9f827e43d1_default Created 
 Container rgg9f827e43d1-collector-1 Creating 
 Container rgg9f827e43d1-collector-1 Created 
 Container rgg9f827e43d1-node4-1 Creating 
 Container rgg9f827e43d1-node12-1 Creating 
 Container rgg9f827e43d1-node11-1 Creating 
 Container rgg9f827e43d1-node6-1 Creating 
 Container rgg9f827e43d1-node15-1 Creating 
 Container rgg9f827e43d1-node9-1 Creating 
 Container rgg9f827e43d1-node10-1 Creating 
 Container rgg9f827e43d1-node8-1 Creating 
 Container rgg9f827e43d1-node1-1 Creating 
 Container rgg9f827e43d1-node2-1 Creating 
 Container rgg9f827e43d1-node7-1 Creating 
 Container rgg9f827e43d1-node14-1 Creating 
 Container rgg9f827e43d1-node5-1 Creating 
 Container rgg9f827e43d1-node13-1 Creating 
 Container rgg9f827e43d1-node3-1 Creating 
 Container rgg9f827e43d1-node0-1 Creating 
 Container rgg9f827e43d1-node4-1 Created 
 Container rgg9f827e43d1-node12-1 Created 
 Container rgg9f827e43d1-node10-1 Created 
 Container rgg9f827e43d1-node7-1 Created 
 Container rgg9f827e43d1-node2-1 Created 
 Container rgg9f827e43d1-node0-1 Created 
 Container rgg9f827e43d1-node13-1 Created 
 Container rgg9f827e43d1-node5-1 Created 
 Container rgg9f827e43d1-node15-1 Created 
 Container rgg9f827e43d1-node8-1 Created 
 Container rgg9f827e43d1-node3-1 Created 
 Container rgg9f827e43d1-node1-1 Created 
 Container rgg9f827e43d1-node6-1 Created 
 Container rgg9f827e43d1-node14-1 Created 
 Container rgg9f827e43d1-node11-1 Created 
 Container rgg9f827e43d1-node9-1 Created 
 Container rgg9f827e43d1-driver-1 Creating 
 Container rgg9f827e43d1-driver-1 Created 
 Container rgg9f827e43d1-collector-1 Starting 
 Container rgg9f827e43d1-collector-1 Started 
 Container rgg9f827e43d1-node3-1 Starting 
 Container rgg9f827e43d1-node9-1 Starting 
 Container rgg9f827e43d1-node5-1 Starting 
 Container rgg9f827e43d1-node1-1 Starting 
 Container rgg9f827e43d1-node13-1 Starting 
 Container rgg9f827e43d1-node11-1 Starting 
 Container rgg9f827e43d1-node12-1 Starting 
 Container rgg9f827e43d1-node14-1 Starting 
 Container rgg9f827e43d1-node4-1 Starting 
 Container rgg9f827e43d1-node8-1 Starting 
 Container rgg9f827e43d1-node2-1 Starting 
 Container rgg9f827e43d1-node0-1 Starting 
 Container rgg9f827e43d1-node6-1 Starting 
 Container rgg9f827e43d1-node7-1 Starting 
 Container rgg9f827e43d1-node10-1 Starting 
 Container rgg9f827e43d1-node15-1 Starting 
 Container rgg9f827e43d1-node1-1 Started 
 Container rgg9f827e43d1-node3-1 Started 
 Container rgg9f827e43d1-node9-1 Started 
 Container rgg9f827e43d1-node10-1 Started 
 Container rgg9f827e43d1-node8-1 Started 
 Container rgg9f827e43d1-node15-1 Started 
 Container rgg9f827e43d1-node12-1 Started 
 Container rgg9f827e43d1-node6-1 Started 
 Container rgg9f827e43d1-node11-1 Started 
 Container rgg9f827e43d1-node0-1 Started 
 Container rgg9f827e43d1-node2-1 Started 
 Container rgg9f827e43d1-node13-1 Started 
 Container rgg9f827e43d1-node14-1 Started 
 Container rgg9f827e43d1-node4-1 Started 
 Container rgg9f827e43d1-node5-1 Started 
 Container rgg9f827e43d1-node7-1 Started 
 Container rgg9f827e43d1-driver-1 Starting 
 Container rgg9f827e43d1-driver-1 Started 
0
