 Network rgg57ae5248df_default Creating 
 Network rgg57ae5248df_default Created 
 Container rgg57ae5248df-collector-1 Creating 
 Container rgg57ae5248df-collector-1 Created 
 Container rgg57ae5248df-node3-1 Creating 
 Container rgg57ae5248df-node7-1 Creating 
 Container rgg57ae5248df-node2-1 Creating 
 Container rgg57ae5248df-node0-1 Creating 
 Container rgg57ae5248df-node4-1 Creating 
 Container rgg57ae5248df-node13-1 Creating 
 Container rgg57ae5248df-node14-1 Creating 
 Container rgg57ae5248df-node9-1 Creating 
 Container rgg57ae5248df-node15-1 Creating 
 Container rgg57ae5248df-node6-1 Creating 
 Container rgg57ae5248df-node11-1 Creating 
 Container rgg57ae5248df-node1-1 Creating 
 Container rgg57ae5248df-node10-1 Creating 
 Container rgg57ae5248df-node12-1 Creating 
 Container rgg57ae5248df-node5-1 Creating 
 Container rgg57ae5248df-node8-1 Creating 
 Container rgg57ae5248df-node2-1 Created 
 Container rgg57ae5248df-node9-1 Created 
 Container rgg57ae5248df-node15-1 Created 
 Container rgg57ae5248df-node10-1 Created 
 Container rgg57ae5248df-node6-1 Created 
 Container rgg57ae5248df-node13-1 Created 
 Container rgg57ae5248df-node1-1 Created 
 Container rgg57ae5248df-node4-1 Created 
 Container rgg57ae5248df-node14-1 Created 
 Container rgg57ae5248df-node5-1 Created 
 Container rgg57ae5248df-node11-1 Created 
 Container rgg57ae5248df-node7-1 Created 
 Container rgg57ae5248df-node8-1 Created 
 Container rgg57ae5248df-node12-1 Created 
 Container rgg57ae5248df-node3-1 Created 
 Container rgg57ae5248df-node0-1 Created 
 Container rgg57ae5248df-driver-1 Creating 
 Container rgg57ae5248df-driver-1 Created 
 Container rgg57ae5248df-collector-1 Starting 
 Container rgg57ae5248df-collector-1 Started 
 Container rgg57ae5248df-node3-1 Starting 
 Container rgg57ae5248df-node14-1 Starting 
 Container rgg57ae5248df-node8-1 Starting 
 Container rgg57ae5248df-node10-1 Starting 
 Container rgg57ae5248df-node13-1 Starting 
 Container rgg57ae5248df-node1-1 Starting 
 Container rgg57ae5248df-node6-1 Starting 
 Container rgg57ae5248df-node5-1 Starting 
 Container rgg57ae5248df-node0-1 Starting 
 Container rgg57ae5248df-node12-1 Starting 
 Container rgg57ae5248df-node15-1 Starting 
 Container rgg57ae5248df-node9-1 Starting 
 Container rgg57ae5248df-node11-1 Starting 
 Container rgg57ae5248df-node7-1 Starting 
 Container rgg57ae5248df-node4-1 Starting 
 Container rgg57ae5248df-node2-1 Starting 
 Container rgg57ae5248df-node8-1 Started 
 Container rgg57ae5248df-node11-1 Started 
 Container rgg57ae5248df-node14-1 Started 
 Container rgg57ae5248df-node3-1 Started 
 Container rgg57ae5248df-node0-1 Started 
 Container rgg57ae5248df-node15-1 Started 
 Container rgg57ae5248df-node10-1 Started 
 Container rgg57ae5248df-node12-1 Started 
 Container rgg57ae5248df-node5-1 Started 
 Container rgg57ae5248df-node2-1 Started 
 Container rgg57ae5248df-node4-1 Started 
 Container rgg57ae5248df-node6-1 Started 
 Container rgg57ae5248df-node13-1 Started 
 Container rgg57ae5248df-node9-1 Started 
 Container rgg57ae5248df-node1-1 Started 
 Container rgg57ae5248df-node7-1 Started 
 Container rgg57ae5248df-driver-1 Starting 
 Container rgg57ae5248df-driver-1 Started 
0
