 Network rgg8f963b3829_default Creating 
 Network rgg8f963b3829_default Created 
 Container rgg8f963b3829-collector-1 Creating 
 Container rgg8f963b3829-collector-1 Created 
 Container rgg8f963b3829-node6-1 Creating 
 Container rgg8f963b3829-node9-1 Creating 
 Container rgg8f963b3829-node15-1 Creating 
 Container rgg8f963b3829-node3-1 Creating 
 Container rgg8f963b3829-node13-1 Creating 
 Container rgg8f963b3829-node14-1 Creating 
 Container rgg8f963b3829-node7-1 Creating 
 Container rgg8f963b3829-node2-1 Creating 
 Container rgg8f963b3829-node4-1 Creating 
 Container rgg8f963b3829-node1-1 Creating 
 Container rgg8f963b3829-node8-1 Creating 
 Container rgg8f963b3829-node11-1 Creating 
 Container rgg8f963b3829-node10-1 Creating 
 Container rgg8f963b3829-node5-1 Creating 
 Container rgg8f963b3829-node12-1 Creating 
 Container rgg8f963b3829-node0-1 Creating 
 Container rgg8f963b3829-node6-1 Created 
 Container rgg8f963b3829-node15-1 Created 
 Container rgg8f963b3829-node9-1 Created 
 Container rgg8f963b3829-node7-1 Created 
 Container rgg8f963b3829-node12-1 Created 
 Container rgg8f963b3829-node2-1 Created 
 Container rgg8f963b3829-node14-1 Created 
 Container rgg8f963b3829-node13-1 Created 
 Container rgg8f963b3829-node4-1 Created 
 Container rgg8f963b3829-node3-1 Created 
 Container rgg8f963b3829-node1-1 Created 
 Container rgg8f963b3829-node5-1 Created 
 Container rgg8f963b3829-node10-1 Created 
 Container rgg8f963b3829-node0-1 Created 
 Container rgg8f963b3829-node11-1 Created 
 Container rgg8f963b3829-node8-1 Created 
 Container rgg8f963b3829-driver-1 Creating 
 Container rgg8f963b3829-driver-1 Created 
 Container rgg8f963b3829-collector-1 Starting 
 Container rgg8f963b3829-collector-1 Started 
 Container rgg8f963b3829-node7-1 Starting 
 Container rgg8f963b3829-node9-1 Starting 
 Container rgg8f963b3829-node11-1 Starting 
 Container rgg8f963b3829-node4-1 Starting 
 Container rgg8f963b3829-node13-1 Starting 
 Container rgg8f963b3829-node15-1 Starting 
 Container rgg8f963b3829-node14-1 Starting 
 Container rgg8f963b3829-node5-1 Starting 
 Container rgg8f963b3829-node6-1 Starting 
 Container rgg8f963b3829-node0-1 Starting 
 Container rgg8f963b3829-node10-1 Starting 
 Container rgg8f963b3829-node2-1 Starting 
 Container rgg8f963b3829-node12-1 Starting 
 Container rgg8f963b3829-node3-1 Starting 
 Container rgg8f963b3829-node8-1 Starting 
 Container rgg8f963b3829-node1-1 Starting 
 Container rgg8f963b3829-node14-1 Started 
 Container rgg8f963b3829-node12-1 Started 
 Container rgg8f963b3829-node6-1 Started 
 Container rgg8f963b3829-node4-1 Started 
 Container rgg8f963b3829-node7-1 Started 
 Container rgg8f963b3829-node0-1 Started 
 Container rgg8f963b3829-node9-1 Started 
 Container rgg8f963b3829-node3-1 Started 
 Container rgg8f963b3829-node8-1 Started 
 Container rgg8f963b3829-node10-1 Started 
 Container rgg8f963b3829-node13-1 Started 
 Container rgg8f963b3829-node11-1 Started 
 Container rgg8f963b3829-node1-1 Started 
 Container rgg8f963b3829-node15-1 Started 
 Container rgg8f963b3829-node2-1 Started 
 Container rgg8f963b3829-node5-1 Started 
 Container rgg8f963b3829-driver-1 Starting 
 Container rgg8f963b3829-driver-1 Started 
0
