 Network rggb73b054050_default Creating 
 Network rggb73b054050_default Created 
 Container rggb73b054050-collector-1 Creating 
 Container rggb73b054050-collector-1 Created 
 Container rggb73b054050-node1-1 Creating 
 Container rggb73b054050-node6-1 Creating 
 Container rggb73b054050-node7-1 Creating 
 Container rggb73b054050-node22-1 Creating 
 Container rggb73b054050-node16-1 Creating 
 Container rggb73b054050-node17-1 Creating 
 Container rggb73b054050-node19-1 Creating 
 Container rggb73b054050-node10-1 Creating 
 Container rggb73b054050-node11-1 Creating 
 Container rggb73b054050-node18-1 Creating 
 Container rggb73b054050-node20-1 Creating 
 Container rggb73b054050-node21-1 Creating 
 Container rggb73b054050-node5-1 Creating 
 Container rggb73b054050-node14-1 Creating 
 Container rggb73b054050-node23-1 Creating 
 Container rggb73b054050-node8-1 Creating 
 Container rggb73b054050-node4-1 Creating 
 Container rggb73b054050-node9-1 Creating 
 Container rggb73b054050-node0-1 Creating 
 Container rggb73b054050-node13-1 Creating 
 Container rggb73b054050-node12-1 Creating 
 Container rggb73b054050-node3-1 Creating 
 Container rggb73b054050-node2-1 Creating 
 Container rggb73b054050-node15-1 Creating 
 Container rggb73b054050-node0-1 Created 
 Container rggb73b054050-node21-1 Created 
 Container rggb73b054050-node22-1 Created 
 Container rggb73b054050-node1-1 Created 
 Container rggb73b054050-node3-1 Created 
 Container rggb73b054050-node23-1 Created 
 Container rggb73b054050-node9-1 Created 
 Container rggb73b054050-node7-1 Created 
 Container rggb73b054050-node15-1 Created 
 Container rggb73b054050-node16-1 Created 
 Container rggb73b054050-node18-1 Created 
 Container rggb73b054050-node2-1 Created 
 Container rggb73b054050-node13-1 Created 
 Container rggb73b054050-node11-1 Created 
 Container rggb73b054050-node8-1 Created 
 Container rggb73b054050-node4-1 Created 
 Container rggb73b054050-node5-1 Created 
 Container rggb73b054050-node12-1 Created 
 Container rggb73b054050-node10-1 Created 
 Container rggb73b054050-node20-1 Created 
 Container rggb73b054050-node19-1 Created 
 Container rggb73b054050-node6-1 Created 
 Container rggb73b054050-node14-1 Created 
 Container rggb73b054050-node17-1 Created 
 Container rggb73b054050-driver-1 Creating 
 Container rggb73b054050-driver-1 Created 
 Container rggb73b054050-collector-1 Starting 
 Container rggb73b054050-collector-1 Started 
 Container rggb73b054050-node15-1 Starting 
 Container rggb73b054050-node0-1 Starting 
 Container rggb73b054050-node12-1 Starting 
 Container rggb73b054050-node4-1 Starting 
 Container rggb73b054050-node18-1 Starting 
 Container rggb73b054050-node13-1 Starting 
 Container rggb73b054050-node16-1 Starting 
 Container rggb73b054050-node6-1 Starting 
 Container rggb73b054050-node7-1 Starting 
 Container rggb73b054050-node22-1 Starting 
 Container rggb73b054050-node10-1 Starting 
 Container rggb73b054050-node5-1 Starting 
 Container rggb73b054050-node1-1 Starting 
 Container rggb73b054050-node9-1 Starting 
 Container rggb73b054050-node3-1 Starting 
 Container rggb73b054050-node20-1 Starting 
 Container rggb73b054050-node11-1 Starting 
 Container rggb73b054050-node23-1 Starting 
 Container rggb73b054050-node8-1 Starting 
 Container rggb73b054050-node2-1 Starting 
 Container rggb73b054050-node19-1 Starting 
 Container rggb73b054050-node21-1 Starting 
 Container rggb73b054050-node17-1 Starting 
 Container rggb73b054050-node14-1 Starting 
 Container rggb73b054050-node11-1 Started 
 Container rggb73b054050-node15-1 Started 
 Container rggb73b054050-node4-1 Started 
 Container rggb73b054050-node19-1 Started 
 Container rggb73b054050-node0-1 Started 
 Container rggb73b054050-node8-1 Started 
 Container rggb73b054050-node2-1 Started 
 Container rggb73b054050-node20-1 Started 
 Container rggb73b054050-node21-1 Started 
 Container rggb73b054050-node3-1 Started 
 Container rggb73b054050-node14-1 Started 
 Container rggb73b054050-node17-1 Started 
 Container rggb73b054050-node5-1 Started 
 Container rggb73b054050-node16-1 Started 
 Container rggb73b054050-node12-1 Started 
 Container rggb73b054050-node1-1 Started 
 Container rggb73b054050-node6-1 Started 
 Container rggb73b054050-node10-1 Started 
 Container rggb73b054050-node22-1 Started 
 Container rggb73b054050-node9-1 Started 
 Container rggb73b054050-node18-1 Started 
 Container rggb73b054050-node13-1 Started 
 Container rggb73b054050-node7-1 Started 
 Container rggb73b054050-node23-1 Started 
 Container rggb73b054050-driver-1 Starting 
 Container rggb73b054050-driver-1 Started 
0
