 Network rgg92aa50907e_default Creating 
 Network rgg92aa50907e_default Created 
 Container rgg92aa50907e-collector-1 Creating 
 Container rgg92aa50907e-collector-1 Created 
 Container rgg92aa50907e-node9-1 Creating 
 Container rgg92aa50907e-node0-1 Creating 
 Container rgg92aa50907e-node7-1 Creating 
 Container rgg92aa50907e-node6-1 Creating 
 Container rgg92aa50907e-node4-1 Creating 
 Container rgg92aa50907e-node1-1 Creating 
 Container rgg92aa50907e-node2-1 Creating 
 Container rgg92aa50907e-node10-1 Creating 
 Container rgg92aa50907e-node5-1 Creating 
 Container rgg92aa50907e-node13-1 Creating 
 Container rgg92aa50907e-node8-1 Creating 
 Container rgg92aa50907e-node12-1 Creating 
 Container rgg92aa50907e-node3-1 Creating 
 Container rgg92aa50907e-node14-1 Creating 
 Container rgg92aa50907e-node11-1 Creating 
 Container rgg92aa50907e-node15-1 Creating 
 Container rgg92aa50907e-node1-1 Created 
 Container rgg92aa50907e-node7-1 Created 
 Container rgg92aa50907e-node13-1 Created 
 Container rgg92aa50907e-node9-1 Created 
 Container rgg92aa50907e-node15-1 Created 
 Container rgg92aa50907e-node0-1 Created 
 Container rgg92aa50907e-node10-1 Created 
 Container rgg92aa50907e-node11-1 Created 
 Container rgg92aa50907e-node14-1 Created 
 Container rgg92aa50907e-node3-1 Created 
 Container rgg92aa50907e-node12-1 Created 
 Container rgg92aa50907e-node4-1 Created 
 Container rgg92aa50907e-node2-1 Created 
 Container rgg92aa50907e-node5-1 Created 
 Container rgg92aa50907e-node8-1 Created 
 Container rgg92aa50907e-node6-1 Created 
 Container rgg92aa50907e-collector-1 Starting 
 Container rgg92aa50907e-collector-1 Started 
 Container rgg92aa50907e-node10-1 Starting 
 Container rgg92aa50907e-node0-1 Starting 
 Container rgg92aa50907e-node4-1 Starting 
 Container rgg92aa50907e-node5-1 Starting 
 Container rgg92aa50907e-node15-1 Starting 
 Container rgg92aa50907e-node13-1 Starting 
 Container rgg92aa50907e-node9-1 Starting 
 Container rgg92aa50907e-node14-1 Starting 
 Container rgg92aa50907e-node3-1 Starting 
 Container rgg92aa50907e-node7-1 Starting 
 Container rgg92aa50907e-node8-1 Starting 
 Container rgg92aa50907e-node12-1 Starting 
 Container rgg92aa50907e-node1-1 Starting 
 Container rgg92aa50907e-node2-1 Starting 
 Container rgg92aa50907e-node6-1 Starting 
 Container rgg92aa50907e-node11-1 Starting 
 Container rgg92aa50907e-node5-1 Started 
 Container rgg92aa50907e-node10-1 Started 
 Container rgg92aa50907e-node1-1 Started 
 Container rgg92aa50907e-node7-1 Started 
 Container rgg92aa50907e-node6-1 Started 
 Container rgg92aa50907e-node3-1 Started 
 Container rgg92aa50907e-node2-1 Started 
 Container rgg92aa50907e-node14-1 Started 
 Container rgg92aa50907e-node11-1 Started 
 Container rgg92aa50907e-node15-1 Started 
 Container rgg92aa50907e-node13-1 Started 
 Container rgg92aa50907e-node0-1 Started 
 Container rgg92aa50907e-node4-1 Started 
 Container rgg92aa50907e-node9-1 Started 
 Container rgg92aa50907e-node12-1 Started 
 Container rgg92aa50907e-node8-1 Started 
READY_BARRIER: 14/16 node services ready
DRIVER_STARTED: 2026-07-26T22:33:00Z
0
