 Network rggd146787411_default Creating 
 Network rggd146787411_default Created 
 Container rggd146787411-collector-1 Creating 
 Container rggd146787411-collector-1 Created 
 Container rggd146787411-node4-1 Creating 
 Container rggd146787411-node8-1 Creating 
 Container rggd146787411-node16-1 Creating 
 Container rggd146787411-node13-1 Creating 
 Container rggd146787411-node7-1 Creating 
 Container rggd146787411-node23-1 Creating 
 Container rggd146787411-node15-1 Creating 
 Container rggd146787411-node6-1 Creating 
 Container rggd146787411-node14-1 Creating 
 Container rggd146787411-node20-1 Creating 
 Container rggd146787411-node10-1 Creating 
 Container rggd146787411-node9-1 Creating 
 Container rggd146787411-node5-1 Creating 
 Container rggd146787411-node21-1 Creating 
 Container rggd146787411-node18-1 Creating 
 Container rggd146787411-node19-1 Creating 
 Container rggd146787411-node22-1 Creating 
 Container rggd146787411-node0-1 Creating 
 Container rggd146787411-node11-1 Creating 
 Container rggd146787411-node3-1 Creating 
 Container rggd146787411-node2-1 Creating 
 Container rggd146787411-node17-1 Creating 
 Container rggd146787411-node12-1 Creating 
 Container rggd146787411-node1-1 Creating 
 Container rggd146787411-node0-1 Created 
 Container rggd146787411-node4-1 Created 
 Container rggd146787411-node2-1 Created 
 Container rggd146787411-node14-1 Created 
 Container rggd146787411-node8-1 Created 
 Container rggd146787411-node11-1 Created 
 Container rggd146787411-node5-1 Created 
 Container rggd146787411-node9-1 Created 
 Container rggd146787411-node19-1 Created 
 Container rggd146787411-node16-1 Created 
 Container rggd146787411-node18-1 Created 
 Container rggd146787411-node21-1 Created 
 Container rggd146787411-node13-1 Created 
 Container rggd146787411-node17-1 Created 
 Container rggd146787411-node10-1 Created 
 Container rggd146787411-node6-1 Created 
 Container rggd146787411-node20-1 Created 
 Container rggd146787411-node23-1 Created 
 Container rggd146787411-node1-1 Created 
 Container rggd146787411-node7-1 Created 
 Container rggd146787411-node15-1 Created 
 Container rggd146787411-node22-1 Created 
 Container rggd146787411-node3-1 Created 
 Container rggd146787411-node12-1 Created 
 Container rggd146787411-collector-1 Starting 
 Container rggd146787411-collector-1 Started 
 Container rggd146787411-node17-1 Starting 
 Container rggd146787411-node8-1 Starting 
 Container rggd146787411-node23-1 Starting 
 Container rggd146787411-node4-1 Starting 
 Container rggd146787411-node19-1 Starting 
 Container rggd146787411-node5-1 Starting 
 Container rggd146787411-node3-1 Starting 
 Container rggd146787411-node10-1 Starting 
 Container rggd146787411-node6-1 Starting 
 Container rggd146787411-node9-1 Starting 
 Container rggd146787411-node7-1 Starting 
 Container rggd146787411-node13-1 Starting 
 Container rggd146787411-node21-1 Starting 
 Container rggd146787411-node0-1 Starting 
 Container rggd146787411-node2-1 Starting 
 Container rggd146787411-node16-1 Starting 
 Container rggd146787411-node12-1 Starting 
 Container rggd146787411-node11-1 Starting 
 Container rggd146787411-node15-1 Starting 
 Container rggd146787411-node22-1 Starting 
 Container rggd146787411-node20-1 Starting 
 Container rggd146787411-node14-1 Starting 
 Container rggd146787411-node1-1 Starting 
 Container rggd146787411-node18-1 Starting 
 Container rggd146787411-node19-1 Started 
 Container rggd146787411-node21-1 Started 
 Container rggd146787411-node7-1 Started 
 Container rggd146787411-node22-1 Started 
 Container rggd146787411-node23-1 Started 
 Container rggd146787411-node18-1 Started 
 Container rggd146787411-node9-1 Started 
 Container rggd146787411-node8-1 Started 
 Container rggd146787411-node20-1 Started 
 Container rggd146787411-node6-1 Started 
 Container rggd146787411-node11-1 Started 
 Container rggd146787411-node5-1 Started 
 Container rggd146787411-node0-1 Started 
 Container rggd146787411-node16-1 Started 
 Container rggd146787411-node15-1 Started 
 Container rggd146787411-node17-1 Started 
 Container rggd146787411-node1-1 Started 
 Container rggd146787411-node4-1 Started 
 Container rggd146787411-node13-1 Started 
 Container rggd146787411-node14-1 Started 
 Container rggd146787411-node3-1 Started 
 Container rggd146787411-node12-1 Started 
 Container rggd146787411-node2-1 Started 
 Container rggd146787411-node10-1 Started 
NETEM_APPLIED node0 iface=eth0: qdisc netem 8841: root refcnt 17 limit 1000 delay 50ms  10ms seed 6279660085634554081
NETEM_APPLIED node1 iface=eth0: qdisc netem 8842: root refcnt 17 limit 1000 delay 50ms  10ms seed 5632282042013316456
NETEM_APPLIED node2 iface=eth0: qdisc netem 8843: root refcnt 17 limit 1000 delay 50ms  10ms seed 2183489396107716091
NETEM_APPLIED node3 iface=eth0: qdisc netem 8844: root refcnt 17 limit 1000 delay 50ms  10ms seed 17288157846950569832
NETEM_APPLIED node4 iface=eth0: qdisc netem 8845: root refcnt 17 limit 1000 delay 50ms  10ms seed 13381503193450905188
NETEM_APPLIED node5 iface=eth0: qdisc netem 8846: root refcnt 17 limit 1000 delay 50ms  10ms seed 17533063155079423907
NETEM_APPLIED node6 iface=eth0: qdisc netem 8847: root refcnt 17 limit 1000 delay 50ms  10ms seed 7591178989607412431
NETEM_APPLIED node7 iface=eth0: qdisc netem 8848: root refcnt 17 limit 1000 delay 50ms  10ms seed 11340677015152516315
NETEM_APPLIED node8 iface=eth0: qdisc netem 8849: root refcnt 17 limit 1000 delay 50ms  10ms seed 9204018815202145074
NETEM_APPLIED node9 iface=eth0: qdisc netem 884a: root refcnt 17 limit 1000 delay 50ms  10ms seed 17613128551696406338
NETEM_APPLIED node10 iface=eth0: qdisc netem 884b: root refcnt 17 limit 1000 delay 50ms  10ms seed 15817439108133773043
NETEM_APPLIED node11 iface=eth0: qdisc netem 884c: root refcnt 17 limit 1000 delay 50ms  10ms seed 17940774614123783880
NETEM_APPLIED node12 iface=eth0: qdisc netem 884d: root refcnt 17 limit 1000 delay 50ms  10ms seed 4092167248196302693
NETEM_APPLIED node13 iface=eth0: qdisc netem 884e: root refcnt 17 limit 1000 delay 50ms  10ms seed 7630380903994633042
NETEM_APPLIED node14 iface=eth0: qdisc netem 884f: root refcnt 17 limit 1000 delay 50ms  10ms seed 3420167325349892347
NETEM_APPLIED node15 iface=eth0: qdisc netem 8850: root refcnt 17 limit 1000 delay 50ms  10ms seed 5062738819785852306
NETEM_APPLIED node16 iface=eth0: qdisc netem 8851: root refcnt 17 limit 1000 delay 50ms  10ms seed 16960127367353979454
NETEM_APPLIED node17 iface=eth0: qdisc netem 8852: root refcnt 17 limit 1000 delay 50ms  10ms seed 2036324629515624369
NETEM_APPLIED node18 iface=eth0: qdisc netem 8853: root refcnt 17 limit 1000 delay 50ms  10ms seed 17164556213532111204
NETEM_APPLIED node19 iface=eth0: qdisc netem 8854: root refcnt 17 limit 1000 delay 50ms  10ms seed 3759165674872173440
NETEM_APPLIED node20 iface=eth0: qdisc netem 8855: root refcnt 17 limit 1000 delay 50ms  10ms seed 860173092737811497
NETEM_APPLIED node21 iface=eth0: qdisc netem 8856: root refcnt 17 limit 1000 delay 50ms  10ms seed 12005297817455355110
NETEM_APPLIED node22 iface=eth0: qdisc netem 8857: root refcnt 17 limit 1000 delay 50ms  10ms seed 1258808194784478580
NETEM_APPLIED node23 iface=eth0: qdisc netem 8858: root refcnt 17 limit 1000 delay 50ms  10ms seed 10161846278437049973
NETEM_RTT_GATE OK: baseline=0.1ms actual=98.0ms increase=97.9ms
DRIVER_STARTED: 2026-07-15T07:26:54Z
0
QDSK_CLEANUP_FAIL node0: Command '['docker', 'exec', 'rggd146787411-node0-1', 'sh', '-c', "ip -o -4 addr show scope global 2>/dev/null | head -1 | awk '{print $2}'"]' returned non-zero exit status 1.
QDSK_CLEANUP_FAIL node1: Command '['docker', 'exec', 'rggd146787411-node1-1', 'sh', '-c', "ip -o -4 addr show scope global 2>/dev/null | head -1 | awk '{print $2}'"]' returned non-zero exit status 1.
QDSK_CLEANUP_FAIL node2: Command '['docker', 'exec', 'rggd146787411-node2-1', 'sh', '-c', "ip -o -4 addr show scope global 2>/dev/null | head -1 | awk '{print $2}'"]' returned non-zero exit status 1.
QDSK_CLEANUP_FAIL node3: Command '['docker', 'exec', 'rggd146787411-node3-1', 'sh', '-c', "ip -o -4 addr show scope global 2>/dev/null | head -1 | awk '{print $2}'"]' returned non-zero exit status 1.
QDSK_CLEANUP_FAIL node4: Command '['docker', 'exec', 'rggd146787411-node4-1', 'sh', '-c', "ip -o -4 addr show scope global 2>/dev/null | head -1 | awk '{print $2}'"]' returned non-zero exit status 1.
QDSK_CLEANUP_FAIL node5: Command '['docker', 'exec', 'rggd146787411-node5-1', 'sh', '-c', "ip -o -4 addr show scope global 2>/dev/null | head -1 | awk '{print $2}'"]' returned non-zero exit status 1.
QDSK_CLEANUP_FAIL node6: Command '['docker', 'exec', 'rggd146787411-node6-1', 'sh', '-c', "ip -o -4 addr show scope global 2>/dev/null | head -1 | awk '{print $2}'"]' returned non-zero exit status 1.
QDSK_CLEANUP_FAIL node7: Command '['docker', 'exec', 'rggd146787411-node7-1', 'sh', '-c', "ip -o -4 addr show scope global 2>/dev/null | head -1 | awk '{print $2}'"]' returned non-zero exit status 1.
QDSK_CLEANUP_FAIL node8: Command '['docker', 'exec', 'rggd146787411-node8-1', 'sh', '-c', "ip -o -4 addr show scope global 2>/dev/null | head -1 | awk '{print $2}'"]' returned non-zero exit status 1.
QDSK_CLEANUP_FAIL node9: Command '['docker', 'exec', 'rggd146787411-node9-1', 'sh', '-c', "ip -o -4 addr show scope global 2>/dev/null | head -1 | awk '{print $2}'"]' returned non-zero exit status 1.
QDSK_CLEANUP_FAIL node10: Command '['docker', 'exec', 'rggd146787411-node10-1', 'sh', '-c', "ip -o -4 addr show scope global 2>/dev/null | head -1 | awk '{print $2}'"]' returned non-zero exit status 1.
QDSK_CLEANUP_FAIL node11: Command '['docker', 'exec', 'rggd146787411-node11-1', 'sh', '-c', "ip -o -4 addr show scope global 2>/dev/null | head -1 | awk '{print $2}'"]' returned non-zero exit status 1.
QDSK_CLEANUP_FAIL node12: Command '['docker', 'exec', 'rggd146787411-node12-1', 'sh', '-c', "ip -o -4 addr show scope global 2>/dev/null | head -1 | awk '{print $2}'"]' returned non-zero exit status 1.
QDSK_CLEANUP_FAIL node13: Command '['docker', 'exec', 'rggd146787411-node13-1', 'sh', '-c', "ip -o -4 addr show scope global 2>/dev/null | head -1 | awk '{print $2}'"]' returned non-zero exit status 1.
QDSK_CLEANUP_FAIL node14: Command '['docker', 'exec', 'rggd146787411-node14-1', 'sh', '-c', "ip -o -4 addr show scope global 2>/dev/null | head -1 | awk '{print $2}'"]' returned non-zero exit status 1.
QDSK_CLEANUP_FAIL node15: Command '['docker', 'exec', 'rggd146787411-node15-1', 'sh', '-c', "ip -o -4 addr show scope global 2>/dev/null | head -1 | awk '{print $2}'"]' returned non-zero exit status 1.
QDSK_CLEANUP_FAIL node16: Command '['docker', 'exec', 'rggd146787411-node16-1', 'sh', '-c', "ip -o -4 addr show scope global 2>/dev/null | head -1 | awk '{print $2}'"]' returned non-zero exit status 1.
QDSK_CLEANUP_FAIL node17: Command '['docker', 'exec', 'rggd146787411-node17-1', 'sh', '-c', "ip -o -4 addr show scope global 2>/dev/null | head -1 | awk '{print $2}'"]' returned non-zero exit status 1.
QDSK_CLEANUP_FAIL node18: Command '['docker', 'exec', 'rggd146787411-node18-1', 'sh', '-c', "ip -o -4 addr show scope global 2>/dev/null | head -1 | awk '{print $2}'"]' returned non-zero exit status 1.
QDSK_CLEANUP_FAIL node19: Command '['docker', 'exec', 'rggd146787411-node19-1', 'sh', '-c', "ip -o -4 addr show scope global 2>/dev/null | head -1 | awk '{print $2}'"]' returned non-zero exit status 1.
QDSK_CLEANUP_FAIL node20: Command '['docker', 'exec', 'rggd146787411-node20-1', 'sh', '-c', "ip -o -4 addr show scope global 2>/dev/null | head -1 | awk '{print $2}'"]' returned non-zero exit status 1.
QDSK_CLEANUP_FAIL node21: Command '['docker', 'exec', 'rggd146787411-node21-1', 'sh', '-c', "ip -o -4 addr show scope global 2>/dev/null | head -1 | awk '{print $2}'"]' returned non-zero exit status 1.
QDSK_CLEANUP_FAIL node22: Command '['docker', 'exec', 'rggd146787411-node22-1', 'sh', '-c', "ip -o -4 addr show scope global 2>/dev/null | head -1 | awk '{print $2}'"]' returned non-zero exit status 1.
QDSK_CLEANUP_FAIL node23: Command '['docker', 'exec', 'rggd146787411-node23-1', 'sh', '-c', "ip -o -4 addr show scope global 2>/dev/null | head -1 | awk '{print $2}'"]' returned non-zero exit status 1.
