 Network rggecb617b011_default Creating 
 Network rggecb617b011_default Created 
 Container rggecb617b011-collector-1 Creating 
 Container rggecb617b011-collector-1 Created 
 Container rggecb617b011-node5-1 Creating 
 Container rggecb617b011-node3-1 Creating 
 Container rggecb617b011-node1-1 Creating 
 Container rggecb617b011-node11-1 Creating 
 Container rggecb617b011-node10-1 Creating 
 Container rggecb617b011-node2-1 Creating 
 Container rggecb617b011-node6-1 Creating 
 Container rggecb617b011-node8-1 Creating 
 Container rggecb617b011-node14-1 Creating 
 Container rggecb617b011-node15-1 Creating 
 Container rggecb617b011-node0-1 Creating 
 Container rggecb617b011-node9-1 Creating 
 Container rggecb617b011-node7-1 Creating 
 Container rggecb617b011-node13-1 Creating 
 Container rggecb617b011-node12-1 Creating 
 Container rggecb617b011-node4-1 Creating 
 Container rggecb617b011-node3-1 Created 
 Container rggecb617b011-node5-1 Created 
 Container rggecb617b011-node15-1 Created 
 Container rggecb617b011-node13-1 Created 
 Container rggecb617b011-node12-1 Created 
 Container rggecb617b011-node9-1 Created 
 Container rggecb617b011-node0-1 Created 
 Container rggecb617b011-node8-1 Created 
 Container rggecb617b011-node11-1 Created 
 Container rggecb617b011-node4-1 Created 
 Container rggecb617b011-node2-1 Created 
 Container rggecb617b011-node7-1 Created 
 Container rggecb617b011-node10-1 Created 
 Container rggecb617b011-node6-1 Created 
 Container rggecb617b011-node1-1 Created 
 Container rggecb617b011-node14-1 Created 
 Container rggecb617b011-collector-1 Starting 
 Container rggecb617b011-collector-1 Started 
 Container rggecb617b011-node12-1 Starting 
 Container rggecb617b011-node1-1 Starting 
 Container rggecb617b011-node10-1 Starting 
 Container rggecb617b011-node2-1 Starting 
 Container rggecb617b011-node14-1 Starting 
 Container rggecb617b011-node3-1 Starting 
 Container rggecb617b011-node7-1 Starting 
 Container rggecb617b011-node5-1 Starting 
 Container rggecb617b011-node9-1 Starting 
 Container rggecb617b011-node4-1 Starting 
 Container rggecb617b011-node6-1 Starting 
 Container rggecb617b011-node8-1 Starting 
 Container rggecb617b011-node11-1 Starting 
 Container rggecb617b011-node15-1 Starting 
 Container rggecb617b011-node0-1 Starting 
 Container rggecb617b011-node13-1 Starting 
 Container rggecb617b011-node8-1 Started 
 Container rggecb617b011-node10-1 Started 
 Container rggecb617b011-node4-1 Started 
 Container rggecb617b011-node1-1 Started 
 Container rggecb617b011-node15-1 Started 
 Container rggecb617b011-node12-1 Started 
 Container rggecb617b011-node14-1 Started 
 Container rggecb617b011-node0-1 Started 
 Container rggecb617b011-node6-1 Started 
 Container rggecb617b011-node2-1 Started 
 Container rggecb617b011-node5-1 Started 
 Container rggecb617b011-node7-1 Started 
 Container rggecb617b011-node9-1 Started 
 Container rggecb617b011-node11-1 Started 
 Container rggecb617b011-node13-1 Started 
 Container rggecb617b011-node3-1 Started 
READY_BARRIER: 15/16 node services ready
DRIVER_STARTED: 2026-07-15T13:46:05Z
0
