 Network rgg75b1e8b677_default Creating 
 Network rgg75b1e8b677_default Created 
 Container rgg75b1e8b677-collector-1 Creating 
 Container rgg75b1e8b677-collector-1 Created 
 Container rgg75b1e8b677-node11-1 Creating 
 Container rgg75b1e8b677-node17-1 Creating 
 Container rgg75b1e8b677-node4-1 Creating 
 Container rgg75b1e8b677-node9-1 Creating 
 Container rgg75b1e8b677-node5-1 Creating 
 Container rgg75b1e8b677-node15-1 Creating 
 Container rgg75b1e8b677-node7-1 Creating 
 Container rgg75b1e8b677-node2-1 Creating 
 Container rgg75b1e8b677-node1-1 Creating 
 Container rgg75b1e8b677-node12-1 Creating 
 Container rgg75b1e8b677-node0-1 Creating 
 Container rgg75b1e8b677-node10-1 Creating 
 Container rgg75b1e8b677-node6-1 Creating 
 Container rgg75b1e8b677-node18-1 Creating 
 Container rgg75b1e8b677-node8-1 Creating 
 Container rgg75b1e8b677-node19-1 Creating 
 Container rgg75b1e8b677-node13-1 Creating 
 Container rgg75b1e8b677-node14-1 Creating 
 Container rgg75b1e8b677-node3-1 Creating 
 Container rgg75b1e8b677-node16-1 Creating 
 Container rgg75b1e8b677-node15-1 Created 
 Container rgg75b1e8b677-node18-1 Created 
 Container rgg75b1e8b677-node17-1 Created 
 Container rgg75b1e8b677-node11-1 Created 
 Container rgg75b1e8b677-node16-1 Created 
 Container rgg75b1e8b677-node10-1 Created 
 Container rgg75b1e8b677-node12-1 Created 
 Container rgg75b1e8b677-node13-1 Created 
 Container rgg75b1e8b677-node1-1 Created 
 Container rgg75b1e8b677-node4-1 Created 
 Container rgg75b1e8b677-node8-1 Created 
 Container rgg75b1e8b677-node7-1 Created 
 Container rgg75b1e8b677-node5-1 Created 
 Container rgg75b1e8b677-node19-1 Created 
 Container rgg75b1e8b677-node3-1 Created 
 Container rgg75b1e8b677-node2-1 Created 
 Container rgg75b1e8b677-node9-1 Created 
 Container rgg75b1e8b677-node6-1 Created 
 Container rgg75b1e8b677-node14-1 Created 
 Container rgg75b1e8b677-node0-1 Created 
 Container rgg75b1e8b677-driver-1 Creating 
 Container rgg75b1e8b677-driver-1 Created 
 Container rgg75b1e8b677-collector-1 Starting 
 Container rgg75b1e8b677-collector-1 Started 
 Container rgg75b1e8b677-node5-1 Starting 
 Container rgg75b1e8b677-node13-1 Starting 
 Container rgg75b1e8b677-node8-1 Starting 
 Container rgg75b1e8b677-node9-1 Starting 
 Container rgg75b1e8b677-node15-1 Starting 
 Container rgg75b1e8b677-node7-1 Starting 
 Container rgg75b1e8b677-node2-1 Starting 
 Container rgg75b1e8b677-node14-1 Starting 
 Container rgg75b1e8b677-node12-1 Starting 
 Container rgg75b1e8b677-node17-1 Starting 
 Container rgg75b1e8b677-node6-1 Starting 
 Container rgg75b1e8b677-node1-1 Starting 
 Container rgg75b1e8b677-node10-1 Starting 
 Container rgg75b1e8b677-node11-1 Starting 
 Container rgg75b1e8b677-node19-1 Starting 
 Container rgg75b1e8b677-node3-1 Starting 
 Container rgg75b1e8b677-node18-1 Starting 
 Container rgg75b1e8b677-node0-1 Starting 
 Container rgg75b1e8b677-node4-1 Starting 
 Container rgg75b1e8b677-node16-1 Starting 
 Container rgg75b1e8b677-node8-1 Started 
 Container rgg75b1e8b677-node4-1 Started 
 Container rgg75b1e8b677-node15-1 Started 
 Container rgg75b1e8b677-node16-1 Started 
 Container rgg75b1e8b677-node9-1 Started 
 Container rgg75b1e8b677-node19-1 Started 
 Container rgg75b1e8b677-node0-1 Started 
 Container rgg75b1e8b677-node10-1 Started 
 Container rgg75b1e8b677-node3-1 Started 
 Container rgg75b1e8b677-node17-1 Started 
 Container rgg75b1e8b677-node11-1 Started 
 Container rgg75b1e8b677-node5-1 Started 
 Container rgg75b1e8b677-node14-1 Started 
 Container rgg75b1e8b677-node1-1 Started 
 Container rgg75b1e8b677-node6-1 Started 
 Container rgg75b1e8b677-node12-1 Started 
 Container rgg75b1e8b677-node7-1 Started 
 Container rgg75b1e8b677-node2-1 Started 
 Container rgg75b1e8b677-node18-1 Started 
 Container rgg75b1e8b677-node13-1 Started 
 Container rgg75b1e8b677-driver-1 Starting 
 Container rgg75b1e8b677-driver-1 Started 
0
