 Network rgg1bc75a3e31_default Creating 
 Network rgg1bc75a3e31_default Created 
 Container rgg1bc75a3e31-collector-1 Creating 
 Container rgg1bc75a3e31-collector-1 Created 
 Container rgg1bc75a3e31-node13-1 Creating 
 Container rgg1bc75a3e31-node2-1 Creating 
 Container rgg1bc75a3e31-node18-1 Creating 
 Container rgg1bc75a3e31-node15-1 Creating 
 Container rgg1bc75a3e31-node5-1 Creating 
 Container rgg1bc75a3e31-node3-1 Creating 
 Container rgg1bc75a3e31-node16-1 Creating 
 Container rgg1bc75a3e31-node4-1 Creating 
 Container rgg1bc75a3e31-node0-1 Creating 
 Container rgg1bc75a3e31-node19-1 Creating 
 Container rgg1bc75a3e31-node11-1 Creating 
 Container rgg1bc75a3e31-node14-1 Creating 
 Container rgg1bc75a3e31-node8-1 Creating 
 Container rgg1bc75a3e31-node17-1 Creating 
 Container rgg1bc75a3e31-node12-1 Creating 
 Container rgg1bc75a3e31-node7-1 Creating 
 Container rgg1bc75a3e31-node10-1 Creating 
 Container rgg1bc75a3e31-node9-1 Creating 
 Container rgg1bc75a3e31-node1-1 Creating 
 Container rgg1bc75a3e31-node6-1 Creating 
 Container rgg1bc75a3e31-node13-1 Created 
 Container rgg1bc75a3e31-node4-1 Created 
 Container rgg1bc75a3e31-node5-1 Created 
 Container rgg1bc75a3e31-node3-1 Created 
 Container rgg1bc75a3e31-node1-1 Created 
 Container rgg1bc75a3e31-node2-1 Created 
 Container rgg1bc75a3e31-node11-1 Created 
 Container rgg1bc75a3e31-node6-1 Created 
 Container rgg1bc75a3e31-node17-1 Created 
 Container rgg1bc75a3e31-node18-1 Created 
 Container rgg1bc75a3e31-node0-1 Created 
 Container rgg1bc75a3e31-node7-1 Created 
 Container rgg1bc75a3e31-node14-1 Created 
 Container rgg1bc75a3e31-node19-1 Created 
 Container rgg1bc75a3e31-node9-1 Created 
 Container rgg1bc75a3e31-node10-1 Created 
 Container rgg1bc75a3e31-node8-1 Created 
 Container rgg1bc75a3e31-node16-1 Created 
 Container rgg1bc75a3e31-node12-1 Created 
 Container rgg1bc75a3e31-node15-1 Created 
 Container rgg1bc75a3e31-driver-1 Creating 
 Container rgg1bc75a3e31-driver-1 Created 
 Container rgg1bc75a3e31-collector-1 Starting 
 Container rgg1bc75a3e31-collector-1 Started 
 Container rgg1bc75a3e31-node10-1 Starting 
 Container rgg1bc75a3e31-node4-1 Starting 
 Container rgg1bc75a3e31-node13-1 Starting 
 Container rgg1bc75a3e31-node19-1 Starting 
 Container rgg1bc75a3e31-node9-1 Starting 
 Container rgg1bc75a3e31-node12-1 Starting 
 Container rgg1bc75a3e31-node1-1 Starting 
 Container rgg1bc75a3e31-node3-1 Starting 
 Container rgg1bc75a3e31-node17-1 Starting 
 Container rgg1bc75a3e31-node5-1 Starting 
 Container rgg1bc75a3e31-node2-1 Starting 
 Container rgg1bc75a3e31-node6-1 Starting 
 Container rgg1bc75a3e31-node11-1 Starting 
 Container rgg1bc75a3e31-node14-1 Starting 
 Container rgg1bc75a3e31-node8-1 Starting 
 Container rgg1bc75a3e31-node18-1 Starting 
 Container rgg1bc75a3e31-node0-1 Starting 
 Container rgg1bc75a3e31-node7-1 Starting 
 Container rgg1bc75a3e31-node16-1 Starting 
 Container rgg1bc75a3e31-node15-1 Starting 
 Container rgg1bc75a3e31-node9-1 Started 
 Container rgg1bc75a3e31-node15-1 Started 
 Container rgg1bc75a3e31-node7-1 Started 
 Container rgg1bc75a3e31-node4-1 Started 
 Container rgg1bc75a3e31-node0-1 Started 
 Container rgg1bc75a3e31-node18-1 Started 
 Container rgg1bc75a3e31-node8-1 Started 
 Container rgg1bc75a3e31-node10-1 Started 
 Container rgg1bc75a3e31-node14-1 Started 
 Container rgg1bc75a3e31-node11-1 Started 
 Container rgg1bc75a3e31-node16-1 Started 
 Container rgg1bc75a3e31-node2-1 Started 
 Container rgg1bc75a3e31-node12-1 Started 
 Container rgg1bc75a3e31-node1-1 Started 
 Container rgg1bc75a3e31-node3-1 Started 
 Container rgg1bc75a3e31-node17-1 Started 
 Container rgg1bc75a3e31-node6-1 Started 
 Container rgg1bc75a3e31-node13-1 Started 
 Container rgg1bc75a3e31-node19-1 Started 
 Container rgg1bc75a3e31-node5-1 Started 
 Container rgg1bc75a3e31-driver-1 Starting 
 Container rgg1bc75a3e31-driver-1 Started 
0
