 Network rgg8ac9c06074_default Creating 
 Network rgg8ac9c06074_default Created 
 Container rgg8ac9c06074-collector-1 Creating 
 Container rgg8ac9c06074-collector-1 Created 
 Container rgg8ac9c06074-node22-1 Creating 
 Container rgg8ac9c06074-node15-1 Creating 
 Container rgg8ac9c06074-node2-1 Creating 
 Container rgg8ac9c06074-node12-1 Creating 
 Container rgg8ac9c06074-node9-1 Creating 
 Container rgg8ac9c06074-node23-1 Creating 
 Container rgg8ac9c06074-node6-1 Creating 
 Container rgg8ac9c06074-node19-1 Creating 
 Container rgg8ac9c06074-node20-1 Creating 
 Container rgg8ac9c06074-node0-1 Creating 
 Container rgg8ac9c06074-node10-1 Creating 
 Container rgg8ac9c06074-node5-1 Creating 
 Container rgg8ac9c06074-node14-1 Creating 
 Container rgg8ac9c06074-node16-1 Creating 
 Container rgg8ac9c06074-node8-1 Creating 
 Container rgg8ac9c06074-node1-1 Creating 
 Container rgg8ac9c06074-node21-1 Creating 
 Container rgg8ac9c06074-node4-1 Creating 
 Container rgg8ac9c06074-node7-1 Creating 
 Container rgg8ac9c06074-node11-1 Creating 
 Container rgg8ac9c06074-node13-1 Creating 
 Container rgg8ac9c06074-node17-1 Creating 
 Container rgg8ac9c06074-node3-1 Creating 
 Container rgg8ac9c06074-node18-1 Creating 
 Container rgg8ac9c06074-node22-1 Created 
 Container rgg8ac9c06074-node0-1 Created 
 Container rgg8ac9c06074-node15-1 Created 
 Container rgg8ac9c06074-node5-1 Created 
 Container rgg8ac9c06074-node21-1 Created 
 Container rgg8ac9c06074-node11-1 Created 
 Container rgg8ac9c06074-node23-1 Created 
 Container rgg8ac9c06074-node14-1 Created 
 Container rgg8ac9c06074-node9-1 Created 
 Container rgg8ac9c06074-node3-1 Created 
 Container rgg8ac9c06074-node18-1 Created 
 Container rgg8ac9c06074-node16-1 Created 
 Container rgg8ac9c06074-node2-1 Created 
 Container rgg8ac9c06074-node12-1 Created 
 Container rgg8ac9c06074-node19-1 Created 
 Container rgg8ac9c06074-node7-1 Created 
 Container rgg8ac9c06074-node1-1 Created 
 Container rgg8ac9c06074-node20-1 Created 
 Container rgg8ac9c06074-node13-1 Created 
 Container rgg8ac9c06074-node8-1 Created 
 Container rgg8ac9c06074-node6-1 Created 
 Container rgg8ac9c06074-node10-1 Created 
 Container rgg8ac9c06074-node4-1 Created 
 Container rgg8ac9c06074-node17-1 Created 
 Container rgg8ac9c06074-collector-1 Starting 
 Container rgg8ac9c06074-collector-1 Started 
 Container rgg8ac9c06074-node3-1 Starting 
 Container rgg8ac9c06074-node10-1 Starting 
 Container rgg8ac9c06074-node16-1 Starting 
 Container rgg8ac9c06074-node15-1 Starting 
 Container rgg8ac9c06074-node8-1 Starting 
 Container rgg8ac9c06074-node18-1 Starting 
 Container rgg8ac9c06074-node23-1 Starting 
 Container rgg8ac9c06074-node19-1 Starting 
 Container rgg8ac9c06074-node22-1 Starting 
 Container rgg8ac9c06074-node2-1 Starting 
 Container rgg8ac9c06074-node1-1 Starting 
 Container rgg8ac9c06074-node13-1 Starting 
 Container rgg8ac9c06074-node17-1 Starting 
 Container rgg8ac9c06074-node14-1 Starting 
 Container rgg8ac9c06074-node7-1 Starting 
 Container rgg8ac9c06074-node6-1 Starting 
 Container rgg8ac9c06074-node12-1 Starting 
 Container rgg8ac9c06074-node4-1 Starting 
 Container rgg8ac9c06074-node0-1 Starting 
 Container rgg8ac9c06074-node20-1 Starting 
 Container rgg8ac9c06074-node11-1 Starting 
 Container rgg8ac9c06074-node5-1 Starting 
 Container rgg8ac9c06074-node9-1 Starting 
 Container rgg8ac9c06074-node21-1 Starting 
 Container rgg8ac9c06074-node16-1 Started 
 Container rgg8ac9c06074-node9-1 Started 
 Container rgg8ac9c06074-node3-1 Started 
 Container rgg8ac9c06074-node14-1 Started 
 Container rgg8ac9c06074-node0-1 Started 
 Container rgg8ac9c06074-node2-1 Started 
 Container rgg8ac9c06074-node23-1 Started 
 Container rgg8ac9c06074-node6-1 Started 
 Container rgg8ac9c06074-node1-1 Started 
 Container rgg8ac9c06074-node12-1 Started 
 Container rgg8ac9c06074-node10-1 Started 
 Container rgg8ac9c06074-node8-1 Started 
 Container rgg8ac9c06074-node7-1 Started 
 Container rgg8ac9c06074-node4-1 Started 
 Container rgg8ac9c06074-node22-1 Started 
 Container rgg8ac9c06074-node20-1 Started 
 Container rgg8ac9c06074-node13-1 Started 
 Container rgg8ac9c06074-node11-1 Started 
 Container rgg8ac9c06074-node15-1 Started 
 Container rgg8ac9c06074-node18-1 Started 
 Container rgg8ac9c06074-node21-1 Started 
 Container rgg8ac9c06074-node19-1 Started 
 Container rgg8ac9c06074-node5-1 Started 
 Container rgg8ac9c06074-node17-1 Started 
NETEM_APPLIED node0 iface=eth0: qdisc netem 8889: root refcnt 17 limit 1000 delay 50ms  10ms seed 410640279238297666
NETEM_APPLIED node1 iface=eth0: qdisc netem 888a: root refcnt 17 limit 1000 delay 50ms  10ms seed 1935422334427747312
NETEM_APPLIED node2 iface=eth0: qdisc netem 888b: root refcnt 17 limit 1000 delay 50ms  10ms seed 10959111586701589995
NETEM_APPLIED node3 iface=eth0: qdisc netem 888c: root refcnt 17 limit 1000 delay 50ms  10ms seed 10840080000559410023
NETEM_APPLIED node4 iface=eth0: qdisc netem 888d: root refcnt 17 limit 1000 delay 50ms  10ms seed 6726533092210588389
NETEM_APPLIED node5 iface=eth0: qdisc netem 888e: root refcnt 17 limit 1000 delay 50ms  10ms seed 16229196805902976613
NETEM_APPLIED node6 iface=eth0: qdisc netem 888f: root refcnt 17 limit 1000 delay 50ms  10ms seed 4213058761892911974
NETEM_APPLIED node7 iface=eth0: qdisc netem 8890: root refcnt 17 limit 1000 delay 50ms  10ms seed 16576412533097349229
NETEM_APPLIED node8 iface=eth0: qdisc netem 8891: root refcnt 17 limit 1000 delay 50ms  10ms seed 17094862988279724610
NETEM_APPLIED node9 iface=eth0: qdisc netem 8892: root refcnt 17 limit 1000 delay 50ms  10ms seed 10815366995211648146
NETEM_APPLIED node10 iface=eth0: qdisc netem 8893: root refcnt 17 limit 1000 delay 50ms  10ms seed 17672387786551939626
NETEM_APPLIED node11 iface=eth0: qdisc netem 8894: root refcnt 17 limit 1000 delay 50ms  10ms seed 16277453355547049814
NETEM_APPLIED node12 iface=eth0: qdisc netem 8895: root refcnt 17 limit 1000 delay 50ms  10ms seed 9446654212898229352
NETEM_APPLIED node13 iface=eth0: qdisc netem 8896: root refcnt 17 limit 1000 delay 50ms  10ms seed 11972148405910939983
NETEM_APPLIED node14 iface=eth0: qdisc netem 8897: root refcnt 17 limit 1000 delay 50ms  10ms seed 13691051949225174950
NETEM_APPLIED node15 iface=eth0: qdisc netem 8898: root refcnt 17 limit 1000 delay 50ms  10ms seed 16453878795328651397
NETEM_APPLIED node16 iface=eth0: qdisc netem 8899: root refcnt 17 limit 1000 delay 50ms  10ms seed 11513322199629400471
NETEM_APPLIED node17 iface=eth0: qdisc netem 889a: root refcnt 17 limit 1000 delay 50ms  10ms seed 8991705674164958690
NETEM_APPLIED node18 iface=eth0: qdisc netem 889b: root refcnt 17 limit 1000 delay 50ms  10ms seed 13769432762003203735
NETEM_APPLIED node19 iface=eth0: qdisc netem 889c: root refcnt 17 limit 1000 delay 50ms  10ms seed 6493511096548103975
NETEM_APPLIED node20 iface=eth0: qdisc netem 889d: root refcnt 17 limit 1000 delay 50ms  10ms seed 15153274347828667849
NETEM_APPLIED node21 iface=eth0: qdisc netem 889e: root refcnt 17 limit 1000 delay 50ms  10ms seed 11868427611518563141
NETEM_APPLIED node22 iface=eth0: qdisc netem 889f: root refcnt 17 limit 1000 delay 50ms  10ms seed 18057475722715419338
NETEM_APPLIED node23 iface=eth0: qdisc netem 88a0: root refcnt 17 limit 1000 delay 50ms  10ms seed 1762446205474740178
NETEM_RTT_GATE OK: baseline=0.1ms actual=100.8ms increase=100.7ms
DRIVER_STARTED: 2026-07-15T07:33:27Z
0
QDSK_CLEANUP_FAIL node0: Command '['docker', 'exec', 'rgg8ac9c06074-node0-1', 'sh', '-c', "ip -o -4 addr show scope global 2>/dev/null | head -1 | awk '{print $2}'"]' returned non-zero exit status 1.
QDSK_CLEANUP_FAIL node1: Command '['docker', 'exec', 'rgg8ac9c06074-node1-1', 'sh', '-c', "ip -o -4 addr show scope global 2>/dev/null | head -1 | awk '{print $2}'"]' returned non-zero exit status 1.
QDSK_CLEANUP_FAIL node2: Command '['docker', 'exec', 'rgg8ac9c06074-node2-1', 'sh', '-c', "ip -o -4 addr show scope global 2>/dev/null | head -1 | awk '{print $2}'"]' returned non-zero exit status 1.
QDSK_CLEANUP_FAIL node3: Command '['docker', 'exec', 'rgg8ac9c06074-node3-1', 'sh', '-c', "ip -o -4 addr show scope global 2>/dev/null | head -1 | awk '{print $2}'"]' returned non-zero exit status 1.
QDSK_CLEANUP_FAIL node4: Command '['docker', 'exec', 'rgg8ac9c06074-node4-1', 'sh', '-c', "ip -o -4 addr show scope global 2>/dev/null | head -1 | awk '{print $2}'"]' returned non-zero exit status 1.
QDSK_CLEANUP_FAIL node5: Command '['docker', 'exec', 'rgg8ac9c06074-node5-1', 'sh', '-c', "ip -o -4 addr show scope global 2>/dev/null | head -1 | awk '{print $2}'"]' returned non-zero exit status 1.
QDSK_CLEANUP_FAIL node6: Command '['docker', 'exec', 'rgg8ac9c06074-node6-1', 'sh', '-c', "ip -o -4 addr show scope global 2>/dev/null | head -1 | awk '{print $2}'"]' returned non-zero exit status 1.
QDSK_CLEANUP_FAIL node7: Command '['docker', 'exec', 'rgg8ac9c06074-node7-1', 'sh', '-c', "ip -o -4 addr show scope global 2>/dev/null | head -1 | awk '{print $2}'"]' returned non-zero exit status 1.
QDSK_CLEANUP_FAIL node8: Command '['docker', 'exec', 'rgg8ac9c06074-node8-1', 'sh', '-c', "ip -o -4 addr show scope global 2>/dev/null | head -1 | awk '{print $2}'"]' returned non-zero exit status 1.
QDSK_CLEANUP_FAIL node9: Command '['docker', 'exec', 'rgg8ac9c06074-node9-1', 'sh', '-c', "ip -o -4 addr show scope global 2>/dev/null | head -1 | awk '{print $2}'"]' returned non-zero exit status 1.
QDSK_CLEANUP_FAIL node10: Command '['docker', 'exec', 'rgg8ac9c06074-node10-1', 'sh', '-c', "ip -o -4 addr show scope global 2>/dev/null | head -1 | awk '{print $2}'"]' returned non-zero exit status 1.
QDSK_CLEANUP_FAIL node11: Command '['docker', 'exec', 'rgg8ac9c06074-node11-1', 'sh', '-c', "ip -o -4 addr show scope global 2>/dev/null | head -1 | awk '{print $2}'"]' returned non-zero exit status 1.
QDSK_CLEANUP_FAIL node12: Command '['docker', 'exec', 'rgg8ac9c06074-node12-1', 'sh', '-c', "ip -o -4 addr show scope global 2>/dev/null | head -1 | awk '{print $2}'"]' returned non-zero exit status 1.
QDSK_CLEANUP_FAIL node13: Command '['docker', 'exec', 'rgg8ac9c06074-node13-1', 'sh', '-c', "ip -o -4 addr show scope global 2>/dev/null | head -1 | awk '{print $2}'"]' returned non-zero exit status 1.
QDSK_CLEANUP_FAIL node14: Command '['docker', 'exec', 'rgg8ac9c06074-node14-1', 'sh', '-c', "ip -o -4 addr show scope global 2>/dev/null | head -1 | awk '{print $2}'"]' returned non-zero exit status 1.
QDSK_CLEANUP_FAIL node15: Command '['docker', 'exec', 'rgg8ac9c06074-node15-1', 'sh', '-c', "ip -o -4 addr show scope global 2>/dev/null | head -1 | awk '{print $2}'"]' returned non-zero exit status 1.
QDSK_CLEANUP_FAIL node16: Command '['docker', 'exec', 'rgg8ac9c06074-node16-1', 'sh', '-c', "ip -o -4 addr show scope global 2>/dev/null | head -1 | awk '{print $2}'"]' returned non-zero exit status 1.
QDSK_CLEANUP_FAIL node17: Command '['docker', 'exec', 'rgg8ac9c06074-node17-1', 'sh', '-c', "ip -o -4 addr show scope global 2>/dev/null | head -1 | awk '{print $2}'"]' returned non-zero exit status 1.
QDSK_CLEANUP_FAIL node18: Command '['docker', 'exec', 'rgg8ac9c06074-node18-1', 'sh', '-c', "ip -o -4 addr show scope global 2>/dev/null | head -1 | awk '{print $2}'"]' returned non-zero exit status 1.
QDSK_CLEANUP_FAIL node19: Command '['docker', 'exec', 'rgg8ac9c06074-node19-1', 'sh', '-c', "ip -o -4 addr show scope global 2>/dev/null | head -1 | awk '{print $2}'"]' returned non-zero exit status 1.
QDSK_CLEANUP_FAIL node20: Command '['docker', 'exec', 'rgg8ac9c06074-node20-1', 'sh', '-c', "ip -o -4 addr show scope global 2>/dev/null | head -1 | awk '{print $2}'"]' returned non-zero exit status 1.
QDSK_CLEANUP_FAIL node21: Command '['docker', 'exec', 'rgg8ac9c06074-node21-1', 'sh', '-c', "ip -o -4 addr show scope global 2>/dev/null | head -1 | awk '{print $2}'"]' returned non-zero exit status 1.
QDSK_CLEANUP_FAIL node22: Command '['docker', 'exec', 'rgg8ac9c06074-node22-1', 'sh', '-c', "ip -o -4 addr show scope global 2>/dev/null | head -1 | awk '{print $2}'"]' returned non-zero exit status 1.
QDSK_CLEANUP_FAIL node23: Command '['docker', 'exec', 'rgg8ac9c06074-node23-1', 'sh', '-c', "ip -o -4 addr show scope global 2>/dev/null | head -1 | awk '{print $2}'"]' returned non-zero exit status 1.
