COMMAND: /usr/bin/python3 /mnt/c/Users/guan/Desktop/zte-sci/experiments/fabric/benchmarks/e4_full_lifecycle.py --batch-manifest /mnt/c/Users/guan/Desktop/zte-sci/experiments/exp-local/results/b2-input-20260705T154954Z/full-b64/manifest.json --concurrency 8 --warmup 1 --seed 325986636017987663 --output /mnt/c/Users/guan/Desktop/zte-sci/experiments/exp-local/results/e10-capacity-20260715T153706Z/e10-resource-c8-r1 --run-id e10-resource-c8-r1

STDOUT:
Preparing 8 committee slots (excluded from metrics)
Running 33 measured workflows at concurrency 8
Progress: 1/33
Progress: 2/33
Progress: 3/33
Progress: 4/33
Progress: 5/33
Progress: 6/33
Progress: 7/33
Progress: 8/33
Progress: 9/33
Progress: 10/33
Progress: 11/33
Progress: 12/33
Progress: 13/33
Progress: 14/33
Progress: 15/33
Progress: 16/33
Progress: 17/33
Progress: 18/33
Progress: 19/33
Progress: 20/33
Progress: 21/33
Progress: 22/33
Progress: 23/33
Progress: 24/33
Progress: 25/33
Progress: 26/33
Progress: 27/33
Progress: 28/33
Progress: 29/33
Progress: 30/33
Progress: 31/33
Progress: 32/33
Progress: 33/33
{
  "operation_count": 330,
  "successful_operations": 330,
  "failed_operations": 0,
  "workflow_count": 33,
  "successful_workflows": 33,
  "failed_workflows": 0,
  "workflow_success_rate": 1.0,
  "measurement_duration_ms": 78894,
  "workflow_throughput_per_s": 0.4182827591451821,
  "per_operation": {
    "fabric_post_allocation": {
      "count": 33,
      "success_count": 33,
      "failure_count": 0,
      "p50_ms": 2428,
      "p95_ms": 2494,
      "p99_ms": 2495
    },
    "fabric_post_snapshot": {
      "count": 33,
      "success_count": 33,
      "failure_count": 0,
      "p50_ms": 2368,
      "p95_ms": 2669,
      "p99_ms": 2670
    },
    "fabric_post_task": {
      "count": 33,
      "success_count": 33,
      "failure_count": 0,
      "p50_ms": 2393,
      "p95_ms": 2654,
      "p99_ms": 2654
    },
    "fabric_query_confirmation": {
      "count": 33,
      "success_count": 33,
      "failure_count": 0,
      "p50_ms": 184,
      "p95_ms": 248,
      "p99_ms": 281
    },
    "fabric_query_final": {
      "count": 33,
      "success_count": 33,
      "failure_count": 0,
      "p50_ms": 828,
      "p95_ms": 955,
      "p99_ms": 1017
    },
    "fabric_settlement": {
      "count": 33,
      "success_count": 33,
      "failure_count": 0,
      "p50_ms": 2402,
      "p95_ms": 2469,
      "p99_ms": 2470
    },
    "fabric_vote_1": {
      "count": 33,
      "success_count": 33,
      "failure_count": 0,
      "p50_ms": 2340,
      "p95_ms": 2380,
      "p99_ms": 2387
    },
    "fabric_vote_2": {
      "count": 33,
      "success_count": 33,
      "failure_count": 0,
      "p50_ms": 2349,
      "p95_ms": 2357,
      "p99_ms": 2363
    },
    "ipfs_add": {
      "count": 33,
      "success_count": 33,
      "failure_count": 0,
      "p50_ms": 132,
      "p95_ms": 180,
      "p99_ms": 195
    },
    "ipfs_verify": {
      "count": 33,
      "success_count": 33,
      "failure_count": 0,
      "p50_ms": 15,
      "p95_ms": 27,
      "p99_ms": 28
    }
  },
  "evidence_record_count": 2062,
  "evidence_record_throughput_per_s": 26.136334829011076
}
Results: /mnt/c/Users/guan/Desktop/zte-sci/experiments/exp-local/results/e10-capacity-20260715T153706Z/e10-resource-c8-r1/e10-resource-c8-r1

STDERR:
