 Network rgg52721d1b9b_default Creating 
 Network rgg52721d1b9b_default Created 
 Container rgg52721d1b9b-collector-1 Creating 
 Container rgg52721d1b9b-collector-1 Created 
 Container rgg52721d1b9b-node15-1 Creating 
 Container rgg52721d1b9b-node17-1 Creating 
 Container rgg52721d1b9b-node23-1 Creating 
 Container rgg52721d1b9b-node8-1 Creating 
 Container rgg52721d1b9b-node16-1 Creating 
 Container rgg52721d1b9b-node0-1 Creating 
 Container rgg52721d1b9b-node4-1 Creating 
 Container rgg52721d1b9b-node5-1 Creating 
 Container rgg52721d1b9b-node11-1 Creating 
 Container rgg52721d1b9b-node10-1 Creating 
 Container rgg52721d1b9b-node13-1 Creating 
 Container rgg52721d1b9b-node18-1 Creating 
 Container rgg52721d1b9b-node20-1 Creating 
 Container rgg52721d1b9b-node12-1 Creating 
 Container rgg52721d1b9b-node22-1 Creating 
 Container rgg52721d1b9b-node14-1 Creating 
 Container rgg52721d1b9b-node2-1 Creating 
 Container rgg52721d1b9b-node7-1 Creating 
 Container rgg52721d1b9b-node19-1 Creating 
 Container rgg52721d1b9b-node1-1 Creating 
 Container rgg52721d1b9b-node9-1 Creating 
 Container rgg52721d1b9b-node21-1 Creating 
 Container rgg52721d1b9b-node3-1 Creating 
 Container rgg52721d1b9b-node6-1 Creating 
 Container rgg52721d1b9b-node0-1 Created 
 Container rgg52721d1b9b-node7-1 Created 
 Container rgg52721d1b9b-node6-1 Created 
 Container rgg52721d1b9b-node3-1 Created 
 Container rgg52721d1b9b-node5-1 Created 
 Container rgg52721d1b9b-node17-1 Created 
 Container rgg52721d1b9b-node14-1 Created 
 Container rgg52721d1b9b-node8-1 Created 
 Container rgg52721d1b9b-node15-1 Created 
 Container rgg52721d1b9b-node19-1 Created 
 Container rgg52721d1b9b-node21-1 Created 
 Container rgg52721d1b9b-node10-1 Created 
 Container rgg52721d1b9b-node4-1 Created 
 Container rgg52721d1b9b-node9-1 Created 
 Container rgg52721d1b9b-node1-1 Created 
 Container rgg52721d1b9b-node11-1 Created 
 Container rgg52721d1b9b-node12-1 Created 
 Container rgg52721d1b9b-node13-1 Created 
 Container rgg52721d1b9b-node18-1 Created 
 Container rgg52721d1b9b-node23-1 Created 
 Container rgg52721d1b9b-node20-1 Created 
 Container rgg52721d1b9b-node2-1 Created 
 Container rgg52721d1b9b-node16-1 Created 
 Container rgg52721d1b9b-node22-1 Created 
 Container rgg52721d1b9b-collector-1 Starting 
 Container rgg52721d1b9b-collector-1 Started 
 Container rgg52721d1b9b-node18-1 Starting 
 Container rgg52721d1b9b-node10-1 Starting 
 Container rgg52721d1b9b-node7-1 Starting 
 Container rgg52721d1b9b-node6-1 Starting 
 Container rgg52721d1b9b-node9-1 Starting 
 Container rgg52721d1b9b-node17-1 Starting 
 Container rgg52721d1b9b-node0-1 Starting 
 Container rgg52721d1b9b-node22-1 Starting 
 Container rgg52721d1b9b-node20-1 Starting 
 Container rgg52721d1b9b-node3-1 Starting 
 Container rgg52721d1b9b-node4-1 Starting 
 Container rgg52721d1b9b-node16-1 Starting 
 Container rgg52721d1b9b-node15-1 Starting 
 Container rgg52721d1b9b-node5-1 Starting 
 Container rgg52721d1b9b-node21-1 Starting 
 Container rgg52721d1b9b-node2-1 Starting 
 Container rgg52721d1b9b-node19-1 Starting 
 Container rgg52721d1b9b-node8-1 Starting 
 Container rgg52721d1b9b-node1-1 Starting 
 Container rgg52721d1b9b-node11-1 Starting 
 Container rgg52721d1b9b-node13-1 Starting 
 Container rgg52721d1b9b-node14-1 Starting 
 Container rgg52721d1b9b-node12-1 Starting 
 Container rgg52721d1b9b-node23-1 Starting 
 Container rgg52721d1b9b-node4-1 Started 
 Container rgg52721d1b9b-node0-1 Started 
 Container rgg52721d1b9b-node1-1 Started 
 Container rgg52721d1b9b-node15-1 Started 
 Container rgg52721d1b9b-node18-1 Started 
 Container rgg52721d1b9b-node20-1 Started 
 Container rgg52721d1b9b-node10-1 Started 
 Container rgg52721d1b9b-node12-1 Started 
 Container rgg52721d1b9b-node5-1 Started 
 Container rgg52721d1b9b-node8-1 Started 
 Container rgg52721d1b9b-node21-1 Started 
 Container rgg52721d1b9b-node6-1 Started 
 Container rgg52721d1b9b-node3-1 Started 
 Container rgg52721d1b9b-node23-1 Started 
 Container rgg52721d1b9b-node17-1 Started 
 Container rgg52721d1b9b-node13-1 Started 
 Container rgg52721d1b9b-node14-1 Started 
 Container rgg52721d1b9b-node7-1 Started 
 Container rgg52721d1b9b-node11-1 Started 
 Container rgg52721d1b9b-node22-1 Started 
 Container rgg52721d1b9b-node2-1 Started 
 Container rgg52721d1b9b-node16-1 Started 
 Container rgg52721d1b9b-node19-1 Started 
 Container rgg52721d1b9b-node9-1 Started 
NETEM_APPLIED node0 iface=eth0: qdisc netem 8249: root refcnt 17 limit 1000 delay 10ms  2ms seed 14832672531059419983
NETEM_APPLIED node1 iface=eth0: qdisc netem 824a: root refcnt 17 limit 1000 delay 10ms  2ms seed 2596174318626767572
NETEM_APPLIED node2 iface=eth0: qdisc netem 824b: root refcnt 17 limit 1000 delay 10ms  2ms seed 7555468326526775608
NETEM_APPLIED node3 iface=eth0: qdisc netem 824c: root refcnt 17 limit 1000 delay 10ms  2ms seed 8744275063826483063
NETEM_APPLIED node4 iface=eth0: qdisc netem 824d: root refcnt 17 limit 1000 delay 10ms  2ms seed 11798668392606291562
NETEM_APPLIED node5 iface=eth0: qdisc netem 824e: root refcnt 17 limit 1000 delay 10ms  2ms seed 1778054941436039250
NETEM_APPLIED node6 iface=eth0: qdisc netem 824f: root refcnt 17 limit 1000 delay 10ms  2ms seed 11396966810761800000
NETEM_APPLIED node7 iface=eth0: qdisc netem 8250: root refcnt 17 limit 1000 delay 10ms  2ms seed 7542668687757549170
NETEM_APPLIED node8 iface=eth0: qdisc netem 8251: root refcnt 17 limit 1000 delay 10ms  2ms seed 8033363530210869939
NETEM_APPLIED node9 iface=eth0: qdisc netem 8252: root refcnt 17 limit 1000 delay 10ms  2ms seed 4271338321965603702
NETEM_APPLIED node10 iface=eth0: qdisc netem 8253: root refcnt 17 limit 1000 delay 10ms  2ms seed 15583959504507062534
NETEM_APPLIED node11 iface=eth0: qdisc netem 8254: root refcnt 17 limit 1000 delay 10ms  2ms seed 1544650678371888590
NETEM_APPLIED node12 iface=eth0: qdisc netem 8255: root refcnt 17 limit 1000 delay 10ms  2ms seed 11790023730454971414
NETEM_APPLIED node13 iface=eth0: qdisc netem 8256: root refcnt 17 limit 1000 delay 10ms  2ms seed 1960268120106892421
NETEM_APPLIED node14 iface=eth0: qdisc netem 8257: root refcnt 17 limit 1000 delay 10ms  2ms seed 13843648617402955254
NETEM_APPLIED node15 iface=eth0: qdisc netem 8258: root refcnt 17 limit 1000 delay 10ms  2ms seed 11316712914694544187
NETEM_APPLIED node16 iface=eth0: qdisc netem 8259: root refcnt 17 limit 1000 delay 10ms  2ms seed 1365107395926030725
NETEM_APPLIED node17 iface=eth0: qdisc netem 825a: root refcnt 17 limit 1000 delay 10ms  2ms seed 6620922303357836718
NETEM_APPLIED node18 iface=eth0: qdisc netem 825b: root refcnt 17 limit 1000 delay 10ms  2ms seed 2326781199589741226
NETEM_APPLIED node19 iface=eth0: qdisc netem 825c: root refcnt 17 limit 1000 delay 10ms  2ms seed 12512589379626449364
NETEM_APPLIED node20 iface=eth0: qdisc netem 825d: root refcnt 17 limit 1000 delay 10ms  2ms seed 13637212322447192907
NETEM_APPLIED node21 iface=eth0: qdisc netem 825e: root refcnt 17 limit 1000 delay 10ms  2ms seed 7663080575179704889
NETEM_APPLIED node22 iface=eth0: qdisc netem 825f: root refcnt 17 limit 1000 delay 10ms  2ms seed 9454884839331093447
NETEM_APPLIED node23 iface=eth0: qdisc netem 8260: root refcnt 17 limit 1000 delay 10ms  2ms seed 15689045193656710422
NETEM_RTT_GATE OK: baseline=0.1ms actual=19.1ms increase=18.9ms
DRIVER_STARTED: 2026-07-15T05:37:40Z
0
QDSK_CLEANUP_FAIL node0: Command '['docker', 'exec', 'rgg52721d1b9b-node0-1', 'sh', '-c', "ip -o -4 addr show scope global 2>/dev/null | head -1 | awk '{print $2}'"]' returned non-zero exit status 1.
QDSK_CLEANUP_FAIL node1: Command '['docker', 'exec', 'rgg52721d1b9b-node1-1', 'sh', '-c', "ip -o -4 addr show scope global 2>/dev/null | head -1 | awk '{print $2}'"]' returned non-zero exit status 1.
QDSK_CLEANUP_FAIL node2: Command '['docker', 'exec', 'rgg52721d1b9b-node2-1', 'sh', '-c', "ip -o -4 addr show scope global 2>/dev/null | head -1 | awk '{print $2}'"]' returned non-zero exit status 1.
QDSK_CLEANUP_FAIL node3: Command '['docker', 'exec', 'rgg52721d1b9b-node3-1', 'sh', '-c', "ip -o -4 addr show scope global 2>/dev/null | head -1 | awk '{print $2}'"]' returned non-zero exit status 1.
QDSK_CLEANUP_FAIL node4: Command '['docker', 'exec', 'rgg52721d1b9b-node4-1', 'sh', '-c', "ip -o -4 addr show scope global 2>/dev/null | head -1 | awk '{print $2}'"]' returned non-zero exit status 1.
QDSK_CLEANUP_FAIL node5: Command '['docker', 'exec', 'rgg52721d1b9b-node5-1', 'sh', '-c', "ip -o -4 addr show scope global 2>/dev/null | head -1 | awk '{print $2}'"]' returned non-zero exit status 1.
QDSK_CLEANUP_FAIL node6: Command '['docker', 'exec', 'rgg52721d1b9b-node6-1', 'sh', '-c', "ip -o -4 addr show scope global 2>/dev/null | head -1 | awk '{print $2}'"]' returned non-zero exit status 1.
QDSK_CLEANUP_FAIL node7: Command '['docker', 'exec', 'rgg52721d1b9b-node7-1', 'sh', '-c', "ip -o -4 addr show scope global 2>/dev/null | head -1 | awk '{print $2}'"]' returned non-zero exit status 1.
QDSK_CLEANUP_FAIL node8: Command '['docker', 'exec', 'rgg52721d1b9b-node8-1', 'sh', '-c', "ip -o -4 addr show scope global 2>/dev/null | head -1 | awk '{print $2}'"]' returned non-zero exit status 1.
QDSK_CLEANUP_FAIL node9: Command '['docker', 'exec', 'rgg52721d1b9b-node9-1', 'sh', '-c', "ip -o -4 addr show scope global 2>/dev/null | head -1 | awk '{print $2}'"]' returned non-zero exit status 1.
QDSK_CLEANUP_FAIL node10: Command '['docker', 'exec', 'rgg52721d1b9b-node10-1', 'sh', '-c', "ip -o -4 addr show scope global 2>/dev/null | head -1 | awk '{print $2}'"]' returned non-zero exit status 1.
QDSK_CLEANUP_FAIL node11: Command '['docker', 'exec', 'rgg52721d1b9b-node11-1', 'sh', '-c', "ip -o -4 addr show scope global 2>/dev/null | head -1 | awk '{print $2}'"]' returned non-zero exit status 1.
QDSK_CLEANUP_FAIL node12: Command '['docker', 'exec', 'rgg52721d1b9b-node12-1', 'sh', '-c', "ip -o -4 addr show scope global 2>/dev/null | head -1 | awk '{print $2}'"]' returned non-zero exit status 1.
QDSK_CLEANUP_FAIL node13: Command '['docker', 'exec', 'rgg52721d1b9b-node13-1', 'sh', '-c', "ip -o -4 addr show scope global 2>/dev/null | head -1 | awk '{print $2}'"]' returned non-zero exit status 1.
QDSK_CLEANUP_FAIL node14: Command '['docker', 'exec', 'rgg52721d1b9b-node14-1', 'sh', '-c', "ip -o -4 addr show scope global 2>/dev/null | head -1 | awk '{print $2}'"]' returned non-zero exit status 1.
QDSK_CLEANUP_FAIL node15: Command '['docker', 'exec', 'rgg52721d1b9b-node15-1', 'sh', '-c', "ip -o -4 addr show scope global 2>/dev/null | head -1 | awk '{print $2}'"]' returned non-zero exit status 1.
QDSK_CLEANUP_FAIL node16: Command '['docker', 'exec', 'rgg52721d1b9b-node16-1', 'sh', '-c', "ip -o -4 addr show scope global 2>/dev/null | head -1 | awk '{print $2}'"]' returned non-zero exit status 1.
QDSK_CLEANUP_FAIL node17: Command '['docker', 'exec', 'rgg52721d1b9b-node17-1', 'sh', '-c', "ip -o -4 addr show scope global 2>/dev/null | head -1 | awk '{print $2}'"]' returned non-zero exit status 1.
QDSK_CLEANUP_FAIL node18: Command '['docker', 'exec', 'rgg52721d1b9b-node18-1', 'sh', '-c', "ip -o -4 addr show scope global 2>/dev/null | head -1 | awk '{print $2}'"]' returned non-zero exit status 1.
QDSK_CLEANUP_FAIL node19: Command '['docker', 'exec', 'rgg52721d1b9b-node19-1', 'sh', '-c', "ip -o -4 addr show scope global 2>/dev/null | head -1 | awk '{print $2}'"]' returned non-zero exit status 1.
QDSK_CLEANUP_FAIL node20: Command '['docker', 'exec', 'rgg52721d1b9b-node20-1', 'sh', '-c', "ip -o -4 addr show scope global 2>/dev/null | head -1 | awk '{print $2}'"]' returned non-zero exit status 1.
QDSK_CLEANUP_FAIL node21: Command '['docker', 'exec', 'rgg52721d1b9b-node21-1', 'sh', '-c', "ip -o -4 addr show scope global 2>/dev/null | head -1 | awk '{print $2}'"]' returned non-zero exit status 1.
QDSK_CLEANUP_FAIL node22: Command '['docker', 'exec', 'rgg52721d1b9b-node22-1', 'sh', '-c', "ip -o -4 addr show scope global 2>/dev/null | head -1 | awk '{print $2}'"]' returned non-zero exit status 1.
QDSK_CLEANUP_FAIL node23: Command '['docker', 'exec', 'rgg52721d1b9b-node23-1', 'sh', '-c', "ip -o -4 addr show scope global 2>/dev/null | head -1 | awk '{print $2}'"]' returned non-zero exit status 1.
