 Network rgg949d7a1c15_default Creating 
 Network rgg949d7a1c15_default Created 
 Container rgg949d7a1c15-collector-1 Creating 
 Container rgg949d7a1c15-collector-1 Created 
 Container rgg949d7a1c15-node2-1 Creating 
 Container rgg949d7a1c15-node15-1 Creating 
 Container rgg949d7a1c15-node8-1 Creating 
 Container rgg949d7a1c15-node11-1 Creating 
 Container rgg949d7a1c15-node3-1 Creating 
 Container rgg949d7a1c15-node0-1 Creating 
 Container rgg949d7a1c15-node12-1 Creating 
 Container rgg949d7a1c15-node9-1 Creating 
 Container rgg949d7a1c15-node10-1 Creating 
 Container rgg949d7a1c15-node13-1 Creating 
 Container rgg949d7a1c15-node1-1 Creating 
 Container rgg949d7a1c15-node7-1 Creating 
 Container rgg949d7a1c15-node6-1 Creating 
 Container rgg949d7a1c15-node5-1 Creating 
 Container rgg949d7a1c15-node4-1 Creating 
 Container rgg949d7a1c15-node14-1 Creating 
 Container rgg949d7a1c15-node10-1 Created 
 Container rgg949d7a1c15-node2-1 Created 
 Container rgg949d7a1c15-node8-1 Created 
 Container rgg949d7a1c15-node15-1 Created 
 Container rgg949d7a1c15-node4-1 Created 
 Container rgg949d7a1c15-node6-1 Created 
 Container rgg949d7a1c15-node9-1 Created 
 Container rgg949d7a1c15-node1-1 Created 
 Container rgg949d7a1c15-node14-1 Created 
 Container rgg949d7a1c15-node0-1 Created 
 Container rgg949d7a1c15-node13-1 Created 
 Container rgg949d7a1c15-node5-1 Created 
 Container rgg949d7a1c15-node3-1 Created 
 Container rgg949d7a1c15-node12-1 Created 
 Container rgg949d7a1c15-node7-1 Created 
 Container rgg949d7a1c15-node11-1 Created 
 Container rgg949d7a1c15-driver-1 Creating 
 Container rgg949d7a1c15-driver-1 Created 
 Container rgg949d7a1c15-collector-1 Starting 
 Container rgg949d7a1c15-collector-1 Started 
 Container rgg949d7a1c15-node13-1 Starting 
 Container rgg949d7a1c15-node6-1 Starting 
 Container rgg949d7a1c15-node4-1 Starting 
 Container rgg949d7a1c15-node12-1 Starting 
 Container rgg949d7a1c15-node5-1 Starting 
 Container rgg949d7a1c15-node1-1 Starting 
 Container rgg949d7a1c15-node0-1 Starting 
 Container rgg949d7a1c15-node3-1 Starting 
 Container rgg949d7a1c15-node14-1 Starting 
 Container rgg949d7a1c15-node11-1 Starting 
 Container rgg949d7a1c15-node15-1 Starting 
 Container rgg949d7a1c15-node2-1 Starting 
 Container rgg949d7a1c15-node8-1 Starting 
 Container rgg949d7a1c15-node9-1 Starting 
 Container rgg949d7a1c15-node10-1 Starting 
 Container rgg949d7a1c15-node7-1 Starting 
 Container rgg949d7a1c15-node7-1 Started 
 Container rgg949d7a1c15-node11-1 Started 
 Container rgg949d7a1c15-node13-1 Started 
 Container rgg949d7a1c15-node6-1 Started 
 Container rgg949d7a1c15-node4-1 Started 
 Container rgg949d7a1c15-node12-1 Started 
 Container rgg949d7a1c15-node9-1 Started 
 Container rgg949d7a1c15-node0-1 Started 
 Container rgg949d7a1c15-node10-1 Started 
 Container rgg949d7a1c15-node15-1 Started 
 Container rgg949d7a1c15-node8-1 Started 
 Container rgg949d7a1c15-node1-1 Started 
 Container rgg949d7a1c15-node2-1 Started 
 Container rgg949d7a1c15-node5-1 Started 
 Container rgg949d7a1c15-node14-1 Started 
 Container rgg949d7a1c15-node3-1 Started 
 Container rgg949d7a1c15-driver-1 Starting 
 Container rgg949d7a1c15-driver-1 Started 
0
