 Network rggbcf7932e4f_default Creating 
 Network rggbcf7932e4f_default Created 
 Container rggbcf7932e4f-collector-1 Creating 
 Container rggbcf7932e4f-collector-1 Created 
 Container rggbcf7932e4f-node9-1 Creating 
 Container rggbcf7932e4f-node7-1 Creating 
 Container rggbcf7932e4f-node10-1 Creating 
 Container rggbcf7932e4f-node0-1 Creating 
 Container rggbcf7932e4f-node8-1 Creating 
 Container rggbcf7932e4f-node11-1 Creating 
 Container rggbcf7932e4f-node5-1 Creating 
 Container rggbcf7932e4f-node4-1 Creating 
 Container rggbcf7932e4f-node1-1 Creating 
 Container rggbcf7932e4f-node3-1 Creating 
 Container rggbcf7932e4f-node14-1 Creating 
 Container rggbcf7932e4f-node15-1 Creating 
 Container rggbcf7932e4f-node2-1 Creating 
 Container rggbcf7932e4f-node12-1 Creating 
 Container rggbcf7932e4f-node13-1 Creating 
 Container rggbcf7932e4f-node6-1 Creating 
 Container rggbcf7932e4f-node8-1 Created 
 Container rggbcf7932e4f-node7-1 Created 
 Container rggbcf7932e4f-node0-1 Created 
 Container rggbcf7932e4f-node9-1 Created 
 Container rggbcf7932e4f-node2-1 Created 
 Container rggbcf7932e4f-node11-1 Created 
 Container rggbcf7932e4f-node4-1 Created 
 Container rggbcf7932e4f-node12-1 Created 
 Container rggbcf7932e4f-node3-1 Created 
 Container rggbcf7932e4f-node10-1 Created 
 Container rggbcf7932e4f-node13-1 Created 
 Container rggbcf7932e4f-node14-1 Created 
 Container rggbcf7932e4f-node6-1 Created 
 Container rggbcf7932e4f-node1-1 Created 
 Container rggbcf7932e4f-node5-1 Created 
 Container rggbcf7932e4f-node15-1 Created 
 Container rggbcf7932e4f-driver-1 Creating 
 Container rggbcf7932e4f-driver-1 Created 
 Container rggbcf7932e4f-collector-1 Starting 
 Container rggbcf7932e4f-collector-1 Started 
 Container rggbcf7932e4f-node4-1 Starting 
 Container rggbcf7932e4f-node9-1 Starting 
 Container rggbcf7932e4f-node15-1 Starting 
 Container rggbcf7932e4f-node14-1 Starting 
 Container rggbcf7932e4f-node6-1 Starting 
 Container rggbcf7932e4f-node8-1 Starting 
 Container rggbcf7932e4f-node12-1 Starting 
 Container rggbcf7932e4f-node10-1 Starting 
 Container rggbcf7932e4f-node0-1 Starting 
 Container rggbcf7932e4f-node11-1 Starting 
 Container rggbcf7932e4f-node1-1 Starting 
 Container rggbcf7932e4f-node2-1 Starting 
 Container rggbcf7932e4f-node7-1 Starting 
 Container rggbcf7932e4f-node13-1 Starting 
 Container rggbcf7932e4f-node3-1 Starting 
 Container rggbcf7932e4f-node5-1 Starting 
 Container rggbcf7932e4f-node15-1 Started 
 Container rggbcf7932e4f-node5-1 Started 
 Container rggbcf7932e4f-node9-1 Started 
 Container rggbcf7932e4f-node3-1 Started 
 Container rggbcf7932e4f-node12-1 Started 
 Container rggbcf7932e4f-node6-1 Started 
 Container rggbcf7932e4f-node2-1 Started 
 Container rggbcf7932e4f-node13-1 Started 
 Container rggbcf7932e4f-node1-1 Started 
 Container rggbcf7932e4f-node0-1 Started 
 Container rggbcf7932e4f-node8-1 Started 
 Container rggbcf7932e4f-node11-1 Started 
 Container rggbcf7932e4f-node10-1 Started 
 Container rggbcf7932e4f-node4-1 Started 
 Container rggbcf7932e4f-node14-1 Started 
 Container rggbcf7932e4f-node7-1 Started 
 Container rggbcf7932e4f-driver-1 Starting 
 Container rggbcf7932e4f-driver-1 Started 
0
