 Network rggd6d0de9741_default Creating 
 Network rggd6d0de9741_default Created 
 Container rggd6d0de9741-collector-1 Creating 
 Container rggd6d0de9741-collector-1 Created 
 Container rggd6d0de9741-node12-1 Creating 
 Container rggd6d0de9741-node0-1 Creating 
 Container rggd6d0de9741-node11-1 Creating 
 Container rggd6d0de9741-node9-1 Creating 
 Container rggd6d0de9741-node8-1 Creating 
 Container rggd6d0de9741-node13-1 Creating 
 Container rggd6d0de9741-node3-1 Creating 
 Container rggd6d0de9741-node14-1 Creating 
 Container rggd6d0de9741-node5-1 Creating 
 Container rggd6d0de9741-node15-1 Creating 
 Container rggd6d0de9741-node2-1 Creating 
 Container rggd6d0de9741-node10-1 Creating 
 Container rggd6d0de9741-node6-1 Creating 
 Container rggd6d0de9741-node4-1 Creating 
 Container rggd6d0de9741-node7-1 Creating 
 Container rggd6d0de9741-node1-1 Creating 
 Container rggd6d0de9741-node8-1 Created 
 Container rggd6d0de9741-node12-1 Created 
 Container rggd6d0de9741-node11-1 Created 
 Container rggd6d0de9741-node13-1 Created 
 Container rggd6d0de9741-node9-1 Created 
 Container rggd6d0de9741-node5-1 Created 
 Container rggd6d0de9741-node15-1 Created 
 Container rggd6d0de9741-node3-1 Created 
 Container rggd6d0de9741-node6-1 Created 
 Container rggd6d0de9741-node7-1 Created 
 Container rggd6d0de9741-node14-1 Created 
 Container rggd6d0de9741-node0-1 Created 
 Container rggd6d0de9741-node4-1 Created 
 Container rggd6d0de9741-node1-1 Created 
 Container rggd6d0de9741-node2-1 Created 
 Container rggd6d0de9741-node10-1 Created 
 Container rggd6d0de9741-collector-1 Starting 
 Container rggd6d0de9741-collector-1 Started 
 Container rggd6d0de9741-node12-1 Starting 
 Container rggd6d0de9741-node3-1 Starting 
 Container rggd6d0de9741-node13-1 Starting 
 Container rggd6d0de9741-node9-1 Starting 
 Container rggd6d0de9741-node10-1 Starting 
 Container rggd6d0de9741-node6-1 Starting 
 Container rggd6d0de9741-node5-1 Starting 
 Container rggd6d0de9741-node0-1 Starting 
 Container rggd6d0de9741-node4-1 Starting 
 Container rggd6d0de9741-node15-1 Starting 
 Container rggd6d0de9741-node7-1 Starting 
 Container rggd6d0de9741-node11-1 Starting 
 Container rggd6d0de9741-node2-1 Starting 
 Container rggd6d0de9741-node1-1 Starting 
 Container rggd6d0de9741-node8-1 Starting 
 Container rggd6d0de9741-node14-1 Starting 
 Container rggd6d0de9741-node8-1 Started 
 Container rggd6d0de9741-node12-1 Started 
 Container rggd6d0de9741-node3-1 Started 
 Container rggd6d0de9741-node15-1 Started 
 Container rggd6d0de9741-node13-1 Started 
 Container rggd6d0de9741-node14-1 Started 
 Container rggd6d0de9741-node11-1 Started 
 Container rggd6d0de9741-node2-1 Started 
 Container rggd6d0de9741-node6-1 Started 
 Container rggd6d0de9741-node4-1 Started 
 Container rggd6d0de9741-node1-1 Started 
 Container rggd6d0de9741-node9-1 Started 
 Container rggd6d0de9741-node7-1 Started 
 Container rggd6d0de9741-node10-1 Started 
 Container rggd6d0de9741-node5-1 Started 
 Container rggd6d0de9741-node0-1 Started 
NETEM_APPLIED node0 iface=eth0: qdisc netem 8451: root refcnt 17 limit 1000 delay 20ms  5ms seed 3802802089069651889
NETEM_APPLIED node1 iface=eth0: qdisc netem 8452: root refcnt 17 limit 1000 delay 20ms  5ms seed 8668525757746571762
NETEM_APPLIED node2 iface=eth0: qdisc netem 8453: root refcnt 17 limit 1000 delay 20ms  5ms seed 17824699997456597314
NETEM_APPLIED node3 iface=eth0: qdisc netem 8454: root refcnt 17 limit 1000 delay 20ms  5ms seed 13986722531069774765
NETEM_APPLIED node4 iface=eth0: qdisc netem 8455: root refcnt 17 limit 1000 delay 20ms  5ms seed 14178253632245076272
NETEM_APPLIED node5 iface=eth0: qdisc netem 8456: root refcnt 17 limit 1000 delay 20ms  5ms seed 10823696073394406226
NETEM_APPLIED node6 iface=eth0: qdisc netem 8457: root refcnt 17 limit 1000 delay 20ms  5ms seed 9894259122359150265
NETEM_APPLIED node7 iface=eth0: qdisc netem 8458: root refcnt 17 limit 1000 delay 20ms  5ms seed 6806824263958675009
NETEM_APPLIED node8 iface=eth0: qdisc netem 8459: root refcnt 17 limit 1000 delay 20ms  5ms seed 11445029727474888182
NETEM_APPLIED node9 iface=eth0: qdisc netem 845a: root refcnt 17 limit 1000 delay 20ms  5ms seed 7960127274746459945
NETEM_APPLIED node10 iface=eth0: qdisc netem 845b: root refcnt 17 limit 1000 delay 20ms  5ms seed 2391556896131378142
NETEM_APPLIED node11 iface=eth0: qdisc netem 845c: root refcnt 17 limit 1000 delay 20ms  5ms seed 67656467489524277
NETEM_APPLIED node12 iface=eth0: qdisc netem 845d: root refcnt 17 limit 1000 delay 20ms  5ms seed 1612099797888328054
NETEM_APPLIED node13 iface=eth0: qdisc netem 845e: root refcnt 17 limit 1000 delay 20ms  5ms seed 5338175027532880794
NETEM_APPLIED node14 iface=eth0: qdisc netem 845f: root refcnt 17 limit 1000 delay 20ms  5ms seed 4672371005956332242
NETEM_APPLIED node15 iface=eth0: qdisc netem 8460: root refcnt 17 limit 1000 delay 20ms  5ms seed 4804106014798586234
NETEM_RTT_GATE OK: baseline=0.1ms actual=40.5ms increase=40.4ms
DRIVER_STARTED: 2026-07-15T06:08:06Z
0
QDSK_CLEANUP_FAIL node0: Command '['docker', 'exec', 'rggd6d0de9741-node0-1', 'sh', '-c', "ip -o -4 addr show scope global 2>/dev/null | head -1 | awk '{print $2}'"]' returned non-zero exit status 1.
QDSK_CLEANUP_FAIL node1: Command '['docker', 'exec', 'rggd6d0de9741-node1-1', 'sh', '-c', "ip -o -4 addr show scope global 2>/dev/null | head -1 | awk '{print $2}'"]' returned non-zero exit status 1.
QDSK_CLEANUP_FAIL node2: Command '['docker', 'exec', 'rggd6d0de9741-node2-1', 'sh', '-c', "ip -o -4 addr show scope global 2>/dev/null | head -1 | awk '{print $2}'"]' returned non-zero exit status 1.
QDSK_CLEANUP_FAIL node3: Command '['docker', 'exec', 'rggd6d0de9741-node3-1', 'sh', '-c', "ip -o -4 addr show scope global 2>/dev/null | head -1 | awk '{print $2}'"]' returned non-zero exit status 1.
QDSK_CLEANUP_FAIL node4: Command '['docker', 'exec', 'rggd6d0de9741-node4-1', 'sh', '-c', "ip -o -4 addr show scope global 2>/dev/null | head -1 | awk '{print $2}'"]' returned non-zero exit status 1.
QDSK_CLEANUP_FAIL node5: Command '['docker', 'exec', 'rggd6d0de9741-node5-1', 'sh', '-c', "ip -o -4 addr show scope global 2>/dev/null | head -1 | awk '{print $2}'"]' returned non-zero exit status 1.
QDSK_CLEANUP_FAIL node6: Command '['docker', 'exec', 'rggd6d0de9741-node6-1', 'sh', '-c', "ip -o -4 addr show scope global 2>/dev/null | head -1 | awk '{print $2}'"]' returned non-zero exit status 1.
QDSK_CLEANUP_FAIL node7: Command '['docker', 'exec', 'rggd6d0de9741-node7-1', 'sh', '-c', "ip -o -4 addr show scope global 2>/dev/null | head -1 | awk '{print $2}'"]' returned non-zero exit status 1.
QDSK_CLEANUP_FAIL node8: Command '['docker', 'exec', 'rggd6d0de9741-node8-1', 'sh', '-c', "ip -o -4 addr show scope global 2>/dev/null | head -1 | awk '{print $2}'"]' returned non-zero exit status 1.
QDSK_CLEANUP_FAIL node9: Command '['docker', 'exec', 'rggd6d0de9741-node9-1', 'sh', '-c', "ip -o -4 addr show scope global 2>/dev/null | head -1 | awk '{print $2}'"]' returned non-zero exit status 1.
QDSK_CLEANUP_FAIL node10: Command '['docker', 'exec', 'rggd6d0de9741-node10-1', 'sh', '-c', "ip -o -4 addr show scope global 2>/dev/null | head -1 | awk '{print $2}'"]' returned non-zero exit status 1.
QDSK_CLEANUP_FAIL node11: Command '['docker', 'exec', 'rggd6d0de9741-node11-1', 'sh', '-c', "ip -o -4 addr show scope global 2>/dev/null | head -1 | awk '{print $2}'"]' returned non-zero exit status 1.
QDSK_CLEANUP_FAIL node12: Command '['docker', 'exec', 'rggd6d0de9741-node12-1', 'sh', '-c', "ip -o -4 addr show scope global 2>/dev/null | head -1 | awk '{print $2}'"]' returned non-zero exit status 1.
QDSK_CLEANUP_FAIL node13: Command '['docker', 'exec', 'rggd6d0de9741-node13-1', 'sh', '-c', "ip -o -4 addr show scope global 2>/dev/null | head -1 | awk '{print $2}'"]' returned non-zero exit status 1.
QDSK_CLEANUP_FAIL node14: Command '['docker', 'exec', 'rggd6d0de9741-node14-1', 'sh', '-c', "ip -o -4 addr show scope global 2>/dev/null | head -1 | awk '{print $2}'"]' returned non-zero exit status 1.
QDSK_CLEANUP_FAIL node15: Command '['docker', 'exec', 'rggd6d0de9741-node15-1', 'sh', '-c', "ip -o -4 addr show scope global 2>/dev/null | head -1 | awk '{print $2}'"]' returned non-zero exit status 1.
