 Network rgg33043ab816_default Creating 
 Network rgg33043ab816_default Created 
 Container rgg33043ab816-collector-1 Creating 
 Container rgg33043ab816-collector-1 Created 
 Container rgg33043ab816-node9-1 Creating 
 Container rgg33043ab816-node4-1 Creating 
 Container rgg33043ab816-node8-1 Creating 
 Container rgg33043ab816-node5-1 Creating 
 Container rgg33043ab816-node13-1 Creating 
 Container rgg33043ab816-node18-1 Creating 
 Container rgg33043ab816-node22-1 Creating 
 Container rgg33043ab816-node11-1 Creating 
 Container rgg33043ab816-node21-1 Creating 
 Container rgg33043ab816-node0-1 Creating 
 Container rgg33043ab816-node6-1 Creating 
 Container rgg33043ab816-node10-1 Creating 
 Container rgg33043ab816-node2-1 Creating 
 Container rgg33043ab816-node20-1 Creating 
 Container rgg33043ab816-node12-1 Creating 
 Container rgg33043ab816-node16-1 Creating 
 Container rgg33043ab816-node15-1 Creating 
 Container rgg33043ab816-node7-1 Creating 
 Container rgg33043ab816-node14-1 Creating 
 Container rgg33043ab816-node1-1 Creating 
 Container rgg33043ab816-node17-1 Creating 
 Container rgg33043ab816-node3-1 Creating 
 Container rgg33043ab816-node19-1 Creating 
 Container rgg33043ab816-node23-1 Creating 
 Container rgg33043ab816-node9-1 Created 
 Container rgg33043ab816-node8-1 Created 
 Container rgg33043ab816-node11-1 Created 
 Container rgg33043ab816-node1-1 Created 
 Container rgg33043ab816-node17-1 Created 
 Container rgg33043ab816-node0-1 Created 
 Container rgg33043ab816-node3-1 Created 
 Container rgg33043ab816-node22-1 Created 
 Container rgg33043ab816-node15-1 Created 
 Container rgg33043ab816-node13-1 Created 
 Container rgg33043ab816-node18-1 Created 
 Container rgg33043ab816-node4-1 Created 
 Container rgg33043ab816-node16-1 Created 
 Container rgg33043ab816-node12-1 Created 
 Container rgg33043ab816-node21-1 Created 
 Container rgg33043ab816-node5-1 Created 
 Container rgg33043ab816-node23-1 Created 
 Container rgg33043ab816-node14-1 Created 
 Container rgg33043ab816-node20-1 Created 
 Container rgg33043ab816-node19-1 Created 
 Container rgg33043ab816-node10-1 Created 
 Container rgg33043ab816-node6-1 Created 
 Container rgg33043ab816-node2-1 Created 
 Container rgg33043ab816-node7-1 Created 
 Container rgg33043ab816-collector-1 Starting 
 Container rgg33043ab816-collector-1 Started 
 Container rgg33043ab816-node16-1 Starting 
 Container rgg33043ab816-node3-1 Starting 
 Container rgg33043ab816-node9-1 Starting 
 Container rgg33043ab816-node14-1 Starting 
 Container rgg33043ab816-node13-1 Starting 
 Container rgg33043ab816-node10-1 Starting 
 Container rgg33043ab816-node12-1 Starting 
 Container rgg33043ab816-node15-1 Starting 
 Container rgg33043ab816-node22-1 Starting 
 Container rgg33043ab816-node4-1 Starting 
 Container rgg33043ab816-node23-1 Starting 
 Container rgg33043ab816-node19-1 Starting 
 Container rgg33043ab816-node0-1 Starting 
 Container rgg33043ab816-node5-1 Starting 
 Container rgg33043ab816-node1-1 Starting 
 Container rgg33043ab816-node11-1 Starting 
 Container rgg33043ab816-node17-1 Starting 
 Container rgg33043ab816-node7-1 Starting 
 Container rgg33043ab816-node6-1 Starting 
 Container rgg33043ab816-node18-1 Starting 
 Container rgg33043ab816-node20-1 Starting 
 Container rgg33043ab816-node8-1 Starting 
 Container rgg33043ab816-node2-1 Starting 
 Container rgg33043ab816-node21-1 Starting 
 Container rgg33043ab816-node15-1 Started 
 Container rgg33043ab816-node21-1 Started 
 Container rgg33043ab816-node0-1 Started 
 Container rgg33043ab816-node9-1 Started 
 Container rgg33043ab816-node16-1 Started 
 Container rgg33043ab816-node14-1 Started 
 Container rgg33043ab816-node7-1 Started 
 Container rgg33043ab816-node22-1 Started 
 Container rgg33043ab816-node20-1 Started 
 Container rgg33043ab816-node23-1 Started 
 Container rgg33043ab816-node2-1 Started 
 Container rgg33043ab816-node6-1 Started 
 Container rgg33043ab816-node1-1 Started 
 Container rgg33043ab816-node17-1 Started 
 Container rgg33043ab816-node5-1 Started 
 Container rgg33043ab816-node4-1 Started 
 Container rgg33043ab816-node3-1 Started 
 Container rgg33043ab816-node13-1 Started 
 Container rgg33043ab816-node18-1 Started 
 Container rgg33043ab816-node12-1 Started 
 Container rgg33043ab816-node19-1 Started 
 Container rgg33043ab816-node10-1 Started 
 Container rgg33043ab816-node11-1 Started 
 Container rgg33043ab816-node8-1 Started 
NETEM_APPLIED node0 iface=eth0: qdisc netem 85c9: root refcnt 17 limit 1000 delay 20ms  5ms seed 2980469689211434197
NETEM_APPLIED node1 iface=eth0: qdisc netem 85ca: root refcnt 17 limit 1000 delay 20ms  5ms seed 16598456647148702790
NETEM_APPLIED node2 iface=eth0: qdisc netem 85cb: root refcnt 17 limit 1000 delay 20ms  5ms seed 6807780553386553233
NETEM_APPLIED node3 iface=eth0: qdisc netem 85cc: root refcnt 17 limit 1000 delay 20ms  5ms seed 17910523892880867488
NETEM_APPLIED node4 iface=eth0: qdisc netem 85cd: root refcnt 17 limit 1000 delay 20ms  5ms seed 8215907910172362972
NETEM_APPLIED node5 iface=eth0: qdisc netem 85ce: root refcnt 17 limit 1000 delay 20ms  5ms seed 1322472332557681196
NETEM_APPLIED node6 iface=eth0: qdisc netem 85cf: root refcnt 17 limit 1000 delay 20ms  5ms seed 15515584017630611770
NETEM_APPLIED node7 iface=eth0: qdisc netem 85d0: root refcnt 17 limit 1000 delay 20ms  5ms seed 2346475923571534016
NETEM_APPLIED node8 iface=eth0: qdisc netem 85d1: root refcnt 17 limit 1000 delay 20ms  5ms seed 2143987906988415844
NETEM_APPLIED node9 iface=eth0: qdisc netem 85d2: root refcnt 17 limit 1000 delay 20ms  5ms seed 10662269217116134370
NETEM_APPLIED node10 iface=eth0: qdisc netem 85d3: root refcnt 17 limit 1000 delay 20ms  5ms seed 3458094670338128796
NETEM_APPLIED node11 iface=eth0: qdisc netem 85d4: root refcnt 17 limit 1000 delay 20ms  5ms seed 4541823749848292735
NETEM_APPLIED node12 iface=eth0: qdisc netem 85d5: root refcnt 17 limit 1000 delay 20ms  5ms seed 1916622276190563218
NETEM_APPLIED node13 iface=eth0: qdisc netem 85d6: root refcnt 17 limit 1000 delay 20ms  5ms seed 6181756085733905486
NETEM_APPLIED node14 iface=eth0: qdisc netem 85d7: root refcnt 17 limit 1000 delay 20ms  5ms seed 12264669348597952309
NETEM_APPLIED node15 iface=eth0: qdisc netem 85d8: root refcnt 17 limit 1000 delay 20ms  5ms seed 3836505437648697636
NETEM_APPLIED node16 iface=eth0: qdisc netem 85d9: root refcnt 17 limit 1000 delay 20ms  5ms seed 5874517151645471123
NETEM_APPLIED node17 iface=eth0: qdisc netem 85da: root refcnt 17 limit 1000 delay 20ms  5ms seed 786232214105569526
NETEM_APPLIED node18 iface=eth0: qdisc netem 85db: root refcnt 17 limit 1000 delay 20ms  5ms seed 5718099033450201531
NETEM_APPLIED node19 iface=eth0: qdisc netem 85dc: root refcnt 17 limit 1000 delay 20ms  5ms seed 10821875871500337602
NETEM_APPLIED node20 iface=eth0: qdisc netem 85dd: root refcnt 17 limit 1000 delay 20ms  5ms seed 12813151318688385249
NETEM_APPLIED node21 iface=eth0: qdisc netem 85de: root refcnt 17 limit 1000 delay 20ms  5ms seed 13070070021644671718
NETEM_APPLIED node22 iface=eth0: qdisc netem 85df: root refcnt 17 limit 1000 delay 20ms  5ms seed 12613558545760511037
NETEM_APPLIED node23 iface=eth0: qdisc netem 85e0: root refcnt 17 limit 1000 delay 20ms  5ms seed 16836299826151292297
NETEM_RTT_GATE OK: baseline=0.1ms actual=39.4ms increase=39.3ms
DRIVER_STARTED: 2026-07-15T06:30:10Z
0
QDSK_CLEANUP_FAIL node0: Command '['docker', 'exec', 'rgg33043ab816-node0-1', 'sh', '-c', "ip -o -4 addr show scope global 2>/dev/null | head -1 | awk '{print $2}'"]' returned non-zero exit status 1.
QDSK_CLEANUP_FAIL node1: Command '['docker', 'exec', 'rgg33043ab816-node1-1', 'sh', '-c', "ip -o -4 addr show scope global 2>/dev/null | head -1 | awk '{print $2}'"]' returned non-zero exit status 1.
QDSK_CLEANUP_FAIL node2: Command '['docker', 'exec', 'rgg33043ab816-node2-1', 'sh', '-c', "ip -o -4 addr show scope global 2>/dev/null | head -1 | awk '{print $2}'"]' returned non-zero exit status 1.
QDSK_CLEANUP_FAIL node3: Command '['docker', 'exec', 'rgg33043ab816-node3-1', 'sh', '-c', "ip -o -4 addr show scope global 2>/dev/null | head -1 | awk '{print $2}'"]' returned non-zero exit status 1.
QDSK_CLEANUP_FAIL node4: Command '['docker', 'exec', 'rgg33043ab816-node4-1', 'sh', '-c', "ip -o -4 addr show scope global 2>/dev/null | head -1 | awk '{print $2}'"]' returned non-zero exit status 1.
QDSK_CLEANUP_FAIL node5: Command '['docker', 'exec', 'rgg33043ab816-node5-1', 'sh', '-c', "ip -o -4 addr show scope global 2>/dev/null | head -1 | awk '{print $2}'"]' returned non-zero exit status 1.
QDSK_CLEANUP_FAIL node6: Command '['docker', 'exec', 'rgg33043ab816-node6-1', 'sh', '-c', "ip -o -4 addr show scope global 2>/dev/null | head -1 | awk '{print $2}'"]' returned non-zero exit status 1.
QDSK_CLEANUP_FAIL node7: Command '['docker', 'exec', 'rgg33043ab816-node7-1', 'sh', '-c', "ip -o -4 addr show scope global 2>/dev/null | head -1 | awk '{print $2}'"]' returned non-zero exit status 1.
QDSK_CLEANUP_FAIL node8: Command '['docker', 'exec', 'rgg33043ab816-node8-1', 'sh', '-c', "ip -o -4 addr show scope global 2>/dev/null | head -1 | awk '{print $2}'"]' returned non-zero exit status 1.
QDSK_CLEANUP_FAIL node9: Command '['docker', 'exec', 'rgg33043ab816-node9-1', 'sh', '-c', "ip -o -4 addr show scope global 2>/dev/null | head -1 | awk '{print $2}'"]' returned non-zero exit status 1.
QDSK_CLEANUP_FAIL node10: Command '['docker', 'exec', 'rgg33043ab816-node10-1', 'sh', '-c', "ip -o -4 addr show scope global 2>/dev/null | head -1 | awk '{print $2}'"]' returned non-zero exit status 1.
QDSK_CLEANUP_FAIL node11: Command '['docker', 'exec', 'rgg33043ab816-node11-1', 'sh', '-c', "ip -o -4 addr show scope global 2>/dev/null | head -1 | awk '{print $2}'"]' returned non-zero exit status 1.
QDSK_CLEANUP_FAIL node12: Command '['docker', 'exec', 'rgg33043ab816-node12-1', 'sh', '-c', "ip -o -4 addr show scope global 2>/dev/null | head -1 | awk '{print $2}'"]' returned non-zero exit status 1.
QDSK_CLEANUP_FAIL node13: Command '['docker', 'exec', 'rgg33043ab816-node13-1', 'sh', '-c', "ip -o -4 addr show scope global 2>/dev/null | head -1 | awk '{print $2}'"]' returned non-zero exit status 1.
QDSK_CLEANUP_FAIL node14: Command '['docker', 'exec', 'rgg33043ab816-node14-1', 'sh', '-c', "ip -o -4 addr show scope global 2>/dev/null | head -1 | awk '{print $2}'"]' returned non-zero exit status 1.
QDSK_CLEANUP_FAIL node15: Command '['docker', 'exec', 'rgg33043ab816-node15-1', 'sh', '-c', "ip -o -4 addr show scope global 2>/dev/null | head -1 | awk '{print $2}'"]' returned non-zero exit status 1.
QDSK_CLEANUP_FAIL node16: Command '['docker', 'exec', 'rgg33043ab816-node16-1', 'sh', '-c', "ip -o -4 addr show scope global 2>/dev/null | head -1 | awk '{print $2}'"]' returned non-zero exit status 1.
QDSK_CLEANUP_FAIL node17: Command '['docker', 'exec', 'rgg33043ab816-node17-1', 'sh', '-c', "ip -o -4 addr show scope global 2>/dev/null | head -1 | awk '{print $2}'"]' returned non-zero exit status 1.
QDSK_CLEANUP_FAIL node18: Command '['docker', 'exec', 'rgg33043ab816-node18-1', 'sh', '-c', "ip -o -4 addr show scope global 2>/dev/null | head -1 | awk '{print $2}'"]' returned non-zero exit status 1.
QDSK_CLEANUP_FAIL node19: Command '['docker', 'exec', 'rgg33043ab816-node19-1', 'sh', '-c', "ip -o -4 addr show scope global 2>/dev/null | head -1 | awk '{print $2}'"]' returned non-zero exit status 1.
QDSK_CLEANUP_FAIL node20: Command '['docker', 'exec', 'rgg33043ab816-node20-1', 'sh', '-c', "ip -o -4 addr show scope global 2>/dev/null | head -1 | awk '{print $2}'"]' returned non-zero exit status 1.
QDSK_CLEANUP_FAIL node21: Command '['docker', 'exec', 'rgg33043ab816-node21-1', 'sh', '-c', "ip -o -4 addr show scope global 2>/dev/null | head -1 | awk '{print $2}'"]' returned non-zero exit status 1.
QDSK_CLEANUP_FAIL node22: Command '['docker', 'exec', 'rgg33043ab816-node22-1', 'sh', '-c', "ip -o -4 addr show scope global 2>/dev/null | head -1 | awk '{print $2}'"]' returned non-zero exit status 1.
QDSK_CLEANUP_FAIL node23: Command '['docker', 'exec', 'rgg33043ab816-node23-1', 'sh', '-c', "ip -o -4 addr show scope global 2>/dev/null | head -1 | awk '{print $2}'"]' returned non-zero exit status 1.
