 Network rgg21654eca5f_default Creating 
 Network rgg21654eca5f_default Created 
 Container rgg21654eca5f-collector-1 Creating 
 Container rgg21654eca5f-collector-1 Created 
 Container rgg21654eca5f-node14-1 Creating 
 Container rgg21654eca5f-node4-1 Creating 
 Container rgg21654eca5f-node0-1 Creating 
 Container rgg21654eca5f-node1-1 Creating 
 Container rgg21654eca5f-node6-1 Creating 
 Container rgg21654eca5f-node8-1 Creating 
 Container rgg21654eca5f-node15-1 Creating 
 Container rgg21654eca5f-node3-1 Creating 
 Container rgg21654eca5f-node9-1 Creating 
 Container rgg21654eca5f-node10-1 Creating 
 Container rgg21654eca5f-node11-1 Creating 
 Container rgg21654eca5f-node2-1 Creating 
 Container rgg21654eca5f-node7-1 Creating 
 Container rgg21654eca5f-node5-1 Creating 
 Container rgg21654eca5f-node12-1 Creating 
 Container rgg21654eca5f-node13-1 Creating 
 Container rgg21654eca5f-node14-1 Created 
 Container rgg21654eca5f-node4-1 Created 
 Container rgg21654eca5f-node11-1 Created 
 Container rgg21654eca5f-node10-1 Created 
 Container rgg21654eca5f-node7-1 Created 
 Container rgg21654eca5f-node5-1 Created 
 Container rgg21654eca5f-node2-1 Created 
 Container rgg21654eca5f-node13-1 Created 
 Container rgg21654eca5f-node0-1 Created 
 Container rgg21654eca5f-node8-1 Created 
 Container rgg21654eca5f-node3-1 Created 
 Container rgg21654eca5f-node15-1 Created 
 Container rgg21654eca5f-node12-1 Created 
 Container rgg21654eca5f-node1-1 Created 
 Container rgg21654eca5f-node9-1 Created 
 Container rgg21654eca5f-node6-1 Created 
 Container rgg21654eca5f-driver-1 Creating 
 Container rgg21654eca5f-driver-1 Created 
 Container rgg21654eca5f-collector-1 Starting 
 Container rgg21654eca5f-collector-1 Started 
 Container rgg21654eca5f-node10-1 Starting 
 Container rgg21654eca5f-node9-1 Starting 
 Container rgg21654eca5f-node15-1 Starting 
 Container rgg21654eca5f-node12-1 Starting 
 Container rgg21654eca5f-node5-1 Starting 
 Container rgg21654eca5f-node0-1 Starting 
 Container rgg21654eca5f-node6-1 Starting 
 Container rgg21654eca5f-node7-1 Starting 
 Container rgg21654eca5f-node3-1 Starting 
 Container rgg21654eca5f-node13-1 Starting 
 Container rgg21654eca5f-node8-1 Starting 
 Container rgg21654eca5f-node1-1 Starting 
 Container rgg21654eca5f-node11-1 Starting 
 Container rgg21654eca5f-node4-1 Starting 
 Container rgg21654eca5f-node14-1 Starting 
 Container rgg21654eca5f-node2-1 Starting 
 Container rgg21654eca5f-node12-1 Started 
 Container rgg21654eca5f-node13-1 Started 
 Container rgg21654eca5f-node9-1 Started 
 Container rgg21654eca5f-node2-1 Started 
 Container rgg21654eca5f-node4-1 Started 
 Container rgg21654eca5f-node10-1 Started 
 Container rgg21654eca5f-node1-1 Started 
 Container rgg21654eca5f-node6-1 Started 
 Container rgg21654eca5f-node14-1 Started 
 Container rgg21654eca5f-node5-1 Started 
 Container rgg21654eca5f-node8-1 Started 
 Container rgg21654eca5f-node3-1 Started 
 Container rgg21654eca5f-node11-1 Started 
 Container rgg21654eca5f-node0-1 Started 
 Container rgg21654eca5f-node7-1 Started 
 Container rgg21654eca5f-node15-1 Started 
 Container rgg21654eca5f-driver-1 Starting 
 Container rgg21654eca5f-driver-1 Started 
0
