Preparing 4 committee slots (excluded from metrics)
Running 16 measured workflows at concurrency 4
Progress: 1/16
Progress: 2/16
Progress: 3/16
Progress: 4/16
Progress: 5/16
Progress: 6/16
Progress: 7/16
Progress: 8/16
Progress: 9/16
Progress: 10/16
Progress: 11/16
Progress: 12/16
Progress: 13/16
Progress: 14/16
Progress: 15/16
Progress: 16/16
{
  "operation_count": 160,
  "successful_operations": 160,
  "failed_operations": 0,
  "workflow_count": 16,
  "successful_workflows": 16,
  "failed_workflows": 0,
  "workflow_success_rate": 1.0,
  "measurement_duration_ms": 59362,
  "workflow_throughput_per_s": 0.26953269768538796,
  "per_operation": {
    "fabric_post_allocation": {
      "count": 16,
      "success_count": 16,
      "failure_count": 0,
      "p50_ms": 2338,
      "p95_ms": 2559,
      "p99_ms": 2559
    },
    "fabric_post_snapshot": {
      "count": 16,
      "success_count": 16,
      "failure_count": 0,
      "p50_ms": 2273,
      "p95_ms": 2485,
      "p99_ms": 2485
    },
    "fabric_post_task": {
      "count": 16,
      "success_count": 16,
      "failure_count": 0,
      "p50_ms": 2420,
      "p95_ms": 2476,
      "p99_ms": 2476
    },
    "fabric_query_confirmation": {
      "count": 16,
      "success_count": 16,
      "failure_count": 0,
      "p50_ms": 148,
      "p95_ms": 321,
      "p99_ms": 321
    },
    "fabric_query_final": {
      "count": 16,
      "success_count": 16,
      "failure_count": 0,
      "p50_ms": 568,
      "p95_ms": 748,
      "p99_ms": 748
    },
    "fabric_settlement": {
      "count": 16,
      "success_count": 16,
      "failure_count": 0,
      "p50_ms": 2530,
      "p95_ms": 2570,
      "p99_ms": 2570
    },
    "fabric_vote_1": {
      "count": 16,
      "success_count": 16,
      "failure_count": 0,
      "p50_ms": 2277,
      "p95_ms": 2601,
      "p99_ms": 2601
    },
    "fabric_vote_2": {
      "count": 16,
      "success_count": 16,
      "failure_count": 0,
      "p50_ms": 1191,
      "p95_ms": 2844,
      "p99_ms": 2844
    },
    "ipfs_add": {
      "count": 16,
      "success_count": 16,
      "failure_count": 0,
      "p50_ms": 59,
      "p95_ms": 90,
      "p99_ms": 90
    },
    "ipfs_verify": {
      "count": 16,
      "success_count": 16,
      "failure_count": 0,
      "p50_ms": 8,
      "p95_ms": 11,
      "p99_ms": 11
    }
  },
  "evidence_record_count": 256,
  "evidence_record_throughput_per_s": 4.312523162966207
}
Results: /mnt/c/Users/guan/Desktop/zte-sci/experiments/exp-local/results/b2-ablation-formal-20260705T171313Z/b2-ablation-b16-c4-r5/fabric/b2-fabric-b16-c4-r5
