 Network rgg168c3cf3fb_default Creating 
 Network rgg168c3cf3fb_default Created 
 Container rgg168c3cf3fb-collector-1 Creating 
 Container rgg168c3cf3fb-collector-1 Created 
 Container rgg168c3cf3fb-node20-1 Creating 
 Container rgg168c3cf3fb-node4-1 Creating 
 Container rgg168c3cf3fb-node21-1 Creating 
 Container rgg168c3cf3fb-node9-1 Creating 
 Container rgg168c3cf3fb-node6-1 Creating 
 Container rgg168c3cf3fb-node0-1 Creating 
 Container rgg168c3cf3fb-node7-1 Creating 
 Container rgg168c3cf3fb-node3-1 Creating 
 Container rgg168c3cf3fb-node10-1 Creating 
 Container rgg168c3cf3fb-node18-1 Creating 
 Container rgg168c3cf3fb-node12-1 Creating 
 Container rgg168c3cf3fb-node14-1 Creating 
 Container rgg168c3cf3fb-node2-1 Creating 
 Container rgg168c3cf3fb-node1-1 Creating 
 Container rgg168c3cf3fb-node23-1 Creating 
 Container rgg168c3cf3fb-node19-1 Creating 
 Container rgg168c3cf3fb-node17-1 Creating 
 Container rgg168c3cf3fb-node13-1 Creating 
 Container rgg168c3cf3fb-node15-1 Creating 
 Container rgg168c3cf3fb-node5-1 Creating 
 Container rgg168c3cf3fb-node22-1 Creating 
 Container rgg168c3cf3fb-node11-1 Creating 
 Container rgg168c3cf3fb-node16-1 Creating 
 Container rgg168c3cf3fb-node8-1 Creating 
 Container rgg168c3cf3fb-node9-1 Created 
 Container rgg168c3cf3fb-node18-1 Created 
 Container rgg168c3cf3fb-node21-1 Created 
 Container rgg168c3cf3fb-node6-1 Created 
 Container rgg168c3cf3fb-node20-1 Created 
 Container rgg168c3cf3fb-node15-1 Created 
 Container rgg168c3cf3fb-node2-1 Created 
 Container rgg168c3cf3fb-node17-1 Created 
 Container rgg168c3cf3fb-node16-1 Created 
 Container rgg168c3cf3fb-node5-1 Created 
 Container rgg168c3cf3fb-node4-1 Created 
 Container rgg168c3cf3fb-node0-1 Created 
 Container rgg168c3cf3fb-node12-1 Created 
 Container rgg168c3cf3fb-node22-1 Created 
 Container rgg168c3cf3fb-node14-1 Created 
 Container rgg168c3cf3fb-node8-1 Created 
 Container rgg168c3cf3fb-node11-1 Created 
 Container rgg168c3cf3fb-node19-1 Created 
 Container rgg168c3cf3fb-node23-1 Created 
 Container rgg168c3cf3fb-node3-1 Created 
 Container rgg168c3cf3fb-node1-1 Created 
 Container rgg168c3cf3fb-node10-1 Created 
 Container rgg168c3cf3fb-node13-1 Created 
 Container rgg168c3cf3fb-node7-1 Created 
 Container rgg168c3cf3fb-driver-1 Creating 
 Container rgg168c3cf3fb-driver-1 Created 
 Container rgg168c3cf3fb-collector-1 Starting 
 Container rgg168c3cf3fb-collector-1 Started 
 Container rgg168c3cf3fb-node22-1 Starting 
 Container rgg168c3cf3fb-node19-1 Starting 
 Container rgg168c3cf3fb-node2-1 Starting 
 Container rgg168c3cf3fb-node21-1 Starting 
 Container rgg168c3cf3fb-node4-1 Starting 
 Container rgg168c3cf3fb-node11-1 Starting 
 Container rgg168c3cf3fb-node7-1 Starting 
 Container rgg168c3cf3fb-node12-1 Starting 
 Container rgg168c3cf3fb-node14-1 Starting 
 Container rgg168c3cf3fb-node6-1 Starting 
 Container rgg168c3cf3fb-node18-1 Starting 
 Container rgg168c3cf3fb-node15-1 Starting 
 Container rgg168c3cf3fb-node0-1 Starting 
 Container rgg168c3cf3fb-node23-1 Starting 
 Container rgg168c3cf3fb-node5-1 Starting 
 Container rgg168c3cf3fb-node13-1 Starting 
 Container rgg168c3cf3fb-node3-1 Starting 
 Container rgg168c3cf3fb-node20-1 Starting 
 Container rgg168c3cf3fb-node9-1 Starting 
 Container rgg168c3cf3fb-node16-1 Starting 
 Container rgg168c3cf3fb-node8-1 Starting 
 Container rgg168c3cf3fb-node17-1 Starting 
 Container rgg168c3cf3fb-node10-1 Starting 
 Container rgg168c3cf3fb-node1-1 Starting 
 Container rgg168c3cf3fb-node22-1 Started 
 Container rgg168c3cf3fb-node6-1 Started 
 Container rgg168c3cf3fb-node15-1 Started 
 Container rgg168c3cf3fb-node12-1 Started 
 Container rgg168c3cf3fb-node19-1 Started 
 Container rgg168c3cf3fb-node10-1 Started 
 Container rgg168c3cf3fb-node0-1 Started 
 Container rgg168c3cf3fb-node2-1 Started 
 Container rgg168c3cf3fb-node8-1 Started 
 Container rgg168c3cf3fb-node13-1 Started 
 Container rgg168c3cf3fb-node14-1 Started 
 Container rgg168c3cf3fb-node23-1 Started 
 Container rgg168c3cf3fb-node17-1 Started 
 Container rgg168c3cf3fb-node20-1 Started 
 Container rgg168c3cf3fb-node7-1 Started 
 Container rgg168c3cf3fb-node3-1 Started 
 Container rgg168c3cf3fb-node1-1 Started 
 Container rgg168c3cf3fb-node16-1 Started 
 Container rgg168c3cf3fb-node21-1 Started 
 Container rgg168c3cf3fb-node9-1 Started 
 Container rgg168c3cf3fb-node18-1 Started 
 Container rgg168c3cf3fb-node11-1 Started 
 Container rgg168c3cf3fb-node4-1 Started 
 Container rgg168c3cf3fb-node5-1 Started 
 Container rgg168c3cf3fb-driver-1 Starting 
 Container rgg168c3cf3fb-driver-1 Started 
0
