 Network rgg3fe550a7ae_default Creating 
 Network rgg3fe550a7ae_default Created 
 Container rgg3fe550a7ae-collector-1 Creating 
 Container rgg3fe550a7ae-collector-1 Created 
 Container rgg3fe550a7ae-node4-1 Creating 
 Container rgg3fe550a7ae-node6-1 Creating 
 Container rgg3fe550a7ae-node2-1 Creating 
 Container rgg3fe550a7ae-node8-1 Creating 
 Container rgg3fe550a7ae-node0-1 Creating 
 Container rgg3fe550a7ae-node5-1 Creating 
 Container rgg3fe550a7ae-node14-1 Creating 
 Container rgg3fe550a7ae-node12-1 Creating 
 Container rgg3fe550a7ae-node3-1 Creating 
 Container rgg3fe550a7ae-node11-1 Creating 
 Container rgg3fe550a7ae-node1-1 Creating 
 Container rgg3fe550a7ae-node10-1 Creating 
 Container rgg3fe550a7ae-node15-1 Creating 
 Container rgg3fe550a7ae-node7-1 Creating 
 Container rgg3fe550a7ae-node9-1 Creating 
 Container rgg3fe550a7ae-node13-1 Creating 
 Container rgg3fe550a7ae-node4-1 Created 
 Container rgg3fe550a7ae-node6-1 Created 
 Container rgg3fe550a7ae-node10-1 Created 
 Container rgg3fe550a7ae-node0-1 Created 
 Container rgg3fe550a7ae-node15-1 Created 
 Container rgg3fe550a7ae-node1-1 Created 
 Container rgg3fe550a7ae-node7-1 Created 
 Container rgg3fe550a7ae-node11-1 Created 
 Container rgg3fe550a7ae-node2-1 Created 
 Container rgg3fe550a7ae-node13-1 Created 
 Container rgg3fe550a7ae-node9-1 Created 
 Container rgg3fe550a7ae-node12-1 Created 
 Container rgg3fe550a7ae-node3-1 Created 
 Container rgg3fe550a7ae-node14-1 Created 
 Container rgg3fe550a7ae-node8-1 Created 
 Container rgg3fe550a7ae-node5-1 Created 
 Container rgg3fe550a7ae-driver-1 Creating 
 Container rgg3fe550a7ae-driver-1 Created 
 Container rgg3fe550a7ae-collector-1 Starting 
 Container rgg3fe550a7ae-collector-1 Started 
 Container rgg3fe550a7ae-node8-1 Starting 
 Container rgg3fe550a7ae-node1-1 Starting 
 Container rgg3fe550a7ae-node4-1 Starting 
 Container rgg3fe550a7ae-node5-1 Starting 
 Container rgg3fe550a7ae-node15-1 Starting 
 Container rgg3fe550a7ae-node0-1 Starting 
 Container rgg3fe550a7ae-node3-1 Starting 
 Container rgg3fe550a7ae-node6-1 Starting 
 Container rgg3fe550a7ae-node7-1 Starting 
 Container rgg3fe550a7ae-node10-1 Starting 
 Container rgg3fe550a7ae-node14-1 Starting 
 Container rgg3fe550a7ae-node13-1 Starting 
 Container rgg3fe550a7ae-node12-1 Starting 
 Container rgg3fe550a7ae-node2-1 Starting 
 Container rgg3fe550a7ae-node9-1 Starting 
 Container rgg3fe550a7ae-node11-1 Starting 
 Container rgg3fe550a7ae-node11-1 Started 
 Container rgg3fe550a7ae-node1-1 Started 
 Container rgg3fe550a7ae-node8-1 Started 
 Container rgg3fe550a7ae-node12-1 Started 
 Container rgg3fe550a7ae-node4-1 Started 
 Container rgg3fe550a7ae-node3-1 Started 
 Container rgg3fe550a7ae-node10-1 Started 
 Container rgg3fe550a7ae-node6-1 Started 
 Container rgg3fe550a7ae-node9-1 Started 
 Container rgg3fe550a7ae-node2-1 Started 
 Container rgg3fe550a7ae-node14-1 Started 
 Container rgg3fe550a7ae-node15-1 Started 
 Container rgg3fe550a7ae-node5-1 Started 
 Container rgg3fe550a7ae-node13-1 Started 
 Container rgg3fe550a7ae-node0-1 Started 
 Container rgg3fe550a7ae-node7-1 Started 
 Container rgg3fe550a7ae-driver-1 Starting 
 Container rgg3fe550a7ae-driver-1 Started 
0
