 Network rggd66befce35_default Creating 
 Network rggd66befce35_default Created 
 Container rggd66befce35-collector-1 Creating 
 Container rggd66befce35-collector-1 Created 
 Container rggd66befce35-node2-1 Creating 
 Container rggd66befce35-node7-1 Creating 
 Container rggd66befce35-node9-1 Creating 
 Container rggd66befce35-node21-1 Creating 
 Container rggd66befce35-node20-1 Creating 
 Container rggd66befce35-node23-1 Creating 
 Container rggd66befce35-node22-1 Creating 
 Container rggd66befce35-node13-1 Creating 
 Container rggd66befce35-node0-1 Creating 
 Container rggd66befce35-node12-1 Creating 
 Container rggd66befce35-node19-1 Creating 
 Container rggd66befce35-node1-1 Creating 
 Container rggd66befce35-node16-1 Creating 
 Container rggd66befce35-node6-1 Creating 
 Container rggd66befce35-node10-1 Creating 
 Container rggd66befce35-node11-1 Creating 
 Container rggd66befce35-node5-1 Creating 
 Container rggd66befce35-node18-1 Creating 
 Container rggd66befce35-node8-1 Creating 
 Container rggd66befce35-node3-1 Creating 
 Container rggd66befce35-node4-1 Creating 
 Container rggd66befce35-node14-1 Creating 
 Container rggd66befce35-node15-1 Creating 
 Container rggd66befce35-node17-1 Creating 
 Container rggd66befce35-node21-1 Created 
 Container rggd66befce35-node7-1 Created 
 Container rggd66befce35-node2-1 Created 
 Container rggd66befce35-node0-1 Created 
 Container rggd66befce35-node14-1 Created 
 Container rggd66befce35-node19-1 Created 
 Container rggd66befce35-node5-1 Created 
 Container rggd66befce35-node17-1 Created 
 Container rggd66befce35-node23-1 Created 
 Container rggd66befce35-node20-1 Created 
 Container rggd66befce35-node8-1 Created 
 Container rggd66befce35-node1-1 Created 
 Container rggd66befce35-node15-1 Created 
 Container rggd66befce35-node22-1 Created 
 Container rggd66befce35-node3-1 Created 
 Container rggd66befce35-node13-1 Created 
 Container rggd66befce35-node11-1 Created 
 Container rggd66befce35-node6-1 Created 
 Container rggd66befce35-node9-1 Created 
 Container rggd66befce35-node12-1 Created 
 Container rggd66befce35-node18-1 Created 
 Container rggd66befce35-node10-1 Created 
 Container rggd66befce35-node16-1 Created 
 Container rggd66befce35-node4-1 Created 
 Container rggd66befce35-collector-1 Starting 
 Container rggd66befce35-collector-1 Started 
 Container rggd66befce35-node0-1 Starting 
 Container rggd66befce35-node13-1 Starting 
 Container rggd66befce35-node23-1 Starting 
 Container rggd66befce35-node1-1 Starting 
 Container rggd66befce35-node11-1 Starting 
 Container rggd66befce35-node10-1 Starting 
 Container rggd66befce35-node17-1 Starting 
 Container rggd66befce35-node15-1 Starting 
 Container rggd66befce35-node21-1 Starting 
 Container rggd66befce35-node7-1 Starting 
 Container rggd66befce35-node18-1 Starting 
 Container rggd66befce35-node2-1 Starting 
 Container rggd66befce35-node3-1 Starting 
 Container rggd66befce35-node5-1 Starting 
 Container rggd66befce35-node14-1 Starting 
 Container rggd66befce35-node19-1 Starting 
 Container rggd66befce35-node4-1 Starting 
 Container rggd66befce35-node6-1 Starting 
 Container rggd66befce35-node8-1 Starting 
 Container rggd66befce35-node16-1 Starting 
 Container rggd66befce35-node22-1 Starting 
 Container rggd66befce35-node20-1 Starting 
 Container rggd66befce35-node9-1 Starting 
 Container rggd66befce35-node12-1 Starting 
 Container rggd66befce35-node23-1 Started 
 Container rggd66befce35-node12-1 Started 
 Container rggd66befce35-node17-1 Started 
 Container rggd66befce35-node20-1 Started 
 Container rggd66befce35-node13-1 Started 
 Container rggd66befce35-node14-1 Started 
 Container rggd66befce35-node3-1 Started 
 Container rggd66befce35-node0-1 Started 
 Container rggd66befce35-node6-1 Started 
 Container rggd66befce35-node19-1 Started 
 Container rggd66befce35-node22-1 Started 
 Container rggd66befce35-node10-1 Started 
 Container rggd66befce35-node18-1 Started 
 Container rggd66befce35-node2-1 Started 
 Container rggd66befce35-node9-1 Started 
 Container rggd66befce35-node16-1 Started 
 Container rggd66befce35-node8-1 Started 
 Container rggd66befce35-node5-1 Started 
 Container rggd66befce35-node4-1 Started 
 Container rggd66befce35-node1-1 Started 
 Container rggd66befce35-node21-1 Started 
 Container rggd66befce35-node11-1 Started 
 Container rggd66befce35-node15-1 Started 
 Container rggd66befce35-node7-1 Started 
DRIVER_STARTED: 2026-07-15T05:04:22Z
0
