 Network rgg18379c7668_default Creating 
 Network rgg18379c7668_default Created 
 Container rgg18379c7668-collector-1 Creating 
 Container rgg18379c7668-collector-1 Created 
 Container rgg18379c7668-node0-1 Creating 
 Container rgg18379c7668-node4-1 Creating 
 Container rgg18379c7668-node8-1 Creating 
 Container rgg18379c7668-node11-1 Creating 
 Container rgg18379c7668-node3-1 Creating 
 Container rgg18379c7668-node7-1 Creating 
 Container rgg18379c7668-node2-1 Creating 
 Container rgg18379c7668-node5-1 Creating 
 Container rgg18379c7668-node9-1 Creating 
 Container rgg18379c7668-node15-1 Creating 
 Container rgg18379c7668-node10-1 Creating 
 Container rgg18379c7668-node6-1 Creating 
 Container rgg18379c7668-node13-1 Creating 
 Container rgg18379c7668-node1-1 Creating 
 Container rgg18379c7668-node14-1 Creating 
 Container rgg18379c7668-node12-1 Creating 
 Container rgg18379c7668-node11-1 Created 
 Container rgg18379c7668-node3-1 Created 
 Container rgg18379c7668-node5-1 Created 
 Container rgg18379c7668-node0-1 Created 
 Container rgg18379c7668-node13-1 Created 
 Container rgg18379c7668-node6-1 Created 
 Container rgg18379c7668-node2-1 Created 
 Container rgg18379c7668-node7-1 Created 
 Container rgg18379c7668-node15-1 Created 
 Container rgg18379c7668-node9-1 Created 
 Container rgg18379c7668-node4-1 Created 
 Container rgg18379c7668-node10-1 Created 
 Container rgg18379c7668-node14-1 Created 
 Container rgg18379c7668-node1-1 Created 
 Container rgg18379c7668-node12-1 Created 
 Container rgg18379c7668-node8-1 Created 
 Container rgg18379c7668-driver-1 Creating 
 Container rgg18379c7668-driver-1 Created 
 Container rgg18379c7668-collector-1 Starting 
 Container rgg18379c7668-collector-1 Started 
 Container rgg18379c7668-node1-1 Starting 
 Container rgg18379c7668-node0-1 Starting 
 Container rgg18379c7668-node2-1 Starting 
 Container rgg18379c7668-node7-1 Starting 
 Container rgg18379c7668-node4-1 Starting 
 Container rgg18379c7668-node9-1 Starting 
 Container rgg18379c7668-node13-1 Starting 
 Container rgg18379c7668-node10-1 Starting 
 Container rgg18379c7668-node12-1 Starting 
 Container rgg18379c7668-node8-1 Starting 
 Container rgg18379c7668-node15-1 Starting 
 Container rgg18379c7668-node5-1 Starting 
 Container rgg18379c7668-node14-1 Starting 
 Container rgg18379c7668-node11-1 Starting 
 Container rgg18379c7668-node6-1 Starting 
 Container rgg18379c7668-node3-1 Starting 
 Container rgg18379c7668-node3-1 Started 
 Container rgg18379c7668-node7-1 Started 
 Container rgg18379c7668-node1-1 Started 
 Container rgg18379c7668-node0-1 Started 
 Container rgg18379c7668-node5-1 Started 
 Container rgg18379c7668-node15-1 Started 
 Container rgg18379c7668-node9-1 Started 
 Container rgg18379c7668-node10-1 Started 
 Container rgg18379c7668-node11-1 Started 
 Container rgg18379c7668-node8-1 Started 
 Container rgg18379c7668-node12-1 Started 
 Container rgg18379c7668-node4-1 Started 
 Container rgg18379c7668-node14-1 Started 
 Container rgg18379c7668-node6-1 Started 
 Container rgg18379c7668-node13-1 Started 
 Container rgg18379c7668-node2-1 Started 
 Container rgg18379c7668-driver-1 Starting 
 Container rgg18379c7668-driver-1 Started 
0
