 Network rgg0fca7270ad_default Creating 
 Network rgg0fca7270ad_default Created 
 Container rgg0fca7270ad-collector-1 Creating 
 Container rgg0fca7270ad-collector-1 Created 
 Container rgg0fca7270ad-node5-1 Creating 
 Container rgg0fca7270ad-node10-1 Creating 
 Container rgg0fca7270ad-node6-1 Creating 
 Container rgg0fca7270ad-node11-1 Creating 
 Container rgg0fca7270ad-node3-1 Creating 
 Container rgg0fca7270ad-node12-1 Creating 
 Container rgg0fca7270ad-node4-1 Creating 
 Container rgg0fca7270ad-node8-1 Creating 
 Container rgg0fca7270ad-node1-1 Creating 
 Container rgg0fca7270ad-node9-1 Creating 
 Container rgg0fca7270ad-node13-1 Creating 
 Container rgg0fca7270ad-node14-1 Creating 
 Container rgg0fca7270ad-node7-1 Creating 
 Container rgg0fca7270ad-node15-1 Creating 
 Container rgg0fca7270ad-node2-1 Creating 
 Container rgg0fca7270ad-node0-1 Creating 
 Container rgg0fca7270ad-node6-1 Created 
 Container rgg0fca7270ad-node5-1 Created 
 Container rgg0fca7270ad-node14-1 Created 
 Container rgg0fca7270ad-node10-1 Created 
 Container rgg0fca7270ad-node13-1 Created 
 Container rgg0fca7270ad-node1-1 Created 
 Container rgg0fca7270ad-node7-1 Created 
 Container rgg0fca7270ad-node3-1 Created 
 Container rgg0fca7270ad-node2-1 Created 
 Container rgg0fca7270ad-node8-1 Created 
 Container rgg0fca7270ad-node11-1 Created 
 Container rgg0fca7270ad-node4-1 Created 
 Container rgg0fca7270ad-node15-1 Created 
 Container rgg0fca7270ad-node9-1 Created 
 Container rgg0fca7270ad-node12-1 Created 
 Container rgg0fca7270ad-node0-1 Created 
 Container rgg0fca7270ad-driver-1 Creating 
 Container rgg0fca7270ad-driver-1 Created 
 Container rgg0fca7270ad-collector-1 Starting 
 Container rgg0fca7270ad-collector-1 Started 
 Container rgg0fca7270ad-node13-1 Starting 
 Container rgg0fca7270ad-node4-1 Starting 
 Container rgg0fca7270ad-node7-1 Starting 
 Container rgg0fca7270ad-node0-1 Starting 
 Container rgg0fca7270ad-node5-1 Starting 
 Container rgg0fca7270ad-node3-1 Starting 
 Container rgg0fca7270ad-node11-1 Starting 
 Container rgg0fca7270ad-node9-1 Starting 
 Container rgg0fca7270ad-node10-1 Starting 
 Container rgg0fca7270ad-node2-1 Starting 
 Container rgg0fca7270ad-node1-1 Starting 
 Container rgg0fca7270ad-node14-1 Starting 
 Container rgg0fca7270ad-node6-1 Starting 
 Container rgg0fca7270ad-node12-1 Starting 
 Container rgg0fca7270ad-node15-1 Starting 
 Container rgg0fca7270ad-node8-1 Starting 
 Container rgg0fca7270ad-node4-1 Started 
 Container rgg0fca7270ad-node15-1 Started 
 Container rgg0fca7270ad-node7-1 Started 
 Container rgg0fca7270ad-node11-1 Started 
 Container rgg0fca7270ad-node2-1 Started 
 Container rgg0fca7270ad-node3-1 Started 
 Container rgg0fca7270ad-node12-1 Started 
 Container rgg0fca7270ad-node8-1 Started 
 Container rgg0fca7270ad-node14-1 Started 
 Container rgg0fca7270ad-node9-1 Started 
 Container rgg0fca7270ad-node13-1 Started 
 Container rgg0fca7270ad-node1-1 Started 
 Container rgg0fca7270ad-node6-1 Started 
 Container rgg0fca7270ad-node10-1 Started 
 Container rgg0fca7270ad-node0-1 Started 
 Container rgg0fca7270ad-node5-1 Started 
 Container rgg0fca7270ad-driver-1 Starting 
 Container rgg0fca7270ad-driver-1 Started 
0
