 Network rgg0213d438fd_default Creating 
 Network rgg0213d438fd_default Created 
 Container rgg0213d438fd-collector-1 Creating 
 Container rgg0213d438fd-collector-1 Created 
 Container rgg0213d438fd-node0-1 Creating 
 Container rgg0213d438fd-node11-1 Creating 
 Container rgg0213d438fd-node10-1 Creating 
 Container rgg0213d438fd-node23-1 Creating 
 Container rgg0213d438fd-node21-1 Creating 
 Container rgg0213d438fd-node2-1 Creating 
 Container rgg0213d438fd-node5-1 Creating 
 Container rgg0213d438fd-node15-1 Creating 
 Container rgg0213d438fd-node14-1 Creating 
 Container rgg0213d438fd-node16-1 Creating 
 Container rgg0213d438fd-node9-1 Creating 
 Container rgg0213d438fd-node4-1 Creating 
 Container rgg0213d438fd-node18-1 Creating 
 Container rgg0213d438fd-node1-1 Creating 
 Container rgg0213d438fd-node17-1 Creating 
 Container rgg0213d438fd-node6-1 Creating 
 Container rgg0213d438fd-node3-1 Creating 
 Container rgg0213d438fd-node19-1 Creating 
 Container rgg0213d438fd-node20-1 Creating 
 Container rgg0213d438fd-node7-1 Creating 
 Container rgg0213d438fd-node8-1 Creating 
 Container rgg0213d438fd-node13-1 Creating 
 Container rgg0213d438fd-node12-1 Creating 
 Container rgg0213d438fd-node22-1 Creating 
 Container rgg0213d438fd-node13-1 Created 
 Container rgg0213d438fd-node8-1 Created 
 Container rgg0213d438fd-node10-1 Created 
 Container rgg0213d438fd-node16-1 Created 
 Container rgg0213d438fd-node11-1 Created 
 Container rgg0213d438fd-node3-1 Created 
 Container rgg0213d438fd-node22-1 Created 
 Container rgg0213d438fd-node12-1 Created 
 Container rgg0213d438fd-node20-1 Created 
 Container rgg0213d438fd-node19-1 Created 
 Container rgg0213d438fd-node9-1 Created 
 Container rgg0213d438fd-node1-1 Created 
 Container rgg0213d438fd-node0-1 Created 
 Container rgg0213d438fd-node2-1 Created 
 Container rgg0213d438fd-node23-1 Created 
 Container rgg0213d438fd-node15-1 Created 
 Container rgg0213d438fd-node14-1 Created 
 Container rgg0213d438fd-node17-1 Created 
 Container rgg0213d438fd-node21-1 Created 
 Container rgg0213d438fd-node6-1 Created 
 Container rgg0213d438fd-node5-1 Created 
 Container rgg0213d438fd-node7-1 Created 
 Container rgg0213d438fd-node4-1 Created 
 Container rgg0213d438fd-node18-1 Created 
 Container rgg0213d438fd-collector-1 Starting 
 Container rgg0213d438fd-collector-1 Started 
 Container rgg0213d438fd-node19-1 Starting 
 Container rgg0213d438fd-node9-1 Starting 
 Container rgg0213d438fd-node3-1 Starting 
 Container rgg0213d438fd-node22-1 Starting 
 Container rgg0213d438fd-node20-1 Starting 
 Container rgg0213d438fd-node11-1 Starting 
 Container rgg0213d438fd-node23-1 Starting 
 Container rgg0213d438fd-node2-1 Starting 
 Container rgg0213d438fd-node6-1 Starting 
 Container rgg0213d438fd-node17-1 Starting 
 Container rgg0213d438fd-node4-1 Starting 
 Container rgg0213d438fd-node7-1 Starting 
 Container rgg0213d438fd-node0-1 Starting 
 Container rgg0213d438fd-node13-1 Starting 
 Container rgg0213d438fd-node10-1 Starting 
 Container rgg0213d438fd-node18-1 Starting 
 Container rgg0213d438fd-node8-1 Starting 
 Container rgg0213d438fd-node16-1 Starting 
 Container rgg0213d438fd-node12-1 Starting 
 Container rgg0213d438fd-node5-1 Starting 
 Container rgg0213d438fd-node21-1 Starting 
 Container rgg0213d438fd-node14-1 Starting 
 Container rgg0213d438fd-node1-1 Starting 
 Container rgg0213d438fd-node15-1 Starting 
 Container rgg0213d438fd-node22-1 Started 
 Container rgg0213d438fd-node19-1 Started 
 Container rgg0213d438fd-node20-1 Started 
 Container rgg0213d438fd-node1-1 Started 
 Container rgg0213d438fd-node8-1 Started 
 Container rgg0213d438fd-node12-1 Started 
 Container rgg0213d438fd-node13-1 Started 
 Container rgg0213d438fd-node15-1 Started 
 Container rgg0213d438fd-node5-1 Started 
 Container rgg0213d438fd-node21-1 Started 
 Container rgg0213d438fd-node16-1 Started 
 Container rgg0213d438fd-node14-1 Started 
 Container rgg0213d438fd-node4-1 Started 
 Container rgg0213d438fd-node7-1 Started 
 Container rgg0213d438fd-node6-1 Started 
 Container rgg0213d438fd-node9-1 Started 
 Container rgg0213d438fd-node2-1 Started 
 Container rgg0213d438fd-node17-1 Started 
 Container rgg0213d438fd-node18-1 Started 
 Container rgg0213d438fd-node3-1 Started 
 Container rgg0213d438fd-node10-1 Started 
 Container rgg0213d438fd-node0-1 Started 
 Container rgg0213d438fd-node11-1 Started 
 Container rgg0213d438fd-node23-1 Started 
DRIVER_STARTED: 2026-07-15T05:00:18Z
0
