 Network rgge4c95918ef_default Creating 
 Network rgge4c95918ef_default Created 
 Container rgge4c95918ef-collector-1 Creating 
 Container rgge4c95918ef-collector-1 Created 
 Container rgge4c95918ef-node23-1 Creating 
 Container rgge4c95918ef-node3-1 Creating 
 Container rgge4c95918ef-node0-1 Creating 
 Container rgge4c95918ef-node22-1 Creating 
 Container rgge4c95918ef-node2-1 Creating 
 Container rgge4c95918ef-node20-1 Creating 
 Container rgge4c95918ef-node12-1 Creating 
 Container rgge4c95918ef-node8-1 Creating 
 Container rgge4c95918ef-node17-1 Creating 
 Container rgge4c95918ef-node18-1 Creating 
 Container rgge4c95918ef-node16-1 Creating 
 Container rgge4c95918ef-node21-1 Creating 
 Container rgge4c95918ef-node7-1 Creating 
 Container rgge4c95918ef-node11-1 Creating 
 Container rgge4c95918ef-node19-1 Creating 
 Container rgge4c95918ef-node13-1 Creating 
 Container rgge4c95918ef-node15-1 Creating 
 Container rgge4c95918ef-node10-1 Creating 
 Container rgge4c95918ef-node9-1 Creating 
 Container rgge4c95918ef-node6-1 Creating 
 Container rgge4c95918ef-node5-1 Creating 
 Container rgge4c95918ef-node14-1 Creating 
 Container rgge4c95918ef-node1-1 Creating 
 Container rgge4c95918ef-node4-1 Creating 
 Container rgge4c95918ef-node23-1 Created 
 Container rgge4c95918ef-node14-1 Created 
 Container rgge4c95918ef-node6-1 Created 
 Container rgge4c95918ef-node0-1 Created 
 Container rgge4c95918ef-node18-1 Created 
 Container rgge4c95918ef-node22-1 Created 
 Container rgge4c95918ef-node4-1 Created 
 Container rgge4c95918ef-node10-1 Created 
 Container rgge4c95918ef-node7-1 Created 
 Container rgge4c95918ef-node1-1 Created 
 Container rgge4c95918ef-node12-1 Created 
 Container rgge4c95918ef-node3-1 Created 
 Container rgge4c95918ef-node5-1 Created 
 Container rgge4c95918ef-node15-1 Created 
 Container rgge4c95918ef-node13-1 Created 
 Container rgge4c95918ef-node9-1 Created 
 Container rgge4c95918ef-node16-1 Created 
 Container rgge4c95918ef-node8-1 Created 
 Container rgge4c95918ef-node11-1 Created 
 Container rgge4c95918ef-node20-1 Created 
 Container rgge4c95918ef-node2-1 Created 
 Container rgge4c95918ef-node21-1 Created 
 Container rgge4c95918ef-node19-1 Created 
 Container rgge4c95918ef-node17-1 Created 
 Container rgge4c95918ef-collector-1 Starting 
 Container rgge4c95918ef-collector-1 Started 
 Container rgge4c95918ef-node22-1 Starting 
 Container rgge4c95918ef-node18-1 Starting 
 Container rgge4c95918ef-node3-1 Starting 
 Container rgge4c95918ef-node13-1 Starting 
 Container rgge4c95918ef-node8-1 Starting 
 Container rgge4c95918ef-node11-1 Starting 
 Container rgge4c95918ef-node14-1 Starting 
 Container rgge4c95918ef-node9-1 Starting 
 Container rgge4c95918ef-node20-1 Starting 
 Container rgge4c95918ef-node10-1 Starting 
 Container rgge4c95918ef-node23-1 Starting 
 Container rgge4c95918ef-node0-1 Starting 
 Container rgge4c95918ef-node4-1 Starting 
 Container rgge4c95918ef-node1-1 Starting 
 Container rgge4c95918ef-node19-1 Starting 
 Container rgge4c95918ef-node21-1 Starting 
 Container rgge4c95918ef-node7-1 Starting 
 Container rgge4c95918ef-node5-1 Starting 
 Container rgge4c95918ef-node15-1 Starting 
 Container rgge4c95918ef-node16-1 Starting 
 Container rgge4c95918ef-node6-1 Starting 
 Container rgge4c95918ef-node12-1 Starting 
 Container rgge4c95918ef-node17-1 Starting 
 Container rgge4c95918ef-node2-1 Starting 
 Container rgge4c95918ef-node3-1 Started 
 Container rgge4c95918ef-node21-1 Started 
 Container rgge4c95918ef-node16-1 Started 
 Container rgge4c95918ef-node7-1 Started 
 Container rgge4c95918ef-node2-1 Started 
 Container rgge4c95918ef-node22-1 Started 
 Container rgge4c95918ef-node4-1 Started 
 Container rgge4c95918ef-node14-1 Started 
 Container rgge4c95918ef-node18-1 Started 
 Container rgge4c95918ef-node15-1 Started 
 Container rgge4c95918ef-node10-1 Started 
 Container rgge4c95918ef-node12-1 Started 
 Container rgge4c95918ef-node1-1 Started 
 Container rgge4c95918ef-node8-1 Started 
 Container rgge4c95918ef-node23-1 Started 
 Container rgge4c95918ef-node6-1 Started 
 Container rgge4c95918ef-node20-1 Started 
 Container rgge4c95918ef-node9-1 Started 
 Container rgge4c95918ef-node13-1 Started 
 Container rgge4c95918ef-node17-1 Started 
 Container rgge4c95918ef-node19-1 Started 
 Container rgge4c95918ef-node0-1 Started 
 Container rgge4c95918ef-node5-1 Started 
 Container rgge4c95918ef-node11-1 Started 
NETEM_APPLIED node0 iface=eth0: qdisc netem 81b9: root refcnt 17 limit 1000 delay 10ms  2ms seed 17475296607169410485
NETEM_APPLIED node1 iface=eth0: qdisc netem 81ba: root refcnt 17 limit 1000 delay 10ms  2ms seed 8440275955684369369
NETEM_APPLIED node2 iface=eth0: qdisc netem 81bb: root refcnt 17 limit 1000 delay 10ms  2ms seed 6523344175241359058
NETEM_APPLIED node3 iface=eth0: qdisc netem 81bc: root refcnt 17 limit 1000 delay 10ms  2ms seed 12657463106328088721
NETEM_APPLIED node4 iface=eth0: qdisc netem 81bd: root refcnt 17 limit 1000 delay 10ms  2ms seed 7279499567492981921
NETEM_APPLIED node5 iface=eth0: qdisc netem 81be: root refcnt 17 limit 1000 delay 10ms  2ms seed 7515153107233382314
NETEM_APPLIED node6 iface=eth0: qdisc netem 81bf: root refcnt 17 limit 1000 delay 10ms  2ms seed 9296309657342275522
NETEM_APPLIED node7 iface=eth0: qdisc netem 81c0: root refcnt 17 limit 1000 delay 10ms  2ms seed 5244178785632663785
NETEM_APPLIED node8 iface=eth0: qdisc netem 81c1: root refcnt 17 limit 1000 delay 10ms  2ms seed 2521482435269508226
NETEM_APPLIED node9 iface=eth0: qdisc netem 81c2: root refcnt 17 limit 1000 delay 10ms  2ms seed 8575308277282941176
NETEM_APPLIED node10 iface=eth0: qdisc netem 81c3: root refcnt 17 limit 1000 delay 10ms  2ms seed 15140524383468219174
NETEM_APPLIED node11 iface=eth0: qdisc netem 81c4: root refcnt 17 limit 1000 delay 10ms  2ms seed 1836345146216070705
NETEM_APPLIED node12 iface=eth0: qdisc netem 81c5: root refcnt 17 limit 1000 delay 10ms  2ms seed 17446332926948600991
NETEM_APPLIED node13 iface=eth0: qdisc netem 81c6: root refcnt 17 limit 1000 delay 10ms  2ms seed 9448148776217363343
NETEM_APPLIED node14 iface=eth0: qdisc netem 81c7: root refcnt 17 limit 1000 delay 10ms  2ms seed 1915435352896026516
NETEM_APPLIED node15 iface=eth0: qdisc netem 81c8: root refcnt 17 limit 1000 delay 10ms  2ms seed 12698556028260765641
NETEM_APPLIED node16 iface=eth0: qdisc netem 81c9: root refcnt 17 limit 1000 delay 10ms  2ms seed 7791458943188841100
NETEM_APPLIED node17 iface=eth0: qdisc netem 81ca: root refcnt 17 limit 1000 delay 10ms  2ms seed 4828158145482045936
NETEM_APPLIED node18 iface=eth0: qdisc netem 81cb: root refcnt 17 limit 1000 delay 10ms  2ms seed 4958601181450986481
NETEM_APPLIED node19 iface=eth0: qdisc netem 81cc: root refcnt 17 limit 1000 delay 10ms  2ms seed 6406846531128052929
NETEM_APPLIED node20 iface=eth0: qdisc netem 81cd: root refcnt 17 limit 1000 delay 10ms  2ms seed 9344639328883181823
NETEM_APPLIED node21 iface=eth0: qdisc netem 81ce: root refcnt 17 limit 1000 delay 10ms  2ms seed 6153817544390277847
NETEM_APPLIED node22 iface=eth0: qdisc netem 81cf: root refcnt 17 limit 1000 delay 10ms  2ms seed 12067818653438785168
NETEM_APPLIED node23 iface=eth0: qdisc netem 81d0: root refcnt 17 limit 1000 delay 10ms  2ms seed 10808530846801303309
NETEM_RTT_GATE OK: baseline=0.1ms actual=21.4ms increase=21.3ms
DRIVER_STARTED: 2026-07-15T05:31:04Z
0
QDSK_CLEANUP_FAIL node0: Command '['docker', 'exec', 'rgge4c95918ef-node0-1', 'sh', '-c', "ip -o -4 addr show scope global 2>/dev/null | head -1 | awk '{print $2}'"]' returned non-zero exit status 1.
QDSK_CLEANUP_FAIL node1: Command '['docker', 'exec', 'rgge4c95918ef-node1-1', 'sh', '-c', "ip -o -4 addr show scope global 2>/dev/null | head -1 | awk '{print $2}'"]' returned non-zero exit status 1.
QDSK_CLEANUP_FAIL node2: Command '['docker', 'exec', 'rgge4c95918ef-node2-1', 'sh', '-c', "ip -o -4 addr show scope global 2>/dev/null | head -1 | awk '{print $2}'"]' returned non-zero exit status 1.
QDSK_CLEANUP_FAIL node3: Command '['docker', 'exec', 'rgge4c95918ef-node3-1', 'sh', '-c', "ip -o -4 addr show scope global 2>/dev/null | head -1 | awk '{print $2}'"]' returned non-zero exit status 1.
QDSK_CLEANUP_FAIL node4: Command '['docker', 'exec', 'rgge4c95918ef-node4-1', 'sh', '-c', "ip -o -4 addr show scope global 2>/dev/null | head -1 | awk '{print $2}'"]' returned non-zero exit status 1.
QDSK_CLEANUP_FAIL node5: Command '['docker', 'exec', 'rgge4c95918ef-node5-1', 'sh', '-c', "ip -o -4 addr show scope global 2>/dev/null | head -1 | awk '{print $2}'"]' returned non-zero exit status 1.
QDSK_CLEANUP_FAIL node6: Command '['docker', 'exec', 'rgge4c95918ef-node6-1', 'sh', '-c', "ip -o -4 addr show scope global 2>/dev/null | head -1 | awk '{print $2}'"]' returned non-zero exit status 1.
QDSK_CLEANUP_FAIL node7: Command '['docker', 'exec', 'rgge4c95918ef-node7-1', 'sh', '-c', "ip -o -4 addr show scope global 2>/dev/null | head -1 | awk '{print $2}'"]' returned non-zero exit status 1.
QDSK_CLEANUP_FAIL node8: Command '['docker', 'exec', 'rgge4c95918ef-node8-1', 'sh', '-c', "ip -o -4 addr show scope global 2>/dev/null | head -1 | awk '{print $2}'"]' returned non-zero exit status 1.
QDSK_CLEANUP_FAIL node9: Command '['docker', 'exec', 'rgge4c95918ef-node9-1', 'sh', '-c', "ip -o -4 addr show scope global 2>/dev/null | head -1 | awk '{print $2}'"]' returned non-zero exit status 1.
QDSK_CLEANUP_FAIL node10: Command '['docker', 'exec', 'rgge4c95918ef-node10-1', 'sh', '-c', "ip -o -4 addr show scope global 2>/dev/null | head -1 | awk '{print $2}'"]' returned non-zero exit status 1.
QDSK_CLEANUP_FAIL node11: Command '['docker', 'exec', 'rgge4c95918ef-node11-1', 'sh', '-c', "ip -o -4 addr show scope global 2>/dev/null | head -1 | awk '{print $2}'"]' returned non-zero exit status 1.
QDSK_CLEANUP_FAIL node12: Command '['docker', 'exec', 'rgge4c95918ef-node12-1', 'sh', '-c', "ip -o -4 addr show scope global 2>/dev/null | head -1 | awk '{print $2}'"]' returned non-zero exit status 1.
QDSK_CLEANUP_FAIL node13: Command '['docker', 'exec', 'rgge4c95918ef-node13-1', 'sh', '-c', "ip -o -4 addr show scope global 2>/dev/null | head -1 | awk '{print $2}'"]' returned non-zero exit status 1.
QDSK_CLEANUP_FAIL node14: Command '['docker', 'exec', 'rgge4c95918ef-node14-1', 'sh', '-c', "ip -o -4 addr show scope global 2>/dev/null | head -1 | awk '{print $2}'"]' returned non-zero exit status 1.
QDSK_CLEANUP_FAIL node15: Command '['docker', 'exec', 'rgge4c95918ef-node15-1', 'sh', '-c', "ip -o -4 addr show scope global 2>/dev/null | head -1 | awk '{print $2}'"]' returned non-zero exit status 1.
QDSK_CLEANUP_FAIL node16: Command '['docker', 'exec', 'rgge4c95918ef-node16-1', 'sh', '-c', "ip -o -4 addr show scope global 2>/dev/null | head -1 | awk '{print $2}'"]' returned non-zero exit status 1.
QDSK_CLEANUP_FAIL node17: Command '['docker', 'exec', 'rgge4c95918ef-node17-1', 'sh', '-c', "ip -o -4 addr show scope global 2>/dev/null | head -1 | awk '{print $2}'"]' returned non-zero exit status 1.
QDSK_CLEANUP_FAIL node18: Command '['docker', 'exec', 'rgge4c95918ef-node18-1', 'sh', '-c', "ip -o -4 addr show scope global 2>/dev/null | head -1 | awk '{print $2}'"]' returned non-zero exit status 1.
QDSK_CLEANUP_FAIL node19: Command '['docker', 'exec', 'rgge4c95918ef-node19-1', 'sh', '-c', "ip -o -4 addr show scope global 2>/dev/null | head -1 | awk '{print $2}'"]' returned non-zero exit status 1.
QDSK_CLEANUP_FAIL node20: Command '['docker', 'exec', 'rgge4c95918ef-node20-1', 'sh', '-c', "ip -o -4 addr show scope global 2>/dev/null | head -1 | awk '{print $2}'"]' returned non-zero exit status 1.
QDSK_CLEANUP_FAIL node21: Command '['docker', 'exec', 'rgge4c95918ef-node21-1', 'sh', '-c', "ip -o -4 addr show scope global 2>/dev/null | head -1 | awk '{print $2}'"]' returned non-zero exit status 1.
QDSK_CLEANUP_FAIL node22: Command '['docker', 'exec', 'rgge4c95918ef-node22-1', 'sh', '-c', "ip -o -4 addr show scope global 2>/dev/null | head -1 | awk '{print $2}'"]' returned non-zero exit status 1.
QDSK_CLEANUP_FAIL node23: Command '['docker', 'exec', 'rgge4c95918ef-node23-1', 'sh', '-c', "ip -o -4 addr show scope global 2>/dev/null | head -1 | awk '{print $2}'"]' returned non-zero exit status 1.
