 Network rggabff8b152a_default Creating 
 Network rggabff8b152a_default Created 
 Container rggabff8b152a-collector-1 Creating 
 Container rggabff8b152a-collector-1 Created 
 Container rggabff8b152a-node15-1 Creating 
 Container rggabff8b152a-node21-1 Creating 
 Container rggabff8b152a-node1-1 Creating 
 Container rggabff8b152a-node3-1 Creating 
 Container rggabff8b152a-node16-1 Creating 
 Container rggabff8b152a-node18-1 Creating 
 Container rggabff8b152a-node23-1 Creating 
 Container rggabff8b152a-node22-1 Creating 
 Container rggabff8b152a-node14-1 Creating 
 Container rggabff8b152a-node13-1 Creating 
 Container rggabff8b152a-node6-1 Creating 
 Container rggabff8b152a-node7-1 Creating 
 Container rggabff8b152a-node9-1 Creating 
 Container rggabff8b152a-node11-1 Creating 
 Container rggabff8b152a-node8-1 Creating 
 Container rggabff8b152a-node10-1 Creating 
 Container rggabff8b152a-node17-1 Creating 
 Container rggabff8b152a-node20-1 Creating 
 Container rggabff8b152a-node12-1 Creating 
 Container rggabff8b152a-node0-1 Creating 
 Container rggabff8b152a-node19-1 Creating 
 Container rggabff8b152a-node4-1 Creating 
 Container rggabff8b152a-node2-1 Creating 
 Container rggabff8b152a-node5-1 Creating 
 Container rggabff8b152a-node10-1 Created 
 Container rggabff8b152a-node1-1 Created 
 Container rggabff8b152a-node18-1 Created 
 Container rggabff8b152a-node2-1 Created 
 Container rggabff8b152a-node0-1 Created 
 Container rggabff8b152a-node13-1 Created 
 Container rggabff8b152a-node14-1 Created 
 Container rggabff8b152a-node16-1 Created 
 Container rggabff8b152a-node4-1 Created 
 Container rggabff8b152a-node15-1 Created 
 Container rggabff8b152a-node7-1 Created 
 Container rggabff8b152a-node6-1 Created 
 Container rggabff8b152a-node8-1 Created 
 Container rggabff8b152a-node21-1 Created 
 Container rggabff8b152a-node11-1 Created 
 Container rggabff8b152a-node5-1 Created 
 Container rggabff8b152a-node23-1 Created 
 Container rggabff8b152a-node9-1 Created 
 Container rggabff8b152a-node19-1 Created 
 Container rggabff8b152a-node3-1 Created 
 Container rggabff8b152a-node22-1 Created 
 Container rggabff8b152a-node20-1 Created 
 Container rggabff8b152a-node12-1 Created 
 Container rggabff8b152a-node17-1 Created 
 Container rggabff8b152a-driver-1 Creating 
 Container rggabff8b152a-driver-1 Created 
 Container rggabff8b152a-collector-1 Starting 
 Container rggabff8b152a-collector-1 Started 
 Container rggabff8b152a-node0-1 Starting 
 Container rggabff8b152a-node1-1 Starting 
 Container rggabff8b152a-node15-1 Starting 
 Container rggabff8b152a-node3-1 Starting 
 Container rggabff8b152a-node20-1 Starting 
 Container rggabff8b152a-node12-1 Starting 
 Container rggabff8b152a-node21-1 Starting 
 Container rggabff8b152a-node9-1 Starting 
 Container rggabff8b152a-node14-1 Starting 
 Container rggabff8b152a-node23-1 Starting 
 Container rggabff8b152a-node16-1 Starting 
 Container rggabff8b152a-node11-1 Starting 
 Container rggabff8b152a-node22-1 Starting 
 Container rggabff8b152a-node6-1 Starting 
 Container rggabff8b152a-node10-1 Starting 
 Container rggabff8b152a-node2-1 Starting 
 Container rggabff8b152a-node13-1 Starting 
 Container rggabff8b152a-node5-1 Starting 
 Container rggabff8b152a-node17-1 Starting 
 Container rggabff8b152a-node8-1 Starting 
 Container rggabff8b152a-node4-1 Starting 
 Container rggabff8b152a-node18-1 Starting 
 Container rggabff8b152a-node19-1 Starting 
 Container rggabff8b152a-node7-1 Starting 
 Container rggabff8b152a-node0-1 Started 
 Container rggabff8b152a-node6-1 Started 
 Container rggabff8b152a-node22-1 Started 
 Container rggabff8b152a-node2-1 Started 
 Container rggabff8b152a-node3-1 Started 
 Container rggabff8b152a-node21-1 Started 
 Container rggabff8b152a-node18-1 Started 
 Container rggabff8b152a-node10-1 Started 
 Container rggabff8b152a-node20-1 Started 
 Container rggabff8b152a-node1-1 Started 
 Container rggabff8b152a-node4-1 Started 
 Container rggabff8b152a-node19-1 Started 
 Container rggabff8b152a-node7-1 Started 
 Container rggabff8b152a-node17-1 Started 
 Container rggabff8b152a-node14-1 Started 
 Container rggabff8b152a-node5-1 Started 
 Container rggabff8b152a-node13-1 Started 
 Container rggabff8b152a-node11-1 Started 
 Container rggabff8b152a-node9-1 Started 
 Container rggabff8b152a-node23-1 Started 
 Container rggabff8b152a-node12-1 Started 
 Container rggabff8b152a-node8-1 Started 
 Container rggabff8b152a-node16-1 Started 
 Container rggabff8b152a-node15-1 Started 
 Container rggabff8b152a-driver-1 Starting 
 Container rggabff8b152a-driver-1 Started 
0
