 Network rggf85fe01f94_default Creating 
 Network rggf85fe01f94_default Created 
 Container rggf85fe01f94-collector-1 Creating 
 Container rggf85fe01f94-collector-1 Created 
 Container rggf85fe01f94-node3-1 Creating 
 Container rggf85fe01f94-node12-1 Creating 
 Container rggf85fe01f94-node7-1 Creating 
 Container rggf85fe01f94-node4-1 Creating 
 Container rggf85fe01f94-node9-1 Creating 
 Container rggf85fe01f94-node2-1 Creating 
 Container rggf85fe01f94-node13-1 Creating 
 Container rggf85fe01f94-node11-1 Creating 
 Container rggf85fe01f94-node6-1 Creating 
 Container rggf85fe01f94-node0-1 Creating 
 Container rggf85fe01f94-node14-1 Creating 
 Container rggf85fe01f94-node15-1 Creating 
 Container rggf85fe01f94-node8-1 Creating 
 Container rggf85fe01f94-node1-1 Creating 
 Container rggf85fe01f94-node10-1 Creating 
 Container rggf85fe01f94-node5-1 Creating 
 Container rggf85fe01f94-node7-1 Created 
 Container rggf85fe01f94-node4-1 Created 
 Container rggf85fe01f94-node11-1 Created 
 Container rggf85fe01f94-node12-1 Created 
 Container rggf85fe01f94-node10-1 Created 
 Container rggf85fe01f94-node3-1 Created 
 Container rggf85fe01f94-node6-1 Created 
 Container rggf85fe01f94-node1-1 Created 
 Container rggf85fe01f94-node15-1 Created 
 Container rggf85fe01f94-node5-1 Created 
 Container rggf85fe01f94-node14-1 Created 
 Container rggf85fe01f94-node2-1 Created 
 Container rggf85fe01f94-node9-1 Created 
 Container rggf85fe01f94-node8-1 Created 
 Container rggf85fe01f94-node13-1 Created 
 Container rggf85fe01f94-node0-1 Created 
 Container rggf85fe01f94-collector-1 Starting 
 Container rggf85fe01f94-collector-1 Started 
 Container rggf85fe01f94-node0-1 Starting 
 Container rggf85fe01f94-node4-1 Starting 
 Container rggf85fe01f94-node9-1 Starting 
 Container rggf85fe01f94-node14-1 Starting 
 Container rggf85fe01f94-node3-1 Starting 
 Container rggf85fe01f94-node8-1 Starting 
 Container rggf85fe01f94-node7-1 Starting 
 Container rggf85fe01f94-node2-1 Starting 
 Container rggf85fe01f94-node5-1 Starting 
 Container rggf85fe01f94-node13-1 Starting 
 Container rggf85fe01f94-node15-1 Starting 
 Container rggf85fe01f94-node11-1 Starting 
 Container rggf85fe01f94-node10-1 Starting 
 Container rggf85fe01f94-node12-1 Starting 
 Container rggf85fe01f94-node6-1 Starting 
 Container rggf85fe01f94-node1-1 Starting 
 Container rggf85fe01f94-node13-1 Started 
 Container rggf85fe01f94-node0-1 Started 
 Container rggf85fe01f94-node4-1 Started 
 Container rggf85fe01f94-node14-1 Started 
 Container rggf85fe01f94-node15-1 Started 
 Container rggf85fe01f94-node7-1 Started 
 Container rggf85fe01f94-node10-1 Started 
 Container rggf85fe01f94-node8-1 Started 
 Container rggf85fe01f94-node11-1 Started 
 Container rggf85fe01f94-node9-1 Started 
 Container rggf85fe01f94-node1-1 Started 
 Container rggf85fe01f94-node12-1 Started 
 Container rggf85fe01f94-node3-1 Started 
 Container rggf85fe01f94-node6-1 Started 
 Container rggf85fe01f94-node2-1 Started 
 Container rggf85fe01f94-node5-1 Started 
NETEM_APPLIED node0 iface=eth0: qdisc netem 8081: root refcnt 17 limit 1000 delay 10ms  2ms seed 9758509361430833838
NETEM_APPLIED node1 iface=eth0: qdisc netem 8082: root refcnt 17 limit 1000 delay 10ms  2ms seed 14792610389474562688
NETEM_APPLIED node2 iface=eth0: qdisc netem 8083: root refcnt 17 limit 1000 delay 10ms  2ms seed 15197530956855090949
NETEM_APPLIED node3 iface=eth0: qdisc netem 8084: root refcnt 17 limit 1000 delay 10ms  2ms seed 9157554832926034067
NETEM_APPLIED node4 iface=eth0: qdisc netem 8085: root refcnt 17 limit 1000 delay 10ms  2ms seed 12502736633120505531
NETEM_APPLIED node5 iface=eth0: qdisc netem 8086: root refcnt 17 limit 1000 delay 10ms  2ms seed 53899709365101229
NETEM_APPLIED node6 iface=eth0: qdisc netem 8087: root refcnt 17 limit 1000 delay 10ms  2ms seed 1338935043582506540
NETEM_APPLIED node7 iface=eth0: qdisc netem 8088: root refcnt 17 limit 1000 delay 10ms  2ms seed 6850284528178463429
NETEM_APPLIED node8 iface=eth0: qdisc netem 8089: root refcnt 17 limit 1000 delay 10ms  2ms seed 18189939522612299797
NETEM_APPLIED node9 iface=eth0: qdisc netem 808a: root refcnt 17 limit 1000 delay 10ms  2ms seed 1260486888536045843
NETEM_APPLIED node10 iface=eth0: qdisc netem 808b: root refcnt 17 limit 1000 delay 10ms  2ms seed 13777176419820038094
NETEM_APPLIED node11 iface=eth0: qdisc netem 808c: root refcnt 17 limit 1000 delay 10ms  2ms seed 8936527540047317233
NETEM_APPLIED node12 iface=eth0: qdisc netem 808d: root refcnt 17 limit 1000 delay 10ms  2ms seed 11300342812269527
NETEM_APPLIED node13 iface=eth0: qdisc netem 808e: root refcnt 17 limit 1000 delay 10ms  2ms seed 17616253829775094143
NETEM_APPLIED node14 iface=eth0: qdisc netem 808f: root refcnt 17 limit 1000 delay 10ms  2ms seed 16580078827792520073
NETEM_APPLIED node15 iface=eth0: qdisc netem 8090: root refcnt 17 limit 1000 delay 10ms  2ms seed 16741940614047815006
NETEM_RTT_GATE OK: baseline=0.1ms actual=20.4ms increase=20.3ms
DRIVER_STARTED: 2026-07-15T05:14:51Z
0
QDSK_CLEANUP_FAIL node0: Command '['docker', 'exec', 'rggf85fe01f94-node0-1', 'sh', '-c', "ip -o -4 addr show scope global 2>/dev/null | head -1 | awk '{print $2}'"]' returned non-zero exit status 1.
QDSK_CLEANUP_FAIL node1: Command '['docker', 'exec', 'rggf85fe01f94-node1-1', 'sh', '-c', "ip -o -4 addr show scope global 2>/dev/null | head -1 | awk '{print $2}'"]' returned non-zero exit status 1.
QDSK_CLEANUP_FAIL node2: Command '['docker', 'exec', 'rggf85fe01f94-node2-1', 'sh', '-c', "ip -o -4 addr show scope global 2>/dev/null | head -1 | awk '{print $2}'"]' returned non-zero exit status 1.
QDSK_CLEANUP_FAIL node3: Command '['docker', 'exec', 'rggf85fe01f94-node3-1', 'sh', '-c', "ip -o -4 addr show scope global 2>/dev/null | head -1 | awk '{print $2}'"]' returned non-zero exit status 1.
QDSK_CLEANUP_FAIL node4: Command '['docker', 'exec', 'rggf85fe01f94-node4-1', 'sh', '-c', "ip -o -4 addr show scope global 2>/dev/null | head -1 | awk '{print $2}'"]' returned non-zero exit status 1.
QDSK_CLEANUP_FAIL node5: Command '['docker', 'exec', 'rggf85fe01f94-node5-1', 'sh', '-c', "ip -o -4 addr show scope global 2>/dev/null | head -1 | awk '{print $2}'"]' returned non-zero exit status 1.
QDSK_CLEANUP_FAIL node6: Command '['docker', 'exec', 'rggf85fe01f94-node6-1', 'sh', '-c', "ip -o -4 addr show scope global 2>/dev/null | head -1 | awk '{print $2}'"]' returned non-zero exit status 1.
QDSK_CLEANUP_FAIL node7: Command '['docker', 'exec', 'rggf85fe01f94-node7-1', 'sh', '-c', "ip -o -4 addr show scope global 2>/dev/null | head -1 | awk '{print $2}'"]' returned non-zero exit status 1.
QDSK_CLEANUP_FAIL node8: Command '['docker', 'exec', 'rggf85fe01f94-node8-1', 'sh', '-c', "ip -o -4 addr show scope global 2>/dev/null | head -1 | awk '{print $2}'"]' returned non-zero exit status 1.
QDSK_CLEANUP_FAIL node9: Command '['docker', 'exec', 'rggf85fe01f94-node9-1', 'sh', '-c', "ip -o -4 addr show scope global 2>/dev/null | head -1 | awk '{print $2}'"]' returned non-zero exit status 1.
QDSK_CLEANUP_FAIL node10: Command '['docker', 'exec', 'rggf85fe01f94-node10-1', 'sh', '-c', "ip -o -4 addr show scope global 2>/dev/null | head -1 | awk '{print $2}'"]' returned non-zero exit status 1.
QDSK_CLEANUP_FAIL node11: Command '['docker', 'exec', 'rggf85fe01f94-node11-1', 'sh', '-c', "ip -o -4 addr show scope global 2>/dev/null | head -1 | awk '{print $2}'"]' returned non-zero exit status 1.
QDSK_CLEANUP_FAIL node12: Command '['docker', 'exec', 'rggf85fe01f94-node12-1', 'sh', '-c', "ip -o -4 addr show scope global 2>/dev/null | head -1 | awk '{print $2}'"]' returned non-zero exit status 1.
QDSK_CLEANUP_FAIL node13: Command '['docker', 'exec', 'rggf85fe01f94-node13-1', 'sh', '-c', "ip -o -4 addr show scope global 2>/dev/null | head -1 | awk '{print $2}'"]' returned non-zero exit status 1.
QDSK_CLEANUP_FAIL node14: Command '['docker', 'exec', 'rggf85fe01f94-node14-1', 'sh', '-c', "ip -o -4 addr show scope global 2>/dev/null | head -1 | awk '{print $2}'"]' returned non-zero exit status 1.
QDSK_CLEANUP_FAIL node15: Command '['docker', 'exec', 'rggf85fe01f94-node15-1', 'sh', '-c', "ip -o -4 addr show scope global 2>/dev/null | head -1 | awk '{print $2}'"]' returned non-zero exit status 1.
