 Network rggbe69100f4a_default Creating 
 Network rggbe69100f4a_default Created 
 Container rggbe69100f4a-collector-1 Creating 
 Container rggbe69100f4a-collector-1 Created 
 Container rggbe69100f4a-node16-1 Creating 
 Container rggbe69100f4a-node22-1 Creating 
 Container rggbe69100f4a-node0-1 Creating 
 Container rggbe69100f4a-node15-1 Creating 
 Container rggbe69100f4a-node13-1 Creating 
 Container rggbe69100f4a-node20-1 Creating 
 Container rggbe69100f4a-node5-1 Creating 
 Container rggbe69100f4a-node7-1 Creating 
 Container rggbe69100f4a-node4-1 Creating 
 Container rggbe69100f4a-node2-1 Creating 
 Container rggbe69100f4a-node19-1 Creating 
 Container rggbe69100f4a-node11-1 Creating 
 Container rggbe69100f4a-node9-1 Creating 
 Container rggbe69100f4a-node23-1 Creating 
 Container rggbe69100f4a-node3-1 Creating 
 Container rggbe69100f4a-node8-1 Creating 
 Container rggbe69100f4a-node17-1 Creating 
 Container rggbe69100f4a-node6-1 Creating 
 Container rggbe69100f4a-node1-1 Creating 
 Container rggbe69100f4a-node10-1 Creating 
 Container rggbe69100f4a-node12-1 Creating 
 Container rggbe69100f4a-node18-1 Creating 
 Container rggbe69100f4a-node14-1 Creating 
 Container rggbe69100f4a-node21-1 Creating 
 Container rggbe69100f4a-node16-1 Created 
 Container rggbe69100f4a-node13-1 Created 
 Container rggbe69100f4a-node8-1 Created 
 Container rggbe69100f4a-node10-1 Created 
 Container rggbe69100f4a-node2-1 Created 
 Container rggbe69100f4a-node1-1 Created 
 Container rggbe69100f4a-node12-1 Created 
 Container rggbe69100f4a-node4-1 Created 
 Container rggbe69100f4a-node19-1 Created 
 Container rggbe69100f4a-node23-1 Created 
 Container rggbe69100f4a-node14-1 Created 
 Container rggbe69100f4a-node0-1 Created 
 Container rggbe69100f4a-node11-1 Created 
 Container rggbe69100f4a-node22-1 Created 
 Container rggbe69100f4a-node7-1 Created 
 Container rggbe69100f4a-node6-1 Created 
 Container rggbe69100f4a-node5-1 Created 
 Container rggbe69100f4a-node21-1 Created 
 Container rggbe69100f4a-node15-1 Created 
 Container rggbe69100f4a-node20-1 Created 
 Container rggbe69100f4a-node3-1 Created 
 Container rggbe69100f4a-node9-1 Created 
 Container rggbe69100f4a-node18-1 Created 
 Container rggbe69100f4a-node17-1 Created 
 Container rggbe69100f4a-driver-1 Creating 
 Container rggbe69100f4a-driver-1 Created 
 Container rggbe69100f4a-collector-1 Starting 
 Container rggbe69100f4a-collector-1 Started 
 Container rggbe69100f4a-node4-1 Starting 
 Container rggbe69100f4a-node9-1 Starting 
 Container rggbe69100f4a-node19-1 Starting 
 Container rggbe69100f4a-node5-1 Starting 
 Container rggbe69100f4a-node3-1 Starting 
 Container rggbe69100f4a-node0-1 Starting 
 Container rggbe69100f4a-node1-1 Starting 
 Container rggbe69100f4a-node20-1 Starting 
 Container rggbe69100f4a-node15-1 Starting 
 Container rggbe69100f4a-node18-1 Starting 
 Container rggbe69100f4a-node22-1 Starting 
 Container rggbe69100f4a-node14-1 Starting 
 Container rggbe69100f4a-node12-1 Starting 
 Container rggbe69100f4a-node13-1 Starting 
 Container rggbe69100f4a-node16-1 Starting 
 Container rggbe69100f4a-node21-1 Starting 
 Container rggbe69100f4a-node17-1 Starting 
 Container rggbe69100f4a-node11-1 Starting 
 Container rggbe69100f4a-node10-1 Starting 
 Container rggbe69100f4a-node23-1 Starting 
 Container rggbe69100f4a-node7-1 Starting 
 Container rggbe69100f4a-node2-1 Starting 
 Container rggbe69100f4a-node6-1 Starting 
 Container rggbe69100f4a-node8-1 Starting 
 Container rggbe69100f4a-node15-1 Started 
 Container rggbe69100f4a-node19-1 Started 
 Container rggbe69100f4a-node9-1 Started 
 Container rggbe69100f4a-node4-1 Started 
 Container rggbe69100f4a-node23-1 Started 
 Container rggbe69100f4a-node0-1 Started 
 Container rggbe69100f4a-node12-1 Started 
 Container rggbe69100f4a-node22-1 Started 
 Container rggbe69100f4a-node21-1 Started 
 Container rggbe69100f4a-node10-1 Started 
 Container rggbe69100f4a-node8-1 Started 
 Container rggbe69100f4a-node14-1 Started 
 Container rggbe69100f4a-node5-1 Started 
 Container rggbe69100f4a-node13-1 Started 
 Container rggbe69100f4a-node16-1 Started 
 Container rggbe69100f4a-node7-1 Started 
 Container rggbe69100f4a-node6-1 Started 
 Container rggbe69100f4a-node3-1 Started 
 Container rggbe69100f4a-node20-1 Started 
 Container rggbe69100f4a-node1-1 Started 
 Container rggbe69100f4a-node17-1 Started 
 Container rggbe69100f4a-node11-1 Started 
 Container rggbe69100f4a-node18-1 Started 
 Container rggbe69100f4a-node2-1 Started 
 Container rggbe69100f4a-driver-1 Starting 
 Container rggbe69100f4a-driver-1 Started 
0
