 Network rggec0ac2a94b_default Creating 
 Network rggec0ac2a94b_default Created 
 Container rggec0ac2a94b-collector-1 Creating 
 Container rggec0ac2a94b-collector-1 Created 
 Container rggec0ac2a94b-node4-1 Creating 
 Container rggec0ac2a94b-node0-1 Creating 
 Container rggec0ac2a94b-node9-1 Creating 
 Container rggec0ac2a94b-node12-1 Creating 
 Container rggec0ac2a94b-node13-1 Creating 
 Container rggec0ac2a94b-node11-1 Creating 
 Container rggec0ac2a94b-node5-1 Creating 
 Container rggec0ac2a94b-node8-1 Creating 
 Container rggec0ac2a94b-node3-1 Creating 
 Container rggec0ac2a94b-node7-1 Creating 
 Container rggec0ac2a94b-node15-1 Creating 
 Container rggec0ac2a94b-node1-1 Creating 
 Container rggec0ac2a94b-node2-1 Creating 
 Container rggec0ac2a94b-node10-1 Creating 
 Container rggec0ac2a94b-node6-1 Creating 
 Container rggec0ac2a94b-node14-1 Creating 
 Container rggec0ac2a94b-node4-1 Created 
 Container rggec0ac2a94b-node13-1 Created 
 Container rggec0ac2a94b-node12-1 Created 
 Container rggec0ac2a94b-node3-1 Created 
 Container rggec0ac2a94b-node2-1 Created 
 Container rggec0ac2a94b-node8-1 Created 
 Container rggec0ac2a94b-node5-1 Created 
 Container rggec0ac2a94b-node14-1 Created 
 Container rggec0ac2a94b-node1-1 Created 
 Container rggec0ac2a94b-node11-1 Created 
 Container rggec0ac2a94b-node0-1 Created 
 Container rggec0ac2a94b-node6-1 Created 
 Container rggec0ac2a94b-node9-1 Created 
 Container rggec0ac2a94b-node7-1 Created 
 Container rggec0ac2a94b-node10-1 Created 
 Container rggec0ac2a94b-node15-1 Created 
 Container rggec0ac2a94b-collector-1 Starting 
 Container rggec0ac2a94b-collector-1 Started 
 Container rggec0ac2a94b-node12-1 Starting 
 Container rggec0ac2a94b-node0-1 Starting 
 Container rggec0ac2a94b-node15-1 Starting 
 Container rggec0ac2a94b-node10-1 Starting 
 Container rggec0ac2a94b-node8-1 Starting 
 Container rggec0ac2a94b-node4-1 Starting 
 Container rggec0ac2a94b-node1-1 Starting 
 Container rggec0ac2a94b-node9-1 Starting 
 Container rggec0ac2a94b-node11-1 Starting 
 Container rggec0ac2a94b-node5-1 Starting 
 Container rggec0ac2a94b-node2-1 Starting 
 Container rggec0ac2a94b-node13-1 Starting 
 Container rggec0ac2a94b-node3-1 Starting 
 Container rggec0ac2a94b-node6-1 Starting 
 Container rggec0ac2a94b-node14-1 Starting 
 Container rggec0ac2a94b-node7-1 Starting 
 Container rggec0ac2a94b-node10-1 Started 
 Container rggec0ac2a94b-node0-1 Started 
 Container rggec0ac2a94b-node14-1 Started 
 Container rggec0ac2a94b-node9-1 Started 
 Container rggec0ac2a94b-node12-1 Started 
 Container rggec0ac2a94b-node11-1 Started 
 Container rggec0ac2a94b-node7-1 Started 
 Container rggec0ac2a94b-node6-1 Started 
 Container rggec0ac2a94b-node4-1 Started 
 Container rggec0ac2a94b-node1-1 Started 
 Container rggec0ac2a94b-node3-1 Started 
 Container rggec0ac2a94b-node8-1 Started 
 Container rggec0ac2a94b-node13-1 Started 
 Container rggec0ac2a94b-node5-1 Started 
 Container rggec0ac2a94b-node2-1 Started 
 Container rggec0ac2a94b-node15-1 Started 
READY_BARRIER: 14/16 node services ready
DRIVER_STARTED: 2026-07-17T15:34:17Z
0
