 Network rgg430d1cbbeb_default Creating 
 Network rgg430d1cbbeb_default Created 
 Container rgg430d1cbbeb-collector-1 Creating 
 Container rgg430d1cbbeb-collector-1 Created 
 Container rgg430d1cbbeb-node13-1 Creating 
 Container rgg430d1cbbeb-node14-1 Creating 
 Container rgg430d1cbbeb-node20-1 Creating 
 Container rgg430d1cbbeb-node16-1 Creating 
 Container rgg430d1cbbeb-node1-1 Creating 
 Container rgg430d1cbbeb-node11-1 Creating 
 Container rgg430d1cbbeb-node21-1 Creating 
 Container rgg430d1cbbeb-node19-1 Creating 
 Container rgg430d1cbbeb-node17-1 Creating 
 Container rgg430d1cbbeb-node7-1 Creating 
 Container rgg430d1cbbeb-node6-1 Creating 
 Container rgg430d1cbbeb-node9-1 Creating 
 Container rgg430d1cbbeb-node18-1 Creating 
 Container rgg430d1cbbeb-node10-1 Creating 
 Container rgg430d1cbbeb-node22-1 Creating 
 Container rgg430d1cbbeb-node5-1 Creating 
 Container rgg430d1cbbeb-node4-1 Creating 
 Container rgg430d1cbbeb-node3-1 Creating 
 Container rgg430d1cbbeb-node2-1 Creating 
 Container rgg430d1cbbeb-node0-1 Creating 
 Container rgg430d1cbbeb-node23-1 Creating 
 Container rgg430d1cbbeb-node12-1 Creating 
 Container rgg430d1cbbeb-node8-1 Creating 
 Container rgg430d1cbbeb-node15-1 Creating 
 Container rgg430d1cbbeb-node13-1 Created 
 Container rgg430d1cbbeb-node17-1 Created 
 Container rgg430d1cbbeb-node19-1 Created 
 Container rgg430d1cbbeb-node20-1 Created 
 Container rgg430d1cbbeb-node3-1 Created 
 Container rgg430d1cbbeb-node21-1 Created 
 Container rgg430d1cbbeb-node1-1 Created 
 Container rgg430d1cbbeb-node6-1 Created 
 Container rgg430d1cbbeb-node7-1 Created 
 Container rgg430d1cbbeb-node14-1 Created 
 Container rgg430d1cbbeb-node16-1 Created 
 Container rgg430d1cbbeb-node0-1 Created 
 Container rgg430d1cbbeb-node23-1 Created 
 Container rgg430d1cbbeb-node5-1 Created 
 Container rgg430d1cbbeb-node8-1 Created 
 Container rgg430d1cbbeb-node22-1 Created 
 Container rgg430d1cbbeb-node9-1 Created 
 Container rgg430d1cbbeb-node15-1 Created 
 Container rgg430d1cbbeb-node10-1 Created 
 Container rgg430d1cbbeb-node18-1 Created 
 Container rgg430d1cbbeb-node4-1 Created 
 Container rgg430d1cbbeb-node12-1 Created 
 Container rgg430d1cbbeb-node2-1 Created 
 Container rgg430d1cbbeb-node11-1 Created 
 Container rgg430d1cbbeb-driver-1 Creating 
 Container rgg430d1cbbeb-driver-1 Created 
 Container rgg430d1cbbeb-collector-1 Starting 
 Container rgg430d1cbbeb-collector-1 Started 
 Container rgg430d1cbbeb-node14-1 Starting 
 Container rgg430d1cbbeb-node15-1 Starting 
 Container rgg430d1cbbeb-node12-1 Starting 
 Container rgg430d1cbbeb-node13-1 Starting 
 Container rgg430d1cbbeb-node9-1 Starting 
 Container rgg430d1cbbeb-node6-1 Starting 
 Container rgg430d1cbbeb-node2-1 Starting 
 Container rgg430d1cbbeb-node10-1 Starting 
 Container rgg430d1cbbeb-node21-1 Starting 
 Container rgg430d1cbbeb-node23-1 Starting 
 Container rgg430d1cbbeb-node4-1 Starting 
 Container rgg430d1cbbeb-node19-1 Starting 
 Container rgg430d1cbbeb-node5-1 Starting 
 Container rgg430d1cbbeb-node11-1 Starting 
 Container rgg430d1cbbeb-node3-1 Starting 
 Container rgg430d1cbbeb-node7-1 Starting 
 Container rgg430d1cbbeb-node8-1 Starting 
 Container rgg430d1cbbeb-node16-1 Starting 
 Container rgg430d1cbbeb-node18-1 Starting 
 Container rgg430d1cbbeb-node22-1 Starting 
 Container rgg430d1cbbeb-node17-1 Starting 
 Container rgg430d1cbbeb-node0-1 Starting 
 Container rgg430d1cbbeb-node20-1 Starting 
 Container rgg430d1cbbeb-node1-1 Starting 
 Container rgg430d1cbbeb-node12-1 Started 
 Container rgg430d1cbbeb-node4-1 Started 
 Container rgg430d1cbbeb-node16-1 Started 
 Container rgg430d1cbbeb-node14-1 Started 
 Container rgg430d1cbbeb-node19-1 Started 
 Container rgg430d1cbbeb-node17-1 Started 
 Container rgg430d1cbbeb-node13-1 Started 
 Container rgg430d1cbbeb-node20-1 Started 
 Container rgg430d1cbbeb-node7-1 Started 
 Container rgg430d1cbbeb-node2-1 Started 
 Container rgg430d1cbbeb-node11-1 Started 
 Container rgg430d1cbbeb-node1-1 Started 
 Container rgg430d1cbbeb-node10-1 Started 
 Container rgg430d1cbbeb-node15-1 Started 
 Container rgg430d1cbbeb-node9-1 Started 
 Container rgg430d1cbbeb-node23-1 Started 
 Container rgg430d1cbbeb-node5-1 Started 
 Container rgg430d1cbbeb-node8-1 Started 
 Container rgg430d1cbbeb-node0-1 Started 
 Container rgg430d1cbbeb-node21-1 Started 
 Container rgg430d1cbbeb-node18-1 Started 
 Container rgg430d1cbbeb-node6-1 Started 
 Container rgg430d1cbbeb-node22-1 Started 
 Container rgg430d1cbbeb-node3-1 Started 
 Container rgg430d1cbbeb-driver-1 Starting 
 Container rgg430d1cbbeb-driver-1 Started 
0
