 Network rggad7ea0d91d_default Creating 
 Network rggad7ea0d91d_default Created 
 Container rggad7ea0d91d-collector-1 Creating 
 Container rggad7ea0d91d-collector-1 Created 
 Container rggad7ea0d91d-node18-1 Creating 
 Container rggad7ea0d91d-node17-1 Creating 
 Container rggad7ea0d91d-node14-1 Creating 
 Container rggad7ea0d91d-node23-1 Creating 
 Container rggad7ea0d91d-node20-1 Creating 
 Container rggad7ea0d91d-node4-1 Creating 
 Container rggad7ea0d91d-node0-1 Creating 
 Container rggad7ea0d91d-node10-1 Creating 
 Container rggad7ea0d91d-node9-1 Creating 
 Container rggad7ea0d91d-node15-1 Creating 
 Container rggad7ea0d91d-node21-1 Creating 
 Container rggad7ea0d91d-node13-1 Creating 
 Container rggad7ea0d91d-node8-1 Creating 
 Container rggad7ea0d91d-node7-1 Creating 
 Container rggad7ea0d91d-node3-1 Creating 
 Container rggad7ea0d91d-node5-1 Creating 
 Container rggad7ea0d91d-node19-1 Creating 
 Container rggad7ea0d91d-node6-1 Creating 
 Container rggad7ea0d91d-node16-1 Creating 
 Container rggad7ea0d91d-node12-1 Creating 
 Container rggad7ea0d91d-node2-1 Creating 
 Container rggad7ea0d91d-node1-1 Creating 
 Container rggad7ea0d91d-node11-1 Creating 
 Container rggad7ea0d91d-node22-1 Creating 
 Container rggad7ea0d91d-node18-1 Created 
 Container rggad7ea0d91d-node20-1 Created 
 Container rggad7ea0d91d-node17-1 Created 
 Container rggad7ea0d91d-node9-1 Created 
 Container rggad7ea0d91d-node7-1 Created 
 Container rggad7ea0d91d-node10-1 Created 
 Container rggad7ea0d91d-node3-1 Created 
 Container rggad7ea0d91d-node2-1 Created 
 Container rggad7ea0d91d-node15-1 Created 
 Container rggad7ea0d91d-node22-1 Created 
 Container rggad7ea0d91d-node1-1 Created 
 Container rggad7ea0d91d-node23-1 Created 
 Container rggad7ea0d91d-node11-1 Created 
 Container rggad7ea0d91d-node19-1 Created 
 Container rggad7ea0d91d-node13-1 Created 
 Container rggad7ea0d91d-node14-1 Created 
 Container rggad7ea0d91d-node5-1 Created 
 Container rggad7ea0d91d-node0-1 Created 
 Container rggad7ea0d91d-node6-1 Created 
 Container rggad7ea0d91d-node21-1 Created 
 Container rggad7ea0d91d-node8-1 Created 
 Container rggad7ea0d91d-node4-1 Created 
 Container rggad7ea0d91d-node12-1 Created 
 Container rggad7ea0d91d-node16-1 Created 
 Container rggad7ea0d91d-driver-1 Creating 
 Container rggad7ea0d91d-driver-1 Created 
 Container rggad7ea0d91d-collector-1 Starting 
 Container rggad7ea0d91d-collector-1 Started 
 Container rggad7ea0d91d-node1-1 Starting 
 Container rggad7ea0d91d-node15-1 Starting 
 Container rggad7ea0d91d-node11-1 Starting 
 Container rggad7ea0d91d-node7-1 Starting 
 Container rggad7ea0d91d-node20-1 Starting 
 Container rggad7ea0d91d-node17-1 Starting 
 Container rggad7ea0d91d-node13-1 Starting 
 Container rggad7ea0d91d-node23-1 Starting 
 Container rggad7ea0d91d-node8-1 Starting 
 Container rggad7ea0d91d-node9-1 Starting 
 Container rggad7ea0d91d-node4-1 Starting 
 Container rggad7ea0d91d-node21-1 Starting 
 Container rggad7ea0d91d-node14-1 Starting 
 Container rggad7ea0d91d-node3-1 Starting 
 Container rggad7ea0d91d-node10-1 Starting 
 Container rggad7ea0d91d-node19-1 Starting 
 Container rggad7ea0d91d-node18-1 Starting 
 Container rggad7ea0d91d-node12-1 Starting 
 Container rggad7ea0d91d-node22-1 Starting 
 Container rggad7ea0d91d-node6-1 Starting 
 Container rggad7ea0d91d-node2-1 Starting 
 Container rggad7ea0d91d-node0-1 Starting 
 Container rggad7ea0d91d-node16-1 Starting 
 Container rggad7ea0d91d-node5-1 Starting 
 Container rggad7ea0d91d-node15-1 Started 
 Container rggad7ea0d91d-node1-1 Started 
 Container rggad7ea0d91d-node7-1 Started 
 Container rggad7ea0d91d-node6-1 Started 
 Container rggad7ea0d91d-node11-1 Started 
 Container rggad7ea0d91d-node19-1 Started 
 Container rggad7ea0d91d-node8-1 Started 
 Container rggad7ea0d91d-node0-1 Started 
 Container rggad7ea0d91d-node5-1 Started 
 Container rggad7ea0d91d-node16-1 Started 
 Container rggad7ea0d91d-node23-1 Started 
 Container rggad7ea0d91d-node12-1 Started 
 Container rggad7ea0d91d-node14-1 Started 
 Container rggad7ea0d91d-node22-1 Started 
 Container rggad7ea0d91d-node3-1 Started 
 Container rggad7ea0d91d-node21-1 Started 
 Container rggad7ea0d91d-node4-1 Started 
 Container rggad7ea0d91d-node20-1 Started 
 Container rggad7ea0d91d-node2-1 Started 
 Container rggad7ea0d91d-node9-1 Started 
 Container rggad7ea0d91d-node17-1 Started 
 Container rggad7ea0d91d-node13-1 Started 
 Container rggad7ea0d91d-node10-1 Started 
 Container rggad7ea0d91d-node18-1 Started 
 Container rggad7ea0d91d-driver-1 Starting 
 Container rggad7ea0d91d-driver-1 Started 
0
