 Network rgg25c37ab41e_default Creating 
 Network rgg25c37ab41e_default Created 
 Container rgg25c37ab41e-collector-1 Creating 
 Container rgg25c37ab41e-collector-1 Created 
 Container rgg25c37ab41e-node7-1 Creating 
 Container rgg25c37ab41e-node4-1 Creating 
 Container rgg25c37ab41e-node2-1 Creating 
 Container rgg25c37ab41e-node0-1 Creating 
 Container rgg25c37ab41e-node9-1 Creating 
 Container rgg25c37ab41e-node10-1 Creating 
 Container rgg25c37ab41e-node13-1 Creating 
 Container rgg25c37ab41e-node3-1 Creating 
 Container rgg25c37ab41e-node11-1 Creating 
 Container rgg25c37ab41e-node14-1 Creating 
 Container rgg25c37ab41e-node15-1 Creating 
 Container rgg25c37ab41e-node5-1 Creating 
 Container rgg25c37ab41e-node12-1 Creating 
 Container rgg25c37ab41e-node8-1 Creating 
 Container rgg25c37ab41e-node6-1 Creating 
 Container rgg25c37ab41e-node1-1 Creating 
 Container rgg25c37ab41e-node2-1 Created 
 Container rgg25c37ab41e-node7-1 Created 
 Container rgg25c37ab41e-node8-1 Created 
 Container rgg25c37ab41e-node11-1 Created 
 Container rgg25c37ab41e-node5-1 Created 
 Container rgg25c37ab41e-node14-1 Created 
 Container rgg25c37ab41e-node1-1 Created 
 Container rgg25c37ab41e-node4-1 Created 
 Container rgg25c37ab41e-node0-1 Created 
 Container rgg25c37ab41e-node12-1 Created 
 Container rgg25c37ab41e-node13-1 Created 
 Container rgg25c37ab41e-node6-1 Created 
 Container rgg25c37ab41e-node9-1 Created 
 Container rgg25c37ab41e-node10-1 Created 
 Container rgg25c37ab41e-node15-1 Created 
 Container rgg25c37ab41e-node3-1 Created 
 Container rgg25c37ab41e-driver-1 Creating 
 Container rgg25c37ab41e-driver-1 Created 
 Container rgg25c37ab41e-collector-1 Starting 
 Container rgg25c37ab41e-collector-1 Started 
 Container rgg25c37ab41e-node10-1 Starting 
 Container rgg25c37ab41e-node6-1 Starting 
 Container rgg25c37ab41e-node14-1 Starting 
 Container rgg25c37ab41e-node3-1 Starting 
 Container rgg25c37ab41e-node4-1 Starting 
 Container rgg25c37ab41e-node11-1 Starting 
 Container rgg25c37ab41e-node5-1 Starting 
 Container rgg25c37ab41e-node1-1 Starting 
 Container rgg25c37ab41e-node2-1 Starting 
 Container rgg25c37ab41e-node0-1 Starting 
 Container rgg25c37ab41e-node13-1 Starting 
 Container rgg25c37ab41e-node7-1 Starting 
 Container rgg25c37ab41e-node8-1 Starting 
 Container rgg25c37ab41e-node15-1 Starting 
 Container rgg25c37ab41e-node12-1 Starting 
 Container rgg25c37ab41e-node9-1 Starting 
 Container rgg25c37ab41e-node11-1 Started 
 Container rgg25c37ab41e-node1-1 Started 
 Container rgg25c37ab41e-node9-1 Started 
 Container rgg25c37ab41e-node12-1 Started 
 Container rgg25c37ab41e-node3-1 Started 
 Container rgg25c37ab41e-node10-1 Started 
 Container rgg25c37ab41e-node6-1 Started 
 Container rgg25c37ab41e-node13-1 Started 
 Container rgg25c37ab41e-node15-1 Started 
 Container rgg25c37ab41e-node0-1 Started 
 Container rgg25c37ab41e-node5-1 Started 
 Container rgg25c37ab41e-node8-1 Started 
 Container rgg25c37ab41e-node7-1 Started 
 Container rgg25c37ab41e-node2-1 Started 
 Container rgg25c37ab41e-node14-1 Started 
 Container rgg25c37ab41e-node4-1 Started 
 Container rgg25c37ab41e-driver-1 Starting 
 Container rgg25c37ab41e-driver-1 Started 
0
