 Network rgg8ee68649fc_default Creating 
 Network rgg8ee68649fc_default Created 
 Container rgg8ee68649fc-collector-1 Creating 
 Container rgg8ee68649fc-collector-1 Created 
 Container rgg8ee68649fc-node23-1 Creating 
 Container rgg8ee68649fc-node6-1 Creating 
 Container rgg8ee68649fc-node18-1 Creating 
 Container rgg8ee68649fc-node5-1 Creating 
 Container rgg8ee68649fc-node21-1 Creating 
 Container rgg8ee68649fc-node1-1 Creating 
 Container rgg8ee68649fc-node19-1 Creating 
 Container rgg8ee68649fc-node0-1 Creating 
 Container rgg8ee68649fc-node8-1 Creating 
 Container rgg8ee68649fc-node22-1 Creating 
 Container rgg8ee68649fc-node7-1 Creating 
 Container rgg8ee68649fc-node15-1 Creating 
 Container rgg8ee68649fc-node9-1 Creating 
 Container rgg8ee68649fc-node2-1 Creating 
 Container rgg8ee68649fc-node16-1 Creating 
 Container rgg8ee68649fc-node10-1 Creating 
 Container rgg8ee68649fc-node12-1 Creating 
 Container rgg8ee68649fc-node17-1 Creating 
 Container rgg8ee68649fc-node11-1 Creating 
 Container rgg8ee68649fc-node13-1 Creating 
 Container rgg8ee68649fc-node14-1 Creating 
 Container rgg8ee68649fc-node3-1 Creating 
 Container rgg8ee68649fc-node20-1 Creating 
 Container rgg8ee68649fc-node4-1 Creating 
 Container rgg8ee68649fc-node16-1 Created 
 Container rgg8ee68649fc-node23-1 Created 
 Container rgg8ee68649fc-node8-1 Created 
 Container rgg8ee68649fc-node18-1 Created 
 Container rgg8ee68649fc-node17-1 Created 
 Container rgg8ee68649fc-node21-1 Created 
 Container rgg8ee68649fc-node6-1 Created 
 Container rgg8ee68649fc-node13-1 Created 
 Container rgg8ee68649fc-node4-1 Created 
 Container rgg8ee68649fc-node3-1 Created 
 Container rgg8ee68649fc-node22-1 Created 
 Container rgg8ee68649fc-node14-1 Created 
 Container rgg8ee68649fc-node2-1 Created 
 Container rgg8ee68649fc-node11-1 Created 
 Container rgg8ee68649fc-node20-1 Created 
 Container rgg8ee68649fc-node0-1 Created 
 Container rgg8ee68649fc-node10-1 Created 
 Container rgg8ee68649fc-node12-1 Created 
 Container rgg8ee68649fc-node19-1 Created 
 Container rgg8ee68649fc-node5-1 Created 
 Container rgg8ee68649fc-node15-1 Created 
 Container rgg8ee68649fc-node9-1 Created 
 Container rgg8ee68649fc-node7-1 Created 
 Container rgg8ee68649fc-node1-1 Created 
 Container rgg8ee68649fc-driver-1 Creating 
 Container rgg8ee68649fc-driver-1 Created 
 Container rgg8ee68649fc-collector-1 Starting 
 Container rgg8ee68649fc-collector-1 Started 
 Container rgg8ee68649fc-node0-1 Starting 
 Container rgg8ee68649fc-node1-1 Starting 
 Container rgg8ee68649fc-node8-1 Starting 
 Container rgg8ee68649fc-node19-1 Starting 
 Container rgg8ee68649fc-node15-1 Starting 
 Container rgg8ee68649fc-node6-1 Starting 
 Container rgg8ee68649fc-node12-1 Starting 
 Container rgg8ee68649fc-node2-1 Starting 
 Container rgg8ee68649fc-node18-1 Starting 
 Container rgg8ee68649fc-node16-1 Starting 
 Container rgg8ee68649fc-node5-1 Starting 
 Container rgg8ee68649fc-node17-1 Starting 
 Container rgg8ee68649fc-node4-1 Starting 
 Container rgg8ee68649fc-node22-1 Starting 
 Container rgg8ee68649fc-node14-1 Starting 
 Container rgg8ee68649fc-node10-1 Starting 
 Container rgg8ee68649fc-node20-1 Starting 
 Container rgg8ee68649fc-node11-1 Starting 
 Container rgg8ee68649fc-node9-1 Starting 
 Container rgg8ee68649fc-node21-1 Starting 
 Container rgg8ee68649fc-node13-1 Starting 
 Container rgg8ee68649fc-node23-1 Starting 
 Container rgg8ee68649fc-node3-1 Starting 
 Container rgg8ee68649fc-node7-1 Starting 
 Container rgg8ee68649fc-node8-1 Started 
 Container rgg8ee68649fc-node17-1 Started 
 Container rgg8ee68649fc-node1-1 Started 
 Container rgg8ee68649fc-node0-1 Started 
 Container rgg8ee68649fc-node19-1 Started 
 Container rgg8ee68649fc-node13-1 Started 
 Container rgg8ee68649fc-node3-1 Started 
 Container rgg8ee68649fc-node4-1 Started 
 Container rgg8ee68649fc-node14-1 Started 
 Container rgg8ee68649fc-node7-1 Started 
 Container rgg8ee68649fc-node6-1 Started 
 Container rgg8ee68649fc-node21-1 Started 
 Container rgg8ee68649fc-node11-1 Started 
 Container rgg8ee68649fc-node9-1 Started 
 Container rgg8ee68649fc-node15-1 Started 
 Container rgg8ee68649fc-node16-1 Started 
 Container rgg8ee68649fc-node12-1 Started 
 Container rgg8ee68649fc-node22-1 Started 
 Container rgg8ee68649fc-node2-1 Started 
 Container rgg8ee68649fc-node18-1 Started 
 Container rgg8ee68649fc-node5-1 Started 
 Container rgg8ee68649fc-node20-1 Started 
 Container rgg8ee68649fc-node10-1 Started 
 Container rgg8ee68649fc-node23-1 Started 
 Container rgg8ee68649fc-driver-1 Starting 
 Container rgg8ee68649fc-driver-1 Started 
0
