 Network rggf082cbd1ee_default Creating 
 Network rggf082cbd1ee_default Created 
 Container rggf082cbd1ee-collector-1 Creating 
 Container rggf082cbd1ee-collector-1 Created 
 Container rggf082cbd1ee-node8-1 Creating 
 Container rggf082cbd1ee-node2-1 Creating 
 Container rggf082cbd1ee-node11-1 Creating 
 Container rggf082cbd1ee-node12-1 Creating 
 Container rggf082cbd1ee-node13-1 Creating 
 Container rggf082cbd1ee-node5-1 Creating 
 Container rggf082cbd1ee-node14-1 Creating 
 Container rggf082cbd1ee-node3-1 Creating 
 Container rggf082cbd1ee-node6-1 Creating 
 Container rggf082cbd1ee-node0-1 Creating 
 Container rggf082cbd1ee-node9-1 Creating 
 Container rggf082cbd1ee-node7-1 Creating 
 Container rggf082cbd1ee-node4-1 Creating 
 Container rggf082cbd1ee-node1-1 Creating 
 Container rggf082cbd1ee-node15-1 Creating 
 Container rggf082cbd1ee-node10-1 Creating 
 Container rggf082cbd1ee-node6-1 Created 
 Container rggf082cbd1ee-node9-1 Created 
 Container rggf082cbd1ee-node12-1 Created 
 Container rggf082cbd1ee-node15-1 Created 
 Container rggf082cbd1ee-node1-1 Created 
 Container rggf082cbd1ee-node14-1 Created 
 Container rggf082cbd1ee-node10-1 Created 
 Container rggf082cbd1ee-node13-1 Created 
 Container rggf082cbd1ee-node2-1 Created 
 Container rggf082cbd1ee-node3-1 Created 
 Container rggf082cbd1ee-node4-1 Created 
 Container rggf082cbd1ee-node5-1 Created 
 Container rggf082cbd1ee-node8-1 Created 
 Container rggf082cbd1ee-node7-1 Created 
 Container rggf082cbd1ee-node11-1 Created 
 Container rggf082cbd1ee-node0-1 Created 
 Container rggf082cbd1ee-collector-1 Starting 
 Container rggf082cbd1ee-collector-1 Started 
 Container rggf082cbd1ee-node9-1 Starting 
 Container rggf082cbd1ee-node8-1 Starting 
 Container rggf082cbd1ee-node15-1 Starting 
 Container rggf082cbd1ee-node14-1 Starting 
 Container rggf082cbd1ee-node10-1 Starting 
 Container rggf082cbd1ee-node5-1 Starting 
 Container rggf082cbd1ee-node11-1 Starting 
 Container rggf082cbd1ee-node2-1 Starting 
 Container rggf082cbd1ee-node4-1 Starting 
 Container rggf082cbd1ee-node3-1 Starting 
 Container rggf082cbd1ee-node6-1 Starting 
 Container rggf082cbd1ee-node1-1 Starting 
 Container rggf082cbd1ee-node0-1 Starting 
 Container rggf082cbd1ee-node13-1 Starting 
 Container rggf082cbd1ee-node12-1 Starting 
 Container rggf082cbd1ee-node7-1 Starting 
 Container rggf082cbd1ee-node15-1 Started 
 Container rggf082cbd1ee-node8-1 Started 
 Container rggf082cbd1ee-node12-1 Started 
 Container rggf082cbd1ee-node3-1 Started 
 Container rggf082cbd1ee-node9-1 Started 
 Container rggf082cbd1ee-node2-1 Started 
 Container rggf082cbd1ee-node0-1 Started 
 Container rggf082cbd1ee-node7-1 Started 
 Container rggf082cbd1ee-node4-1 Started 
 Container rggf082cbd1ee-node6-1 Started 
 Container rggf082cbd1ee-node13-1 Started 
 Container rggf082cbd1ee-node14-1 Started 
 Container rggf082cbd1ee-node5-1 Started 
 Container rggf082cbd1ee-node11-1 Started 
 Container rggf082cbd1ee-node1-1 Started 
 Container rggf082cbd1ee-node10-1 Started 
READY_BARRIER: 15/16 node services ready
DRIVER_STARTED: 2026-07-15T13:50:51Z
0
