 Network rgg84e5ab55ea_default Creating 
 Network rgg84e5ab55ea_default Created 
 Container rgg84e5ab55ea-collector-1 Creating 
 Container rgg84e5ab55ea-collector-1 Created 
 Container rgg84e5ab55ea-node6-1 Creating 
 Container rgg84e5ab55ea-node8-1 Creating 
 Container rgg84e5ab55ea-node12-1 Creating 
 Container rgg84e5ab55ea-node4-1 Creating 
 Container rgg84e5ab55ea-node15-1 Creating 
 Container rgg84e5ab55ea-node0-1 Creating 
 Container rgg84e5ab55ea-node9-1 Creating 
 Container rgg84e5ab55ea-node5-1 Creating 
 Container rgg84e5ab55ea-node7-1 Creating 
 Container rgg84e5ab55ea-node1-1 Creating 
 Container rgg84e5ab55ea-node14-1 Creating 
 Container rgg84e5ab55ea-node11-1 Creating 
 Container rgg84e5ab55ea-node13-1 Creating 
 Container rgg84e5ab55ea-node2-1 Creating 
 Container rgg84e5ab55ea-node10-1 Creating 
 Container rgg84e5ab55ea-node3-1 Creating 
 Container rgg84e5ab55ea-node11-1 Created 
 Container rgg84e5ab55ea-node2-1 Created 
 Container rgg84e5ab55ea-node1-1 Created 
 Container rgg84e5ab55ea-node3-1 Created 
 Container rgg84e5ab55ea-node13-1 Created 
 Container rgg84e5ab55ea-node14-1 Created 
 Container rgg84e5ab55ea-node9-1 Created 
 Container rgg84e5ab55ea-node4-1 Created 
 Container rgg84e5ab55ea-node15-1 Created 
 Container rgg84e5ab55ea-node6-1 Created 
 Container rgg84e5ab55ea-node7-1 Created 
 Container rgg84e5ab55ea-node10-1 Created 
 Container rgg84e5ab55ea-node5-1 Created 
 Container rgg84e5ab55ea-node8-1 Created 
 Container rgg84e5ab55ea-node12-1 Created 
 Container rgg84e5ab55ea-node0-1 Created 
 Container rgg84e5ab55ea-collector-1 Starting 
 Container rgg84e5ab55ea-collector-1 Started 
 Container rgg84e5ab55ea-node3-1 Starting 
 Container rgg84e5ab55ea-node12-1 Starting 
 Container rgg84e5ab55ea-node8-1 Starting 
 Container rgg84e5ab55ea-node1-1 Starting 
 Container rgg84e5ab55ea-node11-1 Starting 
 Container rgg84e5ab55ea-node0-1 Starting 
 Container rgg84e5ab55ea-node15-1 Starting 
 Container rgg84e5ab55ea-node6-1 Starting 
 Container rgg84e5ab55ea-node4-1 Starting 
 Container rgg84e5ab55ea-node7-1 Starting 
 Container rgg84e5ab55ea-node10-1 Starting 
 Container rgg84e5ab55ea-node9-1 Starting 
 Container rgg84e5ab55ea-node13-1 Starting 
 Container rgg84e5ab55ea-node14-1 Starting 
 Container rgg84e5ab55ea-node5-1 Starting 
 Container rgg84e5ab55ea-node2-1 Starting 
 Container rgg84e5ab55ea-node1-1 Started 
 Container rgg84e5ab55ea-node13-1 Started 
 Container rgg84e5ab55ea-node14-1 Started 
 Container rgg84e5ab55ea-node3-1 Started 
 Container rgg84e5ab55ea-node2-1 Started 
 Container rgg84e5ab55ea-node8-1 Started 
 Container rgg84e5ab55ea-node7-1 Started 
 Container rgg84e5ab55ea-node6-1 Started 
 Container rgg84e5ab55ea-node15-1 Started 
 Container rgg84e5ab55ea-node12-1 Started 
 Container rgg84e5ab55ea-node9-1 Started 
 Container rgg84e5ab55ea-node0-1 Started 
 Container rgg84e5ab55ea-node10-1 Started 
 Container rgg84e5ab55ea-node4-1 Started 
 Container rgg84e5ab55ea-node11-1 Started 
 Container rgg84e5ab55ea-node5-1 Started 
READY_BARRIER: 15/16 node services ready
DRIVER_STARTED: 2026-07-15T13:53:43Z
0
