 Network rgga6e3bb6443_default Creating 
 Network rgga6e3bb6443_default Created 
 Container rgga6e3bb6443-collector-1 Creating 
 Container rgga6e3bb6443-collector-1 Created 
 Container rgga6e3bb6443-node12-1 Creating 
 Container rgga6e3bb6443-node5-1 Creating 
 Container rgga6e3bb6443-node7-1 Creating 
 Container rgga6e3bb6443-node2-1 Creating 
 Container rgga6e3bb6443-node1-1 Creating 
 Container rgga6e3bb6443-node8-1 Creating 
 Container rgga6e3bb6443-node14-1 Creating 
 Container rgga6e3bb6443-node0-1 Creating 
 Container rgga6e3bb6443-node15-1 Creating 
 Container rgga6e3bb6443-node10-1 Creating 
 Container rgga6e3bb6443-node13-1 Creating 
 Container rgga6e3bb6443-node9-1 Creating 
 Container rgga6e3bb6443-node6-1 Creating 
 Container rgga6e3bb6443-node11-1 Creating 
 Container rgga6e3bb6443-node3-1 Creating 
 Container rgga6e3bb6443-node4-1 Creating 
 Container rgga6e3bb6443-node5-1 Created 
 Container rgga6e3bb6443-node12-1 Created 
 Container rgga6e3bb6443-node6-1 Created 
 Container rgga6e3bb6443-node1-1 Created 
 Container rgga6e3bb6443-node14-1 Created 
 Container rgga6e3bb6443-node9-1 Created 
 Container rgga6e3bb6443-node7-1 Created 
 Container rgga6e3bb6443-node8-1 Created 
 Container rgga6e3bb6443-node0-1 Created 
 Container rgga6e3bb6443-node15-1 Created 
 Container rgga6e3bb6443-node11-1 Created 
 Container rgga6e3bb6443-node4-1 Created 
 Container rgga6e3bb6443-node3-1 Created 
 Container rgga6e3bb6443-node2-1 Created 
 Container rgga6e3bb6443-node13-1 Created 
 Container rgga6e3bb6443-node10-1 Created 
 Container rgga6e3bb6443-collector-1 Starting 
 Container rgga6e3bb6443-collector-1 Started 
 Container rgga6e3bb6443-node6-1 Starting 
 Container rgga6e3bb6443-node1-1 Starting 
 Container rgga6e3bb6443-node9-1 Starting 
 Container rgga6e3bb6443-node15-1 Starting 
 Container rgga6e3bb6443-node11-1 Starting 
 Container rgga6e3bb6443-node10-1 Starting 
 Container rgga6e3bb6443-node12-1 Starting 
 Container rgga6e3bb6443-node5-1 Starting 
 Container rgga6e3bb6443-node2-1 Starting 
 Container rgga6e3bb6443-node4-1 Starting 
 Container rgga6e3bb6443-node14-1 Starting 
 Container rgga6e3bb6443-node8-1 Starting 
 Container rgga6e3bb6443-node7-1 Starting 
 Container rgga6e3bb6443-node0-1 Starting 
 Container rgga6e3bb6443-node3-1 Starting 
 Container rgga6e3bb6443-node13-1 Starting 
 Container rgga6e3bb6443-node6-1 Started 
 Container rgga6e3bb6443-node3-1 Started 
 Container rgga6e3bb6443-node5-1 Started 
 Container rgga6e3bb6443-node9-1 Started 
 Container rgga6e3bb6443-node11-1 Started 
 Container rgga6e3bb6443-node14-1 Started 
 Container rgga6e3bb6443-node13-1 Started 
 Container rgga6e3bb6443-node12-1 Started 
 Container rgga6e3bb6443-node15-1 Started 
 Container rgga6e3bb6443-node2-1 Started 
 Container rgga6e3bb6443-node7-1 Started 
 Container rgga6e3bb6443-node10-1 Started 
 Container rgga6e3bb6443-node8-1 Started 
 Container rgga6e3bb6443-node0-1 Started 
 Container rgga6e3bb6443-node4-1 Started 
 Container rgga6e3bb6443-node1-1 Started 
READY_BARRIER: 15/16 node services ready
DRIVER_STARTED: 2026-07-15T13:53:00Z
0
