 Network rgg8adb9c9962_default Creating 
 Network rgg8adb9c9962_default Created 
 Container rgg8adb9c9962-collector-1 Creating 
 Container rgg8adb9c9962-collector-1 Created 
 Container rgg8adb9c9962-node16-1 Creating 
 Container rgg8adb9c9962-node5-1 Creating 
 Container rgg8adb9c9962-node10-1 Creating 
 Container rgg8adb9c9962-node17-1 Creating 
 Container rgg8adb9c9962-node0-1 Creating 
 Container rgg8adb9c9962-node11-1 Creating 
 Container rgg8adb9c9962-node8-1 Creating 
 Container rgg8adb9c9962-node20-1 Creating 
 Container rgg8adb9c9962-node3-1 Creating 
 Container rgg8adb9c9962-node21-1 Creating 
 Container rgg8adb9c9962-node6-1 Creating 
 Container rgg8adb9c9962-node15-1 Creating 
 Container rgg8adb9c9962-node1-1 Creating 
 Container rgg8adb9c9962-node4-1 Creating 
 Container rgg8adb9c9962-node23-1 Creating 
 Container rgg8adb9c9962-node2-1 Creating 
 Container rgg8adb9c9962-node19-1 Creating 
 Container rgg8adb9c9962-node14-1 Creating 
 Container rgg8adb9c9962-node13-1 Creating 
 Container rgg8adb9c9962-node7-1 Creating 
 Container rgg8adb9c9962-node22-1 Creating 
 Container rgg8adb9c9962-node9-1 Creating 
 Container rgg8adb9c9962-node12-1 Creating 
 Container rgg8adb9c9962-node18-1 Creating 
 Container rgg8adb9c9962-node10-1 Created 
 Container rgg8adb9c9962-node16-1 Created 
 Container rgg8adb9c9962-node5-1 Created 
 Container rgg8adb9c9962-node0-1 Created 
 Container rgg8adb9c9962-node17-1 Created 
 Container rgg8adb9c9962-node14-1 Created 
 Container rgg8adb9c9962-node15-1 Created 
 Container rgg8adb9c9962-node21-1 Created 
 Container rgg8adb9c9962-node6-1 Created 
 Container rgg8adb9c9962-node2-1 Created 
 Container rgg8adb9c9962-node1-1 Created 
 Container rgg8adb9c9962-node19-1 Created 
 Container rgg8adb9c9962-node18-1 Created 
 Container rgg8adb9c9962-node11-1 Created 
 Container rgg8adb9c9962-node22-1 Created 
 Container rgg8adb9c9962-node8-1 Created 
 Container rgg8adb9c9962-node4-1 Created 
 Container rgg8adb9c9962-node7-1 Created 
 Container rgg8adb9c9962-node12-1 Created 
 Container rgg8adb9c9962-node3-1 Created 
 Container rgg8adb9c9962-node13-1 Created 
 Container rgg8adb9c9962-node9-1 Created 
 Container rgg8adb9c9962-node20-1 Created 
 Container rgg8adb9c9962-node23-1 Created 
 Container rgg8adb9c9962-driver-1 Creating 
 Container rgg8adb9c9962-driver-1 Created 
 Container rgg8adb9c9962-collector-1 Starting 
 Container rgg8adb9c9962-collector-1 Started 
 Container rgg8adb9c9962-node16-1 Starting 
 Container rgg8adb9c9962-node7-1 Starting 
 Container rgg8adb9c9962-node20-1 Starting 
 Container rgg8adb9c9962-node6-1 Starting 
 Container rgg8adb9c9962-node8-1 Starting 
 Container rgg8adb9c9962-node2-1 Starting 
 Container rgg8adb9c9962-node10-1 Starting 
 Container rgg8adb9c9962-node22-1 Starting 
 Container rgg8adb9c9962-node21-1 Starting 
 Container rgg8adb9c9962-node17-1 Starting 
 Container rgg8adb9c9962-node14-1 Starting 
 Container rgg8adb9c9962-node23-1 Starting 
 Container rgg8adb9c9962-node15-1 Starting 
 Container rgg8adb9c9962-node5-1 Starting 
 Container rgg8adb9c9962-node13-1 Starting 
 Container rgg8adb9c9962-node19-1 Starting 
 Container rgg8adb9c9962-node9-1 Starting 
 Container rgg8adb9c9962-node4-1 Starting 
 Container rgg8adb9c9962-node11-1 Starting 
 Container rgg8adb9c9962-node3-1 Starting 
 Container rgg8adb9c9962-node1-1 Starting 
 Container rgg8adb9c9962-node0-1 Starting 
 Container rgg8adb9c9962-node12-1 Starting 
 Container rgg8adb9c9962-node18-1 Starting 
 Container rgg8adb9c9962-node20-1 Started 
 Container rgg8adb9c9962-node9-1 Started 
 Container rgg8adb9c9962-node8-1 Started 
 Container rgg8adb9c9962-node21-1 Started 
 Container rgg8adb9c9962-node19-1 Started 
 Container rgg8adb9c9962-node16-1 Started 
 Container rgg8adb9c9962-node0-1 Started 
 Container rgg8adb9c9962-node7-1 Started 
 Container rgg8adb9c9962-node12-1 Started 
 Container rgg8adb9c9962-node15-1 Started 
 Container rgg8adb9c9962-node18-1 Started 
 Container rgg8adb9c9962-node17-1 Started 
 Container rgg8adb9c9962-node23-1 Started 
 Container rgg8adb9c9962-node6-1 Started 
 Container rgg8adb9c9962-node22-1 Started 
 Container rgg8adb9c9962-node13-1 Started 
 Container rgg8adb9c9962-node1-1 Started 
 Container rgg8adb9c9962-node2-1 Started 
 Container rgg8adb9c9962-node11-1 Started 
 Container rgg8adb9c9962-node3-1 Started 
 Container rgg8adb9c9962-node14-1 Started 
 Container rgg8adb9c9962-node10-1 Started 
 Container rgg8adb9c9962-node5-1 Started 
 Container rgg8adb9c9962-node4-1 Started 
 Container rgg8adb9c9962-driver-1 Starting 
 Container rgg8adb9c9962-driver-1 Started 
0
