 Network rgg13fe0f1833_default Creating 
 Network rgg13fe0f1833_default Created 
 Container rgg13fe0f1833-collector-1 Creating 
 Container rgg13fe0f1833-collector-1 Created 
 Container rgg13fe0f1833-node2-1 Creating 
 Container rgg13fe0f1833-node15-1 Creating 
 Container rgg13fe0f1833-node1-1 Creating 
 Container rgg13fe0f1833-node13-1 Creating 
 Container rgg13fe0f1833-node12-1 Creating 
 Container rgg13fe0f1833-node9-1 Creating 
 Container rgg13fe0f1833-node6-1 Creating 
 Container rgg13fe0f1833-node14-1 Creating 
 Container rgg13fe0f1833-node0-1 Creating 
 Container rgg13fe0f1833-node5-1 Creating 
 Container rgg13fe0f1833-node4-1 Creating 
 Container rgg13fe0f1833-node3-1 Creating 
 Container rgg13fe0f1833-node8-1 Creating 
 Container rgg13fe0f1833-node11-1 Creating 
 Container rgg13fe0f1833-node10-1 Creating 
 Container rgg13fe0f1833-node7-1 Creating 
 Container rgg13fe0f1833-node2-1 Created 
 Container rgg13fe0f1833-node12-1 Created 
 Container rgg13fe0f1833-node0-1 Created 
 Container rgg13fe0f1833-node1-1 Created 
 Container rgg13fe0f1833-node10-1 Created 
 Container rgg13fe0f1833-node7-1 Created 
 Container rgg13fe0f1833-node11-1 Created 
 Container rgg13fe0f1833-node5-1 Created 
 Container rgg13fe0f1833-node3-1 Created 
 Container rgg13fe0f1833-node6-1 Created 
 Container rgg13fe0f1833-node8-1 Created 
 Container rgg13fe0f1833-node15-1 Created 
 Container rgg13fe0f1833-node9-1 Created 
 Container rgg13fe0f1833-node4-1 Created 
 Container rgg13fe0f1833-node14-1 Created 
 Container rgg13fe0f1833-node13-1 Created 
 Container rgg13fe0f1833-driver-1 Creating 
 Container rgg13fe0f1833-driver-1 Created 
 Container rgg13fe0f1833-collector-1 Starting 
 Container rgg13fe0f1833-collector-1 Started 
 Container rgg13fe0f1833-node9-1 Starting 
 Container rgg13fe0f1833-node10-1 Starting 
 Container rgg13fe0f1833-node2-1 Starting 
 Container rgg13fe0f1833-node1-1 Starting 
 Container rgg13fe0f1833-node0-1 Starting 
 Container rgg13fe0f1833-node12-1 Starting 
 Container rgg13fe0f1833-node7-1 Starting 
 Container rgg13fe0f1833-node13-1 Starting 
 Container rgg13fe0f1833-node14-1 Starting 
 Container rgg13fe0f1833-node6-1 Starting 
 Container rgg13fe0f1833-node15-1 Starting 
 Container rgg13fe0f1833-node8-1 Starting 
 Container rgg13fe0f1833-node3-1 Starting 
 Container rgg13fe0f1833-node5-1 Starting 
 Container rgg13fe0f1833-node4-1 Starting 
 Container rgg13fe0f1833-node11-1 Starting 
 Container rgg13fe0f1833-node9-1 Started 
 Container rgg13fe0f1833-node0-1 Started 
 Container rgg13fe0f1833-node15-1 Started 
 Container rgg13fe0f1833-node5-1 Started 
 Container rgg13fe0f1833-node10-1 Started 
 Container rgg13fe0f1833-node8-1 Started 
 Container rgg13fe0f1833-node11-1 Started 
 Container rgg13fe0f1833-node3-1 Started 
 Container rgg13fe0f1833-node2-1 Started 
 Container rgg13fe0f1833-node4-1 Started 
 Container rgg13fe0f1833-node12-1 Started 
 Container rgg13fe0f1833-node13-1 Started 
 Container rgg13fe0f1833-node6-1 Started 
 Container rgg13fe0f1833-node14-1 Started 
 Container rgg13fe0f1833-node1-1 Started 
 Container rgg13fe0f1833-node7-1 Started 
 Container rgg13fe0f1833-driver-1 Starting 
 Container rgg13fe0f1833-driver-1 Started 
0
