{
  "client_latency_ms": {
    "mean": 677.657361,
    "p50": 677.657361,
    "p95": 677.657361,
    "p99": 677.657361
  },
  "conflicting_commit_count": 0,
  "conflicting_commits": [],
  "driver_failure_count": 0,
  "driver_success_count": 1,
  "driver_success_rate": 1.0,
  "duplicate_commit_events": 0,
  "equivocation_observed_events": 0,
  "equivocation_sent_events": 0,
  "fault_injected_events": 1,
  "final_protocol_bytes_sent": 194381,
  "final_protocol_messages_sent": 524,
  "invalid_new_view_events": 0,
  "invalid_signature_events": 0,
  "invalid_view_change_events": 0,
  "max_accepted_view": 1,
  "new_view_accepted_events": 15,
  "new_view_sent_events": 1,
  "node_commit_completeness": 0.9375,
  "node_commit_count": 15,
  "node_count": 16,
  "node_error_events": 0,
  "node_latency_ms": {
    "mean": 671.6197324,
    "p50": 669.469432,
    "p95": 677.205309,
    "p99": 677.205309
  },
  "recovered_sequence_count": 1,
  "recovery_latency_ms": {
    "mean": 111.508239,
    "p50": 111.508239,
    "p95": 111.508239,
    "p99": 111.508239
  },
  "reported_protocol_bytes_sent": 184931,
  "reported_protocol_messages_sent": 491,
  "round_count": 1,
  "safety_violation_events": 0,
  "stale_new_view_events": 0,
  "view_change_sent_events": 15
}
