 Network rgg88855bc2c8_default Creating 
 Network rgg88855bc2c8_default Created 
 Container rgg88855bc2c8-collector-1 Creating 
 Container rgg88855bc2c8-collector-1 Created 
 Container rgg88855bc2c8-node4-1 Creating 
 Container rgg88855bc2c8-node1-1 Creating 
 Container rgg88855bc2c8-node0-1 Creating 
 Container rgg88855bc2c8-node20-1 Creating 
 Container rgg88855bc2c8-node13-1 Creating 
 Container rgg88855bc2c8-node2-1 Creating 
 Container rgg88855bc2c8-node18-1 Creating 
 Container rgg88855bc2c8-node7-1 Creating 
 Container rgg88855bc2c8-node17-1 Creating 
 Container rgg88855bc2c8-node9-1 Creating 
 Container rgg88855bc2c8-node14-1 Creating 
 Container rgg88855bc2c8-node12-1 Creating 
 Container rgg88855bc2c8-node3-1 Creating 
 Container rgg88855bc2c8-node22-1 Creating 
 Container rgg88855bc2c8-node8-1 Creating 
 Container rgg88855bc2c8-node11-1 Creating 
 Container rgg88855bc2c8-node16-1 Creating 
 Container rgg88855bc2c8-node21-1 Creating 
 Container rgg88855bc2c8-node6-1 Creating 
 Container rgg88855bc2c8-node19-1 Creating 
 Container rgg88855bc2c8-node10-1 Creating 
 Container rgg88855bc2c8-node5-1 Creating 
 Container rgg88855bc2c8-node15-1 Creating 
 Container rgg88855bc2c8-node23-1 Creating 
 Container rgg88855bc2c8-node21-1 Created 
 Container rgg88855bc2c8-node8-1 Created 
 Container rgg88855bc2c8-node4-1 Created 
 Container rgg88855bc2c8-node13-1 Created 
 Container rgg88855bc2c8-node12-1 Created 
 Container rgg88855bc2c8-node23-1 Created 
 Container rgg88855bc2c8-node3-1 Created 
 Container rgg88855bc2c8-node9-1 Created 
 Container rgg88855bc2c8-node20-1 Created 
 Container rgg88855bc2c8-node5-1 Created 
 Container rgg88855bc2c8-node7-1 Created 
 Container rgg88855bc2c8-node17-1 Created 
 Container rgg88855bc2c8-node10-1 Created 
 Container rgg88855bc2c8-node1-1 Created 
 Container rgg88855bc2c8-node0-1 Created 
 Container rgg88855bc2c8-node18-1 Created 
 Container rgg88855bc2c8-node22-1 Created 
 Container rgg88855bc2c8-node2-1 Created 
 Container rgg88855bc2c8-node16-1 Created 
 Container rgg88855bc2c8-node15-1 Created 
 Container rgg88855bc2c8-node6-1 Created 
 Container rgg88855bc2c8-node19-1 Created 
 Container rgg88855bc2c8-node14-1 Created 
 Container rgg88855bc2c8-node11-1 Created 
 Container rgg88855bc2c8-collector-1 Starting 
 Container rgg88855bc2c8-collector-1 Started 
 Container rgg88855bc2c8-node14-1 Starting 
 Container rgg88855bc2c8-node7-1 Starting 
 Container rgg88855bc2c8-node11-1 Starting 
 Container rgg88855bc2c8-node21-1 Starting 
 Container rgg88855bc2c8-node9-1 Starting 
 Container rgg88855bc2c8-node18-1 Starting 
 Container rgg88855bc2c8-node4-1 Starting 
 Container rgg88855bc2c8-node6-1 Starting 
 Container rgg88855bc2c8-node17-1 Starting 
 Container rgg88855bc2c8-node20-1 Starting 
 Container rgg88855bc2c8-node16-1 Starting 
 Container rgg88855bc2c8-node8-1 Starting 
 Container rgg88855bc2c8-node23-1 Starting 
 Container rgg88855bc2c8-node0-1 Starting 
 Container rgg88855bc2c8-node5-1 Starting 
 Container rgg88855bc2c8-node10-1 Starting 
 Container rgg88855bc2c8-node12-1 Starting 
 Container rgg88855bc2c8-node13-1 Starting 
 Container rgg88855bc2c8-node1-1 Starting 
 Container rgg88855bc2c8-node2-1 Starting 
 Container rgg88855bc2c8-node22-1 Starting 
 Container rgg88855bc2c8-node19-1 Starting 
 Container rgg88855bc2c8-node15-1 Starting 
 Container rgg88855bc2c8-node3-1 Starting 
 Container rgg88855bc2c8-node13-1 Started 
 Container rgg88855bc2c8-node11-1 Started 
 Container rgg88855bc2c8-node14-1 Started 
 Container rgg88855bc2c8-node16-1 Started 
 Container rgg88855bc2c8-node9-1 Started 
 Container rgg88855bc2c8-node0-1 Started 
 Container rgg88855bc2c8-node22-1 Started 
 Container rgg88855bc2c8-node21-1 Started 
 Container rgg88855bc2c8-node2-1 Started 
 Container rgg88855bc2c8-node15-1 Started 
 Container rgg88855bc2c8-node10-1 Started 
 Container rgg88855bc2c8-node19-1 Started 
 Container rgg88855bc2c8-node6-1 Started 
 Container rgg88855bc2c8-node8-1 Started 
 Container rgg88855bc2c8-node18-1 Started 
 Container rgg88855bc2c8-node12-1 Started 
 Container rgg88855bc2c8-node7-1 Started 
 Container rgg88855bc2c8-node20-1 Started 
 Container rgg88855bc2c8-node3-1 Started 
 Container rgg88855bc2c8-node17-1 Started 
 Container rgg88855bc2c8-node1-1 Started 
 Container rgg88855bc2c8-node23-1 Started 
 Container rgg88855bc2c8-node4-1 Started 
 Container rgg88855bc2c8-node5-1 Started 
NETEM_APPLIED node0 iface=eth0: qdisc netem 8551: root refcnt 17 limit 1000 delay 20ms  5ms seed 17222997030422610207
NETEM_APPLIED node1 iface=eth0: qdisc netem 8552: root refcnt 17 limit 1000 delay 20ms  5ms seed 8499136760810743240
NETEM_APPLIED node2 iface=eth0: qdisc netem 8553: root refcnt 17 limit 1000 delay 20ms  5ms seed 5829416853181488787
NETEM_APPLIED node3 iface=eth0: qdisc netem 8554: root refcnt 17 limit 1000 delay 20ms  5ms seed 15919517091782480269
NETEM_APPLIED node4 iface=eth0: qdisc netem 8555: root refcnt 17 limit 1000 delay 20ms  5ms seed 14256870803139916169
NETEM_APPLIED node5 iface=eth0: qdisc netem 8556: root refcnt 17 limit 1000 delay 20ms  5ms seed 10242511147818755336
NETEM_APPLIED node6 iface=eth0: qdisc netem 8557: root refcnt 17 limit 1000 delay 20ms  5ms seed 10024518896278297698
NETEM_APPLIED node7 iface=eth0: qdisc netem 8558: root refcnt 17 limit 1000 delay 20ms  5ms seed 16905662853380479676
NETEM_APPLIED node8 iface=eth0: qdisc netem 8559: root refcnt 17 limit 1000 delay 20ms  5ms seed 2903291344207182968
NETEM_APPLIED node9 iface=eth0: qdisc netem 855a: root refcnt 17 limit 1000 delay 20ms  5ms seed 5743741989844109321
NETEM_APPLIED node10 iface=eth0: qdisc netem 855b: root refcnt 17 limit 1000 delay 20ms  5ms seed 16227823741598135852
NETEM_APPLIED node11 iface=eth0: qdisc netem 855c: root refcnt 17 limit 1000 delay 20ms  5ms seed 2637582181300628510
NETEM_APPLIED node12 iface=eth0: qdisc netem 855d: root refcnt 17 limit 1000 delay 20ms  5ms seed 14712905352078368401
NETEM_APPLIED node13 iface=eth0: qdisc netem 855e: root refcnt 17 limit 1000 delay 20ms  5ms seed 17681312104465461388
NETEM_APPLIED node14 iface=eth0: qdisc netem 855f: root refcnt 17 limit 1000 delay 20ms  5ms seed 14160479959161595705
NETEM_APPLIED node15 iface=eth0: qdisc netem 8560: root refcnt 17 limit 1000 delay 20ms  5ms seed 7440590790838246179
NETEM_APPLIED node16 iface=eth0: qdisc netem 8561: root refcnt 17 limit 1000 delay 20ms  5ms seed 14164923958385275096
NETEM_APPLIED node17 iface=eth0: qdisc netem 8562: root refcnt 17 limit 1000 delay 20ms  5ms seed 673892269144136610
NETEM_APPLIED node18 iface=eth0: qdisc netem 8563: root refcnt 17 limit 1000 delay 20ms  5ms seed 14100420176403378434
NETEM_APPLIED node19 iface=eth0: qdisc netem 8564: root refcnt 17 limit 1000 delay 20ms  5ms seed 9333117166778548601
NETEM_APPLIED node20 iface=eth0: qdisc netem 8565: root refcnt 17 limit 1000 delay 20ms  5ms seed 988675406077202049
NETEM_APPLIED node21 iface=eth0: qdisc netem 8566: root refcnt 17 limit 1000 delay 20ms  5ms seed 14125730725719074109
NETEM_APPLIED node22 iface=eth0: qdisc netem 8567: root refcnt 17 limit 1000 delay 20ms  5ms seed 8980698276520118431
NETEM_APPLIED node23 iface=eth0: qdisc netem 8568: root refcnt 17 limit 1000 delay 20ms  5ms seed 12896957516221640450
NETEM_RTT_GATE OK: baseline=0.1ms actual=40.3ms increase=40.2ms
DRIVER_STARTED: 2026-07-15T06:22:42Z
0
QDSK_CLEANUP_FAIL node0: Command '['docker', 'exec', 'rgg88855bc2c8-node0-1', 'sh', '-c', "ip -o -4 addr show scope global 2>/dev/null | head -1 | awk '{print $2}'"]' returned non-zero exit status 1.
QDSK_CLEANUP_FAIL node1: Command '['docker', 'exec', 'rgg88855bc2c8-node1-1', 'sh', '-c', "ip -o -4 addr show scope global 2>/dev/null | head -1 | awk '{print $2}'"]' returned non-zero exit status 1.
QDSK_CLEANUP_FAIL node2: Command '['docker', 'exec', 'rgg88855bc2c8-node2-1', 'sh', '-c', "ip -o -4 addr show scope global 2>/dev/null | head -1 | awk '{print $2}'"]' returned non-zero exit status 1.
QDSK_CLEANUP_FAIL node3: Command '['docker', 'exec', 'rgg88855bc2c8-node3-1', 'sh', '-c', "ip -o -4 addr show scope global 2>/dev/null | head -1 | awk '{print $2}'"]' returned non-zero exit status 1.
QDSK_CLEANUP_FAIL node4: Command '['docker', 'exec', 'rgg88855bc2c8-node4-1', 'sh', '-c', "ip -o -4 addr show scope global 2>/dev/null | head -1 | awk '{print $2}'"]' returned non-zero exit status 1.
QDSK_CLEANUP_FAIL node5: Command '['docker', 'exec', 'rgg88855bc2c8-node5-1', 'sh', '-c', "ip -o -4 addr show scope global 2>/dev/null | head -1 | awk '{print $2}'"]' returned non-zero exit status 1.
QDSK_CLEANUP_FAIL node6: Command '['docker', 'exec', 'rgg88855bc2c8-node6-1', 'sh', '-c', "ip -o -4 addr show scope global 2>/dev/null | head -1 | awk '{print $2}'"]' returned non-zero exit status 1.
QDSK_CLEANUP_FAIL node7: Command '['docker', 'exec', 'rgg88855bc2c8-node7-1', 'sh', '-c', "ip -o -4 addr show scope global 2>/dev/null | head -1 | awk '{print $2}'"]' returned non-zero exit status 1.
QDSK_CLEANUP_FAIL node8: Command '['docker', 'exec', 'rgg88855bc2c8-node8-1', 'sh', '-c', "ip -o -4 addr show scope global 2>/dev/null | head -1 | awk '{print $2}'"]' returned non-zero exit status 1.
QDSK_CLEANUP_FAIL node9: Command '['docker', 'exec', 'rgg88855bc2c8-node9-1', 'sh', '-c', "ip -o -4 addr show scope global 2>/dev/null | head -1 | awk '{print $2}'"]' returned non-zero exit status 1.
QDSK_CLEANUP_FAIL node10: Command '['docker', 'exec', 'rgg88855bc2c8-node10-1', 'sh', '-c', "ip -o -4 addr show scope global 2>/dev/null | head -1 | awk '{print $2}'"]' returned non-zero exit status 1.
QDSK_CLEANUP_FAIL node11: Command '['docker', 'exec', 'rgg88855bc2c8-node11-1', 'sh', '-c', "ip -o -4 addr show scope global 2>/dev/null | head -1 | awk '{print $2}'"]' returned non-zero exit status 1.
QDSK_CLEANUP_FAIL node12: Command '['docker', 'exec', 'rgg88855bc2c8-node12-1', 'sh', '-c', "ip -o -4 addr show scope global 2>/dev/null | head -1 | awk '{print $2}'"]' returned non-zero exit status 1.
QDSK_CLEANUP_FAIL node13: Command '['docker', 'exec', 'rgg88855bc2c8-node13-1', 'sh', '-c', "ip -o -4 addr show scope global 2>/dev/null | head -1 | awk '{print $2}'"]' returned non-zero exit status 1.
QDSK_CLEANUP_FAIL node14: Command '['docker', 'exec', 'rgg88855bc2c8-node14-1', 'sh', '-c', "ip -o -4 addr show scope global 2>/dev/null | head -1 | awk '{print $2}'"]' returned non-zero exit status 1.
QDSK_CLEANUP_FAIL node15: Command '['docker', 'exec', 'rgg88855bc2c8-node15-1', 'sh', '-c', "ip -o -4 addr show scope global 2>/dev/null | head -1 | awk '{print $2}'"]' returned non-zero exit status 1.
QDSK_CLEANUP_FAIL node16: Command '['docker', 'exec', 'rgg88855bc2c8-node16-1', 'sh', '-c', "ip -o -4 addr show scope global 2>/dev/null | head -1 | awk '{print $2}'"]' returned non-zero exit status 1.
QDSK_CLEANUP_FAIL node17: Command '['docker', 'exec', 'rgg88855bc2c8-node17-1', 'sh', '-c', "ip -o -4 addr show scope global 2>/dev/null | head -1 | awk '{print $2}'"]' returned non-zero exit status 1.
QDSK_CLEANUP_FAIL node18: Command '['docker', 'exec', 'rgg88855bc2c8-node18-1', 'sh', '-c', "ip -o -4 addr show scope global 2>/dev/null | head -1 | awk '{print $2}'"]' returned non-zero exit status 1.
QDSK_CLEANUP_FAIL node19: Command '['docker', 'exec', 'rgg88855bc2c8-node19-1', 'sh', '-c', "ip -o -4 addr show scope global 2>/dev/null | head -1 | awk '{print $2}'"]' returned non-zero exit status 1.
QDSK_CLEANUP_FAIL node20: Command '['docker', 'exec', 'rgg88855bc2c8-node20-1', 'sh', '-c', "ip -o -4 addr show scope global 2>/dev/null | head -1 | awk '{print $2}'"]' returned non-zero exit status 1.
QDSK_CLEANUP_FAIL node21: Command '['docker', 'exec', 'rgg88855bc2c8-node21-1', 'sh', '-c', "ip -o -4 addr show scope global 2>/dev/null | head -1 | awk '{print $2}'"]' returned non-zero exit status 1.
QDSK_CLEANUP_FAIL node22: Command '['docker', 'exec', 'rgg88855bc2c8-node22-1', 'sh', '-c', "ip -o -4 addr show scope global 2>/dev/null | head -1 | awk '{print $2}'"]' returned non-zero exit status 1.
QDSK_CLEANUP_FAIL node23: Command '['docker', 'exec', 'rgg88855bc2c8-node23-1', 'sh', '-c', "ip -o -4 addr show scope global 2>/dev/null | head -1 | awk '{print $2}'"]' returned non-zero exit status 1.
