 Network rgg44a0d1d733_default Creating 
 Network rgg44a0d1d733_default Created 
 Container rgg44a0d1d733-collector-1 Creating 
 Container rgg44a0d1d733-collector-1 Created 
 Container rgg44a0d1d733-node3-1 Creating 
 Container rgg44a0d1d733-node0-1 Creating 
 Container rgg44a0d1d733-node13-1 Creating 
 Container rgg44a0d1d733-node8-1 Creating 
 Container rgg44a0d1d733-node6-1 Creating 
 Container rgg44a0d1d733-node22-1 Creating 
 Container rgg44a0d1d733-node7-1 Creating 
 Container rgg44a0d1d733-node5-1 Creating 
 Container rgg44a0d1d733-node15-1 Creating 
 Container rgg44a0d1d733-node17-1 Creating 
 Container rgg44a0d1d733-node18-1 Creating 
 Container rgg44a0d1d733-node23-1 Creating 
 Container rgg44a0d1d733-node21-1 Creating 
 Container rgg44a0d1d733-node10-1 Creating 
 Container rgg44a0d1d733-node4-1 Creating 
 Container rgg44a0d1d733-node1-1 Creating 
 Container rgg44a0d1d733-node9-1 Creating 
 Container rgg44a0d1d733-node11-1 Creating 
 Container rgg44a0d1d733-node16-1 Creating 
 Container rgg44a0d1d733-node14-1 Creating 
 Container rgg44a0d1d733-node19-1 Creating 
 Container rgg44a0d1d733-node20-1 Creating 
 Container rgg44a0d1d733-node12-1 Creating 
 Container rgg44a0d1d733-node2-1 Creating 
 Container rgg44a0d1d733-node10-1 Created 
 Container rgg44a0d1d733-node4-1 Created 
 Container rgg44a0d1d733-node16-1 Created 
 Container rgg44a0d1d733-node3-1 Created 
 Container rgg44a0d1d733-node7-1 Created 
 Container rgg44a0d1d733-node2-1 Created 
 Container rgg44a0d1d733-node12-1 Created 
 Container rgg44a0d1d733-node22-1 Created 
 Container rgg44a0d1d733-node19-1 Created 
 Container rgg44a0d1d733-node21-1 Created 
 Container rgg44a0d1d733-node20-1 Created 
 Container rgg44a0d1d733-node8-1 Created 
 Container rgg44a0d1d733-node17-1 Created 
 Container rgg44a0d1d733-node18-1 Created 
 Container rgg44a0d1d733-node14-1 Created 
 Container rgg44a0d1d733-node5-1 Created 
 Container rgg44a0d1d733-node6-1 Created 
 Container rgg44a0d1d733-node11-1 Created 
 Container rgg44a0d1d733-node0-1 Created 
 Container rgg44a0d1d733-node9-1 Created 
 Container rgg44a0d1d733-node1-1 Created 
 Container rgg44a0d1d733-node23-1 Created 
 Container rgg44a0d1d733-node15-1 Created 
 Container rgg44a0d1d733-node13-1 Created 
 Container rgg44a0d1d733-collector-1 Starting 
 Container rgg44a0d1d733-collector-1 Started 
 Container rgg44a0d1d733-node20-1 Starting 
 Container rgg44a0d1d733-node10-1 Starting 
 Container rgg44a0d1d733-node2-1 Starting 
 Container rgg44a0d1d733-node0-1 Starting 
 Container rgg44a0d1d733-node18-1 Starting 
 Container rgg44a0d1d733-node11-1 Starting 
 Container rgg44a0d1d733-node15-1 Starting 
 Container rgg44a0d1d733-node19-1 Starting 
 Container rgg44a0d1d733-node4-1 Starting 
 Container rgg44a0d1d733-node9-1 Starting 
 Container rgg44a0d1d733-node17-1 Starting 
 Container rgg44a0d1d733-node23-1 Starting 
 Container rgg44a0d1d733-node21-1 Starting 
 Container rgg44a0d1d733-node12-1 Starting 
 Container rgg44a0d1d733-node22-1 Starting 
 Container rgg44a0d1d733-node8-1 Starting 
 Container rgg44a0d1d733-node14-1 Starting 
 Container rgg44a0d1d733-node6-1 Starting 
 Container rgg44a0d1d733-node5-1 Starting 
 Container rgg44a0d1d733-node7-1 Starting 
 Container rgg44a0d1d733-node3-1 Starting 
 Container rgg44a0d1d733-node13-1 Starting 
 Container rgg44a0d1d733-node1-1 Starting 
 Container rgg44a0d1d733-node16-1 Starting 
 Container rgg44a0d1d733-node17-1 Started 
 Container rgg44a0d1d733-node11-1 Started 
 Container rgg44a0d1d733-node10-1 Started 
 Container rgg44a0d1d733-node21-1 Started 
 Container rgg44a0d1d733-node6-1 Started 
 Container rgg44a0d1d733-node4-1 Started 
 Container rgg44a0d1d733-node0-1 Started 
 Container rgg44a0d1d733-node2-1 Started 
 Container rgg44a0d1d733-node1-1 Started 
 Container rgg44a0d1d733-node16-1 Started 
 Container rgg44a0d1d733-node14-1 Started 
 Container rgg44a0d1d733-node20-1 Started 
 Container rgg44a0d1d733-node5-1 Started 
 Container rgg44a0d1d733-node7-1 Started 
 Container rgg44a0d1d733-node9-1 Started 
 Container rgg44a0d1d733-node18-1 Started 
 Container rgg44a0d1d733-node15-1 Started 
 Container rgg44a0d1d733-node12-1 Started 
 Container rgg44a0d1d733-node23-1 Started 
 Container rgg44a0d1d733-node19-1 Started 
 Container rgg44a0d1d733-node8-1 Started 
 Container rgg44a0d1d733-node3-1 Started 
 Container rgg44a0d1d733-node13-1 Started 
 Container rgg44a0d1d733-node22-1 Started 
NETEM_APPLIED node0 iface=eth0: qdisc netem 8479: root refcnt 17 limit 1000 delay 20ms  5ms seed 12615656685064028989
NETEM_APPLIED node1 iface=eth0: qdisc netem 847a: root refcnt 17 limit 1000 delay 20ms  5ms seed 9056223313574436974
NETEM_APPLIED node2 iface=eth0: qdisc netem 847b: root refcnt 17 limit 1000 delay 20ms  5ms seed 17674755810647683098
NETEM_APPLIED node3 iface=eth0: qdisc netem 847c: root refcnt 17 limit 1000 delay 20ms  5ms seed 13641003552345843479
NETEM_APPLIED node4 iface=eth0: qdisc netem 847d: root refcnt 17 limit 1000 delay 20ms  5ms seed 3540660542349428525
NETEM_APPLIED node5 iface=eth0: qdisc netem 847e: root refcnt 17 limit 1000 delay 20ms  5ms seed 1840546683315546865
NETEM_APPLIED node6 iface=eth0: qdisc netem 847f: root refcnt 17 limit 1000 delay 20ms  5ms seed 2739864098454472473
NETEM_APPLIED node7 iface=eth0: qdisc netem 8480: root refcnt 17 limit 1000 delay 20ms  5ms seed 16787317705630130097
NETEM_APPLIED node8 iface=eth0: qdisc netem 8481: root refcnt 17 limit 1000 delay 20ms  5ms seed 7106289916824711258
NETEM_APPLIED node9 iface=eth0: qdisc netem 8482: root refcnt 17 limit 1000 delay 20ms  5ms seed 10337685514322814980
NETEM_APPLIED node10 iface=eth0: qdisc netem 8483: root refcnt 17 limit 1000 delay 20ms  5ms seed 13016076016255721894
NETEM_APPLIED node11 iface=eth0: qdisc netem 8484: root refcnt 17 limit 1000 delay 20ms  5ms seed 10991294360906920231
NETEM_APPLIED node12 iface=eth0: qdisc netem 8485: root refcnt 17 limit 1000 delay 20ms  5ms seed 6563060344205007625
NETEM_APPLIED node13 iface=eth0: qdisc netem 8486: root refcnt 17 limit 1000 delay 20ms  5ms seed 16120494577470098784
NETEM_APPLIED node14 iface=eth0: qdisc netem 8487: root refcnt 17 limit 1000 delay 20ms  5ms seed 10654708312132046578
NETEM_APPLIED node15 iface=eth0: qdisc netem 8488: root refcnt 17 limit 1000 delay 20ms  5ms seed 18421617569669041256
NETEM_APPLIED node16 iface=eth0: qdisc netem 8489: root refcnt 17 limit 1000 delay 20ms  5ms seed 6463084297451730570
NETEM_APPLIED node17 iface=eth0: qdisc netem 848a: root refcnt 17 limit 1000 delay 20ms  5ms seed 8977388321638676072
NETEM_APPLIED node18 iface=eth0: qdisc netem 848b: root refcnt 17 limit 1000 delay 20ms  5ms seed 6945054682240109187
NETEM_APPLIED node19 iface=eth0: qdisc netem 848c: root refcnt 17 limit 1000 delay 20ms  5ms seed 17902069530046559649
NETEM_APPLIED node20 iface=eth0: qdisc netem 848d: root refcnt 17 limit 1000 delay 20ms  5ms seed 7548666229069382728
NETEM_APPLIED node21 iface=eth0: qdisc netem 848e: root refcnt 17 limit 1000 delay 20ms  5ms seed 17127808106433999531
NETEM_APPLIED node22 iface=eth0: qdisc netem 848f: root refcnt 17 limit 1000 delay 20ms  5ms seed 4540022525583365243
NETEM_APPLIED node23 iface=eth0: qdisc netem 8490: root refcnt 17 limit 1000 delay 20ms  5ms seed 11727772330781739262
NETEM_RTT_GATE OK: baseline=0.1ms actual=40.5ms increase=40.4ms
DRIVER_STARTED: 2026-07-15T06:10:43Z
0
QDSK_CLEANUP_FAIL node0: Command '['docker', 'exec', 'rgg44a0d1d733-node0-1', 'sh', '-c', "ip -o -4 addr show scope global 2>/dev/null | head -1 | awk '{print $2}'"]' returned non-zero exit status 1.
QDSK_CLEANUP_FAIL node1: Command '['docker', 'exec', 'rgg44a0d1d733-node1-1', 'sh', '-c', "ip -o -4 addr show scope global 2>/dev/null | head -1 | awk '{print $2}'"]' returned non-zero exit status 1.
QDSK_CLEANUP_FAIL node2: Command '['docker', 'exec', 'rgg44a0d1d733-node2-1', 'sh', '-c', "ip -o -4 addr show scope global 2>/dev/null | head -1 | awk '{print $2}'"]' returned non-zero exit status 1.
QDSK_CLEANUP_FAIL node3: Command '['docker', 'exec', 'rgg44a0d1d733-node3-1', 'sh', '-c', "ip -o -4 addr show scope global 2>/dev/null | head -1 | awk '{print $2}'"]' returned non-zero exit status 1.
QDSK_CLEANUP_FAIL node4: Command '['docker', 'exec', 'rgg44a0d1d733-node4-1', 'sh', '-c', "ip -o -4 addr show scope global 2>/dev/null | head -1 | awk '{print $2}'"]' returned non-zero exit status 1.
QDSK_CLEANUP_FAIL node5: Command '['docker', 'exec', 'rgg44a0d1d733-node5-1', 'sh', '-c', "ip -o -4 addr show scope global 2>/dev/null | head -1 | awk '{print $2}'"]' returned non-zero exit status 1.
QDSK_CLEANUP_FAIL node6: Command '['docker', 'exec', 'rgg44a0d1d733-node6-1', 'sh', '-c', "ip -o -4 addr show scope global 2>/dev/null | head -1 | awk '{print $2}'"]' returned non-zero exit status 1.
QDSK_CLEANUP_FAIL node7: Command '['docker', 'exec', 'rgg44a0d1d733-node7-1', 'sh', '-c', "ip -o -4 addr show scope global 2>/dev/null | head -1 | awk '{print $2}'"]' returned non-zero exit status 1.
QDSK_CLEANUP_FAIL node8: Command '['docker', 'exec', 'rgg44a0d1d733-node8-1', 'sh', '-c', "ip -o -4 addr show scope global 2>/dev/null | head -1 | awk '{print $2}'"]' returned non-zero exit status 1.
QDSK_CLEANUP_FAIL node9: Command '['docker', 'exec', 'rgg44a0d1d733-node9-1', 'sh', '-c', "ip -o -4 addr show scope global 2>/dev/null | head -1 | awk '{print $2}'"]' returned non-zero exit status 1.
QDSK_CLEANUP_FAIL node10: Command '['docker', 'exec', 'rgg44a0d1d733-node10-1', 'sh', '-c', "ip -o -4 addr show scope global 2>/dev/null | head -1 | awk '{print $2}'"]' returned non-zero exit status 1.
QDSK_CLEANUP_FAIL node11: Command '['docker', 'exec', 'rgg44a0d1d733-node11-1', 'sh', '-c', "ip -o -4 addr show scope global 2>/dev/null | head -1 | awk '{print $2}'"]' returned non-zero exit status 1.
QDSK_CLEANUP_FAIL node12: Command '['docker', 'exec', 'rgg44a0d1d733-node12-1', 'sh', '-c', "ip -o -4 addr show scope global 2>/dev/null | head -1 | awk '{print $2}'"]' returned non-zero exit status 1.
QDSK_CLEANUP_FAIL node13: Command '['docker', 'exec', 'rgg44a0d1d733-node13-1', 'sh', '-c', "ip -o -4 addr show scope global 2>/dev/null | head -1 | awk '{print $2}'"]' returned non-zero exit status 1.
QDSK_CLEANUP_FAIL node14: Command '['docker', 'exec', 'rgg44a0d1d733-node14-1', 'sh', '-c', "ip -o -4 addr show scope global 2>/dev/null | head -1 | awk '{print $2}'"]' returned non-zero exit status 1.
QDSK_CLEANUP_FAIL node15: Command '['docker', 'exec', 'rgg44a0d1d733-node15-1', 'sh', '-c', "ip -o -4 addr show scope global 2>/dev/null | head -1 | awk '{print $2}'"]' returned non-zero exit status 1.
QDSK_CLEANUP_FAIL node16: Command '['docker', 'exec', 'rgg44a0d1d733-node16-1', 'sh', '-c', "ip -o -4 addr show scope global 2>/dev/null | head -1 | awk '{print $2}'"]' returned non-zero exit status 1.
QDSK_CLEANUP_FAIL node17: Command '['docker', 'exec', 'rgg44a0d1d733-node17-1', 'sh', '-c', "ip -o -4 addr show scope global 2>/dev/null | head -1 | awk '{print $2}'"]' returned non-zero exit status 1.
QDSK_CLEANUP_FAIL node18: Command '['docker', 'exec', 'rgg44a0d1d733-node18-1', 'sh', '-c', "ip -o -4 addr show scope global 2>/dev/null | head -1 | awk '{print $2}'"]' returned non-zero exit status 1.
QDSK_CLEANUP_FAIL node19: Command '['docker', 'exec', 'rgg44a0d1d733-node19-1', 'sh', '-c', "ip -o -4 addr show scope global 2>/dev/null | head -1 | awk '{print $2}'"]' returned non-zero exit status 1.
QDSK_CLEANUP_FAIL node20: Command '['docker', 'exec', 'rgg44a0d1d733-node20-1', 'sh', '-c', "ip -o -4 addr show scope global 2>/dev/null | head -1 | awk '{print $2}'"]' returned non-zero exit status 1.
QDSK_CLEANUP_FAIL node21: Command '['docker', 'exec', 'rgg44a0d1d733-node21-1', 'sh', '-c', "ip -o -4 addr show scope global 2>/dev/null | head -1 | awk '{print $2}'"]' returned non-zero exit status 1.
QDSK_CLEANUP_FAIL node22: Command '['docker', 'exec', 'rgg44a0d1d733-node22-1', 'sh', '-c', "ip -o -4 addr show scope global 2>/dev/null | head -1 | awk '{print $2}'"]' returned non-zero exit status 1.
QDSK_CLEANUP_FAIL node23: Command '['docker', 'exec', 'rgg44a0d1d733-node23-1', 'sh', '-c', "ip -o -4 addr show scope global 2>/dev/null | head -1 | awk '{print $2}'"]' returned non-zero exit status 1.
