 Network rggdd65d2ce70_default Creating 
 Network rggdd65d2ce70_default Created 
 Container rggdd65d2ce70-collector-1 Creating 
 Container rggdd65d2ce70-collector-1 Created 
 Container rggdd65d2ce70-node4-1 Creating 
 Container rggdd65d2ce70-node10-1 Creating 
 Container rggdd65d2ce70-node18-1 Creating 
 Container rggdd65d2ce70-node20-1 Creating 
 Container rggdd65d2ce70-node23-1 Creating 
 Container rggdd65d2ce70-node11-1 Creating 
 Container rggdd65d2ce70-node12-1 Creating 
 Container rggdd65d2ce70-node14-1 Creating 
 Container rggdd65d2ce70-node15-1 Creating 
 Container rggdd65d2ce70-node17-1 Creating 
 Container rggdd65d2ce70-node19-1 Creating 
 Container rggdd65d2ce70-node6-1 Creating 
 Container rggdd65d2ce70-node1-1 Creating 
 Container rggdd65d2ce70-node5-1 Creating 
 Container rggdd65d2ce70-node16-1 Creating 
 Container rggdd65d2ce70-node22-1 Creating 
 Container rggdd65d2ce70-node3-1 Creating 
 Container rggdd65d2ce70-node2-1 Creating 
 Container rggdd65d2ce70-node8-1 Creating 
 Container rggdd65d2ce70-node7-1 Creating 
 Container rggdd65d2ce70-node0-1 Creating 
 Container rggdd65d2ce70-node9-1 Creating 
 Container rggdd65d2ce70-node21-1 Creating 
 Container rggdd65d2ce70-node13-1 Creating 
 Container rggdd65d2ce70-node15-1 Created 
 Container rggdd65d2ce70-node10-1 Created 
 Container rggdd65d2ce70-node7-1 Created 
 Container rggdd65d2ce70-node3-1 Created 
 Container rggdd65d2ce70-node17-1 Created 
 Container rggdd65d2ce70-node21-1 Created 
 Container rggdd65d2ce70-node20-1 Created 
 Container rggdd65d2ce70-node14-1 Created 
 Container rggdd65d2ce70-node1-1 Created 
 Container rggdd65d2ce70-node8-1 Created 
 Container rggdd65d2ce70-node11-1 Created 
 Container rggdd65d2ce70-node4-1 Created 
 Container rggdd65d2ce70-node6-1 Created 
 Container rggdd65d2ce70-node13-1 Created 
 Container rggdd65d2ce70-node18-1 Created 
 Container rggdd65d2ce70-node16-1 Created 
 Container rggdd65d2ce70-node12-1 Created 
 Container rggdd65d2ce70-node19-1 Created 
 Container rggdd65d2ce70-node23-1 Created 
 Container rggdd65d2ce70-node5-1 Created 
 Container rggdd65d2ce70-node0-1 Created 
 Container rggdd65d2ce70-node9-1 Created 
 Container rggdd65d2ce70-node2-1 Created 
 Container rggdd65d2ce70-node22-1 Created 
 Container rggdd65d2ce70-collector-1 Starting 
 Container rggdd65d2ce70-collector-1 Started 
 Container rggdd65d2ce70-node21-1 Starting 
 Container rggdd65d2ce70-node13-1 Starting 
 Container rggdd65d2ce70-node23-1 Starting 
 Container rggdd65d2ce70-node5-1 Starting 
 Container rggdd65d2ce70-node17-1 Starting 
 Container rggdd65d2ce70-node22-1 Starting 
 Container rggdd65d2ce70-node14-1 Starting 
 Container rggdd65d2ce70-node18-1 Starting 
 Container rggdd65d2ce70-node0-1 Starting 
 Container rggdd65d2ce70-node3-1 Starting 
 Container rggdd65d2ce70-node7-1 Starting 
 Container rggdd65d2ce70-node2-1 Starting 
 Container rggdd65d2ce70-node15-1 Starting 
 Container rggdd65d2ce70-node11-1 Starting 
 Container rggdd65d2ce70-node10-1 Starting 
 Container rggdd65d2ce70-node19-1 Starting 
 Container rggdd65d2ce70-node4-1 Starting 
 Container rggdd65d2ce70-node8-1 Starting 
 Container rggdd65d2ce70-node1-1 Starting 
 Container rggdd65d2ce70-node16-1 Starting 
 Container rggdd65d2ce70-node12-1 Starting 
 Container rggdd65d2ce70-node20-1 Starting 
 Container rggdd65d2ce70-node6-1 Starting 
 Container rggdd65d2ce70-node9-1 Starting 
 Container rggdd65d2ce70-node21-1 Started 
 Container rggdd65d2ce70-node13-1 Started 
 Container rggdd65d2ce70-node20-1 Started 
 Container rggdd65d2ce70-node23-1 Started 
 Container rggdd65d2ce70-node7-1 Started 
 Container rggdd65d2ce70-node9-1 Started 
 Container rggdd65d2ce70-node11-1 Started 
 Container rggdd65d2ce70-node22-1 Started 
 Container rggdd65d2ce70-node8-1 Started 
 Container rggdd65d2ce70-node0-1 Started 
 Container rggdd65d2ce70-node10-1 Started 
 Container rggdd65d2ce70-node5-1 Started 
 Container rggdd65d2ce70-node14-1 Started 
 Container rggdd65d2ce70-node1-1 Started 
 Container rggdd65d2ce70-node19-1 Started 
 Container rggdd65d2ce70-node17-1 Started 
 Container rggdd65d2ce70-node6-1 Started 
 Container rggdd65d2ce70-node12-1 Started 
 Container rggdd65d2ce70-node16-1 Started 
 Container rggdd65d2ce70-node4-1 Started 
 Container rggdd65d2ce70-node18-1 Started 
 Container rggdd65d2ce70-node15-1 Started 
 Container rggdd65d2ce70-node2-1 Started 
 Container rggdd65d2ce70-node3-1 Started 
NETEM_APPLIED node0 iface=eth0: qdisc netem 8509: root refcnt 17 limit 1000 delay 20ms  5ms seed 9229568012829585257
NETEM_APPLIED node1 iface=eth0: qdisc netem 850a: root refcnt 17 limit 1000 delay 20ms  5ms seed 12103979153926082242
NETEM_APPLIED node2 iface=eth0: qdisc netem 850b: root refcnt 17 limit 1000 delay 20ms  5ms seed 4726312398103353233
NETEM_APPLIED node3 iface=eth0: qdisc netem 850c: root refcnt 17 limit 1000 delay 20ms  5ms seed 7438925560810711316
NETEM_APPLIED node4 iface=eth0: qdisc netem 850d: root refcnt 17 limit 1000 delay 20ms  5ms seed 7759491384522548547
NETEM_APPLIED node5 iface=eth0: qdisc netem 850e: root refcnt 17 limit 1000 delay 20ms  5ms seed 8711097101526935314
NETEM_APPLIED node6 iface=eth0: qdisc netem 850f: root refcnt 17 limit 1000 delay 20ms  5ms seed 16220969487809171054
NETEM_APPLIED node7 iface=eth0: qdisc netem 8510: root refcnt 17 limit 1000 delay 20ms  5ms seed 9212247496208078961
NETEM_APPLIED node8 iface=eth0: qdisc netem 8511: root refcnt 17 limit 1000 delay 20ms  5ms seed 14894551327289316396
NETEM_APPLIED node9 iface=eth0: qdisc netem 8512: root refcnt 17 limit 1000 delay 20ms  5ms seed 17400038480045048382
NETEM_APPLIED node10 iface=eth0: qdisc netem 8513: root refcnt 17 limit 1000 delay 20ms  5ms seed 99246490043392158
NETEM_APPLIED node11 iface=eth0: qdisc netem 8514: root refcnt 17 limit 1000 delay 20ms  5ms seed 8604284566431844834
NETEM_APPLIED node12 iface=eth0: qdisc netem 8515: root refcnt 17 limit 1000 delay 20ms  5ms seed 4910833250376089097
NETEM_APPLIED node13 iface=eth0: qdisc netem 8516: root refcnt 17 limit 1000 delay 20ms  5ms seed 7425751926490628850
NETEM_APPLIED node14 iface=eth0: qdisc netem 8517: root refcnt 17 limit 1000 delay 20ms  5ms seed 9482790179669146989
NETEM_APPLIED node15 iface=eth0: qdisc netem 8518: root refcnt 17 limit 1000 delay 20ms  5ms seed 17574749462685536325
NETEM_APPLIED node16 iface=eth0: qdisc netem 8519: root refcnt 17 limit 1000 delay 20ms  5ms seed 141746650244574557
NETEM_APPLIED node17 iface=eth0: qdisc netem 851a: root refcnt 17 limit 1000 delay 20ms  5ms seed 5567131164872490721
NETEM_APPLIED node18 iface=eth0: qdisc netem 851b: root refcnt 17 limit 1000 delay 20ms  5ms seed 13938860375360572258
NETEM_APPLIED node19 iface=eth0: qdisc netem 851c: root refcnt 17 limit 1000 delay 20ms  5ms seed 9438831332652623221
NETEM_APPLIED node20 iface=eth0: qdisc netem 851d: root refcnt 17 limit 1000 delay 20ms  5ms seed 12892814066082950330
NETEM_APPLIED node21 iface=eth0: qdisc netem 851e: root refcnt 17 limit 1000 delay 20ms  5ms seed 18071381609355331402
NETEM_APPLIED node22 iface=eth0: qdisc netem 851f: root refcnt 17 limit 1000 delay 20ms  5ms seed 38134323991984474
NETEM_APPLIED node23 iface=eth0: qdisc netem 8520: root refcnt 17 limit 1000 delay 20ms  5ms seed 230140886164840096
NETEM_RTT_GATE OK: baseline=0.1ms actual=39.7ms increase=39.6ms
DRIVER_STARTED: 2026-07-15T06:18:43Z
0
QDSK_CLEANUP_FAIL node0: Command '['docker', 'exec', 'rggdd65d2ce70-node0-1', 'sh', '-c', "ip -o -4 addr show scope global 2>/dev/null | head -1 | awk '{print $2}'"]' returned non-zero exit status 1.
QDSK_CLEANUP_FAIL node1: Command '['docker', 'exec', 'rggdd65d2ce70-node1-1', 'sh', '-c', "ip -o -4 addr show scope global 2>/dev/null | head -1 | awk '{print $2}'"]' returned non-zero exit status 1.
QDSK_CLEANUP_FAIL node2: Command '['docker', 'exec', 'rggdd65d2ce70-node2-1', 'sh', '-c', "ip -o -4 addr show scope global 2>/dev/null | head -1 | awk '{print $2}'"]' returned non-zero exit status 1.
QDSK_CLEANUP_FAIL node3: Command '['docker', 'exec', 'rggdd65d2ce70-node3-1', 'sh', '-c', "ip -o -4 addr show scope global 2>/dev/null | head -1 | awk '{print $2}'"]' returned non-zero exit status 1.
QDSK_CLEANUP_FAIL node4: Command '['docker', 'exec', 'rggdd65d2ce70-node4-1', 'sh', '-c', "ip -o -4 addr show scope global 2>/dev/null | head -1 | awk '{print $2}'"]' returned non-zero exit status 1.
QDSK_CLEANUP_FAIL node5: Command '['docker', 'exec', 'rggdd65d2ce70-node5-1', 'sh', '-c', "ip -o -4 addr show scope global 2>/dev/null | head -1 | awk '{print $2}'"]' returned non-zero exit status 1.
QDSK_CLEANUP_FAIL node6: Command '['docker', 'exec', 'rggdd65d2ce70-node6-1', 'sh', '-c', "ip -o -4 addr show scope global 2>/dev/null | head -1 | awk '{print $2}'"]' returned non-zero exit status 1.
QDSK_CLEANUP_FAIL node7: Command '['docker', 'exec', 'rggdd65d2ce70-node7-1', 'sh', '-c', "ip -o -4 addr show scope global 2>/dev/null | head -1 | awk '{print $2}'"]' returned non-zero exit status 1.
QDSK_CLEANUP_FAIL node8: Command '['docker', 'exec', 'rggdd65d2ce70-node8-1', 'sh', '-c', "ip -o -4 addr show scope global 2>/dev/null | head -1 | awk '{print $2}'"]' returned non-zero exit status 1.
QDSK_CLEANUP_FAIL node9: Command '['docker', 'exec', 'rggdd65d2ce70-node9-1', 'sh', '-c', "ip -o -4 addr show scope global 2>/dev/null | head -1 | awk '{print $2}'"]' returned non-zero exit status 1.
QDSK_CLEANUP_FAIL node10: Command '['docker', 'exec', 'rggdd65d2ce70-node10-1', 'sh', '-c', "ip -o -4 addr show scope global 2>/dev/null | head -1 | awk '{print $2}'"]' returned non-zero exit status 1.
QDSK_CLEANUP_FAIL node11: Command '['docker', 'exec', 'rggdd65d2ce70-node11-1', 'sh', '-c', "ip -o -4 addr show scope global 2>/dev/null | head -1 | awk '{print $2}'"]' returned non-zero exit status 1.
QDSK_CLEANUP_FAIL node12: Command '['docker', 'exec', 'rggdd65d2ce70-node12-1', 'sh', '-c', "ip -o -4 addr show scope global 2>/dev/null | head -1 | awk '{print $2}'"]' returned non-zero exit status 1.
QDSK_CLEANUP_FAIL node13: Command '['docker', 'exec', 'rggdd65d2ce70-node13-1', 'sh', '-c', "ip -o -4 addr show scope global 2>/dev/null | head -1 | awk '{print $2}'"]' returned non-zero exit status 1.
QDSK_CLEANUP_FAIL node14: Command '['docker', 'exec', 'rggdd65d2ce70-node14-1', 'sh', '-c', "ip -o -4 addr show scope global 2>/dev/null | head -1 | awk '{print $2}'"]' returned non-zero exit status 1.
QDSK_CLEANUP_FAIL node15: Command '['docker', 'exec', 'rggdd65d2ce70-node15-1', 'sh', '-c', "ip -o -4 addr show scope global 2>/dev/null | head -1 | awk '{print $2}'"]' returned non-zero exit status 1.
QDSK_CLEANUP_FAIL node16: Command '['docker', 'exec', 'rggdd65d2ce70-node16-1', 'sh', '-c', "ip -o -4 addr show scope global 2>/dev/null | head -1 | awk '{print $2}'"]' returned non-zero exit status 1.
QDSK_CLEANUP_FAIL node17: Command '['docker', 'exec', 'rggdd65d2ce70-node17-1', 'sh', '-c', "ip -o -4 addr show scope global 2>/dev/null | head -1 | awk '{print $2}'"]' returned non-zero exit status 1.
QDSK_CLEANUP_FAIL node18: Command '['docker', 'exec', 'rggdd65d2ce70-node18-1', 'sh', '-c', "ip -o -4 addr show scope global 2>/dev/null | head -1 | awk '{print $2}'"]' returned non-zero exit status 1.
QDSK_CLEANUP_FAIL node19: Command '['docker', 'exec', 'rggdd65d2ce70-node19-1', 'sh', '-c', "ip -o -4 addr show scope global 2>/dev/null | head -1 | awk '{print $2}'"]' returned non-zero exit status 1.
QDSK_CLEANUP_FAIL node20: Command '['docker', 'exec', 'rggdd65d2ce70-node20-1', 'sh', '-c', "ip -o -4 addr show scope global 2>/dev/null | head -1 | awk '{print $2}'"]' returned non-zero exit status 1.
QDSK_CLEANUP_FAIL node21: Command '['docker', 'exec', 'rggdd65d2ce70-node21-1', 'sh', '-c', "ip -o -4 addr show scope global 2>/dev/null | head -1 | awk '{print $2}'"]' returned non-zero exit status 1.
QDSK_CLEANUP_FAIL node22: Command '['docker', 'exec', 'rggdd65d2ce70-node22-1', 'sh', '-c', "ip -o -4 addr show scope global 2>/dev/null | head -1 | awk '{print $2}'"]' returned non-zero exit status 1.
QDSK_CLEANUP_FAIL node23: Command '['docker', 'exec', 'rggdd65d2ce70-node23-1', 'sh', '-c', "ip -o -4 addr show scope global 2>/dev/null | head -1 | awk '{print $2}'"]' returned non-zero exit status 1.
