 Network rgg0dd6995adc_default Creating 
 Network rgg0dd6995adc_default Created 
 Container rgg0dd6995adc-collector-1 Creating 
 Container rgg0dd6995adc-collector-1 Created 
 Container rgg0dd6995adc-node6-1 Creating 
 Container rgg0dd6995adc-node2-1 Creating 
 Container rgg0dd6995adc-node23-1 Creating 
 Container rgg0dd6995adc-node1-1 Creating 
 Container rgg0dd6995adc-node10-1 Creating 
 Container rgg0dd6995adc-node5-1 Creating 
 Container rgg0dd6995adc-node8-1 Creating 
 Container rgg0dd6995adc-node21-1 Creating 
 Container rgg0dd6995adc-node12-1 Creating 
 Container rgg0dd6995adc-node19-1 Creating 
 Container rgg0dd6995adc-node14-1 Creating 
 Container rgg0dd6995adc-node18-1 Creating 
 Container rgg0dd6995adc-node17-1 Creating 
 Container rgg0dd6995adc-node13-1 Creating 
 Container rgg0dd6995adc-node7-1 Creating 
 Container rgg0dd6995adc-node11-1 Creating 
 Container rgg0dd6995adc-node22-1 Creating 
 Container rgg0dd6995adc-node3-1 Creating 
 Container rgg0dd6995adc-node15-1 Creating 
 Container rgg0dd6995adc-node4-1 Creating 
 Container rgg0dd6995adc-node20-1 Creating 
 Container rgg0dd6995adc-node16-1 Creating 
 Container rgg0dd6995adc-node0-1 Creating 
 Container rgg0dd6995adc-node9-1 Creating 
 Container rgg0dd6995adc-node7-1 Created 
 Container rgg0dd6995adc-node18-1 Created 
 Container rgg0dd6995adc-node23-1 Created 
 Container rgg0dd6995adc-node21-1 Created 
 Container rgg0dd6995adc-node9-1 Created 
 Container rgg0dd6995adc-node15-1 Created 
 Container rgg0dd6995adc-node6-1 Created 
 Container rgg0dd6995adc-node11-1 Created 
 Container rgg0dd6995adc-node14-1 Created 
 Container rgg0dd6995adc-node3-1 Created 
 Container rgg0dd6995adc-node20-1 Created 
 Container rgg0dd6995adc-node19-1 Created 
 Container rgg0dd6995adc-node22-1 Created 
 Container rgg0dd6995adc-node1-1 Created 
 Container rgg0dd6995adc-node16-1 Created 
 Container rgg0dd6995adc-node0-1 Created 
 Container rgg0dd6995adc-node4-1 Created 
 Container rgg0dd6995adc-node13-1 Created 
 Container rgg0dd6995adc-node12-1 Created 
 Container rgg0dd6995adc-node17-1 Created 
 Container rgg0dd6995adc-node8-1 Created 
 Container rgg0dd6995adc-node10-1 Created 
 Container rgg0dd6995adc-node2-1 Created 
 Container rgg0dd6995adc-node5-1 Created 
 Container rgg0dd6995adc-driver-1 Creating 
 Container rgg0dd6995adc-driver-1 Created 
 Container rgg0dd6995adc-collector-1 Starting 
 Container rgg0dd6995adc-collector-1 Started 
 Container rgg0dd6995adc-node18-1 Starting 
 Container rgg0dd6995adc-node10-1 Starting 
 Container rgg0dd6995adc-node0-1 Starting 
 Container rgg0dd6995adc-node22-1 Starting 
 Container rgg0dd6995adc-node2-1 Starting 
 Container rgg0dd6995adc-node8-1 Starting 
 Container rgg0dd6995adc-node12-1 Starting 
 Container rgg0dd6995adc-node3-1 Starting 
 Container rgg0dd6995adc-node16-1 Starting 
 Container rgg0dd6995adc-node17-1 Starting 
 Container rgg0dd6995adc-node1-1 Starting 
 Container rgg0dd6995adc-node6-1 Starting 
 Container rgg0dd6995adc-node7-1 Starting 
 Container rgg0dd6995adc-node4-1 Starting 
 Container rgg0dd6995adc-node19-1 Starting 
 Container rgg0dd6995adc-node11-1 Starting 
 Container rgg0dd6995adc-node21-1 Starting 
 Container rgg0dd6995adc-node15-1 Starting 
 Container rgg0dd6995adc-node20-1 Starting 
 Container rgg0dd6995adc-node23-1 Starting 
 Container rgg0dd6995adc-node14-1 Starting 
 Container rgg0dd6995adc-node9-1 Starting 
 Container rgg0dd6995adc-node13-1 Starting 
 Container rgg0dd6995adc-node5-1 Starting 
 Container rgg0dd6995adc-node18-1 Started 
 Container rgg0dd6995adc-node10-1 Started 
 Container rgg0dd6995adc-node3-1 Started 
 Container rgg0dd6995adc-node4-1 Started 
 Container rgg0dd6995adc-node22-1 Started 
 Container rgg0dd6995adc-node13-1 Started 
 Container rgg0dd6995adc-node21-1 Started 
 Container rgg0dd6995adc-node19-1 Started 
 Container rgg0dd6995adc-node23-1 Started 
 Container rgg0dd6995adc-node2-1 Started 
 Container rgg0dd6995adc-node11-1 Started 
 Container rgg0dd6995adc-node9-1 Started 
 Container rgg0dd6995adc-node7-1 Started 
 Container rgg0dd6995adc-node15-1 Started 
 Container rgg0dd6995adc-node1-1 Started 
 Container rgg0dd6995adc-node14-1 Started 
 Container rgg0dd6995adc-node20-1 Started 
 Container rgg0dd6995adc-node8-1 Started 
 Container rgg0dd6995adc-node5-1 Started 
 Container rgg0dd6995adc-node0-1 Started 
 Container rgg0dd6995adc-node17-1 Started 
 Container rgg0dd6995adc-node12-1 Started 
 Container rgg0dd6995adc-node16-1 Started 
 Container rgg0dd6995adc-node6-1 Started 
 Container rgg0dd6995adc-driver-1 Starting 
 Container rgg0dd6995adc-driver-1 Started 
0
