 Network rggd20a0585bb_default Creating 
 Network rggd20a0585bb_default Created 
 Container rggd20a0585bb-collector-1 Creating 
 Container rggd20a0585bb-collector-1 Created 
 Container rggd20a0585bb-node23-1 Creating 
 Container rggd20a0585bb-node13-1 Creating 
 Container rggd20a0585bb-node17-1 Creating 
 Container rggd20a0585bb-node1-1 Creating 
 Container rggd20a0585bb-node16-1 Creating 
 Container rggd20a0585bb-node3-1 Creating 
 Container rggd20a0585bb-node6-1 Creating 
 Container rggd20a0585bb-node2-1 Creating 
 Container rggd20a0585bb-node4-1 Creating 
 Container rggd20a0585bb-node10-1 Creating 
 Container rggd20a0585bb-node15-1 Creating 
 Container rggd20a0585bb-node18-1 Creating 
 Container rggd20a0585bb-node22-1 Creating 
 Container rggd20a0585bb-node9-1 Creating 
 Container rggd20a0585bb-node12-1 Creating 
 Container rggd20a0585bb-node14-1 Creating 
 Container rggd20a0585bb-node19-1 Creating 
 Container rggd20a0585bb-node21-1 Creating 
 Container rggd20a0585bb-node7-1 Creating 
 Container rggd20a0585bb-node0-1 Creating 
 Container rggd20a0585bb-node11-1 Creating 
 Container rggd20a0585bb-node5-1 Creating 
 Container rggd20a0585bb-node20-1 Creating 
 Container rggd20a0585bb-node8-1 Creating 
 Container rggd20a0585bb-node21-1 Created 
 Container rggd20a0585bb-node9-1 Created 
 Container rggd20a0585bb-node23-1 Created 
 Container rggd20a0585bb-node0-1 Created 
 Container rggd20a0585bb-node13-1 Created 
 Container rggd20a0585bb-node4-1 Created 
 Container rggd20a0585bb-node22-1 Created 
 Container rggd20a0585bb-node8-1 Created 
 Container rggd20a0585bb-node14-1 Created 
 Container rggd20a0585bb-node5-1 Created 
 Container rggd20a0585bb-node11-1 Created 
 Container rggd20a0585bb-node19-1 Created 
 Container rggd20a0585bb-node15-1 Created 
 Container rggd20a0585bb-node17-1 Created 
 Container rggd20a0585bb-node7-1 Created 
 Container rggd20a0585bb-node2-1 Created 
 Container rggd20a0585bb-node20-1 Created 
 Container rggd20a0585bb-node12-1 Created 
 Container rggd20a0585bb-node18-1 Created 
 Container rggd20a0585bb-node16-1 Created 
 Container rggd20a0585bb-node3-1 Created 
 Container rggd20a0585bb-node10-1 Created 
 Container rggd20a0585bb-node1-1 Created 
 Container rggd20a0585bb-node6-1 Created 
 Container rggd20a0585bb-driver-1 Creating 
 Container rggd20a0585bb-driver-1 Created 
 Container rggd20a0585bb-collector-1 Starting 
 Container rggd20a0585bb-collector-1 Started 
 Container rggd20a0585bb-node9-1 Starting 
 Container rggd20a0585bb-node11-1 Starting 
 Container rggd20a0585bb-node3-1 Starting 
 Container rggd20a0585bb-node23-1 Starting 
 Container rggd20a0585bb-node22-1 Starting 
 Container rggd20a0585bb-node17-1 Starting 
 Container rggd20a0585bb-node12-1 Starting 
 Container rggd20a0585bb-node6-1 Starting 
 Container rggd20a0585bb-node1-1 Starting 
 Container rggd20a0585bb-node5-1 Starting 
 Container rggd20a0585bb-node15-1 Starting 
 Container rggd20a0585bb-node14-1 Starting 
 Container rggd20a0585bb-node16-1 Starting 
 Container rggd20a0585bb-node18-1 Starting 
 Container rggd20a0585bb-node4-1 Starting 
 Container rggd20a0585bb-node20-1 Starting 
 Container rggd20a0585bb-node7-1 Starting 
 Container rggd20a0585bb-node21-1 Starting 
 Container rggd20a0585bb-node13-1 Starting 
 Container rggd20a0585bb-node0-1 Starting 
 Container rggd20a0585bb-node2-1 Starting 
 Container rggd20a0585bb-node8-1 Starting 
 Container rggd20a0585bb-node10-1 Starting 
 Container rggd20a0585bb-node19-1 Starting 
 Container rggd20a0585bb-node9-1 Started 
 Container rggd20a0585bb-node20-1 Started 
 Container rggd20a0585bb-node13-1 Started 
 Container rggd20a0585bb-node3-1 Started 
 Container rggd20a0585bb-node17-1 Started 
 Container rggd20a0585bb-node5-1 Started 
 Container rggd20a0585bb-node14-1 Started 
 Container rggd20a0585bb-node19-1 Started 
 Container rggd20a0585bb-node2-1 Started 
 Container rggd20a0585bb-node4-1 Started 
 Container rggd20a0585bb-node8-1 Started 
 Container rggd20a0585bb-node11-1 Started 
 Container rggd20a0585bb-node15-1 Started 
 Container rggd20a0585bb-node0-1 Started 
 Container rggd20a0585bb-node1-1 Started 
 Container rggd20a0585bb-node21-1 Started 
 Container rggd20a0585bb-node6-1 Started 
 Container rggd20a0585bb-node12-1 Started 
 Container rggd20a0585bb-node16-1 Started 
 Container rggd20a0585bb-node23-1 Started 
 Container rggd20a0585bb-node7-1 Started 
 Container rggd20a0585bb-node18-1 Started 
 Container rggd20a0585bb-node22-1 Started 
 Container rggd20a0585bb-node10-1 Started 
 Container rggd20a0585bb-driver-1 Starting 
 Container rggd20a0585bb-driver-1 Started 
0
