 Network rgge7323202dc_default Creating 
 Network rgge7323202dc_default Created 
 Container rgge7323202dc-collector-1 Creating 
 Container rgge7323202dc-collector-1 Created 
 Container rgge7323202dc-node21-1 Creating 
 Container rgge7323202dc-node23-1 Creating 
 Container rgge7323202dc-node5-1 Creating 
 Container rgge7323202dc-node2-1 Creating 
 Container rgge7323202dc-node18-1 Creating 
 Container rgge7323202dc-node20-1 Creating 
 Container rgge7323202dc-node15-1 Creating 
 Container rgge7323202dc-node13-1 Creating 
 Container rgge7323202dc-node14-1 Creating 
 Container rgge7323202dc-node6-1 Creating 
 Container rgge7323202dc-node3-1 Creating 
 Container rgge7323202dc-node12-1 Creating 
 Container rgge7323202dc-node7-1 Creating 
 Container rgge7323202dc-node1-1 Creating 
 Container rgge7323202dc-node10-1 Creating 
 Container rgge7323202dc-node19-1 Creating 
 Container rgge7323202dc-node4-1 Creating 
 Container rgge7323202dc-node9-1 Creating 
 Container rgge7323202dc-node22-1 Creating 
 Container rgge7323202dc-node17-1 Creating 
 Container rgge7323202dc-node0-1 Creating 
 Container rgge7323202dc-node11-1 Creating 
 Container rgge7323202dc-node16-1 Creating 
 Container rgge7323202dc-node8-1 Creating 
 Container rgge7323202dc-node23-1 Created 
 Container rgge7323202dc-node21-1 Created 
 Container rgge7323202dc-node20-1 Created 
 Container rgge7323202dc-node3-1 Created 
 Container rgge7323202dc-node5-1 Created 
 Container rgge7323202dc-node18-1 Created 
 Container rgge7323202dc-node19-1 Created 
 Container rgge7323202dc-node0-1 Created 
 Container rgge7323202dc-node1-1 Created 
 Container rgge7323202dc-node12-1 Created 
 Container rgge7323202dc-node2-1 Created 
 Container rgge7323202dc-node8-1 Created 
 Container rgge7323202dc-node14-1 Created 
 Container rgge7323202dc-node7-1 Created 
 Container rgge7323202dc-node9-1 Created 
 Container rgge7323202dc-node10-1 Created 
 Container rgge7323202dc-node13-1 Created 
 Container rgge7323202dc-node16-1 Created 
 Container rgge7323202dc-node15-1 Created 
 Container rgge7323202dc-node17-1 Created 
 Container rgge7323202dc-node11-1 Created 
 Container rgge7323202dc-node6-1 Created 
 Container rgge7323202dc-node22-1 Created 
 Container rgge7323202dc-node4-1 Created 
 Container rgge7323202dc-driver-1 Creating 
 Container rgge7323202dc-driver-1 Created 
 Container rgge7323202dc-collector-1 Starting 
 Container rgge7323202dc-collector-1 Started 
 Container rgge7323202dc-node21-1 Starting 
 Container rgge7323202dc-node22-1 Starting 
 Container rgge7323202dc-node14-1 Starting 
 Container rgge7323202dc-node1-1 Starting 
 Container rgge7323202dc-node2-1 Starting 
 Container rgge7323202dc-node10-1 Starting 
 Container rgge7323202dc-node7-1 Starting 
 Container rgge7323202dc-node5-1 Starting 
 Container rgge7323202dc-node18-1 Starting 
 Container rgge7323202dc-node4-1 Starting 
 Container rgge7323202dc-node20-1 Starting 
 Container rgge7323202dc-node13-1 Starting 
 Container rgge7323202dc-node17-1 Starting 
 Container rgge7323202dc-node23-1 Starting 
 Container rgge7323202dc-node15-1 Starting 
 Container rgge7323202dc-node3-1 Starting 
 Container rgge7323202dc-node9-1 Starting 
 Container rgge7323202dc-node6-1 Starting 
 Container rgge7323202dc-node11-1 Starting 
 Container rgge7323202dc-node0-1 Starting 
 Container rgge7323202dc-node8-1 Starting 
 Container rgge7323202dc-node12-1 Starting 
 Container rgge7323202dc-node16-1 Starting 
 Container rgge7323202dc-node19-1 Starting 
 Container rgge7323202dc-node13-1 Started 
 Container rgge7323202dc-node10-1 Started 
 Container rgge7323202dc-node9-1 Started 
 Container rgge7323202dc-node14-1 Started 
 Container rgge7323202dc-node11-1 Started 
 Container rgge7323202dc-node22-1 Started 
 Container rgge7323202dc-node8-1 Started 
 Container rgge7323202dc-node16-1 Started 
 Container rgge7323202dc-node12-1 Started 
 Container rgge7323202dc-node21-1 Started 
 Container rgge7323202dc-node2-1 Started 
 Container rgge7323202dc-node6-1 Started 
 Container rgge7323202dc-node7-1 Started 
 Container rgge7323202dc-node1-1 Started 
 Container rgge7323202dc-node15-1 Started 
 Container rgge7323202dc-node0-1 Started 
 Container rgge7323202dc-node20-1 Started 
 Container rgge7323202dc-node3-1 Started 
 Container rgge7323202dc-node4-1 Started 
 Container rgge7323202dc-node23-1 Started 
 Container rgge7323202dc-node19-1 Started 
 Container rgge7323202dc-node17-1 Started 
 Container rgge7323202dc-node18-1 Started 
 Container rgge7323202dc-node5-1 Started 
 Container rgge7323202dc-driver-1 Starting 
 Container rgge7323202dc-driver-1 Started 
0
