 Network rgg6c32141984_default Creating 
 Network rgg6c32141984_default Created 
 Container rgg6c32141984-collector-1 Creating 
 Container rgg6c32141984-collector-1 Created 
 Container rgg6c32141984-node18-1 Creating 
 Container rgg6c32141984-node21-1 Creating 
 Container rgg6c32141984-node15-1 Creating 
 Container rgg6c32141984-node22-1 Creating 
 Container rgg6c32141984-node8-1 Creating 
 Container rgg6c32141984-node1-1 Creating 
 Container rgg6c32141984-node9-1 Creating 
 Container rgg6c32141984-node3-1 Creating 
 Container rgg6c32141984-node17-1 Creating 
 Container rgg6c32141984-node11-1 Creating 
 Container rgg6c32141984-node13-1 Creating 
 Container rgg6c32141984-node4-1 Creating 
 Container rgg6c32141984-node19-1 Creating 
 Container rgg6c32141984-node16-1 Creating 
 Container rgg6c32141984-node20-1 Creating 
 Container rgg6c32141984-node5-1 Creating 
 Container rgg6c32141984-node12-1 Creating 
 Container rgg6c32141984-node7-1 Creating 
 Container rgg6c32141984-node10-1 Creating 
 Container rgg6c32141984-node14-1 Creating 
 Container rgg6c32141984-node6-1 Creating 
 Container rgg6c32141984-node0-1 Creating 
 Container rgg6c32141984-node2-1 Creating 
 Container rgg6c32141984-node23-1 Creating 
 Container rgg6c32141984-node21-1 Created 
 Container rgg6c32141984-node22-1 Created 
 Container rgg6c32141984-node23-1 Created 
 Container rgg6c32141984-node8-1 Created 
 Container rgg6c32141984-node18-1 Created 
 Container rgg6c32141984-node9-1 Created 
 Container rgg6c32141984-node20-1 Created 
 Container rgg6c32141984-node17-1 Created 
 Container rgg6c32141984-node10-1 Created 
 Container rgg6c32141984-node19-1 Created 
 Container rgg6c32141984-node7-1 Created 
 Container rgg6c32141984-node16-1 Created 
 Container rgg6c32141984-node0-1 Created 
 Container rgg6c32141984-node5-1 Created 
 Container rgg6c32141984-node4-1 Created 
 Container rgg6c32141984-node13-1 Created 
 Container rgg6c32141984-node1-1 Created 
 Container rgg6c32141984-node6-1 Created 
 Container rgg6c32141984-node3-1 Created 
 Container rgg6c32141984-node14-1 Created 
 Container rgg6c32141984-node11-1 Created 
 Container rgg6c32141984-node12-1 Created 
 Container rgg6c32141984-node2-1 Created 
 Container rgg6c32141984-node15-1 Created 
 Container rgg6c32141984-driver-1 Creating 
 Container rgg6c32141984-driver-1 Created 
 Container rgg6c32141984-collector-1 Starting 
 Container rgg6c32141984-collector-1 Started 
 Container rgg6c32141984-node11-1 Starting 
 Container rgg6c32141984-node10-1 Starting 
 Container rgg6c32141984-node12-1 Starting 
 Container rgg6c32141984-node23-1 Starting 
 Container rgg6c32141984-node8-1 Starting 
 Container rgg6c32141984-node2-1 Starting 
 Container rgg6c32141984-node17-1 Starting 
 Container rgg6c32141984-node15-1 Starting 
 Container rgg6c32141984-node16-1 Starting 
 Container rgg6c32141984-node4-1 Starting 
 Container rgg6c32141984-node5-1 Starting 
 Container rgg6c32141984-node3-1 Starting 
 Container rgg6c32141984-node9-1 Starting 
 Container rgg6c32141984-node7-1 Starting 
 Container rgg6c32141984-node18-1 Starting 
 Container rgg6c32141984-node19-1 Starting 
 Container rgg6c32141984-node22-1 Starting 
 Container rgg6c32141984-node6-1 Starting 
 Container rgg6c32141984-node14-1 Starting 
 Container rgg6c32141984-node21-1 Starting 
 Container rgg6c32141984-node1-1 Starting 
 Container rgg6c32141984-node20-1 Starting 
 Container rgg6c32141984-node13-1 Starting 
 Container rgg6c32141984-node0-1 Starting 
 Container rgg6c32141984-node2-1 Started 
 Container rgg6c32141984-node12-1 Started 
 Container rgg6c32141984-node5-1 Started 
 Container rgg6c32141984-node14-1 Started 
 Container rgg6c32141984-node0-1 Started 
 Container rgg6c32141984-node22-1 Started 
 Container rgg6c32141984-node10-1 Started 
 Container rgg6c32141984-node19-1 Started 
 Container rgg6c32141984-node11-1 Started 
 Container rgg6c32141984-node6-1 Started 
 Container rgg6c32141984-node8-1 Started 
 Container rgg6c32141984-node17-1 Started 
 Container rgg6c32141984-node23-1 Started 
 Container rgg6c32141984-node21-1 Started 
 Container rgg6c32141984-node7-1 Started 
 Container rgg6c32141984-node3-1 Started 
 Container rgg6c32141984-node9-1 Started 
 Container rgg6c32141984-node4-1 Started 
 Container rgg6c32141984-node13-1 Started 
 Container rgg6c32141984-node16-1 Started 
 Container rgg6c32141984-node20-1 Started 
 Container rgg6c32141984-node18-1 Started 
 Container rgg6c32141984-node1-1 Started 
 Container rgg6c32141984-node15-1 Started 
 Container rgg6c32141984-driver-1 Starting 
 Container rgg6c32141984-driver-1 Started 
0
