 Network rggd5d7d30941_default Creating 
 Network rggd5d7d30941_default Created 
 Container rggd5d7d30941-collector-1 Creating 
 Container rggd5d7d30941-collector-1 Created 
 Container rggd5d7d30941-node11-1 Creating 
 Container rggd5d7d30941-node16-1 Creating 
 Container rggd5d7d30941-node2-1 Creating 
 Container rggd5d7d30941-node7-1 Creating 
 Container rggd5d7d30941-node10-1 Creating 
 Container rggd5d7d30941-node14-1 Creating 
 Container rggd5d7d30941-node18-1 Creating 
 Container rggd5d7d30941-node13-1 Creating 
 Container rggd5d7d30941-node15-1 Creating 
 Container rggd5d7d30941-node9-1 Creating 
 Container rggd5d7d30941-node3-1 Creating 
 Container rggd5d7d30941-node5-1 Creating 
 Container rggd5d7d30941-node0-1 Creating 
 Container rggd5d7d30941-node17-1 Creating 
 Container rggd5d7d30941-node6-1 Creating 
 Container rggd5d7d30941-node1-1 Creating 
 Container rggd5d7d30941-node19-1 Creating 
 Container rggd5d7d30941-node4-1 Creating 
 Container rggd5d7d30941-node8-1 Creating 
 Container rggd5d7d30941-node12-1 Creating 
 Container rggd5d7d30941-node11-1 Created 
 Container rggd5d7d30941-node16-1 Created 
 Container rggd5d7d30941-node9-1 Created 
 Container rggd5d7d30941-node10-1 Created 
 Container rggd5d7d30941-node13-1 Created 
 Container rggd5d7d30941-node8-1 Created 
 Container rggd5d7d30941-node15-1 Created 
 Container rggd5d7d30941-node3-1 Created 
 Container rggd5d7d30941-node2-1 Created 
 Container rggd5d7d30941-node4-1 Created 
 Container rggd5d7d30941-node14-1 Created 
 Container rggd5d7d30941-node18-1 Created 
 Container rggd5d7d30941-node7-1 Created 
 Container rggd5d7d30941-node17-1 Created 
 Container rggd5d7d30941-node0-1 Created 
 Container rggd5d7d30941-node1-1 Created 
 Container rggd5d7d30941-node6-1 Created 
 Container rggd5d7d30941-node12-1 Created 
 Container rggd5d7d30941-node19-1 Created 
 Container rggd5d7d30941-node5-1 Created 
 Container rggd5d7d30941-driver-1 Creating 
 Container rggd5d7d30941-driver-1 Created 
 Container rggd5d7d30941-collector-1 Starting 
 Container rggd5d7d30941-collector-1 Started 
 Container rggd5d7d30941-node10-1 Starting 
 Container rggd5d7d30941-node0-1 Starting 
 Container rggd5d7d30941-node5-1 Starting 
 Container rggd5d7d30941-node15-1 Starting 
 Container rggd5d7d30941-node14-1 Starting 
 Container rggd5d7d30941-node6-1 Starting 
 Container rggd5d7d30941-node16-1 Starting 
 Container rggd5d7d30941-node4-1 Starting 
 Container rggd5d7d30941-node13-1 Starting 
 Container rggd5d7d30941-node7-1 Starting 
 Container rggd5d7d30941-node19-1 Starting 
 Container rggd5d7d30941-node3-1 Starting 
 Container rggd5d7d30941-node17-1 Starting 
 Container rggd5d7d30941-node11-1 Starting 
 Container rggd5d7d30941-node9-1 Starting 
 Container rggd5d7d30941-node18-1 Starting 
 Container rggd5d7d30941-node1-1 Starting 
 Container rggd5d7d30941-node2-1 Starting 
 Container rggd5d7d30941-node12-1 Starting 
 Container rggd5d7d30941-node8-1 Starting 
 Container rggd5d7d30941-node10-1 Started 
 Container rggd5d7d30941-node9-1 Started 
 Container rggd5d7d30941-node0-1 Started 
 Container rggd5d7d30941-node12-1 Started 
 Container rggd5d7d30941-node5-1 Started 
 Container rggd5d7d30941-node4-1 Started 
 Container rggd5d7d30941-node18-1 Started 
 Container rggd5d7d30941-node11-1 Started 
 Container rggd5d7d30941-node8-1 Started 
 Container rggd5d7d30941-node16-1 Started 
 Container rggd5d7d30941-node2-1 Started 
 Container rggd5d7d30941-node17-1 Started 
 Container rggd5d7d30941-node19-1 Started 
 Container rggd5d7d30941-node13-1 Started 
 Container rggd5d7d30941-node15-1 Started 
 Container rggd5d7d30941-node14-1 Started 
 Container rggd5d7d30941-node3-1 Started 
 Container rggd5d7d30941-node6-1 Started 
 Container rggd5d7d30941-node7-1 Started 
 Container rggd5d7d30941-node1-1 Started 
 Container rggd5d7d30941-driver-1 Starting 
 Container rggd5d7d30941-driver-1 Started 
0
