 Network rgg111a302dcb_default Creating 
 Network rgg111a302dcb_default Created 
 Container rgg111a302dcb-collector-1 Creating 
 Container rgg111a302dcb-collector-1 Created 
 Container rgg111a302dcb-node14-1 Creating 
 Container rgg111a302dcb-node9-1 Creating 
 Container rgg111a302dcb-node12-1 Creating 
 Container rgg111a302dcb-node16-1 Creating 
 Container rgg111a302dcb-node15-1 Creating 
 Container rgg111a302dcb-node6-1 Creating 
 Container rgg111a302dcb-node21-1 Creating 
 Container rgg111a302dcb-node7-1 Creating 
 Container rgg111a302dcb-node5-1 Creating 
 Container rgg111a302dcb-node3-1 Creating 
 Container rgg111a302dcb-node19-1 Creating 
 Container rgg111a302dcb-node20-1 Creating 
 Container rgg111a302dcb-node10-1 Creating 
 Container rgg111a302dcb-node2-1 Creating 
 Container rgg111a302dcb-node11-1 Creating 
 Container rgg111a302dcb-node18-1 Creating 
 Container rgg111a302dcb-node4-1 Creating 
 Container rgg111a302dcb-node17-1 Creating 
 Container rgg111a302dcb-node0-1 Creating 
 Container rgg111a302dcb-node1-1 Creating 
 Container rgg111a302dcb-node8-1 Creating 
 Container rgg111a302dcb-node22-1 Creating 
 Container rgg111a302dcb-node23-1 Creating 
 Container rgg111a302dcb-node13-1 Creating 
 Container rgg111a302dcb-node16-1 Created 
 Container rgg111a302dcb-node15-1 Created 
 Container rgg111a302dcb-node5-1 Created 
 Container rgg111a302dcb-node3-1 Created 
 Container rgg111a302dcb-node13-1 Created 
 Container rgg111a302dcb-node7-1 Created 
 Container rgg111a302dcb-node8-1 Created 
 Container rgg111a302dcb-node4-1 Created 
 Container rgg111a302dcb-node11-1 Created 
 Container rgg111a302dcb-node14-1 Created 
 Container rgg111a302dcb-node23-1 Created 
 Container rgg111a302dcb-node6-1 Created 
 Container rgg111a302dcb-node21-1 Created 
 Container rgg111a302dcb-node0-1 Created 
 Container rgg111a302dcb-node1-1 Created 
 Container rgg111a302dcb-node20-1 Created 
 Container rgg111a302dcb-node12-1 Created 
 Container rgg111a302dcb-node9-1 Created 
 Container rgg111a302dcb-node19-1 Created 
 Container rgg111a302dcb-node10-1 Created 
 Container rgg111a302dcb-node2-1 Created 
 Container rgg111a302dcb-node22-1 Created 
 Container rgg111a302dcb-node18-1 Created 
 Container rgg111a302dcb-node17-1 Created 
 Container rgg111a302dcb-driver-1 Creating 
 Container rgg111a302dcb-driver-1 Created 
 Container rgg111a302dcb-collector-1 Starting 
 Container rgg111a302dcb-collector-1 Started 
 Container rgg111a302dcb-node4-1 Starting 
 Container rgg111a302dcb-node14-1 Starting 
 Container rgg111a302dcb-node0-1 Starting 
 Container rgg111a302dcb-node19-1 Starting 
 Container rgg111a302dcb-node15-1 Starting 
 Container rgg111a302dcb-node10-1 Starting 
 Container rgg111a302dcb-node12-1 Starting 
 Container rgg111a302dcb-node21-1 Starting 
 Container rgg111a302dcb-node23-1 Starting 
 Container rgg111a302dcb-node16-1 Starting 
 Container rgg111a302dcb-node22-1 Starting 
 Container rgg111a302dcb-node6-1 Starting 
 Container rgg111a302dcb-node7-1 Starting 
 Container rgg111a302dcb-node2-1 Starting 
 Container rgg111a302dcb-node18-1 Starting 
 Container rgg111a302dcb-node9-1 Starting 
 Container rgg111a302dcb-node3-1 Starting 
 Container rgg111a302dcb-node17-1 Starting 
 Container rgg111a302dcb-node20-1 Starting 
 Container rgg111a302dcb-node8-1 Starting 
 Container rgg111a302dcb-node1-1 Starting 
 Container rgg111a302dcb-node13-1 Starting 
 Container rgg111a302dcb-node11-1 Starting 
 Container rgg111a302dcb-node5-1 Starting 
 Container rgg111a302dcb-node20-1 Started 
 Container rgg111a302dcb-node14-1 Started 
 Container rgg111a302dcb-node2-1 Started 
 Container rgg111a302dcb-node11-1 Started 
 Container rgg111a302dcb-node5-1 Started 
 Container rgg111a302dcb-node23-1 Started 
 Container rgg111a302dcb-node4-1 Started 
 Container rgg111a302dcb-node16-1 Started 
 Container rgg111a302dcb-node18-1 Started 
 Container rgg111a302dcb-node7-1 Started 
 Container rgg111a302dcb-node3-1 Started 
 Container rgg111a302dcb-node8-1 Started 
 Container rgg111a302dcb-node22-1 Started 
 Container rgg111a302dcb-node15-1 Started 
 Container rgg111a302dcb-node6-1 Started 
 Container rgg111a302dcb-node12-1 Started 
 Container rgg111a302dcb-node13-1 Started 
 Container rgg111a302dcb-node0-1 Started 
 Container rgg111a302dcb-node1-1 Started 
 Container rgg111a302dcb-node9-1 Started 
 Container rgg111a302dcb-node19-1 Started 
 Container rgg111a302dcb-node17-1 Started 
 Container rgg111a302dcb-node10-1 Started 
 Container rgg111a302dcb-node21-1 Started 
 Container rgg111a302dcb-driver-1 Starting 
 Container rgg111a302dcb-driver-1 Started 
0
