 Network rgg90d046585f_default Creating 
 Network rgg90d046585f_default Created 
 Container rgg90d046585f-collector-1 Creating 
 Container rgg90d046585f-collector-1 Created 
 Container rgg90d046585f-node12-1 Creating 
 Container rgg90d046585f-node1-1 Creating 
 Container rgg90d046585f-node14-1 Creating 
 Container rgg90d046585f-node16-1 Creating 
 Container rgg90d046585f-node15-1 Creating 
 Container rgg90d046585f-node6-1 Creating 
 Container rgg90d046585f-node11-1 Creating 
 Container rgg90d046585f-node17-1 Creating 
 Container rgg90d046585f-node2-1 Creating 
 Container rgg90d046585f-node10-1 Creating 
 Container rgg90d046585f-node0-1 Creating 
 Container rgg90d046585f-node13-1 Creating 
 Container rgg90d046585f-node7-1 Creating 
 Container rgg90d046585f-node18-1 Creating 
 Container rgg90d046585f-node5-1 Creating 
 Container rgg90d046585f-node19-1 Creating 
 Container rgg90d046585f-node9-1 Creating 
 Container rgg90d046585f-node4-1 Creating 
 Container rgg90d046585f-node8-1 Creating 
 Container rgg90d046585f-node3-1 Creating 
 Container rgg90d046585f-node12-1 Created 
 Container rgg90d046585f-node10-1 Created 
 Container rgg90d046585f-node6-1 Created 
 Container rgg90d046585f-node0-1 Created 
 Container rgg90d046585f-node7-1 Created 
 Container rgg90d046585f-node18-1 Created 
 Container rgg90d046585f-node4-1 Created 
 Container rgg90d046585f-node5-1 Created 
 Container rgg90d046585f-node15-1 Created 
 Container rgg90d046585f-node8-1 Created 
 Container rgg90d046585f-node2-1 Created 
 Container rgg90d046585f-node11-1 Created 
 Container rgg90d046585f-node9-1 Created 
 Container rgg90d046585f-node13-1 Created 
 Container rgg90d046585f-node16-1 Created 
 Container rgg90d046585f-node14-1 Created 
 Container rgg90d046585f-node17-1 Created 
 Container rgg90d046585f-node19-1 Created 
 Container rgg90d046585f-node3-1 Created 
 Container rgg90d046585f-node1-1 Created 
 Container rgg90d046585f-driver-1 Creating 
 Container rgg90d046585f-driver-1 Created 
 Container rgg90d046585f-collector-1 Starting 
 Container rgg90d046585f-collector-1 Started 
 Container rgg90d046585f-node3-1 Starting 
 Container rgg90d046585f-node14-1 Starting 
 Container rgg90d046585f-node15-1 Starting 
 Container rgg90d046585f-node0-1 Starting 
 Container rgg90d046585f-node1-1 Starting 
 Container rgg90d046585f-node13-1 Starting 
 Container rgg90d046585f-node7-1 Starting 
 Container rgg90d046585f-node2-1 Starting 
 Container rgg90d046585f-node4-1 Starting 
 Container rgg90d046585f-node6-1 Starting 
 Container rgg90d046585f-node8-1 Starting 
 Container rgg90d046585f-node16-1 Starting 
 Container rgg90d046585f-node9-1 Starting 
 Container rgg90d046585f-node19-1 Starting 
 Container rgg90d046585f-node18-1 Starting 
 Container rgg90d046585f-node17-1 Starting 
 Container rgg90d046585f-node10-1 Starting 
 Container rgg90d046585f-node5-1 Starting 
 Container rgg90d046585f-node12-1 Starting 
 Container rgg90d046585f-node11-1 Starting 
 Container rgg90d046585f-node1-1 Started 
 Container rgg90d046585f-node2-1 Started 
 Container rgg90d046585f-node15-1 Started 
 Container rgg90d046585f-node8-1 Started 
 Container rgg90d046585f-node5-1 Started 
 Container rgg90d046585f-node0-1 Started 
 Container rgg90d046585f-node19-1 Started 
 Container rgg90d046585f-node14-1 Started 
 Container rgg90d046585f-node9-1 Started 
 Container rgg90d046585f-node16-1 Started 
 Container rgg90d046585f-node7-1 Started 
 Container rgg90d046585f-node13-1 Started 
 Container rgg90d046585f-node3-1 Started 
 Container rgg90d046585f-node17-1 Started 
 Container rgg90d046585f-node11-1 Started 
 Container rgg90d046585f-node12-1 Started 
 Container rgg90d046585f-node4-1 Started 
 Container rgg90d046585f-node18-1 Started 
 Container rgg90d046585f-node10-1 Started 
 Container rgg90d046585f-node6-1 Started 
 Container rgg90d046585f-driver-1 Starting 
 Container rgg90d046585f-driver-1 Started 
0
