 Network rggb72789ce9f_default Creating 
 Network rggb72789ce9f_default Created 
 Container rggb72789ce9f-collector-1 Creating 
 Container rggb72789ce9f-collector-1 Created 
 Container rggb72789ce9f-node1-1 Creating 
 Container rggb72789ce9f-node10-1 Creating 
 Container rggb72789ce9f-node2-1 Creating 
 Container rggb72789ce9f-node19-1 Creating 
 Container rggb72789ce9f-node0-1 Creating 
 Container rggb72789ce9f-node23-1 Creating 
 Container rggb72789ce9f-node20-1 Creating 
 Container rggb72789ce9f-node6-1 Creating 
 Container rggb72789ce9f-node14-1 Creating 
 Container rggb72789ce9f-node7-1 Creating 
 Container rggb72789ce9f-node16-1 Creating 
 Container rggb72789ce9f-node9-1 Creating 
 Container rggb72789ce9f-node3-1 Creating 
 Container rggb72789ce9f-node15-1 Creating 
 Container rggb72789ce9f-node8-1 Creating 
 Container rggb72789ce9f-node22-1 Creating 
 Container rggb72789ce9f-node5-1 Creating 
 Container rggb72789ce9f-node4-1 Creating 
 Container rggb72789ce9f-node21-1 Creating 
 Container rggb72789ce9f-node12-1 Creating 
 Container rggb72789ce9f-node11-1 Creating 
 Container rggb72789ce9f-node17-1 Creating 
 Container rggb72789ce9f-node18-1 Creating 
 Container rggb72789ce9f-node13-1 Creating 
 Container rggb72789ce9f-node10-1 Created 
 Container rggb72789ce9f-node7-1 Created 
 Container rggb72789ce9f-node19-1 Created 
 Container rggb72789ce9f-node6-1 Created 
 Container rggb72789ce9f-node15-1 Created 
 Container rggb72789ce9f-node9-1 Created 
 Container rggb72789ce9f-node14-1 Created 
 Container rggb72789ce9f-node18-1 Created 
 Container rggb72789ce9f-node20-1 Created 
 Container rggb72789ce9f-node13-1 Created 
 Container rggb72789ce9f-node3-1 Created 
 Container rggb72789ce9f-node1-1 Created 
 Container rggb72789ce9f-node0-1 Created 
 Container rggb72789ce9f-node21-1 Created 
 Container rggb72789ce9f-node5-1 Created 
 Container rggb72789ce9f-node17-1 Created 
 Container rggb72789ce9f-node4-1 Created 
 Container rggb72789ce9f-node12-1 Created 
 Container rggb72789ce9f-node2-1 Created 
 Container rggb72789ce9f-node11-1 Created 
 Container rggb72789ce9f-node22-1 Created 
 Container rggb72789ce9f-node16-1 Created 
 Container rggb72789ce9f-node23-1 Created 
 Container rggb72789ce9f-node8-1 Created 
 Container rggb72789ce9f-collector-1 Starting 
 Container rggb72789ce9f-collector-1 Started 
 Container rggb72789ce9f-node18-1 Starting 
 Container rggb72789ce9f-node21-1 Starting 
 Container rggb72789ce9f-node19-1 Starting 
 Container rggb72789ce9f-node13-1 Starting 
 Container rggb72789ce9f-node14-1 Starting 
 Container rggb72789ce9f-node23-1 Starting 
 Container rggb72789ce9f-node15-1 Starting 
 Container rggb72789ce9f-node11-1 Starting 
 Container rggb72789ce9f-node4-1 Starting 
 Container rggb72789ce9f-node20-1 Starting 
 Container rggb72789ce9f-node6-1 Starting 
 Container rggb72789ce9f-node17-1 Starting 
 Container rggb72789ce9f-node9-1 Starting 
 Container rggb72789ce9f-node10-1 Starting 
 Container rggb72789ce9f-node7-1 Starting 
 Container rggb72789ce9f-node16-1 Starting 
 Container rggb72789ce9f-node22-1 Starting 
 Container rggb72789ce9f-node1-1 Starting 
 Container rggb72789ce9f-node3-1 Starting 
 Container rggb72789ce9f-node12-1 Starting 
 Container rggb72789ce9f-node0-1 Starting 
 Container rggb72789ce9f-node8-1 Starting 
 Container rggb72789ce9f-node2-1 Starting 
 Container rggb72789ce9f-node5-1 Starting 
 Container rggb72789ce9f-node18-1 Started 
 Container rggb72789ce9f-node21-1 Started 
 Container rggb72789ce9f-node5-1 Started 
 Container rggb72789ce9f-node10-1 Started 
 Container rggb72789ce9f-node2-1 Started 
 Container rggb72789ce9f-node3-1 Started 
 Container rggb72789ce9f-node23-1 Started 
 Container rggb72789ce9f-node15-1 Started 
 Container rggb72789ce9f-node1-1 Started 
 Container rggb72789ce9f-node9-1 Started 
 Container rggb72789ce9f-node8-1 Started 
 Container rggb72789ce9f-node4-1 Started 
 Container rggb72789ce9f-node14-1 Started 
 Container rggb72789ce9f-node6-1 Started 
 Container rggb72789ce9f-node12-1 Started 
 Container rggb72789ce9f-node16-1 Started 
 Container rggb72789ce9f-node17-1 Started 
 Container rggb72789ce9f-node13-1 Started 
 Container rggb72789ce9f-node7-1 Started 
 Container rggb72789ce9f-node0-1 Started 
 Container rggb72789ce9f-node20-1 Started 
 Container rggb72789ce9f-node11-1 Started 
 Container rggb72789ce9f-node22-1 Started 
 Container rggb72789ce9f-node19-1 Started 
NETEM_APPLIED node0 iface=eth0: qdisc netem 87c9: root refcnt 17 limit 1000 delay 50ms  10ms seed 8670076409690219926
NETEM_APPLIED node1 iface=eth0: qdisc netem 87ca: root refcnt 17 limit 1000 delay 50ms  10ms seed 17841424834859976349
NETEM_APPLIED node2 iface=eth0: qdisc netem 87cb: root refcnt 17 limit 1000 delay 50ms  10ms seed 13131622948832860303
NETEM_APPLIED node3 iface=eth0: qdisc netem 87cc: root refcnt 17 limit 1000 delay 50ms  10ms seed 18317759717952283626
NETEM_APPLIED node4 iface=eth0: qdisc netem 87cd: root refcnt 17 limit 1000 delay 50ms  10ms seed 14668135881895325455
NETEM_APPLIED node5 iface=eth0: qdisc netem 87ce: root refcnt 17 limit 1000 delay 50ms  10ms seed 14542352395991867236
NETEM_APPLIED node6 iface=eth0: qdisc netem 87cf: root refcnt 17 limit 1000 delay 50ms  10ms seed 10650535948436396063
NETEM_APPLIED node7 iface=eth0: qdisc netem 87d0: root refcnt 17 limit 1000 delay 50ms  10ms seed 18220478914627319561
NETEM_APPLIED node8 iface=eth0: qdisc netem 87d1: root refcnt 17 limit 1000 delay 50ms  10ms seed 9348072615081185615
NETEM_APPLIED node9 iface=eth0: qdisc netem 87d2: root refcnt 17 limit 1000 delay 50ms  10ms seed 2833667069662567409
NETEM_APPLIED node10 iface=eth0: qdisc netem 87d3: root refcnt 17 limit 1000 delay 50ms  10ms seed 11250514807191586726
NETEM_APPLIED node11 iface=eth0: qdisc netem 87d4: root refcnt 17 limit 1000 delay 50ms  10ms seed 4795080080082784759
NETEM_APPLIED node12 iface=eth0: qdisc netem 87d5: root refcnt 17 limit 1000 delay 50ms  10ms seed 9455797741104514990
NETEM_APPLIED node13 iface=eth0: qdisc netem 87d6: root refcnt 17 limit 1000 delay 50ms  10ms seed 8422282056543289182
NETEM_APPLIED node14 iface=eth0: qdisc netem 87d7: root refcnt 17 limit 1000 delay 50ms  10ms seed 8639980406390625690
NETEM_APPLIED node15 iface=eth0: qdisc netem 87d8: root refcnt 17 limit 1000 delay 50ms  10ms seed 3169472349999150733
NETEM_APPLIED node16 iface=eth0: qdisc netem 87d9: root refcnt 17 limit 1000 delay 50ms  10ms seed 8510040404030433292
NETEM_APPLIED node17 iface=eth0: qdisc netem 87da: root refcnt 17 limit 1000 delay 50ms  10ms seed 4123687749667234830
NETEM_APPLIED node18 iface=eth0: qdisc netem 87db: root refcnt 17 limit 1000 delay 50ms  10ms seed 3750359489799703836
NETEM_APPLIED node19 iface=eth0: qdisc netem 87dc: root refcnt 17 limit 1000 delay 50ms  10ms seed 4791440896740178669
NETEM_APPLIED node20 iface=eth0: qdisc netem 87dd: root refcnt 17 limit 1000 delay 50ms  10ms seed 9606292745403474083
NETEM_APPLIED node21 iface=eth0: qdisc netem 87de: root refcnt 17 limit 1000 delay 50ms  10ms seed 16059309726760183365
NETEM_APPLIED node22 iface=eth0: qdisc netem 87df: root refcnt 17 limit 1000 delay 50ms  10ms seed 11456886884360257099
NETEM_APPLIED node23 iface=eth0: qdisc netem 87e0: root refcnt 17 limit 1000 delay 50ms  10ms seed 5100156180908089638
NETEM_RTT_GATE OK: baseline=0.1ms actual=99.7ms increase=99.5ms
DRIVER_STARTED: 2026-07-15T07:16:32Z
0
QDSK_CLEANUP_FAIL node0: Command '['docker', 'exec', 'rggb72789ce9f-node0-1', 'sh', '-c', "ip -o -4 addr show scope global 2>/dev/null | head -1 | awk '{print $2}'"]' returned non-zero exit status 1.
QDSK_CLEANUP_FAIL node1: Command '['docker', 'exec', 'rggb72789ce9f-node1-1', 'sh', '-c', "ip -o -4 addr show scope global 2>/dev/null | head -1 | awk '{print $2}'"]' returned non-zero exit status 1.
QDSK_CLEANUP_FAIL node2: Command '['docker', 'exec', 'rggb72789ce9f-node2-1', 'sh', '-c', "ip -o -4 addr show scope global 2>/dev/null | head -1 | awk '{print $2}'"]' returned non-zero exit status 1.
QDSK_CLEANUP_FAIL node3: Command '['docker', 'exec', 'rggb72789ce9f-node3-1', 'sh', '-c', "ip -o -4 addr show scope global 2>/dev/null | head -1 | awk '{print $2}'"]' returned non-zero exit status 1.
QDSK_CLEANUP_FAIL node4: Command '['docker', 'exec', 'rggb72789ce9f-node4-1', 'sh', '-c', "ip -o -4 addr show scope global 2>/dev/null | head -1 | awk '{print $2}'"]' returned non-zero exit status 1.
QDSK_CLEANUP_FAIL node5: Command '['docker', 'exec', 'rggb72789ce9f-node5-1', 'sh', '-c', "ip -o -4 addr show scope global 2>/dev/null | head -1 | awk '{print $2}'"]' returned non-zero exit status 1.
QDSK_CLEANUP_FAIL node6: Command '['docker', 'exec', 'rggb72789ce9f-node6-1', 'sh', '-c', "ip -o -4 addr show scope global 2>/dev/null | head -1 | awk '{print $2}'"]' returned non-zero exit status 1.
QDSK_CLEANUP_FAIL node7: Command '['docker', 'exec', 'rggb72789ce9f-node7-1', 'sh', '-c', "ip -o -4 addr show scope global 2>/dev/null | head -1 | awk '{print $2}'"]' returned non-zero exit status 1.
QDSK_CLEANUP_FAIL node8: Command '['docker', 'exec', 'rggb72789ce9f-node8-1', 'sh', '-c', "ip -o -4 addr show scope global 2>/dev/null | head -1 | awk '{print $2}'"]' returned non-zero exit status 1.
QDSK_CLEANUP_FAIL node9: Command '['docker', 'exec', 'rggb72789ce9f-node9-1', 'sh', '-c', "ip -o -4 addr show scope global 2>/dev/null | head -1 | awk '{print $2}'"]' returned non-zero exit status 1.
QDSK_CLEANUP_FAIL node10: Command '['docker', 'exec', 'rggb72789ce9f-node10-1', 'sh', '-c', "ip -o -4 addr show scope global 2>/dev/null | head -1 | awk '{print $2}'"]' returned non-zero exit status 1.
QDSK_CLEANUP_FAIL node11: Command '['docker', 'exec', 'rggb72789ce9f-node11-1', 'sh', '-c', "ip -o -4 addr show scope global 2>/dev/null | head -1 | awk '{print $2}'"]' returned non-zero exit status 1.
QDSK_CLEANUP_FAIL node12: Command '['docker', 'exec', 'rggb72789ce9f-node12-1', 'sh', '-c', "ip -o -4 addr show scope global 2>/dev/null | head -1 | awk '{print $2}'"]' returned non-zero exit status 1.
QDSK_CLEANUP_FAIL node13: Command '['docker', 'exec', 'rggb72789ce9f-node13-1', 'sh', '-c', "ip -o -4 addr show scope global 2>/dev/null | head -1 | awk '{print $2}'"]' returned non-zero exit status 1.
QDSK_CLEANUP_FAIL node14: Command '['docker', 'exec', 'rggb72789ce9f-node14-1', 'sh', '-c', "ip -o -4 addr show scope global 2>/dev/null | head -1 | awk '{print $2}'"]' returned non-zero exit status 1.
QDSK_CLEANUP_FAIL node15: Command '['docker', 'exec', 'rggb72789ce9f-node15-1', 'sh', '-c', "ip -o -4 addr show scope global 2>/dev/null | head -1 | awk '{print $2}'"]' returned non-zero exit status 1.
QDSK_CLEANUP_FAIL node16: Command '['docker', 'exec', 'rggb72789ce9f-node16-1', 'sh', '-c', "ip -o -4 addr show scope global 2>/dev/null | head -1 | awk '{print $2}'"]' returned non-zero exit status 1.
QDSK_CLEANUP_FAIL node17: Command '['docker', 'exec', 'rggb72789ce9f-node17-1', 'sh', '-c', "ip -o -4 addr show scope global 2>/dev/null | head -1 | awk '{print $2}'"]' returned non-zero exit status 1.
QDSK_CLEANUP_FAIL node18: Command '['docker', 'exec', 'rggb72789ce9f-node18-1', 'sh', '-c', "ip -o -4 addr show scope global 2>/dev/null | head -1 | awk '{print $2}'"]' returned non-zero exit status 1.
QDSK_CLEANUP_FAIL node19: Command '['docker', 'exec', 'rggb72789ce9f-node19-1', 'sh', '-c', "ip -o -4 addr show scope global 2>/dev/null | head -1 | awk '{print $2}'"]' returned non-zero exit status 1.
QDSK_CLEANUP_FAIL node20: Command '['docker', 'exec', 'rggb72789ce9f-node20-1', 'sh', '-c', "ip -o -4 addr show scope global 2>/dev/null | head -1 | awk '{print $2}'"]' returned non-zero exit status 1.
QDSK_CLEANUP_FAIL node21: Command '['docker', 'exec', 'rggb72789ce9f-node21-1', 'sh', '-c', "ip -o -4 addr show scope global 2>/dev/null | head -1 | awk '{print $2}'"]' returned non-zero exit status 1.
QDSK_CLEANUP_FAIL node22: Command '['docker', 'exec', 'rggb72789ce9f-node22-1', 'sh', '-c', "ip -o -4 addr show scope global 2>/dev/null | head -1 | awk '{print $2}'"]' returned non-zero exit status 1.
QDSK_CLEANUP_FAIL node23: Command '['docker', 'exec', 'rggb72789ce9f-node23-1', 'sh', '-c', "ip -o -4 addr show scope global 2>/dev/null | head -1 | awk '{print $2}'"]' returned non-zero exit status 1.
