 Network rggdd2ccc0e43_default Creating 
 Network rggdd2ccc0e43_default Created 
 Container rggdd2ccc0e43-collector-1 Creating 
 Container rggdd2ccc0e43-collector-1 Created 
 Container rggdd2ccc0e43-node2-1 Creating 
 Container rggdd2ccc0e43-node4-1 Creating 
 Container rggdd2ccc0e43-node13-1 Creating 
 Container rggdd2ccc0e43-node7-1 Creating 
 Container rggdd2ccc0e43-node5-1 Creating 
 Container rggdd2ccc0e43-node9-1 Creating 
 Container rggdd2ccc0e43-node15-1 Creating 
 Container rggdd2ccc0e43-node10-1 Creating 
 Container rggdd2ccc0e43-node8-1 Creating 
 Container rggdd2ccc0e43-node11-1 Creating 
 Container rggdd2ccc0e43-node0-1 Creating 
 Container rggdd2ccc0e43-node6-1 Creating 
 Container rggdd2ccc0e43-node14-1 Creating 
 Container rggdd2ccc0e43-node3-1 Creating 
 Container rggdd2ccc0e43-node12-1 Creating 
 Container rggdd2ccc0e43-node1-1 Creating 
 Container rggdd2ccc0e43-node2-1 Created 
 Container rggdd2ccc0e43-node8-1 Created 
 Container rggdd2ccc0e43-node0-1 Created 
 Container rggdd2ccc0e43-node15-1 Created 
 Container rggdd2ccc0e43-node6-1 Created 
 Container rggdd2ccc0e43-node3-1 Created 
 Container rggdd2ccc0e43-node13-1 Created 
 Container rggdd2ccc0e43-node5-1 Created 
 Container rggdd2ccc0e43-node11-1 Created 
 Container rggdd2ccc0e43-node14-1 Created 
 Container rggdd2ccc0e43-node1-1 Created 
 Container rggdd2ccc0e43-node12-1 Created 
 Container rggdd2ccc0e43-node10-1 Created 
 Container rggdd2ccc0e43-node9-1 Created 
 Container rggdd2ccc0e43-node7-1 Created 
 Container rggdd2ccc0e43-node4-1 Created 
 Container rggdd2ccc0e43-driver-1 Creating 
 Container rggdd2ccc0e43-driver-1 Created 
 Container rggdd2ccc0e43-collector-1 Starting 
 Container rggdd2ccc0e43-collector-1 Started 
 Container rggdd2ccc0e43-node15-1 Starting 
 Container rggdd2ccc0e43-node0-1 Starting 
 Container rggdd2ccc0e43-node7-1 Starting 
 Container rggdd2ccc0e43-node2-1 Starting 
 Container rggdd2ccc0e43-node1-1 Starting 
 Container rggdd2ccc0e43-node13-1 Starting 
 Container rggdd2ccc0e43-node10-1 Starting 
 Container rggdd2ccc0e43-node14-1 Starting 
 Container rggdd2ccc0e43-node4-1 Starting 
 Container rggdd2ccc0e43-node11-1 Starting 
 Container rggdd2ccc0e43-node6-1 Starting 
 Container rggdd2ccc0e43-node9-1 Starting 
 Container rggdd2ccc0e43-node12-1 Starting 
 Container rggdd2ccc0e43-node5-1 Starting 
 Container rggdd2ccc0e43-node8-1 Starting 
 Container rggdd2ccc0e43-node3-1 Starting 
 Container rggdd2ccc0e43-node10-1 Started 
 Container rggdd2ccc0e43-node7-1 Started 
 Container rggdd2ccc0e43-node12-1 Started 
 Container rggdd2ccc0e43-node13-1 Started 
 Container rggdd2ccc0e43-node15-1 Started 
 Container rggdd2ccc0e43-node14-1 Started 
 Container rggdd2ccc0e43-node3-1 Started 
 Container rggdd2ccc0e43-node2-1 Started 
 Container rggdd2ccc0e43-node11-1 Started 
 Container rggdd2ccc0e43-node5-1 Started 
 Container rggdd2ccc0e43-node6-1 Started 
 Container rggdd2ccc0e43-node0-1 Started 
 Container rggdd2ccc0e43-node1-1 Started 
 Container rggdd2ccc0e43-node9-1 Started 
 Container rggdd2ccc0e43-node8-1 Started 
 Container rggdd2ccc0e43-node4-1 Started 
 Container rggdd2ccc0e43-driver-1 Starting 
 Container rggdd2ccc0e43-driver-1 Started 
0
