 Network rggdab6c19448_default Creating 
 Network rggdab6c19448_default Created 
 Container rggdab6c19448-collector-1 Creating 
 Container rggdab6c19448-collector-1 Created 
 Container rggdab6c19448-node14-1 Creating 
 Container rggdab6c19448-node7-1 Creating 
 Container rggdab6c19448-node13-1 Creating 
 Container rggdab6c19448-node8-1 Creating 
 Container rggdab6c19448-node4-1 Creating 
 Container rggdab6c19448-node15-1 Creating 
 Container rggdab6c19448-node3-1 Creating 
 Container rggdab6c19448-node9-1 Creating 
 Container rggdab6c19448-node6-1 Creating 
 Container rggdab6c19448-node12-1 Creating 
 Container rggdab6c19448-node11-1 Creating 
 Container rggdab6c19448-node5-1 Creating 
 Container rggdab6c19448-node2-1 Creating 
 Container rggdab6c19448-node10-1 Creating 
 Container rggdab6c19448-node0-1 Creating 
 Container rggdab6c19448-node1-1 Creating 
 Container rggdab6c19448-node12-1 Created 
 Container rggdab6c19448-node4-1 Created 
 Container rggdab6c19448-node0-1 Created 
 Container rggdab6c19448-node13-1 Created 
 Container rggdab6c19448-node15-1 Created 
 Container rggdab6c19448-node8-1 Created 
 Container rggdab6c19448-node5-1 Created 
 Container rggdab6c19448-node6-1 Created 
 Container rggdab6c19448-node1-1 Created 
 Container rggdab6c19448-node9-1 Created 
 Container rggdab6c19448-node3-1 Created 
 Container rggdab6c19448-node7-1 Created 
 Container rggdab6c19448-node10-1 Created 
 Container rggdab6c19448-node11-1 Created 
 Container rggdab6c19448-node14-1 Created 
 Container rggdab6c19448-node2-1 Created 
 Container rggdab6c19448-driver-1 Creating 
 Container rggdab6c19448-driver-1 Created 
 Container rggdab6c19448-collector-1 Starting 
 Container rggdab6c19448-collector-1 Started 
 Container rggdab6c19448-node0-1 Starting 
 Container rggdab6c19448-node15-1 Starting 
 Container rggdab6c19448-node8-1 Starting 
 Container rggdab6c19448-node10-1 Starting 
 Container rggdab6c19448-node9-1 Starting 
 Container rggdab6c19448-node12-1 Starting 
 Container rggdab6c19448-node11-1 Starting 
 Container rggdab6c19448-node13-1 Starting 
 Container rggdab6c19448-node3-1 Starting 
 Container rggdab6c19448-node14-1 Starting 
 Container rggdab6c19448-node2-1 Starting 
 Container rggdab6c19448-node7-1 Starting 
 Container rggdab6c19448-node1-1 Starting 
 Container rggdab6c19448-node5-1 Starting 
 Container rggdab6c19448-node6-1 Starting 
 Container rggdab6c19448-node4-1 Starting 
 Container rggdab6c19448-node0-1 Started 
 Container rggdab6c19448-node8-1 Started 
 Container rggdab6c19448-node5-1 Started 
 Container rggdab6c19448-node6-1 Started 
 Container rggdab6c19448-node15-1 Started 
 Container rggdab6c19448-node9-1 Started 
 Container rggdab6c19448-node11-1 Started 
 Container rggdab6c19448-node14-1 Started 
 Container rggdab6c19448-node7-1 Started 
 Container rggdab6c19448-node12-1 Started 
 Container rggdab6c19448-node3-1 Started 
 Container rggdab6c19448-node10-1 Started 
 Container rggdab6c19448-node13-1 Started 
 Container rggdab6c19448-node4-1 Started 
 Container rggdab6c19448-node1-1 Started 
 Container rggdab6c19448-node2-1 Started 
 Container rggdab6c19448-driver-1 Starting 
 Container rggdab6c19448-driver-1 Started 
0
