 Network rgg748035f7a9_default Creating 
 Network rgg748035f7a9_default Created 
 Container rgg748035f7a9-collector-1 Creating 
 Container rgg748035f7a9-collector-1 Created 
 Container rgg748035f7a9-node10-1 Creating 
 Container rgg748035f7a9-node5-1 Creating 
 Container rgg748035f7a9-node12-1 Creating 
 Container rgg748035f7a9-node11-1 Creating 
 Container rgg748035f7a9-node14-1 Creating 
 Container rgg748035f7a9-node9-1 Creating 
 Container rgg748035f7a9-node1-1 Creating 
 Container rgg748035f7a9-node7-1 Creating 
 Container rgg748035f7a9-node13-1 Creating 
 Container rgg748035f7a9-node15-1 Creating 
 Container rgg748035f7a9-node6-1 Creating 
 Container rgg748035f7a9-node4-1 Creating 
 Container rgg748035f7a9-node0-1 Creating 
 Container rgg748035f7a9-node2-1 Creating 
 Container rgg748035f7a9-node8-1 Creating 
 Container rgg748035f7a9-node3-1 Creating 
 Container rgg748035f7a9-node8-1 Created 
 Container rgg748035f7a9-node5-1 Created 
 Container rgg748035f7a9-node1-1 Created 
 Container rgg748035f7a9-node4-1 Created 
 Container rgg748035f7a9-node12-1 Created 
 Container rgg748035f7a9-node15-1 Created 
 Container rgg748035f7a9-node7-1 Created 
 Container rgg748035f7a9-node6-1 Created 
 Container rgg748035f7a9-node3-1 Created 
 Container rgg748035f7a9-node11-1 Created 
 Container rgg748035f7a9-node13-1 Created 
 Container rgg748035f7a9-node10-1 Created 
 Container rgg748035f7a9-node2-1 Created 
 Container rgg748035f7a9-node9-1 Created 
 Container rgg748035f7a9-node14-1 Created 
 Container rgg748035f7a9-node0-1 Created 
 Container rgg748035f7a9-collector-1 Starting 
 Container rgg748035f7a9-collector-1 Started 
 Container rgg748035f7a9-node1-1 Starting 
 Container rgg748035f7a9-node6-1 Starting 
 Container rgg748035f7a9-node15-1 Starting 
 Container rgg748035f7a9-node4-1 Starting 
 Container rgg748035f7a9-node12-1 Starting 
 Container rgg748035f7a9-node11-1 Starting 
 Container rgg748035f7a9-node7-1 Starting 
 Container rgg748035f7a9-node3-1 Starting 
 Container rgg748035f7a9-node9-1 Starting 
 Container rgg748035f7a9-node13-1 Starting 
 Container rgg748035f7a9-node0-1 Starting 
 Container rgg748035f7a9-node10-1 Starting 
 Container rgg748035f7a9-node8-1 Starting 
 Container rgg748035f7a9-node2-1 Starting 
 Container rgg748035f7a9-node5-1 Starting 
 Container rgg748035f7a9-node14-1 Starting 
 Container rgg748035f7a9-node15-1 Started 
 Container rgg748035f7a9-node14-1 Started 
 Container rgg748035f7a9-node10-1 Started 
 Container rgg748035f7a9-node6-1 Started 
 Container rgg748035f7a9-node7-1 Started 
 Container rgg748035f7a9-node1-1 Started 
 Container rgg748035f7a9-node8-1 Started 
 Container rgg748035f7a9-node3-1 Started 
 Container rgg748035f7a9-node5-1 Started 
 Container rgg748035f7a9-node4-1 Started 
 Container rgg748035f7a9-node2-1 Started 
 Container rgg748035f7a9-node13-1 Started 
 Container rgg748035f7a9-node9-1 Started 
 Container rgg748035f7a9-node11-1 Started 
 Container rgg748035f7a9-node0-1 Started 
 Container rgg748035f7a9-node12-1 Started 
READY_BARRIER: 15/16 node services ready
DRIVER_STARTED: 2026-07-15T13:56:20Z
0
