Preparing 4 committee slots (excluded from metrics)
Running 16 measured workflows at concurrency 4
Progress: 1/16
Progress: 2/16
Progress: 3/16
Progress: 4/16
Progress: 5/16
Progress: 6/16
Progress: 7/16
Progress: 8/16
Progress: 9/16
Progress: 10/16
Progress: 11/16
Progress: 12/16
Progress: 13/16
Progress: 14/16
Progress: 15/16
Progress: 16/16
{
  "operation_count": 160,
  "successful_operations": 160,
  "failed_operations": 0,
  "workflow_count": 16,
  "successful_workflows": 16,
  "failed_workflows": 0,
  "workflow_success_rate": 1.0,
  "measurement_duration_ms": 57840,
  "workflow_throughput_per_s": 0.276625172890733,
  "per_operation": {
    "fabric_post_allocation": {
      "count": 16,
      "success_count": 16,
      "failure_count": 0,
      "p50_ms": 2332,
      "p95_ms": 2368,
      "p99_ms": 2368
    },
    "fabric_post_snapshot": {
      "count": 16,
      "success_count": 16,
      "failure_count": 0,
      "p50_ms": 1351,
      "p95_ms": 2622,
      "p99_ms": 2622
    },
    "fabric_post_task": {
      "count": 16,
      "success_count": 16,
      "failure_count": 0,
      "p50_ms": 2434,
      "p95_ms": 2483,
      "p99_ms": 2483
    },
    "fabric_query_confirmation": {
      "count": 16,
      "success_count": 16,
      "failure_count": 0,
      "p50_ms": 133,
      "p95_ms": 324,
      "p99_ms": 324
    },
    "fabric_query_final": {
      "count": 16,
      "success_count": 16,
      "failure_count": 0,
      "p50_ms": 548,
      "p95_ms": 794,
      "p99_ms": 794
    },
    "fabric_settlement": {
      "count": 16,
      "success_count": 16,
      "failure_count": 0,
      "p50_ms": 2321,
      "p95_ms": 2526,
      "p99_ms": 2526
    },
    "fabric_vote_1": {
      "count": 16,
      "success_count": 16,
      "failure_count": 0,
      "p50_ms": 2271,
      "p95_ms": 2280,
      "p99_ms": 2280
    },
    "fabric_vote_2": {
      "count": 16,
      "success_count": 16,
      "failure_count": 0,
      "p50_ms": 2248,
      "p95_ms": 2280,
      "p99_ms": 2280
    },
    "ipfs_add": {
      "count": 16,
      "success_count": 16,
      "failure_count": 0,
      "p50_ms": 47,
      "p95_ms": 75,
      "p99_ms": 75
    },
    "ipfs_verify": {
      "count": 16,
      "success_count": 16,
      "failure_count": 0,
      "p50_ms": 8,
      "p95_ms": 9,
      "p99_ms": 9
    }
  },
  "evidence_record_count": 256,
  "evidence_record_throughput_per_s": 4.426002766251728
}
Results: /mnt/c/Users/guan/Desktop/zte-sci/experiments/exp-local/results/b2-ablation-formal-20260705T171313Z/b2-ablation-b16-c4-r3/fabric/b2-fabric-b16-c4-r3
