 Network rgg9220cba1b7_default Creating 
 Network rgg9220cba1b7_default Created 
 Container rgg9220cba1b7-collector-1 Creating 
 Container rgg9220cba1b7-collector-1 Created 
 Container rgg9220cba1b7-node11-1 Creating 
 Container rgg9220cba1b7-node3-1 Creating 
 Container rgg9220cba1b7-node17-1 Creating 
 Container rgg9220cba1b7-node0-1 Creating 
 Container rgg9220cba1b7-node18-1 Creating 
 Container rgg9220cba1b7-node2-1 Creating 
 Container rgg9220cba1b7-node10-1 Creating 
 Container rgg9220cba1b7-node16-1 Creating 
 Container rgg9220cba1b7-node22-1 Creating 
 Container rgg9220cba1b7-node8-1 Creating 
 Container rgg9220cba1b7-node19-1 Creating 
 Container rgg9220cba1b7-node5-1 Creating 
 Container rgg9220cba1b7-node7-1 Creating 
 Container rgg9220cba1b7-node12-1 Creating 
 Container rgg9220cba1b7-node13-1 Creating 
 Container rgg9220cba1b7-node20-1 Creating 
 Container rgg9220cba1b7-node1-1 Creating 
 Container rgg9220cba1b7-node21-1 Creating 
 Container rgg9220cba1b7-node6-1 Creating 
 Container rgg9220cba1b7-node4-1 Creating 
 Container rgg9220cba1b7-node23-1 Creating 
 Container rgg9220cba1b7-node14-1 Creating 
 Container rgg9220cba1b7-node9-1 Creating 
 Container rgg9220cba1b7-node15-1 Creating 
 Container rgg9220cba1b7-node17-1 Created 
 Container rgg9220cba1b7-node0-1 Created 
 Container rgg9220cba1b7-node10-1 Created 
 Container rgg9220cba1b7-node16-1 Created 
 Container rgg9220cba1b7-node6-1 Created 
 Container rgg9220cba1b7-node19-1 Created 
 Container rgg9220cba1b7-node20-1 Created 
 Container rgg9220cba1b7-node11-1 Created 
 Container rgg9220cba1b7-node12-1 Created 
 Container rgg9220cba1b7-node3-1 Created 
 Container rgg9220cba1b7-node14-1 Created 
 Container rgg9220cba1b7-node7-1 Created 
 Container rgg9220cba1b7-node8-1 Created 
 Container rgg9220cba1b7-node22-1 Created 
 Container rgg9220cba1b7-node4-1 Created 
 Container rgg9220cba1b7-node23-1 Created 
 Container rgg9220cba1b7-node13-1 Created 
 Container rgg9220cba1b7-node1-1 Created 
 Container rgg9220cba1b7-node21-1 Created 
 Container rgg9220cba1b7-node5-1 Created 
 Container rgg9220cba1b7-node2-1 Created 
 Container rgg9220cba1b7-node15-1 Created 
 Container rgg9220cba1b7-node18-1 Created 
 Container rgg9220cba1b7-node9-1 Created 
 Container rgg9220cba1b7-driver-1 Creating 
 Container rgg9220cba1b7-driver-1 Created 
 Container rgg9220cba1b7-collector-1 Starting 
 Container rgg9220cba1b7-collector-1 Started 
 Container rgg9220cba1b7-node3-1 Starting 
 Container rgg9220cba1b7-node19-1 Starting 
 Container rgg9220cba1b7-node6-1 Starting 
 Container rgg9220cba1b7-node14-1 Starting 
 Container rgg9220cba1b7-node5-1 Starting 
 Container rgg9220cba1b7-node21-1 Starting 
 Container rgg9220cba1b7-node4-1 Starting 
 Container rgg9220cba1b7-node1-1 Starting 
 Container rgg9220cba1b7-node7-1 Starting 
 Container rgg9220cba1b7-node0-1 Starting 
 Container rgg9220cba1b7-node20-1 Starting 
 Container rgg9220cba1b7-node8-1 Starting 
 Container rgg9220cba1b7-node12-1 Starting 
 Container rgg9220cba1b7-node11-1 Starting 
 Container rgg9220cba1b7-node23-1 Starting 
 Container rgg9220cba1b7-node17-1 Starting 
 Container rgg9220cba1b7-node9-1 Starting 
 Container rgg9220cba1b7-node18-1 Starting 
 Container rgg9220cba1b7-node2-1 Starting 
 Container rgg9220cba1b7-node22-1 Starting 
 Container rgg9220cba1b7-node10-1 Starting 
 Container rgg9220cba1b7-node13-1 Starting 
 Container rgg9220cba1b7-node16-1 Starting 
 Container rgg9220cba1b7-node15-1 Starting 
 Container rgg9220cba1b7-node20-1 Started 
 Container rgg9220cba1b7-node23-1 Started 
 Container rgg9220cba1b7-node15-1 Started 
 Container rgg9220cba1b7-node3-1 Started 
 Container rgg9220cba1b7-node1-1 Started 
 Container rgg9220cba1b7-node18-1 Started 
 Container rgg9220cba1b7-node5-1 Started 
 Container rgg9220cba1b7-node19-1 Started 
 Container rgg9220cba1b7-node4-1 Started 
 Container rgg9220cba1b7-node10-1 Started 
 Container rgg9220cba1b7-node12-1 Started 
 Container rgg9220cba1b7-node0-1 Started 
 Container rgg9220cba1b7-node16-1 Started 
 Container rgg9220cba1b7-node2-1 Started 
 Container rgg9220cba1b7-node17-1 Started 
 Container rgg9220cba1b7-node21-1 Started 
 Container rgg9220cba1b7-node7-1 Started 
 Container rgg9220cba1b7-node8-1 Started 
 Container rgg9220cba1b7-node14-1 Started 
 Container rgg9220cba1b7-node9-1 Started 
 Container rgg9220cba1b7-node6-1 Started 
 Container rgg9220cba1b7-node22-1 Started 
 Container rgg9220cba1b7-node11-1 Started 
 Container rgg9220cba1b7-node13-1 Started 
 Container rgg9220cba1b7-driver-1 Starting 
 Container rgg9220cba1b7-driver-1 Started 
0
