 Network rggc4f81f82f1_default Creating 
 Network rggc4f81f82f1_default Created 
 Container rggc4f81f82f1-collector-1 Creating 
 Container rggc4f81f82f1-collector-1 Created 
 Container rggc4f81f82f1-node21-1 Creating 
 Container rggc4f81f82f1-node10-1 Creating 
 Container rggc4f81f82f1-node18-1 Creating 
 Container rggc4f81f82f1-node0-1 Creating 
 Container rggc4f81f82f1-node4-1 Creating 
 Container rggc4f81f82f1-node8-1 Creating 
 Container rggc4f81f82f1-node22-1 Creating 
 Container rggc4f81f82f1-node14-1 Creating 
 Container rggc4f81f82f1-node9-1 Creating 
 Container rggc4f81f82f1-node11-1 Creating 
 Container rggc4f81f82f1-node3-1 Creating 
 Container rggc4f81f82f1-node19-1 Creating 
 Container rggc4f81f82f1-node7-1 Creating 
 Container rggc4f81f82f1-node16-1 Creating 
 Container rggc4f81f82f1-node5-1 Creating 
 Container rggc4f81f82f1-node12-1 Creating 
 Container rggc4f81f82f1-node23-1 Creating 
 Container rggc4f81f82f1-node13-1 Creating 
 Container rggc4f81f82f1-node2-1 Creating 
 Container rggc4f81f82f1-node20-1 Creating 
 Container rggc4f81f82f1-node17-1 Creating 
 Container rggc4f81f82f1-node15-1 Creating 
 Container rggc4f81f82f1-node6-1 Creating 
 Container rggc4f81f82f1-node1-1 Creating 
 Container rggc4f81f82f1-node18-1 Created 
 Container rggc4f81f82f1-node10-1 Created 
 Container rggc4f81f82f1-node14-1 Created 
 Container rggc4f81f82f1-node11-1 Created 
 Container rggc4f81f82f1-node19-1 Created 
 Container rggc4f81f82f1-node7-1 Created 
 Container rggc4f81f82f1-node5-1 Created 
 Container rggc4f81f82f1-node16-1 Created 
 Container rggc4f81f82f1-node8-1 Created 
 Container rggc4f81f82f1-node0-1 Created 
 Container rggc4f81f82f1-node3-1 Created 
 Container rggc4f81f82f1-node12-1 Created 
 Container rggc4f81f82f1-node9-1 Created 
 Container rggc4f81f82f1-node22-1 Created 
 Container rggc4f81f82f1-node2-1 Created 
 Container rggc4f81f82f1-node13-1 Created 
 Container rggc4f81f82f1-node21-1 Created 
 Container rggc4f81f82f1-node15-1 Created 
 Container rggc4f81f82f1-node4-1 Created 
 Container rggc4f81f82f1-node1-1 Created 
 Container rggc4f81f82f1-node23-1 Created 
 Container rggc4f81f82f1-node6-1 Created 
 Container rggc4f81f82f1-node17-1 Created 
 Container rggc4f81f82f1-node20-1 Created 
 Container rggc4f81f82f1-driver-1 Creating 
 Container rggc4f81f82f1-driver-1 Created 
 Container rggc4f81f82f1-collector-1 Starting 
 Container rggc4f81f82f1-collector-1 Started 
 Container rggc4f81f82f1-node1-1 Starting 
 Container rggc4f81f82f1-node16-1 Starting 
 Container rggc4f81f82f1-node4-1 Starting 
 Container rggc4f81f82f1-node14-1 Starting 
 Container rggc4f81f82f1-node21-1 Starting 
 Container rggc4f81f82f1-node8-1 Starting 
 Container rggc4f81f82f1-node3-1 Starting 
 Container rggc4f81f82f1-node9-1 Starting 
 Container rggc4f81f82f1-node11-1 Starting 
 Container rggc4f81f82f1-node23-1 Starting 
 Container rggc4f81f82f1-node19-1 Starting 
 Container rggc4f81f82f1-node20-1 Starting 
 Container rggc4f81f82f1-node17-1 Starting 
 Container rggc4f81f82f1-node7-1 Starting 
 Container rggc4f81f82f1-node6-1 Starting 
 Container rggc4f81f82f1-node12-1 Starting 
 Container rggc4f81f82f1-node2-1 Starting 
 Container rggc4f81f82f1-node22-1 Starting 
 Container rggc4f81f82f1-node0-1 Starting 
 Container rggc4f81f82f1-node13-1 Starting 
 Container rggc4f81f82f1-node10-1 Starting 
 Container rggc4f81f82f1-node5-1 Starting 
 Container rggc4f81f82f1-node18-1 Starting 
 Container rggc4f81f82f1-node15-1 Starting 
 Container rggc4f81f82f1-node3-1 Started 
 Container rggc4f81f82f1-node10-1 Started 
 Container rggc4f81f82f1-node16-1 Started 
 Container rggc4f81f82f1-node1-1 Started 
 Container rggc4f81f82f1-node11-1 Started 
 Container rggc4f81f82f1-node20-1 Started 
 Container rggc4f81f82f1-node8-1 Started 
 Container rggc4f81f82f1-node19-1 Started 
 Container rggc4f81f82f1-node0-1 Started 
 Container rggc4f81f82f1-node15-1 Started 
 Container rggc4f81f82f1-node23-1 Started 
 Container rggc4f81f82f1-node6-1 Started 
 Container rggc4f81f82f1-node2-1 Started 
 Container rggc4f81f82f1-node13-1 Started 
 Container rggc4f81f82f1-node12-1 Started 
 Container rggc4f81f82f1-node22-1 Started 
 Container rggc4f81f82f1-node5-1 Started 
 Container rggc4f81f82f1-node14-1 Started 
 Container rggc4f81f82f1-node17-1 Started 
 Container rggc4f81f82f1-node18-1 Started 
 Container rggc4f81f82f1-node9-1 Started 
 Container rggc4f81f82f1-node7-1 Started 
 Container rggc4f81f82f1-node21-1 Started 
 Container rggc4f81f82f1-node4-1 Started 
 Container rggc4f81f82f1-driver-1 Starting 
 Container rggc4f81f82f1-driver-1 Started 
0
