 Network rgg2c4988462b_default Creating 
 Network rgg2c4988462b_default Created 
 Container rgg2c4988462b-collector-1 Creating 
 Container rgg2c4988462b-collector-1 Created 
 Container rgg2c4988462b-node18-1 Creating 
 Container rgg2c4988462b-node23-1 Creating 
 Container rgg2c4988462b-node0-1 Creating 
 Container rgg2c4988462b-node17-1 Creating 
 Container rgg2c4988462b-node10-1 Creating 
 Container rgg2c4988462b-node8-1 Creating 
 Container rgg2c4988462b-node3-1 Creating 
 Container rgg2c4988462b-node6-1 Creating 
 Container rgg2c4988462b-node5-1 Creating 
 Container rgg2c4988462b-node15-1 Creating 
 Container rgg2c4988462b-node9-1 Creating 
 Container rgg2c4988462b-node1-1 Creating 
 Container rgg2c4988462b-node22-1 Creating 
 Container rgg2c4988462b-node2-1 Creating 
 Container rgg2c4988462b-node19-1 Creating 
 Container rgg2c4988462b-node14-1 Creating 
 Container rgg2c4988462b-node21-1 Creating 
 Container rgg2c4988462b-node12-1 Creating 
 Container rgg2c4988462b-node16-1 Creating 
 Container rgg2c4988462b-node11-1 Creating 
 Container rgg2c4988462b-node20-1 Creating 
 Container rgg2c4988462b-node13-1 Creating 
 Container rgg2c4988462b-node7-1 Creating 
 Container rgg2c4988462b-node4-1 Creating 
 Container rgg2c4988462b-node0-1 Created 
 Container rgg2c4988462b-node22-1 Created 
 Container rgg2c4988462b-node9-1 Created 
 Container rgg2c4988462b-node18-1 Created 
 Container rgg2c4988462b-node12-1 Created 
 Container rgg2c4988462b-node23-1 Created 
 Container rgg2c4988462b-node14-1 Created 
 Container rgg2c4988462b-node4-1 Created 
 Container rgg2c4988462b-node17-1 Created 
 Container rgg2c4988462b-node15-1 Created 
 Container rgg2c4988462b-node7-1 Created 
 Container rgg2c4988462b-node19-1 Created 
 Container rgg2c4988462b-node11-1 Created 
 Container rgg2c4988462b-node13-1 Created 
 Container rgg2c4988462b-node10-1 Created 
 Container rgg2c4988462b-node3-1 Created 
 Container rgg2c4988462b-node20-1 Created 
 Container rgg2c4988462b-node5-1 Created 
 Container rgg2c4988462b-node8-1 Created 
 Container rgg2c4988462b-node2-1 Created 
 Container rgg2c4988462b-node21-1 Created 
 Container rgg2c4988462b-node16-1 Created 
 Container rgg2c4988462b-node1-1 Created 
 Container rgg2c4988462b-node6-1 Created 
 Container rgg2c4988462b-collector-1 Starting 
 Container rgg2c4988462b-collector-1 Started 
 Container rgg2c4988462b-node20-1 Starting 
 Container rgg2c4988462b-node13-1 Starting 
 Container rgg2c4988462b-node3-1 Starting 
 Container rgg2c4988462b-node5-1 Starting 
 Container rgg2c4988462b-node8-1 Starting 
 Container rgg2c4988462b-node15-1 Starting 
 Container rgg2c4988462b-node22-1 Starting 
 Container rgg2c4988462b-node14-1 Starting 
 Container rgg2c4988462b-node6-1 Starting 
 Container rgg2c4988462b-node16-1 Starting 
 Container rgg2c4988462b-node7-1 Starting 
 Container rgg2c4988462b-node19-1 Starting 
 Container rgg2c4988462b-node11-1 Starting 
 Container rgg2c4988462b-node4-1 Starting 
 Container rgg2c4988462b-node21-1 Starting 
 Container rgg2c4988462b-node18-1 Starting 
 Container rgg2c4988462b-node10-1 Starting 
 Container rgg2c4988462b-node23-1 Starting 
 Container rgg2c4988462b-node9-1 Starting 
 Container rgg2c4988462b-node12-1 Starting 
 Container rgg2c4988462b-node17-1 Starting 
 Container rgg2c4988462b-node0-1 Starting 
 Container rgg2c4988462b-node2-1 Starting 
 Container rgg2c4988462b-node1-1 Starting 
 Container rgg2c4988462b-node16-1 Started 
 Container rgg2c4988462b-node21-1 Started 
 Container rgg2c4988462b-node6-1 Started 
 Container rgg2c4988462b-node2-1 Started 
 Container rgg2c4988462b-node20-1 Started 
 Container rgg2c4988462b-node17-1 Started 
 Container rgg2c4988462b-node13-1 Started 
 Container rgg2c4988462b-node23-1 Started 
 Container rgg2c4988462b-node3-1 Started 
 Container rgg2c4988462b-node5-1 Started 
 Container rgg2c4988462b-node11-1 Started 
 Container rgg2c4988462b-node7-1 Started 
 Container rgg2c4988462b-node22-1 Started 
 Container rgg2c4988462b-node15-1 Started 
 Container rgg2c4988462b-node12-1 Started 
 Container rgg2c4988462b-node18-1 Started 
 Container rgg2c4988462b-node4-1 Started 
 Container rgg2c4988462b-node10-1 Started 
 Container rgg2c4988462b-node1-1 Started 
 Container rgg2c4988462b-node19-1 Started 
 Container rgg2c4988462b-node0-1 Started 
 Container rgg2c4988462b-node8-1 Started 
 Container rgg2c4988462b-node9-1 Started 
 Container rgg2c4988462b-node14-1 Started 
DRIVER_STARTED: 2026-07-15T05:03:33Z
0
