 Network rggfaac77c636_default Creating 
 Network rggfaac77c636_default Created 
 Container rggfaac77c636-collector-1 Creating 
 Container rggfaac77c636-collector-1 Created 
 Container rggfaac77c636-node9-1 Creating 
 Container rggfaac77c636-node0-1 Creating 
 Container rggfaac77c636-node5-1 Creating 
 Container rggfaac77c636-node21-1 Creating 
 Container rggfaac77c636-node2-1 Creating 
 Container rggfaac77c636-node7-1 Creating 
 Container rggfaac77c636-node17-1 Creating 
 Container rggfaac77c636-node13-1 Creating 
 Container rggfaac77c636-node3-1 Creating 
 Container rggfaac77c636-node11-1 Creating 
 Container rggfaac77c636-node23-1 Creating 
 Container rggfaac77c636-node16-1 Creating 
 Container rggfaac77c636-node18-1 Creating 
 Container rggfaac77c636-node12-1 Creating 
 Container rggfaac77c636-node20-1 Creating 
 Container rggfaac77c636-node6-1 Creating 
 Container rggfaac77c636-node8-1 Creating 
 Container rggfaac77c636-node4-1 Creating 
 Container rggfaac77c636-node19-1 Creating 
 Container rggfaac77c636-node22-1 Creating 
 Container rggfaac77c636-node1-1 Creating 
 Container rggfaac77c636-node15-1 Creating 
 Container rggfaac77c636-node10-1 Creating 
 Container rggfaac77c636-node14-1 Creating 
 Container rggfaac77c636-node23-1 Created 
 Container rggfaac77c636-node3-1 Created 
 Container rggfaac77c636-node20-1 Created 
 Container rggfaac77c636-node0-1 Created 
 Container rggfaac77c636-node10-1 Created 
 Container rggfaac77c636-node4-1 Created 
 Container rggfaac77c636-node14-1 Created 
 Container rggfaac77c636-node11-1 Created 
 Container rggfaac77c636-node18-1 Created 
 Container rggfaac77c636-node17-1 Created 
 Container rggfaac77c636-node12-1 Created 
 Container rggfaac77c636-node1-1 Created 
 Container rggfaac77c636-node13-1 Created 
 Container rggfaac77c636-node15-1 Created 
 Container rggfaac77c636-node8-1 Created 
 Container rggfaac77c636-node22-1 Created 
 Container rggfaac77c636-node19-1 Created 
 Container rggfaac77c636-node6-1 Created 
 Container rggfaac77c636-node21-1 Created 
 Container rggfaac77c636-node2-1 Created 
 Container rggfaac77c636-node16-1 Created 
 Container rggfaac77c636-node5-1 Created 
 Container rggfaac77c636-node7-1 Created 
 Container rggfaac77c636-node9-1 Created 
 Container rggfaac77c636-driver-1 Creating 
 Container rggfaac77c636-driver-1 Created 
 Container rggfaac77c636-collector-1 Starting 
 Container rggfaac77c636-collector-1 Started 
 Container rggfaac77c636-node20-1 Starting 
 Container rggfaac77c636-node18-1 Starting 
 Container rggfaac77c636-node5-1 Starting 
 Container rggfaac77c636-node21-1 Starting 
 Container rggfaac77c636-node14-1 Starting 
 Container rggfaac77c636-node4-1 Starting 
 Container rggfaac77c636-node12-1 Starting 
 Container rggfaac77c636-node19-1 Starting 
 Container rggfaac77c636-node10-1 Starting 
 Container rggfaac77c636-node15-1 Starting 
 Container rggfaac77c636-node9-1 Starting 
 Container rggfaac77c636-node0-1 Starting 
 Container rggfaac77c636-node3-1 Starting 
 Container rggfaac77c636-node23-1 Starting 
 Container rggfaac77c636-node1-1 Starting 
 Container rggfaac77c636-node6-1 Starting 
 Container rggfaac77c636-node13-1 Starting 
 Container rggfaac77c636-node11-1 Starting 
 Container rggfaac77c636-node17-1 Starting 
 Container rggfaac77c636-node22-1 Starting 
 Container rggfaac77c636-node7-1 Starting 
 Container rggfaac77c636-node2-1 Starting 
 Container rggfaac77c636-node8-1 Starting 
 Container rggfaac77c636-node16-1 Starting 
 Container rggfaac77c636-node5-1 Started 
 Container rggfaac77c636-node18-1 Started 
 Container rggfaac77c636-node8-1 Started 
 Container rggfaac77c636-node3-1 Started 
 Container rggfaac77c636-node20-1 Started 
 Container rggfaac77c636-node17-1 Started 
 Container rggfaac77c636-node4-1 Started 
 Container rggfaac77c636-node19-1 Started 
 Container rggfaac77c636-node9-1 Started 
 Container rggfaac77c636-node6-1 Started 
 Container rggfaac77c636-node0-1 Started 
 Container rggfaac77c636-node21-1 Started 
 Container rggfaac77c636-node12-1 Started 
 Container rggfaac77c636-node23-1 Started 
 Container rggfaac77c636-node10-1 Started 
 Container rggfaac77c636-node14-1 Started 
 Container rggfaac77c636-node11-1 Started 
 Container rggfaac77c636-node2-1 Started 
 Container rggfaac77c636-node16-1 Started 
 Container rggfaac77c636-node1-1 Started 
 Container rggfaac77c636-node7-1 Started 
 Container rggfaac77c636-node13-1 Started 
 Container rggfaac77c636-node15-1 Started 
 Container rggfaac77c636-node22-1 Started 
 Container rggfaac77c636-driver-1 Starting 
 Container rggfaac77c636-driver-1 Started 
0
