 Network rgg7371f4faa2_default Creating 
 Network rgg7371f4faa2_default Created 
 Container rgg7371f4faa2-collector-1 Creating 
 Container rgg7371f4faa2-collector-1 Created 
 Container rgg7371f4faa2-node2-1 Creating 
 Container rgg7371f4faa2-node9-1 Creating 
 Container rgg7371f4faa2-node1-1 Creating 
 Container rgg7371f4faa2-node4-1 Creating 
 Container rgg7371f4faa2-node6-1 Creating 
 Container rgg7371f4faa2-node3-1 Creating 
 Container rgg7371f4faa2-node14-1 Creating 
 Container rgg7371f4faa2-node7-1 Creating 
 Container rgg7371f4faa2-node12-1 Creating 
 Container rgg7371f4faa2-node11-1 Creating 
 Container rgg7371f4faa2-node5-1 Creating 
 Container rgg7371f4faa2-node10-1 Creating 
 Container rgg7371f4faa2-node0-1 Creating 
 Container rgg7371f4faa2-node15-1 Creating 
 Container rgg7371f4faa2-node13-1 Creating 
 Container rgg7371f4faa2-node8-1 Creating 
 Container rgg7371f4faa2-node0-1 Created 
 Container rgg7371f4faa2-node3-1 Created 
 Container rgg7371f4faa2-node8-1 Created 
 Container rgg7371f4faa2-node5-1 Created 
 Container rgg7371f4faa2-node10-1 Created 
 Container rgg7371f4faa2-node13-1 Created 
 Container rgg7371f4faa2-node1-1 Created 
 Container rgg7371f4faa2-node7-1 Created 
 Container rgg7371f4faa2-node15-1 Created 
 Container rgg7371f4faa2-node6-1 Created 
 Container rgg7371f4faa2-node4-1 Created 
 Container rgg7371f4faa2-node14-1 Created 
 Container rgg7371f4faa2-node2-1 Created 
 Container rgg7371f4faa2-node12-1 Created 
 Container rgg7371f4faa2-node9-1 Created 
 Container rgg7371f4faa2-node11-1 Created 
 Container rgg7371f4faa2-collector-1 Starting 
 Container rgg7371f4faa2-collector-1 Started 
 Container rgg7371f4faa2-node11-1 Starting 
 Container rgg7371f4faa2-node8-1 Starting 
 Container rgg7371f4faa2-node6-1 Starting 
 Container rgg7371f4faa2-node4-1 Starting 
 Container rgg7371f4faa2-node7-1 Starting 
 Container rgg7371f4faa2-node5-1 Starting 
 Container rgg7371f4faa2-node15-1 Starting 
 Container rgg7371f4faa2-node0-1 Starting 
 Container rgg7371f4faa2-node2-1 Starting 
 Container rgg7371f4faa2-node10-1 Starting 
 Container rgg7371f4faa2-node1-1 Starting 
 Container rgg7371f4faa2-node14-1 Starting 
 Container rgg7371f4faa2-node12-1 Starting 
 Container rgg7371f4faa2-node9-1 Starting 
 Container rgg7371f4faa2-node13-1 Starting 
 Container rgg7371f4faa2-node3-1 Starting 
 Container rgg7371f4faa2-node4-1 Started 
 Container rgg7371f4faa2-node6-1 Started 
 Container rgg7371f4faa2-node3-1 Started 
 Container rgg7371f4faa2-node10-1 Started 
 Container rgg7371f4faa2-node8-1 Started 
 Container rgg7371f4faa2-node0-1 Started 
 Container rgg7371f4faa2-node11-1 Started 
 Container rgg7371f4faa2-node7-1 Started 
 Container rgg7371f4faa2-node14-1 Started 
 Container rgg7371f4faa2-node1-1 Started 
 Container rgg7371f4faa2-node12-1 Started 
 Container rgg7371f4faa2-node5-1 Started 
 Container rgg7371f4faa2-node15-1 Started 
 Container rgg7371f4faa2-node9-1 Started 
 Container rgg7371f4faa2-node2-1 Started 
 Container rgg7371f4faa2-node13-1 Started 
READY_BARRIER: 15/16 node services ready
DRIVER_STARTED: 2026-07-26T22:36:00Z
0
