 Network rgg274625baee_default Creating 
 Network rgg274625baee_default Created 
 Container rgg274625baee-collector-1 Creating 
 Container rgg274625baee-collector-1 Created 
 Container rgg274625baee-node7-1 Creating 
 Container rgg274625baee-node10-1 Creating 
 Container rgg274625baee-node4-1 Creating 
 Container rgg274625baee-node15-1 Creating 
 Container rgg274625baee-node6-1 Creating 
 Container rgg274625baee-node9-1 Creating 
 Container rgg274625baee-node5-1 Creating 
 Container rgg274625baee-node22-1 Creating 
 Container rgg274625baee-node21-1 Creating 
 Container rgg274625baee-node8-1 Creating 
 Container rgg274625baee-node18-1 Creating 
 Container rgg274625baee-node12-1 Creating 
 Container rgg274625baee-node20-1 Creating 
 Container rgg274625baee-node17-1 Creating 
 Container rgg274625baee-node16-1 Creating 
 Container rgg274625baee-node3-1 Creating 
 Container rgg274625baee-node13-1 Creating 
 Container rgg274625baee-node0-1 Creating 
 Container rgg274625baee-node2-1 Creating 
 Container rgg274625baee-node14-1 Creating 
 Container rgg274625baee-node11-1 Creating 
 Container rgg274625baee-node23-1 Creating 
 Container rgg274625baee-node19-1 Creating 
 Container rgg274625baee-node1-1 Creating 
 Container rgg274625baee-node4-1 Created 
 Container rgg274625baee-node18-1 Created 
 Container rgg274625baee-node16-1 Created 
 Container rgg274625baee-node7-1 Created 
 Container rgg274625baee-node1-1 Created 
 Container rgg274625baee-node21-1 Created 
 Container rgg274625baee-node17-1 Created 
 Container rgg274625baee-node19-1 Created 
 Container rgg274625baee-node20-1 Created 
 Container rgg274625baee-node9-1 Created 
 Container rgg274625baee-node6-1 Created 
 Container rgg274625baee-node10-1 Created 
 Container rgg274625baee-node14-1 Created 
 Container rgg274625baee-node0-1 Created 
 Container rgg274625baee-node5-1 Created 
 Container rgg274625baee-node22-1 Created 
 Container rgg274625baee-node15-1 Created 
 Container rgg274625baee-node13-1 Created 
 Container rgg274625baee-node23-1 Created 
 Container rgg274625baee-node12-1 Created 
 Container rgg274625baee-node3-1 Created 
 Container rgg274625baee-node8-1 Created 
 Container rgg274625baee-node2-1 Created 
 Container rgg274625baee-node11-1 Created 
 Container rgg274625baee-collector-1 Starting 
 Container rgg274625baee-collector-1 Started 
 Container rgg274625baee-node0-1 Starting 
 Container rgg274625baee-node5-1 Starting 
 Container rgg274625baee-node14-1 Starting 
 Container rgg274625baee-node21-1 Starting 
 Container rgg274625baee-node13-1 Starting 
 Container rgg274625baee-node8-1 Starting 
 Container rgg274625baee-node10-1 Starting 
 Container rgg274625baee-node16-1 Starting 
 Container rgg274625baee-node12-1 Starting 
 Container rgg274625baee-node9-1 Starting 
 Container rgg274625baee-node17-1 Starting 
 Container rgg274625baee-node18-1 Starting 
 Container rgg274625baee-node22-1 Starting 
 Container rgg274625baee-node3-1 Starting 
 Container rgg274625baee-node1-1 Starting 
 Container rgg274625baee-node11-1 Starting 
 Container rgg274625baee-node23-1 Starting 
 Container rgg274625baee-node19-1 Starting 
 Container rgg274625baee-node2-1 Starting 
 Container rgg274625baee-node20-1 Starting 
 Container rgg274625baee-node6-1 Starting 
 Container rgg274625baee-node15-1 Starting 
 Container rgg274625baee-node7-1 Starting 
 Container rgg274625baee-node4-1 Starting 
 Container rgg274625baee-node13-1 Started 
 Container rgg274625baee-node16-1 Started 
 Container rgg274625baee-node9-1 Started 
 Container rgg274625baee-node11-1 Started 
 Container rgg274625baee-node5-1 Started 
 Container rgg274625baee-node12-1 Started 
 Container rgg274625baee-node2-1 Started 
 Container rgg274625baee-node15-1 Started 
 Container rgg274625baee-node7-1 Started 
 Container rgg274625baee-node18-1 Started 
 Container rgg274625baee-node3-1 Started 
 Container rgg274625baee-node0-1 Started 
 Container rgg274625baee-node4-1 Started 
 Container rgg274625baee-node19-1 Started 
 Container rgg274625baee-node1-1 Started 
 Container rgg274625baee-node8-1 Started 
 Container rgg274625baee-node22-1 Started 
 Container rgg274625baee-node21-1 Started 
 Container rgg274625baee-node20-1 Started 
 Container rgg274625baee-node10-1 Started 
 Container rgg274625baee-node23-1 Started 
 Container rgg274625baee-node6-1 Started 
 Container rgg274625baee-node17-1 Started 
 Container rgg274625baee-node14-1 Started 
NETEM_APPLIED node0 iface=eth0: qdisc netem 82a9: root refcnt 17 limit 1000 delay 10ms  2ms seed 9632819636878409645
NETEM_APPLIED node1 iface=eth0: qdisc netem 82aa: root refcnt 17 limit 1000 delay 10ms  2ms seed 12984567668956504534
NETEM_APPLIED node2 iface=eth0: qdisc netem 82ab: root refcnt 17 limit 1000 delay 10ms  2ms seed 17574409035132205953
NETEM_APPLIED node3 iface=eth0: qdisc netem 82ac: root refcnt 17 limit 1000 delay 10ms  2ms seed 13291953825083027479
NETEM_APPLIED node4 iface=eth0: qdisc netem 82ad: root refcnt 17 limit 1000 delay 10ms  2ms seed 1318290228201699261
NETEM_APPLIED node5 iface=eth0: qdisc netem 82ae: root refcnt 17 limit 1000 delay 10ms  2ms seed 1135049558644187691
NETEM_APPLIED node6 iface=eth0: qdisc netem 82af: root refcnt 17 limit 1000 delay 10ms  2ms seed 5049580205233949304
NETEM_APPLIED node7 iface=eth0: qdisc netem 82b0: root refcnt 17 limit 1000 delay 10ms  2ms seed 8850338625649907273
NETEM_APPLIED node8 iface=eth0: qdisc netem 82b1: root refcnt 17 limit 1000 delay 10ms  2ms seed 8382452206224707703
NETEM_APPLIED node9 iface=eth0: qdisc netem 82b2: root refcnt 17 limit 1000 delay 10ms  2ms seed 13782571990187577571
NETEM_APPLIED node10 iface=eth0: qdisc netem 82b3: root refcnt 17 limit 1000 delay 10ms  2ms seed 6336506375061830884
NETEM_APPLIED node11 iface=eth0: qdisc netem 82b4: root refcnt 17 limit 1000 delay 10ms  2ms seed 9870223629822501368
NETEM_APPLIED node12 iface=eth0: qdisc netem 82b5: root refcnt 17 limit 1000 delay 10ms  2ms seed 12439953584030907899
NETEM_APPLIED node13 iface=eth0: qdisc netem 82b6: root refcnt 17 limit 1000 delay 10ms  2ms seed 1043920026661454015
NETEM_APPLIED node14 iface=eth0: qdisc netem 82b7: root refcnt 17 limit 1000 delay 10ms  2ms seed 17695641502779240513
NETEM_APPLIED node15 iface=eth0: qdisc netem 82b8: root refcnt 17 limit 1000 delay 10ms  2ms seed 7768317054211630121
NETEM_APPLIED node16 iface=eth0: qdisc netem 82b9: root refcnt 17 limit 1000 delay 10ms  2ms seed 9938770238426235785
NETEM_APPLIED node17 iface=eth0: qdisc netem 82ba: root refcnt 17 limit 1000 delay 10ms  2ms seed 3495408003237476328
NETEM_APPLIED node18 iface=eth0: qdisc netem 82bb: root refcnt 17 limit 1000 delay 10ms  2ms seed 12923335815222253186
NETEM_APPLIED node19 iface=eth0: qdisc netem 82bc: root refcnt 17 limit 1000 delay 10ms  2ms seed 17027102128605251788
NETEM_APPLIED node20 iface=eth0: qdisc netem 82bd: root refcnt 17 limit 1000 delay 10ms  2ms seed 1360187475723876163
NETEM_APPLIED node21 iface=eth0: qdisc netem 82be: root refcnt 17 limit 1000 delay 10ms  2ms seed 11394322636037886504
NETEM_APPLIED node22 iface=eth0: qdisc netem 82bf: root refcnt 17 limit 1000 delay 10ms  2ms seed 15962443058003216152
NETEM_APPLIED node23 iface=eth0: qdisc netem 82c0: root refcnt 17 limit 1000 delay 10ms  2ms seed 9673878086599263653
NETEM_RTT_GATE OK: baseline=0.1ms actual=19.1ms increase=19.0ms
DRIVER_STARTED: 2026-07-15T05:42:21Z
0
QDSK_CLEANUP_FAIL node0: Command '['docker', 'exec', 'rgg274625baee-node0-1', 'sh', '-c', "ip -o -4 addr show scope global 2>/dev/null | head -1 | awk '{print $2}'"]' returned non-zero exit status 1.
QDSK_CLEANUP_FAIL node1: Command '['docker', 'exec', 'rgg274625baee-node1-1', 'sh', '-c', "ip -o -4 addr show scope global 2>/dev/null | head -1 | awk '{print $2}'"]' returned non-zero exit status 1.
QDSK_CLEANUP_FAIL node2: Command '['docker', 'exec', 'rgg274625baee-node2-1', 'sh', '-c', "ip -o -4 addr show scope global 2>/dev/null | head -1 | awk '{print $2}'"]' returned non-zero exit status 1.
QDSK_CLEANUP_FAIL node3: Command '['docker', 'exec', 'rgg274625baee-node3-1', 'sh', '-c', "ip -o -4 addr show scope global 2>/dev/null | head -1 | awk '{print $2}'"]' returned non-zero exit status 1.
QDSK_CLEANUP_FAIL node4: Command '['docker', 'exec', 'rgg274625baee-node4-1', 'sh', '-c', "ip -o -4 addr show scope global 2>/dev/null | head -1 | awk '{print $2}'"]' returned non-zero exit status 1.
QDSK_CLEANUP_FAIL node5: Command '['docker', 'exec', 'rgg274625baee-node5-1', 'sh', '-c', "ip -o -4 addr show scope global 2>/dev/null | head -1 | awk '{print $2}'"]' returned non-zero exit status 1.
QDSK_CLEANUP_FAIL node6: Command '['docker', 'exec', 'rgg274625baee-node6-1', 'sh', '-c', "ip -o -4 addr show scope global 2>/dev/null | head -1 | awk '{print $2}'"]' returned non-zero exit status 1.
QDSK_CLEANUP_FAIL node7: Command '['docker', 'exec', 'rgg274625baee-node7-1', 'sh', '-c', "ip -o -4 addr show scope global 2>/dev/null | head -1 | awk '{print $2}'"]' returned non-zero exit status 1.
QDSK_CLEANUP_FAIL node8: Command '['docker', 'exec', 'rgg274625baee-node8-1', 'sh', '-c', "ip -o -4 addr show scope global 2>/dev/null | head -1 | awk '{print $2}'"]' returned non-zero exit status 1.
QDSK_CLEANUP_FAIL node9: Command '['docker', 'exec', 'rgg274625baee-node9-1', 'sh', '-c', "ip -o -4 addr show scope global 2>/dev/null | head -1 | awk '{print $2}'"]' returned non-zero exit status 1.
QDSK_CLEANUP_FAIL node10: Command '['docker', 'exec', 'rgg274625baee-node10-1', 'sh', '-c', "ip -o -4 addr show scope global 2>/dev/null | head -1 | awk '{print $2}'"]' returned non-zero exit status 1.
QDSK_CLEANUP_FAIL node11: Command '['docker', 'exec', 'rgg274625baee-node11-1', 'sh', '-c', "ip -o -4 addr show scope global 2>/dev/null | head -1 | awk '{print $2}'"]' returned non-zero exit status 1.
QDSK_CLEANUP_FAIL node12: Command '['docker', 'exec', 'rgg274625baee-node12-1', 'sh', '-c', "ip -o -4 addr show scope global 2>/dev/null | head -1 | awk '{print $2}'"]' returned non-zero exit status 1.
QDSK_CLEANUP_FAIL node13: Command '['docker', 'exec', 'rgg274625baee-node13-1', 'sh', '-c', "ip -o -4 addr show scope global 2>/dev/null | head -1 | awk '{print $2}'"]' returned non-zero exit status 1.
QDSK_CLEANUP_FAIL node14: Command '['docker', 'exec', 'rgg274625baee-node14-1', 'sh', '-c', "ip -o -4 addr show scope global 2>/dev/null | head -1 | awk '{print $2}'"]' returned non-zero exit status 1.
QDSK_CLEANUP_FAIL node15: Command '['docker', 'exec', 'rgg274625baee-node15-1', 'sh', '-c', "ip -o -4 addr show scope global 2>/dev/null | head -1 | awk '{print $2}'"]' returned non-zero exit status 1.
QDSK_CLEANUP_FAIL node16: Command '['docker', 'exec', 'rgg274625baee-node16-1', 'sh', '-c', "ip -o -4 addr show scope global 2>/dev/null | head -1 | awk '{print $2}'"]' returned non-zero exit status 1.
QDSK_CLEANUP_FAIL node17: Command '['docker', 'exec', 'rgg274625baee-node17-1', 'sh', '-c', "ip -o -4 addr show scope global 2>/dev/null | head -1 | awk '{print $2}'"]' returned non-zero exit status 1.
QDSK_CLEANUP_FAIL node18: Command '['docker', 'exec', 'rgg274625baee-node18-1', 'sh', '-c', "ip -o -4 addr show scope global 2>/dev/null | head -1 | awk '{print $2}'"]' returned non-zero exit status 1.
QDSK_CLEANUP_FAIL node19: Command '['docker', 'exec', 'rgg274625baee-node19-1', 'sh', '-c', "ip -o -4 addr show scope global 2>/dev/null | head -1 | awk '{print $2}'"]' returned non-zero exit status 1.
QDSK_CLEANUP_FAIL node20: Command '['docker', 'exec', 'rgg274625baee-node20-1', 'sh', '-c', "ip -o -4 addr show scope global 2>/dev/null | head -1 | awk '{print $2}'"]' returned non-zero exit status 1.
QDSK_CLEANUP_FAIL node21: Command '['docker', 'exec', 'rgg274625baee-node21-1', 'sh', '-c', "ip -o -4 addr show scope global 2>/dev/null | head -1 | awk '{print $2}'"]' returned non-zero exit status 1.
QDSK_CLEANUP_FAIL node22: Command '['docker', 'exec', 'rgg274625baee-node22-1', 'sh', '-c', "ip -o -4 addr show scope global 2>/dev/null | head -1 | awk '{print $2}'"]' returned non-zero exit status 1.
QDSK_CLEANUP_FAIL node23: Command '['docker', 'exec', 'rgg274625baee-node23-1', 'sh', '-c', "ip -o -4 addr show scope global 2>/dev/null | head -1 | awk '{print $2}'"]' returned non-zero exit status 1.
