 Network rgg639e6ffe65_default Creating 
 Network rgg639e6ffe65_default Created 
 Container rgg639e6ffe65-collector-1 Creating 
 Container rgg639e6ffe65-collector-1 Created 
 Container rgg639e6ffe65-node5-1 Creating 
 Container rgg639e6ffe65-node6-1 Creating 
 Container rgg639e6ffe65-node2-1 Creating 
 Container rgg639e6ffe65-node7-1 Creating 
 Container rgg639e6ffe65-node0-1 Creating 
 Container rgg639e6ffe65-node13-1 Creating 
 Container rgg639e6ffe65-node12-1 Creating 
 Container rgg639e6ffe65-node9-1 Creating 
 Container rgg639e6ffe65-node15-1 Creating 
 Container rgg639e6ffe65-node4-1 Creating 
 Container rgg639e6ffe65-node8-1 Creating 
 Container rgg639e6ffe65-node14-1 Creating 
 Container rgg639e6ffe65-node1-1 Creating 
 Container rgg639e6ffe65-node3-1 Creating 
 Container rgg639e6ffe65-node10-1 Creating 
 Container rgg639e6ffe65-node11-1 Creating 
 Container rgg639e6ffe65-node12-1 Created 
 Container rgg639e6ffe65-node2-1 Created 
 Container rgg639e6ffe65-node1-1 Created 
 Container rgg639e6ffe65-node15-1 Created 
 Container rgg639e6ffe65-node0-1 Created 
 Container rgg639e6ffe65-node14-1 Created 
 Container rgg639e6ffe65-node8-1 Created 
 Container rgg639e6ffe65-node5-1 Created 
 Container rgg639e6ffe65-node7-1 Created 
 Container rgg639e6ffe65-node9-1 Created 
 Container rgg639e6ffe65-node13-1 Created 
 Container rgg639e6ffe65-node10-1 Created 
 Container rgg639e6ffe65-node3-1 Created 
 Container rgg639e6ffe65-node11-1 Created 
 Container rgg639e6ffe65-node4-1 Created 
 Container rgg639e6ffe65-node6-1 Created 
 Container rgg639e6ffe65-collector-1 Starting 
 Container rgg639e6ffe65-collector-1 Started 
 Container rgg639e6ffe65-node5-1 Starting 
 Container rgg639e6ffe65-node10-1 Starting 
 Container rgg639e6ffe65-node14-1 Starting 
 Container rgg639e6ffe65-node15-1 Starting 
 Container rgg639e6ffe65-node8-1 Starting 
 Container rgg639e6ffe65-node0-1 Starting 
 Container rgg639e6ffe65-node7-1 Starting 
 Container rgg639e6ffe65-node6-1 Starting 
 Container rgg639e6ffe65-node4-1 Starting 
 Container rgg639e6ffe65-node13-1 Starting 
 Container rgg639e6ffe65-node12-1 Starting 
 Container rgg639e6ffe65-node9-1 Starting 
 Container rgg639e6ffe65-node11-1 Starting 
 Container rgg639e6ffe65-node1-1 Starting 
 Container rgg639e6ffe65-node2-1 Starting 
 Container rgg639e6ffe65-node3-1 Starting 
 Container rgg639e6ffe65-node7-1 Started 
 Container rgg639e6ffe65-node5-1 Started 
 Container rgg639e6ffe65-node10-1 Started 
 Container rgg639e6ffe65-node9-1 Started 
 Container rgg639e6ffe65-node14-1 Started 
 Container rgg639e6ffe65-node4-1 Started 
 Container rgg639e6ffe65-node12-1 Started 
 Container rgg639e6ffe65-node11-1 Started 
 Container rgg639e6ffe65-node2-1 Started 
 Container rgg639e6ffe65-node1-1 Started 
 Container rgg639e6ffe65-node13-1 Started 
 Container rgg639e6ffe65-node15-1 Started 
 Container rgg639e6ffe65-node3-1 Started 
 Container rgg639e6ffe65-node8-1 Started 
 Container rgg639e6ffe65-node6-1 Started 
 Container rgg639e6ffe65-node0-1 Started 
NETEM_APPLIED node0 iface=eth0: qdisc netem 8021: root refcnt 17 limit 1000 delay 10ms  2ms seed 9738052626770425025
NETEM_APPLIED node1 iface=eth0: qdisc netem 8022: root refcnt 17 limit 1000 delay 10ms  2ms seed 15304609521236214886
NETEM_APPLIED node2 iface=eth0: qdisc netem 8023: root refcnt 17 limit 1000 delay 10ms  2ms seed 141403997934971909
NETEM_APPLIED node3 iface=eth0: qdisc netem 8024: root refcnt 17 limit 1000 delay 10ms  2ms seed 3836745727709838979
NETEM_APPLIED node4 iface=eth0: qdisc netem 8025: root refcnt 17 limit 1000 delay 10ms  2ms seed 7833256412315308867
NETEM_APPLIED node5 iface=eth0: qdisc netem 8026: root refcnt 17 limit 1000 delay 10ms  2ms seed 13839457024418375374
NETEM_APPLIED node6 iface=eth0: qdisc netem 8027: root refcnt 17 limit 1000 delay 10ms  2ms seed 16788474590294944490
NETEM_APPLIED node7 iface=eth0: qdisc netem 8028: root refcnt 17 limit 1000 delay 10ms  2ms seed 11727843945732058814
NETEM_APPLIED node8 iface=eth0: qdisc netem 8029: root refcnt 17 limit 1000 delay 10ms  2ms seed 17889100237862556513
NETEM_APPLIED node9 iface=eth0: qdisc netem 802a: root refcnt 17 limit 1000 delay 10ms  2ms seed 600316047661713112
NETEM_APPLIED node10 iface=eth0: qdisc netem 802b: root refcnt 17 limit 1000 delay 10ms  2ms seed 14987580057889928853
NETEM_APPLIED node11 iface=eth0: qdisc netem 802c: root refcnt 17 limit 1000 delay 10ms  2ms seed 16429558614340320129
NETEM_APPLIED node12 iface=eth0: qdisc netem 802d: root refcnt 17 limit 1000 delay 10ms  2ms seed 663818391686218230
NETEM_APPLIED node13 iface=eth0: qdisc netem 802e: root refcnt 17 limit 1000 delay 10ms  2ms seed 7963628015172554269
NETEM_APPLIED node14 iface=eth0: qdisc netem 802f: root refcnt 17 limit 1000 delay 10ms  2ms seed 15270783248314503482
NETEM_APPLIED node15 iface=eth0: qdisc netem 8030: root refcnt 17 limit 1000 delay 10ms  2ms seed 17661399009966520199
NETEM_RTT_GATE OK: baseline=0.1ms actual=20.7ms increase=20.6ms
DRIVER_STARTED: 2026-07-15T05:10:02Z
0
QDSK_CLEANUP_FAIL node0: Command '['docker', 'exec', 'rgg639e6ffe65-node0-1', 'sh', '-c', "ip -o -4 addr show scope global 2>/dev/null | head -1 | awk '{print $2}'"]' returned non-zero exit status 1.
QDSK_CLEANUP_FAIL node1: Command '['docker', 'exec', 'rgg639e6ffe65-node1-1', 'sh', '-c', "ip -o -4 addr show scope global 2>/dev/null | head -1 | awk '{print $2}'"]' returned non-zero exit status 1.
QDSK_CLEANUP_FAIL node2: Command '['docker', 'exec', 'rgg639e6ffe65-node2-1', 'sh', '-c', "ip -o -4 addr show scope global 2>/dev/null | head -1 | awk '{print $2}'"]' returned non-zero exit status 1.
QDSK_CLEANUP_FAIL node3: Command '['docker', 'exec', 'rgg639e6ffe65-node3-1', 'sh', '-c', "ip -o -4 addr show scope global 2>/dev/null | head -1 | awk '{print $2}'"]' returned non-zero exit status 1.
QDSK_CLEANUP_FAIL node4: Command '['docker', 'exec', 'rgg639e6ffe65-node4-1', 'sh', '-c', "ip -o -4 addr show scope global 2>/dev/null | head -1 | awk '{print $2}'"]' returned non-zero exit status 1.
QDSK_CLEANUP_FAIL node5: Command '['docker', 'exec', 'rgg639e6ffe65-node5-1', 'sh', '-c', "ip -o -4 addr show scope global 2>/dev/null | head -1 | awk '{print $2}'"]' returned non-zero exit status 1.
QDSK_CLEANUP_FAIL node6: Command '['docker', 'exec', 'rgg639e6ffe65-node6-1', 'sh', '-c', "ip -o -4 addr show scope global 2>/dev/null | head -1 | awk '{print $2}'"]' returned non-zero exit status 1.
QDSK_CLEANUP_FAIL node7: Command '['docker', 'exec', 'rgg639e6ffe65-node7-1', 'sh', '-c', "ip -o -4 addr show scope global 2>/dev/null | head -1 | awk '{print $2}'"]' returned non-zero exit status 1.
QDSK_CLEANUP_FAIL node8: Command '['docker', 'exec', 'rgg639e6ffe65-node8-1', 'sh', '-c', "ip -o -4 addr show scope global 2>/dev/null | head -1 | awk '{print $2}'"]' returned non-zero exit status 1.
QDSK_CLEANUP_FAIL node9: Command '['docker', 'exec', 'rgg639e6ffe65-node9-1', 'sh', '-c', "ip -o -4 addr show scope global 2>/dev/null | head -1 | awk '{print $2}'"]' returned non-zero exit status 1.
QDSK_CLEANUP_FAIL node10: Command '['docker', 'exec', 'rgg639e6ffe65-node10-1', 'sh', '-c', "ip -o -4 addr show scope global 2>/dev/null | head -1 | awk '{print $2}'"]' returned non-zero exit status 1.
QDSK_CLEANUP_FAIL node11: Command '['docker', 'exec', 'rgg639e6ffe65-node11-1', 'sh', '-c', "ip -o -4 addr show scope global 2>/dev/null | head -1 | awk '{print $2}'"]' returned non-zero exit status 1.
QDSK_CLEANUP_FAIL node12: Command '['docker', 'exec', 'rgg639e6ffe65-node12-1', 'sh', '-c', "ip -o -4 addr show scope global 2>/dev/null | head -1 | awk '{print $2}'"]' returned non-zero exit status 1.
QDSK_CLEANUP_FAIL node13: Command '['docker', 'exec', 'rgg639e6ffe65-node13-1', 'sh', '-c', "ip -o -4 addr show scope global 2>/dev/null | head -1 | awk '{print $2}'"]' returned non-zero exit status 1.
QDSK_CLEANUP_FAIL node14: Command '['docker', 'exec', 'rgg639e6ffe65-node14-1', 'sh', '-c', "ip -o -4 addr show scope global 2>/dev/null | head -1 | awk '{print $2}'"]' returned non-zero exit status 1.
QDSK_CLEANUP_FAIL node15: Command '['docker', 'exec', 'rgg639e6ffe65-node15-1', 'sh', '-c', "ip -o -4 addr show scope global 2>/dev/null | head -1 | awk '{print $2}'"]' returned non-zero exit status 1.
