 Network rgg5d6b4cb29b_default Creating 
 Network rgg5d6b4cb29b_default Created 
 Container rgg5d6b4cb29b-collector-1 Creating 
 Container rgg5d6b4cb29b-collector-1 Created 
 Container rgg5d6b4cb29b-node10-1 Creating 
 Container rgg5d6b4cb29b-node6-1 Creating 
 Container rgg5d6b4cb29b-node2-1 Creating 
 Container rgg5d6b4cb29b-node4-1 Creating 
 Container rgg5d6b4cb29b-node8-1 Creating 
 Container rgg5d6b4cb29b-node14-1 Creating 
 Container rgg5d6b4cb29b-node9-1 Creating 
 Container rgg5d6b4cb29b-node1-1 Creating 
 Container rgg5d6b4cb29b-node15-1 Creating 
 Container rgg5d6b4cb29b-node5-1 Creating 
 Container rgg5d6b4cb29b-node11-1 Creating 
 Container rgg5d6b4cb29b-node0-1 Creating 
 Container rgg5d6b4cb29b-node3-1 Creating 
 Container rgg5d6b4cb29b-node13-1 Creating 
 Container rgg5d6b4cb29b-node12-1 Creating 
 Container rgg5d6b4cb29b-node7-1 Creating 
 Container rgg5d6b4cb29b-node0-1 Created 
 Container rgg5d6b4cb29b-node6-1 Created 
 Container rgg5d6b4cb29b-node5-1 Created 
 Container rgg5d6b4cb29b-node4-1 Created 
 Container rgg5d6b4cb29b-node9-1 Created 
 Container rgg5d6b4cb29b-node1-1 Created 
 Container rgg5d6b4cb29b-node7-1 Created 
 Container rgg5d6b4cb29b-node10-1 Created 
 Container rgg5d6b4cb29b-node2-1 Created 
 Container rgg5d6b4cb29b-node3-1 Created 
 Container rgg5d6b4cb29b-node13-1 Created 
 Container rgg5d6b4cb29b-node11-1 Created 
 Container rgg5d6b4cb29b-node14-1 Created 
 Container rgg5d6b4cb29b-node15-1 Created 
 Container rgg5d6b4cb29b-node12-1 Created 
 Container rgg5d6b4cb29b-node8-1 Created 
 Container rgg5d6b4cb29b-driver-1 Creating 
 Container rgg5d6b4cb29b-driver-1 Created 
 Container rgg5d6b4cb29b-collector-1 Starting 
 Container rgg5d6b4cb29b-collector-1 Started 
 Container rgg5d6b4cb29b-node3-1 Starting 
 Container rgg5d6b4cb29b-node4-1 Starting 
 Container rgg5d6b4cb29b-node15-1 Starting 
 Container rgg5d6b4cb29b-node1-1 Starting 
 Container rgg5d6b4cb29b-node8-1 Starting 
 Container rgg5d6b4cb29b-node11-1 Starting 
 Container rgg5d6b4cb29b-node2-1 Starting 
 Container rgg5d6b4cb29b-node6-1 Starting 
 Container rgg5d6b4cb29b-node5-1 Starting 
 Container rgg5d6b4cb29b-node0-1 Starting 
 Container rgg5d6b4cb29b-node12-1 Starting 
 Container rgg5d6b4cb29b-node10-1 Starting 
 Container rgg5d6b4cb29b-node14-1 Starting 
 Container rgg5d6b4cb29b-node7-1 Starting 
 Container rgg5d6b4cb29b-node13-1 Starting 
 Container rgg5d6b4cb29b-node9-1 Starting 
 Container rgg5d6b4cb29b-node15-1 Started 
 Container rgg5d6b4cb29b-node3-1 Started 
 Container rgg5d6b4cb29b-node13-1 Started 
 Container rgg5d6b4cb29b-node7-1 Started 
 Container rgg5d6b4cb29b-node5-1 Started 
 Container rgg5d6b4cb29b-node4-1 Started 
 Container rgg5d6b4cb29b-node0-1 Started 
 Container rgg5d6b4cb29b-node2-1 Started 
 Container rgg5d6b4cb29b-node10-1 Started 
 Container rgg5d6b4cb29b-node14-1 Started 
 Container rgg5d6b4cb29b-node12-1 Started 
 Container rgg5d6b4cb29b-node9-1 Started 
 Container rgg5d6b4cb29b-node6-1 Started 
 Container rgg5d6b4cb29b-node1-1 Started 
 Container rgg5d6b4cb29b-node11-1 Started 
 Container rgg5d6b4cb29b-node8-1 Started 
 Container rgg5d6b4cb29b-driver-1 Starting 
 Container rgg5d6b4cb29b-driver-1 Started 
0
