 Network rggdeb07b5ddf_default Creating 
 Network rggdeb07b5ddf_default Created 
 Container rggdeb07b5ddf-collector-1 Creating 
 Container rggdeb07b5ddf-collector-1 Created 
 Container rggdeb07b5ddf-node15-1 Creating 
 Container rggdeb07b5ddf-node21-1 Creating 
 Container rggdeb07b5ddf-node7-1 Creating 
 Container rggdeb07b5ddf-node23-1 Creating 
 Container rggdeb07b5ddf-node1-1 Creating 
 Container rggdeb07b5ddf-node9-1 Creating 
 Container rggdeb07b5ddf-node11-1 Creating 
 Container rggdeb07b5ddf-node19-1 Creating 
 Container rggdeb07b5ddf-node22-1 Creating 
 Container rggdeb07b5ddf-node18-1 Creating 
 Container rggdeb07b5ddf-node16-1 Creating 
 Container rggdeb07b5ddf-node4-1 Creating 
 Container rggdeb07b5ddf-node12-1 Creating 
 Container rggdeb07b5ddf-node3-1 Creating 
 Container rggdeb07b5ddf-node5-1 Creating 
 Container rggdeb07b5ddf-node10-1 Creating 
 Container rggdeb07b5ddf-node6-1 Creating 
 Container rggdeb07b5ddf-node17-1 Creating 
 Container rggdeb07b5ddf-node13-1 Creating 
 Container rggdeb07b5ddf-node2-1 Creating 
 Container rggdeb07b5ddf-node8-1 Creating 
 Container rggdeb07b5ddf-node14-1 Creating 
 Container rggdeb07b5ddf-node20-1 Creating 
 Container rggdeb07b5ddf-node0-1 Creating 
 Container rggdeb07b5ddf-node15-1 Created 
 Container rggdeb07b5ddf-node21-1 Created 
 Container rggdeb07b5ddf-node1-1 Created 
 Container rggdeb07b5ddf-node19-1 Created 
 Container rggdeb07b5ddf-node18-1 Created 
 Container rggdeb07b5ddf-node13-1 Created 
 Container rggdeb07b5ddf-node9-1 Created 
 Container rggdeb07b5ddf-node16-1 Created 
 Container rggdeb07b5ddf-node4-1 Created 
 Container rggdeb07b5ddf-node7-1 Created 
 Container rggdeb07b5ddf-node2-1 Created 
 Container rggdeb07b5ddf-node6-1 Created 
 Container rggdeb07b5ddf-node14-1 Created 
 Container rggdeb07b5ddf-node5-1 Created 
 Container rggdeb07b5ddf-node12-1 Created 
 Container rggdeb07b5ddf-node8-1 Created 
 Container rggdeb07b5ddf-node3-1 Created 
 Container rggdeb07b5ddf-node23-1 Created 
 Container rggdeb07b5ddf-node17-1 Created 
 Container rggdeb07b5ddf-node22-1 Created 
 Container rggdeb07b5ddf-node0-1 Created 
 Container rggdeb07b5ddf-node20-1 Created 
 Container rggdeb07b5ddf-node10-1 Created 
 Container rggdeb07b5ddf-node11-1 Created 
 Container rggdeb07b5ddf-collector-1 Starting 
 Container rggdeb07b5ddf-collector-1 Started 
 Container rggdeb07b5ddf-node8-1 Starting 
 Container rggdeb07b5ddf-node5-1 Starting 
 Container rggdeb07b5ddf-node6-1 Starting 
 Container rggdeb07b5ddf-node16-1 Starting 
 Container rggdeb07b5ddf-node18-1 Starting 
 Container rggdeb07b5ddf-node20-1 Starting 
 Container rggdeb07b5ddf-node19-1 Starting 
 Container rggdeb07b5ddf-node10-1 Starting 
 Container rggdeb07b5ddf-node3-1 Starting 
 Container rggdeb07b5ddf-node11-1 Starting 
 Container rggdeb07b5ddf-node12-1 Starting 
 Container rggdeb07b5ddf-node2-1 Starting 
 Container rggdeb07b5ddf-node21-1 Starting 
 Container rggdeb07b5ddf-node13-1 Starting 
 Container rggdeb07b5ddf-node22-1 Starting 
 Container rggdeb07b5ddf-node17-1 Starting 
 Container rggdeb07b5ddf-node15-1 Starting 
 Container rggdeb07b5ddf-node9-1 Starting 
 Container rggdeb07b5ddf-node0-1 Starting 
 Container rggdeb07b5ddf-node1-1 Starting 
 Container rggdeb07b5ddf-node4-1 Starting 
 Container rggdeb07b5ddf-node7-1 Starting 
 Container rggdeb07b5ddf-node14-1 Starting 
 Container rggdeb07b5ddf-node23-1 Starting 
 Container rggdeb07b5ddf-node5-1 Started 
 Container rggdeb07b5ddf-node6-1 Started 
 Container rggdeb07b5ddf-node8-1 Started 
 Container rggdeb07b5ddf-node15-1 Started 
 Container rggdeb07b5ddf-node19-1 Started 
 Container rggdeb07b5ddf-node7-1 Started 
 Container rggdeb07b5ddf-node12-1 Started 
 Container rggdeb07b5ddf-node22-1 Started 
 Container rggdeb07b5ddf-node16-1 Started 
 Container rggdeb07b5ddf-node4-1 Started 
 Container rggdeb07b5ddf-node23-1 Started 
 Container rggdeb07b5ddf-node3-1 Started 
 Container rggdeb07b5ddf-node17-1 Started 
 Container rggdeb07b5ddf-node1-1 Started 
 Container rggdeb07b5ddf-node9-1 Started 
 Container rggdeb07b5ddf-node21-1 Started 
 Container rggdeb07b5ddf-node18-1 Started 
 Container rggdeb07b5ddf-node10-1 Started 
 Container rggdeb07b5ddf-node14-1 Started 
 Container rggdeb07b5ddf-node20-1 Started 
 Container rggdeb07b5ddf-node0-1 Started 
 Container rggdeb07b5ddf-node13-1 Started 
 Container rggdeb07b5ddf-node11-1 Started 
 Container rggdeb07b5ddf-node2-1 Started 
NETEM_APPLIED node0 iface=eth0: qdisc netem 88a1: root refcnt 17 limit 1000 delay 50ms  10ms seed 17870994465979390211
NETEM_APPLIED node1 iface=eth0: qdisc netem 88a2: root refcnt 17 limit 1000 delay 50ms  10ms seed 8703908597832845898
NETEM_APPLIED node2 iface=eth0: qdisc netem 88a3: root refcnt 17 limit 1000 delay 50ms  10ms seed 8036504252897636624
NETEM_APPLIED node3 iface=eth0: qdisc netem 88a4: root refcnt 17 limit 1000 delay 50ms  10ms seed 6663754143149313813
NETEM_APPLIED node4 iface=eth0: qdisc netem 88a5: root refcnt 17 limit 1000 delay 50ms  10ms seed 5351258075646096312
NETEM_APPLIED node5 iface=eth0: qdisc netem 88a6: root refcnt 17 limit 1000 delay 50ms  10ms seed 17035956844938177044
NETEM_APPLIED node6 iface=eth0: qdisc netem 88a7: root refcnt 17 limit 1000 delay 50ms  10ms seed 16297890946108042478
NETEM_APPLIED node7 iface=eth0: qdisc netem 88a8: root refcnt 17 limit 1000 delay 50ms  10ms seed 11362611588274107746
NETEM_APPLIED node8 iface=eth0: qdisc netem 88a9: root refcnt 17 limit 1000 delay 50ms  10ms seed 1050891168399631805
NETEM_APPLIED node9 iface=eth0: qdisc netem 88aa: root refcnt 17 limit 1000 delay 50ms  10ms seed 13206300281025574720
NETEM_APPLIED node10 iface=eth0: qdisc netem 88ab: root refcnt 17 limit 1000 delay 50ms  10ms seed 4606273196504736568
NETEM_APPLIED node11 iface=eth0: qdisc netem 88ac: root refcnt 17 limit 1000 delay 50ms  10ms seed 7064027764644298667
NETEM_APPLIED node12 iface=eth0: qdisc netem 88ad: root refcnt 17 limit 1000 delay 50ms  10ms seed 15564217593802121889
NETEM_APPLIED node13 iface=eth0: qdisc netem 88ae: root refcnt 17 limit 1000 delay 50ms  10ms seed 15065013995280755138
NETEM_APPLIED node14 iface=eth0: qdisc netem 88af: root refcnt 17 limit 1000 delay 50ms  10ms seed 11321015437984502097
NETEM_APPLIED node15 iface=eth0: qdisc netem 88b0: root refcnt 17 limit 1000 delay 50ms  10ms seed 111006557801844897
NETEM_APPLIED node16 iface=eth0: qdisc netem 88b1: root refcnt 17 limit 1000 delay 50ms  10ms seed 8534187053312012068
NETEM_APPLIED node17 iface=eth0: qdisc netem 88b2: root refcnt 17 limit 1000 delay 50ms  10ms seed 13487412552280461562
NETEM_APPLIED node18 iface=eth0: qdisc netem 88b3: root refcnt 17 limit 1000 delay 50ms  10ms seed 8391363153083553293
NETEM_APPLIED node19 iface=eth0: qdisc netem 88b4: root refcnt 17 limit 1000 delay 50ms  10ms seed 5710020745584921807
NETEM_APPLIED node20 iface=eth0: qdisc netem 88b5: root refcnt 17 limit 1000 delay 50ms  10ms seed 10372969504755575480
NETEM_APPLIED node21 iface=eth0: qdisc netem 88b6: root refcnt 17 limit 1000 delay 50ms  10ms seed 6441440318355111813
NETEM_APPLIED node22 iface=eth0: qdisc netem 88b7: root refcnt 17 limit 1000 delay 50ms  10ms seed 6640613119341750183
NETEM_APPLIED node23 iface=eth0: qdisc netem 88b8: root refcnt 17 limit 1000 delay 50ms  10ms seed 11882234930520363568
NETEM_RTT_GATE OK: baseline=0.1ms actual=103.7ms increase=103.5ms
DRIVER_STARTED: 2026-07-15T07:35:52Z
0
QDSK_CLEANUP_FAIL node0: Command '['docker', 'exec', 'rggdeb07b5ddf-node0-1', 'sh', '-c', "ip -o -4 addr show scope global 2>/dev/null | head -1 | awk '{print $2}'"]' returned non-zero exit status 1.
QDSK_CLEANUP_FAIL node1: Command '['docker', 'exec', 'rggdeb07b5ddf-node1-1', 'sh', '-c', "ip -o -4 addr show scope global 2>/dev/null | head -1 | awk '{print $2}'"]' returned non-zero exit status 1.
QDSK_CLEANUP_FAIL node2: Command '['docker', 'exec', 'rggdeb07b5ddf-node2-1', 'sh', '-c', "ip -o -4 addr show scope global 2>/dev/null | head -1 | awk '{print $2}'"]' returned non-zero exit status 1.
QDSK_CLEANUP_FAIL node3: Command '['docker', 'exec', 'rggdeb07b5ddf-node3-1', 'sh', '-c', "ip -o -4 addr show scope global 2>/dev/null | head -1 | awk '{print $2}'"]' returned non-zero exit status 1.
QDSK_CLEANUP_FAIL node4: Command '['docker', 'exec', 'rggdeb07b5ddf-node4-1', 'sh', '-c', "ip -o -4 addr show scope global 2>/dev/null | head -1 | awk '{print $2}'"]' returned non-zero exit status 1.
QDSK_CLEANUP_FAIL node5: Command '['docker', 'exec', 'rggdeb07b5ddf-node5-1', 'sh', '-c', "ip -o -4 addr show scope global 2>/dev/null | head -1 | awk '{print $2}'"]' returned non-zero exit status 1.
QDSK_CLEANUP_FAIL node6: Command '['docker', 'exec', 'rggdeb07b5ddf-node6-1', 'sh', '-c', "ip -o -4 addr show scope global 2>/dev/null | head -1 | awk '{print $2}'"]' returned non-zero exit status 1.
QDSK_CLEANUP_FAIL node7: Command '['docker', 'exec', 'rggdeb07b5ddf-node7-1', 'sh', '-c', "ip -o -4 addr show scope global 2>/dev/null | head -1 | awk '{print $2}'"]' returned non-zero exit status 1.
QDSK_CLEANUP_FAIL node8: Command '['docker', 'exec', 'rggdeb07b5ddf-node8-1', 'sh', '-c', "ip -o -4 addr show scope global 2>/dev/null | head -1 | awk '{print $2}'"]' returned non-zero exit status 1.
QDSK_CLEANUP_FAIL node9: Command '['docker', 'exec', 'rggdeb07b5ddf-node9-1', 'sh', '-c', "ip -o -4 addr show scope global 2>/dev/null | head -1 | awk '{print $2}'"]' returned non-zero exit status 1.
QDSK_CLEANUP_FAIL node10: Command '['docker', 'exec', 'rggdeb07b5ddf-node10-1', 'sh', '-c', "ip -o -4 addr show scope global 2>/dev/null | head -1 | awk '{print $2}'"]' returned non-zero exit status 1.
QDSK_CLEANUP_FAIL node11: Command '['docker', 'exec', 'rggdeb07b5ddf-node11-1', 'sh', '-c', "ip -o -4 addr show scope global 2>/dev/null | head -1 | awk '{print $2}'"]' returned non-zero exit status 1.
QDSK_CLEANUP_FAIL node12: Command '['docker', 'exec', 'rggdeb07b5ddf-node12-1', 'sh', '-c', "ip -o -4 addr show scope global 2>/dev/null | head -1 | awk '{print $2}'"]' returned non-zero exit status 1.
QDSK_CLEANUP_FAIL node13: Command '['docker', 'exec', 'rggdeb07b5ddf-node13-1', 'sh', '-c', "ip -o -4 addr show scope global 2>/dev/null | head -1 | awk '{print $2}'"]' returned non-zero exit status 1.
QDSK_CLEANUP_FAIL node14: Command '['docker', 'exec', 'rggdeb07b5ddf-node14-1', 'sh', '-c', "ip -o -4 addr show scope global 2>/dev/null | head -1 | awk '{print $2}'"]' returned non-zero exit status 1.
QDSK_CLEANUP_FAIL node15: Command '['docker', 'exec', 'rggdeb07b5ddf-node15-1', 'sh', '-c', "ip -o -4 addr show scope global 2>/dev/null | head -1 | awk '{print $2}'"]' returned non-zero exit status 1.
QDSK_CLEANUP_FAIL node16: Command '['docker', 'exec', 'rggdeb07b5ddf-node16-1', 'sh', '-c', "ip -o -4 addr show scope global 2>/dev/null | head -1 | awk '{print $2}'"]' returned non-zero exit status 1.
QDSK_CLEANUP_FAIL node17: Command '['docker', 'exec', 'rggdeb07b5ddf-node17-1', 'sh', '-c', "ip -o -4 addr show scope global 2>/dev/null | head -1 | awk '{print $2}'"]' returned non-zero exit status 1.
QDSK_CLEANUP_FAIL node18: Command '['docker', 'exec', 'rggdeb07b5ddf-node18-1', 'sh', '-c', "ip -o -4 addr show scope global 2>/dev/null | head -1 | awk '{print $2}'"]' returned non-zero exit status 1.
QDSK_CLEANUP_FAIL node19: Command '['docker', 'exec', 'rggdeb07b5ddf-node19-1', 'sh', '-c', "ip -o -4 addr show scope global 2>/dev/null | head -1 | awk '{print $2}'"]' returned non-zero exit status 1.
QDSK_CLEANUP_FAIL node20: Command '['docker', 'exec', 'rggdeb07b5ddf-node20-1', 'sh', '-c', "ip -o -4 addr show scope global 2>/dev/null | head -1 | awk '{print $2}'"]' returned non-zero exit status 1.
QDSK_CLEANUP_FAIL node21: Command '['docker', 'exec', 'rggdeb07b5ddf-node21-1', 'sh', '-c', "ip -o -4 addr show scope global 2>/dev/null | head -1 | awk '{print $2}'"]' returned non-zero exit status 1.
QDSK_CLEANUP_FAIL node22: Command '['docker', 'exec', 'rggdeb07b5ddf-node22-1', 'sh', '-c', "ip -o -4 addr show scope global 2>/dev/null | head -1 | awk '{print $2}'"]' returned non-zero exit status 1.
QDSK_CLEANUP_FAIL node23: Command '['docker', 'exec', 'rggdeb07b5ddf-node23-1', 'sh', '-c', "ip -o -4 addr show scope global 2>/dev/null | head -1 | awk '{print $2}'"]' returned non-zero exit status 1.
