 Network rggc93c6a79b5_default Creating 
 Network rggc93c6a79b5_default Created 
 Container rggc93c6a79b5-collector-1 Creating 
 Container rggc93c6a79b5-collector-1 Created 
 Container rggc93c6a79b5-node13-1 Creating 
 Container rggc93c6a79b5-node2-1 Creating 
 Container rggc93c6a79b5-node6-1 Creating 
 Container rggc93c6a79b5-node10-1 Creating 
 Container rggc93c6a79b5-node0-1 Creating 
 Container rggc93c6a79b5-node12-1 Creating 
 Container rggc93c6a79b5-node14-1 Creating 
 Container rggc93c6a79b5-node5-1 Creating 
 Container rggc93c6a79b5-node15-1 Creating 
 Container rggc93c6a79b5-node8-1 Creating 
 Container rggc93c6a79b5-node4-1 Creating 
 Container rggc93c6a79b5-node11-1 Creating 
 Container rggc93c6a79b5-node3-1 Creating 
 Container rggc93c6a79b5-node1-1 Creating 
 Container rggc93c6a79b5-node7-1 Creating 
 Container rggc93c6a79b5-node9-1 Creating 
 Container rggc93c6a79b5-node0-1 Created 
 Container rggc93c6a79b5-node5-1 Created 
 Container rggc93c6a79b5-node13-1 Created 
 Container rggc93c6a79b5-node3-1 Created 
 Container rggc93c6a79b5-node8-1 Created 
 Container rggc93c6a79b5-node11-1 Created 
 Container rggc93c6a79b5-node10-1 Created 
 Container rggc93c6a79b5-node9-1 Created 
 Container rggc93c6a79b5-node6-1 Created 
 Container rggc93c6a79b5-node1-1 Created 
 Container rggc93c6a79b5-node2-1 Created 
 Container rggc93c6a79b5-node12-1 Created 
 Container rggc93c6a79b5-node7-1 Created 
 Container rggc93c6a79b5-node4-1 Created 
 Container rggc93c6a79b5-node15-1 Created 
 Container rggc93c6a79b5-node14-1 Created 
 Container rggc93c6a79b5-driver-1 Creating 
 Container rggc93c6a79b5-driver-1 Created 
 Container rggc93c6a79b5-collector-1 Starting 
 Container rggc93c6a79b5-collector-1 Started 
 Container rggc93c6a79b5-node3-1 Starting 
 Container rggc93c6a79b5-node7-1 Starting 
 Container rggc93c6a79b5-node8-1 Starting 
 Container rggc93c6a79b5-node2-1 Starting 
 Container rggc93c6a79b5-node5-1 Starting 
 Container rggc93c6a79b5-node12-1 Starting 
 Container rggc93c6a79b5-node1-1 Starting 
 Container rggc93c6a79b5-node4-1 Starting 
 Container rggc93c6a79b5-node15-1 Starting 
 Container rggc93c6a79b5-node6-1 Starting 
 Container rggc93c6a79b5-node9-1 Starting 
 Container rggc93c6a79b5-node10-1 Starting 
 Container rggc93c6a79b5-node13-1 Starting 
 Container rggc93c6a79b5-node0-1 Starting 
 Container rggc93c6a79b5-node14-1 Starting 
 Container rggc93c6a79b5-node11-1 Starting 
 Container rggc93c6a79b5-node3-1 Started 
 Container rggc93c6a79b5-node8-1 Started 
 Container rggc93c6a79b5-node13-1 Started 
 Container rggc93c6a79b5-node9-1 Started 
 Container rggc93c6a79b5-node4-1 Started 
 Container rggc93c6a79b5-node5-1 Started 
 Container rggc93c6a79b5-node7-1 Started 
 Container rggc93c6a79b5-node0-1 Started 
 Container rggc93c6a79b5-node12-1 Started 
 Container rggc93c6a79b5-node2-1 Started 
 Container rggc93c6a79b5-node6-1 Started 
 Container rggc93c6a79b5-node1-1 Started 
 Container rggc93c6a79b5-node10-1 Started 
 Container rggc93c6a79b5-node15-1 Started 
 Container rggc93c6a79b5-node14-1 Started 
 Container rggc93c6a79b5-node11-1 Started 
 Container rggc93c6a79b5-driver-1 Starting 
 Container rggc93c6a79b5-driver-1 Started 
0
