 Network rgg92ee7c11fc_default Creating 
 Network rgg92ee7c11fc_default Created 
 Container rgg92ee7c11fc-collector-1 Creating 
 Container rgg92ee7c11fc-collector-1 Created 
 Container rgg92ee7c11fc-node3-1 Creating 
 Container rgg92ee7c11fc-node11-1 Creating 
 Container rgg92ee7c11fc-node15-1 Creating 
 Container rgg92ee7c11fc-node8-1 Creating 
 Container rgg92ee7c11fc-node4-1 Creating 
 Container rgg92ee7c11fc-node6-1 Creating 
 Container rgg92ee7c11fc-node0-1 Creating 
 Container rgg92ee7c11fc-node9-1 Creating 
 Container rgg92ee7c11fc-node7-1 Creating 
 Container rgg92ee7c11fc-node2-1 Creating 
 Container rgg92ee7c11fc-node12-1 Creating 
 Container rgg92ee7c11fc-node1-1 Creating 
 Container rgg92ee7c11fc-node13-1 Creating 
 Container rgg92ee7c11fc-node10-1 Creating 
 Container rgg92ee7c11fc-node5-1 Creating 
 Container rgg92ee7c11fc-node14-1 Creating 
 Container rgg92ee7c11fc-node13-1 Created 
 Container rgg92ee7c11fc-node0-1 Created 
 Container rgg92ee7c11fc-node8-1 Created 
 Container rgg92ee7c11fc-node2-1 Created 
 Container rgg92ee7c11fc-node4-1 Created 
 Container rgg92ee7c11fc-node11-1 Created 
 Container rgg92ee7c11fc-node15-1 Created 
 Container rgg92ee7c11fc-node7-1 Created 
 Container rgg92ee7c11fc-node1-1 Created 
 Container rgg92ee7c11fc-node9-1 Created 
 Container rgg92ee7c11fc-node5-1 Created 
 Container rgg92ee7c11fc-node6-1 Created 
 Container rgg92ee7c11fc-node10-1 Created 
 Container rgg92ee7c11fc-node14-1 Created 
 Container rgg92ee7c11fc-node12-1 Created 
 Container rgg92ee7c11fc-node3-1 Created 
 Container rgg92ee7c11fc-collector-1 Starting 
 Container rgg92ee7c11fc-collector-1 Started 
 Container rgg92ee7c11fc-node14-1 Starting 
 Container rgg92ee7c11fc-node6-1 Starting 
 Container rgg92ee7c11fc-node12-1 Starting 
 Container rgg92ee7c11fc-node1-1 Starting 
 Container rgg92ee7c11fc-node7-1 Starting 
 Container rgg92ee7c11fc-node2-1 Starting 
 Container rgg92ee7c11fc-node15-1 Starting 
 Container rgg92ee7c11fc-node8-1 Starting 
 Container rgg92ee7c11fc-node0-1 Starting 
 Container rgg92ee7c11fc-node3-1 Starting 
 Container rgg92ee7c11fc-node4-1 Starting 
 Container rgg92ee7c11fc-node11-1 Starting 
 Container rgg92ee7c11fc-node10-1 Starting 
 Container rgg92ee7c11fc-node9-1 Starting 
 Container rgg92ee7c11fc-node13-1 Starting 
 Container rgg92ee7c11fc-node5-1 Starting 
 Container rgg92ee7c11fc-node12-1 Started 
 Container rgg92ee7c11fc-node8-1 Started 
 Container rgg92ee7c11fc-node14-1 Started 
 Container rgg92ee7c11fc-node6-1 Started 
 Container rgg92ee7c11fc-node5-1 Started 
 Container rgg92ee7c11fc-node11-1 Started 
 Container rgg92ee7c11fc-node4-1 Started 
 Container rgg92ee7c11fc-node3-1 Started 
 Container rgg92ee7c11fc-node1-1 Started 
 Container rgg92ee7c11fc-node7-1 Started 
 Container rgg92ee7c11fc-node15-1 Started 
 Container rgg92ee7c11fc-node0-1 Started 
 Container rgg92ee7c11fc-node9-1 Started 
 Container rgg92ee7c11fc-node10-1 Started 
 Container rgg92ee7c11fc-node2-1 Started 
 Container rgg92ee7c11fc-node13-1 Started 
READY_BARRIER: 14/16 node services ready
DRIVER_STARTED: 2026-07-15T13:56:49Z
0
