 Network rgg76bc30d45a_default Creating 
 Network rgg76bc30d45a_default Created 
 Container rgg76bc30d45a-collector-1 Creating 
 Container rgg76bc30d45a-collector-1 Created 
 Container rgg76bc30d45a-node7-1 Creating 
 Container rgg76bc30d45a-node4-1 Creating 
 Container rgg76bc30d45a-node13-1 Creating 
 Container rgg76bc30d45a-node1-1 Creating 
 Container rgg76bc30d45a-node12-1 Creating 
 Container rgg76bc30d45a-node14-1 Creating 
 Container rgg76bc30d45a-node9-1 Creating 
 Container rgg76bc30d45a-node2-1 Creating 
 Container rgg76bc30d45a-node6-1 Creating 
 Container rgg76bc30d45a-node8-1 Creating 
 Container rgg76bc30d45a-node10-1 Creating 
 Container rgg76bc30d45a-node3-1 Creating 
 Container rgg76bc30d45a-node15-1 Creating 
 Container rgg76bc30d45a-node5-1 Creating 
 Container rgg76bc30d45a-node0-1 Creating 
 Container rgg76bc30d45a-node11-1 Creating 
 Container rgg76bc30d45a-node7-1 Created 
 Container rgg76bc30d45a-node9-1 Created 
 Container rgg76bc30d45a-node4-1 Created 
 Container rgg76bc30d45a-node5-1 Created 
 Container rgg76bc30d45a-node13-1 Created 
 Container rgg76bc30d45a-node0-1 Created 
 Container rgg76bc30d45a-node15-1 Created 
 Container rgg76bc30d45a-node12-1 Created 
 Container rgg76bc30d45a-node10-1 Created 
 Container rgg76bc30d45a-node8-1 Created 
 Container rgg76bc30d45a-node6-1 Created 
 Container rgg76bc30d45a-node14-1 Created 
 Container rgg76bc30d45a-node11-1 Created 
 Container rgg76bc30d45a-node2-1 Created 
 Container rgg76bc30d45a-node3-1 Created 
 Container rgg76bc30d45a-node1-1 Created 
 Container rgg76bc30d45a-driver-1 Creating 
 Container rgg76bc30d45a-driver-1 Created 
 Container rgg76bc30d45a-collector-1 Starting 
 Container rgg76bc30d45a-collector-1 Started 
 Container rgg76bc30d45a-node7-1 Starting 
 Container rgg76bc30d45a-node9-1 Starting 
 Container rgg76bc30d45a-node4-1 Starting 
 Container rgg76bc30d45a-node5-1 Starting 
 Container rgg76bc30d45a-node2-1 Starting 
 Container rgg76bc30d45a-node0-1 Starting 
 Container rgg76bc30d45a-node12-1 Starting 
 Container rgg76bc30d45a-node11-1 Starting 
 Container rgg76bc30d45a-node14-1 Starting 
 Container rgg76bc30d45a-node1-1 Starting 
 Container rgg76bc30d45a-node3-1 Starting 
 Container rgg76bc30d45a-node8-1 Starting 
 Container rgg76bc30d45a-node10-1 Starting 
 Container rgg76bc30d45a-node13-1 Starting 
 Container rgg76bc30d45a-node6-1 Starting 
 Container rgg76bc30d45a-node15-1 Starting 
 Container rgg76bc30d45a-node9-1 Started 
 Container rgg76bc30d45a-node14-1 Started 
 Container rgg76bc30d45a-node11-1 Started 
 Container rgg76bc30d45a-node10-1 Started 
 Container rgg76bc30d45a-node4-1 Started 
 Container rgg76bc30d45a-node15-1 Started 
 Container rgg76bc30d45a-node5-1 Started 
 Container rgg76bc30d45a-node0-1 Started 
 Container rgg76bc30d45a-node8-1 Started 
 Container rgg76bc30d45a-node7-1 Started 
 Container rgg76bc30d45a-node6-1 Started 
 Container rgg76bc30d45a-node3-1 Started 
 Container rgg76bc30d45a-node2-1 Started 
 Container rgg76bc30d45a-node1-1 Started 
 Container rgg76bc30d45a-node13-1 Started 
 Container rgg76bc30d45a-node12-1 Started 
 Container rgg76bc30d45a-driver-1 Starting 
 Container rgg76bc30d45a-driver-1 Started 
0
