 Network rgg28307b0ac9_default Creating 
 Network rgg28307b0ac9_default Created 
 Container rgg28307b0ac9-collector-1 Creating 
 Container rgg28307b0ac9-collector-1 Created 
 Container rgg28307b0ac9-node12-1 Creating 
 Container rgg28307b0ac9-node2-1 Creating 
 Container rgg28307b0ac9-node8-1 Creating 
 Container rgg28307b0ac9-node11-1 Creating 
 Container rgg28307b0ac9-node0-1 Creating 
 Container rgg28307b0ac9-node10-1 Creating 
 Container rgg28307b0ac9-node9-1 Creating 
 Container rgg28307b0ac9-node3-1 Creating 
 Container rgg28307b0ac9-node7-1 Creating 
 Container rgg28307b0ac9-node5-1 Creating 
 Container rgg28307b0ac9-node14-1 Creating 
 Container rgg28307b0ac9-node4-1 Creating 
 Container rgg28307b0ac9-node1-1 Creating 
 Container rgg28307b0ac9-node13-1 Creating 
 Container rgg28307b0ac9-node6-1 Creating 
 Container rgg28307b0ac9-node15-1 Creating 
 Container rgg28307b0ac9-node3-1 Created 
 Container rgg28307b0ac9-node5-1 Created 
 Container rgg28307b0ac9-node12-1 Created 
 Container rgg28307b0ac9-node11-1 Created 
 Container rgg28307b0ac9-node2-1 Created 
 Container rgg28307b0ac9-node13-1 Created 
 Container rgg28307b0ac9-node8-1 Created 
 Container rgg28307b0ac9-node4-1 Created 
 Container rgg28307b0ac9-node6-1 Created 
 Container rgg28307b0ac9-node15-1 Created 
 Container rgg28307b0ac9-node0-1 Created 
 Container rgg28307b0ac9-node7-1 Created 
 Container rgg28307b0ac9-node10-1 Created 
 Container rgg28307b0ac9-node9-1 Created 
 Container rgg28307b0ac9-node14-1 Created 
 Container rgg28307b0ac9-node1-1 Created 
 Container rgg28307b0ac9-driver-1 Creating 
 Container rgg28307b0ac9-driver-1 Created 
 Container rgg28307b0ac9-collector-1 Starting 
 Container rgg28307b0ac9-collector-1 Started 
 Container rgg28307b0ac9-node3-1 Starting 
 Container rgg28307b0ac9-node10-1 Starting 
 Container rgg28307b0ac9-node7-1 Starting 
 Container rgg28307b0ac9-node14-1 Starting 
 Container rgg28307b0ac9-node13-1 Starting 
 Container rgg28307b0ac9-node15-1 Starting 
 Container rgg28307b0ac9-node6-1 Starting 
 Container rgg28307b0ac9-node11-1 Starting 
 Container rgg28307b0ac9-node8-1 Starting 
 Container rgg28307b0ac9-node2-1 Starting 
 Container rgg28307b0ac9-node0-1 Starting 
 Container rgg28307b0ac9-node4-1 Starting 
 Container rgg28307b0ac9-node1-1 Starting 
 Container rgg28307b0ac9-node12-1 Starting 
 Container rgg28307b0ac9-node9-1 Starting 
 Container rgg28307b0ac9-node5-1 Starting 
 Container rgg28307b0ac9-node8-1 Started 
 Container rgg28307b0ac9-node9-1 Started 
 Container rgg28307b0ac9-node15-1 Started 
 Container rgg28307b0ac9-node2-1 Started 
 Container rgg28307b0ac9-node10-1 Started 
 Container rgg28307b0ac9-node4-1 Started 
 Container rgg28307b0ac9-node3-1 Started 
 Container rgg28307b0ac9-node6-1 Started 
 Container rgg28307b0ac9-node5-1 Started 
 Container rgg28307b0ac9-node1-1 Started 
 Container rgg28307b0ac9-node14-1 Started 
 Container rgg28307b0ac9-node11-1 Started 
 Container rgg28307b0ac9-node13-1 Started 
 Container rgg28307b0ac9-node0-1 Started 
 Container rgg28307b0ac9-node12-1 Started 
 Container rgg28307b0ac9-node7-1 Started 
 Container rgg28307b0ac9-driver-1 Starting 
 Container rgg28307b0ac9-driver-1 Started 
0
