 Network rggbf0a0b99dc_default Creating 
 Network rggbf0a0b99dc_default Created 
 Container rggbf0a0b99dc-collector-1 Creating 
 Container rggbf0a0b99dc-collector-1 Created 
 Container rggbf0a0b99dc-node3-1 Creating 
 Container rggbf0a0b99dc-node21-1 Creating 
 Container rggbf0a0b99dc-node7-1 Creating 
 Container rggbf0a0b99dc-node18-1 Creating 
 Container rggbf0a0b99dc-node8-1 Creating 
 Container rggbf0a0b99dc-node4-1 Creating 
 Container rggbf0a0b99dc-node11-1 Creating 
 Container rggbf0a0b99dc-node1-1 Creating 
 Container rggbf0a0b99dc-node22-1 Creating 
 Container rggbf0a0b99dc-node17-1 Creating 
 Container rggbf0a0b99dc-node10-1 Creating 
 Container rggbf0a0b99dc-node6-1 Creating 
 Container rggbf0a0b99dc-node13-1 Creating 
 Container rggbf0a0b99dc-node5-1 Creating 
 Container rggbf0a0b99dc-node2-1 Creating 
 Container rggbf0a0b99dc-node9-1 Creating 
 Container rggbf0a0b99dc-node15-1 Creating 
 Container rggbf0a0b99dc-node23-1 Creating 
 Container rggbf0a0b99dc-node16-1 Creating 
 Container rggbf0a0b99dc-node0-1 Creating 
 Container rggbf0a0b99dc-node12-1 Creating 
 Container rggbf0a0b99dc-node20-1 Creating 
 Container rggbf0a0b99dc-node14-1 Creating 
 Container rggbf0a0b99dc-node19-1 Creating 
 Container rggbf0a0b99dc-node8-1 Created 
 Container rggbf0a0b99dc-node3-1 Created 
 Container rggbf0a0b99dc-node7-1 Created 
 Container rggbf0a0b99dc-node10-1 Created 
 Container rggbf0a0b99dc-node21-1 Created 
 Container rggbf0a0b99dc-node13-1 Created 
 Container rggbf0a0b99dc-node4-1 Created 
 Container rggbf0a0b99dc-node9-1 Created 
 Container rggbf0a0b99dc-node5-1 Created 
 Container rggbf0a0b99dc-node20-1 Created 
 Container rggbf0a0b99dc-node14-1 Created 
 Container rggbf0a0b99dc-node0-1 Created 
 Container rggbf0a0b99dc-node16-1 Created 
 Container rggbf0a0b99dc-node18-1 Created 
 Container rggbf0a0b99dc-node17-1 Created 
 Container rggbf0a0b99dc-node1-1 Created 
 Container rggbf0a0b99dc-node15-1 Created 
 Container rggbf0a0b99dc-node19-1 Created 
 Container rggbf0a0b99dc-node12-1 Created 
 Container rggbf0a0b99dc-node6-1 Created 
 Container rggbf0a0b99dc-node23-1 Created 
 Container rggbf0a0b99dc-node2-1 Created 
 Container rggbf0a0b99dc-node22-1 Created 
 Container rggbf0a0b99dc-node11-1 Created 
 Container rggbf0a0b99dc-collector-1 Starting 
 Container rggbf0a0b99dc-collector-1 Started 
 Container rggbf0a0b99dc-node1-1 Starting 
 Container rggbf0a0b99dc-node6-1 Starting 
 Container rggbf0a0b99dc-node17-1 Starting 
 Container rggbf0a0b99dc-node9-1 Starting 
 Container rggbf0a0b99dc-node10-1 Starting 
 Container rggbf0a0b99dc-node7-1 Starting 
 Container rggbf0a0b99dc-node11-1 Starting 
 Container rggbf0a0b99dc-node4-1 Starting 
 Container rggbf0a0b99dc-node14-1 Starting 
 Container rggbf0a0b99dc-node3-1 Starting 
 Container rggbf0a0b99dc-node22-1 Starting 
 Container rggbf0a0b99dc-node15-1 Starting 
 Container rggbf0a0b99dc-node18-1 Starting 
 Container rggbf0a0b99dc-node23-1 Starting 
 Container rggbf0a0b99dc-node12-1 Starting 
 Container rggbf0a0b99dc-node2-1 Starting 
 Container rggbf0a0b99dc-node21-1 Starting 
 Container rggbf0a0b99dc-node8-1 Starting 
 Container rggbf0a0b99dc-node16-1 Starting 
 Container rggbf0a0b99dc-node5-1 Starting 
 Container rggbf0a0b99dc-node13-1 Starting 
 Container rggbf0a0b99dc-node20-1 Starting 
 Container rggbf0a0b99dc-node0-1 Starting 
 Container rggbf0a0b99dc-node19-1 Starting 
 Container rggbf0a0b99dc-node7-1 Started 
 Container rggbf0a0b99dc-node15-1 Started 
 Container rggbf0a0b99dc-node14-1 Started 
 Container rggbf0a0b99dc-node9-1 Started 
 Container rggbf0a0b99dc-node13-1 Started 
 Container rggbf0a0b99dc-node6-1 Started 
 Container rggbf0a0b99dc-node10-1 Started 
 Container rggbf0a0b99dc-node8-1 Started 
 Container rggbf0a0b99dc-node12-1 Started 
 Container rggbf0a0b99dc-node21-1 Started 
 Container rggbf0a0b99dc-node2-1 Started 
 Container rggbf0a0b99dc-node19-1 Started 
 Container rggbf0a0b99dc-node16-1 Started 
 Container rggbf0a0b99dc-node22-1 Started 
 Container rggbf0a0b99dc-node5-1 Started 
 Container rggbf0a0b99dc-node17-1 Started 
 Container rggbf0a0b99dc-node23-1 Started 
 Container rggbf0a0b99dc-node11-1 Started 
 Container rggbf0a0b99dc-node4-1 Started 
 Container rggbf0a0b99dc-node0-1 Started 
 Container rggbf0a0b99dc-node20-1 Started 
 Container rggbf0a0b99dc-node1-1 Started 
 Container rggbf0a0b99dc-node18-1 Started 
 Container rggbf0a0b99dc-node3-1 Started 
NETEM_APPLIED node0 iface=eth0: qdisc netem 8569: root refcnt 17 limit 1000 delay 20ms  5ms seed 7335346200130081186
NETEM_APPLIED node1 iface=eth0: qdisc netem 856a: root refcnt 17 limit 1000 delay 20ms  5ms seed 9462073072328775224
NETEM_APPLIED node2 iface=eth0: qdisc netem 856b: root refcnt 17 limit 1000 delay 20ms  5ms seed 8097222816610759272
NETEM_APPLIED node3 iface=eth0: qdisc netem 856c: root refcnt 17 limit 1000 delay 20ms  5ms seed 8131480512851838262
NETEM_APPLIED node4 iface=eth0: qdisc netem 856d: root refcnt 17 limit 1000 delay 20ms  5ms seed 14846689394564534249
NETEM_APPLIED node5 iface=eth0: qdisc netem 856e: root refcnt 17 limit 1000 delay 20ms  5ms seed 1072394374501776201
NETEM_APPLIED node6 iface=eth0: qdisc netem 856f: root refcnt 17 limit 1000 delay 20ms  5ms seed 1696736614018050422
NETEM_APPLIED node7 iface=eth0: qdisc netem 8570: root refcnt 17 limit 1000 delay 20ms  5ms seed 17334210205076249962
NETEM_APPLIED node8 iface=eth0: qdisc netem 8571: root refcnt 17 limit 1000 delay 20ms  5ms seed 3786926994768257141
NETEM_APPLIED node9 iface=eth0: qdisc netem 8572: root refcnt 17 limit 1000 delay 20ms  5ms seed 79511841538578927
NETEM_APPLIED node10 iface=eth0: qdisc netem 8573: root refcnt 17 limit 1000 delay 20ms  5ms seed 17098869835171789440
NETEM_APPLIED node11 iface=eth0: qdisc netem 8574: root refcnt 17 limit 1000 delay 20ms  5ms seed 4209173498641773001
NETEM_APPLIED node12 iface=eth0: qdisc netem 8575: root refcnt 17 limit 1000 delay 20ms  5ms seed 7193798803150759770
NETEM_APPLIED node13 iface=eth0: qdisc netem 8576: root refcnt 17 limit 1000 delay 20ms  5ms seed 8769066001348483974
NETEM_APPLIED node14 iface=eth0: qdisc netem 8577: root refcnt 17 limit 1000 delay 20ms  5ms seed 10666411055580498738
NETEM_APPLIED node15 iface=eth0: qdisc netem 8578: root refcnt 17 limit 1000 delay 20ms  5ms seed 751657997092539045
NETEM_APPLIED node16 iface=eth0: qdisc netem 8579: root refcnt 17 limit 1000 delay 20ms  5ms seed 2483739431855965600
NETEM_APPLIED node17 iface=eth0: qdisc netem 857a: root refcnt 17 limit 1000 delay 20ms  5ms seed 11041136427368627529
NETEM_APPLIED node18 iface=eth0: qdisc netem 857b: root refcnt 17 limit 1000 delay 20ms  5ms seed 14177241293698606434
NETEM_APPLIED node19 iface=eth0: qdisc netem 857c: root refcnt 17 limit 1000 delay 20ms  5ms seed 8680662531473307914
NETEM_APPLIED node20 iface=eth0: qdisc netem 857d: root refcnt 17 limit 1000 delay 20ms  5ms seed 2221640397939770574
NETEM_APPLIED node21 iface=eth0: qdisc netem 857e: root refcnt 17 limit 1000 delay 20ms  5ms seed 90912294166001060
NETEM_APPLIED node22 iface=eth0: qdisc netem 857f: root refcnt 17 limit 1000 delay 20ms  5ms seed 340103023995190663
NETEM_APPLIED node23 iface=eth0: qdisc netem 8580: root refcnt 17 limit 1000 delay 20ms  5ms seed 6480930867400343934
NETEM_RTT_GATE OK: baseline=0.1ms actual=43.2ms increase=43.1ms
DRIVER_STARTED: 2026-07-15T06:24:11Z
0
QDSK_CLEANUP_FAIL node0: Command '['docker', 'exec', 'rggbf0a0b99dc-node0-1', 'sh', '-c', "ip -o -4 addr show scope global 2>/dev/null | head -1 | awk '{print $2}'"]' returned non-zero exit status 1.
QDSK_CLEANUP_FAIL node1: Command '['docker', 'exec', 'rggbf0a0b99dc-node1-1', 'sh', '-c', "ip -o -4 addr show scope global 2>/dev/null | head -1 | awk '{print $2}'"]' returned non-zero exit status 1.
QDSK_CLEANUP_FAIL node2: Command '['docker', 'exec', 'rggbf0a0b99dc-node2-1', 'sh', '-c', "ip -o -4 addr show scope global 2>/dev/null | head -1 | awk '{print $2}'"]' returned non-zero exit status 1.
QDSK_CLEANUP_FAIL node3: Command '['docker', 'exec', 'rggbf0a0b99dc-node3-1', 'sh', '-c', "ip -o -4 addr show scope global 2>/dev/null | head -1 | awk '{print $2}'"]' returned non-zero exit status 1.
QDSK_CLEANUP_FAIL node4: Command '['docker', 'exec', 'rggbf0a0b99dc-node4-1', 'sh', '-c', "ip -o -4 addr show scope global 2>/dev/null | head -1 | awk '{print $2}'"]' returned non-zero exit status 1.
QDSK_CLEANUP_FAIL node5: Command '['docker', 'exec', 'rggbf0a0b99dc-node5-1', 'sh', '-c', "ip -o -4 addr show scope global 2>/dev/null | head -1 | awk '{print $2}'"]' returned non-zero exit status 1.
QDSK_CLEANUP_FAIL node6: Command '['docker', 'exec', 'rggbf0a0b99dc-node6-1', 'sh', '-c', "ip -o -4 addr show scope global 2>/dev/null | head -1 | awk '{print $2}'"]' returned non-zero exit status 1.
QDSK_CLEANUP_FAIL node7: Command '['docker', 'exec', 'rggbf0a0b99dc-node7-1', 'sh', '-c', "ip -o -4 addr show scope global 2>/dev/null | head -1 | awk '{print $2}'"]' returned non-zero exit status 1.
QDSK_CLEANUP_FAIL node8: Command '['docker', 'exec', 'rggbf0a0b99dc-node8-1', 'sh', '-c', "ip -o -4 addr show scope global 2>/dev/null | head -1 | awk '{print $2}'"]' returned non-zero exit status 1.
QDSK_CLEANUP_FAIL node9: Command '['docker', 'exec', 'rggbf0a0b99dc-node9-1', 'sh', '-c', "ip -o -4 addr show scope global 2>/dev/null | head -1 | awk '{print $2}'"]' returned non-zero exit status 1.
QDSK_CLEANUP_FAIL node10: Command '['docker', 'exec', 'rggbf0a0b99dc-node10-1', 'sh', '-c', "ip -o -4 addr show scope global 2>/dev/null | head -1 | awk '{print $2}'"]' returned non-zero exit status 1.
QDSK_CLEANUP_FAIL node11: Command '['docker', 'exec', 'rggbf0a0b99dc-node11-1', 'sh', '-c', "ip -o -4 addr show scope global 2>/dev/null | head -1 | awk '{print $2}'"]' returned non-zero exit status 1.
QDSK_CLEANUP_FAIL node12: Command '['docker', 'exec', 'rggbf0a0b99dc-node12-1', 'sh', '-c', "ip -o -4 addr show scope global 2>/dev/null | head -1 | awk '{print $2}'"]' returned non-zero exit status 1.
QDSK_CLEANUP_FAIL node13: Command '['docker', 'exec', 'rggbf0a0b99dc-node13-1', 'sh', '-c', "ip -o -4 addr show scope global 2>/dev/null | head -1 | awk '{print $2}'"]' returned non-zero exit status 1.
QDSK_CLEANUP_FAIL node14: Command '['docker', 'exec', 'rggbf0a0b99dc-node14-1', 'sh', '-c', "ip -o -4 addr show scope global 2>/dev/null | head -1 | awk '{print $2}'"]' returned non-zero exit status 1.
QDSK_CLEANUP_FAIL node15: Command '['docker', 'exec', 'rggbf0a0b99dc-node15-1', 'sh', '-c', "ip -o -4 addr show scope global 2>/dev/null | head -1 | awk '{print $2}'"]' returned non-zero exit status 1.
QDSK_CLEANUP_FAIL node16: Command '['docker', 'exec', 'rggbf0a0b99dc-node16-1', 'sh', '-c', "ip -o -4 addr show scope global 2>/dev/null | head -1 | awk '{print $2}'"]' returned non-zero exit status 1.
QDSK_CLEANUP_FAIL node17: Command '['docker', 'exec', 'rggbf0a0b99dc-node17-1', 'sh', '-c', "ip -o -4 addr show scope global 2>/dev/null | head -1 | awk '{print $2}'"]' returned non-zero exit status 1.
QDSK_CLEANUP_FAIL node18: Command '['docker', 'exec', 'rggbf0a0b99dc-node18-1', 'sh', '-c', "ip -o -4 addr show scope global 2>/dev/null | head -1 | awk '{print $2}'"]' returned non-zero exit status 1.
QDSK_CLEANUP_FAIL node19: Command '['docker', 'exec', 'rggbf0a0b99dc-node19-1', 'sh', '-c', "ip -o -4 addr show scope global 2>/dev/null | head -1 | awk '{print $2}'"]' returned non-zero exit status 1.
QDSK_CLEANUP_FAIL node20: Command '['docker', 'exec', 'rggbf0a0b99dc-node20-1', 'sh', '-c', "ip -o -4 addr show scope global 2>/dev/null | head -1 | awk '{print $2}'"]' returned non-zero exit status 1.
QDSK_CLEANUP_FAIL node21: Command '['docker', 'exec', 'rggbf0a0b99dc-node21-1', 'sh', '-c', "ip -o -4 addr show scope global 2>/dev/null | head -1 | awk '{print $2}'"]' returned non-zero exit status 1.
QDSK_CLEANUP_FAIL node22: Command '['docker', 'exec', 'rggbf0a0b99dc-node22-1', 'sh', '-c', "ip -o -4 addr show scope global 2>/dev/null | head -1 | awk '{print $2}'"]' returned non-zero exit status 1.
QDSK_CLEANUP_FAIL node23: Command '['docker', 'exec', 'rggbf0a0b99dc-node23-1', 'sh', '-c', "ip -o -4 addr show scope global 2>/dev/null | head -1 | awk '{print $2}'"]' returned non-zero exit status 1.
