 Network rgg803d8b5595_default Creating 
 Network rgg803d8b5595_default Created 
 Container rgg803d8b5595-collector-1 Creating 
 Container rgg803d8b5595-collector-1 Created 
 Container rgg803d8b5595-node22-1 Creating 
 Container rgg803d8b5595-node3-1 Creating 
 Container rgg803d8b5595-node17-1 Creating 
 Container rgg803d8b5595-node1-1 Creating 
 Container rgg803d8b5595-node7-1 Creating 
 Container rgg803d8b5595-node8-1 Creating 
 Container rgg803d8b5595-node23-1 Creating 
 Container rgg803d8b5595-node9-1 Creating 
 Container rgg803d8b5595-node4-1 Creating 
 Container rgg803d8b5595-node0-1 Creating 
 Container rgg803d8b5595-node14-1 Creating 
 Container rgg803d8b5595-node15-1 Creating 
 Container rgg803d8b5595-node13-1 Creating 
 Container rgg803d8b5595-node20-1 Creating 
 Container rgg803d8b5595-node10-1 Creating 
 Container rgg803d8b5595-node6-1 Creating 
 Container rgg803d8b5595-node11-1 Creating 
 Container rgg803d8b5595-node21-1 Creating 
 Container rgg803d8b5595-node19-1 Creating 
 Container rgg803d8b5595-node2-1 Creating 
 Container rgg803d8b5595-node5-1 Creating 
 Container rgg803d8b5595-node12-1 Creating 
 Container rgg803d8b5595-node18-1 Creating 
 Container rgg803d8b5595-node16-1 Creating 
 Container rgg803d8b5595-node19-1 Created 
 Container rgg803d8b5595-node17-1 Created 
 Container rgg803d8b5595-node22-1 Created 
 Container rgg803d8b5595-node7-1 Created 
 Container rgg803d8b5595-node10-1 Created 
 Container rgg803d8b5595-node3-1 Created 
 Container rgg803d8b5595-node6-1 Created 
 Container rgg803d8b5595-node13-1 Created 
 Container rgg803d8b5595-node14-1 Created 
 Container rgg803d8b5595-node8-1 Created 
 Container rgg803d8b5595-node21-1 Created 
 Container rgg803d8b5595-node2-1 Created 
 Container rgg803d8b5595-node9-1 Created 
 Container rgg803d8b5595-node5-1 Created 
 Container rgg803d8b5595-node16-1 Created 
 Container rgg803d8b5595-node18-1 Created 
 Container rgg803d8b5595-node20-1 Created 
 Container rgg803d8b5595-node23-1 Created 
 Container rgg803d8b5595-node12-1 Created 
 Container rgg803d8b5595-node1-1 Created 
 Container rgg803d8b5595-node0-1 Created 
 Container rgg803d8b5595-node4-1 Created 
 Container rgg803d8b5595-node11-1 Created 
 Container rgg803d8b5595-node15-1 Created 
 Container rgg803d8b5595-collector-1 Starting 
 Container rgg803d8b5595-collector-1 Started 
 Container rgg803d8b5595-node7-1 Starting 
 Container rgg803d8b5595-node0-1 Starting 
 Container rgg803d8b5595-node11-1 Starting 
 Container rgg803d8b5595-node4-1 Starting 
 Container rgg803d8b5595-node9-1 Starting 
 Container rgg803d8b5595-node18-1 Starting 
 Container rgg803d8b5595-node8-1 Starting 
 Container rgg803d8b5595-node3-1 Starting 
 Container rgg803d8b5595-node12-1 Starting 
 Container rgg803d8b5595-node16-1 Starting 
 Container rgg803d8b5595-node17-1 Starting 
 Container rgg803d8b5595-node22-1 Starting 
 Container rgg803d8b5595-node20-1 Starting 
 Container rgg803d8b5595-node1-1 Starting 
 Container rgg803d8b5595-node5-1 Starting 
 Container rgg803d8b5595-node2-1 Starting 
 Container rgg803d8b5595-node6-1 Starting 
 Container rgg803d8b5595-node13-1 Starting 
 Container rgg803d8b5595-node10-1 Starting 
 Container rgg803d8b5595-node14-1 Starting 
 Container rgg803d8b5595-node21-1 Starting 
 Container rgg803d8b5595-node19-1 Starting 
 Container rgg803d8b5595-node15-1 Starting 
 Container rgg803d8b5595-node23-1 Starting 
 Container rgg803d8b5595-node7-1 Started 
 Container rgg803d8b5595-node0-1 Started 
 Container rgg803d8b5595-node23-1 Started 
 Container rgg803d8b5595-node16-1 Started 
 Container rgg803d8b5595-node14-1 Started 
 Container rgg803d8b5595-node4-1 Started 
 Container rgg803d8b5595-node6-1 Started 
 Container rgg803d8b5595-node11-1 Started 
 Container rgg803d8b5595-node20-1 Started 
 Container rgg803d8b5595-node9-1 Started 
 Container rgg803d8b5595-node2-1 Started 
 Container rgg803d8b5595-node17-1 Started 
 Container rgg803d8b5595-node8-1 Started 
 Container rgg803d8b5595-node13-1 Started 
 Container rgg803d8b5595-node18-1 Started 
 Container rgg803d8b5595-node10-1 Started 
 Container rgg803d8b5595-node19-1 Started 
 Container rgg803d8b5595-node15-1 Started 
 Container rgg803d8b5595-node5-1 Started 
 Container rgg803d8b5595-node21-1 Started 
 Container rgg803d8b5595-node1-1 Started 
 Container rgg803d8b5595-node3-1 Started 
 Container rgg803d8b5595-node22-1 Started 
 Container rgg803d8b5595-node12-1 Started 
NETEM_APPLIED node0 iface=eth0: qdisc netem 8141: root refcnt 17 limit 1000 delay 10ms  2ms seed 2366598492445410488
NETEM_APPLIED node1 iface=eth0: qdisc netem 8142: root refcnt 17 limit 1000 delay 10ms  2ms seed 1797282351102698169
NETEM_APPLIED node2 iface=eth0: qdisc netem 8143: root refcnt 17 limit 1000 delay 10ms  2ms seed 13614487575627863436
NETEM_APPLIED node3 iface=eth0: qdisc netem 8144: root refcnt 17 limit 1000 delay 10ms  2ms seed 10400394800144235727
NETEM_APPLIED node4 iface=eth0: qdisc netem 8145: root refcnt 17 limit 1000 delay 10ms  2ms seed 11854474231413496173
NETEM_APPLIED node5 iface=eth0: qdisc netem 8146: root refcnt 17 limit 1000 delay 10ms  2ms seed 10348647100466641921
NETEM_APPLIED node6 iface=eth0: qdisc netem 8147: root refcnt 17 limit 1000 delay 10ms  2ms seed 10476112835068148992
NETEM_APPLIED node7 iface=eth0: qdisc netem 8148: root refcnt 17 limit 1000 delay 10ms  2ms seed 4559525432563942971
NETEM_APPLIED node8 iface=eth0: qdisc netem 8149: root refcnt 17 limit 1000 delay 10ms  2ms seed 14477365603864476191
NETEM_APPLIED node9 iface=eth0: qdisc netem 814a: root refcnt 17 limit 1000 delay 10ms  2ms seed 12454043636074481551
NETEM_APPLIED node10 iface=eth0: qdisc netem 814b: root refcnt 17 limit 1000 delay 10ms  2ms seed 10352900520264827554
NETEM_APPLIED node11 iface=eth0: qdisc netem 814c: root refcnt 17 limit 1000 delay 10ms  2ms seed 6922079358936988994
NETEM_APPLIED node12 iface=eth0: qdisc netem 814d: root refcnt 17 limit 1000 delay 10ms  2ms seed 14442598148128055479
NETEM_APPLIED node13 iface=eth0: qdisc netem 814e: root refcnt 17 limit 1000 delay 10ms  2ms seed 7100073118394494813
NETEM_APPLIED node14 iface=eth0: qdisc netem 814f: root refcnt 17 limit 1000 delay 10ms  2ms seed 1115650509070942195
NETEM_APPLIED node15 iface=eth0: qdisc netem 8150: root refcnt 17 limit 1000 delay 10ms  2ms seed 5596177468224207629
NETEM_APPLIED node16 iface=eth0: qdisc netem 8151: root refcnt 17 limit 1000 delay 10ms  2ms seed 7772903930334642592
NETEM_APPLIED node17 iface=eth0: qdisc netem 8152: root refcnt 17 limit 1000 delay 10ms  2ms seed 8267967160452948773
NETEM_APPLIED node18 iface=eth0: qdisc netem 8153: root refcnt 17 limit 1000 delay 10ms  2ms seed 8092799393739395414
NETEM_APPLIED node19 iface=eth0: qdisc netem 8154: root refcnt 17 limit 1000 delay 10ms  2ms seed 5607859070668107742
NETEM_APPLIED node20 iface=eth0: qdisc netem 8155: root refcnt 17 limit 1000 delay 10ms  2ms seed 4437794557680985007
NETEM_APPLIED node21 iface=eth0: qdisc netem 8156: root refcnt 17 limit 1000 delay 10ms  2ms seed 14214123098235767552
NETEM_APPLIED node22 iface=eth0: qdisc netem 8157: root refcnt 17 limit 1000 delay 10ms  2ms seed 7244637029434209609
NETEM_APPLIED node23 iface=eth0: qdisc netem 8158: root refcnt 17 limit 1000 delay 10ms  2ms seed 5540613364268368066
NETEM_RTT_GATE OK: baseline=0.1ms actual=20.6ms increase=20.5ms
DRIVER_STARTED: 2026-07-15T05:25:40Z
0
QDSK_CLEANUP_FAIL node0: Command '['docker', 'exec', 'rgg803d8b5595-node0-1', 'sh', '-c', "ip -o -4 addr show scope global 2>/dev/null | head -1 | awk '{print $2}'"]' returned non-zero exit status 1.
QDSK_CLEANUP_FAIL node1: Command '['docker', 'exec', 'rgg803d8b5595-node1-1', 'sh', '-c', "ip -o -4 addr show scope global 2>/dev/null | head -1 | awk '{print $2}'"]' returned non-zero exit status 1.
QDSK_CLEANUP_FAIL node2: Command '['docker', 'exec', 'rgg803d8b5595-node2-1', 'sh', '-c', "ip -o -4 addr show scope global 2>/dev/null | head -1 | awk '{print $2}'"]' returned non-zero exit status 1.
QDSK_CLEANUP_FAIL node3: Command '['docker', 'exec', 'rgg803d8b5595-node3-1', 'sh', '-c', "ip -o -4 addr show scope global 2>/dev/null | head -1 | awk '{print $2}'"]' returned non-zero exit status 1.
QDSK_CLEANUP_FAIL node4: Command '['docker', 'exec', 'rgg803d8b5595-node4-1', 'sh', '-c', "ip -o -4 addr show scope global 2>/dev/null | head -1 | awk '{print $2}'"]' returned non-zero exit status 1.
QDSK_CLEANUP_FAIL node5: Command '['docker', 'exec', 'rgg803d8b5595-node5-1', 'sh', '-c', "ip -o -4 addr show scope global 2>/dev/null | head -1 | awk '{print $2}'"]' returned non-zero exit status 1.
QDSK_CLEANUP_FAIL node6: Command '['docker', 'exec', 'rgg803d8b5595-node6-1', 'sh', '-c', "ip -o -4 addr show scope global 2>/dev/null | head -1 | awk '{print $2}'"]' returned non-zero exit status 1.
QDSK_CLEANUP_FAIL node7: Command '['docker', 'exec', 'rgg803d8b5595-node7-1', 'sh', '-c', "ip -o -4 addr show scope global 2>/dev/null | head -1 | awk '{print $2}'"]' returned non-zero exit status 1.
QDSK_CLEANUP_FAIL node8: Command '['docker', 'exec', 'rgg803d8b5595-node8-1', 'sh', '-c', "ip -o -4 addr show scope global 2>/dev/null | head -1 | awk '{print $2}'"]' returned non-zero exit status 1.
QDSK_CLEANUP_FAIL node9: Command '['docker', 'exec', 'rgg803d8b5595-node9-1', 'sh', '-c', "ip -o -4 addr show scope global 2>/dev/null | head -1 | awk '{print $2}'"]' returned non-zero exit status 1.
QDSK_CLEANUP_FAIL node10: Command '['docker', 'exec', 'rgg803d8b5595-node10-1', 'sh', '-c', "ip -o -4 addr show scope global 2>/dev/null | head -1 | awk '{print $2}'"]' returned non-zero exit status 1.
QDSK_CLEANUP_FAIL node11: Command '['docker', 'exec', 'rgg803d8b5595-node11-1', 'sh', '-c', "ip -o -4 addr show scope global 2>/dev/null | head -1 | awk '{print $2}'"]' returned non-zero exit status 1.
QDSK_CLEANUP_FAIL node12: Command '['docker', 'exec', 'rgg803d8b5595-node12-1', 'sh', '-c', "ip -o -4 addr show scope global 2>/dev/null | head -1 | awk '{print $2}'"]' returned non-zero exit status 1.
QDSK_CLEANUP_FAIL node13: Command '['docker', 'exec', 'rgg803d8b5595-node13-1', 'sh', '-c', "ip -o -4 addr show scope global 2>/dev/null | head -1 | awk '{print $2}'"]' returned non-zero exit status 1.
QDSK_CLEANUP_FAIL node14: Command '['docker', 'exec', 'rgg803d8b5595-node14-1', 'sh', '-c', "ip -o -4 addr show scope global 2>/dev/null | head -1 | awk '{print $2}'"]' returned non-zero exit status 1.
QDSK_CLEANUP_FAIL node15: Command '['docker', 'exec', 'rgg803d8b5595-node15-1', 'sh', '-c', "ip -o -4 addr show scope global 2>/dev/null | head -1 | awk '{print $2}'"]' returned non-zero exit status 1.
QDSK_CLEANUP_FAIL node16: Command '['docker', 'exec', 'rgg803d8b5595-node16-1', 'sh', '-c', "ip -o -4 addr show scope global 2>/dev/null | head -1 | awk '{print $2}'"]' returned non-zero exit status 1.
QDSK_CLEANUP_FAIL node17: Command '['docker', 'exec', 'rgg803d8b5595-node17-1', 'sh', '-c', "ip -o -4 addr show scope global 2>/dev/null | head -1 | awk '{print $2}'"]' returned non-zero exit status 1.
QDSK_CLEANUP_FAIL node18: Command '['docker', 'exec', 'rgg803d8b5595-node18-1', 'sh', '-c', "ip -o -4 addr show scope global 2>/dev/null | head -1 | awk '{print $2}'"]' returned non-zero exit status 1.
QDSK_CLEANUP_FAIL node19: Command '['docker', 'exec', 'rgg803d8b5595-node19-1', 'sh', '-c', "ip -o -4 addr show scope global 2>/dev/null | head -1 | awk '{print $2}'"]' returned non-zero exit status 1.
QDSK_CLEANUP_FAIL node20: Command '['docker', 'exec', 'rgg803d8b5595-node20-1', 'sh', '-c', "ip -o -4 addr show scope global 2>/dev/null | head -1 | awk '{print $2}'"]' returned non-zero exit status 1.
QDSK_CLEANUP_FAIL node21: Command '['docker', 'exec', 'rgg803d8b5595-node21-1', 'sh', '-c', "ip -o -4 addr show scope global 2>/dev/null | head -1 | awk '{print $2}'"]' returned non-zero exit status 1.
QDSK_CLEANUP_FAIL node22: Command '['docker', 'exec', 'rgg803d8b5595-node22-1', 'sh', '-c', "ip -o -4 addr show scope global 2>/dev/null | head -1 | awk '{print $2}'"]' returned non-zero exit status 1.
QDSK_CLEANUP_FAIL node23: Command '['docker', 'exec', 'rgg803d8b5595-node23-1', 'sh', '-c', "ip -o -4 addr show scope global 2>/dev/null | head -1 | awk '{print $2}'"]' returned non-zero exit status 1.
