 Network rgg78009f208e_default Creating 
 Network rgg78009f208e_default Created 
 Container rgg78009f208e-collector-1 Creating 
 Container rgg78009f208e-collector-1 Created 
 Container rgg78009f208e-node8-1 Creating 
 Container rgg78009f208e-node0-1 Creating 
 Container rgg78009f208e-node21-1 Creating 
 Container rgg78009f208e-node2-1 Creating 
 Container rgg78009f208e-node3-1 Creating 
 Container rgg78009f208e-node16-1 Creating 
 Container rgg78009f208e-node19-1 Creating 
 Container rgg78009f208e-node1-1 Creating 
 Container rgg78009f208e-node13-1 Creating 
 Container rgg78009f208e-node12-1 Creating 
 Container rgg78009f208e-node15-1 Creating 
 Container rgg78009f208e-node6-1 Creating 
 Container rgg78009f208e-node22-1 Creating 
 Container rgg78009f208e-node14-1 Creating 
 Container rgg78009f208e-node4-1 Creating 
 Container rgg78009f208e-node20-1 Creating 
 Container rgg78009f208e-node11-1 Creating 
 Container rgg78009f208e-node18-1 Creating 
 Container rgg78009f208e-node7-1 Creating 
 Container rgg78009f208e-node23-1 Creating 
 Container rgg78009f208e-node5-1 Creating 
 Container rgg78009f208e-node10-1 Creating 
 Container rgg78009f208e-node9-1 Creating 
 Container rgg78009f208e-node17-1 Creating 
 Container rgg78009f208e-node20-1 Created 
 Container rgg78009f208e-node0-1 Created 
 Container rgg78009f208e-node15-1 Created 
 Container rgg78009f208e-node5-1 Created 
 Container rgg78009f208e-node1-1 Created 
 Container rgg78009f208e-node17-1 Created 
 Container rgg78009f208e-node18-1 Created 
 Container rgg78009f208e-node6-1 Created 
 Container rgg78009f208e-node3-1 Created 
 Container rgg78009f208e-node10-1 Created 
 Container rgg78009f208e-node8-1 Created 
 Container rgg78009f208e-node23-1 Created 
 Container rgg78009f208e-node22-1 Created 
 Container rgg78009f208e-node16-1 Created 
 Container rgg78009f208e-node11-1 Created 
 Container rgg78009f208e-node14-1 Created 
 Container rgg78009f208e-node21-1 Created 
 Container rgg78009f208e-node12-1 Created 
 Container rgg78009f208e-node19-1 Created 
 Container rgg78009f208e-node13-1 Created 
 Container rgg78009f208e-node2-1 Created 
 Container rgg78009f208e-node9-1 Created 
 Container rgg78009f208e-node4-1 Created 
 Container rgg78009f208e-node7-1 Created 
 Container rgg78009f208e-collector-1 Starting 
 Container rgg78009f208e-collector-1 Started 
 Container rgg78009f208e-node22-1 Starting 
 Container rgg78009f208e-node8-1 Starting 
 Container rgg78009f208e-node12-1 Starting 
 Container rgg78009f208e-node1-1 Starting 
 Container rgg78009f208e-node9-1 Starting 
 Container rgg78009f208e-node4-1 Starting 
 Container rgg78009f208e-node21-1 Starting 
 Container rgg78009f208e-node14-1 Starting 
 Container rgg78009f208e-node16-1 Starting 
 Container rgg78009f208e-node0-1 Starting 
 Container rgg78009f208e-node17-1 Starting 
 Container rgg78009f208e-node20-1 Starting 
 Container rgg78009f208e-node2-1 Starting 
 Container rgg78009f208e-node23-1 Starting 
 Container rgg78009f208e-node3-1 Starting 
 Container rgg78009f208e-node19-1 Starting 
 Container rgg78009f208e-node11-1 Starting 
 Container rgg78009f208e-node6-1 Starting 
 Container rgg78009f208e-node5-1 Starting 
 Container rgg78009f208e-node10-1 Starting 
 Container rgg78009f208e-node13-1 Starting 
 Container rgg78009f208e-node7-1 Starting 
 Container rgg78009f208e-node18-1 Starting 
 Container rgg78009f208e-node15-1 Starting 
 Container rgg78009f208e-node11-1 Started 
 Container rgg78009f208e-node15-1 Started 
 Container rgg78009f208e-node2-1 Started 
 Container rgg78009f208e-node17-1 Started 
 Container rgg78009f208e-node4-1 Started 
 Container rgg78009f208e-node13-1 Started 
 Container rgg78009f208e-node1-1 Started 
 Container rgg78009f208e-node14-1 Started 
 Container rgg78009f208e-node12-1 Started 
 Container rgg78009f208e-node10-1 Started 
 Container rgg78009f208e-node22-1 Started 
 Container rgg78009f208e-node20-1 Started 
 Container rgg78009f208e-node18-1 Started 
 Container rgg78009f208e-node23-1 Started 
 Container rgg78009f208e-node5-1 Started 
 Container rgg78009f208e-node19-1 Started 
 Container rgg78009f208e-node21-1 Started 
 Container rgg78009f208e-node8-1 Started 
 Container rgg78009f208e-node7-1 Started 
 Container rgg78009f208e-node3-1 Started 
 Container rgg78009f208e-node9-1 Started 
 Container rgg78009f208e-node6-1 Started 
 Container rgg78009f208e-node16-1 Started 
 Container rgg78009f208e-node0-1 Started 
DRIVER_STARTED: 2026-07-15T05:06:40Z
0
