 Network rgg987d976d99_default Creating 
 Network rgg987d976d99_default Created 
 Container rgg987d976d99-collector-1 Creating 
 Container rgg987d976d99-collector-1 Created 
 Container rgg987d976d99-node10-1 Creating 
 Container rgg987d976d99-node11-1 Creating 
 Container rgg987d976d99-node0-1 Creating 
 Container rgg987d976d99-node12-1 Creating 
 Container rgg987d976d99-node7-1 Creating 
 Container rgg987d976d99-node2-1 Creating 
 Container rgg987d976d99-node5-1 Creating 
 Container rgg987d976d99-node1-1 Creating 
 Container rgg987d976d99-node4-1 Creating 
 Container rgg987d976d99-node13-1 Creating 
 Container rgg987d976d99-node15-1 Creating 
 Container rgg987d976d99-node3-1 Creating 
 Container rgg987d976d99-node6-1 Creating 
 Container rgg987d976d99-node14-1 Creating 
 Container rgg987d976d99-node9-1 Creating 
 Container rgg987d976d99-node8-1 Creating 
 Container rgg987d976d99-node12-1 Created 
 Container rgg987d976d99-node1-1 Created 
 Container rgg987d976d99-node10-1 Created 
 Container rgg987d976d99-node13-1 Created 
 Container rgg987d976d99-node11-1 Created 
 Container rgg987d976d99-node4-1 Created 
 Container rgg987d976d99-node8-1 Created 
 Container rgg987d976d99-node2-1 Created 
 Container rgg987d976d99-node15-1 Created 
 Container rgg987d976d99-node14-1 Created 
 Container rgg987d976d99-node0-1 Created 
 Container rgg987d976d99-node6-1 Created 
 Container rgg987d976d99-node7-1 Created 
 Container rgg987d976d99-node9-1 Created 
 Container rgg987d976d99-node3-1 Created 
 Container rgg987d976d99-node5-1 Created 
 Container rgg987d976d99-driver-1 Creating 
 Container rgg987d976d99-driver-1 Created 
 Container rgg987d976d99-collector-1 Starting 
 Container rgg987d976d99-collector-1 Started 
 Container rgg987d976d99-node11-1 Starting 
 Container rgg987d976d99-node8-1 Starting 
 Container rgg987d976d99-node14-1 Starting 
 Container rgg987d976d99-node12-1 Starting 
 Container rgg987d976d99-node10-1 Starting 
 Container rgg987d976d99-node15-1 Starting 
 Container rgg987d976d99-node4-1 Starting 
 Container rgg987d976d99-node0-1 Starting 
 Container rgg987d976d99-node7-1 Starting 
 Container rgg987d976d99-node13-1 Starting 
 Container rgg987d976d99-node5-1 Starting 
 Container rgg987d976d99-node6-1 Starting 
 Container rgg987d976d99-node1-1 Starting 
 Container rgg987d976d99-node2-1 Starting 
 Container rgg987d976d99-node9-1 Starting 
 Container rgg987d976d99-node3-1 Starting 
 Container rgg987d976d99-node13-1 Started 
 Container rgg987d976d99-node5-1 Started 
 Container rgg987d976d99-node12-1 Started 
 Container rgg987d976d99-node4-1 Started 
 Container rgg987d976d99-node8-1 Started 
 Container rgg987d976d99-node3-1 Started 
 Container rgg987d976d99-node11-1 Started 
 Container rgg987d976d99-node14-1 Started 
 Container rgg987d976d99-node1-1 Started 
 Container rgg987d976d99-node6-1 Started 
 Container rgg987d976d99-node10-1 Started 
 Container rgg987d976d99-node7-1 Started 
 Container rgg987d976d99-node15-1 Started 
 Container rgg987d976d99-node9-1 Started 
 Container rgg987d976d99-node0-1 Started 
 Container rgg987d976d99-node2-1 Started 
 Container rgg987d976d99-driver-1 Starting 
 Container rgg987d976d99-driver-1 Started 
0
