 Network rggf5bd1dd5b0_default Creating 
 Network rggf5bd1dd5b0_default Created 
 Container rggf5bd1dd5b0-collector-1 Creating 
 Container rggf5bd1dd5b0-collector-1 Created 
 Container rggf5bd1dd5b0-node13-1 Creating 
 Container rggf5bd1dd5b0-node1-1 Creating 
 Container rggf5bd1dd5b0-node15-1 Creating 
 Container rggf5bd1dd5b0-node2-1 Creating 
 Container rggf5bd1dd5b0-node9-1 Creating 
 Container rggf5bd1dd5b0-node11-1 Creating 
 Container rggf5bd1dd5b0-node14-1 Creating 
 Container rggf5bd1dd5b0-node7-1 Creating 
 Container rggf5bd1dd5b0-node0-1 Creating 
 Container rggf5bd1dd5b0-node10-1 Creating 
 Container rggf5bd1dd5b0-node4-1 Creating 
 Container rggf5bd1dd5b0-node6-1 Creating 
 Container rggf5bd1dd5b0-node5-1 Creating 
 Container rggf5bd1dd5b0-node3-1 Creating 
 Container rggf5bd1dd5b0-node12-1 Creating 
 Container rggf5bd1dd5b0-node8-1 Creating 
 Container rggf5bd1dd5b0-node2-1 Created 
 Container rggf5bd1dd5b0-node1-1 Created 
 Container rggf5bd1dd5b0-node11-1 Created 
 Container rggf5bd1dd5b0-node13-1 Created 
 Container rggf5bd1dd5b0-node15-1 Created 
 Container rggf5bd1dd5b0-node6-1 Created 
 Container rggf5bd1dd5b0-node7-1 Created 
 Container rggf5bd1dd5b0-node5-1 Created 
 Container rggf5bd1dd5b0-node10-1 Created 
 Container rggf5bd1dd5b0-node8-1 Created 
 Container rggf5bd1dd5b0-node4-1 Created 
 Container rggf5bd1dd5b0-node14-1 Created 
 Container rggf5bd1dd5b0-node0-1 Created 
 Container rggf5bd1dd5b0-node9-1 Created 
 Container rggf5bd1dd5b0-node3-1 Created 
 Container rggf5bd1dd5b0-node12-1 Created 
 Container rggf5bd1dd5b0-driver-1 Creating 
 Container rggf5bd1dd5b0-driver-1 Created 
 Container rggf5bd1dd5b0-collector-1 Starting 
 Container rggf5bd1dd5b0-collector-1 Started 
 Container rggf5bd1dd5b0-node14-1 Starting 
 Container rggf5bd1dd5b0-node4-1 Starting 
 Container rggf5bd1dd5b0-node12-1 Starting 
 Container rggf5bd1dd5b0-node13-1 Starting 
 Container rggf5bd1dd5b0-node6-1 Starting 
 Container rggf5bd1dd5b0-node11-1 Starting 
 Container rggf5bd1dd5b0-node10-1 Starting 
 Container rggf5bd1dd5b0-node1-1 Starting 
 Container rggf5bd1dd5b0-node15-1 Starting 
 Container rggf5bd1dd5b0-node0-1 Starting 
 Container rggf5bd1dd5b0-node5-1 Starting 
 Container rggf5bd1dd5b0-node7-1 Starting 
 Container rggf5bd1dd5b0-node3-1 Starting 
 Container rggf5bd1dd5b0-node9-1 Starting 
 Container rggf5bd1dd5b0-node8-1 Starting 
 Container rggf5bd1dd5b0-node2-1 Starting 
 Container rggf5bd1dd5b0-node6-1 Started 
 Container rggf5bd1dd5b0-node4-1 Started 
 Container rggf5bd1dd5b0-node3-1 Started 
 Container rggf5bd1dd5b0-node8-1 Started 
 Container rggf5bd1dd5b0-node14-1 Started 
 Container rggf5bd1dd5b0-node1-1 Started 
 Container rggf5bd1dd5b0-node5-1 Started 
 Container rggf5bd1dd5b0-node7-1 Started 
 Container rggf5bd1dd5b0-node12-1 Started 
 Container rggf5bd1dd5b0-node2-1 Started 
 Container rggf5bd1dd5b0-node9-1 Started 
 Container rggf5bd1dd5b0-node15-1 Started 
 Container rggf5bd1dd5b0-node0-1 Started 
 Container rggf5bd1dd5b0-node11-1 Started 
 Container rggf5bd1dd5b0-node10-1 Started 
 Container rggf5bd1dd5b0-node13-1 Started 
 Container rggf5bd1dd5b0-driver-1 Starting 
 Container rggf5bd1dd5b0-driver-1 Started 
0
