 Network rggba4a33301b_default Creating 
 Network rggba4a33301b_default Created 
 Container rggba4a33301b-collector-1 Creating 
 Container rggba4a33301b-collector-1 Created 
 Container rggba4a33301b-node3-1 Creating 
 Container rggba4a33301b-node4-1 Creating 
 Container rggba4a33301b-node10-1 Creating 
 Container rggba4a33301b-node2-1 Creating 
 Container rggba4a33301b-node12-1 Creating 
 Container rggba4a33301b-node8-1 Creating 
 Container rggba4a33301b-node11-1 Creating 
 Container rggba4a33301b-node9-1 Creating 
 Container rggba4a33301b-node15-1 Creating 
 Container rggba4a33301b-node14-1 Creating 
 Container rggba4a33301b-node13-1 Creating 
 Container rggba4a33301b-node6-1 Creating 
 Container rggba4a33301b-node5-1 Creating 
 Container rggba4a33301b-node1-1 Creating 
 Container rggba4a33301b-node7-1 Creating 
 Container rggba4a33301b-node0-1 Creating 
 Container rggba4a33301b-node7-1 Created 
 Container rggba4a33301b-node8-1 Created 
 Container rggba4a33301b-node10-1 Created 
 Container rggba4a33301b-node2-1 Created 
 Container rggba4a33301b-node11-1 Created 
 Container rggba4a33301b-node14-1 Created 
 Container rggba4a33301b-node3-1 Created 
 Container rggba4a33301b-node6-1 Created 
 Container rggba4a33301b-node5-1 Created 
 Container rggba4a33301b-node12-1 Created 
 Container rggba4a33301b-node9-1 Created 
 Container rggba4a33301b-node13-1 Created 
 Container rggba4a33301b-node1-1 Created 
 Container rggba4a33301b-node4-1 Created 
 Container rggba4a33301b-node15-1 Created 
 Container rggba4a33301b-node0-1 Created 
 Container rggba4a33301b-driver-1 Creating 
 Container rggba4a33301b-driver-1 Created 
 Container rggba4a33301b-collector-1 Starting 
 Container rggba4a33301b-collector-1 Started 
 Container rggba4a33301b-node0-1 Starting 
 Container rggba4a33301b-node8-1 Starting 
 Container rggba4a33301b-node13-1 Starting 
 Container rggba4a33301b-node2-1 Starting 
 Container rggba4a33301b-node14-1 Starting 
 Container rggba4a33301b-node3-1 Starting 
 Container rggba4a33301b-node15-1 Starting 
 Container rggba4a33301b-node7-1 Starting 
 Container rggba4a33301b-node12-1 Starting 
 Container rggba4a33301b-node6-1 Starting 
 Container rggba4a33301b-node9-1 Starting 
 Container rggba4a33301b-node1-1 Starting 
 Container rggba4a33301b-node4-1 Starting 
 Container rggba4a33301b-node11-1 Starting 
 Container rggba4a33301b-node5-1 Starting 
 Container rggba4a33301b-node10-1 Starting 
 Container rggba4a33301b-node8-1 Started 
 Container rggba4a33301b-node13-1 Started 
 Container rggba4a33301b-node0-1 Started 
 Container rggba4a33301b-node15-1 Started 
 Container rggba4a33301b-node5-1 Started 
 Container rggba4a33301b-node4-1 Started 
 Container rggba4a33301b-node10-1 Started 
 Container rggba4a33301b-node14-1 Started 
 Container rggba4a33301b-node6-1 Started 
 Container rggba4a33301b-node11-1 Started 
 Container rggba4a33301b-node9-1 Started 
 Container rggba4a33301b-node12-1 Started 
 Container rggba4a33301b-node1-1 Started 
 Container rggba4a33301b-node2-1 Started 
 Container rggba4a33301b-node3-1 Started 
 Container rggba4a33301b-node7-1 Started 
 Container rggba4a33301b-driver-1 Starting 
 Container rggba4a33301b-driver-1 Started 
0
