 Network rgga662899d11_default Creating 
 Network rgga662899d11_default Created 
 Container rgga662899d11-collector-1 Creating 
 Container rgga662899d11-collector-1 Created 
 Container rgga662899d11-node0-1 Creating 
 Container rgga662899d11-node20-1 Creating 
 Container rgga662899d11-node1-1 Creating 
 Container rgga662899d11-node2-1 Creating 
 Container rgga662899d11-node14-1 Creating 
 Container rgga662899d11-node4-1 Creating 
 Container rgga662899d11-node3-1 Creating 
 Container rgga662899d11-node11-1 Creating 
 Container rgga662899d11-node23-1 Creating 
 Container rgga662899d11-node16-1 Creating 
 Container rgga662899d11-node21-1 Creating 
 Container rgga662899d11-node5-1 Creating 
 Container rgga662899d11-node19-1 Creating 
 Container rgga662899d11-node6-1 Creating 
 Container rgga662899d11-node17-1 Creating 
 Container rgga662899d11-node7-1 Creating 
 Container rgga662899d11-node10-1 Creating 
 Container rgga662899d11-node15-1 Creating 
 Container rgga662899d11-node8-1 Creating 
 Container rgga662899d11-node12-1 Creating 
 Container rgga662899d11-node13-1 Creating 
 Container rgga662899d11-node22-1 Creating 
 Container rgga662899d11-node9-1 Creating 
 Container rgga662899d11-node18-1 Creating 
 Container rgga662899d11-node15-1 Created 
 Container rgga662899d11-node2-1 Created 
 Container rgga662899d11-node20-1 Created 
 Container rgga662899d11-node11-1 Created 
 Container rgga662899d11-node8-1 Created 
 Container rgga662899d11-node3-1 Created 
 Container rgga662899d11-node9-1 Created 
 Container rgga662899d11-node7-1 Created 
 Container rgga662899d11-node1-1 Created 
 Container rgga662899d11-node0-1 Created 
 Container rgga662899d11-node12-1 Created 
 Container rgga662899d11-node4-1 Created 
 Container rgga662899d11-node5-1 Created 
 Container rgga662899d11-node18-1 Created 
 Container rgga662899d11-node13-1 Created 
 Container rgga662899d11-node17-1 Created 
 Container rgga662899d11-node6-1 Created 
 Container rgga662899d11-node21-1 Created 
 Container rgga662899d11-node22-1 Created 
 Container rgga662899d11-node19-1 Created 
 Container rgga662899d11-node14-1 Created 
 Container rgga662899d11-node10-1 Created 
 Container rgga662899d11-node16-1 Created 
 Container rgga662899d11-node23-1 Created 
 Container rgga662899d11-driver-1 Creating 
 Container rgga662899d11-driver-1 Created 
 Container rgga662899d11-collector-1 Starting 
 Container rgga662899d11-collector-1 Started 
 Container rgga662899d11-node15-1 Starting 
 Container rgga662899d11-node18-1 Starting 
 Container rgga662899d11-node5-1 Starting 
 Container rgga662899d11-node17-1 Starting 
 Container rgga662899d11-node21-1 Starting 
 Container rgga662899d11-node22-1 Starting 
 Container rgga662899d11-node13-1 Starting 
 Container rgga662899d11-node8-1 Starting 
 Container rgga662899d11-node20-1 Starting 
 Container rgga662899d11-node6-1 Starting 
 Container rgga662899d11-node2-1 Starting 
 Container rgga662899d11-node10-1 Starting 
 Container rgga662899d11-node12-1 Starting 
 Container rgga662899d11-node16-1 Starting 
 Container rgga662899d11-node9-1 Starting 
 Container rgga662899d11-node4-1 Starting 
 Container rgga662899d11-node7-1 Starting 
 Container rgga662899d11-node3-1 Starting 
 Container rgga662899d11-node0-1 Starting 
 Container rgga662899d11-node11-1 Starting 
 Container rgga662899d11-node23-1 Starting 
 Container rgga662899d11-node19-1 Starting 
 Container rgga662899d11-node14-1 Starting 
 Container rgga662899d11-node1-1 Starting 
 Container rgga662899d11-node10-1 Started 
 Container rgga662899d11-node5-1 Started 
 Container rgga662899d11-node14-1 Started 
 Container rgga662899d11-node18-1 Started 
 Container rgga662899d11-node11-1 Started 
 Container rgga662899d11-node15-1 Started 
 Container rgga662899d11-node16-1 Started 
 Container rgga662899d11-node0-1 Started 
 Container rgga662899d11-node7-1 Started 
 Container rgga662899d11-node21-1 Started 
 Container rgga662899d11-node9-1 Started 
 Container rgga662899d11-node4-1 Started 
 Container rgga662899d11-node12-1 Started 
 Container rgga662899d11-node20-1 Started 
 Container rgga662899d11-node17-1 Started 
 Container rgga662899d11-node22-1 Started 
 Container rgga662899d11-node2-1 Started 
 Container rgga662899d11-node3-1 Started 
 Container rgga662899d11-node8-1 Started 
 Container rgga662899d11-node6-1 Started 
 Container rgga662899d11-node1-1 Started 
 Container rgga662899d11-node19-1 Started 
 Container rgga662899d11-node23-1 Started 
 Container rgga662899d11-node13-1 Started 
 Container rgga662899d11-driver-1 Starting 
 Container rgga662899d11-driver-1 Started 
0
