 Network rgg2d3d5c18db_default Creating 
 Network rgg2d3d5c18db_default Created 
 Container rgg2d3d5c18db-collector-1 Creating 
 Container rgg2d3d5c18db-collector-1 Created 
 Container rgg2d3d5c18db-node11-1 Creating 
 Container rgg2d3d5c18db-node7-1 Creating 
 Container rgg2d3d5c18db-node8-1 Creating 
 Container rgg2d3d5c18db-node22-1 Creating 
 Container rgg2d3d5c18db-node9-1 Creating 
 Container rgg2d3d5c18db-node4-1 Creating 
 Container rgg2d3d5c18db-node3-1 Creating 
 Container rgg2d3d5c18db-node14-1 Creating 
 Container rgg2d3d5c18db-node1-1 Creating 
 Container rgg2d3d5c18db-node13-1 Creating 
 Container rgg2d3d5c18db-node16-1 Creating 
 Container rgg2d3d5c18db-node6-1 Creating 
 Container rgg2d3d5c18db-node18-1 Creating 
 Container rgg2d3d5c18db-node20-1 Creating 
 Container rgg2d3d5c18db-node12-1 Creating 
 Container rgg2d3d5c18db-node2-1 Creating 
 Container rgg2d3d5c18db-node17-1 Creating 
 Container rgg2d3d5c18db-node15-1 Creating 
 Container rgg2d3d5c18db-node21-1 Creating 
 Container rgg2d3d5c18db-node10-1 Creating 
 Container rgg2d3d5c18db-node5-1 Creating 
 Container rgg2d3d5c18db-node19-1 Creating 
 Container rgg2d3d5c18db-node0-1 Creating 
 Container rgg2d3d5c18db-node23-1 Creating 
 Container rgg2d3d5c18db-node22-1 Created 
 Container rgg2d3d5c18db-node11-1 Created 
 Container rgg2d3d5c18db-node6-1 Created 
 Container rgg2d3d5c18db-node19-1 Created 
 Container rgg2d3d5c18db-node18-1 Created 
 Container rgg2d3d5c18db-node17-1 Created 
 Container rgg2d3d5c18db-node7-1 Created 
 Container rgg2d3d5c18db-node15-1 Created 
 Container rgg2d3d5c18db-node13-1 Created 
 Container rgg2d3d5c18db-node14-1 Created 
 Container rgg2d3d5c18db-node20-1 Created 
 Container rgg2d3d5c18db-node5-1 Created 
 Container rgg2d3d5c18db-node8-1 Created 
 Container rgg2d3d5c18db-node1-1 Created 
 Container rgg2d3d5c18db-node2-1 Created 
 Container rgg2d3d5c18db-node3-1 Created 
 Container rgg2d3d5c18db-node10-1 Created 
 Container rgg2d3d5c18db-node9-1 Created 
 Container rgg2d3d5c18db-node12-1 Created 
 Container rgg2d3d5c18db-node16-1 Created 
 Container rgg2d3d5c18db-node4-1 Created 
 Container rgg2d3d5c18db-node23-1 Created 
 Container rgg2d3d5c18db-node21-1 Created 
 Container rgg2d3d5c18db-node0-1 Created 
 Container rgg2d3d5c18db-driver-1 Creating 
 Container rgg2d3d5c18db-driver-1 Created 
 Container rgg2d3d5c18db-collector-1 Starting 
 Container rgg2d3d5c18db-collector-1 Started 
 Container rgg2d3d5c18db-node21-1 Starting 
 Container rgg2d3d5c18db-node23-1 Starting 
 Container rgg2d3d5c18db-node4-1 Starting 
 Container rgg2d3d5c18db-node8-1 Starting 
 Container rgg2d3d5c18db-node12-1 Starting 
 Container rgg2d3d5c18db-node14-1 Starting 
 Container rgg2d3d5c18db-node15-1 Starting 
 Container rgg2d3d5c18db-node11-1 Starting 
 Container rgg2d3d5c18db-node19-1 Starting 
 Container rgg2d3d5c18db-node3-1 Starting 
 Container rgg2d3d5c18db-node22-1 Starting 
 Container rgg2d3d5c18db-node0-1 Starting 
 Container rgg2d3d5c18db-node10-1 Starting 
 Container rgg2d3d5c18db-node7-1 Starting 
 Container rgg2d3d5c18db-node13-1 Starting 
 Container rgg2d3d5c18db-node2-1 Starting 
 Container rgg2d3d5c18db-node1-1 Starting 
 Container rgg2d3d5c18db-node18-1 Starting 
 Container rgg2d3d5c18db-node9-1 Starting 
 Container rgg2d3d5c18db-node17-1 Starting 
 Container rgg2d3d5c18db-node5-1 Starting 
 Container rgg2d3d5c18db-node6-1 Starting 
 Container rgg2d3d5c18db-node16-1 Starting 
 Container rgg2d3d5c18db-node20-1 Starting 
 Container rgg2d3d5c18db-node23-1 Started 
 Container rgg2d3d5c18db-node2-1 Started 
 Container rgg2d3d5c18db-node5-1 Started 
 Container rgg2d3d5c18db-node11-1 Started 
 Container rgg2d3d5c18db-node21-1 Started 
 Container rgg2d3d5c18db-node4-1 Started 
 Container rgg2d3d5c18db-node14-1 Started 
 Container rgg2d3d5c18db-node3-1 Started 
 Container rgg2d3d5c18db-node8-1 Started 
 Container rgg2d3d5c18db-node16-1 Started 
 Container rgg2d3d5c18db-node20-1 Started 
 Container rgg2d3d5c18db-node10-1 Started 
 Container rgg2d3d5c18db-node9-1 Started 
 Container rgg2d3d5c18db-node12-1 Started 
 Container rgg2d3d5c18db-node0-1 Started 
 Container rgg2d3d5c18db-node19-1 Started 
 Container rgg2d3d5c18db-node7-1 Started 
 Container rgg2d3d5c18db-node15-1 Started 
 Container rgg2d3d5c18db-node17-1 Started 
 Container rgg2d3d5c18db-node13-1 Started 
 Container rgg2d3d5c18db-node6-1 Started 
 Container rgg2d3d5c18db-node18-1 Started 
 Container rgg2d3d5c18db-node22-1 Started 
 Container rgg2d3d5c18db-node1-1 Started 
 Container rgg2d3d5c18db-driver-1 Starting 
 Container rgg2d3d5c18db-driver-1 Started 
0
