 Network rggeebfd8e2ba_default Creating 
 Network rggeebfd8e2ba_default Created 
 Container rggeebfd8e2ba-collector-1 Creating 
 Container rggeebfd8e2ba-collector-1 Created 
 Container rggeebfd8e2ba-node8-1 Creating 
 Container rggeebfd8e2ba-node13-1 Creating 
 Container rggeebfd8e2ba-node6-1 Creating 
 Container rggeebfd8e2ba-node14-1 Creating 
 Container rggeebfd8e2ba-node7-1 Creating 
 Container rggeebfd8e2ba-node15-1 Creating 
 Container rggeebfd8e2ba-node2-1 Creating 
 Container rggeebfd8e2ba-node22-1 Creating 
 Container rggeebfd8e2ba-node11-1 Creating 
 Container rggeebfd8e2ba-node10-1 Creating 
 Container rggeebfd8e2ba-node18-1 Creating 
 Container rggeebfd8e2ba-node0-1 Creating 
 Container rggeebfd8e2ba-node17-1 Creating 
 Container rggeebfd8e2ba-node1-1 Creating 
 Container rggeebfd8e2ba-node21-1 Creating 
 Container rggeebfd8e2ba-node4-1 Creating 
 Container rggeebfd8e2ba-node23-1 Creating 
 Container rggeebfd8e2ba-node3-1 Creating 
 Container rggeebfd8e2ba-node9-1 Creating 
 Container rggeebfd8e2ba-node12-1 Creating 
 Container rggeebfd8e2ba-node5-1 Creating 
 Container rggeebfd8e2ba-node20-1 Creating 
 Container rggeebfd8e2ba-node19-1 Creating 
 Container rggeebfd8e2ba-node16-1 Creating 
 Container rggeebfd8e2ba-node13-1 Created 
 Container rggeebfd8e2ba-node4-1 Created 
 Container rggeebfd8e2ba-node14-1 Created 
 Container rggeebfd8e2ba-node0-1 Created 
 Container rggeebfd8e2ba-node2-1 Created 
 Container rggeebfd8e2ba-node22-1 Created 
 Container rggeebfd8e2ba-node6-1 Created 
 Container rggeebfd8e2ba-node12-1 Created 
 Container rggeebfd8e2ba-node11-1 Created 
 Container rggeebfd8e2ba-node20-1 Created 
 Container rggeebfd8e2ba-node5-1 Created 
 Container rggeebfd8e2ba-node9-1 Created 
 Container rggeebfd8e2ba-node7-1 Created 
 Container rggeebfd8e2ba-node16-1 Created 
 Container rggeebfd8e2ba-node15-1 Created 
 Container rggeebfd8e2ba-node19-1 Created 
 Container rggeebfd8e2ba-node10-1 Created 
 Container rggeebfd8e2ba-node8-1 Created 
 Container rggeebfd8e2ba-node17-1 Created 
 Container rggeebfd8e2ba-node23-1 Created 
 Container rggeebfd8e2ba-node1-1 Created 
 Container rggeebfd8e2ba-node21-1 Created 
 Container rggeebfd8e2ba-node18-1 Created 
 Container rggeebfd8e2ba-node3-1 Created 
 Container rggeebfd8e2ba-driver-1 Creating 
 Container rggeebfd8e2ba-driver-1 Created 
 Container rggeebfd8e2ba-collector-1 Starting 
 Container rggeebfd8e2ba-collector-1 Started 
 Container rggeebfd8e2ba-node9-1 Starting 
 Container rggeebfd8e2ba-node2-1 Starting 
 Container rggeebfd8e2ba-node3-1 Starting 
 Container rggeebfd8e2ba-node0-1 Starting 
 Container rggeebfd8e2ba-node23-1 Starting 
 Container rggeebfd8e2ba-node5-1 Starting 
 Container rggeebfd8e2ba-node17-1 Starting 
 Container rggeebfd8e2ba-node6-1 Starting 
 Container rggeebfd8e2ba-node18-1 Starting 
 Container rggeebfd8e2ba-node1-1 Starting 
 Container rggeebfd8e2ba-node22-1 Starting 
 Container rggeebfd8e2ba-node19-1 Starting 
 Container rggeebfd8e2ba-node16-1 Starting 
 Container rggeebfd8e2ba-node7-1 Starting 
 Container rggeebfd8e2ba-node21-1 Starting 
 Container rggeebfd8e2ba-node11-1 Starting 
 Container rggeebfd8e2ba-node12-1 Starting 
 Container rggeebfd8e2ba-node13-1 Starting 
 Container rggeebfd8e2ba-node20-1 Starting 
 Container rggeebfd8e2ba-node10-1 Starting 
 Container rggeebfd8e2ba-node14-1 Starting 
 Container rggeebfd8e2ba-node4-1 Starting 
 Container rggeebfd8e2ba-node8-1 Starting 
 Container rggeebfd8e2ba-node15-1 Starting 
 Container rggeebfd8e2ba-node23-1 Started 
 Container rggeebfd8e2ba-node9-1 Started 
 Container rggeebfd8e2ba-node12-1 Started 
 Container rggeebfd8e2ba-node7-1 Started 
 Container rggeebfd8e2ba-node22-1 Started 
 Container rggeebfd8e2ba-node4-1 Started 
 Container rggeebfd8e2ba-node10-1 Started 
 Container rggeebfd8e2ba-node15-1 Started 
 Container rggeebfd8e2ba-node8-1 Started 
 Container rggeebfd8e2ba-node14-1 Started 
 Container rggeebfd8e2ba-node19-1 Started 
 Container rggeebfd8e2ba-node5-1 Started 
 Container rggeebfd8e2ba-node18-1 Started 
 Container rggeebfd8e2ba-node6-1 Started 
 Container rggeebfd8e2ba-node2-1 Started 
 Container rggeebfd8e2ba-node3-1 Started 
 Container rggeebfd8e2ba-node11-1 Started 
 Container rggeebfd8e2ba-node20-1 Started 
 Container rggeebfd8e2ba-node17-1 Started 
 Container rggeebfd8e2ba-node13-1 Started 
 Container rggeebfd8e2ba-node21-1 Started 
 Container rggeebfd8e2ba-node1-1 Started 
 Container rggeebfd8e2ba-node0-1 Started 
 Container rggeebfd8e2ba-node16-1 Started 
 Container rggeebfd8e2ba-driver-1 Starting 
 Container rggeebfd8e2ba-driver-1 Started 
0
