 Network rgga4cca2624f_default Creating 
 Network rgga4cca2624f_default Created 
 Container rgga4cca2624f-collector-1 Creating 
 Container rgga4cca2624f-collector-1 Created 
 Container rgga4cca2624f-node7-1 Creating 
 Container rgga4cca2624f-node18-1 Creating 
 Container rgga4cca2624f-node15-1 Creating 
 Container rgga4cca2624f-node1-1 Creating 
 Container rgga4cca2624f-node9-1 Creating 
 Container rgga4cca2624f-node8-1 Creating 
 Container rgga4cca2624f-node16-1 Creating 
 Container rgga4cca2624f-node20-1 Creating 
 Container rgga4cca2624f-node21-1 Creating 
 Container rgga4cca2624f-node11-1 Creating 
 Container rgga4cca2624f-node2-1 Creating 
 Container rgga4cca2624f-node13-1 Creating 
 Container rgga4cca2624f-node0-1 Creating 
 Container rgga4cca2624f-node22-1 Creating 
 Container rgga4cca2624f-node10-1 Creating 
 Container rgga4cca2624f-node5-1 Creating 
 Container rgga4cca2624f-node12-1 Creating 
 Container rgga4cca2624f-node17-1 Creating 
 Container rgga4cca2624f-node19-1 Creating 
 Container rgga4cca2624f-node14-1 Creating 
 Container rgga4cca2624f-node4-1 Creating 
 Container rgga4cca2624f-node23-1 Creating 
 Container rgga4cca2624f-node6-1 Creating 
 Container rgga4cca2624f-node3-1 Creating 
 Container rgga4cca2624f-node17-1 Created 
 Container rgga4cca2624f-node20-1 Created 
 Container rgga4cca2624f-node12-1 Created 
 Container rgga4cca2624f-node6-1 Created 
 Container rgga4cca2624f-node7-1 Created 
 Container rgga4cca2624f-node23-1 Created 
 Container rgga4cca2624f-node9-1 Created 
 Container rgga4cca2624f-node10-1 Created 
 Container rgga4cca2624f-node0-1 Created 
 Container rgga4cca2624f-node22-1 Created 
 Container rgga4cca2624f-node18-1 Created 
 Container rgga4cca2624f-node3-1 Created 
 Container rgga4cca2624f-node5-1 Created 
 Container rgga4cca2624f-node4-1 Created 
 Container rgga4cca2624f-node11-1 Created 
 Container rgga4cca2624f-node1-1 Created 
 Container rgga4cca2624f-node13-1 Created 
 Container rgga4cca2624f-node8-1 Created 
 Container rgga4cca2624f-node15-1 Created 
 Container rgga4cca2624f-node2-1 Created 
 Container rgga4cca2624f-node16-1 Created 
 Container rgga4cca2624f-node14-1 Created 
 Container rgga4cca2624f-node21-1 Created 
 Container rgga4cca2624f-node19-1 Created 
 Container rgga4cca2624f-driver-1 Creating 
 Container rgga4cca2624f-driver-1 Created 
 Container rgga4cca2624f-collector-1 Starting 
 Container rgga4cca2624f-collector-1 Started 
 Container rgga4cca2624f-node18-1 Starting 
 Container rgga4cca2624f-node1-1 Starting 
 Container rgga4cca2624f-node5-1 Starting 
 Container rgga4cca2624f-node7-1 Starting 
 Container rgga4cca2624f-node4-1 Starting 
 Container rgga4cca2624f-node0-1 Starting 
 Container rgga4cca2624f-node12-1 Starting 
 Container rgga4cca2624f-node16-1 Starting 
 Container rgga4cca2624f-node17-1 Starting 
 Container rgga4cca2624f-node20-1 Starting 
 Container rgga4cca2624f-node6-1 Starting 
 Container rgga4cca2624f-node22-1 Starting 
 Container rgga4cca2624f-node19-1 Starting 
 Container rgga4cca2624f-node23-1 Starting 
 Container rgga4cca2624f-node8-1 Starting 
 Container rgga4cca2624f-node21-1 Starting 
 Container rgga4cca2624f-node10-1 Starting 
 Container rgga4cca2624f-node11-1 Starting 
 Container rgga4cca2624f-node13-1 Starting 
 Container rgga4cca2624f-node9-1 Starting 
 Container rgga4cca2624f-node2-1 Starting 
 Container rgga4cca2624f-node15-1 Starting 
 Container rgga4cca2624f-node14-1 Starting 
 Container rgga4cca2624f-node3-1 Starting 
 Container rgga4cca2624f-node5-1 Started 
 Container rgga4cca2624f-node1-1 Started 
 Container rgga4cca2624f-node18-1 Started 
 Container rgga4cca2624f-node11-1 Started 
 Container rgga4cca2624f-node12-1 Started 
 Container rgga4cca2624f-node8-1 Started 
 Container rgga4cca2624f-node2-1 Started 
 Container rgga4cca2624f-node16-1 Started 
 Container rgga4cca2624f-node19-1 Started 
 Container rgga4cca2624f-node7-1 Started 
 Container rgga4cca2624f-node4-1 Started 
 Container rgga4cca2624f-node15-1 Started 
 Container rgga4cca2624f-node14-1 Started 
 Container rgga4cca2624f-node9-1 Started 
 Container rgga4cca2624f-node10-1 Started 
 Container rgga4cca2624f-node3-1 Started 
 Container rgga4cca2624f-node23-1 Started 
 Container rgga4cca2624f-node22-1 Started 
 Container rgga4cca2624f-node21-1 Started 
 Container rgga4cca2624f-node0-1 Started 
 Container rgga4cca2624f-node13-1 Started 
 Container rgga4cca2624f-node20-1 Started 
 Container rgga4cca2624f-node17-1 Started 
 Container rgga4cca2624f-node6-1 Started 
 Container rgga4cca2624f-driver-1 Starting 
 Container rgga4cca2624f-driver-1 Started 
0
