 Network rgg1890d16234_default Creating 
 Network rgg1890d16234_default Created 
 Container rgg1890d16234-collector-1 Creating 
 Container rgg1890d16234-collector-1 Created 
 Container rgg1890d16234-node8-1 Creating 
 Container rgg1890d16234-node13-1 Creating 
 Container rgg1890d16234-node7-1 Creating 
 Container rgg1890d16234-node3-1 Creating 
 Container rgg1890d16234-node2-1 Creating 
 Container rgg1890d16234-node5-1 Creating 
 Container rgg1890d16234-node1-1 Creating 
 Container rgg1890d16234-node4-1 Creating 
 Container rgg1890d16234-node14-1 Creating 
 Container rgg1890d16234-node11-1 Creating 
 Container rgg1890d16234-node0-1 Creating 
 Container rgg1890d16234-node9-1 Creating 
 Container rgg1890d16234-node12-1 Creating 
 Container rgg1890d16234-node10-1 Creating 
 Container rgg1890d16234-node6-1 Creating 
 Container rgg1890d16234-node15-1 Creating 
 Container rgg1890d16234-node13-1 Created 
 Container rgg1890d16234-node0-1 Created 
 Container rgg1890d16234-node4-1 Created 
 Container rgg1890d16234-node2-1 Created 
 Container rgg1890d16234-node8-1 Created 
 Container rgg1890d16234-node1-1 Created 
 Container rgg1890d16234-node14-1 Created 
 Container rgg1890d16234-node6-1 Created 
 Container rgg1890d16234-node11-1 Created 
 Container rgg1890d16234-node10-1 Created 
 Container rgg1890d16234-node5-1 Created 
 Container rgg1890d16234-node7-1 Created 
 Container rgg1890d16234-node15-1 Created 
 Container rgg1890d16234-node9-1 Created 
 Container rgg1890d16234-node3-1 Created 
 Container rgg1890d16234-node12-1 Created 
 Container rgg1890d16234-collector-1 Starting 
 Container rgg1890d16234-collector-1 Started 
 Container rgg1890d16234-node0-1 Starting 
 Container rgg1890d16234-node11-1 Starting 
 Container rgg1890d16234-node4-1 Starting 
 Container rgg1890d16234-node6-1 Starting 
 Container rgg1890d16234-node15-1 Starting 
 Container rgg1890d16234-node9-1 Starting 
 Container rgg1890d16234-node13-1 Starting 
 Container rgg1890d16234-node7-1 Starting 
 Container rgg1890d16234-node2-1 Starting 
 Container rgg1890d16234-node10-1 Starting 
 Container rgg1890d16234-node14-1 Starting 
 Container rgg1890d16234-node5-1 Starting 
 Container rgg1890d16234-node3-1 Starting 
 Container rgg1890d16234-node8-1 Starting 
 Container rgg1890d16234-node1-1 Starting 
 Container rgg1890d16234-node12-1 Starting 
 Container rgg1890d16234-node11-1 Started 
 Container rgg1890d16234-node13-1 Started 
 Container rgg1890d16234-node1-1 Started 
 Container rgg1890d16234-node12-1 Started 
 Container rgg1890d16234-node14-1 Started 
 Container rgg1890d16234-node4-1 Started 
 Container rgg1890d16234-node0-1 Started 
 Container rgg1890d16234-node10-1 Started 
 Container rgg1890d16234-node5-1 Started 
 Container rgg1890d16234-node9-1 Started 
 Container rgg1890d16234-node3-1 Started 
 Container rgg1890d16234-node6-1 Started 
 Container rgg1890d16234-node7-1 Started 
 Container rgg1890d16234-node8-1 Started 
 Container rgg1890d16234-node2-1 Started 
 Container rgg1890d16234-node15-1 Started 
READY_BARRIER: 15/16 node services ready
DRIVER_STARTED: 2026-07-17T15:36:19Z
0
