 Network rgg14800f8208_default Creating 
 Network rgg14800f8208_default Created 
 Container rgg14800f8208-collector-1 Creating 
 Container rgg14800f8208-collector-1 Created 
 Container rgg14800f8208-node4-1 Creating 
 Container rgg14800f8208-node2-1 Creating 
 Container rgg14800f8208-node15-1 Creating 
 Container rgg14800f8208-node11-1 Creating 
 Container rgg14800f8208-node10-1 Creating 
 Container rgg14800f8208-node12-1 Creating 
 Container rgg14800f8208-node7-1 Creating 
 Container rgg14800f8208-node6-1 Creating 
 Container rgg14800f8208-node8-1 Creating 
 Container rgg14800f8208-node3-1 Creating 
 Container rgg14800f8208-node1-1 Creating 
 Container rgg14800f8208-node14-1 Creating 
 Container rgg14800f8208-node9-1 Creating 
 Container rgg14800f8208-node5-1 Creating 
 Container rgg14800f8208-node13-1 Creating 
 Container rgg14800f8208-node0-1 Creating 
 Container rgg14800f8208-node1-1 Created 
 Container rgg14800f8208-node8-1 Created 
 Container rgg14800f8208-node0-1 Created 
 Container rgg14800f8208-node15-1 Created 
 Container rgg14800f8208-node5-1 Created 
 Container rgg14800f8208-node4-1 Created 
 Container rgg14800f8208-node13-1 Created 
 Container rgg14800f8208-node2-1 Created 
 Container rgg14800f8208-node11-1 Created 
 Container rgg14800f8208-node7-1 Created 
 Container rgg14800f8208-node14-1 Created 
 Container rgg14800f8208-node9-1 Created 
 Container rgg14800f8208-node10-1 Created 
 Container rgg14800f8208-node12-1 Created 
 Container rgg14800f8208-node3-1 Created 
 Container rgg14800f8208-node6-1 Created 
 Container rgg14800f8208-collector-1 Starting 
 Container rgg14800f8208-collector-1 Started 
 Container rgg14800f8208-node9-1 Starting 
 Container rgg14800f8208-node1-1 Starting 
 Container rgg14800f8208-node0-1 Starting 
 Container rgg14800f8208-node8-1 Starting 
 Container rgg14800f8208-node13-1 Starting 
 Container rgg14800f8208-node12-1 Starting 
 Container rgg14800f8208-node4-1 Starting 
 Container rgg14800f8208-node15-1 Starting 
 Container rgg14800f8208-node7-1 Starting 
 Container rgg14800f8208-node10-1 Starting 
 Container rgg14800f8208-node6-1 Starting 
 Container rgg14800f8208-node5-1 Starting 
 Container rgg14800f8208-node2-1 Starting 
 Container rgg14800f8208-node3-1 Starting 
 Container rgg14800f8208-node14-1 Starting 
 Container rgg14800f8208-node11-1 Starting 
 Container rgg14800f8208-node1-1 Started 
 Container rgg14800f8208-node0-1 Started 
 Container rgg14800f8208-node10-1 Started 
 Container rgg14800f8208-node8-1 Started 
 Container rgg14800f8208-node11-1 Started 
 Container rgg14800f8208-node4-1 Started 
 Container rgg14800f8208-node13-1 Started 
 Container rgg14800f8208-node9-1 Started 
 Container rgg14800f8208-node12-1 Started 
 Container rgg14800f8208-node5-1 Started 
 Container rgg14800f8208-node2-1 Started 
 Container rgg14800f8208-node3-1 Started 
 Container rgg14800f8208-node6-1 Started 
 Container rgg14800f8208-node7-1 Started 
 Container rgg14800f8208-node14-1 Started 
 Container rgg14800f8208-node15-1 Started 
READY_BARRIER: 15/16 node services ready
DRIVER_STARTED: 2026-07-15T13:55:09Z
0
