 Network rgg4e067a395a_default Creating 
 Network rgg4e067a395a_default Created 
 Container rgg4e067a395a-collector-1 Creating 
 Container rgg4e067a395a-collector-1 Created 
 Container rgg4e067a395a-node15-1 Creating 
 Container rgg4e067a395a-node17-1 Creating 
 Container rgg4e067a395a-node18-1 Creating 
 Container rgg4e067a395a-node1-1 Creating 
 Container rgg4e067a395a-node14-1 Creating 
 Container rgg4e067a395a-node0-1 Creating 
 Container rgg4e067a395a-node21-1 Creating 
 Container rgg4e067a395a-node12-1 Creating 
 Container rgg4e067a395a-node4-1 Creating 
 Container rgg4e067a395a-node2-1 Creating 
 Container rgg4e067a395a-node11-1 Creating 
 Container rgg4e067a395a-node16-1 Creating 
 Container rgg4e067a395a-node6-1 Creating 
 Container rgg4e067a395a-node5-1 Creating 
 Container rgg4e067a395a-node10-1 Creating 
 Container rgg4e067a395a-node19-1 Creating 
 Container rgg4e067a395a-node20-1 Creating 
 Container rgg4e067a395a-node8-1 Creating 
 Container rgg4e067a395a-node23-1 Creating 
 Container rgg4e067a395a-node9-1 Creating 
 Container rgg4e067a395a-node13-1 Creating 
 Container rgg4e067a395a-node22-1 Creating 
 Container rgg4e067a395a-node7-1 Creating 
 Container rgg4e067a395a-node3-1 Creating 
 Container rgg4e067a395a-node17-1 Created 
 Container rgg4e067a395a-node15-1 Created 
 Container rgg4e067a395a-node4-1 Created 
 Container rgg4e067a395a-node0-1 Created 
 Container rgg4e067a395a-node12-1 Created 
 Container rgg4e067a395a-node16-1 Created 
 Container rgg4e067a395a-node8-1 Created 
 Container rgg4e067a395a-node22-1 Created 
 Container rgg4e067a395a-node10-1 Created 
 Container rgg4e067a395a-node19-1 Created 
 Container rgg4e067a395a-node21-1 Created 
 Container rgg4e067a395a-node11-1 Created 
 Container rgg4e067a395a-node1-1 Created 
 Container rgg4e067a395a-node20-1 Created 
 Container rgg4e067a395a-node3-1 Created 
 Container rgg4e067a395a-node18-1 Created 
 Container rgg4e067a395a-node6-1 Created 
 Container rgg4e067a395a-node2-1 Created 
 Container rgg4e067a395a-node13-1 Created 
 Container rgg4e067a395a-node7-1 Created 
 Container rgg4e067a395a-node9-1 Created 
 Container rgg4e067a395a-node14-1 Created 
 Container rgg4e067a395a-node23-1 Created 
 Container rgg4e067a395a-node5-1 Created 
 Container rgg4e067a395a-driver-1 Creating 
 Container rgg4e067a395a-driver-1 Created 
 Container rgg4e067a395a-collector-1 Starting 
 Container rgg4e067a395a-collector-1 Started 
 Container rgg4e067a395a-node0-1 Starting 
 Container rgg4e067a395a-node5-1 Starting 
 Container rgg4e067a395a-node17-1 Starting 
 Container rgg4e067a395a-node15-1 Starting 
 Container rgg4e067a395a-node10-1 Starting 
 Container rgg4e067a395a-node2-1 Starting 
 Container rgg4e067a395a-node16-1 Starting 
 Container rgg4e067a395a-node11-1 Starting 
 Container rgg4e067a395a-node22-1 Starting 
 Container rgg4e067a395a-node3-1 Starting 
 Container rgg4e067a395a-node4-1 Starting 
 Container rgg4e067a395a-node1-1 Starting 
 Container rgg4e067a395a-node18-1 Starting 
 Container rgg4e067a395a-node21-1 Starting 
 Container rgg4e067a395a-node8-1 Starting 
 Container rgg4e067a395a-node23-1 Starting 
 Container rgg4e067a395a-node13-1 Starting 
 Container rgg4e067a395a-node6-1 Starting 
 Container rgg4e067a395a-node14-1 Starting 
 Container rgg4e067a395a-node19-1 Starting 
 Container rgg4e067a395a-node12-1 Starting 
 Container rgg4e067a395a-node20-1 Starting 
 Container rgg4e067a395a-node9-1 Starting 
 Container rgg4e067a395a-node7-1 Starting 
 Container rgg4e067a395a-node23-1 Started 
 Container rgg4e067a395a-node9-1 Started 
 Container rgg4e067a395a-node0-1 Started 
 Container rgg4e067a395a-node12-1 Started 
 Container rgg4e067a395a-node15-1 Started 
 Container rgg4e067a395a-node2-1 Started 
 Container rgg4e067a395a-node14-1 Started 
 Container rgg4e067a395a-node6-1 Started 
 Container rgg4e067a395a-node10-1 Started 
 Container rgg4e067a395a-node7-1 Started 
 Container rgg4e067a395a-node21-1 Started 
 Container rgg4e067a395a-node11-1 Started 
 Container rgg4e067a395a-node17-1 Started 
 Container rgg4e067a395a-node13-1 Started 
 Container rgg4e067a395a-node8-1 Started 
 Container rgg4e067a395a-node3-1 Started 
 Container rgg4e067a395a-node19-1 Started 
 Container rgg4e067a395a-node16-1 Started 
 Container rgg4e067a395a-node1-1 Started 
 Container rgg4e067a395a-node22-1 Started 
 Container rgg4e067a395a-node5-1 Started 
 Container rgg4e067a395a-node18-1 Started 
 Container rgg4e067a395a-node4-1 Started 
 Container rgg4e067a395a-node20-1 Started 
 Container rgg4e067a395a-driver-1 Starting 
 Container rgg4e067a395a-driver-1 Started 
0
