 Network rgg16bea812a4_default Creating 
 Network rgg16bea812a4_default Created 
 Container rgg16bea812a4-collector-1 Creating 
 Container rgg16bea812a4-collector-1 Created 
 Container rgg16bea812a4-node15-1 Creating 
 Container rgg16bea812a4-node0-1 Creating 
 Container rgg16bea812a4-node1-1 Creating 
 Container rgg16bea812a4-node12-1 Creating 
 Container rgg16bea812a4-node8-1 Creating 
 Container rgg16bea812a4-node2-1 Creating 
 Container rgg16bea812a4-node14-1 Creating 
 Container rgg16bea812a4-node7-1 Creating 
 Container rgg16bea812a4-node11-1 Creating 
 Container rgg16bea812a4-node9-1 Creating 
 Container rgg16bea812a4-node5-1 Creating 
 Container rgg16bea812a4-node10-1 Creating 
 Container rgg16bea812a4-node4-1 Creating 
 Container rgg16bea812a4-node13-1 Creating 
 Container rgg16bea812a4-node6-1 Creating 
 Container rgg16bea812a4-node3-1 Creating 
 Container rgg16bea812a4-node0-1 Created 
 Container rgg16bea812a4-node5-1 Created 
 Container rgg16bea812a4-node9-1 Created 
 Container rgg16bea812a4-node10-1 Created 
 Container rgg16bea812a4-node3-1 Created 
 Container rgg16bea812a4-node13-1 Created 
 Container rgg16bea812a4-node11-1 Created 
 Container rgg16bea812a4-node2-1 Created 
 Container rgg16bea812a4-node14-1 Created 
 Container rgg16bea812a4-node15-1 Created 
 Container rgg16bea812a4-node8-1 Created 
 Container rgg16bea812a4-node6-1 Created 
 Container rgg16bea812a4-node4-1 Created 
 Container rgg16bea812a4-node7-1 Created 
 Container rgg16bea812a4-node1-1 Created 
 Container rgg16bea812a4-node12-1 Created 
 Container rgg16bea812a4-collector-1 Starting 
 Container rgg16bea812a4-collector-1 Started 
 Container rgg16bea812a4-node9-1 Starting 
 Container rgg16bea812a4-node13-1 Starting 
 Container rgg16bea812a4-node12-1 Starting 
 Container rgg16bea812a4-node10-1 Starting 
 Container rgg16bea812a4-node4-1 Starting 
 Container rgg16bea812a4-node11-1 Starting 
 Container rgg16bea812a4-node8-1 Starting 
 Container rgg16bea812a4-node6-1 Starting 
 Container rgg16bea812a4-node15-1 Starting 
 Container rgg16bea812a4-node2-1 Starting 
 Container rgg16bea812a4-node0-1 Starting 
 Container rgg16bea812a4-node5-1 Starting 
 Container rgg16bea812a4-node3-1 Starting 
 Container rgg16bea812a4-node7-1 Starting 
 Container rgg16bea812a4-node1-1 Starting 
 Container rgg16bea812a4-node14-1 Starting 
 Container rgg16bea812a4-node2-1 Started 
 Container rgg16bea812a4-node13-1 Started 
 Container rgg16bea812a4-node11-1 Started 
 Container rgg16bea812a4-node9-1 Started 
 Container rgg16bea812a4-node1-1 Started 
 Container rgg16bea812a4-node14-1 Started 
 Container rgg16bea812a4-node3-1 Started 
 Container rgg16bea812a4-node6-1 Started 
 Container rgg16bea812a4-node0-1 Started 
 Container rgg16bea812a4-node5-1 Started 
 Container rgg16bea812a4-node4-1 Started 
 Container rgg16bea812a4-node12-1 Started 
 Container rgg16bea812a4-node8-1 Started 
 Container rgg16bea812a4-node15-1 Started 
 Container rgg16bea812a4-node7-1 Started 
 Container rgg16bea812a4-node10-1 Started 
READY_BARRIER: 15/16 node services ready
DRIVER_STARTED: 2026-07-15T13:48:29Z
0
