 Network rgg6f1c76d180_default Creating 
 Network rgg6f1c76d180_default Created 
 Container rgg6f1c76d180-collector-1 Creating 
 Container rgg6f1c76d180-collector-1 Created 
 Container rgg6f1c76d180-node2-1 Creating 
 Container rgg6f1c76d180-node15-1 Creating 
 Container rgg6f1c76d180-node11-1 Creating 
 Container rgg6f1c76d180-node10-1 Creating 
 Container rgg6f1c76d180-node12-1 Creating 
 Container rgg6f1c76d180-node3-1 Creating 
 Container rgg6f1c76d180-node8-1 Creating 
 Container rgg6f1c76d180-node6-1 Creating 
 Container rgg6f1c76d180-node14-1 Creating 
 Container rgg6f1c76d180-node5-1 Creating 
 Container rgg6f1c76d180-node9-1 Creating 
 Container rgg6f1c76d180-node7-1 Creating 
 Container rgg6f1c76d180-node0-1 Creating 
 Container rgg6f1c76d180-node13-1 Creating 
 Container rgg6f1c76d180-node1-1 Creating 
 Container rgg6f1c76d180-node4-1 Creating 
 Container rgg6f1c76d180-node2-1 Created 
 Container rgg6f1c76d180-node5-1 Created 
 Container rgg6f1c76d180-node3-1 Created 
 Container rgg6f1c76d180-node15-1 Created 
 Container rgg6f1c76d180-node10-1 Created 
 Container rgg6f1c76d180-node8-1 Created 
 Container rgg6f1c76d180-node9-1 Created 
 Container rgg6f1c76d180-node4-1 Created 
 Container rgg6f1c76d180-node11-1 Created 
 Container rgg6f1c76d180-node1-1 Created 
 Container rgg6f1c76d180-node7-1 Created 
 Container rgg6f1c76d180-node6-1 Created 
 Container rgg6f1c76d180-node13-1 Created 
 Container rgg6f1c76d180-node0-1 Created 
 Container rgg6f1c76d180-node12-1 Created 
 Container rgg6f1c76d180-node14-1 Created 
 Container rgg6f1c76d180-collector-1 Starting 
 Container rgg6f1c76d180-collector-1 Started 
 Container rgg6f1c76d180-node12-1 Starting 
 Container rgg6f1c76d180-node15-1 Starting 
 Container rgg6f1c76d180-node5-1 Starting 
 Container rgg6f1c76d180-node4-1 Starting 
 Container rgg6f1c76d180-node8-1 Starting 
 Container rgg6f1c76d180-node7-1 Starting 
 Container rgg6f1c76d180-node14-1 Starting 
 Container rgg6f1c76d180-node1-1 Starting 
 Container rgg6f1c76d180-node10-1 Starting 
 Container rgg6f1c76d180-node13-1 Starting 
 Container rgg6f1c76d180-node2-1 Starting 
 Container rgg6f1c76d180-node11-1 Starting 
 Container rgg6f1c76d180-node0-1 Starting 
 Container rgg6f1c76d180-node6-1 Starting 
 Container rgg6f1c76d180-node3-1 Starting 
 Container rgg6f1c76d180-node9-1 Starting 
 Container rgg6f1c76d180-node15-1 Started 
 Container rgg6f1c76d180-node13-1 Started 
 Container rgg6f1c76d180-node2-1 Started 
 Container rgg6f1c76d180-node6-1 Started 
 Container rgg6f1c76d180-node3-1 Started 
 Container rgg6f1c76d180-node4-1 Started 
 Container rgg6f1c76d180-node14-1 Started 
 Container rgg6f1c76d180-node12-1 Started 
 Container rgg6f1c76d180-node5-1 Started 
 Container rgg6f1c76d180-node7-1 Started 
 Container rgg6f1c76d180-node11-1 Started 
 Container rgg6f1c76d180-node0-1 Started 
 Container rgg6f1c76d180-node10-1 Started 
 Container rgg6f1c76d180-node1-1 Started 
 Container rgg6f1c76d180-node8-1 Started 
 Container rgg6f1c76d180-node9-1 Started 
NETEM_APPLIED node0 iface=eth0: qdisc netem 8051: root refcnt 17 limit 1000 delay 10ms  2ms seed 1982490604181509610
NETEM_APPLIED node1 iface=eth0: qdisc netem 8052: root refcnt 17 limit 1000 delay 10ms  2ms seed 14260918991019906982
NETEM_APPLIED node2 iface=eth0: qdisc netem 8053: root refcnt 17 limit 1000 delay 10ms  2ms seed 8755072732525807258
NETEM_APPLIED node3 iface=eth0: qdisc netem 8054: root refcnt 17 limit 1000 delay 10ms  2ms seed 6891350034807859727
NETEM_APPLIED node4 iface=eth0: qdisc netem 8055: root refcnt 17 limit 1000 delay 10ms  2ms seed 18189612229401340610
NETEM_APPLIED node5 iface=eth0: qdisc netem 8056: root refcnt 17 limit 1000 delay 10ms  2ms seed 10930985887745530790
NETEM_APPLIED node6 iface=eth0: qdisc netem 8057: root refcnt 17 limit 1000 delay 10ms  2ms seed 7494117677508831046
NETEM_APPLIED node7 iface=eth0: qdisc netem 8058: root refcnt 17 limit 1000 delay 10ms  2ms seed 9427369676187375033
NETEM_APPLIED node8 iface=eth0: qdisc netem 8059: root refcnt 17 limit 1000 delay 10ms  2ms seed 7546242510750628284
NETEM_APPLIED node9 iface=eth0: qdisc netem 805a: root refcnt 17 limit 1000 delay 10ms  2ms seed 13939383467508151040
NETEM_APPLIED node10 iface=eth0: qdisc netem 805b: root refcnt 17 limit 1000 delay 10ms  2ms seed 11655009390324738133
NETEM_APPLIED node11 iface=eth0: qdisc netem 805c: root refcnt 17 limit 1000 delay 10ms  2ms seed 8116477784251879286
NETEM_APPLIED node12 iface=eth0: qdisc netem 805d: root refcnt 17 limit 1000 delay 10ms  2ms seed 11503587361214017041
NETEM_APPLIED node13 iface=eth0: qdisc netem 805e: root refcnt 17 limit 1000 delay 10ms  2ms seed 18368837503517773156
NETEM_APPLIED node14 iface=eth0: qdisc netem 805f: root refcnt 17 limit 1000 delay 10ms  2ms seed 6487228065095616559
NETEM_APPLIED node15 iface=eth0: qdisc netem 8060: root refcnt 17 limit 1000 delay 10ms  2ms seed 3650101946611328727
NETEM_RTT_GATE OK: baseline=0.1ms actual=21.6ms increase=21.5ms
DRIVER_STARTED: 2026-07-15T05:12:27Z
0
QDSK_CLEANUP_FAIL node0: Command '['docker', 'exec', 'rgg6f1c76d180-node0-1', 'sh', '-c', "ip -o -4 addr show scope global 2>/dev/null | head -1 | awk '{print $2}'"]' returned non-zero exit status 1.
QDSK_CLEANUP_FAIL node1: Command '['docker', 'exec', 'rgg6f1c76d180-node1-1', 'sh', '-c', "ip -o -4 addr show scope global 2>/dev/null | head -1 | awk '{print $2}'"]' returned non-zero exit status 1.
QDSK_CLEANUP_FAIL node2: Command '['docker', 'exec', 'rgg6f1c76d180-node2-1', 'sh', '-c', "ip -o -4 addr show scope global 2>/dev/null | head -1 | awk '{print $2}'"]' returned non-zero exit status 1.
QDSK_CLEANUP_FAIL node3: Command '['docker', 'exec', 'rgg6f1c76d180-node3-1', 'sh', '-c', "ip -o -4 addr show scope global 2>/dev/null | head -1 | awk '{print $2}'"]' returned non-zero exit status 1.
QDSK_CLEANUP_FAIL node4: Command '['docker', 'exec', 'rgg6f1c76d180-node4-1', 'sh', '-c', "ip -o -4 addr show scope global 2>/dev/null | head -1 | awk '{print $2}'"]' returned non-zero exit status 1.
QDSK_CLEANUP_FAIL node5: Command '['docker', 'exec', 'rgg6f1c76d180-node5-1', 'sh', '-c', "ip -o -4 addr show scope global 2>/dev/null | head -1 | awk '{print $2}'"]' returned non-zero exit status 1.
QDSK_CLEANUP_FAIL node6: Command '['docker', 'exec', 'rgg6f1c76d180-node6-1', 'sh', '-c', "ip -o -4 addr show scope global 2>/dev/null | head -1 | awk '{print $2}'"]' returned non-zero exit status 1.
QDSK_CLEANUP_FAIL node7: Command '['docker', 'exec', 'rgg6f1c76d180-node7-1', 'sh', '-c', "ip -o -4 addr show scope global 2>/dev/null | head -1 | awk '{print $2}'"]' returned non-zero exit status 1.
QDSK_CLEANUP_FAIL node8: Command '['docker', 'exec', 'rgg6f1c76d180-node8-1', 'sh', '-c', "ip -o -4 addr show scope global 2>/dev/null | head -1 | awk '{print $2}'"]' returned non-zero exit status 1.
QDSK_CLEANUP_FAIL node9: Command '['docker', 'exec', 'rgg6f1c76d180-node9-1', 'sh', '-c', "ip -o -4 addr show scope global 2>/dev/null | head -1 | awk '{print $2}'"]' returned non-zero exit status 1.
QDSK_CLEANUP_FAIL node10: Command '['docker', 'exec', 'rgg6f1c76d180-node10-1', 'sh', '-c', "ip -o -4 addr show scope global 2>/dev/null | head -1 | awk '{print $2}'"]' returned non-zero exit status 1.
QDSK_CLEANUP_FAIL node11: Command '['docker', 'exec', 'rgg6f1c76d180-node11-1', 'sh', '-c', "ip -o -4 addr show scope global 2>/dev/null | head -1 | awk '{print $2}'"]' returned non-zero exit status 1.
QDSK_CLEANUP_FAIL node12: Command '['docker', 'exec', 'rgg6f1c76d180-node12-1', 'sh', '-c', "ip -o -4 addr show scope global 2>/dev/null | head -1 | awk '{print $2}'"]' returned non-zero exit status 1.
QDSK_CLEANUP_FAIL node13: Command '['docker', 'exec', 'rgg6f1c76d180-node13-1', 'sh', '-c', "ip -o -4 addr show scope global 2>/dev/null | head -1 | awk '{print $2}'"]' returned non-zero exit status 1.
QDSK_CLEANUP_FAIL node14: Command '['docker', 'exec', 'rgg6f1c76d180-node14-1', 'sh', '-c', "ip -o -4 addr show scope global 2>/dev/null | head -1 | awk '{print $2}'"]' returned non-zero exit status 1.
QDSK_CLEANUP_FAIL node15: Command '['docker', 'exec', 'rgg6f1c76d180-node15-1', 'sh', '-c', "ip -o -4 addr show scope global 2>/dev/null | head -1 | awk '{print $2}'"]' returned non-zero exit status 1.
