 Network rgge379ed8750_default Creating 
 Network rgge379ed8750_default Created 
 Container rgge379ed8750-collector-1 Creating 
 Container rgge379ed8750-collector-1 Created 
 Container rgge379ed8750-node6-1 Creating 
 Container rgge379ed8750-node3-1 Creating 
 Container rgge379ed8750-node2-1 Creating 
 Container rgge379ed8750-node14-1 Creating 
 Container rgge379ed8750-node9-1 Creating 
 Container rgge379ed8750-node8-1 Creating 
 Container rgge379ed8750-node5-1 Creating 
 Container rgge379ed8750-node15-1 Creating 
 Container rgge379ed8750-node1-1 Creating 
 Container rgge379ed8750-node0-1 Creating 
 Container rgge379ed8750-node10-1 Creating 
 Container rgge379ed8750-node7-1 Creating 
 Container rgge379ed8750-node13-1 Creating 
 Container rgge379ed8750-node4-1 Creating 
 Container rgge379ed8750-node11-1 Creating 
 Container rgge379ed8750-node12-1 Creating 
 Container rgge379ed8750-node6-1 Created 
 Container rgge379ed8750-node8-1 Created 
 Container rgge379ed8750-node11-1 Created 
 Container rgge379ed8750-node5-1 Created 
 Container rgge379ed8750-node12-1 Created 
 Container rgge379ed8750-node3-1 Created 
 Container rgge379ed8750-node10-1 Created 
 Container rgge379ed8750-node1-1 Created 
 Container rgge379ed8750-node2-1 Created 
 Container rgge379ed8750-node4-1 Created 
 Container rgge379ed8750-node14-1 Created 
 Container rgge379ed8750-node15-1 Created 
 Container rgge379ed8750-node7-1 Created 
 Container rgge379ed8750-node0-1 Created 
 Container rgge379ed8750-node9-1 Created 
 Container rgge379ed8750-node13-1 Created 
 Container rgge379ed8750-driver-1 Creating 
 Container rgge379ed8750-driver-1 Created 
 Container rgge379ed8750-collector-1 Starting 
 Container rgge379ed8750-collector-1 Started 
 Container rgge379ed8750-node4-1 Starting 
 Container rgge379ed8750-node8-1 Starting 
 Container rgge379ed8750-node5-1 Starting 
 Container rgge379ed8750-node7-1 Starting 
 Container rgge379ed8750-node1-1 Starting 
 Container rgge379ed8750-node15-1 Starting 
 Container rgge379ed8750-node13-1 Starting 
 Container rgge379ed8750-node12-1 Starting 
 Container rgge379ed8750-node11-1 Starting 
 Container rgge379ed8750-node0-1 Starting 
 Container rgge379ed8750-node9-1 Starting 
 Container rgge379ed8750-node10-1 Starting 
 Container rgge379ed8750-node14-1 Starting 
 Container rgge379ed8750-node6-1 Starting 
 Container rgge379ed8750-node3-1 Starting 
 Container rgge379ed8750-node2-1 Starting 
 Container rgge379ed8750-node4-1 Started 
 Container rgge379ed8750-node8-1 Started 
 Container rgge379ed8750-node1-1 Started 
 Container rgge379ed8750-node7-1 Started 
 Container rgge379ed8750-node15-1 Started 
 Container rgge379ed8750-node11-1 Started 
 Container rgge379ed8750-node9-1 Started 
 Container rgge379ed8750-node0-1 Started 
 Container rgge379ed8750-node12-1 Started 
 Container rgge379ed8750-node13-1 Started 
 Container rgge379ed8750-node14-1 Started 
 Container rgge379ed8750-node6-1 Started 
 Container rgge379ed8750-node10-1 Started 
 Container rgge379ed8750-node2-1 Started 
 Container rgge379ed8750-node5-1 Started 
 Container rgge379ed8750-node3-1 Started 
 Container rgge379ed8750-driver-1 Starting 
 Container rgge379ed8750-driver-1 Started 
0
