 Network rggad2e20dc92_default Creating 
 Network rggad2e20dc92_default Created 
 Container rggad2e20dc92-collector-1 Creating 
 Container rggad2e20dc92-collector-1 Created 
 Container rggad2e20dc92-node13-1 Creating 
 Container rggad2e20dc92-node3-1 Creating 
 Container rggad2e20dc92-node16-1 Creating 
 Container rggad2e20dc92-node19-1 Creating 
 Container rggad2e20dc92-node20-1 Creating 
 Container rggad2e20dc92-node5-1 Creating 
 Container rggad2e20dc92-node22-1 Creating 
 Container rggad2e20dc92-node8-1 Creating 
 Container rggad2e20dc92-node2-1 Creating 
 Container rggad2e20dc92-node23-1 Creating 
 Container rggad2e20dc92-node4-1 Creating 
 Container rggad2e20dc92-node21-1 Creating 
 Container rggad2e20dc92-node17-1 Creating 
 Container rggad2e20dc92-node9-1 Creating 
 Container rggad2e20dc92-node0-1 Creating 
 Container rggad2e20dc92-node14-1 Creating 
 Container rggad2e20dc92-node18-1 Creating 
 Container rggad2e20dc92-node7-1 Creating 
 Container rggad2e20dc92-node11-1 Creating 
 Container rggad2e20dc92-node10-1 Creating 
 Container rggad2e20dc92-node12-1 Creating 
 Container rggad2e20dc92-node15-1 Creating 
 Container rggad2e20dc92-node6-1 Creating 
 Container rggad2e20dc92-node1-1 Creating 
 Container rggad2e20dc92-node13-1 Created 
 Container rggad2e20dc92-node23-1 Created 
 Container rggad2e20dc92-node9-1 Created 
 Container rggad2e20dc92-node8-1 Created 
 Container rggad2e20dc92-node2-1 Created 
 Container rggad2e20dc92-node11-1 Created 
 Container rggad2e20dc92-node3-1 Created 
 Container rggad2e20dc92-node21-1 Created 
 Container rggad2e20dc92-node22-1 Created 
 Container rggad2e20dc92-node0-1 Created 
 Container rggad2e20dc92-node4-1 Created 
 Container rggad2e20dc92-node7-1 Created 
 Container rggad2e20dc92-node14-1 Created 
 Container rggad2e20dc92-node5-1 Created 
 Container rggad2e20dc92-node12-1 Created 
 Container rggad2e20dc92-node1-1 Created 
 Container rggad2e20dc92-node18-1 Created 
 Container rggad2e20dc92-node16-1 Created 
 Container rggad2e20dc92-node20-1 Created 
 Container rggad2e20dc92-node19-1 Created 
 Container rggad2e20dc92-node10-1 Created 
 Container rggad2e20dc92-node17-1 Created 
 Container rggad2e20dc92-node6-1 Created 
 Container rggad2e20dc92-node15-1 Created 
 Container rggad2e20dc92-driver-1 Creating 
 Container rggad2e20dc92-driver-1 Created 
 Container rggad2e20dc92-collector-1 Starting 
 Container rggad2e20dc92-collector-1 Started 
 Container rggad2e20dc92-node20-1 Starting 
 Container rggad2e20dc92-node6-1 Starting 
 Container rggad2e20dc92-node15-1 Starting 
 Container rggad2e20dc92-node17-1 Starting 
 Container rggad2e20dc92-node7-1 Starting 
 Container rggad2e20dc92-node19-1 Starting 
 Container rggad2e20dc92-node10-1 Starting 
 Container rggad2e20dc92-node16-1 Starting 
 Container rggad2e20dc92-node3-1 Starting 
 Container rggad2e20dc92-node18-1 Starting 
 Container rggad2e20dc92-node1-1 Starting 
 Container rggad2e20dc92-node11-1 Starting 
 Container rggad2e20dc92-node8-1 Starting 
 Container rggad2e20dc92-node2-1 Starting 
 Container rggad2e20dc92-node23-1 Starting 
 Container rggad2e20dc92-node0-1 Starting 
 Container rggad2e20dc92-node5-1 Starting 
 Container rggad2e20dc92-node22-1 Starting 
 Container rggad2e20dc92-node13-1 Starting 
 Container rggad2e20dc92-node12-1 Starting 
 Container rggad2e20dc92-node9-1 Starting 
 Container rggad2e20dc92-node4-1 Starting 
 Container rggad2e20dc92-node14-1 Starting 
 Container rggad2e20dc92-node21-1 Starting 
 Container rggad2e20dc92-node6-1 Started 
 Container rggad2e20dc92-node2-1 Started 
 Container rggad2e20dc92-node1-1 Started 
 Container rggad2e20dc92-node22-1 Started 
 Container rggad2e20dc92-node23-1 Started 
 Container rggad2e20dc92-node8-1 Started 
 Container rggad2e20dc92-node0-1 Started 
 Container rggad2e20dc92-node18-1 Started 
 Container rggad2e20dc92-node9-1 Started 
 Container rggad2e20dc92-node15-1 Started 
 Container rggad2e20dc92-node17-1 Started 
 Container rggad2e20dc92-node14-1 Started 
 Container rggad2e20dc92-node16-1 Started 
 Container rggad2e20dc92-node20-1 Started 
 Container rggad2e20dc92-node19-1 Started 
 Container rggad2e20dc92-node12-1 Started 
 Container rggad2e20dc92-node13-1 Started 
 Container rggad2e20dc92-node7-1 Started 
 Container rggad2e20dc92-node21-1 Started 
 Container rggad2e20dc92-node4-1 Started 
 Container rggad2e20dc92-node3-1 Started 
 Container rggad2e20dc92-node5-1 Started 
 Container rggad2e20dc92-node11-1 Started 
 Container rggad2e20dc92-node10-1 Started 
 Container rggad2e20dc92-driver-1 Starting 
 Container rggad2e20dc92-driver-1 Started 
0
