 Network rggfb8175fd08_default Creating 
 Network rggfb8175fd08_default Created 
 Container rggfb8175fd08-collector-1 Creating 
 Container rggfb8175fd08-collector-1 Created 
 Container rggfb8175fd08-node20-1 Creating 
 Container rggfb8175fd08-node13-1 Creating 
 Container rggfb8175fd08-node11-1 Creating 
 Container rggfb8175fd08-node10-1 Creating 
 Container rggfb8175fd08-node9-1 Creating 
 Container rggfb8175fd08-node22-1 Creating 
 Container rggfb8175fd08-node15-1 Creating 
 Container rggfb8175fd08-node12-1 Creating 
 Container rggfb8175fd08-node19-1 Creating 
 Container rggfb8175fd08-node14-1 Creating 
 Container rggfb8175fd08-node8-1 Creating 
 Container rggfb8175fd08-node5-1 Creating 
 Container rggfb8175fd08-node3-1 Creating 
 Container rggfb8175fd08-node2-1 Creating 
 Container rggfb8175fd08-node23-1 Creating 
 Container rggfb8175fd08-node21-1 Creating 
 Container rggfb8175fd08-node7-1 Creating 
 Container rggfb8175fd08-node17-1 Creating 
 Container rggfb8175fd08-node18-1 Creating 
 Container rggfb8175fd08-node16-1 Creating 
 Container rggfb8175fd08-node6-1 Creating 
 Container rggfb8175fd08-node4-1 Creating 
 Container rggfb8175fd08-node1-1 Creating 
 Container rggfb8175fd08-node0-1 Creating 
 Container rggfb8175fd08-node20-1 Created 
 Container rggfb8175fd08-node13-1 Created 
 Container rggfb8175fd08-node10-1 Created 
 Container rggfb8175fd08-node9-1 Created 
 Container rggfb8175fd08-node8-1 Created 
 Container rggfb8175fd08-node17-1 Created 
 Container rggfb8175fd08-node18-1 Created 
 Container rggfb8175fd08-node11-1 Created 
 Container rggfb8175fd08-node19-1 Created 
 Container rggfb8175fd08-node1-1 Created 
 Container rggfb8175fd08-node12-1 Created 
 Container rggfb8175fd08-node0-1 Created 
 Container rggfb8175fd08-node23-1 Created 
 Container rggfb8175fd08-node4-1 Created 
 Container rggfb8175fd08-node16-1 Created 
 Container rggfb8175fd08-node22-1 Created 
 Container rggfb8175fd08-node6-1 Created 
 Container rggfb8175fd08-node7-1 Created 
 Container rggfb8175fd08-node14-1 Created 
 Container rggfb8175fd08-node2-1 Created 
 Container rggfb8175fd08-node15-1 Created 
 Container rggfb8175fd08-node3-1 Created 
 Container rggfb8175fd08-node5-1 Created 
 Container rggfb8175fd08-node21-1 Created 
 Container rggfb8175fd08-driver-1 Creating 
 Container rggfb8175fd08-driver-1 Created 
 Container rggfb8175fd08-collector-1 Starting 
 Container rggfb8175fd08-collector-1 Started 
 Container rggfb8175fd08-node6-1 Starting 
 Container rggfb8175fd08-node18-1 Starting 
 Container rggfb8175fd08-node5-1 Starting 
 Container rggfb8175fd08-node16-1 Starting 
 Container rggfb8175fd08-node2-1 Starting 
 Container rggfb8175fd08-node19-1 Starting 
 Container rggfb8175fd08-node3-1 Starting 
 Container rggfb8175fd08-node15-1 Starting 
 Container rggfb8175fd08-node17-1 Starting 
 Container rggfb8175fd08-node13-1 Starting 
 Container rggfb8175fd08-node21-1 Starting 
 Container rggfb8175fd08-node11-1 Starting 
 Container rggfb8175fd08-node9-1 Starting 
 Container rggfb8175fd08-node7-1 Starting 
 Container rggfb8175fd08-node22-1 Starting 
 Container rggfb8175fd08-node4-1 Starting 
 Container rggfb8175fd08-node1-1 Starting 
 Container rggfb8175fd08-node8-1 Starting 
 Container rggfb8175fd08-node10-1 Starting 
 Container rggfb8175fd08-node23-1 Starting 
 Container rggfb8175fd08-node12-1 Starting 
 Container rggfb8175fd08-node20-1 Starting 
 Container rggfb8175fd08-node14-1 Starting 
 Container rggfb8175fd08-node0-1 Starting 
 Container rggfb8175fd08-node18-1 Started 
 Container rggfb8175fd08-node5-1 Started 
 Container rggfb8175fd08-node20-1 Started 
 Container rggfb8175fd08-node6-1 Started 
 Container rggfb8175fd08-node17-1 Started 
 Container rggfb8175fd08-node23-1 Started 
 Container rggfb8175fd08-node9-1 Started 
 Container rggfb8175fd08-node14-1 Started 
 Container rggfb8175fd08-node11-1 Started 
 Container rggfb8175fd08-node19-1 Started 
 Container rggfb8175fd08-node0-1 Started 
 Container rggfb8175fd08-node12-1 Started 
 Container rggfb8175fd08-node15-1 Started 
 Container rggfb8175fd08-node7-1 Started 
 Container rggfb8175fd08-node21-1 Started 
 Container rggfb8175fd08-node3-1 Started 
 Container rggfb8175fd08-node4-1 Started 
 Container rggfb8175fd08-node8-1 Started 
 Container rggfb8175fd08-node22-1 Started 
 Container rggfb8175fd08-node16-1 Started 
 Container rggfb8175fd08-node1-1 Started 
 Container rggfb8175fd08-node2-1 Started 
 Container rggfb8175fd08-node10-1 Started 
 Container rggfb8175fd08-node13-1 Started 
 Container rggfb8175fd08-driver-1 Starting 
 Container rggfb8175fd08-driver-1 Started 
0
