 Network rggf2dc3a4000_default Creating 
 Network rggf2dc3a4000_default Created 
 Container rggf2dc3a4000-collector-1 Creating 
 Container rggf2dc3a4000-collector-1 Created 
 Container rggf2dc3a4000-node3-1 Creating 
 Container rggf2dc3a4000-node8-1 Creating 
 Container rggf2dc3a4000-node19-1 Creating 
 Container rggf2dc3a4000-node0-1 Creating 
 Container rggf2dc3a4000-node7-1 Creating 
 Container rggf2dc3a4000-node12-1 Creating 
 Container rggf2dc3a4000-node6-1 Creating 
 Container rggf2dc3a4000-node2-1 Creating 
 Container rggf2dc3a4000-node13-1 Creating 
 Container rggf2dc3a4000-node15-1 Creating 
 Container rggf2dc3a4000-node9-1 Creating 
 Container rggf2dc3a4000-node4-1 Creating 
 Container rggf2dc3a4000-node10-1 Creating 
 Container rggf2dc3a4000-node5-1 Creating 
 Container rggf2dc3a4000-node16-1 Creating 
 Container rggf2dc3a4000-node1-1 Creating 
 Container rggf2dc3a4000-node17-1 Creating 
 Container rggf2dc3a4000-node11-1 Creating 
 Container rggf2dc3a4000-node14-1 Creating 
 Container rggf2dc3a4000-node18-1 Creating 
 Container rggf2dc3a4000-node3-1 Created 
 Container rggf2dc3a4000-node6-1 Created 
 Container rggf2dc3a4000-node7-1 Created 
 Container rggf2dc3a4000-node18-1 Created 
 Container rggf2dc3a4000-node13-1 Created 
 Container rggf2dc3a4000-node5-1 Created 
 Container rggf2dc3a4000-node11-1 Created 
 Container rggf2dc3a4000-node15-1 Created 
 Container rggf2dc3a4000-node4-1 Created 
 Container rggf2dc3a4000-node12-1 Created 
 Container rggf2dc3a4000-node17-1 Created 
 Container rggf2dc3a4000-node8-1 Created 
 Container rggf2dc3a4000-node9-1 Created 
 Container rggf2dc3a4000-node19-1 Created 
 Container rggf2dc3a4000-node14-1 Created 
 Container rggf2dc3a4000-node1-1 Created 
 Container rggf2dc3a4000-node10-1 Created 
 Container rggf2dc3a4000-node16-1 Created 
 Container rggf2dc3a4000-node0-1 Created 
 Container rggf2dc3a4000-node2-1 Created 
 Container rggf2dc3a4000-driver-1 Creating 
 Container rggf2dc3a4000-driver-1 Created 
 Container rggf2dc3a4000-collector-1 Starting 
 Container rggf2dc3a4000-collector-1 Started 
 Container rggf2dc3a4000-node14-1 Starting 
 Container rggf2dc3a4000-node0-1 Starting 
 Container rggf2dc3a4000-node18-1 Starting 
 Container rggf2dc3a4000-node6-1 Starting 
 Container rggf2dc3a4000-node19-1 Starting 
 Container rggf2dc3a4000-node3-1 Starting 
 Container rggf2dc3a4000-node12-1 Starting 
 Container rggf2dc3a4000-node16-1 Starting 
 Container rggf2dc3a4000-node2-1 Starting 
 Container rggf2dc3a4000-node10-1 Starting 
 Container rggf2dc3a4000-node9-1 Starting 
 Container rggf2dc3a4000-node15-1 Starting 
 Container rggf2dc3a4000-node8-1 Starting 
 Container rggf2dc3a4000-node4-1 Starting 
 Container rggf2dc3a4000-node13-1 Starting 
 Container rggf2dc3a4000-node5-1 Starting 
 Container rggf2dc3a4000-node1-1 Starting 
 Container rggf2dc3a4000-node7-1 Starting 
 Container rggf2dc3a4000-node11-1 Starting 
 Container rggf2dc3a4000-node17-1 Starting 
 Container rggf2dc3a4000-node0-1 Started 
 Container rggf2dc3a4000-node9-1 Started 
 Container rggf2dc3a4000-node3-1 Started 
 Container rggf2dc3a4000-node18-1 Started 
 Container rggf2dc3a4000-node2-1 Started 
 Container rggf2dc3a4000-node14-1 Started 
 Container rggf2dc3a4000-node11-1 Started 
 Container rggf2dc3a4000-node7-1 Started 
 Container rggf2dc3a4000-node5-1 Started 
 Container rggf2dc3a4000-node19-1 Started 
 Container rggf2dc3a4000-node6-1 Started 
 Container rggf2dc3a4000-node17-1 Started 
 Container rggf2dc3a4000-node8-1 Started 
 Container rggf2dc3a4000-node13-1 Started 
 Container rggf2dc3a4000-node16-1 Started 
 Container rggf2dc3a4000-node4-1 Started 
 Container rggf2dc3a4000-node12-1 Started 
 Container rggf2dc3a4000-node1-1 Started 
 Container rggf2dc3a4000-node10-1 Started 
 Container rggf2dc3a4000-node15-1 Started 
 Container rggf2dc3a4000-driver-1 Starting 
 Container rggf2dc3a4000-driver-1 Started 
0
