 Network rgg19b947b36f_default Creating 
 Network rgg19b947b36f_default Created 
 Container rgg19b947b36f-collector-1 Creating 
 Container rgg19b947b36f-collector-1 Created 
 Container rgg19b947b36f-node4-1 Creating 
 Container rgg19b947b36f-node12-1 Creating 
 Container rgg19b947b36f-node8-1 Creating 
 Container rgg19b947b36f-node15-1 Creating 
 Container rgg19b947b36f-node14-1 Creating 
 Container rgg19b947b36f-node0-1 Creating 
 Container rgg19b947b36f-node9-1 Creating 
 Container rgg19b947b36f-node1-1 Creating 
 Container rgg19b947b36f-node5-1 Creating 
 Container rgg19b947b36f-node2-1 Creating 
 Container rgg19b947b36f-node3-1 Creating 
 Container rgg19b947b36f-node11-1 Creating 
 Container rgg19b947b36f-node6-1 Creating 
 Container rgg19b947b36f-node7-1 Creating 
 Container rgg19b947b36f-node13-1 Creating 
 Container rgg19b947b36f-node10-1 Creating 
 Container rgg19b947b36f-node12-1 Created 
 Container rgg19b947b36f-node7-1 Created 
 Container rgg19b947b36f-node0-1 Created 
 Container rgg19b947b36f-node5-1 Created 
 Container rgg19b947b36f-node4-1 Created 
 Container rgg19b947b36f-node2-1 Created 
 Container rgg19b947b36f-node6-1 Created 
 Container rgg19b947b36f-node14-1 Created 
 Container rgg19b947b36f-node11-1 Created 
 Container rgg19b947b36f-node8-1 Created 
 Container rgg19b947b36f-node15-1 Created 
 Container rgg19b947b36f-node3-1 Created 
 Container rgg19b947b36f-node13-1 Created 
 Container rgg19b947b36f-node9-1 Created 
 Container rgg19b947b36f-node10-1 Created 
 Container rgg19b947b36f-node1-1 Created 
 Container rgg19b947b36f-driver-1 Creating 
 Container rgg19b947b36f-driver-1 Created 
 Container rgg19b947b36f-collector-1 Starting 
 Container rgg19b947b36f-collector-1 Started 
 Container rgg19b947b36f-node13-1 Starting 
 Container rgg19b947b36f-node11-1 Starting 
 Container rgg19b947b36f-node3-1 Starting 
 Container rgg19b947b36f-node6-1 Starting 
 Container rgg19b947b36f-node10-1 Starting 
 Container rgg19b947b36f-node9-1 Starting 
 Container rgg19b947b36f-node15-1 Starting 
 Container rgg19b947b36f-node5-1 Starting 
 Container rgg19b947b36f-node0-1 Starting 
 Container rgg19b947b36f-node14-1 Starting 
 Container rgg19b947b36f-node2-1 Starting 
 Container rgg19b947b36f-node1-1 Starting 
 Container rgg19b947b36f-node12-1 Starting 
 Container rgg19b947b36f-node7-1 Starting 
 Container rgg19b947b36f-node4-1 Starting 
 Container rgg19b947b36f-node8-1 Starting 
 Container rgg19b947b36f-node13-1 Started 
 Container rgg19b947b36f-node8-1 Started 
 Container rgg19b947b36f-node6-1 Started 
 Container rgg19b947b36f-node3-1 Started 
 Container rgg19b947b36f-node11-1 Started 
 Container rgg19b947b36f-node1-1 Started 
 Container rgg19b947b36f-node7-1 Started 
 Container rgg19b947b36f-node2-1 Started 
 Container rgg19b947b36f-node14-1 Started 
 Container rgg19b947b36f-node4-1 Started 
 Container rgg19b947b36f-node9-1 Started 
 Container rgg19b947b36f-node12-1 Started 
 Container rgg19b947b36f-node15-1 Started 
 Container rgg19b947b36f-node10-1 Started 
 Container rgg19b947b36f-node5-1 Started 
 Container rgg19b947b36f-node0-1 Started 
 Container rgg19b947b36f-driver-1 Starting 
 Container rgg19b947b36f-driver-1 Started 
0
