 Network rgge3d49d66b9_default Creating 
 Network rgge3d49d66b9_default Created 
 Container rgge3d49d66b9-collector-1 Creating 
 Container rgge3d49d66b9-collector-1 Created 
 Container rgge3d49d66b9-node3-1 Creating 
 Container rgge3d49d66b9-node8-1 Creating 
 Container rgge3d49d66b9-node1-1 Creating 
 Container rgge3d49d66b9-node5-1 Creating 
 Container rgge3d49d66b9-node2-1 Creating 
 Container rgge3d49d66b9-node13-1 Creating 
 Container rgge3d49d66b9-node15-1 Creating 
 Container rgge3d49d66b9-node4-1 Creating 
 Container rgge3d49d66b9-node7-1 Creating 
 Container rgge3d49d66b9-node0-1 Creating 
 Container rgge3d49d66b9-node11-1 Creating 
 Container rgge3d49d66b9-node6-1 Creating 
 Container rgge3d49d66b9-node12-1 Creating 
 Container rgge3d49d66b9-node14-1 Creating 
 Container rgge3d49d66b9-node9-1 Creating 
 Container rgge3d49d66b9-node10-1 Creating 
 Container rgge3d49d66b9-node3-1 Created 
 Container rgge3d49d66b9-node8-1 Created 
 Container rgge3d49d66b9-node13-1 Created 
 Container rgge3d49d66b9-node4-1 Created 
 Container rgge3d49d66b9-node7-1 Created 
 Container rgge3d49d66b9-node12-1 Created 
 Container rgge3d49d66b9-node5-1 Created 
 Container rgge3d49d66b9-node6-1 Created 
 Container rgge3d49d66b9-node14-1 Created 
 Container rgge3d49d66b9-node10-1 Created 
 Container rgge3d49d66b9-node15-1 Created 
 Container rgge3d49d66b9-node2-1 Created 
 Container rgge3d49d66b9-node11-1 Created 
 Container rgge3d49d66b9-node9-1 Created 
 Container rgge3d49d66b9-node1-1 Created 
 Container rgge3d49d66b9-node0-1 Created 
 Container rgge3d49d66b9-driver-1 Creating 
 Container rgge3d49d66b9-driver-1 Created 
 Container rgge3d49d66b9-collector-1 Starting 
 Container rgge3d49d66b9-collector-1 Started 
 Container rgge3d49d66b9-node12-1 Starting 
 Container rgge3d49d66b9-node5-1 Starting 
 Container rgge3d49d66b9-node3-1 Starting 
 Container rgge3d49d66b9-node14-1 Starting 
 Container rgge3d49d66b9-node0-1 Starting 
 Container rgge3d49d66b9-node10-1 Starting 
 Container rgge3d49d66b9-node2-1 Starting 
 Container rgge3d49d66b9-node6-1 Starting 
 Container rgge3d49d66b9-node8-1 Starting 
 Container rgge3d49d66b9-node13-1 Starting 
 Container rgge3d49d66b9-node7-1 Starting 
 Container rgge3d49d66b9-node15-1 Starting 
 Container rgge3d49d66b9-node9-1 Starting 
 Container rgge3d49d66b9-node1-1 Starting 
 Container rgge3d49d66b9-node11-1 Starting 
 Container rgge3d49d66b9-node4-1 Starting 
 Container rgge3d49d66b9-node12-1 Started 
 Container rgge3d49d66b9-node5-1 Started 
 Container rgge3d49d66b9-node9-1 Started 
 Container rgge3d49d66b9-node11-1 Started 
 Container rgge3d49d66b9-node14-1 Started 
 Container rgge3d49d66b9-node8-1 Started 
 Container rgge3d49d66b9-node13-1 Started 
 Container rgge3d49d66b9-node0-1 Started 
 Container rgge3d49d66b9-node2-1 Started 
 Container rgge3d49d66b9-node15-1 Started 
 Container rgge3d49d66b9-node4-1 Started 
 Container rgge3d49d66b9-node6-1 Started 
 Container rgge3d49d66b9-node10-1 Started 
 Container rgge3d49d66b9-node7-1 Started 
 Container rgge3d49d66b9-node1-1 Started 
 Container rgge3d49d66b9-node3-1 Started 
 Container rgge3d49d66b9-driver-1 Starting 
 Container rgge3d49d66b9-driver-1 Started 
0
