 Network rgg906c2f2b6a_default Creating 
 Network rgg906c2f2b6a_default Created 
 Container rgg906c2f2b6a-collector-1 Creating 
 Container rgg906c2f2b6a-collector-1 Created 
 Container rgg906c2f2b6a-node5-1 Creating 
 Container rgg906c2f2b6a-node3-1 Creating 
 Container rgg906c2f2b6a-node6-1 Creating 
 Container rgg906c2f2b6a-node2-1 Creating 
 Container rgg906c2f2b6a-node13-1 Creating 
 Container rgg906c2f2b6a-node14-1 Creating 
 Container rgg906c2f2b6a-node12-1 Creating 
 Container rgg906c2f2b6a-node7-1 Creating 
 Container rgg906c2f2b6a-node15-1 Creating 
 Container rgg906c2f2b6a-node1-1 Creating 
 Container rgg906c2f2b6a-node4-1 Creating 
 Container rgg906c2f2b6a-node8-1 Creating 
 Container rgg906c2f2b6a-node0-1 Creating 
 Container rgg906c2f2b6a-node11-1 Creating 
 Container rgg906c2f2b6a-node10-1 Creating 
 Container rgg906c2f2b6a-node9-1 Creating 
 Container rgg906c2f2b6a-node11-1 Created 
 Container rgg906c2f2b6a-node3-1 Created 
 Container rgg906c2f2b6a-node4-1 Created 
 Container rgg906c2f2b6a-node10-1 Created 
 Container rgg906c2f2b6a-node7-1 Created 
 Container rgg906c2f2b6a-node13-1 Created 
 Container rgg906c2f2b6a-node12-1 Created 
 Container rgg906c2f2b6a-node6-1 Created 
 Container rgg906c2f2b6a-node0-1 Created 
 Container rgg906c2f2b6a-node8-1 Created 
 Container rgg906c2f2b6a-node5-1 Created 
 Container rgg906c2f2b6a-node14-1 Created 
 Container rgg906c2f2b6a-node15-1 Created 
 Container rgg906c2f2b6a-node1-1 Created 
 Container rgg906c2f2b6a-node9-1 Created 
 Container rgg906c2f2b6a-node2-1 Created 
 Container rgg906c2f2b6a-collector-1 Starting 
 Container rgg906c2f2b6a-collector-1 Started 
 Container rgg906c2f2b6a-node14-1 Starting 
 Container rgg906c2f2b6a-node15-1 Starting 
 Container rgg906c2f2b6a-node3-1 Starting 
 Container rgg906c2f2b6a-node2-1 Starting 
 Container rgg906c2f2b6a-node9-1 Starting 
 Container rgg906c2f2b6a-node5-1 Starting 
 Container rgg906c2f2b6a-node7-1 Starting 
 Container rgg906c2f2b6a-node8-1 Starting 
 Container rgg906c2f2b6a-node10-1 Starting 
 Container rgg906c2f2b6a-node0-1 Starting 
 Container rgg906c2f2b6a-node6-1 Starting 
 Container rgg906c2f2b6a-node4-1 Starting 
 Container rgg906c2f2b6a-node1-1 Starting 
 Container rgg906c2f2b6a-node12-1 Starting 
 Container rgg906c2f2b6a-node13-1 Starting 
 Container rgg906c2f2b6a-node11-1 Starting 
 Container rgg906c2f2b6a-node14-1 Started 
 Container rgg906c2f2b6a-node3-1 Started 
 Container rgg906c2f2b6a-node11-1 Started 
 Container rgg906c2f2b6a-node2-1 Started 
 Container rgg906c2f2b6a-node10-1 Started 
 Container rgg906c2f2b6a-node8-1 Started 
 Container rgg906c2f2b6a-node13-1 Started 
 Container rgg906c2f2b6a-node5-1 Started 
 Container rgg906c2f2b6a-node12-1 Started 
 Container rgg906c2f2b6a-node6-1 Started 
 Container rgg906c2f2b6a-node0-1 Started 
 Container rgg906c2f2b6a-node9-1 Started 
 Container rgg906c2f2b6a-node1-1 Started 
 Container rgg906c2f2b6a-node7-1 Started 
 Container rgg906c2f2b6a-node4-1 Started 
 Container rgg906c2f2b6a-node15-1 Started 
READY_BARRIER: 15/16 node services ready
DRIVER_STARTED: 2026-07-15T13:55:23Z
0
