 Network rggb6a9156f49_default Creating 
 Network rggb6a9156f49_default Created 
 Container rggb6a9156f49-collector-1 Creating 
 Container rggb6a9156f49-collector-1 Created 
 Container rggb6a9156f49-node5-1 Creating 
 Container rggb6a9156f49-node6-1 Creating 
 Container rggb6a9156f49-node1-1 Creating 
 Container rggb6a9156f49-node14-1 Creating 
 Container rggb6a9156f49-node2-1 Creating 
 Container rggb6a9156f49-node9-1 Creating 
 Container rggb6a9156f49-node11-1 Creating 
 Container rggb6a9156f49-node8-1 Creating 
 Container rggb6a9156f49-node13-1 Creating 
 Container rggb6a9156f49-node0-1 Creating 
 Container rggb6a9156f49-node12-1 Creating 
 Container rggb6a9156f49-node15-1 Creating 
 Container rggb6a9156f49-node3-1 Creating 
 Container rggb6a9156f49-node10-1 Creating 
 Container rggb6a9156f49-node4-1 Creating 
 Container rggb6a9156f49-node7-1 Creating 
 Container rggb6a9156f49-node6-1 Created 
 Container rggb6a9156f49-node14-1 Created 
 Container rggb6a9156f49-node8-1 Created 
 Container rggb6a9156f49-node3-1 Created 
 Container rggb6a9156f49-node10-1 Created 
 Container rggb6a9156f49-node7-1 Created 
 Container rggb6a9156f49-node9-1 Created 
 Container rggb6a9156f49-node1-1 Created 
 Container rggb6a9156f49-node4-1 Created 
 Container rggb6a9156f49-node15-1 Created 
 Container rggb6a9156f49-node12-1 Created 
 Container rggb6a9156f49-node11-1 Created 
 Container rggb6a9156f49-node5-1 Created 
 Container rggb6a9156f49-node2-1 Created 
 Container rggb6a9156f49-node0-1 Created 
 Container rggb6a9156f49-node13-1 Created 
 Container rggb6a9156f49-collector-1 Starting 
 Container rggb6a9156f49-collector-1 Started 
 Container rggb6a9156f49-node12-1 Starting 
 Container rggb6a9156f49-node8-1 Starting 
 Container rggb6a9156f49-node15-1 Starting 
 Container rggb6a9156f49-node5-1 Starting 
 Container rggb6a9156f49-node3-1 Starting 
 Container rggb6a9156f49-node11-1 Starting 
 Container rggb6a9156f49-node6-1 Starting 
 Container rggb6a9156f49-node2-1 Starting 
 Container rggb6a9156f49-node13-1 Starting 
 Container rggb6a9156f49-node4-1 Starting 
 Container rggb6a9156f49-node1-1 Starting 
 Container rggb6a9156f49-node14-1 Starting 
 Container rggb6a9156f49-node10-1 Starting 
 Container rggb6a9156f49-node9-1 Starting 
 Container rggb6a9156f49-node0-1 Starting 
 Container rggb6a9156f49-node7-1 Starting 
 Container rggb6a9156f49-node8-1 Started 
 Container rggb6a9156f49-node12-1 Started 
 Container rggb6a9156f49-node7-1 Started 
 Container rggb6a9156f49-node3-1 Started 
 Container rggb6a9156f49-node1-1 Started 
 Container rggb6a9156f49-node10-1 Started 
 Container rggb6a9156f49-node2-1 Started 
 Container rggb6a9156f49-node13-1 Started 
 Container rggb6a9156f49-node0-1 Started 
 Container rggb6a9156f49-node4-1 Started 
 Container rggb6a9156f49-node14-1 Started 
 Container rggb6a9156f49-node6-1 Started 
 Container rggb6a9156f49-node9-1 Started 
 Container rggb6a9156f49-node5-1 Started 
 Container rggb6a9156f49-node15-1 Started 
 Container rggb6a9156f49-node11-1 Started 
DRIVER_STARTED: 2026-07-15T04:53:55Z
0
