 Network rggcbea1d3a76_default Creating 
 Network rggcbea1d3a76_default Created 
 Container rggcbea1d3a76-collector-1 Creating 
 Container rggcbea1d3a76-collector-1 Created 
 Container rggcbea1d3a76-node2-1 Creating 
 Container rggcbea1d3a76-node8-1 Creating 
 Container rggcbea1d3a76-node9-1 Creating 
 Container rggcbea1d3a76-node0-1 Creating 
 Container rggcbea1d3a76-node12-1 Creating 
 Container rggcbea1d3a76-node22-1 Creating 
 Container rggcbea1d3a76-node23-1 Creating 
 Container rggcbea1d3a76-node11-1 Creating 
 Container rggcbea1d3a76-node15-1 Creating 
 Container rggcbea1d3a76-node7-1 Creating 
 Container rggcbea1d3a76-node6-1 Creating 
 Container rggcbea1d3a76-node1-1 Creating 
 Container rggcbea1d3a76-node18-1 Creating 
 Container rggcbea1d3a76-node3-1 Creating 
 Container rggcbea1d3a76-node13-1 Creating 
 Container rggcbea1d3a76-node10-1 Creating 
 Container rggcbea1d3a76-node20-1 Creating 
 Container rggcbea1d3a76-node4-1 Creating 
 Container rggcbea1d3a76-node17-1 Creating 
 Container rggcbea1d3a76-node5-1 Creating 
 Container rggcbea1d3a76-node19-1 Creating 
 Container rggcbea1d3a76-node21-1 Creating 
 Container rggcbea1d3a76-node14-1 Creating 
 Container rggcbea1d3a76-node16-1 Creating 
 Container rggcbea1d3a76-node2-1 Created 
 Container rggcbea1d3a76-node18-1 Created 
 Container rggcbea1d3a76-node20-1 Created 
 Container rggcbea1d3a76-node14-1 Created 
 Container rggcbea1d3a76-node12-1 Created 
 Container rggcbea1d3a76-node23-1 Created 
 Container rggcbea1d3a76-node4-1 Created 
 Container rggcbea1d3a76-node19-1 Created 
 Container rggcbea1d3a76-node3-1 Created 
 Container rggcbea1d3a76-node16-1 Created 
 Container rggcbea1d3a76-node11-1 Created 
 Container rggcbea1d3a76-node22-1 Created 
 Container rggcbea1d3a76-node6-1 Created 
 Container rggcbea1d3a76-node5-1 Created 
 Container rggcbea1d3a76-node10-1 Created 
 Container rggcbea1d3a76-node13-1 Created 
 Container rggcbea1d3a76-node17-1 Created 
 Container rggcbea1d3a76-node7-1 Created 
 Container rggcbea1d3a76-node21-1 Created 
 Container rggcbea1d3a76-node8-1 Created 
 Container rggcbea1d3a76-node15-1 Created 
 Container rggcbea1d3a76-node0-1 Created 
 Container rggcbea1d3a76-node1-1 Created 
 Container rggcbea1d3a76-node9-1 Created 
 Container rggcbea1d3a76-collector-1 Starting 
 Container rggcbea1d3a76-collector-1 Started 
 Container rggcbea1d3a76-node3-1 Starting 
 Container rggcbea1d3a76-node8-1 Starting 
 Container rggcbea1d3a76-node21-1 Starting 
 Container rggcbea1d3a76-node22-1 Starting 
 Container rggcbea1d3a76-node2-1 Starting 
 Container rggcbea1d3a76-node5-1 Starting 
 Container rggcbea1d3a76-node14-1 Starting 
 Container rggcbea1d3a76-node13-1 Starting 
 Container rggcbea1d3a76-node10-1 Starting 
 Container rggcbea1d3a76-node20-1 Starting 
 Container rggcbea1d3a76-node0-1 Starting 
 Container rggcbea1d3a76-node15-1 Starting 
 Container rggcbea1d3a76-node18-1 Starting 
 Container rggcbea1d3a76-node4-1 Starting 
 Container rggcbea1d3a76-node7-1 Starting 
 Container rggcbea1d3a76-node11-1 Starting 
 Container rggcbea1d3a76-node1-1 Starting 
 Container rggcbea1d3a76-node16-1 Starting 
 Container rggcbea1d3a76-node23-1 Starting 
 Container rggcbea1d3a76-node6-1 Starting 
 Container rggcbea1d3a76-node12-1 Starting 
 Container rggcbea1d3a76-node19-1 Starting 
 Container rggcbea1d3a76-node9-1 Starting 
 Container rggcbea1d3a76-node17-1 Starting 
 Container rggcbea1d3a76-node0-1 Started 
 Container rggcbea1d3a76-node8-1 Started 
 Container rggcbea1d3a76-node17-1 Started 
 Container rggcbea1d3a76-node3-1 Started 
 Container rggcbea1d3a76-node7-1 Started 
 Container rggcbea1d3a76-node22-1 Started 
 Container rggcbea1d3a76-node13-1 Started 
 Container rggcbea1d3a76-node5-1 Started 
 Container rggcbea1d3a76-node21-1 Started 
 Container rggcbea1d3a76-node6-1 Started 
 Container rggcbea1d3a76-node18-1 Started 
 Container rggcbea1d3a76-node11-1 Started 
 Container rggcbea1d3a76-node12-1 Started 
 Container rggcbea1d3a76-node15-1 Started 
 Container rggcbea1d3a76-node23-1 Started 
 Container rggcbea1d3a76-node9-1 Started 
 Container rggcbea1d3a76-node1-1 Started 
 Container rggcbea1d3a76-node16-1 Started 
 Container rggcbea1d3a76-node19-1 Started 
 Container rggcbea1d3a76-node10-1 Started 
 Container rggcbea1d3a76-node14-1 Started 
 Container rggcbea1d3a76-node2-1 Started 
 Container rggcbea1d3a76-node20-1 Started 
 Container rggcbea1d3a76-node4-1 Started 
NETEM_APPLIED node0 iface=eth0: qdisc netem 8159: root refcnt 17 limit 1000 delay 10ms  2ms seed 8640073605007697601
NETEM_APPLIED node1 iface=eth0: qdisc netem 815a: root refcnt 17 limit 1000 delay 10ms  2ms seed 4966199511119588048
NETEM_APPLIED node2 iface=eth0: qdisc netem 815b: root refcnt 17 limit 1000 delay 10ms  2ms seed 8690540198718691135
NETEM_APPLIED node3 iface=eth0: qdisc netem 815c: root refcnt 17 limit 1000 delay 10ms  2ms seed 7289344703652296808
NETEM_APPLIED node4 iface=eth0: qdisc netem 815d: root refcnt 17 limit 1000 delay 10ms  2ms seed 4936476263163107563
NETEM_APPLIED node5 iface=eth0: qdisc netem 815e: root refcnt 17 limit 1000 delay 10ms  2ms seed 11426257443781542709
NETEM_APPLIED node6 iface=eth0: qdisc netem 815f: root refcnt 17 limit 1000 delay 10ms  2ms seed 14750598991335022435
NETEM_APPLIED node7 iface=eth0: qdisc netem 8160: root refcnt 17 limit 1000 delay 10ms  2ms seed 6923028577924750759
NETEM_APPLIED node8 iface=eth0: qdisc netem 8161: root refcnt 17 limit 1000 delay 10ms  2ms seed 18099432195290854077
NETEM_APPLIED node9 iface=eth0: qdisc netem 8162: root refcnt 17 limit 1000 delay 10ms  2ms seed 9597044108633846332
NETEM_APPLIED node10 iface=eth0: qdisc netem 8163: root refcnt 17 limit 1000 delay 10ms  2ms seed 121062972135640028
NETEM_APPLIED node11 iface=eth0: qdisc netem 8164: root refcnt 17 limit 1000 delay 10ms  2ms seed 16694022681851042871
NETEM_APPLIED node12 iface=eth0: qdisc netem 8165: root refcnt 17 limit 1000 delay 10ms  2ms seed 7738570512655076329
NETEM_APPLIED node13 iface=eth0: qdisc netem 8166: root refcnt 17 limit 1000 delay 10ms  2ms seed 6457455803848600690
NETEM_APPLIED node14 iface=eth0: qdisc netem 8167: root refcnt 17 limit 1000 delay 10ms  2ms seed 6704269209720147365
NETEM_APPLIED node15 iface=eth0: qdisc netem 8168: root refcnt 17 limit 1000 delay 10ms  2ms seed 1404306943668082516
NETEM_APPLIED node16 iface=eth0: qdisc netem 8169: root refcnt 17 limit 1000 delay 10ms  2ms seed 8491066865373440251
NETEM_APPLIED node17 iface=eth0: qdisc netem 816a: root refcnt 17 limit 1000 delay 10ms  2ms seed 14346900677959680174
NETEM_APPLIED node18 iface=eth0: qdisc netem 816b: root refcnt 17 limit 1000 delay 10ms  2ms seed 10876193453512651691
NETEM_APPLIED node19 iface=eth0: qdisc netem 816c: root refcnt 17 limit 1000 delay 10ms  2ms seed 17939213247644926574
NETEM_APPLIED node20 iface=eth0: qdisc netem 816d: root refcnt 17 limit 1000 delay 10ms  2ms seed 5847067384046904719
NETEM_APPLIED node21 iface=eth0: qdisc netem 816e: root refcnt 17 limit 1000 delay 10ms  2ms seed 9266874436941717831
NETEM_APPLIED node22 iface=eth0: qdisc netem 816f: root refcnt 17 limit 1000 delay 10ms  2ms seed 18150831920133625168
NETEM_APPLIED node23 iface=eth0: qdisc netem 8170: root refcnt 17 limit 1000 delay 10ms  2ms seed 14079572849804087859
NETEM_RTT_GATE OK: baseline=0.1ms actual=20.9ms increase=20.8ms
DRIVER_STARTED: 2026-07-15T05:26:45Z
0
QDSK_CLEANUP_FAIL node0: Command '['docker', 'exec', 'rggcbea1d3a76-node0-1', 'sh', '-c', "ip -o -4 addr show scope global 2>/dev/null | head -1 | awk '{print $2}'"]' returned non-zero exit status 1.
QDSK_CLEANUP_FAIL node1: Command '['docker', 'exec', 'rggcbea1d3a76-node1-1', 'sh', '-c', "ip -o -4 addr show scope global 2>/dev/null | head -1 | awk '{print $2}'"]' returned non-zero exit status 1.
QDSK_CLEANUP_FAIL node2: Command '['docker', 'exec', 'rggcbea1d3a76-node2-1', 'sh', '-c', "ip -o -4 addr show scope global 2>/dev/null | head -1 | awk '{print $2}'"]' returned non-zero exit status 1.
QDSK_CLEANUP_FAIL node3: Command '['docker', 'exec', 'rggcbea1d3a76-node3-1', 'sh', '-c', "ip -o -4 addr show scope global 2>/dev/null | head -1 | awk '{print $2}'"]' returned non-zero exit status 1.
QDSK_CLEANUP_FAIL node4: Command '['docker', 'exec', 'rggcbea1d3a76-node4-1', 'sh', '-c', "ip -o -4 addr show scope global 2>/dev/null | head -1 | awk '{print $2}'"]' returned non-zero exit status 1.
QDSK_CLEANUP_FAIL node5: Command '['docker', 'exec', 'rggcbea1d3a76-node5-1', 'sh', '-c', "ip -o -4 addr show scope global 2>/dev/null | head -1 | awk '{print $2}'"]' returned non-zero exit status 1.
QDSK_CLEANUP_FAIL node6: Command '['docker', 'exec', 'rggcbea1d3a76-node6-1', 'sh', '-c', "ip -o -4 addr show scope global 2>/dev/null | head -1 | awk '{print $2}'"]' returned non-zero exit status 1.
QDSK_CLEANUP_FAIL node7: Command '['docker', 'exec', 'rggcbea1d3a76-node7-1', 'sh', '-c', "ip -o -4 addr show scope global 2>/dev/null | head -1 | awk '{print $2}'"]' returned non-zero exit status 1.
QDSK_CLEANUP_FAIL node8: Command '['docker', 'exec', 'rggcbea1d3a76-node8-1', 'sh', '-c', "ip -o -4 addr show scope global 2>/dev/null | head -1 | awk '{print $2}'"]' returned non-zero exit status 1.
QDSK_CLEANUP_FAIL node9: Command '['docker', 'exec', 'rggcbea1d3a76-node9-1', 'sh', '-c', "ip -o -4 addr show scope global 2>/dev/null | head -1 | awk '{print $2}'"]' returned non-zero exit status 1.
QDSK_CLEANUP_FAIL node10: Command '['docker', 'exec', 'rggcbea1d3a76-node10-1', 'sh', '-c', "ip -o -4 addr show scope global 2>/dev/null | head -1 | awk '{print $2}'"]' returned non-zero exit status 1.
QDSK_CLEANUP_FAIL node11: Command '['docker', 'exec', 'rggcbea1d3a76-node11-1', 'sh', '-c', "ip -o -4 addr show scope global 2>/dev/null | head -1 | awk '{print $2}'"]' returned non-zero exit status 1.
QDSK_CLEANUP_FAIL node12: Command '['docker', 'exec', 'rggcbea1d3a76-node12-1', 'sh', '-c', "ip -o -4 addr show scope global 2>/dev/null | head -1 | awk '{print $2}'"]' returned non-zero exit status 1.
QDSK_CLEANUP_FAIL node13: Command '['docker', 'exec', 'rggcbea1d3a76-node13-1', 'sh', '-c', "ip -o -4 addr show scope global 2>/dev/null | head -1 | awk '{print $2}'"]' returned non-zero exit status 1.
QDSK_CLEANUP_FAIL node14: Command '['docker', 'exec', 'rggcbea1d3a76-node14-1', 'sh', '-c', "ip -o -4 addr show scope global 2>/dev/null | head -1 | awk '{print $2}'"]' returned non-zero exit status 1.
QDSK_CLEANUP_FAIL node15: Command '['docker', 'exec', 'rggcbea1d3a76-node15-1', 'sh', '-c', "ip -o -4 addr show scope global 2>/dev/null | head -1 | awk '{print $2}'"]' returned non-zero exit status 1.
QDSK_CLEANUP_FAIL node16: Command '['docker', 'exec', 'rggcbea1d3a76-node16-1', 'sh', '-c', "ip -o -4 addr show scope global 2>/dev/null | head -1 | awk '{print $2}'"]' returned non-zero exit status 1.
QDSK_CLEANUP_FAIL node17: Command '['docker', 'exec', 'rggcbea1d3a76-node17-1', 'sh', '-c', "ip -o -4 addr show scope global 2>/dev/null | head -1 | awk '{print $2}'"]' returned non-zero exit status 1.
QDSK_CLEANUP_FAIL node18: Command '['docker', 'exec', 'rggcbea1d3a76-node18-1', 'sh', '-c', "ip -o -4 addr show scope global 2>/dev/null | head -1 | awk '{print $2}'"]' returned non-zero exit status 1.
QDSK_CLEANUP_FAIL node19: Command '['docker', 'exec', 'rggcbea1d3a76-node19-1', 'sh', '-c', "ip -o -4 addr show scope global 2>/dev/null | head -1 | awk '{print $2}'"]' returned non-zero exit status 1.
QDSK_CLEANUP_FAIL node20: Command '['docker', 'exec', 'rggcbea1d3a76-node20-1', 'sh', '-c', "ip -o -4 addr show scope global 2>/dev/null | head -1 | awk '{print $2}'"]' returned non-zero exit status 1.
QDSK_CLEANUP_FAIL node21: Command '['docker', 'exec', 'rggcbea1d3a76-node21-1', 'sh', '-c', "ip -o -4 addr show scope global 2>/dev/null | head -1 | awk '{print $2}'"]' returned non-zero exit status 1.
QDSK_CLEANUP_FAIL node22: Command '['docker', 'exec', 'rggcbea1d3a76-node22-1', 'sh', '-c', "ip -o -4 addr show scope global 2>/dev/null | head -1 | awk '{print $2}'"]' returned non-zero exit status 1.
QDSK_CLEANUP_FAIL node23: Command '['docker', 'exec', 'rggcbea1d3a76-node23-1', 'sh', '-c', "ip -o -4 addr show scope global 2>/dev/null | head -1 | awk '{print $2}'"]' returned non-zero exit status 1.
