 Network rggd24aa7a6cf_default Creating 
 Network rggd24aa7a6cf_default Created 
 Container rggd24aa7a6cf-collector-1 Creating 
 Container rggd24aa7a6cf-collector-1 Created 
 Container rggd24aa7a6cf-node1-1 Creating 
 Container rggd24aa7a6cf-node7-1 Creating 
 Container rggd24aa7a6cf-node18-1 Creating 
 Container rggd24aa7a6cf-node9-1 Creating 
 Container rggd24aa7a6cf-node17-1 Creating 
 Container rggd24aa7a6cf-node0-1 Creating 
 Container rggd24aa7a6cf-node11-1 Creating 
 Container rggd24aa7a6cf-node13-1 Creating 
 Container rggd24aa7a6cf-node4-1 Creating 
 Container rggd24aa7a6cf-node8-1 Creating 
 Container rggd24aa7a6cf-node6-1 Creating 
 Container rggd24aa7a6cf-node10-1 Creating 
 Container rggd24aa7a6cf-node19-1 Creating 
 Container rggd24aa7a6cf-node2-1 Creating 
 Container rggd24aa7a6cf-node15-1 Creating 
 Container rggd24aa7a6cf-node3-1 Creating 
 Container rggd24aa7a6cf-node16-1 Creating 
 Container rggd24aa7a6cf-node14-1 Creating 
 Container rggd24aa7a6cf-node12-1 Creating 
 Container rggd24aa7a6cf-node5-1 Creating 
 Container rggd24aa7a6cf-node10-1 Created 
 Container rggd24aa7a6cf-node19-1 Created 
 Container rggd24aa7a6cf-node0-1 Created 
 Container rggd24aa7a6cf-node13-1 Created 
 Container rggd24aa7a6cf-node14-1 Created 
 Container rggd24aa7a6cf-node16-1 Created 
 Container rggd24aa7a6cf-node7-1 Created 
 Container rggd24aa7a6cf-node3-1 Created 
 Container rggd24aa7a6cf-node6-1 Created 
 Container rggd24aa7a6cf-node15-1 Created 
 Container rggd24aa7a6cf-node12-1 Created 
 Container rggd24aa7a6cf-node5-1 Created 
 Container rggd24aa7a6cf-node11-1 Created 
 Container rggd24aa7a6cf-node1-1 Created 
 Container rggd24aa7a6cf-node9-1 Created 
 Container rggd24aa7a6cf-node18-1 Created 
 Container rggd24aa7a6cf-node17-1 Created 
 Container rggd24aa7a6cf-node2-1 Created 
 Container rggd24aa7a6cf-node8-1 Created 
 Container rggd24aa7a6cf-node4-1 Created 
 Container rggd24aa7a6cf-driver-1 Creating 
 Container rggd24aa7a6cf-driver-1 Created 
 Container rggd24aa7a6cf-collector-1 Starting 
 Container rggd24aa7a6cf-collector-1 Started 
 Container rggd24aa7a6cf-node7-1 Starting 
 Container rggd24aa7a6cf-node14-1 Starting 
 Container rggd24aa7a6cf-node12-1 Starting 
 Container rggd24aa7a6cf-node9-1 Starting 
 Container rggd24aa7a6cf-node13-1 Starting 
 Container rggd24aa7a6cf-node18-1 Starting 
 Container rggd24aa7a6cf-node19-1 Starting 
 Container rggd24aa7a6cf-node16-1 Starting 
 Container rggd24aa7a6cf-node1-1 Starting 
 Container rggd24aa7a6cf-node3-1 Starting 
 Container rggd24aa7a6cf-node2-1 Starting 
 Container rggd24aa7a6cf-node11-1 Starting 
 Container rggd24aa7a6cf-node8-1 Starting 
 Container rggd24aa7a6cf-node4-1 Starting 
 Container rggd24aa7a6cf-node6-1 Starting 
 Container rggd24aa7a6cf-node5-1 Starting 
 Container rggd24aa7a6cf-node17-1 Starting 
 Container rggd24aa7a6cf-node10-1 Starting 
 Container rggd24aa7a6cf-node0-1 Starting 
 Container rggd24aa7a6cf-node15-1 Starting 
 Container rggd24aa7a6cf-node7-1 Started 
 Container rggd24aa7a6cf-node4-1 Started 
 Container rggd24aa7a6cf-node5-1 Started 
 Container rggd24aa7a6cf-node18-1 Started 
 Container rggd24aa7a6cf-node14-1 Started 
 Container rggd24aa7a6cf-node12-1 Started 
 Container rggd24aa7a6cf-node0-1 Started 
 Container rggd24aa7a6cf-node16-1 Started 
 Container rggd24aa7a6cf-node8-1 Started 
 Container rggd24aa7a6cf-node9-1 Started 
 Container rggd24aa7a6cf-node10-1 Started 
 Container rggd24aa7a6cf-node11-1 Started 
 Container rggd24aa7a6cf-node1-1 Started 
 Container rggd24aa7a6cf-node19-1 Started 
 Container rggd24aa7a6cf-node15-1 Started 
 Container rggd24aa7a6cf-node17-1 Started 
 Container rggd24aa7a6cf-node2-1 Started 
 Container rggd24aa7a6cf-node6-1 Started 
 Container rggd24aa7a6cf-node13-1 Started 
 Container rggd24aa7a6cf-node3-1 Started 
 Container rggd24aa7a6cf-driver-1 Starting 
 Container rggd24aa7a6cf-driver-1 Started 
0
