 Network rgga3b4cb2658_default Creating 
 Network rgga3b4cb2658_default Created 
 Container rgga3b4cb2658-collector-1 Creating 
 Container rgga3b4cb2658-collector-1 Created 
 Container rgga3b4cb2658-node13-1 Creating 
 Container rgga3b4cb2658-node18-1 Creating 
 Container rgga3b4cb2658-node19-1 Creating 
 Container rgga3b4cb2658-node2-1 Creating 
 Container rgga3b4cb2658-node4-1 Creating 
 Container rgga3b4cb2658-node17-1 Creating 
 Container rgga3b4cb2658-node15-1 Creating 
 Container rgga3b4cb2658-node1-1 Creating 
 Container rgga3b4cb2658-node3-1 Creating 
 Container rgga3b4cb2658-node22-1 Creating 
 Container rgga3b4cb2658-node11-1 Creating 
 Container rgga3b4cb2658-node14-1 Creating 
 Container rgga3b4cb2658-node5-1 Creating 
 Container rgga3b4cb2658-node12-1 Creating 
 Container rgga3b4cb2658-node16-1 Creating 
 Container rgga3b4cb2658-node8-1 Creating 
 Container rgga3b4cb2658-node0-1 Creating 
 Container rgga3b4cb2658-node21-1 Creating 
 Container rgga3b4cb2658-node7-1 Creating 
 Container rgga3b4cb2658-node6-1 Creating 
 Container rgga3b4cb2658-node9-1 Creating 
 Container rgga3b4cb2658-node20-1 Creating 
 Container rgga3b4cb2658-node23-1 Creating 
 Container rgga3b4cb2658-node10-1 Creating 
 Container rgga3b4cb2658-node19-1 Created 
 Container rgga3b4cb2658-node13-1 Created 
 Container rgga3b4cb2658-node2-1 Created 
 Container rgga3b4cb2658-node4-1 Created 
 Container rgga3b4cb2658-node11-1 Created 
 Container rgga3b4cb2658-node23-1 Created 
 Container rgga3b4cb2658-node22-1 Created 
 Container rgga3b4cb2658-node10-1 Created 
 Container rgga3b4cb2658-node16-1 Created 
 Container rgga3b4cb2658-node5-1 Created 
 Container rgga3b4cb2658-node21-1 Created 
 Container rgga3b4cb2658-node1-1 Created 
 Container rgga3b4cb2658-node15-1 Created 
 Container rgga3b4cb2658-node7-1 Created 
 Container rgga3b4cb2658-node20-1 Created 
 Container rgga3b4cb2658-node18-1 Created 
 Container rgga3b4cb2658-node8-1 Created 
 Container rgga3b4cb2658-node14-1 Created 
 Container rgga3b4cb2658-node9-1 Created 
 Container rgga3b4cb2658-node17-1 Created 
 Container rgga3b4cb2658-node6-1 Created 
 Container rgga3b4cb2658-node12-1 Created 
 Container rgga3b4cb2658-node0-1 Created 
 Container rgga3b4cb2658-node3-1 Created 
 Container rgga3b4cb2658-driver-1 Creating 
 Container rgga3b4cb2658-driver-1 Created 
 Container rgga3b4cb2658-collector-1 Starting 
 Container rgga3b4cb2658-collector-1 Started 
 Container rgga3b4cb2658-node11-1 Starting 
 Container rgga3b4cb2658-node12-1 Starting 
 Container rgga3b4cb2658-node13-1 Starting 
 Container rgga3b4cb2658-node8-1 Starting 
 Container rgga3b4cb2658-node4-1 Starting 
 Container rgga3b4cb2658-node3-1 Starting 
 Container rgga3b4cb2658-node16-1 Starting 
 Container rgga3b4cb2658-node22-1 Starting 
 Container rgga3b4cb2658-node15-1 Starting 
 Container rgga3b4cb2658-node6-1 Starting 
 Container rgga3b4cb2658-node18-1 Starting 
 Container rgga3b4cb2658-node17-1 Starting 
 Container rgga3b4cb2658-node19-1 Starting 
 Container rgga3b4cb2658-node7-1 Starting 
 Container rgga3b4cb2658-node1-1 Starting 
 Container rgga3b4cb2658-node20-1 Starting 
 Container rgga3b4cb2658-node14-1 Starting 
 Container rgga3b4cb2658-node2-1 Starting 
 Container rgga3b4cb2658-node23-1 Starting 
 Container rgga3b4cb2658-node21-1 Starting 
 Container rgga3b4cb2658-node10-1 Starting 
 Container rgga3b4cb2658-node5-1 Starting 
 Container rgga3b4cb2658-node9-1 Starting 
 Container rgga3b4cb2658-node0-1 Starting 
 Container rgga3b4cb2658-node8-1 Started 
 Container rgga3b4cb2658-node2-1 Started 
 Container rgga3b4cb2658-node15-1 Started 
 Container rgga3b4cb2658-node4-1 Started 
 Container rgga3b4cb2658-node10-1 Started 
 Container rgga3b4cb2658-node6-1 Started 
 Container rgga3b4cb2658-node14-1 Started 
 Container rgga3b4cb2658-node18-1 Started 
 Container rgga3b4cb2658-node19-1 Started 
 Container rgga3b4cb2658-node13-1 Started 
 Container rgga3b4cb2658-node9-1 Started 
 Container rgga3b4cb2658-node17-1 Started 
 Container rgga3b4cb2658-node12-1 Started 
 Container rgga3b4cb2658-node0-1 Started 
 Container rgga3b4cb2658-node1-1 Started 
 Container rgga3b4cb2658-node7-1 Started 
 Container rgga3b4cb2658-node23-1 Started 
 Container rgga3b4cb2658-node16-1 Started 
 Container rgga3b4cb2658-node5-1 Started 
 Container rgga3b4cb2658-node21-1 Started 
 Container rgga3b4cb2658-node22-1 Started 
 Container rgga3b4cb2658-node3-1 Started 
 Container rgga3b4cb2658-node11-1 Started 
 Container rgga3b4cb2658-node20-1 Started 
 Container rgga3b4cb2658-driver-1 Starting 
 Container rgga3b4cb2658-driver-1 Started 
0
