 Network rgge4edd05236_default Creating 
 Network rgge4edd05236_default Created 
 Container rgge4edd05236-collector-1 Creating 
 Container rgge4edd05236-collector-1 Created 
 Container rgge4edd05236-node8-1 Creating 
 Container rgge4edd05236-node11-1 Creating 
 Container rgge4edd05236-node14-1 Creating 
 Container rgge4edd05236-node0-1 Creating 
 Container rgge4edd05236-node12-1 Creating 
 Container rgge4edd05236-node2-1 Creating 
 Container rgge4edd05236-node10-1 Creating 
 Container rgge4edd05236-node15-1 Creating 
 Container rgge4edd05236-node4-1 Creating 
 Container rgge4edd05236-node7-1 Creating 
 Container rgge4edd05236-node9-1 Creating 
 Container rgge4edd05236-node13-1 Creating 
 Container rgge4edd05236-node1-1 Creating 
 Container rgge4edd05236-node5-1 Creating 
 Container rgge4edd05236-node3-1 Creating 
 Container rgge4edd05236-node6-1 Creating 
 Container rgge4edd05236-node14-1 Created 
 Container rgge4edd05236-node1-1 Created 
 Container rgge4edd05236-node8-1 Created 
 Container rgge4edd05236-node13-1 Created 
 Container rgge4edd05236-node15-1 Created 
 Container rgge4edd05236-node6-1 Created 
 Container rgge4edd05236-node10-1 Created 
 Container rgge4edd05236-node2-1 Created 
 Container rgge4edd05236-node9-1 Created 
 Container rgge4edd05236-node4-1 Created 
 Container rgge4edd05236-node12-1 Created 
 Container rgge4edd05236-node5-1 Created 
 Container rgge4edd05236-node11-1 Created 
 Container rgge4edd05236-node3-1 Created 
 Container rgge4edd05236-node0-1 Created 
 Container rgge4edd05236-node7-1 Created 
 Container rgge4edd05236-collector-1 Starting 
 Container rgge4edd05236-collector-1 Started 
 Container rgge4edd05236-node9-1 Starting 
 Container rgge4edd05236-node2-1 Starting 
 Container rgge4edd05236-node11-1 Starting 
 Container rgge4edd05236-node1-1 Starting 
 Container rgge4edd05236-node8-1 Starting 
 Container rgge4edd05236-node14-1 Starting 
 Container rgge4edd05236-node4-1 Starting 
 Container rgge4edd05236-node15-1 Starting 
 Container rgge4edd05236-node7-1 Starting 
 Container rgge4edd05236-node12-1 Starting 
 Container rgge4edd05236-node6-1 Starting 
 Container rgge4edd05236-node5-1 Starting 
 Container rgge4edd05236-node13-1 Starting 
 Container rgge4edd05236-node3-1 Starting 
 Container rgge4edd05236-node10-1 Starting 
 Container rgge4edd05236-node0-1 Starting 
 Container rgge4edd05236-node2-1 Started 
 Container rgge4edd05236-node9-1 Started 
 Container rgge4edd05236-node0-1 Started 
 Container rgge4edd05236-node11-1 Started 
 Container rgge4edd05236-node13-1 Started 
 Container rgge4edd05236-node12-1 Started 
 Container rgge4edd05236-node4-1 Started 
 Container rgge4edd05236-node3-1 Started 
 Container rgge4edd05236-node15-1 Started 
 Container rgge4edd05236-node8-1 Started 
 Container rgge4edd05236-node10-1 Started 
 Container rgge4edd05236-node5-1 Started 
 Container rgge4edd05236-node14-1 Started 
 Container rgge4edd05236-node6-1 Started 
 Container rgge4edd05236-node1-1 Started 
 Container rgge4edd05236-node7-1 Started 
DRIVER_STARTED: 2026-07-15T04:54:14Z
0
