 Network rgg805e02de23_default Creating 
 Network rgg805e02de23_default Created 
 Container rgg805e02de23-collector-1 Creating 
 Container rgg805e02de23-collector-1 Created 
 Container rgg805e02de23-node11-1 Creating 
 Container rgg805e02de23-node3-1 Creating 
 Container rgg805e02de23-node15-1 Creating 
 Container rgg805e02de23-node6-1 Creating 
 Container rgg805e02de23-node8-1 Creating 
 Container rgg805e02de23-node5-1 Creating 
 Container rgg805e02de23-node0-1 Creating 
 Container rgg805e02de23-node9-1 Creating 
 Container rgg805e02de23-node10-1 Creating 
 Container rgg805e02de23-node7-1 Creating 
 Container rgg805e02de23-node13-1 Creating 
 Container rgg805e02de23-node14-1 Creating 
 Container rgg805e02de23-node12-1 Creating 
 Container rgg805e02de23-node1-1 Creating 
 Container rgg805e02de23-node2-1 Creating 
 Container rgg805e02de23-node4-1 Creating 
 Container rgg805e02de23-node7-1 Created 
 Container rgg805e02de23-node15-1 Created 
 Container rgg805e02de23-node9-1 Created 
 Container rgg805e02de23-node4-1 Created 
 Container rgg805e02de23-node11-1 Created 
 Container rgg805e02de23-node13-1 Created 
 Container rgg805e02de23-node1-1 Created 
 Container rgg805e02de23-node3-1 Created 
 Container rgg805e02de23-node2-1 Created 
 Container rgg805e02de23-node8-1 Created 
 Container rgg805e02de23-node5-1 Created 
 Container rgg805e02de23-node6-1 Created 
 Container rgg805e02de23-node12-1 Created 
 Container rgg805e02de23-node0-1 Created 
 Container rgg805e02de23-node10-1 Created 
 Container rgg805e02de23-node14-1 Created 
 Container rgg805e02de23-collector-1 Starting 
 Container rgg805e02de23-collector-1 Started 
 Container rgg805e02de23-node2-1 Starting 
 Container rgg805e02de23-node0-1 Starting 
 Container rgg805e02de23-node15-1 Starting 
 Container rgg805e02de23-node1-1 Starting 
 Container rgg805e02de23-node5-1 Starting 
 Container rgg805e02de23-node12-1 Starting 
 Container rgg805e02de23-node4-1 Starting 
 Container rgg805e02de23-node6-1 Starting 
 Container rgg805e02de23-node9-1 Starting 
 Container rgg805e02de23-node7-1 Starting 
 Container rgg805e02de23-node11-1 Starting 
 Container rgg805e02de23-node14-1 Starting 
 Container rgg805e02de23-node13-1 Starting 
 Container rgg805e02de23-node8-1 Starting 
 Container rgg805e02de23-node10-1 Starting 
 Container rgg805e02de23-node3-1 Starting 
 Container rgg805e02de23-node15-1 Started 
 Container rgg805e02de23-node6-1 Started 
 Container rgg805e02de23-node0-1 Started 
 Container rgg805e02de23-node14-1 Started 
 Container rgg805e02de23-node10-1 Started 
 Container rgg805e02de23-node1-1 Started 
 Container rgg805e02de23-node4-1 Started 
 Container rgg805e02de23-node3-1 Started 
 Container rgg805e02de23-node13-1 Started 
 Container rgg805e02de23-node5-1 Started 
 Container rgg805e02de23-node9-1 Started 
 Container rgg805e02de23-node2-1 Started 
 Container rgg805e02de23-node12-1 Started 
 Container rgg805e02de23-node11-1 Started 
 Container rgg805e02de23-node7-1 Started 
 Container rgg805e02de23-node8-1 Started 
NETEM_APPLIED node0 iface=eth0: qdisc netem 8031: root refcnt 17 limit 1000 delay 10ms  2ms seed 12600365408427961808
NETEM_APPLIED node1 iface=eth0: qdisc netem 8032: root refcnt 17 limit 1000 delay 10ms  2ms seed 4954336680754889564
NETEM_APPLIED node2 iface=eth0: qdisc netem 8033: root refcnt 17 limit 1000 delay 10ms  2ms seed 12928696215462516813
NETEM_APPLIED node3 iface=eth0: qdisc netem 8034: root refcnt 17 limit 1000 delay 10ms  2ms seed 11797855637029677757
NETEM_APPLIED node4 iface=eth0: qdisc netem 8035: root refcnt 17 limit 1000 delay 10ms  2ms seed 16169781513740260475
NETEM_APPLIED node5 iface=eth0: qdisc netem 8036: root refcnt 17 limit 1000 delay 10ms  2ms seed 9200452342649974849
NETEM_APPLIED node6 iface=eth0: qdisc netem 8037: root refcnt 17 limit 1000 delay 10ms  2ms seed 4752322648597916360
NETEM_APPLIED node7 iface=eth0: qdisc netem 8038: root refcnt 17 limit 1000 delay 10ms  2ms seed 11892763693191991439
NETEM_APPLIED node8 iface=eth0: qdisc netem 8039: root refcnt 17 limit 1000 delay 10ms  2ms seed 12120877752883783457
NETEM_APPLIED node9 iface=eth0: qdisc netem 803a: root refcnt 17 limit 1000 delay 10ms  2ms seed 17807590419233797443
NETEM_APPLIED node10 iface=eth0: qdisc netem 803b: root refcnt 17 limit 1000 delay 10ms  2ms seed 9465679630279782891
NETEM_APPLIED node11 iface=eth0: qdisc netem 803c: root refcnt 17 limit 1000 delay 10ms  2ms seed 15116680444796886548
NETEM_APPLIED node12 iface=eth0: qdisc netem 803d: root refcnt 17 limit 1000 delay 10ms  2ms seed 3784922502173788541
NETEM_APPLIED node13 iface=eth0: qdisc netem 803e: root refcnt 17 limit 1000 delay 10ms  2ms seed 5649300589951649716
NETEM_APPLIED node14 iface=eth0: qdisc netem 803f: root refcnt 17 limit 1000 delay 10ms  2ms seed 10414269448869160528
NETEM_APPLIED node15 iface=eth0: qdisc netem 8040: root refcnt 17 limit 1000 delay 10ms  2ms seed 8448210452190974405
NETEM_RTT_GATE OK: baseline=0.1ms actual=20.4ms increase=20.3ms
DRIVER_STARTED: 2026-07-15T05:10:50Z
0
QDSK_CLEANUP_FAIL node0: Command '['docker', 'exec', 'rgg805e02de23-node0-1', 'sh', '-c', "ip -o -4 addr show scope global 2>/dev/null | head -1 | awk '{print $2}'"]' returned non-zero exit status 1.
QDSK_CLEANUP_FAIL node1: Command '['docker', 'exec', 'rgg805e02de23-node1-1', 'sh', '-c', "ip -o -4 addr show scope global 2>/dev/null | head -1 | awk '{print $2}'"]' returned non-zero exit status 1.
QDSK_CLEANUP_FAIL node2: Command '['docker', 'exec', 'rgg805e02de23-node2-1', 'sh', '-c', "ip -o -4 addr show scope global 2>/dev/null | head -1 | awk '{print $2}'"]' returned non-zero exit status 1.
QDSK_CLEANUP_FAIL node3: Command '['docker', 'exec', 'rgg805e02de23-node3-1', 'sh', '-c', "ip -o -4 addr show scope global 2>/dev/null | head -1 | awk '{print $2}'"]' returned non-zero exit status 1.
QDSK_CLEANUP_FAIL node4: Command '['docker', 'exec', 'rgg805e02de23-node4-1', 'sh', '-c', "ip -o -4 addr show scope global 2>/dev/null | head -1 | awk '{print $2}'"]' returned non-zero exit status 1.
QDSK_CLEANUP_FAIL node5: Command '['docker', 'exec', 'rgg805e02de23-node5-1', 'sh', '-c', "ip -o -4 addr show scope global 2>/dev/null | head -1 | awk '{print $2}'"]' returned non-zero exit status 1.
QDSK_CLEANUP_FAIL node6: Command '['docker', 'exec', 'rgg805e02de23-node6-1', 'sh', '-c', "ip -o -4 addr show scope global 2>/dev/null | head -1 | awk '{print $2}'"]' returned non-zero exit status 1.
QDSK_CLEANUP_FAIL node7: Command '['docker', 'exec', 'rgg805e02de23-node7-1', 'sh', '-c', "ip -o -4 addr show scope global 2>/dev/null | head -1 | awk '{print $2}'"]' returned non-zero exit status 1.
QDSK_CLEANUP_FAIL node8: Command '['docker', 'exec', 'rgg805e02de23-node8-1', 'sh', '-c', "ip -o -4 addr show scope global 2>/dev/null | head -1 | awk '{print $2}'"]' returned non-zero exit status 1.
QDSK_CLEANUP_FAIL node9: Command '['docker', 'exec', 'rgg805e02de23-node9-1', 'sh', '-c', "ip -o -4 addr show scope global 2>/dev/null | head -1 | awk '{print $2}'"]' returned non-zero exit status 1.
QDSK_CLEANUP_FAIL node10: Command '['docker', 'exec', 'rgg805e02de23-node10-1', 'sh', '-c', "ip -o -4 addr show scope global 2>/dev/null | head -1 | awk '{print $2}'"]' returned non-zero exit status 1.
QDSK_CLEANUP_FAIL node11: Command '['docker', 'exec', 'rgg805e02de23-node11-1', 'sh', '-c', "ip -o -4 addr show scope global 2>/dev/null | head -1 | awk '{print $2}'"]' returned non-zero exit status 1.
QDSK_CLEANUP_FAIL node12: Command '['docker', 'exec', 'rgg805e02de23-node12-1', 'sh', '-c', "ip -o -4 addr show scope global 2>/dev/null | head -1 | awk '{print $2}'"]' returned non-zero exit status 1.
QDSK_CLEANUP_FAIL node13: Command '['docker', 'exec', 'rgg805e02de23-node13-1', 'sh', '-c', "ip -o -4 addr show scope global 2>/dev/null | head -1 | awk '{print $2}'"]' returned non-zero exit status 1.
QDSK_CLEANUP_FAIL node14: Command '['docker', 'exec', 'rgg805e02de23-node14-1', 'sh', '-c', "ip -o -4 addr show scope global 2>/dev/null | head -1 | awk '{print $2}'"]' returned non-zero exit status 1.
QDSK_CLEANUP_FAIL node15: Command '['docker', 'exec', 'rgg805e02de23-node15-1', 'sh', '-c', "ip -o -4 addr show scope global 2>/dev/null | head -1 | awk '{print $2}'"]' returned non-zero exit status 1.
