 Network rgg896ab2d7ae_default Creating 
 Network rgg896ab2d7ae_default Created 
 Container rgg896ab2d7ae-collector-1 Creating 
 Container rgg896ab2d7ae-collector-1 Created 
 Container rgg896ab2d7ae-node12-1 Creating 
 Container rgg896ab2d7ae-node3-1 Creating 
 Container rgg896ab2d7ae-node10-1 Creating 
 Container rgg896ab2d7ae-node15-1 Creating 
 Container rgg896ab2d7ae-node13-1 Creating 
 Container rgg896ab2d7ae-node9-1 Creating 
 Container rgg896ab2d7ae-node7-1 Creating 
 Container rgg896ab2d7ae-node2-1 Creating 
 Container rgg896ab2d7ae-node5-1 Creating 
 Container rgg896ab2d7ae-node14-1 Creating 
 Container rgg896ab2d7ae-node0-1 Creating 
 Container rgg896ab2d7ae-node1-1 Creating 
 Container rgg896ab2d7ae-node11-1 Creating 
 Container rgg896ab2d7ae-node8-1 Creating 
 Container rgg896ab2d7ae-node4-1 Creating 
 Container rgg896ab2d7ae-node6-1 Creating 
 Container rgg896ab2d7ae-node4-1 Created 
 Container rgg896ab2d7ae-node6-1 Created 
 Container rgg896ab2d7ae-node15-1 Created 
 Container rgg896ab2d7ae-node0-1 Created 
 Container rgg896ab2d7ae-node7-1 Created 
 Container rgg896ab2d7ae-node2-1 Created 
 Container rgg896ab2d7ae-node13-1 Created 
 Container rgg896ab2d7ae-node3-1 Created 
 Container rgg896ab2d7ae-node1-1 Created 
 Container rgg896ab2d7ae-node11-1 Created 
 Container rgg896ab2d7ae-node5-1 Created 
 Container rgg896ab2d7ae-node8-1 Created 
 Container rgg896ab2d7ae-node12-1 Created 
 Container rgg896ab2d7ae-node9-1 Created 
 Container rgg896ab2d7ae-node10-1 Created 
 Container rgg896ab2d7ae-node14-1 Created 
 Container rgg896ab2d7ae-collector-1 Starting 
 Container rgg896ab2d7ae-collector-1 Started 
 Container rgg896ab2d7ae-node1-1 Starting 
 Container rgg896ab2d7ae-node4-1 Starting 
 Container rgg896ab2d7ae-node15-1 Starting 
 Container rgg896ab2d7ae-node3-1 Starting 
 Container rgg896ab2d7ae-node0-1 Starting 
 Container rgg896ab2d7ae-node6-1 Starting 
 Container rgg896ab2d7ae-node11-1 Starting 
 Container rgg896ab2d7ae-node5-1 Starting 
 Container rgg896ab2d7ae-node13-1 Starting 
 Container rgg896ab2d7ae-node9-1 Starting 
 Container rgg896ab2d7ae-node12-1 Starting 
 Container rgg896ab2d7ae-node2-1 Starting 
 Container rgg896ab2d7ae-node14-1 Starting 
 Container rgg896ab2d7ae-node8-1 Starting 
 Container rgg896ab2d7ae-node10-1 Starting 
 Container rgg896ab2d7ae-node7-1 Starting 
 Container rgg896ab2d7ae-node15-1 Started 
 Container rgg896ab2d7ae-node9-1 Started 
 Container rgg896ab2d7ae-node13-1 Started 
 Container rgg896ab2d7ae-node7-1 Started 
 Container rgg896ab2d7ae-node3-1 Started 
 Container rgg896ab2d7ae-node5-1 Started 
 Container rgg896ab2d7ae-node1-1 Started 
 Container rgg896ab2d7ae-node12-1 Started 
 Container rgg896ab2d7ae-node6-1 Started 
 Container rgg896ab2d7ae-node14-1 Started 
 Container rgg896ab2d7ae-node2-1 Started 
 Container rgg896ab2d7ae-node11-1 Started 
 Container rgg896ab2d7ae-node0-1 Started 
 Container rgg896ab2d7ae-node4-1 Started 
 Container rgg896ab2d7ae-node8-1 Started 
 Container rgg896ab2d7ae-node10-1 Started 
READY_BARRIER: 14/16 node services ready
DRIVER_STARTED: 2026-07-15T13:53:14Z
0
