 Network rggb5be48ca38_default Creating 
 Network rggb5be48ca38_default Created 
 Container rggb5be48ca38-collector-1 Creating 
 Container rggb5be48ca38-collector-1 Created 
 Container rggb5be48ca38-node19-1 Creating 
 Container rggb5be48ca38-node17-1 Creating 
 Container rggb5be48ca38-node11-1 Creating 
 Container rggb5be48ca38-node2-1 Creating 
 Container rggb5be48ca38-node10-1 Creating 
 Container rggb5be48ca38-node8-1 Creating 
 Container rggb5be48ca38-node6-1 Creating 
 Container rggb5be48ca38-node4-1 Creating 
 Container rggb5be48ca38-node5-1 Creating 
 Container rggb5be48ca38-node12-1 Creating 
 Container rggb5be48ca38-node9-1 Creating 
 Container rggb5be48ca38-node23-1 Creating 
 Container rggb5be48ca38-node14-1 Creating 
 Container rggb5be48ca38-node20-1 Creating 
 Container rggb5be48ca38-node13-1 Creating 
 Container rggb5be48ca38-node15-1 Creating 
 Container rggb5be48ca38-node22-1 Creating 
 Container rggb5be48ca38-node1-1 Creating 
 Container rggb5be48ca38-node7-1 Creating 
 Container rggb5be48ca38-node21-1 Creating 
 Container rggb5be48ca38-node3-1 Creating 
 Container rggb5be48ca38-node16-1 Creating 
 Container rggb5be48ca38-node0-1 Creating 
 Container rggb5be48ca38-node18-1 Creating 
 Container rggb5be48ca38-node19-1 Created 
 Container rggb5be48ca38-node23-1 Created 
 Container rggb5be48ca38-node10-1 Created 
 Container rggb5be48ca38-node17-1 Created 
 Container rggb5be48ca38-node8-1 Created 
 Container rggb5be48ca38-node5-1 Created 
 Container rggb5be48ca38-node16-1 Created 
 Container rggb5be48ca38-node18-1 Created 
 Container rggb5be48ca38-node2-1 Created 
 Container rggb5be48ca38-node22-1 Created 
 Container rggb5be48ca38-node0-1 Created 
 Container rggb5be48ca38-node4-1 Created 
 Container rggb5be48ca38-node7-1 Created 
 Container rggb5be48ca38-node3-1 Created 
 Container rggb5be48ca38-node1-1 Created 
 Container rggb5be48ca38-node21-1 Created 
 Container rggb5be48ca38-node15-1 Created 
 Container rggb5be48ca38-node6-1 Created 
 Container rggb5be48ca38-node20-1 Created 
 Container rggb5be48ca38-node12-1 Created 
 Container rggb5be48ca38-node9-1 Created 
 Container rggb5be48ca38-node13-1 Created 
 Container rggb5be48ca38-node11-1 Created 
 Container rggb5be48ca38-node14-1 Created 
 Container rggb5be48ca38-driver-1 Creating 
 Container rggb5be48ca38-driver-1 Created 
 Container rggb5be48ca38-collector-1 Starting 
 Container rggb5be48ca38-collector-1 Started 
 Container rggb5be48ca38-node17-1 Starting 
 Container rggb5be48ca38-node19-1 Starting 
 Container rggb5be48ca38-node15-1 Starting 
 Container rggb5be48ca38-node14-1 Starting 
 Container rggb5be48ca38-node22-1 Starting 
 Container rggb5be48ca38-node3-1 Starting 
 Container rggb5be48ca38-node6-1 Starting 
 Container rggb5be48ca38-node1-1 Starting 
 Container rggb5be48ca38-node20-1 Starting 
 Container rggb5be48ca38-node16-1 Starting 
 Container rggb5be48ca38-node13-1 Starting 
 Container rggb5be48ca38-node10-1 Starting 
 Container rggb5be48ca38-node7-1 Starting 
 Container rggb5be48ca38-node12-1 Starting 
 Container rggb5be48ca38-node23-1 Starting 
 Container rggb5be48ca38-node18-1 Starting 
 Container rggb5be48ca38-node11-1 Starting 
 Container rggb5be48ca38-node21-1 Starting 
 Container rggb5be48ca38-node0-1 Starting 
 Container rggb5be48ca38-node5-1 Starting 
 Container rggb5be48ca38-node2-1 Starting 
 Container rggb5be48ca38-node9-1 Starting 
 Container rggb5be48ca38-node8-1 Starting 
 Container rggb5be48ca38-node4-1 Starting 
 Container rggb5be48ca38-node15-1 Started 
 Container rggb5be48ca38-node19-1 Started 
 Container rggb5be48ca38-node17-1 Started 
 Container rggb5be48ca38-node21-1 Started 
 Container rggb5be48ca38-node16-1 Started 
 Container rggb5be48ca38-node13-1 Started 
 Container rggb5be48ca38-node12-1 Started 
 Container rggb5be48ca38-node18-1 Started 
 Container rggb5be48ca38-node10-1 Started 
 Container rggb5be48ca38-node0-1 Started 
 Container rggb5be48ca38-node1-1 Started 
 Container rggb5be48ca38-node4-1 Started 
 Container rggb5be48ca38-node7-1 Started 
 Container rggb5be48ca38-node11-1 Started 
 Container rggb5be48ca38-node8-1 Started 
 Container rggb5be48ca38-node2-1 Started 
 Container rggb5be48ca38-node23-1 Started 
 Container rggb5be48ca38-node22-1 Started 
 Container rggb5be48ca38-node6-1 Started 
 Container rggb5be48ca38-node20-1 Started 
 Container rggb5be48ca38-node9-1 Started 
 Container rggb5be48ca38-node5-1 Started 
 Container rggb5be48ca38-node3-1 Started 
 Container rggb5be48ca38-node14-1 Started 
 Container rggb5be48ca38-driver-1 Starting 
 Container rggb5be48ca38-driver-1 Started 
0
