 Network rgg2365515eed_default Creating 
 Network rgg2365515eed_default Created 
 Container rgg2365515eed-collector-1 Creating 
 Container rgg2365515eed-collector-1 Created 
 Container rgg2365515eed-node14-1 Creating 
 Container rgg2365515eed-node1-1 Creating 
 Container rgg2365515eed-node6-1 Creating 
 Container rgg2365515eed-node15-1 Creating 
 Container rgg2365515eed-node7-1 Creating 
 Container rgg2365515eed-node2-1 Creating 
 Container rgg2365515eed-node0-1 Creating 
 Container rgg2365515eed-node8-1 Creating 
 Container rgg2365515eed-node12-1 Creating 
 Container rgg2365515eed-node13-1 Creating 
 Container rgg2365515eed-node9-1 Creating 
 Container rgg2365515eed-node11-1 Creating 
 Container rgg2365515eed-node5-1 Creating 
 Container rgg2365515eed-node3-1 Creating 
 Container rgg2365515eed-node4-1 Creating 
 Container rgg2365515eed-node10-1 Creating 
 Container rgg2365515eed-node15-1 Created 
 Container rgg2365515eed-node1-1 Created 
 Container rgg2365515eed-node7-1 Created 
 Container rgg2365515eed-node13-1 Created 
 Container rgg2365515eed-node2-1 Created 
 Container rgg2365515eed-node8-1 Created 
 Container rgg2365515eed-node14-1 Created 
 Container rgg2365515eed-node3-1 Created 
 Container rgg2365515eed-node4-1 Created 
 Container rgg2365515eed-node12-1 Created 
 Container rgg2365515eed-node9-1 Created 
 Container rgg2365515eed-node5-1 Created 
 Container rgg2365515eed-node0-1 Created 
 Container rgg2365515eed-node10-1 Created 
 Container rgg2365515eed-node11-1 Created 
 Container rgg2365515eed-node6-1 Created 
 Container rgg2365515eed-collector-1 Starting 
 Container rgg2365515eed-collector-1 Started 
 Container rgg2365515eed-node1-1 Starting 
 Container rgg2365515eed-node3-1 Starting 
 Container rgg2365515eed-node5-1 Starting 
 Container rgg2365515eed-node11-1 Starting 
 Container rgg2365515eed-node9-1 Starting 
 Container rgg2365515eed-node12-1 Starting 
 Container rgg2365515eed-node14-1 Starting 
 Container rgg2365515eed-node13-1 Starting 
 Container rgg2365515eed-node8-1 Starting 
 Container rgg2365515eed-node2-1 Starting 
 Container rgg2365515eed-node7-1 Starting 
 Container rgg2365515eed-node0-1 Starting 
 Container rgg2365515eed-node15-1 Starting 
 Container rgg2365515eed-node4-1 Starting 
 Container rgg2365515eed-node6-1 Starting 
 Container rgg2365515eed-node10-1 Starting 
 Container rgg2365515eed-node3-1 Started 
 Container rgg2365515eed-node1-1 Started 
 Container rgg2365515eed-node12-1 Started 
 Container rgg2365515eed-node4-1 Started 
 Container rgg2365515eed-node9-1 Started 
 Container rgg2365515eed-node5-1 Started 
 Container rgg2365515eed-node13-1 Started 
 Container rgg2365515eed-node11-1 Started 
 Container rgg2365515eed-node0-1 Started 
 Container rgg2365515eed-node8-1 Started 
 Container rgg2365515eed-node10-1 Started 
 Container rgg2365515eed-node7-1 Started 
 Container rgg2365515eed-node14-1 Started 
 Container rgg2365515eed-node6-1 Started 
 Container rgg2365515eed-node2-1 Started 
 Container rgg2365515eed-node15-1 Started 
READY_BARRIER: 14/16 node services ready
DRIVER_STARTED: 2026-07-15T13:48:57Z
0
