 Network rgg416cba0dbf_default Creating 
 Network rgg416cba0dbf_default Created 
 Container rgg416cba0dbf-collector-1 Creating 
 Container rgg416cba0dbf-collector-1 Created 
 Container rgg416cba0dbf-node8-1 Creating 
 Container rgg416cba0dbf-node10-1 Creating 
 Container rgg416cba0dbf-node6-1 Creating 
 Container rgg416cba0dbf-node11-1 Creating 
 Container rgg416cba0dbf-node7-1 Creating 
 Container rgg416cba0dbf-node3-1 Creating 
 Container rgg416cba0dbf-node4-1 Creating 
 Container rgg416cba0dbf-node12-1 Creating 
 Container rgg416cba0dbf-node1-1 Creating 
 Container rgg416cba0dbf-node14-1 Creating 
 Container rgg416cba0dbf-node15-1 Creating 
 Container rgg416cba0dbf-node5-1 Creating 
 Container rgg416cba0dbf-node2-1 Creating 
 Container rgg416cba0dbf-node13-1 Creating 
 Container rgg416cba0dbf-node0-1 Creating 
 Container rgg416cba0dbf-node9-1 Creating 
 Container rgg416cba0dbf-node3-1 Created 
 Container rgg416cba0dbf-node8-1 Created 
 Container rgg416cba0dbf-node6-1 Created 
 Container rgg416cba0dbf-node10-1 Created 
 Container rgg416cba0dbf-node9-1 Created 
 Container rgg416cba0dbf-node11-1 Created 
 Container rgg416cba0dbf-node1-1 Created 
 Container rgg416cba0dbf-node14-1 Created 
 Container rgg416cba0dbf-node4-1 Created 
 Container rgg416cba0dbf-node0-1 Created 
 Container rgg416cba0dbf-node12-1 Created 
 Container rgg416cba0dbf-node2-1 Created 
 Container rgg416cba0dbf-node5-1 Created 
 Container rgg416cba0dbf-node7-1 Created 
 Container rgg416cba0dbf-node15-1 Created 
 Container rgg416cba0dbf-node13-1 Created 
 Container rgg416cba0dbf-collector-1 Starting 
 Container rgg416cba0dbf-collector-1 Started 
 Container rgg416cba0dbf-node15-1 Starting 
 Container rgg416cba0dbf-node3-1 Starting 
 Container rgg416cba0dbf-node9-1 Starting 
 Container rgg416cba0dbf-node7-1 Starting 
 Container rgg416cba0dbf-node12-1 Starting 
 Container rgg416cba0dbf-node13-1 Starting 
 Container rgg416cba0dbf-node2-1 Starting 
 Container rgg416cba0dbf-node0-1 Starting 
 Container rgg416cba0dbf-node1-1 Starting 
 Container rgg416cba0dbf-node5-1 Starting 
 Container rgg416cba0dbf-node14-1 Starting 
 Container rgg416cba0dbf-node8-1 Starting 
 Container rgg416cba0dbf-node10-1 Starting 
 Container rgg416cba0dbf-node11-1 Starting 
 Container rgg416cba0dbf-node4-1 Starting 
 Container rgg416cba0dbf-node6-1 Starting 
 Container rgg416cba0dbf-node7-1 Started 
 Container rgg416cba0dbf-node9-1 Started 
 Container rgg416cba0dbf-node14-1 Started 
 Container rgg416cba0dbf-node0-1 Started 
 Container rgg416cba0dbf-node12-1 Started 
 Container rgg416cba0dbf-node10-1 Started 
 Container rgg416cba0dbf-node15-1 Started 
 Container rgg416cba0dbf-node8-1 Started 
 Container rgg416cba0dbf-node5-1 Started 
 Container rgg416cba0dbf-node1-1 Started 
 Container rgg416cba0dbf-node13-1 Started 
 Container rgg416cba0dbf-node6-1 Started 
 Container rgg416cba0dbf-node3-1 Started 
 Container rgg416cba0dbf-node2-1 Started 
 Container rgg416cba0dbf-node11-1 Started 
 Container rgg416cba0dbf-node4-1 Started 
READY_BARRIER: 15/16 node services ready
DRIVER_STARTED: 2026-07-15T13:52:17Z
0
