 Network rggf110f55ae1_default Creating 
 Network rggf110f55ae1_default Created 
 Container rggf110f55ae1-collector-1 Creating 
 Container rggf110f55ae1-collector-1 Created 
 Container rggf110f55ae1-node13-1 Creating 
 Container rggf110f55ae1-node10-1 Creating 
 Container rggf110f55ae1-node22-1 Creating 
 Container rggf110f55ae1-node5-1 Creating 
 Container rggf110f55ae1-node6-1 Creating 
 Container rggf110f55ae1-node8-1 Creating 
 Container rggf110f55ae1-node16-1 Creating 
 Container rggf110f55ae1-node9-1 Creating 
 Container rggf110f55ae1-node23-1 Creating 
 Container rggf110f55ae1-node0-1 Creating 
 Container rggf110f55ae1-node11-1 Creating 
 Container rggf110f55ae1-node20-1 Creating 
 Container rggf110f55ae1-node7-1 Creating 
 Container rggf110f55ae1-node2-1 Creating 
 Container rggf110f55ae1-node12-1 Creating 
 Container rggf110f55ae1-node15-1 Creating 
 Container rggf110f55ae1-node1-1 Creating 
 Container rggf110f55ae1-node14-1 Creating 
 Container rggf110f55ae1-node4-1 Creating 
 Container rggf110f55ae1-node3-1 Creating 
 Container rggf110f55ae1-node18-1 Creating 
 Container rggf110f55ae1-node17-1 Creating 
 Container rggf110f55ae1-node21-1 Creating 
 Container rggf110f55ae1-node19-1 Creating 
 Container rggf110f55ae1-node3-1 Created 
 Container rggf110f55ae1-node8-1 Created 
 Container rggf110f55ae1-node10-1 Created 
 Container rggf110f55ae1-node13-1 Created 
 Container rggf110f55ae1-node5-1 Created 
 Container rggf110f55ae1-node15-1 Created 
 Container rggf110f55ae1-node11-1 Created 
 Container rggf110f55ae1-node14-1 Created 
 Container rggf110f55ae1-node21-1 Created 
 Container rggf110f55ae1-node1-1 Created 
 Container rggf110f55ae1-node12-1 Created 
 Container rggf110f55ae1-node23-1 Created 
 Container rggf110f55ae1-node22-1 Created 
 Container rggf110f55ae1-node19-1 Created 
 Container rggf110f55ae1-node4-1 Created 
 Container rggf110f55ae1-node7-1 Created 
 Container rggf110f55ae1-node17-1 Created 
 Container rggf110f55ae1-node2-1 Created 
 Container rggf110f55ae1-node16-1 Created 
 Container rggf110f55ae1-node6-1 Created 
 Container rggf110f55ae1-node18-1 Created 
 Container rggf110f55ae1-node0-1 Created 
 Container rggf110f55ae1-node20-1 Created 
 Container rggf110f55ae1-node9-1 Created 
 Container rggf110f55ae1-driver-1 Creating 
 Container rggf110f55ae1-driver-1 Created 
 Container rggf110f55ae1-collector-1 Starting 
 Container rggf110f55ae1-collector-1 Started 
 Container rggf110f55ae1-node16-1 Starting 
 Container rggf110f55ae1-node0-1 Starting 
 Container rggf110f55ae1-node2-1 Starting 
 Container rggf110f55ae1-node3-1 Starting 
 Container rggf110f55ae1-node10-1 Starting 
 Container rggf110f55ae1-node19-1 Starting 
 Container rggf110f55ae1-node11-1 Starting 
 Container rggf110f55ae1-node21-1 Starting 
 Container rggf110f55ae1-node13-1 Starting 
 Container rggf110f55ae1-node8-1 Starting 
 Container rggf110f55ae1-node6-1 Starting 
 Container rggf110f55ae1-node17-1 Starting 
 Container rggf110f55ae1-node5-1 Starting 
 Container rggf110f55ae1-node18-1 Starting 
 Container rggf110f55ae1-node1-1 Starting 
 Container rggf110f55ae1-node14-1 Starting 
 Container rggf110f55ae1-node20-1 Starting 
 Container rggf110f55ae1-node15-1 Starting 
 Container rggf110f55ae1-node12-1 Starting 
 Container rggf110f55ae1-node9-1 Starting 
 Container rggf110f55ae1-node7-1 Starting 
 Container rggf110f55ae1-node4-1 Starting 
 Container rggf110f55ae1-node23-1 Starting 
 Container rggf110f55ae1-node22-1 Starting 
 Container rggf110f55ae1-node2-1 Started 
 Container rggf110f55ae1-node8-1 Started 
 Container rggf110f55ae1-node22-1 Started 
 Container rggf110f55ae1-node0-1 Started 
 Container rggf110f55ae1-node17-1 Started 
 Container rggf110f55ae1-node20-1 Started 
 Container rggf110f55ae1-node16-1 Started 
 Container rggf110f55ae1-node21-1 Started 
 Container rggf110f55ae1-node3-1 Started 
 Container rggf110f55ae1-node5-1 Started 
 Container rggf110f55ae1-node12-1 Started 
 Container rggf110f55ae1-node1-1 Started 
 Container rggf110f55ae1-node6-1 Started 
 Container rggf110f55ae1-node13-1 Started 
 Container rggf110f55ae1-node18-1 Started 
 Container rggf110f55ae1-node9-1 Started 
 Container rggf110f55ae1-node23-1 Started 
 Container rggf110f55ae1-node19-1 Started 
 Container rggf110f55ae1-node14-1 Started 
 Container rggf110f55ae1-node15-1 Started 
 Container rggf110f55ae1-node7-1 Started 
 Container rggf110f55ae1-node4-1 Started 
 Container rggf110f55ae1-node10-1 Started 
 Container rggf110f55ae1-node11-1 Started 
 Container rggf110f55ae1-driver-1 Starting 
 Container rggf110f55ae1-driver-1 Started 
0
