 Network rgg2daef6c9aa_default Creating 
 Network rgg2daef6c9aa_default Created 
 Container rgg2daef6c9aa-collector-1 Creating 
 Container rgg2daef6c9aa-collector-1 Created 
 Container rgg2daef6c9aa-node7-1 Creating 
 Container rgg2daef6c9aa-node12-1 Creating 
 Container rgg2daef6c9aa-node20-1 Creating 
 Container rgg2daef6c9aa-node16-1 Creating 
 Container rgg2daef6c9aa-node4-1 Creating 
 Container rgg2daef6c9aa-node11-1 Creating 
 Container rgg2daef6c9aa-node23-1 Creating 
 Container rgg2daef6c9aa-node14-1 Creating 
 Container rgg2daef6c9aa-node19-1 Creating 
 Container rgg2daef6c9aa-node6-1 Creating 
 Container rgg2daef6c9aa-node8-1 Creating 
 Container rgg2daef6c9aa-node15-1 Creating 
 Container rgg2daef6c9aa-node13-1 Creating 
 Container rgg2daef6c9aa-node18-1 Creating 
 Container rgg2daef6c9aa-node1-1 Creating 
 Container rgg2daef6c9aa-node2-1 Creating 
 Container rgg2daef6c9aa-node10-1 Creating 
 Container rgg2daef6c9aa-node5-1 Creating 
 Container rgg2daef6c9aa-node17-1 Creating 
 Container rgg2daef6c9aa-node3-1 Creating 
 Container rgg2daef6c9aa-node21-1 Creating 
 Container rgg2daef6c9aa-node22-1 Creating 
 Container rgg2daef6c9aa-node9-1 Creating 
 Container rgg2daef6c9aa-node0-1 Creating 
 Container rgg2daef6c9aa-node10-1 Created 
 Container rgg2daef6c9aa-node17-1 Created 
 Container rgg2daef6c9aa-node16-1 Created 
 Container rgg2daef6c9aa-node7-1 Created 
 Container rgg2daef6c9aa-node5-1 Created 
 Container rgg2daef6c9aa-node13-1 Created 
 Container rgg2daef6c9aa-node22-1 Created 
 Container rgg2daef6c9aa-node1-1 Created 
 Container rgg2daef6c9aa-node0-1 Created 
 Container rgg2daef6c9aa-node8-1 Created 
 Container rgg2daef6c9aa-node23-1 Created 
 Container rgg2daef6c9aa-node21-1 Created 
 Container rgg2daef6c9aa-node9-1 Created 
 Container rgg2daef6c9aa-node20-1 Created 
 Container rgg2daef6c9aa-node14-1 Created 
 Container rgg2daef6c9aa-node6-1 Created 
 Container rgg2daef6c9aa-node2-1 Created 
 Container rgg2daef6c9aa-node18-1 Created 
 Container rgg2daef6c9aa-node12-1 Created 
 Container rgg2daef6c9aa-node4-1 Created 
 Container rgg2daef6c9aa-node3-1 Created 
 Container rgg2daef6c9aa-node11-1 Created 
 Container rgg2daef6c9aa-node15-1 Created 
 Container rgg2daef6c9aa-node19-1 Created 
 Container rgg2daef6c9aa-driver-1 Creating 
 Container rgg2daef6c9aa-driver-1 Created 
 Container rgg2daef6c9aa-collector-1 Starting 
 Container rgg2daef6c9aa-collector-1 Started 
 Container rgg2daef6c9aa-node0-1 Starting 
 Container rgg2daef6c9aa-node7-1 Starting 
 Container rgg2daef6c9aa-node13-1 Starting 
 Container rgg2daef6c9aa-node23-1 Starting 
 Container rgg2daef6c9aa-node9-1 Starting 
 Container rgg2daef6c9aa-node18-1 Starting 
 Container rgg2daef6c9aa-node20-1 Starting 
 Container rgg2daef6c9aa-node2-1 Starting 
 Container rgg2daef6c9aa-node3-1 Starting 
 Container rgg2daef6c9aa-node17-1 Starting 
 Container rgg2daef6c9aa-node16-1 Starting 
 Container rgg2daef6c9aa-node22-1 Starting 
 Container rgg2daef6c9aa-node14-1 Starting 
 Container rgg2daef6c9aa-node11-1 Starting 
 Container rgg2daef6c9aa-node8-1 Starting 
 Container rgg2daef6c9aa-node4-1 Starting 
 Container rgg2daef6c9aa-node12-1 Starting 
 Container rgg2daef6c9aa-node19-1 Starting 
 Container rgg2daef6c9aa-node1-1 Starting 
 Container rgg2daef6c9aa-node21-1 Starting 
 Container rgg2daef6c9aa-node6-1 Starting 
 Container rgg2daef6c9aa-node5-1 Starting 
 Container rgg2daef6c9aa-node15-1 Starting 
 Container rgg2daef6c9aa-node10-1 Starting 
 Container rgg2daef6c9aa-node11-1 Started 
 Container rgg2daef6c9aa-node6-1 Started 
 Container rgg2daef6c9aa-node19-1 Started 
 Container rgg2daef6c9aa-node23-1 Started 
 Container rgg2daef6c9aa-node5-1 Started 
 Container rgg2daef6c9aa-node10-1 Started 
 Container rgg2daef6c9aa-node17-1 Started 
 Container rgg2daef6c9aa-node12-1 Started 
 Container rgg2daef6c9aa-node16-1 Started 
 Container rgg2daef6c9aa-node21-1 Started 
 Container rgg2daef6c9aa-node7-1 Started 
 Container rgg2daef6c9aa-node3-1 Started 
 Container rgg2daef6c9aa-node9-1 Started 
 Container rgg2daef6c9aa-node8-1 Started 
 Container rgg2daef6c9aa-node22-1 Started 
 Container rgg2daef6c9aa-node2-1 Started 
 Container rgg2daef6c9aa-node1-1 Started 
 Container rgg2daef6c9aa-node18-1 Started 
 Container rgg2daef6c9aa-node4-1 Started 
 Container rgg2daef6c9aa-node13-1 Started 
 Container rgg2daef6c9aa-node15-1 Started 
 Container rgg2daef6c9aa-node14-1 Started 
 Container rgg2daef6c9aa-node20-1 Started 
 Container rgg2daef6c9aa-node0-1 Started 
 Container rgg2daef6c9aa-driver-1 Starting 
 Container rgg2daef6c9aa-driver-1 Started 
0
