 Network rggee5d6062ea_default Creating 
 Network rggee5d6062ea_default Created 
 Container rggee5d6062ea-collector-1 Creating 
 Container rggee5d6062ea-collector-1 Created 
 Container rggee5d6062ea-node2-1 Creating 
 Container rggee5d6062ea-node15-1 Creating 
 Container rggee5d6062ea-node9-1 Creating 
 Container rggee5d6062ea-node5-1 Creating 
 Container rggee5d6062ea-node13-1 Creating 
 Container rggee5d6062ea-node10-1 Creating 
 Container rggee5d6062ea-node0-1 Creating 
 Container rggee5d6062ea-node3-1 Creating 
 Container rggee5d6062ea-node8-1 Creating 
 Container rggee5d6062ea-node1-1 Creating 
 Container rggee5d6062ea-node11-1 Creating 
 Container rggee5d6062ea-node12-1 Creating 
 Container rggee5d6062ea-node7-1 Creating 
 Container rggee5d6062ea-node4-1 Creating 
 Container rggee5d6062ea-node6-1 Creating 
 Container rggee5d6062ea-node14-1 Creating 
 Container rggee5d6062ea-node8-1 Created 
 Container rggee5d6062ea-node0-1 Created 
 Container rggee5d6062ea-node10-1 Created 
 Container rggee5d6062ea-node6-1 Created 
 Container rggee5d6062ea-node2-1 Created 
 Container rggee5d6062ea-node15-1 Created 
 Container rggee5d6062ea-node11-1 Created 
 Container rggee5d6062ea-node14-1 Created 
 Container rggee5d6062ea-node1-1 Created 
 Container rggee5d6062ea-node5-1 Created 
 Container rggee5d6062ea-node13-1 Created 
 Container rggee5d6062ea-node7-1 Created 
 Container rggee5d6062ea-node3-1 Created 
 Container rggee5d6062ea-node12-1 Created 
 Container rggee5d6062ea-node9-1 Created 
 Container rggee5d6062ea-node4-1 Created 
 Container rggee5d6062ea-driver-1 Creating 
 Container rggee5d6062ea-driver-1 Created 
 Container rggee5d6062ea-collector-1 Starting 
 Container rggee5d6062ea-collector-1 Started 
 Container rggee5d6062ea-node12-1 Starting 
 Container rggee5d6062ea-node9-1 Starting 
 Container rggee5d6062ea-node8-1 Starting 
 Container rggee5d6062ea-node2-1 Starting 
 Container rggee5d6062ea-node5-1 Starting 
 Container rggee5d6062ea-node11-1 Starting 
 Container rggee5d6062ea-node6-1 Starting 
 Container rggee5d6062ea-node4-1 Starting 
 Container rggee5d6062ea-node7-1 Starting 
 Container rggee5d6062ea-node1-1 Starting 
 Container rggee5d6062ea-node15-1 Starting 
 Container rggee5d6062ea-node3-1 Starting 
 Container rggee5d6062ea-node10-1 Starting 
 Container rggee5d6062ea-node13-1 Starting 
 Container rggee5d6062ea-node0-1 Starting 
 Container rggee5d6062ea-node14-1 Starting 
 Container rggee5d6062ea-node12-1 Started 
 Container rggee5d6062ea-node9-1 Started 
 Container rggee5d6062ea-node14-1 Started 
 Container rggee5d6062ea-node4-1 Started 
 Container rggee5d6062ea-node2-1 Started 
 Container rggee5d6062ea-node13-1 Started 
 Container rggee5d6062ea-node7-1 Started 
 Container rggee5d6062ea-node15-1 Started 
 Container rggee5d6062ea-node6-1 Started 
 Container rggee5d6062ea-node3-1 Started 
 Container rggee5d6062ea-node11-1 Started 
 Container rggee5d6062ea-node5-1 Started 
 Container rggee5d6062ea-node10-1 Started 
 Container rggee5d6062ea-node8-1 Started 
 Container rggee5d6062ea-node1-1 Started 
 Container rggee5d6062ea-node0-1 Started 
 Container rggee5d6062ea-driver-1 Starting 
 Container rggee5d6062ea-driver-1 Started 
0
