 Network rggc7515cde58_default Creating 
 Network rggc7515cde58_default Created 
 Container rggc7515cde58-collector-1 Creating 
 Container rggc7515cde58-collector-1 Created 
 Container rggc7515cde58-node3-1 Creating 
 Container rggc7515cde58-node9-1 Creating 
 Container rggc7515cde58-node0-1 Creating 
 Container rggc7515cde58-node11-1 Creating 
 Container rggc7515cde58-node8-1 Creating 
 Container rggc7515cde58-node4-1 Creating 
 Container rggc7515cde58-node14-1 Creating 
 Container rggc7515cde58-node15-1 Creating 
 Container rggc7515cde58-node2-1 Creating 
 Container rggc7515cde58-node1-1 Creating 
 Container rggc7515cde58-node7-1 Creating 
 Container rggc7515cde58-node12-1 Creating 
 Container rggc7515cde58-node13-1 Creating 
 Container rggc7515cde58-node6-1 Creating 
 Container rggc7515cde58-node10-1 Creating 
 Container rggc7515cde58-node5-1 Creating 
 Container rggc7515cde58-node12-1 Created 
 Container rggc7515cde58-node4-1 Created 
 Container rggc7515cde58-node7-1 Created 
 Container rggc7515cde58-node3-1 Created 
 Container rggc7515cde58-node15-1 Created 
 Container rggc7515cde58-node13-1 Created 
 Container rggc7515cde58-node11-1 Created 
 Container rggc7515cde58-node2-1 Created 
 Container rggc7515cde58-node0-1 Created 
 Container rggc7515cde58-node5-1 Created 
 Container rggc7515cde58-node9-1 Created 
 Container rggc7515cde58-node1-1 Created 
 Container rggc7515cde58-node14-1 Created 
 Container rggc7515cde58-node10-1 Created 
 Container rggc7515cde58-node8-1 Created 
 Container rggc7515cde58-node6-1 Created 
 Container rggc7515cde58-collector-1 Starting 
 Container rggc7515cde58-collector-1 Started 
 Container rggc7515cde58-node13-1 Starting 
 Container rggc7515cde58-node15-1 Starting 
 Container rggc7515cde58-node12-1 Starting 
 Container rggc7515cde58-node4-1 Starting 
 Container rggc7515cde58-node1-1 Starting 
 Container rggc7515cde58-node3-1 Starting 
 Container rggc7515cde58-node11-1 Starting 
 Container rggc7515cde58-node9-1 Starting 
 Container rggc7515cde58-node10-1 Starting 
 Container rggc7515cde58-node2-1 Starting 
 Container rggc7515cde58-node6-1 Starting 
 Container rggc7515cde58-node14-1 Starting 
 Container rggc7515cde58-node8-1 Starting 
 Container rggc7515cde58-node5-1 Starting 
 Container rggc7515cde58-node0-1 Starting 
 Container rggc7515cde58-node7-1 Starting 
 Container rggc7515cde58-node12-1 Started 
 Container rggc7515cde58-node0-1 Started 
 Container rggc7515cde58-node15-1 Started 
 Container rggc7515cde58-node14-1 Started 
 Container rggc7515cde58-node6-1 Started 
 Container rggc7515cde58-node13-1 Started 
 Container rggc7515cde58-node4-1 Started 
 Container rggc7515cde58-node3-1 Started 
 Container rggc7515cde58-node11-1 Started 
 Container rggc7515cde58-node5-1 Started 
 Container rggc7515cde58-node9-1 Started 
 Container rggc7515cde58-node1-1 Started 
 Container rggc7515cde58-node10-1 Started 
 Container rggc7515cde58-node8-1 Started 
 Container rggc7515cde58-node2-1 Started 
 Container rggc7515cde58-node7-1 Started 
DRIVER_STARTED: 2026-07-15T04:59:19Z
0
