 Network rggf626dfc2af_default Creating 
 Network rggf626dfc2af_default Created 
 Container rggf626dfc2af-collector-1 Creating 
 Container rggf626dfc2af-collector-1 Created 
 Container rggf626dfc2af-node12-1 Creating 
 Container rggf626dfc2af-node3-1 Creating 
 Container rggf626dfc2af-node5-1 Creating 
 Container rggf626dfc2af-node15-1 Creating 
 Container rggf626dfc2af-node6-1 Creating 
 Container rggf626dfc2af-node8-1 Creating 
 Container rggf626dfc2af-node4-1 Creating 
 Container rggf626dfc2af-node11-1 Creating 
 Container rggf626dfc2af-node7-1 Creating 
 Container rggf626dfc2af-node13-1 Creating 
 Container rggf626dfc2af-node14-1 Creating 
 Container rggf626dfc2af-node10-1 Creating 
 Container rggf626dfc2af-node1-1 Creating 
 Container rggf626dfc2af-node0-1 Creating 
 Container rggf626dfc2af-node2-1 Creating 
 Container rggf626dfc2af-node9-1 Creating 
 Container rggf626dfc2af-node11-1 Created 
 Container rggf626dfc2af-node14-1 Created 
 Container rggf626dfc2af-node1-1 Created 
 Container rggf626dfc2af-node3-1 Created 
 Container rggf626dfc2af-node15-1 Created 
 Container rggf626dfc2af-node10-1 Created 
 Container rggf626dfc2af-node0-1 Created 
 Container rggf626dfc2af-node6-1 Created 
 Container rggf626dfc2af-node9-1 Created 
 Container rggf626dfc2af-node13-1 Created 
 Container rggf626dfc2af-node2-1 Created 
 Container rggf626dfc2af-node12-1 Created 
 Container rggf626dfc2af-node7-1 Created 
 Container rggf626dfc2af-node8-1 Created 
 Container rggf626dfc2af-node4-1 Created 
 Container rggf626dfc2af-node5-1 Created 
 Container rggf626dfc2af-collector-1 Starting 
 Container rggf626dfc2af-collector-1 Started 
 Container rggf626dfc2af-node4-1 Starting 
 Container rggf626dfc2af-node12-1 Starting 
 Container rggf626dfc2af-node9-1 Starting 
 Container rggf626dfc2af-node11-1 Starting 
 Container rggf626dfc2af-node7-1 Starting 
 Container rggf626dfc2af-node2-1 Starting 
 Container rggf626dfc2af-node5-1 Starting 
 Container rggf626dfc2af-node1-1 Starting 
 Container rggf626dfc2af-node13-1 Starting 
 Container rggf626dfc2af-node6-1 Starting 
 Container rggf626dfc2af-node10-1 Starting 
 Container rggf626dfc2af-node15-1 Starting 
 Container rggf626dfc2af-node0-1 Starting 
 Container rggf626dfc2af-node14-1 Starting 
 Container rggf626dfc2af-node3-1 Starting 
 Container rggf626dfc2af-node8-1 Starting 
 Container rggf626dfc2af-node11-1 Started 
 Container rggf626dfc2af-node14-1 Started 
 Container rggf626dfc2af-node12-1 Started 
 Container rggf626dfc2af-node10-1 Started 
 Container rggf626dfc2af-node4-1 Started 
 Container rggf626dfc2af-node0-1 Started 
 Container rggf626dfc2af-node9-1 Started 
 Container rggf626dfc2af-node5-1 Started 
 Container rggf626dfc2af-node6-1 Started 
 Container rggf626dfc2af-node7-1 Started 
 Container rggf626dfc2af-node3-1 Started 
 Container rggf626dfc2af-node1-1 Started 
 Container rggf626dfc2af-node15-1 Started 
 Container rggf626dfc2af-node13-1 Started 
 Container rggf626dfc2af-node8-1 Started 
 Container rggf626dfc2af-node2-1 Started 
READY_BARRIER: 14/16 node services ready
DRIVER_STARTED: 2026-07-15T13:53:29Z
0
