 Network rgga135c08082_default Creating 
 Network rgga135c08082_default Created 
 Container rgga135c08082-collector-1 Creating 
 Container rgga135c08082-collector-1 Created 
 Container rgga135c08082-node1-1 Creating 
 Container rgga135c08082-node16-1 Creating 
 Container rgga135c08082-node8-1 Creating 
 Container rgga135c08082-node7-1 Creating 
 Container rgga135c08082-node14-1 Creating 
 Container rgga135c08082-node0-1 Creating 
 Container rgga135c08082-node5-1 Creating 
 Container rgga135c08082-node3-1 Creating 
 Container rgga135c08082-node10-1 Creating 
 Container rgga135c08082-node4-1 Creating 
 Container rgga135c08082-node13-1 Creating 
 Container rgga135c08082-node11-1 Creating 
 Container rgga135c08082-node12-1 Creating 
 Container rgga135c08082-node9-1 Creating 
 Container rgga135c08082-node15-1 Creating 
 Container rgga135c08082-node18-1 Creating 
 Container rgga135c08082-node17-1 Creating 
 Container rgga135c08082-node6-1 Creating 
 Container rgga135c08082-node2-1 Creating 
 Container rgga135c08082-node19-1 Creating 
 Container rgga135c08082-node1-1 Created 
 Container rgga135c08082-node18-1 Created 
 Container rgga135c08082-node19-1 Created 
 Container rgga135c08082-node2-1 Created 
 Container rgga135c08082-node12-1 Created 
 Container rgga135c08082-node11-1 Created 
 Container rgga135c08082-node3-1 Created 
 Container rgga135c08082-node8-1 Created 
 Container rgga135c08082-node0-1 Created 
 Container rgga135c08082-node7-1 Created 
 Container rgga135c08082-node13-1 Created 
 Container rgga135c08082-node17-1 Created 
 Container rgga135c08082-node15-1 Created 
 Container rgga135c08082-node9-1 Created 
 Container rgga135c08082-node5-1 Created 
 Container rgga135c08082-node14-1 Created 
 Container rgga135c08082-node6-1 Created 
 Container rgga135c08082-node4-1 Created 
 Container rgga135c08082-node10-1 Created 
 Container rgga135c08082-node16-1 Created 
 Container rgga135c08082-driver-1 Creating 
 Container rgga135c08082-driver-1 Created 
 Container rgga135c08082-collector-1 Starting 
 Container rgga135c08082-collector-1 Started 
 Container rgga135c08082-node3-1 Starting 
 Container rgga135c08082-node15-1 Starting 
 Container rgga135c08082-node11-1 Starting 
 Container rgga135c08082-node8-1 Starting 
 Container rgga135c08082-node19-1 Starting 
 Container rgga135c08082-node14-1 Starting 
 Container rgga135c08082-node9-1 Starting 
 Container rgga135c08082-node2-1 Starting 
 Container rgga135c08082-node10-1 Starting 
 Container rgga135c08082-node7-1 Starting 
 Container rgga135c08082-node1-1 Starting 
 Container rgga135c08082-node12-1 Starting 
 Container rgga135c08082-node5-1 Starting 
 Container rgga135c08082-node6-1 Starting 
 Container rgga135c08082-node18-1 Starting 
 Container rgga135c08082-node16-1 Starting 
 Container rgga135c08082-node0-1 Starting 
 Container rgga135c08082-node13-1 Starting 
 Container rgga135c08082-node17-1 Starting 
 Container rgga135c08082-node4-1 Starting 
 Container rgga135c08082-node14-1 Started 
 Container rgga135c08082-node12-1 Started 
 Container rgga135c08082-node17-1 Started 
 Container rgga135c08082-node11-1 Started 
 Container rgga135c08082-node8-1 Started 
 Container rgga135c08082-node9-1 Started 
 Container rgga135c08082-node3-1 Started 
 Container rgga135c08082-node7-1 Started 
 Container rgga135c08082-node2-1 Started 
 Container rgga135c08082-node18-1 Started 
 Container rgga135c08082-node1-1 Started 
 Container rgga135c08082-node16-1 Started 
 Container rgga135c08082-node19-1 Started 
 Container rgga135c08082-node5-1 Started 
 Container rgga135c08082-node6-1 Started 
 Container rgga135c08082-node0-1 Started 
 Container rgga135c08082-node10-1 Started 
 Container rgga135c08082-node13-1 Started 
 Container rgga135c08082-node4-1 Started 
 Container rgga135c08082-node15-1 Started 
 Container rgga135c08082-driver-1 Starting 
 Container rgga135c08082-driver-1 Started 
0
