 Network rggb6db1b24c1_default Creating 
 Network rggb6db1b24c1_default Created 
 Container rggb6db1b24c1-collector-1 Creating 
 Container rggb6db1b24c1-collector-1 Created 
 Container rggb6db1b24c1-node4-1 Creating 
 Container rggb6db1b24c1-node11-1 Creating 
 Container rggb6db1b24c1-node0-1 Creating 
 Container rggb6db1b24c1-node6-1 Creating 
 Container rggb6db1b24c1-node15-1 Creating 
 Container rggb6db1b24c1-node12-1 Creating 
 Container rggb6db1b24c1-node5-1 Creating 
 Container rggb6db1b24c1-node13-1 Creating 
 Container rggb6db1b24c1-node8-1 Creating 
 Container rggb6db1b24c1-node10-1 Creating 
 Container rggb6db1b24c1-node1-1 Creating 
 Container rggb6db1b24c1-node7-1 Creating 
 Container rggb6db1b24c1-node14-1 Creating 
 Container rggb6db1b24c1-node2-1 Creating 
 Container rggb6db1b24c1-node9-1 Creating 
 Container rggb6db1b24c1-node3-1 Creating 
 Container rggb6db1b24c1-node10-1 Created 
 Container rggb6db1b24c1-node12-1 Created 
 Container rggb6db1b24c1-node4-1 Created 
 Container rggb6db1b24c1-node14-1 Created 
 Container rggb6db1b24c1-node1-1 Created 
 Container rggb6db1b24c1-node11-1 Created 
 Container rggb6db1b24c1-node6-1 Created 
 Container rggb6db1b24c1-node8-1 Created 
 Container rggb6db1b24c1-node3-1 Created 
 Container rggb6db1b24c1-node15-1 Created 
 Container rggb6db1b24c1-node13-1 Created 
 Container rggb6db1b24c1-node0-1 Created 
 Container rggb6db1b24c1-node7-1 Created 
 Container rggb6db1b24c1-node9-1 Created 
 Container rggb6db1b24c1-node5-1 Created 
 Container rggb6db1b24c1-node2-1 Created 
 Container rggb6db1b24c1-collector-1 Starting 
 Container rggb6db1b24c1-collector-1 Started 
 Container rggb6db1b24c1-node15-1 Starting 
 Container rggb6db1b24c1-node12-1 Starting 
 Container rggb6db1b24c1-node0-1 Starting 
 Container rggb6db1b24c1-node10-1 Starting 
 Container rggb6db1b24c1-node14-1 Starting 
 Container rggb6db1b24c1-node13-1 Starting 
 Container rggb6db1b24c1-node8-1 Starting 
 Container rggb6db1b24c1-node1-1 Starting 
 Container rggb6db1b24c1-node7-1 Starting 
 Container rggb6db1b24c1-node3-1 Starting 
 Container rggb6db1b24c1-node4-1 Starting 
 Container rggb6db1b24c1-node9-1 Starting 
 Container rggb6db1b24c1-node5-1 Starting 
 Container rggb6db1b24c1-node6-1 Starting 
 Container rggb6db1b24c1-node11-1 Starting 
 Container rggb6db1b24c1-node2-1 Starting 
 Container rggb6db1b24c1-node11-1 Started 
 Container rggb6db1b24c1-node15-1 Started 
 Container rggb6db1b24c1-node9-1 Started 
 Container rggb6db1b24c1-node2-1 Started 
 Container rggb6db1b24c1-node6-1 Started 
 Container rggb6db1b24c1-node12-1 Started 
 Container rggb6db1b24c1-node3-1 Started 
 Container rggb6db1b24c1-node0-1 Started 
 Container rggb6db1b24c1-node1-1 Started 
 Container rggb6db1b24c1-node10-1 Started 
 Container rggb6db1b24c1-node4-1 Started 
 Container rggb6db1b24c1-node13-1 Started 
 Container rggb6db1b24c1-node7-1 Started 
 Container rggb6db1b24c1-node8-1 Started 
 Container rggb6db1b24c1-node5-1 Started 
 Container rggb6db1b24c1-node14-1 Started 
NETEM_APPLIED node0 iface=eth0: qdisc netem 8341: root refcnt 17 limit 1000 delay 20ms  5ms seed 697636101251343964
NETEM_APPLIED node1 iface=eth0: qdisc netem 8342: root refcnt 17 limit 1000 delay 20ms  5ms seed 11348486293687697974
NETEM_APPLIED node2 iface=eth0: qdisc netem 8343: root refcnt 17 limit 1000 delay 20ms  5ms seed 3098862048223896433
NETEM_APPLIED node3 iface=eth0: qdisc netem 8344: root refcnt 17 limit 1000 delay 20ms  5ms seed 6693344069069650152
NETEM_APPLIED node4 iface=eth0: qdisc netem 8345: root refcnt 17 limit 1000 delay 20ms  5ms seed 7198555118858146005
NETEM_APPLIED node5 iface=eth0: qdisc netem 8346: root refcnt 17 limit 1000 delay 20ms  5ms seed 5326765976098689333
NETEM_APPLIED node6 iface=eth0: qdisc netem 8347: root refcnt 17 limit 1000 delay 20ms  5ms seed 5907592603705460190
NETEM_APPLIED node7 iface=eth0: qdisc netem 8348: root refcnt 17 limit 1000 delay 20ms  5ms seed 12142825795059527451
NETEM_APPLIED node8 iface=eth0: qdisc netem 8349: root refcnt 17 limit 1000 delay 20ms  5ms seed 3219955894482237619
NETEM_APPLIED node9 iface=eth0: qdisc netem 834a: root refcnt 17 limit 1000 delay 20ms  5ms seed 1487369444477843664
NETEM_APPLIED node10 iface=eth0: qdisc netem 834b: root refcnt 17 limit 1000 delay 20ms  5ms seed 1658634571123403408
NETEM_APPLIED node11 iface=eth0: qdisc netem 834c: root refcnt 17 limit 1000 delay 20ms  5ms seed 5672122121617740815
NETEM_APPLIED node12 iface=eth0: qdisc netem 834d: root refcnt 17 limit 1000 delay 20ms  5ms seed 10247724367206875410
NETEM_APPLIED node13 iface=eth0: qdisc netem 834e: root refcnt 17 limit 1000 delay 20ms  5ms seed 6212495153809603771
NETEM_APPLIED node14 iface=eth0: qdisc netem 834f: root refcnt 17 limit 1000 delay 20ms  5ms seed 12208505093811123253
NETEM_APPLIED node15 iface=eth0: qdisc netem 8350: root refcnt 17 limit 1000 delay 20ms  5ms seed 3133998777165363674
NETEM_RTT_GATE OK: baseline=0.1ms actual=38.7ms increase=38.6ms
DRIVER_STARTED: 2026-07-15T05:50:04Z
0
QDSK_CLEANUP_FAIL node0: Command '['docker', 'exec', 'rggb6db1b24c1-node0-1', 'sh', '-c', "ip -o -4 addr show scope global 2>/dev/null | head -1 | awk '{print $2}'"]' returned non-zero exit status 1.
QDSK_CLEANUP_FAIL node1: Command '['docker', 'exec', 'rggb6db1b24c1-node1-1', 'sh', '-c', "ip -o -4 addr show scope global 2>/dev/null | head -1 | awk '{print $2}'"]' returned non-zero exit status 1.
QDSK_CLEANUP_FAIL node2: Command '['docker', 'exec', 'rggb6db1b24c1-node2-1', 'sh', '-c', "ip -o -4 addr show scope global 2>/dev/null | head -1 | awk '{print $2}'"]' returned non-zero exit status 1.
QDSK_CLEANUP_FAIL node3: Command '['docker', 'exec', 'rggb6db1b24c1-node3-1', 'sh', '-c', "ip -o -4 addr show scope global 2>/dev/null | head -1 | awk '{print $2}'"]' returned non-zero exit status 1.
QDSK_CLEANUP_FAIL node4: Command '['docker', 'exec', 'rggb6db1b24c1-node4-1', 'sh', '-c', "ip -o -4 addr show scope global 2>/dev/null | head -1 | awk '{print $2}'"]' returned non-zero exit status 1.
QDSK_CLEANUP_FAIL node5: Command '['docker', 'exec', 'rggb6db1b24c1-node5-1', 'sh', '-c', "ip -o -4 addr show scope global 2>/dev/null | head -1 | awk '{print $2}'"]' returned non-zero exit status 1.
QDSK_CLEANUP_FAIL node6: Command '['docker', 'exec', 'rggb6db1b24c1-node6-1', 'sh', '-c', "ip -o -4 addr show scope global 2>/dev/null | head -1 | awk '{print $2}'"]' returned non-zero exit status 1.
QDSK_CLEANUP_FAIL node7: Command '['docker', 'exec', 'rggb6db1b24c1-node7-1', 'sh', '-c', "ip -o -4 addr show scope global 2>/dev/null | head -1 | awk '{print $2}'"]' returned non-zero exit status 1.
QDSK_CLEANUP_FAIL node8: Command '['docker', 'exec', 'rggb6db1b24c1-node8-1', 'sh', '-c', "ip -o -4 addr show scope global 2>/dev/null | head -1 | awk '{print $2}'"]' returned non-zero exit status 1.
QDSK_CLEANUP_FAIL node9: Command '['docker', 'exec', 'rggb6db1b24c1-node9-1', 'sh', '-c', "ip -o -4 addr show scope global 2>/dev/null | head -1 | awk '{print $2}'"]' returned non-zero exit status 1.
QDSK_CLEANUP_FAIL node10: Command '['docker', 'exec', 'rggb6db1b24c1-node10-1', 'sh', '-c', "ip -o -4 addr show scope global 2>/dev/null | head -1 | awk '{print $2}'"]' returned non-zero exit status 1.
QDSK_CLEANUP_FAIL node11: Command '['docker', 'exec', 'rggb6db1b24c1-node11-1', 'sh', '-c', "ip -o -4 addr show scope global 2>/dev/null | head -1 | awk '{print $2}'"]' returned non-zero exit status 1.
QDSK_CLEANUP_FAIL node12: Command '['docker', 'exec', 'rggb6db1b24c1-node12-1', 'sh', '-c', "ip -o -4 addr show scope global 2>/dev/null | head -1 | awk '{print $2}'"]' returned non-zero exit status 1.
QDSK_CLEANUP_FAIL node13: Command '['docker', 'exec', 'rggb6db1b24c1-node13-1', 'sh', '-c', "ip -o -4 addr show scope global 2>/dev/null | head -1 | awk '{print $2}'"]' returned non-zero exit status 1.
QDSK_CLEANUP_FAIL node14: Command '['docker', 'exec', 'rggb6db1b24c1-node14-1', 'sh', '-c', "ip -o -4 addr show scope global 2>/dev/null | head -1 | awk '{print $2}'"]' returned non-zero exit status 1.
QDSK_CLEANUP_FAIL node15: Command '['docker', 'exec', 'rggb6db1b24c1-node15-1', 'sh', '-c', "ip -o -4 addr show scope global 2>/dev/null | head -1 | awk '{print $2}'"]' returned non-zero exit status 1.
