 Network rgg7f284262d7_default Creating 
 Network rgg7f284262d7_default Created 
 Container rgg7f284262d7-collector-1 Creating 
 Container rgg7f284262d7-collector-1 Created 
 Container rgg7f284262d7-node21-1 Creating 
 Container rgg7f284262d7-node7-1 Creating 
 Container rgg7f284262d7-node18-1 Creating 
 Container rgg7f284262d7-node12-1 Creating 
 Container rgg7f284262d7-node15-1 Creating 
 Container rgg7f284262d7-node22-1 Creating 
 Container rgg7f284262d7-node10-1 Creating 
 Container rgg7f284262d7-node8-1 Creating 
 Container rgg7f284262d7-node11-1 Creating 
 Container rgg7f284262d7-node23-1 Creating 
 Container rgg7f284262d7-node16-1 Creating 
 Container rgg7f284262d7-node3-1 Creating 
 Container rgg7f284262d7-node4-1 Creating 
 Container rgg7f284262d7-node13-1 Creating 
 Container rgg7f284262d7-node0-1 Creating 
 Container rgg7f284262d7-node5-1 Creating 
 Container rgg7f284262d7-node20-1 Creating 
 Container rgg7f284262d7-node6-1 Creating 
 Container rgg7f284262d7-node14-1 Creating 
 Container rgg7f284262d7-node9-1 Creating 
 Container rgg7f284262d7-node1-1 Creating 
 Container rgg7f284262d7-node19-1 Creating 
 Container rgg7f284262d7-node17-1 Creating 
 Container rgg7f284262d7-node2-1 Creating 
 Container rgg7f284262d7-node15-1 Created 
 Container rgg7f284262d7-node21-1 Created 
 Container rgg7f284262d7-node18-1 Created 
 Container rgg7f284262d7-node23-1 Created 
 Container rgg7f284262d7-node16-1 Created 
 Container rgg7f284262d7-node3-1 Created 
 Container rgg7f284262d7-node8-1 Created 
 Container rgg7f284262d7-node6-1 Created 
 Container rgg7f284262d7-node14-1 Created 
 Container rgg7f284262d7-node13-1 Created 
 Container rgg7f284262d7-node17-1 Created 
 Container rgg7f284262d7-node2-1 Created 
 Container rgg7f284262d7-node12-1 Created 
 Container rgg7f284262d7-node10-1 Created 
 Container rgg7f284262d7-node7-1 Created 
 Container rgg7f284262d7-node22-1 Created 
 Container rgg7f284262d7-node4-1 Created 
 Container rgg7f284262d7-node1-1 Created 
 Container rgg7f284262d7-node19-1 Created 
 Container rgg7f284262d7-node0-1 Created 
 Container rgg7f284262d7-node11-1 Created 
 Container rgg7f284262d7-node9-1 Created 
 Container rgg7f284262d7-node20-1 Created 
 Container rgg7f284262d7-node5-1 Created 
 Container rgg7f284262d7-collector-1 Starting 
 Container rgg7f284262d7-collector-1 Started 
 Container rgg7f284262d7-node5-1 Starting 
 Container rgg7f284262d7-node23-1 Starting 
 Container rgg7f284262d7-node12-1 Starting 
 Container rgg7f284262d7-node20-1 Starting 
 Container rgg7f284262d7-node4-1 Starting 
 Container rgg7f284262d7-node21-1 Starting 
 Container rgg7f284262d7-node3-1 Starting 
 Container rgg7f284262d7-node18-1 Starting 
 Container rgg7f284262d7-node22-1 Starting 
 Container rgg7f284262d7-node16-1 Starting 
 Container rgg7f284262d7-node6-1 Starting 
 Container rgg7f284262d7-node9-1 Starting 
 Container rgg7f284262d7-node11-1 Starting 
 Container rgg7f284262d7-node15-1 Starting 
 Container rgg7f284262d7-node2-1 Starting 
 Container rgg7f284262d7-node14-1 Starting 
 Container rgg7f284262d7-node10-1 Starting 
 Container rgg7f284262d7-node7-1 Starting 
 Container rgg7f284262d7-node0-1 Starting 
 Container rgg7f284262d7-node13-1 Starting 
 Container rgg7f284262d7-node17-1 Starting 
 Container rgg7f284262d7-node1-1 Starting 
 Container rgg7f284262d7-node8-1 Starting 
 Container rgg7f284262d7-node19-1 Starting 
 Container rgg7f284262d7-node23-1 Started 
 Container rgg7f284262d7-node5-1 Started 
 Container rgg7f284262d7-node11-1 Started 
 Container rgg7f284262d7-node8-1 Started 
 Container rgg7f284262d7-node17-1 Started 
 Container rgg7f284262d7-node16-1 Started 
 Container rgg7f284262d7-node12-1 Started 
 Container rgg7f284262d7-node22-1 Started 
 Container rgg7f284262d7-node14-1 Started 
 Container rgg7f284262d7-node2-1 Started 
 Container rgg7f284262d7-node18-1 Started 
 Container rgg7f284262d7-node7-1 Started 
 Container rgg7f284262d7-node6-1 Started 
 Container rgg7f284262d7-node4-1 Started 
 Container rgg7f284262d7-node9-1 Started 
 Container rgg7f284262d7-node3-1 Started 
 Container rgg7f284262d7-node10-1 Started 
 Container rgg7f284262d7-node15-1 Started 
 Container rgg7f284262d7-node0-1 Started 
 Container rgg7f284262d7-node13-1 Started 
 Container rgg7f284262d7-node20-1 Started 
 Container rgg7f284262d7-node21-1 Started 
 Container rgg7f284262d7-node19-1 Started 
 Container rgg7f284262d7-node1-1 Started 
NETEM_APPLIED node0 iface=eth0: qdisc netem 8461: root refcnt 17 limit 1000 delay 20ms  5ms seed 8028900940192426167
NETEM_APPLIED node1 iface=eth0: qdisc netem 8462: root refcnt 17 limit 1000 delay 20ms  5ms seed 8589089300378561077
NETEM_APPLIED node2 iface=eth0: qdisc netem 8463: root refcnt 17 limit 1000 delay 20ms  5ms seed 5400392293572132017
NETEM_APPLIED node3 iface=eth0: qdisc netem 8464: root refcnt 17 limit 1000 delay 20ms  5ms seed 13804569804576626905
NETEM_APPLIED node4 iface=eth0: qdisc netem 8465: root refcnt 17 limit 1000 delay 20ms  5ms seed 18126808186554976543
NETEM_APPLIED node5 iface=eth0: qdisc netem 8466: root refcnt 17 limit 1000 delay 20ms  5ms seed 3815294278699788122
NETEM_APPLIED node6 iface=eth0: qdisc netem 8467: root refcnt 17 limit 1000 delay 20ms  5ms seed 8173986838723065538
NETEM_APPLIED node7 iface=eth0: qdisc netem 8468: root refcnt 17 limit 1000 delay 20ms  5ms seed 3674092102954261415
NETEM_APPLIED node8 iface=eth0: qdisc netem 8469: root refcnt 17 limit 1000 delay 20ms  5ms seed 10131171576509044611
NETEM_APPLIED node9 iface=eth0: qdisc netem 846a: root refcnt 17 limit 1000 delay 20ms  5ms seed 7507629416175327850
NETEM_APPLIED node10 iface=eth0: qdisc netem 846b: root refcnt 17 limit 1000 delay 20ms  5ms seed 17621984040335911995
NETEM_APPLIED node11 iface=eth0: qdisc netem 846c: root refcnt 17 limit 1000 delay 20ms  5ms seed 7575363109443569175
NETEM_APPLIED node12 iface=eth0: qdisc netem 846d: root refcnt 17 limit 1000 delay 20ms  5ms seed 9446523062502175697
NETEM_APPLIED node13 iface=eth0: qdisc netem 846e: root refcnt 17 limit 1000 delay 20ms  5ms seed 14673873727088738832
NETEM_APPLIED node14 iface=eth0: qdisc netem 846f: root refcnt 17 limit 1000 delay 20ms  5ms seed 18303846475975004099
NETEM_APPLIED node15 iface=eth0: qdisc netem 8470: root refcnt 17 limit 1000 delay 20ms  5ms seed 13862602190193153390
NETEM_APPLIED node16 iface=eth0: qdisc netem 8471: root refcnt 17 limit 1000 delay 20ms  5ms seed 13937006797412626156
NETEM_APPLIED node17 iface=eth0: qdisc netem 8472: root refcnt 17 limit 1000 delay 20ms  5ms seed 2159302362772495961
NETEM_APPLIED node18 iface=eth0: qdisc netem 8473: root refcnt 17 limit 1000 delay 20ms  5ms seed 423467764110703803
NETEM_APPLIED node19 iface=eth0: qdisc netem 8474: root refcnt 17 limit 1000 delay 20ms  5ms seed 17237240535802442867
NETEM_APPLIED node20 iface=eth0: qdisc netem 8475: root refcnt 17 limit 1000 delay 20ms  5ms seed 6459173507720191363
NETEM_APPLIED node21 iface=eth0: qdisc netem 8476: root refcnt 17 limit 1000 delay 20ms  5ms seed 14503711953596056788
NETEM_APPLIED node22 iface=eth0: qdisc netem 8477: root refcnt 17 limit 1000 delay 20ms  5ms seed 5655821516470831393
NETEM_APPLIED node23 iface=eth0: qdisc netem 8478: root refcnt 17 limit 1000 delay 20ms  5ms seed 15963170876726228279
NETEM_RTT_GATE OK: baseline=0.1ms actual=44.0ms increase=43.9ms
DRIVER_STARTED: 2026-07-15T06:09:22Z
0
QDSK_CLEANUP_FAIL node0: Command '['docker', 'exec', 'rgg7f284262d7-node0-1', 'sh', '-c', "ip -o -4 addr show scope global 2>/dev/null | head -1 | awk '{print $2}'"]' returned non-zero exit status 1.
QDSK_CLEANUP_FAIL node1: Command '['docker', 'exec', 'rgg7f284262d7-node1-1', 'sh', '-c', "ip -o -4 addr show scope global 2>/dev/null | head -1 | awk '{print $2}'"]' returned non-zero exit status 1.
QDSK_CLEANUP_FAIL node2: Command '['docker', 'exec', 'rgg7f284262d7-node2-1', 'sh', '-c', "ip -o -4 addr show scope global 2>/dev/null | head -1 | awk '{print $2}'"]' returned non-zero exit status 1.
QDSK_CLEANUP_FAIL node3: Command '['docker', 'exec', 'rgg7f284262d7-node3-1', 'sh', '-c', "ip -o -4 addr show scope global 2>/dev/null | head -1 | awk '{print $2}'"]' returned non-zero exit status 1.
QDSK_CLEANUP_FAIL node4: Command '['docker', 'exec', 'rgg7f284262d7-node4-1', 'sh', '-c', "ip -o -4 addr show scope global 2>/dev/null | head -1 | awk '{print $2}'"]' returned non-zero exit status 1.
QDSK_CLEANUP_FAIL node5: Command '['docker', 'exec', 'rgg7f284262d7-node5-1', 'sh', '-c', "ip -o -4 addr show scope global 2>/dev/null | head -1 | awk '{print $2}'"]' returned non-zero exit status 1.
QDSK_CLEANUP_FAIL node6: Command '['docker', 'exec', 'rgg7f284262d7-node6-1', 'sh', '-c', "ip -o -4 addr show scope global 2>/dev/null | head -1 | awk '{print $2}'"]' returned non-zero exit status 1.
QDSK_CLEANUP_FAIL node7: Command '['docker', 'exec', 'rgg7f284262d7-node7-1', 'sh', '-c', "ip -o -4 addr show scope global 2>/dev/null | head -1 | awk '{print $2}'"]' returned non-zero exit status 1.
QDSK_CLEANUP_FAIL node8: Command '['docker', 'exec', 'rgg7f284262d7-node8-1', 'sh', '-c', "ip -o -4 addr show scope global 2>/dev/null | head -1 | awk '{print $2}'"]' returned non-zero exit status 1.
QDSK_CLEANUP_FAIL node9: Command '['docker', 'exec', 'rgg7f284262d7-node9-1', 'sh', '-c', "ip -o -4 addr show scope global 2>/dev/null | head -1 | awk '{print $2}'"]' returned non-zero exit status 1.
QDSK_CLEANUP_FAIL node10: Command '['docker', 'exec', 'rgg7f284262d7-node10-1', 'sh', '-c', "ip -o -4 addr show scope global 2>/dev/null | head -1 | awk '{print $2}'"]' returned non-zero exit status 1.
QDSK_CLEANUP_FAIL node11: Command '['docker', 'exec', 'rgg7f284262d7-node11-1', 'sh', '-c', "ip -o -4 addr show scope global 2>/dev/null | head -1 | awk '{print $2}'"]' returned non-zero exit status 1.
QDSK_CLEANUP_FAIL node12: Command '['docker', 'exec', 'rgg7f284262d7-node12-1', 'sh', '-c', "ip -o -4 addr show scope global 2>/dev/null | head -1 | awk '{print $2}'"]' returned non-zero exit status 1.
QDSK_CLEANUP_FAIL node13: Command '['docker', 'exec', 'rgg7f284262d7-node13-1', 'sh', '-c', "ip -o -4 addr show scope global 2>/dev/null | head -1 | awk '{print $2}'"]' returned non-zero exit status 1.
QDSK_CLEANUP_FAIL node14: Command '['docker', 'exec', 'rgg7f284262d7-node14-1', 'sh', '-c', "ip -o -4 addr show scope global 2>/dev/null | head -1 | awk '{print $2}'"]' returned non-zero exit status 1.
QDSK_CLEANUP_FAIL node15: Command '['docker', 'exec', 'rgg7f284262d7-node15-1', 'sh', '-c', "ip -o -4 addr show scope global 2>/dev/null | head -1 | awk '{print $2}'"]' returned non-zero exit status 1.
QDSK_CLEANUP_FAIL node16: Command '['docker', 'exec', 'rgg7f284262d7-node16-1', 'sh', '-c', "ip -o -4 addr show scope global 2>/dev/null | head -1 | awk '{print $2}'"]' returned non-zero exit status 1.
QDSK_CLEANUP_FAIL node17: Command '['docker', 'exec', 'rgg7f284262d7-node17-1', 'sh', '-c', "ip -o -4 addr show scope global 2>/dev/null | head -1 | awk '{print $2}'"]' returned non-zero exit status 1.
QDSK_CLEANUP_FAIL node18: Command '['docker', 'exec', 'rgg7f284262d7-node18-1', 'sh', '-c', "ip -o -4 addr show scope global 2>/dev/null | head -1 | awk '{print $2}'"]' returned non-zero exit status 1.
QDSK_CLEANUP_FAIL node19: Command '['docker', 'exec', 'rgg7f284262d7-node19-1', 'sh', '-c', "ip -o -4 addr show scope global 2>/dev/null | head -1 | awk '{print $2}'"]' returned non-zero exit status 1.
QDSK_CLEANUP_FAIL node20: Command '['docker', 'exec', 'rgg7f284262d7-node20-1', 'sh', '-c', "ip -o -4 addr show scope global 2>/dev/null | head -1 | awk '{print $2}'"]' returned non-zero exit status 1.
QDSK_CLEANUP_FAIL node21: Command '['docker', 'exec', 'rgg7f284262d7-node21-1', 'sh', '-c', "ip -o -4 addr show scope global 2>/dev/null | head -1 | awk '{print $2}'"]' returned non-zero exit status 1.
QDSK_CLEANUP_FAIL node22: Command '['docker', 'exec', 'rgg7f284262d7-node22-1', 'sh', '-c', "ip -o -4 addr show scope global 2>/dev/null | head -1 | awk '{print $2}'"]' returned non-zero exit status 1.
QDSK_CLEANUP_FAIL node23: Command '['docker', 'exec', 'rgg7f284262d7-node23-1', 'sh', '-c', "ip -o -4 addr show scope global 2>/dev/null | head -1 | awk '{print $2}'"]' returned non-zero exit status 1.
