 Network rgg20a38c6c7c_default Creating 
 Network rgg20a38c6c7c_default Created 
 Container rgg20a38c6c7c-collector-1 Creating 
 Container rgg20a38c6c7c-collector-1 Created 
 Container rgg20a38c6c7c-node15-1 Creating 
 Container rgg20a38c6c7c-node9-1 Creating 
 Container rgg20a38c6c7c-node2-1 Creating 
 Container rgg20a38c6c7c-node7-1 Creating 
 Container rgg20a38c6c7c-node4-1 Creating 
 Container rgg20a38c6c7c-node10-1 Creating 
 Container rgg20a38c6c7c-node6-1 Creating 
 Container rgg20a38c6c7c-node12-1 Creating 
 Container rgg20a38c6c7c-node1-1 Creating 
 Container rgg20a38c6c7c-node3-1 Creating 
 Container rgg20a38c6c7c-node13-1 Creating 
 Container rgg20a38c6c7c-node0-1 Creating 
 Container rgg20a38c6c7c-node5-1 Creating 
 Container rgg20a38c6c7c-node11-1 Creating 
 Container rgg20a38c6c7c-node14-1 Creating 
 Container rgg20a38c6c7c-node8-1 Creating 
 Container rgg20a38c6c7c-node1-1 Created 
 Container rgg20a38c6c7c-node3-1 Created 
 Container rgg20a38c6c7c-node9-1 Created 
 Container rgg20a38c6c7c-node15-1 Created 
 Container rgg20a38c6c7c-node2-1 Created 
 Container rgg20a38c6c7c-node8-1 Created 
 Container rgg20a38c6c7c-node0-1 Created 
 Container rgg20a38c6c7c-node13-1 Created 
 Container rgg20a38c6c7c-node12-1 Created 
 Container rgg20a38c6c7c-node11-1 Created 
 Container rgg20a38c6c7c-node6-1 Created 
 Container rgg20a38c6c7c-node14-1 Created 
 Container rgg20a38c6c7c-node10-1 Created 
 Container rgg20a38c6c7c-node7-1 Created 
 Container rgg20a38c6c7c-node4-1 Created 
 Container rgg20a38c6c7c-node5-1 Created 
 Container rgg20a38c6c7c-collector-1 Starting 
 Container rgg20a38c6c7c-collector-1 Started 
 Container rgg20a38c6c7c-node8-1 Starting 
 Container rgg20a38c6c7c-node11-1 Starting 
 Container rgg20a38c6c7c-node3-1 Starting 
 Container rgg20a38c6c7c-node10-1 Starting 
 Container rgg20a38c6c7c-node0-1 Starting 
 Container rgg20a38c6c7c-node1-1 Starting 
 Container rgg20a38c6c7c-node14-1 Starting 
 Container rgg20a38c6c7c-node5-1 Starting 
 Container rgg20a38c6c7c-node6-1 Starting 
 Container rgg20a38c6c7c-node15-1 Starting 
 Container rgg20a38c6c7c-node2-1 Starting 
 Container rgg20a38c6c7c-node7-1 Starting 
 Container rgg20a38c6c7c-node9-1 Starting 
 Container rgg20a38c6c7c-node13-1 Starting 
 Container rgg20a38c6c7c-node12-1 Starting 
 Container rgg20a38c6c7c-node4-1 Starting 
 Container rgg20a38c6c7c-node11-1 Started 
 Container rgg20a38c6c7c-node0-1 Started 
 Container rgg20a38c6c7c-node6-1 Started 
 Container rgg20a38c6c7c-node12-1 Started 
 Container rgg20a38c6c7c-node8-1 Started 
 Container rgg20a38c6c7c-node14-1 Started 
 Container rgg20a38c6c7c-node10-1 Started 
 Container rgg20a38c6c7c-node15-1 Started 
 Container rgg20a38c6c7c-node3-1 Started 
 Container rgg20a38c6c7c-node2-1 Started 
 Container rgg20a38c6c7c-node7-1 Started 
 Container rgg20a38c6c7c-node4-1 Started 
 Container rgg20a38c6c7c-node1-1 Started 
 Container rgg20a38c6c7c-node5-1 Started 
 Container rgg20a38c6c7c-node13-1 Started 
 Container rgg20a38c6c7c-node9-1 Started 
READY_BARRIER: 14/16 node services ready
DRIVER_STARTED: 2026-07-15T13:54:26Z
0
