 Network rggf0dbfddb02_default Creating 
 Network rggf0dbfddb02_default Created 
 Container rggf0dbfddb02-collector-1 Creating 
 Container rggf0dbfddb02-collector-1 Created 
 Container rggf0dbfddb02-node18-1 Creating 
 Container rggf0dbfddb02-node17-1 Creating 
 Container rggf0dbfddb02-node9-1 Creating 
 Container rggf0dbfddb02-node1-1 Creating 
 Container rggf0dbfddb02-node5-1 Creating 
 Container rggf0dbfddb02-node6-1 Creating 
 Container rggf0dbfddb02-node10-1 Creating 
 Container rggf0dbfddb02-node21-1 Creating 
 Container rggf0dbfddb02-node13-1 Creating 
 Container rggf0dbfddb02-node20-1 Creating 
 Container rggf0dbfddb02-node3-1 Creating 
 Container rggf0dbfddb02-node12-1 Creating 
 Container rggf0dbfddb02-node11-1 Creating 
 Container rggf0dbfddb02-node8-1 Creating 
 Container rggf0dbfddb02-node15-1 Creating 
 Container rggf0dbfddb02-node0-1 Creating 
 Container rggf0dbfddb02-node23-1 Creating 
 Container rggf0dbfddb02-node14-1 Creating 
 Container rggf0dbfddb02-node7-1 Creating 
 Container rggf0dbfddb02-node22-1 Creating 
 Container rggf0dbfddb02-node19-1 Creating 
 Container rggf0dbfddb02-node16-1 Creating 
 Container rggf0dbfddb02-node4-1 Creating 
 Container rggf0dbfddb02-node2-1 Creating 
 Container rggf0dbfddb02-node20-1 Created 
 Container rggf0dbfddb02-node12-1 Created 
 Container rggf0dbfddb02-node22-1 Created 
 Container rggf0dbfddb02-node1-1 Created 
 Container rggf0dbfddb02-node18-1 Created 
 Container rggf0dbfddb02-node0-1 Created 
 Container rggf0dbfddb02-node13-1 Created 
 Container rggf0dbfddb02-node14-1 Created 
 Container rggf0dbfddb02-node23-1 Created 
 Container rggf0dbfddb02-node19-1 Created 
 Container rggf0dbfddb02-node11-1 Created 
 Container rggf0dbfddb02-node8-1 Created 
 Container rggf0dbfddb02-node17-1 Created 
 Container rggf0dbfddb02-node2-1 Created 
 Container rggf0dbfddb02-node3-1 Created 
 Container rggf0dbfddb02-node15-1 Created 
 Container rggf0dbfddb02-node4-1 Created 
 Container rggf0dbfddb02-node21-1 Created 
 Container rggf0dbfddb02-node5-1 Created 
 Container rggf0dbfddb02-node7-1 Created 
 Container rggf0dbfddb02-node6-1 Created 
 Container rggf0dbfddb02-node9-1 Created 
 Container rggf0dbfddb02-node10-1 Created 
 Container rggf0dbfddb02-node16-1 Created 
 Container rggf0dbfddb02-driver-1 Creating 
 Container rggf0dbfddb02-driver-1 Created 
 Container rggf0dbfddb02-collector-1 Starting 
 Container rggf0dbfddb02-collector-1 Started 
 Container rggf0dbfddb02-node11-1 Starting 
 Container rggf0dbfddb02-node22-1 Starting 
 Container rggf0dbfddb02-node20-1 Starting 
 Container rggf0dbfddb02-node19-1 Starting 
 Container rggf0dbfddb02-node13-1 Starting 
 Container rggf0dbfddb02-node23-1 Starting 
 Container rggf0dbfddb02-node14-1 Starting 
 Container rggf0dbfddb02-node15-1 Starting 
 Container rggf0dbfddb02-node5-1 Starting 
 Container rggf0dbfddb02-node8-1 Starting 
 Container rggf0dbfddb02-node9-1 Starting 
 Container rggf0dbfddb02-node4-1 Starting 
 Container rggf0dbfddb02-node7-1 Starting 
 Container rggf0dbfddb02-node10-1 Starting 
 Container rggf0dbfddb02-node3-1 Starting 
 Container rggf0dbfddb02-node6-1 Starting 
 Container rggf0dbfddb02-node2-1 Starting 
 Container rggf0dbfddb02-node21-1 Starting 
 Container rggf0dbfddb02-node0-1 Starting 
 Container rggf0dbfddb02-node12-1 Starting 
 Container rggf0dbfddb02-node18-1 Starting 
 Container rggf0dbfddb02-node17-1 Starting 
 Container rggf0dbfddb02-node1-1 Starting 
 Container rggf0dbfddb02-node16-1 Starting 
 Container rggf0dbfddb02-node15-1 Started 
 Container rggf0dbfddb02-node10-1 Started 
 Container rggf0dbfddb02-node18-1 Started 
 Container rggf0dbfddb02-node22-1 Started 
 Container rggf0dbfddb02-node4-1 Started 
 Container rggf0dbfddb02-node2-1 Started 
 Container rggf0dbfddb02-node11-1 Started 
 Container rggf0dbfddb02-node9-1 Started 
 Container rggf0dbfddb02-node13-1 Started 
 Container rggf0dbfddb02-node20-1 Started 
 Container rggf0dbfddb02-node3-1 Started 
 Container rggf0dbfddb02-node1-1 Started 
 Container rggf0dbfddb02-node6-1 Started 
 Container rggf0dbfddb02-node0-1 Started 
 Container rggf0dbfddb02-node8-1 Started 
 Container rggf0dbfddb02-node17-1 Started 
 Container rggf0dbfddb02-node16-1 Started 
 Container rggf0dbfddb02-node19-1 Started 
 Container rggf0dbfddb02-node14-1 Started 
 Container rggf0dbfddb02-node12-1 Started 
 Container rggf0dbfddb02-node23-1 Started 
 Container rggf0dbfddb02-node7-1 Started 
 Container rggf0dbfddb02-node21-1 Started 
 Container rggf0dbfddb02-node5-1 Started 
 Container rggf0dbfddb02-driver-1 Starting 
 Container rggf0dbfddb02-driver-1 Started 
0
