 Network rgg18e2772cb7_default Creating 
 Network rgg18e2772cb7_default Created 
 Container rgg18e2772cb7-collector-1 Creating 
 Container rgg18e2772cb7-collector-1 Created 
 Container rgg18e2772cb7-node4-1 Creating 
 Container rgg18e2772cb7-node6-1 Creating 
 Container rgg18e2772cb7-node15-1 Creating 
 Container rgg18e2772cb7-node5-1 Creating 
 Container rgg18e2772cb7-node9-1 Creating 
 Container rgg18e2772cb7-node3-1 Creating 
 Container rgg18e2772cb7-node12-1 Creating 
 Container rgg18e2772cb7-node2-1 Creating 
 Container rgg18e2772cb7-node11-1 Creating 
 Container rgg18e2772cb7-node14-1 Creating 
 Container rgg18e2772cb7-node0-1 Creating 
 Container rgg18e2772cb7-node13-1 Creating 
 Container rgg18e2772cb7-node1-1 Creating 
 Container rgg18e2772cb7-node7-1 Creating 
 Container rgg18e2772cb7-node8-1 Creating 
 Container rgg18e2772cb7-node10-1 Creating 
 Container rgg18e2772cb7-node4-1 Created 
 Container rgg18e2772cb7-node3-1 Created 
 Container rgg18e2772cb7-node7-1 Created 
 Container rgg18e2772cb7-node6-1 Created 
 Container rgg18e2772cb7-node15-1 Created 
 Container rgg18e2772cb7-node11-1 Created 
 Container rgg18e2772cb7-node8-1 Created 
 Container rgg18e2772cb7-node2-1 Created 
 Container rgg18e2772cb7-node10-1 Created 
 Container rgg18e2772cb7-node1-1 Created 
 Container rgg18e2772cb7-node13-1 Created 
 Container rgg18e2772cb7-node14-1 Created 
 Container rgg18e2772cb7-node12-1 Created 
 Container rgg18e2772cb7-node5-1 Created 
 Container rgg18e2772cb7-node9-1 Created 
 Container rgg18e2772cb7-node0-1 Created 
 Container rgg18e2772cb7-driver-1 Creating 
 Container rgg18e2772cb7-driver-1 Created 
 Container rgg18e2772cb7-collector-1 Starting 
 Container rgg18e2772cb7-collector-1 Started 
 Container rgg18e2772cb7-node2-1 Starting 
 Container rgg18e2772cb7-node10-1 Starting 
 Container rgg18e2772cb7-node4-1 Starting 
 Container rgg18e2772cb7-node3-1 Starting 
 Container rgg18e2772cb7-node12-1 Starting 
 Container rgg18e2772cb7-node11-1 Starting 
 Container rgg18e2772cb7-node6-1 Starting 
 Container rgg18e2772cb7-node7-1 Starting 
 Container rgg18e2772cb7-node15-1 Starting 
 Container rgg18e2772cb7-node5-1 Starting 
 Container rgg18e2772cb7-node8-1 Starting 
 Container rgg18e2772cb7-node1-1 Starting 
 Container rgg18e2772cb7-node14-1 Starting 
 Container rgg18e2772cb7-node13-1 Starting 
 Container rgg18e2772cb7-node9-1 Starting 
 Container rgg18e2772cb7-node0-1 Starting 
 Container rgg18e2772cb7-node14-1 Started 
 Container rgg18e2772cb7-node10-1 Started 
 Container rgg18e2772cb7-node8-1 Started 
 Container rgg18e2772cb7-node4-1 Started 
 Container rgg18e2772cb7-node6-1 Started 
 Container rgg18e2772cb7-node12-1 Started 
 Container rgg18e2772cb7-node11-1 Started 
 Container rgg18e2772cb7-node13-1 Started 
 Container rgg18e2772cb7-node3-1 Started 
 Container rgg18e2772cb7-node9-1 Started 
 Container rgg18e2772cb7-node1-1 Started 
 Container rgg18e2772cb7-node2-1 Started 
 Container rgg18e2772cb7-node15-1 Started 
 Container rgg18e2772cb7-node0-1 Started 
 Container rgg18e2772cb7-node5-1 Started 
 Container rgg18e2772cb7-node7-1 Started 
 Container rgg18e2772cb7-driver-1 Starting 
 Container rgg18e2772cb7-driver-1 Started 
0
