 Network rgg42f21b7a83_default Creating 
 Network rgg42f21b7a83_default Created 
 Container rgg42f21b7a83-collector-1 Creating 
 Container rgg42f21b7a83-collector-1 Created 
 Container rgg42f21b7a83-node3-1 Creating 
 Container rgg42f21b7a83-node13-1 Creating 
 Container rgg42f21b7a83-node8-1 Creating 
 Container rgg42f21b7a83-node15-1 Creating 
 Container rgg42f21b7a83-node9-1 Creating 
 Container rgg42f21b7a83-node7-1 Creating 
 Container rgg42f21b7a83-node5-1 Creating 
 Container rgg42f21b7a83-node11-1 Creating 
 Container rgg42f21b7a83-node14-1 Creating 
 Container rgg42f21b7a83-node4-1 Creating 
 Container rgg42f21b7a83-node0-1 Creating 
 Container rgg42f21b7a83-node2-1 Creating 
 Container rgg42f21b7a83-node1-1 Creating 
 Container rgg42f21b7a83-node6-1 Creating 
 Container rgg42f21b7a83-node10-1 Creating 
 Container rgg42f21b7a83-node12-1 Creating 
 Container rgg42f21b7a83-node13-1 Created 
 Container rgg42f21b7a83-node11-1 Created 
 Container rgg42f21b7a83-node14-1 Created 
 Container rgg42f21b7a83-node7-1 Created 
 Container rgg42f21b7a83-node0-1 Created 
 Container rgg42f21b7a83-node8-1 Created 
 Container rgg42f21b7a83-node3-1 Created 
 Container rgg42f21b7a83-node15-1 Created 
 Container rgg42f21b7a83-node10-1 Created 
 Container rgg42f21b7a83-node9-1 Created 
 Container rgg42f21b7a83-node2-1 Created 
 Container rgg42f21b7a83-node4-1 Created 
 Container rgg42f21b7a83-node12-1 Created 
 Container rgg42f21b7a83-node6-1 Created 
 Container rgg42f21b7a83-node5-1 Created 
 Container rgg42f21b7a83-node1-1 Created 
 Container rgg42f21b7a83-driver-1 Creating 
 Container rgg42f21b7a83-driver-1 Created 
 Container rgg42f21b7a83-collector-1 Starting 
 Container rgg42f21b7a83-collector-1 Started 
 Container rgg42f21b7a83-node8-1 Starting 
 Container rgg42f21b7a83-node11-1 Starting 
 Container rgg42f21b7a83-node0-1 Starting 
 Container rgg42f21b7a83-node12-1 Starting 
 Container rgg42f21b7a83-node7-1 Starting 
 Container rgg42f21b7a83-node10-1 Starting 
 Container rgg42f21b7a83-node6-1 Starting 
 Container rgg42f21b7a83-node5-1 Starting 
 Container rgg42f21b7a83-node15-1 Starting 
 Container rgg42f21b7a83-node4-1 Starting 
 Container rgg42f21b7a83-node1-1 Starting 
 Container rgg42f21b7a83-node13-1 Starting 
 Container rgg42f21b7a83-node2-1 Starting 
 Container rgg42f21b7a83-node3-1 Starting 
 Container rgg42f21b7a83-node14-1 Starting 
 Container rgg42f21b7a83-node9-1 Starting 
 Container rgg42f21b7a83-node14-1 Started 
 Container rgg42f21b7a83-node0-1 Started 
 Container rgg42f21b7a83-node12-1 Started 
 Container rgg42f21b7a83-node11-1 Started 
 Container rgg42f21b7a83-node3-1 Started 
 Container rgg42f21b7a83-node1-1 Started 
 Container rgg42f21b7a83-node7-1 Started 
 Container rgg42f21b7a83-node13-1 Started 
 Container rgg42f21b7a83-node2-1 Started 
 Container rgg42f21b7a83-node5-1 Started 
 Container rgg42f21b7a83-node10-1 Started 
 Container rgg42f21b7a83-node4-1 Started 
 Container rgg42f21b7a83-node8-1 Started 
 Container rgg42f21b7a83-node15-1 Started 
 Container rgg42f21b7a83-node6-1 Started 
 Container rgg42f21b7a83-node9-1 Started 
 Container rgg42f21b7a83-driver-1 Starting 
 Container rgg42f21b7a83-driver-1 Started 
0
