 Network rgg440e9ba6f4_default Creating 
 Network rgg440e9ba6f4_default Created 
 Container rgg440e9ba6f4-collector-1 Creating 
 Container rgg440e9ba6f4-collector-1 Created 
 Container rgg440e9ba6f4-node7-1 Creating 
 Container rgg440e9ba6f4-node1-1 Creating 
 Container rgg440e9ba6f4-node8-1 Creating 
 Container rgg440e9ba6f4-node2-1 Creating 
 Container rgg440e9ba6f4-node3-1 Creating 
 Container rgg440e9ba6f4-node6-1 Creating 
 Container rgg440e9ba6f4-node12-1 Creating 
 Container rgg440e9ba6f4-node9-1 Creating 
 Container rgg440e9ba6f4-node13-1 Creating 
 Container rgg440e9ba6f4-node14-1 Creating 
 Container rgg440e9ba6f4-node0-1 Creating 
 Container rgg440e9ba6f4-node4-1 Creating 
 Container rgg440e9ba6f4-node15-1 Creating 
 Container rgg440e9ba6f4-node5-1 Creating 
 Container rgg440e9ba6f4-node11-1 Creating 
 Container rgg440e9ba6f4-node10-1 Creating 
 Container rgg440e9ba6f4-node7-1 Created 
 Container rgg440e9ba6f4-node1-1 Created 
 Container rgg440e9ba6f4-node12-1 Created 
 Container rgg440e9ba6f4-node11-1 Created 
 Container rgg440e9ba6f4-node13-1 Created 
 Container rgg440e9ba6f4-node0-1 Created 
 Container rgg440e9ba6f4-node2-1 Created 
 Container rgg440e9ba6f4-node9-1 Created 
 Container rgg440e9ba6f4-node10-1 Created 
 Container rgg440e9ba6f4-node8-1 Created 
 Container rgg440e9ba6f4-node14-1 Created 
 Container rgg440e9ba6f4-node4-1 Created 
 Container rgg440e9ba6f4-node3-1 Created 
 Container rgg440e9ba6f4-node15-1 Created 
 Container rgg440e9ba6f4-node6-1 Created 
 Container rgg440e9ba6f4-node5-1 Created 
 Container rgg440e9ba6f4-collector-1 Starting 
 Container rgg440e9ba6f4-collector-1 Started 
 Container rgg440e9ba6f4-node6-1 Starting 
 Container rgg440e9ba6f4-node15-1 Starting 
 Container rgg440e9ba6f4-node13-1 Starting 
 Container rgg440e9ba6f4-node12-1 Starting 
 Container rgg440e9ba6f4-node14-1 Starting 
 Container rgg440e9ba6f4-node10-1 Starting 
 Container rgg440e9ba6f4-node5-1 Starting 
 Container rgg440e9ba6f4-node2-1 Starting 
 Container rgg440e9ba6f4-node3-1 Starting 
 Container rgg440e9ba6f4-node7-1 Starting 
 Container rgg440e9ba6f4-node4-1 Starting 
 Container rgg440e9ba6f4-node9-1 Starting 
 Container rgg440e9ba6f4-node1-1 Starting 
 Container rgg440e9ba6f4-node11-1 Starting 
 Container rgg440e9ba6f4-node8-1 Starting 
 Container rgg440e9ba6f4-node0-1 Starting 
 Container rgg440e9ba6f4-node15-1 Started 
 Container rgg440e9ba6f4-node4-1 Started 
 Container rgg440e9ba6f4-node8-1 Started 
 Container rgg440e9ba6f4-node2-1 Started 
 Container rgg440e9ba6f4-node1-1 Started 
 Container rgg440e9ba6f4-node13-1 Started 
 Container rgg440e9ba6f4-node6-1 Started 
 Container rgg440e9ba6f4-node12-1 Started 
 Container rgg440e9ba6f4-node3-1 Started 
 Container rgg440e9ba6f4-node10-1 Started 
 Container rgg440e9ba6f4-node0-1 Started 
 Container rgg440e9ba6f4-node9-1 Started 
 Container rgg440e9ba6f4-node5-1 Started 
 Container rgg440e9ba6f4-node7-1 Started 
 Container rgg440e9ba6f4-node14-1 Started 
 Container rgg440e9ba6f4-node11-1 Started 
DRIVER_STARTED: 2026-07-15T04:57:45Z
0
