 Network rgg75c4165984_default Creating 
 Network rgg75c4165984_default Created 
 Container rgg75c4165984-collector-1 Creating 
 Container rgg75c4165984-collector-1 Created 
 Container rgg75c4165984-node5-1 Creating 
 Container rgg75c4165984-node10-1 Creating 
 Container rgg75c4165984-node0-1 Creating 
 Container rgg75c4165984-node7-1 Creating 
 Container rgg75c4165984-node14-1 Creating 
 Container rgg75c4165984-node4-1 Creating 
 Container rgg75c4165984-node12-1 Creating 
 Container rgg75c4165984-node11-1 Creating 
 Container rgg75c4165984-node15-1 Creating 
 Container rgg75c4165984-node13-1 Creating 
 Container rgg75c4165984-node1-1 Creating 
 Container rgg75c4165984-node8-1 Creating 
 Container rgg75c4165984-node6-1 Creating 
 Container rgg75c4165984-node3-1 Creating 
 Container rgg75c4165984-node9-1 Creating 
 Container rgg75c4165984-node2-1 Creating 
 Container rgg75c4165984-node5-1 Created 
 Container rgg75c4165984-node0-1 Created 
 Container rgg75c4165984-node14-1 Created 
 Container rgg75c4165984-node12-1 Created 
 Container rgg75c4165984-node10-1 Created 
 Container rgg75c4165984-node8-1 Created 
 Container rgg75c4165984-node15-1 Created 
 Container rgg75c4165984-node6-1 Created 
 Container rgg75c4165984-node9-1 Created 
 Container rgg75c4165984-node3-1 Created 
 Container rgg75c4165984-node4-1 Created 
 Container rgg75c4165984-node11-1 Created 
 Container rgg75c4165984-node2-1 Created 
 Container rgg75c4165984-node7-1 Created 
 Container rgg75c4165984-node13-1 Created 
 Container rgg75c4165984-node1-1 Created 
 Container rgg75c4165984-driver-1 Creating 
 Container rgg75c4165984-driver-1 Created 
 Container rgg75c4165984-collector-1 Starting 
 Container rgg75c4165984-collector-1 Started 
 Container rgg75c4165984-node6-1 Starting 
 Container rgg75c4165984-node15-1 Starting 
 Container rgg75c4165984-node0-1 Starting 
 Container rgg75c4165984-node2-1 Starting 
 Container rgg75c4165984-node9-1 Starting 
 Container rgg75c4165984-node8-1 Starting 
 Container rgg75c4165984-node11-1 Starting 
 Container rgg75c4165984-node5-1 Starting 
 Container rgg75c4165984-node10-1 Starting 
 Container rgg75c4165984-node7-1 Starting 
 Container rgg75c4165984-node13-1 Starting 
 Container rgg75c4165984-node1-1 Starting 
 Container rgg75c4165984-node4-1 Starting 
 Container rgg75c4165984-node3-1 Starting 
 Container rgg75c4165984-node12-1 Starting 
 Container rgg75c4165984-node14-1 Starting 
 Container rgg75c4165984-node2-1 Started 
 Container rgg75c4165984-node5-1 Started 
 Container rgg75c4165984-node3-1 Started 
 Container rgg75c4165984-node15-1 Started 
 Container rgg75c4165984-node13-1 Started 
 Container rgg75c4165984-node11-1 Started 
 Container rgg75c4165984-node1-1 Started 
 Container rgg75c4165984-node0-1 Started 
 Container rgg75c4165984-node10-1 Started 
 Container rgg75c4165984-node8-1 Started 
 Container rgg75c4165984-node14-1 Started 
 Container rgg75c4165984-node7-1 Started 
 Container rgg75c4165984-node6-1 Started 
 Container rgg75c4165984-node4-1 Started 
 Container rgg75c4165984-node9-1 Started 
 Container rgg75c4165984-node12-1 Started 
 Container rgg75c4165984-driver-1 Starting 
 Container rgg75c4165984-driver-1 Started 
0
