 Network rgg7f4e8b658f_default Creating 
 Network rgg7f4e8b658f_default Created 
 Container rgg7f4e8b658f-collector-1 Creating 
 Container rgg7f4e8b658f-collector-1 Created 
 Container rgg7f4e8b658f-node11-1 Creating 
 Container rgg7f4e8b658f-node5-1 Creating 
 Container rgg7f4e8b658f-node15-1 Creating 
 Container rgg7f4e8b658f-node8-1 Creating 
 Container rgg7f4e8b658f-node4-1 Creating 
 Container rgg7f4e8b658f-node6-1 Creating 
 Container rgg7f4e8b658f-node1-1 Creating 
 Container rgg7f4e8b658f-node9-1 Creating 
 Container rgg7f4e8b658f-node13-1 Creating 
 Container rgg7f4e8b658f-node2-1 Creating 
 Container rgg7f4e8b658f-node0-1 Creating 
 Container rgg7f4e8b658f-node7-1 Creating 
 Container rgg7f4e8b658f-node10-1 Creating 
 Container rgg7f4e8b658f-node12-1 Creating 
 Container rgg7f4e8b658f-node14-1 Creating 
 Container rgg7f4e8b658f-node3-1 Creating 
 Container rgg7f4e8b658f-node9-1 Created 
 Container rgg7f4e8b658f-node5-1 Created 
 Container rgg7f4e8b658f-node1-1 Created 
 Container rgg7f4e8b658f-node14-1 Created 
 Container rgg7f4e8b658f-node3-1 Created 
 Container rgg7f4e8b658f-node7-1 Created 
 Container rgg7f4e8b658f-node0-1 Created 
 Container rgg7f4e8b658f-node15-1 Created 
 Container rgg7f4e8b658f-node4-1 Created 
 Container rgg7f4e8b658f-node12-1 Created 
 Container rgg7f4e8b658f-node2-1 Created 
 Container rgg7f4e8b658f-node10-1 Created 
 Container rgg7f4e8b658f-node6-1 Created 
 Container rgg7f4e8b658f-node11-1 Created 
 Container rgg7f4e8b658f-node8-1 Created 
 Container rgg7f4e8b658f-node13-1 Created 
 Container rgg7f4e8b658f-driver-1 Creating 
 Container rgg7f4e8b658f-driver-1 Created 
 Container rgg7f4e8b658f-collector-1 Starting 
 Container rgg7f4e8b658f-collector-1 Started 
 Container rgg7f4e8b658f-node11-1 Starting 
 Container rgg7f4e8b658f-node8-1 Starting 
 Container rgg7f4e8b658f-node3-1 Starting 
 Container rgg7f4e8b658f-node12-1 Starting 
 Container rgg7f4e8b658f-node13-1 Starting 
 Container rgg7f4e8b658f-node4-1 Starting 
 Container rgg7f4e8b658f-node10-1 Starting 
 Container rgg7f4e8b658f-node15-1 Starting 
 Container rgg7f4e8b658f-node2-1 Starting 
 Container rgg7f4e8b658f-node6-1 Starting 
 Container rgg7f4e8b658f-node14-1 Starting 
 Container rgg7f4e8b658f-node7-1 Starting 
 Container rgg7f4e8b658f-node9-1 Starting 
 Container rgg7f4e8b658f-node0-1 Starting 
 Container rgg7f4e8b658f-node1-1 Starting 
 Container rgg7f4e8b658f-node5-1 Starting 
 Container rgg7f4e8b658f-node7-1 Started 
 Container rgg7f4e8b658f-node5-1 Started 
 Container rgg7f4e8b658f-node0-1 Started 
 Container rgg7f4e8b658f-node4-1 Started 
 Container rgg7f4e8b658f-node11-1 Started 
 Container rgg7f4e8b658f-node14-1 Started 
 Container rgg7f4e8b658f-node13-1 Started 
 Container rgg7f4e8b658f-node3-1 Started 
 Container rgg7f4e8b658f-node15-1 Started 
 Container rgg7f4e8b658f-node10-1 Started 
 Container rgg7f4e8b658f-node9-1 Started 
 Container rgg7f4e8b658f-node1-1 Started 
 Container rgg7f4e8b658f-node2-1 Started 
 Container rgg7f4e8b658f-node6-1 Started 
 Container rgg7f4e8b658f-node12-1 Started 
 Container rgg7f4e8b658f-node8-1 Started 
 Container rgg7f4e8b658f-driver-1 Starting 
 Container rgg7f4e8b658f-driver-1 Started 
0
