 Network rggda1fd8cd78_default Creating 
 Network rggda1fd8cd78_default Created 
 Container rggda1fd8cd78-collector-1 Creating 
 Container rggda1fd8cd78-collector-1 Created 
 Container rggda1fd8cd78-node3-1 Creating 
 Container rggda1fd8cd78-node15-1 Creating 
 Container rggda1fd8cd78-node11-1 Creating 
 Container rggda1fd8cd78-node4-1 Creating 
 Container rggda1fd8cd78-node10-1 Creating 
 Container rggda1fd8cd78-node0-1 Creating 
 Container rggda1fd8cd78-node7-1 Creating 
 Container rggda1fd8cd78-node12-1 Creating 
 Container rggda1fd8cd78-node8-1 Creating 
 Container rggda1fd8cd78-node13-1 Creating 
 Container rggda1fd8cd78-node6-1 Creating 
 Container rggda1fd8cd78-node14-1 Creating 
 Container rggda1fd8cd78-node5-1 Creating 
 Container rggda1fd8cd78-node9-1 Creating 
 Container rggda1fd8cd78-node2-1 Creating 
 Container rggda1fd8cd78-node1-1 Creating 
 Container rggda1fd8cd78-node15-1 Created 
 Container rggda1fd8cd78-node3-1 Created 
 Container rggda1fd8cd78-node4-1 Created 
 Container rggda1fd8cd78-node11-1 Created 
 Container rggda1fd8cd78-node9-1 Created 
 Container rggda1fd8cd78-node10-1 Created 
 Container rggda1fd8cd78-node14-1 Created 
 Container rggda1fd8cd78-node1-1 Created 
 Container rggda1fd8cd78-node12-1 Created 
 Container rggda1fd8cd78-node2-1 Created 
 Container rggda1fd8cd78-node8-1 Created 
 Container rggda1fd8cd78-node0-1 Created 
 Container rggda1fd8cd78-node5-1 Created 
 Container rggda1fd8cd78-node13-1 Created 
 Container rggda1fd8cd78-node7-1 Created 
 Container rggda1fd8cd78-node6-1 Created 
 Container rggda1fd8cd78-driver-1 Creating 
 Container rggda1fd8cd78-driver-1 Created 
 Container rggda1fd8cd78-collector-1 Starting 
 Container rggda1fd8cd78-collector-1 Started 
 Container rggda1fd8cd78-node7-1 Starting 
 Container rggda1fd8cd78-node3-1 Starting 
 Container rggda1fd8cd78-node11-1 Starting 
 Container rggda1fd8cd78-node1-1 Starting 
 Container rggda1fd8cd78-node15-1 Starting 
 Container rggda1fd8cd78-node10-1 Starting 
 Container rggda1fd8cd78-node8-1 Starting 
 Container rggda1fd8cd78-node0-1 Starting 
 Container rggda1fd8cd78-node9-1 Starting 
 Container rggda1fd8cd78-node2-1 Starting 
 Container rggda1fd8cd78-node4-1 Starting 
 Container rggda1fd8cd78-node12-1 Starting 
 Container rggda1fd8cd78-node5-1 Starting 
 Container rggda1fd8cd78-node6-1 Starting 
 Container rggda1fd8cd78-node14-1 Starting 
 Container rggda1fd8cd78-node13-1 Starting 
 Container rggda1fd8cd78-node3-1 Started 
 Container rggda1fd8cd78-node13-1 Started 
 Container rggda1fd8cd78-node5-1 Started 
 Container rggda1fd8cd78-node0-1 Started 
 Container rggda1fd8cd78-node8-1 Started 
 Container rggda1fd8cd78-node7-1 Started 
 Container rggda1fd8cd78-node2-1 Started 
 Container rggda1fd8cd78-node9-1 Started 
 Container rggda1fd8cd78-node1-1 Started 
 Container rggda1fd8cd78-node15-1 Started 
 Container rggda1fd8cd78-node6-1 Started 
 Container rggda1fd8cd78-node14-1 Started 
 Container rggda1fd8cd78-node11-1 Started 
 Container rggda1fd8cd78-node10-1 Started 
 Container rggda1fd8cd78-node12-1 Started 
 Container rggda1fd8cd78-node4-1 Started 
 Container rggda1fd8cd78-driver-1 Starting 
 Container rggda1fd8cd78-driver-1 Started 
0
