 Network rgg16a8d49594_default Creating 
 Network rgg16a8d49594_default Created 
 Container rgg16a8d49594-collector-1 Creating 
 Container rgg16a8d49594-collector-1 Created 
 Container rgg16a8d49594-node15-1 Creating 
 Container rgg16a8d49594-node9-1 Creating 
 Container rgg16a8d49594-node3-1 Creating 
 Container rgg16a8d49594-node18-1 Creating 
 Container rgg16a8d49594-node22-1 Creating 
 Container rgg16a8d49594-node20-1 Creating 
 Container rgg16a8d49594-node12-1 Creating 
 Container rgg16a8d49594-node17-1 Creating 
 Container rgg16a8d49594-node6-1 Creating 
 Container rgg16a8d49594-node16-1 Creating 
 Container rgg16a8d49594-node10-1 Creating 
 Container rgg16a8d49594-node8-1 Creating 
 Container rgg16a8d49594-node5-1 Creating 
 Container rgg16a8d49594-node23-1 Creating 
 Container rgg16a8d49594-node7-1 Creating 
 Container rgg16a8d49594-node1-1 Creating 
 Container rgg16a8d49594-node19-1 Creating 
 Container rgg16a8d49594-node11-1 Creating 
 Container rgg16a8d49594-node0-1 Creating 
 Container rgg16a8d49594-node2-1 Creating 
 Container rgg16a8d49594-node21-1 Creating 
 Container rgg16a8d49594-node13-1 Creating 
 Container rgg16a8d49594-node4-1 Creating 
 Container rgg16a8d49594-node14-1 Creating 
 Container rgg16a8d49594-node3-1 Created 
 Container rgg16a8d49594-node6-1 Created 
 Container rgg16a8d49594-node9-1 Created 
 Container rgg16a8d49594-node10-1 Created 
 Container rgg16a8d49594-node19-1 Created 
 Container rgg16a8d49594-node1-1 Created 
 Container rgg16a8d49594-node15-1 Created 
 Container rgg16a8d49594-node4-1 Created 
 Container rgg16a8d49594-node18-1 Created 
 Container rgg16a8d49594-node8-1 Created 
 Container rgg16a8d49594-node20-1 Created 
 Container rgg16a8d49594-node0-1 Created 
 Container rgg16a8d49594-node7-1 Created 
 Container rgg16a8d49594-node23-1 Created 
 Container rgg16a8d49594-node22-1 Created 
 Container rgg16a8d49594-node11-1 Created 
 Container rgg16a8d49594-node5-1 Created 
 Container rgg16a8d49594-node21-1 Created 
 Container rgg16a8d49594-node12-1 Created 
 Container rgg16a8d49594-node13-1 Created 
 Container rgg16a8d49594-node17-1 Created 
 Container rgg16a8d49594-node14-1 Created 
 Container rgg16a8d49594-node2-1 Created 
 Container rgg16a8d49594-node16-1 Created 
 Container rgg16a8d49594-driver-1 Creating 
 Container rgg16a8d49594-driver-1 Created 
 Container rgg16a8d49594-collector-1 Starting 
 Container rgg16a8d49594-collector-1 Started 
 Container rgg16a8d49594-node13-1 Starting 
 Container rgg16a8d49594-node6-1 Starting 
 Container rgg16a8d49594-node10-1 Starting 
 Container rgg16a8d49594-node11-1 Starting 
 Container rgg16a8d49594-node23-1 Starting 
 Container rgg16a8d49594-node14-1 Starting 
 Container rgg16a8d49594-node16-1 Starting 
 Container rgg16a8d49594-node0-1 Starting 
 Container rgg16a8d49594-node7-1 Starting 
 Container rgg16a8d49594-node9-1 Starting 
 Container rgg16a8d49594-node3-1 Starting 
 Container rgg16a8d49594-node21-1 Starting 
 Container rgg16a8d49594-node17-1 Starting 
 Container rgg16a8d49594-node4-1 Starting 
 Container rgg16a8d49594-node15-1 Starting 
 Container rgg16a8d49594-node2-1 Starting 
 Container rgg16a8d49594-node1-1 Starting 
 Container rgg16a8d49594-node5-1 Starting 
 Container rgg16a8d49594-node22-1 Starting 
 Container rgg16a8d49594-node8-1 Starting 
 Container rgg16a8d49594-node18-1 Starting 
 Container rgg16a8d49594-node20-1 Starting 
 Container rgg16a8d49594-node19-1 Starting 
 Container rgg16a8d49594-node12-1 Starting 
 Container rgg16a8d49594-node13-1 Started 
 Container rgg16a8d49594-node15-1 Started 
 Container rgg16a8d49594-node1-1 Started 
 Container rgg16a8d49594-node20-1 Started 
 Container rgg16a8d49594-node10-1 Started 
 Container rgg16a8d49594-node23-1 Started 
 Container rgg16a8d49594-node8-1 Started 
 Container rgg16a8d49594-node18-1 Started 
 Container rgg16a8d49594-node6-1 Started 
 Container rgg16a8d49594-node4-1 Started 
 Container rgg16a8d49594-node17-1 Started 
 Container rgg16a8d49594-node7-1 Started 
 Container rgg16a8d49594-node12-1 Started 
 Container rgg16a8d49594-node19-1 Started 
 Container rgg16a8d49594-node21-1 Started 
 Container rgg16a8d49594-node16-1 Started 
 Container rgg16a8d49594-node0-1 Started 
 Container rgg16a8d49594-node9-1 Started 
 Container rgg16a8d49594-node5-1 Started 
 Container rgg16a8d49594-node11-1 Started 
 Container rgg16a8d49594-node3-1 Started 
 Container rgg16a8d49594-node14-1 Started 
 Container rgg16a8d49594-node22-1 Started 
 Container rgg16a8d49594-node2-1 Started 
 Container rgg16a8d49594-driver-1 Starting 
 Container rgg16a8d49594-driver-1 Started 
0
