 Network rgg30b73f8d5c_default Creating 
 Network rgg30b73f8d5c_default Created 
 Container rgg30b73f8d5c-collector-1 Creating 
 Container rgg30b73f8d5c-collector-1 Created 
 Container rgg30b73f8d5c-node11-1 Creating 
 Container rgg30b73f8d5c-node15-1 Creating 
 Container rgg30b73f8d5c-node9-1 Creating 
 Container rgg30b73f8d5c-node12-1 Creating 
 Container rgg30b73f8d5c-node7-1 Creating 
 Container rgg30b73f8d5c-node3-1 Creating 
 Container rgg30b73f8d5c-node13-1 Creating 
 Container rgg30b73f8d5c-node1-1 Creating 
 Container rgg30b73f8d5c-node10-1 Creating 
 Container rgg30b73f8d5c-node2-1 Creating 
 Container rgg30b73f8d5c-node5-1 Creating 
 Container rgg30b73f8d5c-node8-1 Creating 
 Container rgg30b73f8d5c-node6-1 Creating 
 Container rgg30b73f8d5c-node14-1 Creating 
 Container rgg30b73f8d5c-node4-1 Creating 
 Container rgg30b73f8d5c-node0-1 Creating 
 Container rgg30b73f8d5c-node8-1 Created 
 Container rgg30b73f8d5c-node11-1 Created 
 Container rgg30b73f8d5c-node7-1 Created 
 Container rgg30b73f8d5c-node15-1 Created 
 Container rgg30b73f8d5c-node3-1 Created 
 Container rgg30b73f8d5c-node4-1 Created 
 Container rgg30b73f8d5c-node2-1 Created 
 Container rgg30b73f8d5c-node0-1 Created 
 Container rgg30b73f8d5c-node9-1 Created 
 Container rgg30b73f8d5c-node14-1 Created 
 Container rgg30b73f8d5c-node1-1 Created 
 Container rgg30b73f8d5c-node6-1 Created 
 Container rgg30b73f8d5c-node13-1 Created 
 Container rgg30b73f8d5c-node12-1 Created 
 Container rgg30b73f8d5c-node5-1 Created 
 Container rgg30b73f8d5c-node10-1 Created 
 Container rgg30b73f8d5c-collector-1 Starting 
 Container rgg30b73f8d5c-collector-1 Started 
 Container rgg30b73f8d5c-node8-1 Starting 
 Container rgg30b73f8d5c-node10-1 Starting 
 Container rgg30b73f8d5c-node7-1 Starting 
 Container rgg30b73f8d5c-node0-1 Starting 
 Container rgg30b73f8d5c-node4-1 Starting 
 Container rgg30b73f8d5c-node2-1 Starting 
 Container rgg30b73f8d5c-node11-1 Starting 
 Container rgg30b73f8d5c-node12-1 Starting 
 Container rgg30b73f8d5c-node1-1 Starting 
 Container rgg30b73f8d5c-node5-1 Starting 
 Container rgg30b73f8d5c-node3-1 Starting 
 Container rgg30b73f8d5c-node14-1 Starting 
 Container rgg30b73f8d5c-node15-1 Starting 
 Container rgg30b73f8d5c-node13-1 Starting 
 Container rgg30b73f8d5c-node6-1 Starting 
 Container rgg30b73f8d5c-node9-1 Starting 
 Container rgg30b73f8d5c-node7-1 Started 
 Container rgg30b73f8d5c-node8-1 Started 
 Container rgg30b73f8d5c-node14-1 Started 
 Container rgg30b73f8d5c-node0-1 Started 
 Container rgg30b73f8d5c-node12-1 Started 
 Container rgg30b73f8d5c-node9-1 Started 
 Container rgg30b73f8d5c-node13-1 Started 
 Container rgg30b73f8d5c-node3-1 Started 
 Container rgg30b73f8d5c-node15-1 Started 
 Container rgg30b73f8d5c-node6-1 Started 
 Container rgg30b73f8d5c-node4-1 Started 
 Container rgg30b73f8d5c-node11-1 Started 
 Container rgg30b73f8d5c-node10-1 Started 
 Container rgg30b73f8d5c-node5-1 Started 
 Container rgg30b73f8d5c-node2-1 Started 
 Container rgg30b73f8d5c-node1-1 Started 
DRIVER_STARTED: 2026-07-15T04:54:52Z
0
