 Network rgg52e9a61402_default Creating 
 Network rgg52e9a61402_default Created 
 Container rgg52e9a61402-collector-1 Creating 
 Container rgg52e9a61402-collector-1 Created 
 Container rgg52e9a61402-node12-1 Creating 
 Container rgg52e9a61402-node8-1 Creating 
 Container rgg52e9a61402-node15-1 Creating 
 Container rgg52e9a61402-node4-1 Creating 
 Container rgg52e9a61402-node2-1 Creating 
 Container rgg52e9a61402-node11-1 Creating 
 Container rgg52e9a61402-node5-1 Creating 
 Container rgg52e9a61402-node13-1 Creating 
 Container rgg52e9a61402-node10-1 Creating 
 Container rgg52e9a61402-node0-1 Creating 
 Container rgg52e9a61402-node9-1 Creating 
 Container rgg52e9a61402-node3-1 Creating 
 Container rgg52e9a61402-node6-1 Creating 
 Container rgg52e9a61402-node14-1 Creating 
 Container rgg52e9a61402-node1-1 Creating 
 Container rgg52e9a61402-node7-1 Creating 
 Container rgg52e9a61402-node12-1 Created 
 Container rgg52e9a61402-node8-1 Created 
 Container rgg52e9a61402-node7-1 Created 
 Container rgg52e9a61402-node11-1 Created 
 Container rgg52e9a61402-node0-1 Created 
 Container rgg52e9a61402-node15-1 Created 
 Container rgg52e9a61402-node9-1 Created 
 Container rgg52e9a61402-node14-1 Created 
 Container rgg52e9a61402-node4-1 Created 
 Container rgg52e9a61402-node5-1 Created 
 Container rgg52e9a61402-node3-1 Created 
 Container rgg52e9a61402-node13-1 Created 
 Container rgg52e9a61402-node6-1 Created 
 Container rgg52e9a61402-node2-1 Created 
 Container rgg52e9a61402-node10-1 Created 
 Container rgg52e9a61402-node1-1 Created 
 Container rgg52e9a61402-driver-1 Creating 
 Container rgg52e9a61402-driver-1 Created 
 Container rgg52e9a61402-collector-1 Starting 
 Container rgg52e9a61402-collector-1 Started 
 Container rgg52e9a61402-node9-1 Starting 
 Container rgg52e9a61402-node7-1 Starting 
 Container rgg52e9a61402-node1-1 Starting 
 Container rgg52e9a61402-node0-1 Starting 
 Container rgg52e9a61402-node10-1 Starting 
 Container rgg52e9a61402-node3-1 Starting 
 Container rgg52e9a61402-node2-1 Starting 
 Container rgg52e9a61402-node8-1 Starting 
 Container rgg52e9a61402-node13-1 Starting 
 Container rgg52e9a61402-node5-1 Starting 
 Container rgg52e9a61402-node12-1 Starting 
 Container rgg52e9a61402-node15-1 Starting 
 Container rgg52e9a61402-node14-1 Starting 
 Container rgg52e9a61402-node11-1 Starting 
 Container rgg52e9a61402-node6-1 Starting 
 Container rgg52e9a61402-node4-1 Starting 
 Container rgg52e9a61402-node13-1 Started 
 Container rgg52e9a61402-node9-1 Started 
 Container rgg52e9a61402-node12-1 Started 
 Container rgg52e9a61402-node7-1 Started 
 Container rgg52e9a61402-node11-1 Started 
 Container rgg52e9a61402-node4-1 Started 
 Container rgg52e9a61402-node2-1 Started 
 Container rgg52e9a61402-node1-1 Started 
 Container rgg52e9a61402-node0-1 Started 
 Container rgg52e9a61402-node10-1 Started 
 Container rgg52e9a61402-node5-1 Started 
 Container rgg52e9a61402-node3-1 Started 
 Container rgg52e9a61402-node8-1 Started 
 Container rgg52e9a61402-node14-1 Started 
 Container rgg52e9a61402-node15-1 Started 
 Container rgg52e9a61402-node6-1 Started 
 Container rgg52e9a61402-driver-1 Starting 
 Container rgg52e9a61402-driver-1 Started 
0
