 Network rgg841552705a_default Creating 
 Network rgg841552705a_default Created 
 Container rgg841552705a-collector-1 Creating 
 Container rgg841552705a-collector-1 Created 
 Container rgg841552705a-node10-1 Creating 
 Container rgg841552705a-node13-1 Creating 
 Container rgg841552705a-node5-1 Creating 
 Container rgg841552705a-node14-1 Creating 
 Container rgg841552705a-node1-1 Creating 
 Container rgg841552705a-node4-1 Creating 
 Container rgg841552705a-node0-1 Creating 
 Container rgg841552705a-node7-1 Creating 
 Container rgg841552705a-node12-1 Creating 
 Container rgg841552705a-node3-1 Creating 
 Container rgg841552705a-node2-1 Creating 
 Container rgg841552705a-node6-1 Creating 
 Container rgg841552705a-node15-1 Creating 
 Container rgg841552705a-node11-1 Creating 
 Container rgg841552705a-node8-1 Creating 
 Container rgg841552705a-node9-1 Creating 
 Container rgg841552705a-node6-1 Created 
 Container rgg841552705a-node1-1 Created 
 Container rgg841552705a-node10-1 Created 
 Container rgg841552705a-node9-1 Created 
 Container rgg841552705a-node5-1 Created 
 Container rgg841552705a-node12-1 Created 
 Container rgg841552705a-node15-1 Created 
 Container rgg841552705a-node14-1 Created 
 Container rgg841552705a-node3-1 Created 
 Container rgg841552705a-node0-1 Created 
 Container rgg841552705a-node8-1 Created 
 Container rgg841552705a-node7-1 Created 
 Container rgg841552705a-node2-1 Created 
 Container rgg841552705a-node13-1 Created 
 Container rgg841552705a-node4-1 Created 
 Container rgg841552705a-node11-1 Created 
 Container rgg841552705a-collector-1 Starting 
 Container rgg841552705a-collector-1 Started 
 Container rgg841552705a-node9-1 Starting 
 Container rgg841552705a-node8-1 Starting 
 Container rgg841552705a-node12-1 Starting 
 Container rgg841552705a-node14-1 Starting 
 Container rgg841552705a-node10-1 Starting 
 Container rgg841552705a-node2-1 Starting 
 Container rgg841552705a-node11-1 Starting 
 Container rgg841552705a-node4-1 Starting 
 Container rgg841552705a-node6-1 Starting 
 Container rgg841552705a-node3-1 Starting 
 Container rgg841552705a-node0-1 Starting 
 Container rgg841552705a-node1-1 Starting 
 Container rgg841552705a-node5-1 Starting 
 Container rgg841552705a-node7-1 Starting 
 Container rgg841552705a-node13-1 Starting 
 Container rgg841552705a-node15-1 Starting 
 Container rgg841552705a-node8-1 Started 
 Container rgg841552705a-node3-1 Started 
 Container rgg841552705a-node5-1 Started 
 Container rgg841552705a-node9-1 Started 
 Container rgg841552705a-node15-1 Started 
 Container rgg841552705a-node4-1 Started 
 Container rgg841552705a-node13-1 Started 
 Container rgg841552705a-node12-1 Started 
 Container rgg841552705a-node11-1 Started 
 Container rgg841552705a-node7-1 Started 
 Container rgg841552705a-node2-1 Started 
 Container rgg841552705a-node10-1 Started 
 Container rgg841552705a-node1-1 Started 
 Container rgg841552705a-node0-1 Started 
 Container rgg841552705a-node6-1 Started 
 Container rgg841552705a-node14-1 Started 
READY_BARRIER: 15/16 node services ready
DRIVER_STARTED: 2026-07-26T22:39:52Z
0
