 Network rgg491aee59ec_default Creating 
 Network rgg491aee59ec_default Created 
 Container rgg491aee59ec-collector-1 Creating 
 Container rgg491aee59ec-collector-1 Created 
 Container rgg491aee59ec-node16-1 Creating 
 Container rgg491aee59ec-node9-1 Creating 
 Container rgg491aee59ec-node12-1 Creating 
 Container rgg491aee59ec-node19-1 Creating 
 Container rgg491aee59ec-node17-1 Creating 
 Container rgg491aee59ec-node0-1 Creating 
 Container rgg491aee59ec-node5-1 Creating 
 Container rgg491aee59ec-node15-1 Creating 
 Container rgg491aee59ec-node21-1 Creating 
 Container rgg491aee59ec-node6-1 Creating 
 Container rgg491aee59ec-node3-1 Creating 
 Container rgg491aee59ec-node23-1 Creating 
 Container rgg491aee59ec-node22-1 Creating 
 Container rgg491aee59ec-node11-1 Creating 
 Container rgg491aee59ec-node4-1 Creating 
 Container rgg491aee59ec-node18-1 Creating 
 Container rgg491aee59ec-node20-1 Creating 
 Container rgg491aee59ec-node10-1 Creating 
 Container rgg491aee59ec-node13-1 Creating 
 Container rgg491aee59ec-node7-1 Creating 
 Container rgg491aee59ec-node14-1 Creating 
 Container rgg491aee59ec-node2-1 Creating 
 Container rgg491aee59ec-node1-1 Creating 
 Container rgg491aee59ec-node8-1 Creating 
 Container rgg491aee59ec-node21-1 Created 
 Container rgg491aee59ec-node6-1 Created 
 Container rgg491aee59ec-node7-1 Created 
 Container rgg491aee59ec-node0-1 Created 
 Container rgg491aee59ec-node18-1 Created 
 Container rgg491aee59ec-node9-1 Created 
 Container rgg491aee59ec-node5-1 Created 
 Container rgg491aee59ec-node23-1 Created 
 Container rgg491aee59ec-node20-1 Created 
 Container rgg491aee59ec-node16-1 Created 
 Container rgg491aee59ec-node13-1 Created 
 Container rgg491aee59ec-node15-1 Created 
 Container rgg491aee59ec-node11-1 Created 
 Container rgg491aee59ec-node1-1 Created 
 Container rgg491aee59ec-node19-1 Created 
 Container rgg491aee59ec-node4-1 Created 
 Container rgg491aee59ec-node2-1 Created 
 Container rgg491aee59ec-node10-1 Created 
 Container rgg491aee59ec-node14-1 Created 
 Container rgg491aee59ec-node12-1 Created 
 Container rgg491aee59ec-node3-1 Created 
 Container rgg491aee59ec-node8-1 Created 
 Container rgg491aee59ec-node22-1 Created 
 Container rgg491aee59ec-node17-1 Created 
 Container rgg491aee59ec-driver-1 Creating 
 Container rgg491aee59ec-driver-1 Created 
 Container rgg491aee59ec-collector-1 Starting 
 Container rgg491aee59ec-collector-1 Started 
 Container rgg491aee59ec-node19-1 Starting 
 Container rgg491aee59ec-node7-1 Starting 
 Container rgg491aee59ec-node10-1 Starting 
 Container rgg491aee59ec-node14-1 Starting 
 Container rgg491aee59ec-node21-1 Starting 
 Container rgg491aee59ec-node17-1 Starting 
 Container rgg491aee59ec-node23-1 Starting 
 Container rgg491aee59ec-node20-1 Starting 
 Container rgg491aee59ec-node18-1 Starting 
 Container rgg491aee59ec-node2-1 Starting 
 Container rgg491aee59ec-node12-1 Starting 
 Container rgg491aee59ec-node11-1 Starting 
 Container rgg491aee59ec-node13-1 Starting 
 Container rgg491aee59ec-node1-1 Starting 
 Container rgg491aee59ec-node15-1 Starting 
 Container rgg491aee59ec-node8-1 Starting 
 Container rgg491aee59ec-node22-1 Starting 
 Container rgg491aee59ec-node6-1 Starting 
 Container rgg491aee59ec-node4-1 Starting 
 Container rgg491aee59ec-node3-1 Starting 
 Container rgg491aee59ec-node9-1 Starting 
 Container rgg491aee59ec-node0-1 Starting 
 Container rgg491aee59ec-node5-1 Starting 
 Container rgg491aee59ec-node16-1 Starting 
 Container rgg491aee59ec-node19-1 Started 
 Container rgg491aee59ec-node9-1 Started 
 Container rgg491aee59ec-node7-1 Started 
 Container rgg491aee59ec-node12-1 Started 
 Container rgg491aee59ec-node22-1 Started 
 Container rgg491aee59ec-node8-1 Started 
 Container rgg491aee59ec-node21-1 Started 
 Container rgg491aee59ec-node11-1 Started 
 Container rgg491aee59ec-node1-1 Started 
 Container rgg491aee59ec-node3-1 Started 
 Container rgg491aee59ec-node15-1 Started 
 Container rgg491aee59ec-node5-1 Started 
 Container rgg491aee59ec-node20-1 Started 
 Container rgg491aee59ec-node13-1 Started 
 Container rgg491aee59ec-node18-1 Started 
 Container rgg491aee59ec-node17-1 Started 
 Container rgg491aee59ec-node6-1 Started 
 Container rgg491aee59ec-node4-1 Started 
 Container rgg491aee59ec-node10-1 Started 
 Container rgg491aee59ec-node16-1 Started 
 Container rgg491aee59ec-node23-1 Started 
 Container rgg491aee59ec-node0-1 Started 
 Container rgg491aee59ec-node2-1 Started 
 Container rgg491aee59ec-node14-1 Started 
 Container rgg491aee59ec-driver-1 Starting 
 Container rgg491aee59ec-driver-1 Started 
0
