 Network rgg524b3fc84e_default Creating 
 Network rgg524b3fc84e_default Created 
 Container rgg524b3fc84e-collector-1 Creating 
 Container rgg524b3fc84e-collector-1 Created 
 Container rgg524b3fc84e-node1-1 Creating 
 Container rgg524b3fc84e-node0-1 Creating 
 Container rgg524b3fc84e-node6-1 Creating 
 Container rgg524b3fc84e-node2-1 Creating 
 Container rgg524b3fc84e-node12-1 Creating 
 Container rgg524b3fc84e-node14-1 Creating 
 Container rgg524b3fc84e-node4-1 Creating 
 Container rgg524b3fc84e-node8-1 Creating 
 Container rgg524b3fc84e-node11-1 Creating 
 Container rgg524b3fc84e-node15-1 Creating 
 Container rgg524b3fc84e-node5-1 Creating 
 Container rgg524b3fc84e-node9-1 Creating 
 Container rgg524b3fc84e-node13-1 Creating 
 Container rgg524b3fc84e-node7-1 Creating 
 Container rgg524b3fc84e-node3-1 Creating 
 Container rgg524b3fc84e-node10-1 Creating 
 Container rgg524b3fc84e-node1-1 Created 
 Container rgg524b3fc84e-node11-1 Created 
 Container rgg524b3fc84e-node0-1 Created 
 Container rgg524b3fc84e-node7-1 Created 
 Container rgg524b3fc84e-node9-1 Created 
 Container rgg524b3fc84e-node2-1 Created 
 Container rgg524b3fc84e-node14-1 Created 
 Container rgg524b3fc84e-node4-1 Created 
 Container rgg524b3fc84e-node6-1 Created 
 Container rgg524b3fc84e-node8-1 Created 
 Container rgg524b3fc84e-node12-1 Created 
 Container rgg524b3fc84e-node13-1 Created 
 Container rgg524b3fc84e-node15-1 Created 
 Container rgg524b3fc84e-node10-1 Created 
 Container rgg524b3fc84e-node5-1 Created 
 Container rgg524b3fc84e-node3-1 Created 
 Container rgg524b3fc84e-driver-1 Creating 
 Container rgg524b3fc84e-driver-1 Created 
 Container rgg524b3fc84e-collector-1 Starting 
 Container rgg524b3fc84e-collector-1 Started 
 Container rgg524b3fc84e-node5-1 Starting 
 Container rgg524b3fc84e-node13-1 Starting 
 Container rgg524b3fc84e-node2-1 Starting 
 Container rgg524b3fc84e-node7-1 Starting 
 Container rgg524b3fc84e-node10-1 Starting 
 Container rgg524b3fc84e-node8-1 Starting 
 Container rgg524b3fc84e-node1-1 Starting 
 Container rgg524b3fc84e-node3-1 Starting 
 Container rgg524b3fc84e-node12-1 Starting 
 Container rgg524b3fc84e-node9-1 Starting 
 Container rgg524b3fc84e-node6-1 Starting 
 Container rgg524b3fc84e-node14-1 Starting 
 Container rgg524b3fc84e-node15-1 Starting 
 Container rgg524b3fc84e-node4-1 Starting 
 Container rgg524b3fc84e-node0-1 Starting 
 Container rgg524b3fc84e-node11-1 Starting 
 Container rgg524b3fc84e-node5-1 Started 
 Container rgg524b3fc84e-node13-1 Started 
 Container rgg524b3fc84e-node7-1 Started 
 Container rgg524b3fc84e-node14-1 Started 
 Container rgg524b3fc84e-node8-1 Started 
 Container rgg524b3fc84e-node9-1 Started 
 Container rgg524b3fc84e-node11-1 Started 
 Container rgg524b3fc84e-node3-1 Started 
 Container rgg524b3fc84e-node1-1 Started 
 Container rgg524b3fc84e-node2-1 Started 
 Container rgg524b3fc84e-node12-1 Started 
 Container rgg524b3fc84e-node0-1 Started 
 Container rgg524b3fc84e-node15-1 Started 
 Container rgg524b3fc84e-node4-1 Started 
 Container rgg524b3fc84e-node6-1 Started 
 Container rgg524b3fc84e-node10-1 Started 
 Container rgg524b3fc84e-driver-1 Starting 
 Container rgg524b3fc84e-driver-1 Started 
0
