 Network rggf78f7348c3_default Creating 
 Network rggf78f7348c3_default Created 
 Container rggf78f7348c3-collector-1 Creating 
 Container rggf78f7348c3-collector-1 Created 
 Container rggf78f7348c3-node1-1 Creating 
 Container rggf78f7348c3-node3-1 Creating 
 Container rggf78f7348c3-node0-1 Creating 
 Container rggf78f7348c3-node7-1 Creating 
 Container rggf78f7348c3-node12-1 Creating 
 Container rggf78f7348c3-node8-1 Creating 
 Container rggf78f7348c3-node15-1 Creating 
 Container rggf78f7348c3-node9-1 Creating 
 Container rggf78f7348c3-node10-1 Creating 
 Container rggf78f7348c3-node11-1 Creating 
 Container rggf78f7348c3-node5-1 Creating 
 Container rggf78f7348c3-node6-1 Creating 
 Container rggf78f7348c3-node4-1 Creating 
 Container rggf78f7348c3-node14-1 Creating 
 Container rggf78f7348c3-node2-1 Creating 
 Container rggf78f7348c3-node13-1 Creating 
 Container rggf78f7348c3-node1-1 Created 
 Container rggf78f7348c3-node0-1 Created 
 Container rggf78f7348c3-node12-1 Created 
 Container rggf78f7348c3-node8-1 Created 
 Container rggf78f7348c3-node9-1 Created 
 Container rggf78f7348c3-node6-1 Created 
 Container rggf78f7348c3-node13-1 Created 
 Container rggf78f7348c3-node3-1 Created 
 Container rggf78f7348c3-node4-1 Created 
 Container rggf78f7348c3-node15-1 Created 
 Container rggf78f7348c3-node14-1 Created 
 Container rggf78f7348c3-node11-1 Created 
 Container rggf78f7348c3-node10-1 Created 
 Container rggf78f7348c3-node7-1 Created 
 Container rggf78f7348c3-node5-1 Created 
 Container rggf78f7348c3-node2-1 Created 
 Container rggf78f7348c3-driver-1 Creating 
 Container rggf78f7348c3-driver-1 Created 
 Container rggf78f7348c3-collector-1 Starting 
 Container rggf78f7348c3-collector-1 Started 
 Container rggf78f7348c3-node6-1 Starting 
 Container rggf78f7348c3-node1-1 Starting 
 Container rggf78f7348c3-node11-1 Starting 
 Container rggf78f7348c3-node15-1 Starting 
 Container rggf78f7348c3-node8-1 Starting 
 Container rggf78f7348c3-node5-1 Starting 
 Container rggf78f7348c3-node2-1 Starting 
 Container rggf78f7348c3-node9-1 Starting 
 Container rggf78f7348c3-node14-1 Starting 
 Container rggf78f7348c3-node13-1 Starting 
 Container rggf78f7348c3-node3-1 Starting 
 Container rggf78f7348c3-node10-1 Starting 
 Container rggf78f7348c3-node12-1 Starting 
 Container rggf78f7348c3-node4-1 Starting 
 Container rggf78f7348c3-node0-1 Starting 
 Container rggf78f7348c3-node7-1 Starting 
 Container rggf78f7348c3-node6-1 Started 
 Container rggf78f7348c3-node5-1 Started 
 Container rggf78f7348c3-node1-1 Started 
 Container rggf78f7348c3-node10-1 Started 
 Container rggf78f7348c3-node4-1 Started 
 Container rggf78f7348c3-node2-1 Started 
 Container rggf78f7348c3-node12-1 Started 
 Container rggf78f7348c3-node8-1 Started 
 Container rggf78f7348c3-node13-1 Started 
 Container rggf78f7348c3-node11-1 Started 
 Container rggf78f7348c3-node3-1 Started 
 Container rggf78f7348c3-node14-1 Started 
 Container rggf78f7348c3-node7-1 Started 
 Container rggf78f7348c3-node0-1 Started 
 Container rggf78f7348c3-node15-1 Started 
 Container rggf78f7348c3-node9-1 Started 
 Container rggf78f7348c3-driver-1 Starting 
 Container rggf78f7348c3-driver-1 Started 
0
