 Network rgg5e384393dc_default Creating 
 Network rgg5e384393dc_default Created 
 Container rgg5e384393dc-collector-1 Creating 
 Container rgg5e384393dc-collector-1 Created 
 Container rgg5e384393dc-node0-1 Creating 
 Container rgg5e384393dc-node1-1 Creating 
 Container rgg5e384393dc-node12-1 Creating 
 Container rgg5e384393dc-node5-1 Creating 
 Container rgg5e384393dc-node2-1 Creating 
 Container rgg5e384393dc-node4-1 Creating 
 Container rgg5e384393dc-node11-1 Creating 
 Container rgg5e384393dc-node9-1 Creating 
 Container rgg5e384393dc-node13-1 Creating 
 Container rgg5e384393dc-node15-1 Creating 
 Container rgg5e384393dc-node6-1 Creating 
 Container rgg5e384393dc-node3-1 Creating 
 Container rgg5e384393dc-node8-1 Creating 
 Container rgg5e384393dc-node10-1 Creating 
 Container rgg5e384393dc-node7-1 Creating 
 Container rgg5e384393dc-node14-1 Creating 
 Container rgg5e384393dc-node2-1 Created 
 Container rgg5e384393dc-node3-1 Created 
 Container rgg5e384393dc-node12-1 Created 
 Container rgg5e384393dc-node0-1 Created 
 Container rgg5e384393dc-node6-1 Created 
 Container rgg5e384393dc-node13-1 Created 
 Container rgg5e384393dc-node1-1 Created 
 Container rgg5e384393dc-node14-1 Created 
 Container rgg5e384393dc-node15-1 Created 
 Container rgg5e384393dc-node4-1 Created 
 Container rgg5e384393dc-node7-1 Created 
 Container rgg5e384393dc-node11-1 Created 
 Container rgg5e384393dc-node10-1 Created 
 Container rgg5e384393dc-node9-1 Created 
 Container rgg5e384393dc-node5-1 Created 
 Container rgg5e384393dc-node8-1 Created 
 Container rgg5e384393dc-driver-1 Creating 
 Container rgg5e384393dc-driver-1 Created 
 Container rgg5e384393dc-collector-1 Starting 
 Container rgg5e384393dc-collector-1 Started 
 Container rgg5e384393dc-node8-1 Starting 
 Container rgg5e384393dc-node15-1 Starting 
 Container rgg5e384393dc-node2-1 Starting 
 Container rgg5e384393dc-node3-1 Starting 
 Container rgg5e384393dc-node10-1 Starting 
 Container rgg5e384393dc-node0-1 Starting 
 Container rgg5e384393dc-node12-1 Starting 
 Container rgg5e384393dc-node5-1 Starting 
 Container rgg5e384393dc-node6-1 Starting 
 Container rgg5e384393dc-node4-1 Starting 
 Container rgg5e384393dc-node7-1 Starting 
 Container rgg5e384393dc-node11-1 Starting 
 Container rgg5e384393dc-node9-1 Starting 
 Container rgg5e384393dc-node14-1 Starting 
 Container rgg5e384393dc-node1-1 Starting 
 Container rgg5e384393dc-node13-1 Starting 
 Container rgg5e384393dc-node8-1 Started 
 Container rgg5e384393dc-node14-1 Started 
 Container rgg5e384393dc-node12-1 Started 
 Container rgg5e384393dc-node4-1 Started 
 Container rgg5e384393dc-node2-1 Started 
 Container rgg5e384393dc-node6-1 Started 
 Container rgg5e384393dc-node15-1 Started 
 Container rgg5e384393dc-node11-1 Started 
 Container rgg5e384393dc-node0-1 Started 
 Container rgg5e384393dc-node13-1 Started 
 Container rgg5e384393dc-node7-1 Started 
 Container rgg5e384393dc-node10-1 Started 
 Container rgg5e384393dc-node1-1 Started 
 Container rgg5e384393dc-node9-1 Started 
 Container rgg5e384393dc-node5-1 Started 
 Container rgg5e384393dc-node3-1 Started 
 Container rgg5e384393dc-driver-1 Starting 
 Container rgg5e384393dc-driver-1 Started 
0
