 Network rgg51a96f639b_default Creating 
 Network rgg51a96f639b_default Created 
 Container rgg51a96f639b-collector-1 Creating 
 Container rgg51a96f639b-collector-1 Created 
 Container rgg51a96f639b-node1-1 Creating 
 Container rgg51a96f639b-node11-1 Creating 
 Container rgg51a96f639b-node13-1 Creating 
 Container rgg51a96f639b-node3-1 Creating 
 Container rgg51a96f639b-node5-1 Creating 
 Container rgg51a96f639b-node12-1 Creating 
 Container rgg51a96f639b-node15-1 Creating 
 Container rgg51a96f639b-node0-1 Creating 
 Container rgg51a96f639b-node6-1 Creating 
 Container rgg51a96f639b-node4-1 Creating 
 Container rgg51a96f639b-node2-1 Creating 
 Container rgg51a96f639b-node8-1 Creating 
 Container rgg51a96f639b-node9-1 Creating 
 Container rgg51a96f639b-node10-1 Creating 
 Container rgg51a96f639b-node7-1 Creating 
 Container rgg51a96f639b-node14-1 Creating 
 Container rgg51a96f639b-node13-1 Created 
 Container rgg51a96f639b-node12-1 Created 
 Container rgg51a96f639b-node1-1 Created 
 Container rgg51a96f639b-node11-1 Created 
 Container rgg51a96f639b-node0-1 Created 
 Container rgg51a96f639b-node5-1 Created 
 Container rgg51a96f639b-node3-1 Created 
 Container rgg51a96f639b-node14-1 Created 
 Container rgg51a96f639b-node7-1 Created 
 Container rgg51a96f639b-node15-1 Created 
 Container rgg51a96f639b-node8-1 Created 
 Container rgg51a96f639b-node6-1 Created 
 Container rgg51a96f639b-node4-1 Created 
 Container rgg51a96f639b-node2-1 Created 
 Container rgg51a96f639b-node10-1 Created 
 Container rgg51a96f639b-node9-1 Created 
 Container rgg51a96f639b-collector-1 Starting 
 Container rgg51a96f639b-collector-1 Started 
 Container rgg51a96f639b-node3-1 Starting 
 Container rgg51a96f639b-node9-1 Starting 
 Container rgg51a96f639b-node12-1 Starting 
 Container rgg51a96f639b-node1-1 Starting 
 Container rgg51a96f639b-node10-1 Starting 
 Container rgg51a96f639b-node4-1 Starting 
 Container rgg51a96f639b-node7-1 Starting 
 Container rgg51a96f639b-node5-1 Starting 
 Container rgg51a96f639b-node11-1 Starting 
 Container rgg51a96f639b-node0-1 Starting 
 Container rgg51a96f639b-node14-1 Starting 
 Container rgg51a96f639b-node2-1 Starting 
 Container rgg51a96f639b-node8-1 Starting 
 Container rgg51a96f639b-node13-1 Starting 
 Container rgg51a96f639b-node6-1 Starting 
 Container rgg51a96f639b-node15-1 Starting 
 Container rgg51a96f639b-node12-1 Started 
 Container rgg51a96f639b-node3-1 Started 
 Container rgg51a96f639b-node7-1 Started 
 Container rgg51a96f639b-node9-1 Started 
 Container rgg51a96f639b-node13-1 Started 
 Container rgg51a96f639b-node0-1 Started 
 Container rgg51a96f639b-node15-1 Started 
 Container rgg51a96f639b-node5-1 Started 
 Container rgg51a96f639b-node14-1 Started 
 Container rgg51a96f639b-node1-1 Started 
 Container rgg51a96f639b-node6-1 Started 
 Container rgg51a96f639b-node10-1 Started 
 Container rgg51a96f639b-node4-1 Started 
 Container rgg51a96f639b-node11-1 Started 
 Container rgg51a96f639b-node8-1 Started 
 Container rgg51a96f639b-node2-1 Started 
READY_BARRIER: 15/16 node services ready
DRIVER_STARTED: 2026-07-15T13:47:03Z
0
