 Network rggf09f3fae3b_default Creating 
 Network rggf09f3fae3b_default Created 
 Container rggf09f3fae3b-collector-1 Creating 
 Container rggf09f3fae3b-collector-1 Created 
 Container rggf09f3fae3b-node1-1 Creating 
 Container rggf09f3fae3b-node13-1 Creating 
 Container rggf09f3fae3b-node14-1 Creating 
 Container rggf09f3fae3b-node8-1 Creating 
 Container rggf09f3fae3b-node2-1 Creating 
 Container rggf09f3fae3b-node7-1 Creating 
 Container rggf09f3fae3b-node5-1 Creating 
 Container rggf09f3fae3b-node15-1 Creating 
 Container rggf09f3fae3b-node10-1 Creating 
 Container rggf09f3fae3b-node4-1 Creating 
 Container rggf09f3fae3b-node11-1 Creating 
 Container rggf09f3fae3b-node0-1 Creating 
 Container rggf09f3fae3b-node12-1 Creating 
 Container rggf09f3fae3b-node9-1 Creating 
 Container rggf09f3fae3b-node6-1 Creating 
 Container rggf09f3fae3b-node3-1 Creating 
 Container rggf09f3fae3b-node14-1 Created 
 Container rggf09f3fae3b-node1-1 Created 
 Container rggf09f3fae3b-node4-1 Created 
 Container rggf09f3fae3b-node10-1 Created 
 Container rggf09f3fae3b-node0-1 Created 
 Container rggf09f3fae3b-node9-1 Created 
 Container rggf09f3fae3b-node5-1 Created 
 Container rggf09f3fae3b-node6-1 Created 
 Container rggf09f3fae3b-node15-1 Created 
 Container rggf09f3fae3b-node7-1 Created 
 Container rggf09f3fae3b-node13-1 Created 
 Container rggf09f3fae3b-node11-1 Created 
 Container rggf09f3fae3b-node12-1 Created 
 Container rggf09f3fae3b-node8-1 Created 
 Container rggf09f3fae3b-node3-1 Created 
 Container rggf09f3fae3b-node2-1 Created 
 Container rggf09f3fae3b-driver-1 Creating 
 Container rggf09f3fae3b-driver-1 Created 
 Container rggf09f3fae3b-collector-1 Starting 
 Container rggf09f3fae3b-collector-1 Started 
 Container rggf09f3fae3b-node5-1 Starting 
 Container rggf09f3fae3b-node0-1 Starting 
 Container rggf09f3fae3b-node13-1 Starting 
 Container rggf09f3fae3b-node2-1 Starting 
 Container rggf09f3fae3b-node8-1 Starting 
 Container rggf09f3fae3b-node15-1 Starting 
 Container rggf09f3fae3b-node1-1 Starting 
 Container rggf09f3fae3b-node4-1 Starting 
 Container rggf09f3fae3b-node6-1 Starting 
 Container rggf09f3fae3b-node7-1 Starting 
 Container rggf09f3fae3b-node10-1 Starting 
 Container rggf09f3fae3b-node3-1 Starting 
 Container rggf09f3fae3b-node12-1 Starting 
 Container rggf09f3fae3b-node11-1 Starting 
 Container rggf09f3fae3b-node14-1 Starting 
 Container rggf09f3fae3b-node9-1 Starting 
 Container rggf09f3fae3b-node0-1 Started 
 Container rggf09f3fae3b-node10-1 Started 
 Container rggf09f3fae3b-node12-1 Started 
 Container rggf09f3fae3b-node9-1 Started 
 Container rggf09f3fae3b-node5-1 Started 
 Container rggf09f3fae3b-node13-1 Started 
 Container rggf09f3fae3b-node4-1 Started 
 Container rggf09f3fae3b-node11-1 Started 
 Container rggf09f3fae3b-node14-1 Started 
 Container rggf09f3fae3b-node1-1 Started 
 Container rggf09f3fae3b-node8-1 Started 
 Container rggf09f3fae3b-node7-1 Started 
 Container rggf09f3fae3b-node15-1 Started 
 Container rggf09f3fae3b-node3-1 Started 
 Container rggf09f3fae3b-node6-1 Started 
 Container rggf09f3fae3b-node2-1 Started 
 Container rggf09f3fae3b-driver-1 Starting 
 Container rggf09f3fae3b-driver-1 Started 
0
