{
  "client_latency_ms": {
    "mean": 2192.524489,
    "p50": 2192.524489,
    "p95": 2192.524489,
    "p99": 2192.524489
  },
  "conflicting_commit_count": 0,
  "conflicting_commits": [],
  "driver_failure_count": 0,
  "driver_success_count": 1,
  "driver_success_rate": 1.0,
  "duplicate_commit_events": 0,
  "equivocation_observed_events": 0,
  "equivocation_sent_events": 0,
  "fault_injected_events": 1,
  "final_protocol_bytes_sent": 274622,
  "final_protocol_messages_sent": 604,
  "invalid_new_view_events": 0,
  "invalid_signature_events": 0,
  "invalid_view_change_events": 0,
  "max_accepted_view": 1,
  "new_view_accepted_events": 23,
  "new_view_sent_events": 1,
  "node_commit_completeness": 0.9583333333333334,
  "node_commit_count": 23,
  "node_count": 24,
  "node_error_events": 0,
  "node_latency_ms": {
    "mean": 2198.132024173913,
    "p50": 2199.181904,
    "p95": 2202.373793,
    "p99": 2202.572746
  },
  "recovered_sequence_count": 1,
  "recovery_latency_ms": {
    "mean": 91.003487,
    "p50": 91.003487,
    "p95": 91.003487,
    "p99": 91.003487
  },
  "reported_protocol_bytes_sent": 187460,
  "reported_protocol_messages_sent": 514,
  "round_count": 1,
  "safety_violation_events": 0,
  "stale_new_view_events": 0,
  "view_change_sent_events": 3
}
