{
  "client_latency_ms": {
    "mean": 2254.170693,
    "p50": 2254.170693,
    "p95": 2254.170693,
    "p99": 2254.170693
  },
  "conflicting_commit_count": 0,
  "conflicting_commits": [],
  "driver_failure_count": 0,
  "driver_success_count": 1,
  "driver_success_rate": 1.0,
  "duplicate_commit_events": 0,
  "equivocation_observed_events": 0,
  "equivocation_sent_events": 0,
  "fault_injected_events": 1,
  "final_protocol_bytes_sent": 425517,
  "final_protocol_messages_sent": 1172,
  "invalid_new_view_events": 0,
  "invalid_signature_events": 0,
  "invalid_view_change_events": 0,
  "max_accepted_view": 1,
  "new_view_accepted_events": 23,
  "new_view_sent_events": 1,
  "node_commit_completeness": 0.9583333333333334,
  "node_commit_count": 23,
  "node_count": 24,
  "node_error_events": 0,
  "node_latency_ms": {
    "mean": 2247.271334,
    "p50": 2246.102496,
    "p95": 2260.819325,
    "p99": 2260.866837
  },
  "recovered_sequence_count": 1,
  "recovery_latency_ms": {
    "mean": 151.135787,
    "p50": 151.135787,
    "p95": 151.135787,
    "p99": 151.135787
  },
  "reported_protocol_bytes_sent": 406657,
  "reported_protocol_messages_sent": 1106,
  "round_count": 1,
  "safety_violation_events": 0,
  "stale_new_view_events": 0,
  "view_change_sent_events": 23
}
