{
  "client_latency_ms": {
    "mean": 652.657114,
    "p50": 652.657114,
    "p95": 652.657114,
    "p99": 652.657114
  },
  "conflicting_commit_count": 0,
  "conflicting_commits": [],
  "driver_failure_count": 0,
  "driver_success_count": 1,
  "driver_success_rate": 1.0,
  "duplicate_commit_events": 0,
  "equivocation_observed_events": 0,
  "equivocation_sent_events": 0,
  "fault_injected_events": 1,
  "final_protocol_bytes_sent": 181490,
  "final_protocol_messages_sent": 479,
  "invalid_new_view_events": 0,
  "invalid_signature_events": 0,
  "invalid_view_change_events": 0,
  "max_accepted_view": 1,
  "new_view_accepted_events": 15,
  "new_view_sent_events": 1,
  "node_commit_completeness": 0.9375,
  "node_commit_count": 15,
  "node_count": 16,
  "node_error_events": 0,
  "node_latency_ms": {
    "mean": 637.1930715333333,
    "p50": 635.048099,
    "p95": 649.054128,
    "p99": 649.054128
  },
  "recovered_sequence_count": 1,
  "recovery_latency_ms": {
    "mean": 120.489242,
    "p50": 120.489242,
    "p95": 120.489242,
    "p99": 120.489242
  },
  "reported_protocol_bytes_sent": 176656,
  "reported_protocol_messages_sent": 462,
  "round_count": 1,
  "safety_violation_events": 0,
  "stale_new_view_events": 0,
  "view_change_sent_events": 14
}
