{
  "client_latency_ms": {
    "mean": 2318.273378,
    "p50": 2318.273378,
    "p95": 2318.273378,
    "p99": 2318.273378
  },
  "conflicting_commit_count": 0,
  "conflicting_commits": [],
  "driver_failure_count": 0,
  "driver_success_count": 1,
  "driver_success_rate": 1.0,
  "duplicate_commit_events": 0,
  "equivocation_observed_events": 0,
  "equivocation_sent_events": 0,
  "fault_injected_events": 1,
  "final_protocol_bytes_sent": 405769,
  "final_protocol_messages_sent": 1103,
  "invalid_new_view_events": 0,
  "invalid_signature_events": 0,
  "invalid_view_change_events": 0,
  "max_accepted_view": 1,
  "new_view_accepted_events": 23,
  "new_view_sent_events": 1,
  "node_commit_completeness": 0.9583333333333334,
  "node_commit_count": 23,
  "node_count": 24,
  "node_error_events": 0,
  "node_latency_ms": {
    "mean": 2327.450035826087,
    "p50": 2319.36364,
    "p95": 2374.120549,
    "p99": 2377.37228
  },
  "recovered_sequence_count": 1,
  "recovery_latency_ms": {
    "mean": 281.095859,
    "p50": 281.095859,
    "p95": 281.095859,
    "p99": 281.095859
  },
  "reported_protocol_bytes_sent": 405769,
  "reported_protocol_messages_sent": 1103,
  "round_count": 1,
  "safety_violation_events": 0,
  "stale_new_view_events": 0,
  "view_change_sent_events": 23
}
