{
  "client_latency_ms": {
    "mean": 1125.124057,
    "p50": 1125.124057,
    "p95": 1125.124057,
    "p99": 1125.124057
  },
  "conflicting_commit_count": 0,
  "conflicting_commits": [],
  "driver_failure_count": 0,
  "driver_success_count": 1,
  "driver_success_rate": 1.0,
  "duplicate_commit_events": 0,
  "equivocation_observed_events": 0,
  "equivocation_sent_events": 0,
  "fault_injected_events": 3,
  "final_protocol_bytes_sent": 139055,
  "final_protocol_messages_sent": 195,
  "invalid_new_view_events": 0,
  "invalid_signature_events": 0,
  "invalid_view_change_events": 0,
  "max_accepted_view": 2,
  "new_view_accepted_events": 16,
  "new_view_sent_events": 1,
  "node_commit_completeness": 1.0,
  "node_commit_count": 16,
  "node_count": 16,
  "node_error_events": 0,
  "node_latency_ms": {
    "mean": 1132.460500875,
    "p50": 1133.599056,
    "p95": 1138.602792,
    "p99": 1138.602792
  },
  "recovered_sequence_count": 1,
  "recovery_latency_ms": {
    "mean": 612.779258,
    "p50": 612.779258,
    "p95": 612.779258,
    "p99": 612.779258
  },
  "reported_protocol_bytes_sent": 67172,
  "reported_protocol_messages_sent": 130,
  "round_count": 1,
  "safety_violation_events": 0,
  "stale_new_view_events": 0,
  "view_change_sent_events": 8
}
