{
  "client_latency_ms": {
    "mean": 2168.089316,
    "p50": 2168.089316,
    "p95": 2168.089316,
    "p99": 2168.089316
  },
  "conflicting_commit_count": 0,
  "conflicting_commits": [],
  "driver_failure_count": 0,
  "driver_success_count": 1,
  "driver_success_rate": 1.0,
  "duplicate_commit_events": 0,
  "equivocation_observed_events": 0,
  "equivocation_sent_events": 0,
  "fault_injected_events": 1,
  "final_protocol_bytes_sent": 274619,
  "final_protocol_messages_sent": 604,
  "invalid_new_view_events": 0,
  "invalid_signature_events": 0,
  "invalid_view_change_events": 0,
  "max_accepted_view": 1,
  "new_view_accepted_events": 23,
  "new_view_sent_events": 1,
  "node_commit_completeness": 0.9583333333333334,
  "node_commit_count": 23,
  "node_count": 24,
  "node_error_events": 0,
  "node_latency_ms": {
    "mean": 2169.5102868695653,
    "p50": 2170.92172,
    "p95": 2173.77482,
    "p99": 2173.954163
  },
  "recovered_sequence_count": 1,
  "recovery_latency_ms": {
    "mean": 73.52451,
    "p50": 73.52451,
    "p95": 73.52451,
    "p99": 73.52451
  },
  "reported_protocol_bytes_sent": 187749,
  "reported_protocol_messages_sent": 515,
  "round_count": 1,
  "safety_violation_events": 0,
  "stale_new_view_events": 0,
  "view_change_sent_events": 3
}
