{
  "client_latency_ms": {
    "mean": 695.550018,
    "p50": 695.550018,
    "p95": 695.550018,
    "p99": 695.550018
  },
  "conflicting_commit_count": 0,
  "conflicting_commits": [],
  "driver_failure_count": 0,
  "driver_success_count": 1,
  "driver_success_rate": 1.0,
  "duplicate_commit_events": 0,
  "equivocation_observed_events": 0,
  "equivocation_sent_events": 0,
  "fault_injected_events": 1,
  "final_protocol_bytes_sent": 152646,
  "final_protocol_messages_sent": 283,
  "invalid_new_view_events": 0,
  "invalid_signature_events": 0,
  "invalid_view_change_events": 0,
  "max_accepted_view": 1,
  "new_view_accepted_events": 15,
  "new_view_sent_events": 1,
  "node_commit_completeness": 0.9375,
  "node_commit_count": 15,
  "node_count": 16,
  "node_error_events": 0,
  "node_latency_ms": {
    "mean": 686.6752003999999,
    "p50": 689.022067,
    "p95": 690.222822,
    "p99": 690.222822
  },
  "recovered_sequence_count": 1,
  "recovery_latency_ms": {
    "mean": 91.066086,
    "p50": 91.066086,
    "p95": 91.066086,
    "p99": 91.066086
  },
  "reported_protocol_bytes_sent": 94665,
  "reported_protocol_messages_sent": 220,
  "round_count": 1,
  "safety_violation_events": 0,
  "stale_new_view_events": 0,
  "view_change_sent_events": 3
}
