{
  "client_latency_ms": {
    "mean": 641.904097,
    "p50": 641.904097,
    "p95": 641.904097,
    "p99": 641.904097
  },
  "conflicting_commit_count": 0,
  "conflicting_commits": [],
  "driver_failure_count": 0,
  "driver_success_count": 1,
  "driver_success_rate": 1.0,
  "duplicate_commit_events": 0,
  "equivocation_observed_events": 0,
  "equivocation_sent_events": 0,
  "fault_injected_events": 1,
  "final_protocol_bytes_sent": 116632,
  "final_protocol_messages_sent": 166,
  "invalid_new_view_events": 0,
  "invalid_signature_events": 0,
  "invalid_view_change_events": 0,
  "max_accepted_view": 1,
  "new_view_accepted_events": 15,
  "new_view_sent_events": 1,
  "node_commit_completeness": 0.9375,
  "node_commit_count": 15,
  "node_count": 16,
  "node_error_events": 0,
  "node_latency_ms": {
    "mean": 626.5609499333333,
    "p50": 627.186577,
    "p95": 630.211199,
    "p99": 630.211199
  },
  "recovered_sequence_count": 1,
  "recovery_latency_ms": {
    "mean": 86.715767,
    "p50": 86.715767,
    "p95": 86.715767,
    "p99": 86.715767
  },
  "reported_protocol_bytes_sent": 62974,
  "reported_protocol_messages_sent": 118,
  "round_count": 1,
  "safety_violation_events": 0,
  "stale_new_view_events": 0,
  "view_change_sent_events": 3
}
