{
  "client_latency_ms": {
    "mean": 690.770957,
    "p50": 690.770957,
    "p95": 690.770957,
    "p99": 690.770957
  },
  "conflicting_commit_count": 0,
  "conflicting_commits": [],
  "driver_failure_count": 0,
  "driver_success_count": 1,
  "driver_success_rate": 1.0,
  "duplicate_commit_events": 0,
  "equivocation_observed_events": 0,
  "equivocation_sent_events": 0,
  "fault_injected_events": 1,
  "final_protocol_bytes_sent": 152641,
  "final_protocol_messages_sent": 283,
  "invalid_new_view_events": 0,
  "invalid_signature_events": 0,
  "invalid_view_change_events": 0,
  "max_accepted_view": 1,
  "new_view_accepted_events": 15,
  "new_view_sent_events": 1,
  "node_commit_completeness": 0.9375,
  "node_commit_count": 15,
  "node_count": 16,
  "node_error_events": 0,
  "node_latency_ms": {
    "mean": 688.9228232666667,
    "p50": 690.274319,
    "p95": 693.692161,
    "p99": 693.692161
  },
  "recovered_sequence_count": 1,
  "recovery_latency_ms": {
    "mean": 97.707269,
    "p50": 97.707269,
    "p95": 97.707269,
    "p99": 97.707269
  },
  "reported_protocol_bytes_sent": 94951,
  "reported_protocol_messages_sent": 221,
  "round_count": 1,
  "safety_violation_events": 0,
  "stale_new_view_events": 0,
  "view_change_sent_events": 3
}
