{
  "client_latency_ms": {
    "mean": 651.94033,
    "p50": 651.94033,
    "p95": 651.94033,
    "p99": 651.94033
  },
  "conflicting_commit_count": 0,
  "conflicting_commits": [],
  "driver_failure_count": 0,
  "driver_success_count": 1,
  "driver_success_rate": 1.0,
  "duplicate_commit_events": 0,
  "equivocation_observed_events": 0,
  "equivocation_sent_events": 0,
  "fault_injected_events": 1,
  "final_protocol_bytes_sent": 151770,
  "final_protocol_messages_sent": 280,
  "invalid_new_view_events": 0,
  "invalid_signature_events": 0,
  "invalid_view_change_events": 0,
  "max_accepted_view": 1,
  "new_view_accepted_events": 15,
  "new_view_sent_events": 1,
  "node_commit_completeness": 0.9375,
  "node_commit_count": 15,
  "node_count": 16,
  "node_error_events": 0,
  "node_latency_ms": {
    "mean": 656.1276839999999,
    "p50": 657.358791,
    "p95": 659.686603,
    "p99": 659.686603
  },
  "recovered_sequence_count": 1,
  "recovery_latency_ms": {
    "mean": 78.316311,
    "p50": 78.316311,
    "p95": 78.316311,
    "p99": 78.316311
  },
  "reported_protocol_bytes_sent": 94956,
  "reported_protocol_messages_sent": 221,
  "round_count": 1,
  "safety_violation_events": 0,
  "stale_new_view_events": 0,
  "view_change_sent_events": 3
}
