{
  "client_latency_ms": {
    "mean": 694.20738,
    "p50": 694.20738,
    "p95": 694.20738,
    "p99": 694.20738
  },
  "conflicting_commit_count": 0,
  "conflicting_commits": [],
  "driver_failure_count": 0,
  "driver_success_count": 1,
  "driver_success_rate": 1.0,
  "duplicate_commit_events": 0,
  "equivocation_observed_events": 0,
  "equivocation_sent_events": 8,
  "fault_injected_events": 1,
  "final_protocol_bytes_sent": 228918,
  "final_protocol_messages_sent": 645,
  "invalid_new_view_events": 0,
  "invalid_signature_events": 0,
  "invalid_view_change_events": 0,
  "max_accepted_view": 1,
  "new_view_accepted_events": 16,
  "new_view_sent_events": 1,
  "node_commit_completeness": 1.0,
  "node_commit_count": 16,
  "node_count": 16,
  "node_error_events": 0,
  "node_latency_ms": {
    "mean": 694.8346876875,
    "p50": 693.206669,
    "p95": 701.701536,
    "p99": 701.701536
  },
  "recovered_sequence_count": 1,
  "recovery_latency_ms": {
    "mean": 107.697893,
    "p50": 107.697893,
    "p95": 107.697893,
    "p99": 107.697893
  },
  "reported_protocol_bytes_sent": 218671,
  "reported_protocol_messages_sent": 609,
  "round_count": 1,
  "safety_violation_events": 0,
  "stale_new_view_events": 0,
  "view_change_sent_events": 16
}
