{
  "client_latency_ms": {
    "mean": 2154.922217,
    "p50": 2154.922217,
    "p95": 2154.922217,
    "p99": 2154.922217
  },
  "conflicting_commit_count": 0,
  "conflicting_commits": [],
  "driver_failure_count": 0,
  "driver_success_count": 1,
  "driver_success_rate": 1.0,
  "duplicate_commit_events": 0,
  "equivocation_observed_events": 0,
  "equivocation_sent_events": 0,
  "fault_injected_events": 1,
  "final_protocol_bytes_sent": 196228,
  "final_protocol_messages_sent": 338,
  "invalid_new_view_events": 0,
  "invalid_signature_events": 0,
  "invalid_view_change_events": 0,
  "max_accepted_view": 1,
  "new_view_accepted_events": 23,
  "new_view_sent_events": 1,
  "node_commit_completeness": 0.9583333333333334,
  "node_commit_count": 23,
  "node_count": 24,
  "node_error_events": 0,
  "node_latency_ms": {
    "mean": 2152.8105,
    "p50": 2153.826712,
    "p95": 2157.200769,
    "p99": 2157.446719
  },
  "recovered_sequence_count": 1,
  "recovery_latency_ms": {
    "mean": 132.804074,
    "p50": 132.804074,
    "p95": 132.804074,
    "p99": 132.804074
  },
  "reported_protocol_bytes_sent": 114231,
  "reported_protocol_messages_sent": 266,
  "round_count": 1,
  "safety_violation_events": 0,
  "stale_new_view_events": 0,
  "view_change_sent_events": 3
}
