{
  "client_latency_ms": {
    "mean": 2256.563326,
    "p50": 2256.563326,
    "p95": 2256.563326,
    "p99": 2256.563326
  },
  "conflicting_commit_count": 0,
  "conflicting_commits": [],
  "driver_failure_count": 0,
  "driver_success_count": 1,
  "driver_success_rate": 1.0,
  "duplicate_commit_events": 0,
  "equivocation_observed_events": 0,
  "equivocation_sent_events": 0,
  "fault_injected_events": 1,
  "final_protocol_bytes_sent": 501411,
  "final_protocol_messages_sent": 1438,
  "invalid_new_view_events": 0,
  "invalid_signature_events": 0,
  "invalid_view_change_events": 0,
  "max_accepted_view": 1,
  "new_view_accepted_events": 23,
  "new_view_sent_events": 1,
  "node_commit_completeness": 0.9583333333333334,
  "node_commit_count": 23,
  "node_count": 24,
  "node_error_events": 0,
  "node_latency_ms": {
    "mean": 2255.5033128695654,
    "p50": 2254.012186,
    "p95": 2267.403455,
    "p99": 2269.828478
  },
  "recovered_sequence_count": 1,
  "recovery_latency_ms": {
    "mean": 138.845483,
    "p50": 138.845483,
    "p95": 138.845483,
    "p99": 138.845483
  },
  "reported_protocol_bytes_sent": 490245,
  "reported_protocol_messages_sent": 1399,
  "round_count": 1,
  "safety_violation_events": 0,
  "stale_new_view_events": 0,
  "view_change_sent_events": 23
}
