{
  "client_latency_ms": {
    "mean": 739.296021,
    "p50": 739.296021,
    "p95": 739.296021,
    "p99": 739.296021
  },
  "conflicting_commit_count": 0,
  "conflicting_commits": [],
  "driver_failure_count": 0,
  "driver_success_count": 1,
  "driver_success_rate": 1.0,
  "duplicate_commit_events": 0,
  "equivocation_observed_events": 0,
  "equivocation_sent_events": 3,
  "fault_injected_events": 1,
  "final_protocol_bytes_sent": 154020,
  "final_protocol_messages_sent": 244,
  "invalid_new_view_events": 0,
  "invalid_signature_events": 0,
  "invalid_view_change_events": 0,
  "max_accepted_view": 1,
  "new_view_accepted_events": 16,
  "new_view_sent_events": 1,
  "node_commit_completeness": 1.0,
  "node_commit_count": 16,
  "node_count": 16,
  "node_error_events": 0,
  "node_latency_ms": {
    "mean": 726.471428625,
    "p50": 728.25789,
    "p95": 731.684688,
    "p99": 731.684688
  },
  "recovered_sequence_count": 1,
  "recovery_latency_ms": {
    "mean": 204.334458,
    "p50": 204.334458,
    "p95": 204.334458,
    "p99": 204.334458
  },
  "reported_protocol_bytes_sent": 82152,
  "reported_protocol_messages_sent": 179,
  "round_count": 1,
  "safety_violation_events": 0,
  "stale_new_view_events": 0,
  "view_change_sent_events": 4
}
