{
  "client_latency_ms": {
    "mean": 677.159803,
    "p50": 677.159803,
    "p95": 677.159803,
    "p99": 677.159803
  },
  "conflicting_commit_count": 0,
  "conflicting_commits": [],
  "driver_failure_count": 0,
  "driver_success_count": 1,
  "driver_success_rate": 1.0,
  "duplicate_commit_events": 0,
  "equivocation_observed_events": 0,
  "equivocation_sent_events": 0,
  "fault_injected_events": 1,
  "final_protocol_bytes_sent": 194381,
  "final_protocol_messages_sent": 524,
  "invalid_new_view_events": 0,
  "invalid_signature_events": 0,
  "invalid_view_change_events": 0,
  "max_accepted_view": 1,
  "new_view_accepted_events": 15,
  "new_view_sent_events": 1,
  "node_commit_completeness": 0.9375,
  "node_commit_count": 15,
  "node_count": 16,
  "node_error_events": 0,
  "node_latency_ms": {
    "mean": 675.7328970666666,
    "p50": 673.539096,
    "p95": 684.706819,
    "p99": 684.706819
  },
  "recovered_sequence_count": 1,
  "recovery_latency_ms": {
    "mean": 114.928143,
    "p50": 114.928143,
    "p95": 114.928143,
    "p99": 114.928143
  },
  "reported_protocol_bytes_sent": 184650,
  "reported_protocol_messages_sent": 490,
  "round_count": 1,
  "safety_violation_events": 0,
  "stale_new_view_events": 0,
  "view_change_sent_events": 15
}
