{
  "client_latency_ms": {
    "mean": 4138.698078,
    "p50": 4138.698078,
    "p95": 4138.698078,
    "p99": 4138.698078
  },
  "conflicting_commit_count": 0,
  "conflicting_commits": [],
  "driver_failure_count": 0,
  "driver_success_count": 1,
  "driver_success_rate": 1.0,
  "duplicate_commit_events": 0,
  "equivocation_observed_events": 0,
  "equivocation_sent_events": 0,
  "fault_injected_events": 3,
  "final_protocol_bytes_sent": 229243,
  "final_protocol_messages_sent": 379,
  "invalid_new_view_events": 0,
  "invalid_signature_events": 0,
  "invalid_view_change_events": 0,
  "max_accepted_view": 2,
  "new_view_accepted_events": 24,
  "new_view_sent_events": 1,
  "node_commit_completeness": 1.0,
  "node_commit_count": 24,
  "node_count": 24,
  "node_error_events": 0,
  "node_latency_ms": {
    "mean": 4129.747479000001,
    "p50": 4130.129858,
    "p95": 4134.735514,
    "p99": 4135.231389
  },
  "recovered_sequence_count": 1,
  "recovery_latency_ms": {
    "mean": 2110.442157,
    "p50": 2110.442157,
    "p95": 2110.442157,
    "p99": 2110.442157
  },
  "reported_protocol_bytes_sent": 120200,
  "reported_protocol_messages_sent": 284,
  "round_count": 1,
  "safety_violation_events": 0,
  "stale_new_view_events": 0,
  "view_change_sent_events": 7
}
