{
  "client_latency_ms": {
    "mean": 124.835816,
    "p50": 124.835816,
    "p95": 124.835816,
    "p99": 124.835816
  },
  "conflicting_commit_count": 0,
  "conflicting_commits": [],
  "driver_failure_count": 0,
  "driver_success_count": 1,
  "driver_success_rate": 1.0,
  "duplicate_commit_events": 0,
  "equivocation_observed_events": 0,
  "equivocation_sent_events": 4,
  "fault_injected_events": 1,
  "final_protocol_bytes_sent": 173361,
  "final_protocol_messages_sent": 277,
  "invalid_new_view_events": 0,
  "invalid_signature_events": 0,
  "invalid_view_change_events": 0,
  "max_accepted_view": 0,
  "new_view_accepted_events": 0,
  "new_view_sent_events": 0,
  "node_commit_completeness": 1.0,
  "node_commit_count": 24,
  "node_count": 24,
  "node_error_events": 0,
  "node_latency_ms": {
    "mean": 110.30860958333334,
    "p50": 109.243696,
    "p95": 125.593211,
    "p99": 125.606964
  },
  "recovered_sequence_count": 0,
  "recovery_latency_ms": {
    "mean": null,
    "p50": null,
    "p95": null,
    "p99": null
  },
  "reported_protocol_bytes_sent": 63440,
  "reported_protocol_messages_sent": 179,
  "round_count": 1,
  "safety_violation_events": 0,
  "stale_new_view_events": 0,
  "view_change_sent_events": 0
}
