{
  "client_latency_ms": {
    "mean": 701.80402,
    "p50": 701.80402,
    "p95": 701.80402,
    "p99": 701.80402
  },
  "conflicting_commit_count": 0,
  "conflicting_commits": [],
  "driver_failure_count": 0,
  "driver_success_count": 1,
  "driver_success_rate": 1.0,
  "duplicate_commit_events": 0,
  "equivocation_observed_events": 0,
  "equivocation_sent_events": 0,
  "fault_injected_events": 1,
  "final_protocol_bytes_sent": 152646,
  "final_protocol_messages_sent": 283,
  "invalid_new_view_events": 0,
  "invalid_signature_events": 0,
  "invalid_view_change_events": 0,
  "max_accepted_view": 1,
  "new_view_accepted_events": 15,
  "new_view_sent_events": 1,
  "node_commit_completeness": 0.9375,
  "node_commit_count": 15,
  "node_count": 16,
  "node_error_events": 0,
  "node_latency_ms": {
    "mean": 700.2151193999999,
    "p50": 701.64533,
    "p95": 705.360376,
    "p99": 705.360376
  },
  "recovered_sequence_count": 1,
  "recovery_latency_ms": {
    "mean": 108.680102,
    "p50": 108.680102,
    "p95": 108.680102,
    "p99": 108.680102
  },
  "reported_protocol_bytes_sent": 95538,
  "reported_protocol_messages_sent": 223,
  "round_count": 1,
  "safety_violation_events": 0,
  "stale_new_view_events": 0,
  "view_change_sent_events": 3
}
