{
  "client_latency_ms": {
    "mean": 2249.274002,
    "p50": 2249.274002,
    "p95": 2249.274002,
    "p99": 2249.274002
  },
  "conflicting_commit_count": 0,
  "conflicting_commits": [],
  "driver_failure_count": 0,
  "driver_success_count": 1,
  "driver_success_rate": 1.0,
  "duplicate_commit_events": 0,
  "equivocation_observed_events": 0,
  "equivocation_sent_events": 12,
  "fault_injected_events": 1,
  "final_protocol_bytes_sent": 504696,
  "final_protocol_messages_sent": 1449,
  "invalid_new_view_events": 0,
  "invalid_signature_events": 0,
  "invalid_view_change_events": 0,
  "max_accepted_view": 1,
  "new_view_accepted_events": 24,
  "new_view_sent_events": 1,
  "node_commit_completeness": 1.0,
  "node_commit_count": 24,
  "node_count": 24,
  "node_error_events": 0,
  "node_latency_ms": {
    "mean": 2247.542633,
    "p50": 2246.214478,
    "p95": 2264.37641,
    "p99": 2266.733868
  },
  "recovered_sequence_count": 1,
  "recovery_latency_ms": {
    "mean": 137.780908,
    "p50": 137.780908,
    "p95": 137.780908,
    "p99": 137.780908
  },
  "reported_protocol_bytes_sent": 500706,
  "reported_protocol_messages_sent": 1435,
  "round_count": 1,
  "safety_violation_events": 0,
  "stale_new_view_events": 0,
  "view_change_sent_events": 24
}
