{
  "client_latency_ms": {
    "mean": 683.910779,
    "p50": 683.910779,
    "p95": 683.910779,
    "p99": 683.910779
  },
  "conflicting_commit_count": 0,
  "conflicting_commits": [],
  "driver_failure_count": 0,
  "driver_success_count": 1,
  "driver_success_rate": 1.0,
  "duplicate_commit_events": 0,
  "equivocation_observed_events": 0,
  "equivocation_sent_events": 0,
  "fault_injected_events": 1,
  "final_protocol_bytes_sent": 226856,
  "final_protocol_messages_sent": 638,
  "invalid_new_view_events": 0,
  "invalid_signature_events": 0,
  "invalid_view_change_events": 0,
  "max_accepted_view": 1,
  "new_view_accepted_events": 15,
  "new_view_sent_events": 1,
  "node_commit_completeness": 0.9375,
  "node_commit_count": 15,
  "node_count": 16,
  "node_error_events": 0,
  "node_latency_ms": {
    "mean": 667.4465407333333,
    "p50": 666.215264,
    "p95": 673.502184,
    "p99": 673.502184
  },
  "recovered_sequence_count": 1,
  "recovery_latency_ms": {
    "mean": 87.484358,
    "p50": 87.484358,
    "p95": 87.484358,
    "p99": 87.484358
  },
  "reported_protocol_bytes_sent": 209150,
  "reported_protocol_messages_sent": 576,
  "round_count": 1,
  "safety_violation_events": 0,
  "stale_new_view_events": 0,
  "view_change_sent_events": 15
}
