{
  "client_latency_ms": {
    "mean": 669.279409,
    "p50": 669.279409,
    "p95": 669.279409,
    "p99": 669.279409
  },
  "conflicting_commit_count": 0,
  "conflicting_commits": [],
  "driver_failure_count": 0,
  "driver_success_count": 1,
  "driver_success_rate": 1.0,
  "duplicate_commit_events": 0,
  "equivocation_observed_events": 0,
  "equivocation_sent_events": 0,
  "fault_injected_events": 1,
  "final_protocol_bytes_sent": 151771,
  "final_protocol_messages_sent": 280,
  "invalid_new_view_events": 0,
  "invalid_signature_events": 0,
  "invalid_view_change_events": 0,
  "max_accepted_view": 1,
  "new_view_accepted_events": 15,
  "new_view_sent_events": 1,
  "node_commit_completeness": 0.9375,
  "node_commit_count": 15,
  "node_count": 16,
  "node_error_events": 0,
  "node_latency_ms": {
    "mean": 676.5086803333332,
    "p50": 677.894538,
    "p95": 682.656445,
    "p99": 682.656445
  },
  "recovered_sequence_count": 1,
  "recovery_latency_ms": {
    "mean": 85.707886,
    "p50": 85.707886,
    "p95": 85.707886,
    "p99": 85.707886
  },
  "reported_protocol_bytes_sent": 95539,
  "reported_protocol_messages_sent": 223,
  "round_count": 1,
  "safety_violation_events": 0,
  "stale_new_view_events": 0,
  "view_change_sent_events": 3
}
