{
  "client_latency_ms": {
    "mean": 2243.339102,
    "p50": 2243.339102,
    "p95": 2243.339102,
    "p99": 2243.339102
  },
  "conflicting_commit_count": 0,
  "conflicting_commits": [],
  "driver_failure_count": 0,
  "driver_success_count": 1,
  "driver_success_rate": 1.0,
  "duplicate_commit_events": 0,
  "equivocation_observed_events": 0,
  "equivocation_sent_events": 0,
  "fault_injected_events": 1,
  "final_protocol_bytes_sent": 501411,
  "final_protocol_messages_sent": 1438,
  "invalid_new_view_events": 0,
  "invalid_signature_events": 0,
  "invalid_view_change_events": 0,
  "max_accepted_view": 1,
  "new_view_accepted_events": 23,
  "new_view_sent_events": 1,
  "node_commit_completeness": 0.9583333333333334,
  "node_commit_count": 23,
  "node_count": 24,
  "node_error_events": 0,
  "node_latency_ms": {
    "mean": 2253.2781796086956,
    "p50": 2250.497168,
    "p95": 2266.163084,
    "p99": 2267.498476
  },
  "recovered_sequence_count": 1,
  "recovery_latency_ms": {
    "mean": 137.056491,
    "p50": 137.056491,
    "p95": 137.056491,
    "p99": 137.056491
  },
  "reported_protocol_bytes_sent": 491099,
  "reported_protocol_messages_sent": 1402,
  "round_count": 1,
  "safety_violation_events": 0,
  "stale_new_view_events": 0,
  "view_change_sent_events": 23
}
