{
  "client_latency_ms": {
    "mean": 760.378388,
    "p50": 760.378388,
    "p95": 760.378388,
    "p99": 760.378388
  },
  "conflicting_commit_count": 0,
  "conflicting_commits": [],
  "driver_failure_count": 0,
  "driver_success_count": 1,
  "driver_success_rate": 1.0,
  "duplicate_commit_events": 0,
  "equivocation_observed_events": 0,
  "equivocation_sent_events": 0,
  "fault_injected_events": 1,
  "final_protocol_bytes_sent": 152643,
  "final_protocol_messages_sent": 283,
  "invalid_new_view_events": 0,
  "invalid_signature_events": 0,
  "invalid_view_change_events": 0,
  "max_accepted_view": 1,
  "new_view_accepted_events": 15,
  "new_view_sent_events": 1,
  "node_commit_completeness": 0.9375,
  "node_commit_count": 15,
  "node_count": 16,
  "node_error_events": 0,
  "node_latency_ms": {
    "mean": 756.5236098666667,
    "p50": 758.245252,
    "p95": 761.873356,
    "p99": 761.873356
  },
  "recovered_sequence_count": 1,
  "recovery_latency_ms": {
    "mean": 102.034742,
    "p50": 102.034742,
    "p95": 102.034742,
    "p99": 102.034742
  },
  "reported_protocol_bytes_sent": 94662,
  "reported_protocol_messages_sent": 220,
  "round_count": 1,
  "safety_violation_events": 0,
  "stale_new_view_events": 0,
  "view_change_sent_events": 3
}
