{
  "client_latency_ms": {
    "mean": 2233.711801,
    "p50": 2233.711801,
    "p95": 2233.711801,
    "p99": 2233.711801
  },
  "conflicting_commit_count": 0,
  "conflicting_commits": [],
  "driver_failure_count": 0,
  "driver_success_count": 1,
  "driver_success_rate": 1.0,
  "duplicate_commit_events": 0,
  "equivocation_observed_events": 0,
  "equivocation_sent_events": 0,
  "fault_injected_events": 1,
  "final_protocol_bytes_sent": 425517,
  "final_protocol_messages_sent": 1172,
  "invalid_new_view_events": 0,
  "invalid_signature_events": 0,
  "invalid_view_change_events": 0,
  "max_accepted_view": 1,
  "new_view_accepted_events": 23,
  "new_view_sent_events": 1,
  "node_commit_completeness": 0.9583333333333334,
  "node_commit_count": 23,
  "node_count": 24,
  "node_error_events": 0,
  "node_latency_ms": {
    "mean": 2236.7078564347826,
    "p50": 2236.765985,
    "p95": 2244.129851,
    "p99": 2244.542165
  },
  "recovered_sequence_count": 1,
  "recovery_latency_ms": {
    "mean": 150.446634,
    "p50": 150.446634,
    "p95": 150.446634,
    "p99": 150.446634
  },
  "reported_protocol_bytes_sent": 406090,
  "reported_protocol_messages_sent": 1104,
  "round_count": 1,
  "safety_violation_events": 0,
  "stale_new_view_events": 0,
  "view_change_sent_events": 23
}
