{
  "client_latency_ms": {
    "mean": 632.333005,
    "p50": 632.333005,
    "p95": 632.333005,
    "p99": 632.333005
  },
  "conflicting_commit_count": 0,
  "conflicting_commits": [],
  "driver_failure_count": 0,
  "driver_success_count": 1,
  "driver_success_rate": 1.0,
  "duplicate_commit_events": 0,
  "equivocation_observed_events": 0,
  "equivocation_sent_events": 0,
  "fault_injected_events": 1,
  "final_protocol_bytes_sent": 181520,
  "final_protocol_messages_sent": 479,
  "invalid_new_view_events": 0,
  "invalid_signature_events": 0,
  "invalid_view_change_events": 0,
  "max_accepted_view": 1,
  "new_view_accepted_events": 15,
  "new_view_sent_events": 1,
  "node_commit_completeness": 0.9375,
  "node_commit_count": 15,
  "node_count": 16,
  "node_error_events": 0,
  "node_latency_ms": {
    "mean": 631.649353,
    "p50": 631.381681,
    "p95": 638.085046,
    "p99": 638.085046
  },
  "recovered_sequence_count": 1,
  "recovery_latency_ms": {
    "mean": 110.557893,
    "p50": 110.557893,
    "p95": 110.557893,
    "p99": 110.557893
  },
  "reported_protocol_bytes_sent": 176975,
  "reported_protocol_messages_sent": 463,
  "round_count": 1,
  "safety_violation_events": 0,
  "stale_new_view_events": 0,
  "view_change_sent_events": 15
}
