{
  "client_latency_ms": {
    "mean": 691.326866,
    "p50": 691.326866,
    "p95": 691.326866,
    "p99": 691.326866
  },
  "conflicting_commit_count": 0,
  "conflicting_commits": [],
  "driver_failure_count": 0,
  "driver_success_count": 1,
  "driver_success_rate": 1.0,
  "duplicate_commit_events": 0,
  "equivocation_observed_events": 0,
  "equivocation_sent_events": 0,
  "fault_injected_events": 1,
  "final_protocol_bytes_sent": 152647,
  "final_protocol_messages_sent": 283,
  "invalid_new_view_events": 0,
  "invalid_signature_events": 0,
  "invalid_view_change_events": 0,
  "max_accepted_view": 1,
  "new_view_accepted_events": 15,
  "new_view_sent_events": 1,
  "node_commit_completeness": 0.9375,
  "node_commit_count": 15,
  "node_count": 16,
  "node_error_events": 0,
  "node_latency_ms": {
    "mean": 694.2275694,
    "p50": 695.209338,
    "p95": 697.556843,
    "p99": 697.556843
  },
  "recovered_sequence_count": 1,
  "recovery_latency_ms": {
    "mean": 94.071505,
    "p50": 94.071505,
    "p95": 94.071505,
    "p99": 94.071505
  },
  "reported_protocol_bytes_sent": 94666,
  "reported_protocol_messages_sent": 220,
  "round_count": 1,
  "safety_violation_events": 0,
  "stale_new_view_events": 0,
  "view_change_sent_events": 3
}
