{
  "client_latency_ms": {
    "mean": 622.004244,
    "p50": 622.004244,
    "p95": 622.004244,
    "p99": 622.004244
  },
  "conflicting_commit_count": 0,
  "conflicting_commits": [],
  "driver_failure_count": 0,
  "driver_success_count": 1,
  "driver_success_rate": 1.0,
  "duplicate_commit_events": 0,
  "equivocation_observed_events": 0,
  "equivocation_sent_events": 0,
  "fault_injected_events": 1,
  "final_protocol_bytes_sent": 181520,
  "final_protocol_messages_sent": 479,
  "invalid_new_view_events": 0,
  "invalid_signature_events": 0,
  "invalid_view_change_events": 0,
  "max_accepted_view": 1,
  "new_view_accepted_events": 15,
  "new_view_sent_events": 1,
  "node_commit_completeness": 0.9375,
  "node_commit_count": 15,
  "node_count": 16,
  "node_error_events": 0,
  "node_latency_ms": {
    "mean": 622.8310223333334,
    "p50": 620.25554,
    "p95": 627.541991,
    "p99": 627.541991
  },
  "recovered_sequence_count": 1,
  "recovery_latency_ms": {
    "mean": 106.201733,
    "p50": 106.201733,
    "p95": 106.201733,
    "p99": 106.201733
  },
  "reported_protocol_bytes_sent": 174680,
  "reported_protocol_messages_sent": 455,
  "round_count": 1,
  "safety_violation_events": 0,
  "stale_new_view_events": 0,
  "view_change_sent_events": 15
}
