{
  "client_latency_ms": {
    "mean": 1125.373517,
    "p50": 1125.373517,
    "p95": 1125.373517,
    "p99": 1125.373517
  },
  "conflicting_commit_count": 0,
  "conflicting_commits": [],
  "driver_failure_count": 0,
  "driver_success_count": 1,
  "driver_success_rate": 1.0,
  "duplicate_commit_events": 0,
  "equivocation_observed_events": 0,
  "equivocation_sent_events": 0,
  "fault_injected_events": 3,
  "final_protocol_bytes_sent": 139085,
  "final_protocol_messages_sent": 195,
  "invalid_new_view_events": 0,
  "invalid_signature_events": 0,
  "invalid_view_change_events": 0,
  "max_accepted_view": 2,
  "new_view_accepted_events": 16,
  "new_view_sent_events": 1,
  "node_commit_completeness": 1.0,
  "node_commit_count": 16,
  "node_count": 16,
  "node_error_events": 0,
  "node_latency_ms": {
    "mean": 1116.005008625,
    "p50": 1116.789552,
    "p95": 1120.784999,
    "p99": 1120.784999
  },
  "recovered_sequence_count": 1,
  "recovery_latency_ms": {
    "mean": 594.057889,
    "p50": 594.057889,
    "p95": 594.057889,
    "p99": 594.057889
  },
  "reported_protocol_bytes_sent": 67466,
  "reported_protocol_messages_sent": 131,
  "round_count": 1,
  "safety_violation_events": 0,
  "stale_new_view_events": 0,
  "view_change_sent_events": 8
}
