{
  "client_latency_ms": {
    "mean": 1100.557228,
    "p50": 1100.557228,
    "p95": 1100.557228,
    "p99": 1100.557228
  },
  "conflicting_commit_count": 0,
  "conflicting_commits": [],
  "driver_failure_count": 0,
  "driver_success_count": 1,
  "driver_success_rate": 1.0,
  "duplicate_commit_events": 0,
  "equivocation_observed_events": 0,
  "equivocation_sent_events": 0,
  "fault_injected_events": 3,
  "final_protocol_bytes_sent": 139099,
  "final_protocol_messages_sent": 195,
  "invalid_new_view_events": 0,
  "invalid_signature_events": 0,
  "invalid_view_change_events": 0,
  "max_accepted_view": 2,
  "new_view_accepted_events": 16,
  "new_view_sent_events": 1,
  "node_commit_completeness": 1.0,
  "node_commit_count": 16,
  "node_count": 16,
  "node_error_events": 0,
  "node_latency_ms": {
    "mean": 1107.012129625,
    "p50": 1108.519049,
    "p95": 1111.960633,
    "p99": 1111.960633
  },
  "recovered_sequence_count": 1,
  "recovery_latency_ms": {
    "mean": 585.466393,
    "p50": 585.466393,
    "p95": 585.466393,
    "p99": 585.466393
  },
  "reported_protocol_bytes_sent": 67188,
  "reported_protocol_messages_sent": 130,
  "round_count": 1,
  "safety_violation_events": 0,
  "stale_new_view_events": 0,
  "view_change_sent_events": 8
}
