{
  "client_latency_ms": {
    "mean": 1116.636324,
    "p50": 1116.636324,
    "p95": 1116.636324,
    "p99": 1116.636324
  },
  "conflicting_commit_count": 0,
  "conflicting_commits": [],
  "driver_failure_count": 0,
  "driver_success_count": 1,
  "driver_success_rate": 1.0,
  "duplicate_commit_events": 0,
  "equivocation_observed_events": 0,
  "equivocation_sent_events": 0,
  "fault_injected_events": 3,
  "final_protocol_bytes_sent": 139068,
  "final_protocol_messages_sent": 195,
  "invalid_new_view_events": 0,
  "invalid_signature_events": 0,
  "invalid_view_change_events": 0,
  "max_accepted_view": 2,
  "new_view_accepted_events": 16,
  "new_view_sent_events": 1,
  "node_commit_completeness": 1.0,
  "node_commit_count": 16,
  "node_count": 16,
  "node_error_events": 0,
  "node_latency_ms": {
    "mean": 1119.381794875,
    "p50": 1120.806661,
    "p95": 1123.684722,
    "p99": 1123.684722
  },
  "recovered_sequence_count": 1,
  "recovery_latency_ms": {
    "mean": 600.780076,
    "p50": 600.780076,
    "p95": 600.780076,
    "p99": 600.780076
  },
  "reported_protocol_bytes_sent": 66879,
  "reported_protocol_messages_sent": 129,
  "round_count": 1,
  "safety_violation_events": 0,
  "stale_new_view_events": 0,
  "view_change_sent_events": 8
}
