{
  "client_latency_ms": {
    "mean": 2236.805982,
    "p50": 2236.805982,
    "p95": 2236.805982,
    "p99": 2236.805982
  },
  "conflicting_commit_count": 0,
  "conflicting_commits": [],
  "driver_failure_count": 0,
  "driver_success_count": 1,
  "driver_success_rate": 1.0,
  "duplicate_commit_events": 0,
  "equivocation_observed_events": 0,
  "equivocation_sent_events": 0,
  "fault_injected_events": 1,
  "final_protocol_bytes_sent": 501411,
  "final_protocol_messages_sent": 1438,
  "invalid_new_view_events": 0,
  "invalid_signature_events": 0,
  "invalid_view_change_events": 0,
  "max_accepted_view": 1,
  "new_view_accepted_events": 23,
  "new_view_sent_events": 1,
  "node_commit_completeness": 0.9583333333333334,
  "node_commit_count": 23,
  "node_count": 24,
  "node_error_events": 0,
  "node_latency_ms": {
    "mean": 2242.557385782609,
    "p50": 2238.495831,
    "p95": 2261.141904,
    "p99": 2266.307768
  },
  "recovered_sequence_count": 1,
  "recovery_latency_ms": {
    "mean": 141.019631,
    "p50": 141.019631,
    "p95": 141.019631,
    "p99": 141.019631
  },
  "reported_protocol_bytes_sent": 477157,
  "reported_protocol_messages_sent": 1353,
  "round_count": 1,
  "safety_violation_events": 0,
  "stale_new_view_events": 0,
  "view_change_sent_events": 22
}
