{
  "client_latency_ms": {
    "mean": 633.880974,
    "p50": 633.880974,
    "p95": 633.880974,
    "p99": 633.880974
  },
  "conflicting_commit_count": 0,
  "conflicting_commits": [],
  "driver_failure_count": 0,
  "driver_success_count": 1,
  "driver_success_rate": 1.0,
  "duplicate_commit_events": 0,
  "equivocation_observed_events": 0,
  "equivocation_sent_events": 3,
  "fault_injected_events": 1,
  "final_protocol_bytes_sent": 154066,
  "final_protocol_messages_sent": 244,
  "invalid_new_view_events": 0,
  "invalid_signature_events": 0,
  "invalid_view_change_events": 0,
  "max_accepted_view": 1,
  "new_view_accepted_events": 16,
  "new_view_sent_events": 1,
  "node_commit_completeness": 1.0,
  "node_commit_count": 16,
  "node_count": 16,
  "node_error_events": 0,
  "node_latency_ms": {
    "mean": 639.8758261875,
    "p50": 641.234762,
    "p95": 643.246021,
    "p99": 643.246021
  },
  "recovered_sequence_count": 1,
  "recovery_latency_ms": {
    "mean": 114.74299,
    "p50": 114.74299,
    "p95": 114.74299,
    "p99": 114.74299
  },
  "reported_protocol_bytes_sent": 82156,
  "reported_protocol_messages_sent": 179,
  "round_count": 1,
  "safety_violation_events": 0,
  "stale_new_view_events": 0,
  "view_change_sent_events": 4
}
