{
  "client_latency_ms": {
    "mean": 627.958917,
    "p50": 627.958917,
    "p95": 627.958917,
    "p99": 627.958917
  },
  "conflicting_commit_count": 0,
  "conflicting_commits": [],
  "driver_failure_count": 0,
  "driver_success_count": 1,
  "driver_success_rate": 1.0,
  "duplicate_commit_events": 0,
  "equivocation_observed_events": 0,
  "equivocation_sent_events": 0,
  "fault_injected_events": 1,
  "final_protocol_bytes_sent": 181505,
  "final_protocol_messages_sent": 479,
  "invalid_new_view_events": 0,
  "invalid_signature_events": 0,
  "invalid_view_change_events": 0,
  "max_accepted_view": 1,
  "new_view_accepted_events": 15,
  "new_view_sent_events": 1,
  "node_commit_completeness": 0.9375,
  "node_commit_count": 15,
  "node_count": 16,
  "node_error_events": 0,
  "node_latency_ms": {
    "mean": 623.1987381333333,
    "p50": 622.462849,
    "p95": 626.786879,
    "p99": 626.786879
  },
  "recovered_sequence_count": 1,
  "recovery_latency_ms": {
    "mean": 107.610533,
    "p50": 107.610533,
    "p95": 107.610533,
    "p99": 107.610533
  },
  "reported_protocol_bytes_sent": 175541,
  "reported_protocol_messages_sent": 458,
  "round_count": 1,
  "safety_violation_events": 0,
  "stale_new_view_events": 0,
  "view_change_sent_events": 15
}
