{
  "client_latency_ms": {
    "mean": 675.003827,
    "p50": 675.003827,
    "p95": 675.003827,
    "p99": 675.003827
  },
  "conflicting_commit_count": 0,
  "conflicting_commits": [],
  "driver_failure_count": 0,
  "driver_success_count": 1,
  "driver_success_rate": 1.0,
  "duplicate_commit_events": 0,
  "equivocation_observed_events": 0,
  "equivocation_sent_events": 8,
  "fault_injected_events": 1,
  "final_protocol_bytes_sent": 228918,
  "final_protocol_messages_sent": 645,
  "invalid_new_view_events": 0,
  "invalid_signature_events": 0,
  "invalid_view_change_events": 0,
  "max_accepted_view": 1,
  "new_view_accepted_events": 16,
  "new_view_sent_events": 1,
  "node_commit_completeness": 1.0,
  "node_commit_count": 16,
  "node_count": 16,
  "node_error_events": 0,
  "node_latency_ms": {
    "mean": 675.123917125,
    "p50": 673.551519,
    "p95": 683.744597,
    "p99": 683.744597
  },
  "recovered_sequence_count": 1,
  "recovery_latency_ms": {
    "mean": 102.611143,
    "p50": 102.611143,
    "p95": 102.611143,
    "p99": 102.611143
  },
  "reported_protocol_bytes_sent": 213851,
  "reported_protocol_messages_sent": 592,
  "round_count": 1,
  "safety_violation_events": 0,
  "stale_new_view_events": 0,
  "view_change_sent_events": 16
}
