{
  "client_latency_ms": {
    "mean": 669.202088,
    "p50": 669.202088,
    "p95": 669.202088,
    "p99": 669.202088
  },
  "conflicting_commit_count": 0,
  "conflicting_commits": [],
  "driver_failure_count": 0,
  "driver_success_count": 1,
  "driver_success_rate": 1.0,
  "duplicate_commit_events": 0,
  "equivocation_observed_events": 0,
  "equivocation_sent_events": 0,
  "fault_injected_events": 1,
  "final_protocol_bytes_sent": 226856,
  "final_protocol_messages_sent": 638,
  "invalid_new_view_events": 0,
  "invalid_signature_events": 0,
  "invalid_view_change_events": 0,
  "max_accepted_view": 1,
  "new_view_accepted_events": 15,
  "new_view_sent_events": 1,
  "node_commit_completeness": 0.9375,
  "node_commit_count": 15,
  "node_count": 16,
  "node_error_events": 0,
  "node_latency_ms": {
    "mean": 671.5686038666666,
    "p50": 671.469754,
    "p95": 677.413873,
    "p99": 677.413873
  },
  "recovered_sequence_count": 1,
  "recovery_latency_ms": {
    "mean": 97.865972,
    "p50": 97.865972,
    "p95": 97.865972,
    "p99": 97.865972
  },
  "reported_protocol_bytes_sent": 213425,
  "reported_protocol_messages_sent": 591,
  "round_count": 1,
  "safety_violation_events": 0,
  "stale_new_view_events": 0,
  "view_change_sent_events": 15
}
