{
  "client_latency_ms": {
    "mean": 1115.733959,
    "p50": 1115.733959,
    "p95": 1115.733959,
    "p99": 1115.733959
  },
  "conflicting_commit_count": 0,
  "conflicting_commits": [],
  "driver_failure_count": 0,
  "driver_success_count": 1,
  "driver_success_rate": 1.0,
  "duplicate_commit_events": 0,
  "equivocation_observed_events": 0,
  "equivocation_sent_events": 0,
  "fault_injected_events": 3,
  "final_protocol_bytes_sent": 139068,
  "final_protocol_messages_sent": 195,
  "invalid_new_view_events": 0,
  "invalid_signature_events": 0,
  "invalid_view_change_events": 0,
  "max_accepted_view": 2,
  "new_view_accepted_events": 16,
  "new_view_sent_events": 1,
  "node_commit_completeness": 1.0,
  "node_commit_count": 16,
  "node_count": 16,
  "node_error_events": 0,
  "node_latency_ms": {
    "mean": 1121.4818175625,
    "p50": 1122.854077,
    "p95": 1126.25158,
    "p99": 1126.25158
  },
  "recovered_sequence_count": 1,
  "recovery_latency_ms": {
    "mean": 590.832855,
    "p50": 590.832855,
    "p95": 590.832855,
    "p99": 590.832855
  },
  "reported_protocol_bytes_sent": 67477,
  "reported_protocol_messages_sent": 131,
  "round_count": 1,
  "safety_violation_events": 0,
  "stale_new_view_events": 0,
  "view_change_sent_events": 7
}
