{
  "client_latency_ms": {
    "mean": 651.41224,
    "p50": 651.41224,
    "p95": 651.41224,
    "p99": 651.41224
  },
  "conflicting_commit_count": 0,
  "conflicting_commits": [],
  "driver_failure_count": 0,
  "driver_success_count": 1,
  "driver_success_rate": 1.0,
  "duplicate_commit_events": 0,
  "equivocation_observed_events": 0,
  "equivocation_sent_events": 0,
  "fault_injected_events": 1,
  "final_protocol_bytes_sent": 181505,
  "final_protocol_messages_sent": 479,
  "invalid_new_view_events": 0,
  "invalid_signature_events": 0,
  "invalid_view_change_events": 0,
  "max_accepted_view": 1,
  "new_view_accepted_events": 15,
  "new_view_sent_events": 1,
  "node_commit_completeness": 0.9375,
  "node_commit_count": 15,
  "node_count": 16,
  "node_error_events": 0,
  "node_latency_ms": {
    "mean": 647.8622417333333,
    "p50": 647.331118,
    "p95": 651.940528,
    "p99": 651.940528
  },
  "recovered_sequence_count": 1,
  "recovery_latency_ms": {
    "mean": 130.675404,
    "p50": 130.675404,
    "p95": 130.675404,
    "p99": 130.675404
  },
  "reported_protocol_bytes_sent": 177241,
  "reported_protocol_messages_sent": 464,
  "round_count": 1,
  "safety_violation_events": 0,
  "stale_new_view_events": 0,
  "view_change_sent_events": 15
}
