{
  "client_latency_ms": {
    "mean": 2267.251989,
    "p50": 2267.251989,
    "p95": 2267.251989,
    "p99": 2267.251989
  },
  "conflicting_commit_count": 0,
  "conflicting_commits": [],
  "driver_failure_count": 0,
  "driver_success_count": 1,
  "driver_success_rate": 1.0,
  "duplicate_commit_events": 0,
  "equivocation_observed_events": 0,
  "equivocation_sent_events": 0,
  "fault_injected_events": 1,
  "final_protocol_bytes_sent": 501411,
  "final_protocol_messages_sent": 1438,
  "invalid_new_view_events": 0,
  "invalid_signature_events": 0,
  "invalid_view_change_events": 0,
  "max_accepted_view": 1,
  "new_view_accepted_events": 23,
  "new_view_sent_events": 1,
  "node_commit_completeness": 0.9583333333333334,
  "node_commit_count": 23,
  "node_count": 24,
  "node_error_events": 0,
  "node_latency_ms": {
    "mean": 2258.526955478261,
    "p50": 2253.357953,
    "p95": 2272.966206,
    "p99": 2274.084293
  },
  "recovered_sequence_count": 1,
  "recovery_latency_ms": {
    "mean": 152.539057,
    "p50": 152.539057,
    "p95": 152.539057,
    "p99": 152.539057
  },
  "reported_protocol_bytes_sent": 488259,
  "reported_protocol_messages_sent": 1392,
  "round_count": 1,
  "safety_violation_events": 0,
  "stale_new_view_events": 0,
  "view_change_sent_events": 23
}
