{
  "client_latency_ms": {
    "mean": 705.209029,
    "p50": 705.209029,
    "p95": 705.209029,
    "p99": 705.209029
  },
  "conflicting_commit_count": 0,
  "conflicting_commits": [],
  "driver_failure_count": 0,
  "driver_success_count": 1,
  "driver_success_rate": 1.0,
  "duplicate_commit_events": 0,
  "equivocation_observed_events": 0,
  "equivocation_sent_events": 8,
  "fault_injected_events": 1,
  "final_protocol_bytes_sent": 228933,
  "final_protocol_messages_sent": 645,
  "invalid_new_view_events": 0,
  "invalid_signature_events": 0,
  "invalid_view_change_events": 0,
  "max_accepted_view": 1,
  "new_view_accepted_events": 16,
  "new_view_sent_events": 1,
  "node_commit_completeness": 1.0,
  "node_commit_count": 16,
  "node_count": 16,
  "node_error_events": 0,
  "node_latency_ms": {
    "mean": 704.3800555,
    "p50": 702.401171,
    "p95": 712.516492,
    "p99": 712.516492
  },
  "recovered_sequence_count": 1,
  "recovery_latency_ms": {
    "mean": 120.039522,
    "p50": 120.039522,
    "p95": 120.039522,
    "p99": 120.039522
  },
  "reported_protocol_bytes_sent": 224091,
  "reported_protocol_messages_sent": 628,
  "round_count": 1,
  "safety_violation_events": 0,
  "stale_new_view_events": 0,
  "view_change_sent_events": 16
}
