{
  "client_latency_ms": {
    "mean": 2232.478441,
    "p50": 2232.478441,
    "p95": 2232.478441,
    "p99": 2232.478441
  },
  "conflicting_commit_count": 0,
  "conflicting_commits": [],
  "driver_failure_count": 0,
  "driver_success_count": 1,
  "driver_success_rate": 1.0,
  "duplicate_commit_events": 0,
  "equivocation_observed_events": 0,
  "equivocation_sent_events": 0,
  "fault_injected_events": 1,
  "final_protocol_bytes_sent": 196224,
  "final_protocol_messages_sent": 338,
  "invalid_new_view_events": 0,
  "invalid_signature_events": 0,
  "invalid_view_change_events": 0,
  "max_accepted_view": 1,
  "new_view_accepted_events": 23,
  "new_view_sent_events": 1,
  "node_commit_completeness": 0.9583333333333334,
  "node_commit_count": 23,
  "node_count": 24,
  "node_error_events": 0,
  "node_latency_ms": {
    "mean": 2216.9998315652174,
    "p50": 2218.541814,
    "p95": 2225.366387,
    "p99": 2225.582505
  },
  "recovered_sequence_count": 1,
  "recovery_latency_ms": {
    "mean": 187.112457,
    "p50": 187.112457,
    "p95": 187.112457,
    "p99": 187.112457
  },
  "reported_protocol_bytes_sent": 114227,
  "reported_protocol_messages_sent": 266,
  "round_count": 1,
  "safety_violation_events": 0,
  "stale_new_view_events": 0,
  "view_change_sent_events": 3
}
