{
  "client_latency_ms": {
    "mean": 667.511892,
    "p50": 667.511892,
    "p95": 667.511892,
    "p99": 667.511892
  },
  "conflicting_commit_count": 0,
  "conflicting_commits": [],
  "driver_failure_count": 0,
  "driver_success_count": 1,
  "driver_success_rate": 1.0,
  "duplicate_commit_events": 0,
  "equivocation_observed_events": 0,
  "equivocation_sent_events": 3,
  "fault_injected_events": 1,
  "final_protocol_bytes_sent": 154065,
  "final_protocol_messages_sent": 244,
  "invalid_new_view_events": 0,
  "invalid_signature_events": 0,
  "invalid_view_change_events": 0,
  "max_accepted_view": 1,
  "new_view_accepted_events": 16,
  "new_view_sent_events": 1,
  "node_commit_completeness": 1.0,
  "node_commit_count": 16,
  "node_count": 16,
  "node_error_events": 0,
  "node_latency_ms": {
    "mean": 673.147015375,
    "p50": 674.572033,
    "p95": 678.260351,
    "p99": 678.260351
  },
  "recovered_sequence_count": 1,
  "recovery_latency_ms": {
    "mean": 163.192102,
    "p50": 163.192102,
    "p95": 163.192102,
    "p99": 163.192102
  },
  "reported_protocol_bytes_sent": 81864,
  "reported_protocol_messages_sent": 178,
  "round_count": 1,
  "safety_violation_events": 0,
  "stale_new_view_events": 0,
  "view_change_sent_events": 4
}
