{
  "client_latency_ms": {
    "mean": 681.190073,
    "p50": 681.190073,
    "p95": 681.190073,
    "p99": 681.190073
  },
  "conflicting_commit_count": 0,
  "conflicting_commits": [],
  "driver_failure_count": 0,
  "driver_success_count": 1,
  "driver_success_rate": 1.0,
  "duplicate_commit_events": 0,
  "equivocation_observed_events": 0,
  "equivocation_sent_events": 0,
  "fault_injected_events": 1,
  "final_protocol_bytes_sent": 194381,
  "final_protocol_messages_sent": 524,
  "invalid_new_view_events": 0,
  "invalid_signature_events": 0,
  "invalid_view_change_events": 0,
  "max_accepted_view": 1,
  "new_view_accepted_events": 15,
  "new_view_sent_events": 1,
  "node_commit_completeness": 0.9375,
  "node_commit_count": 15,
  "node_count": 16,
  "node_error_events": 0,
  "node_latency_ms": {
    "mean": 678.1922362666667,
    "p50": 676.906348,
    "p95": 683.385348,
    "p99": 683.385348
  },
  "recovered_sequence_count": 1,
  "recovery_latency_ms": {
    "mean": 121.520831,
    "p50": 121.520831,
    "p95": 121.520831,
    "p99": 121.520831
  },
  "reported_protocol_bytes_sent": 175555,
  "reported_protocol_messages_sent": 458,
  "round_count": 1,
  "safety_violation_events": 0,
  "stale_new_view_events": 0,
  "view_change_sent_events": 15
}
