{
  "client_latency_ms": {
    "mean": 2251.920379,
    "p50": 2251.920379,
    "p95": 2251.920379,
    "p99": 2251.920379
  },
  "conflicting_commit_count": 0,
  "conflicting_commits": [],
  "driver_failure_count": 0,
  "driver_success_count": 1,
  "driver_success_rate": 1.0,
  "duplicate_commit_events": 0,
  "equivocation_observed_events": 0,
  "equivocation_sent_events": 12,
  "fault_injected_events": 1,
  "final_protocol_bytes_sent": 504650,
  "final_protocol_messages_sent": 1449,
  "invalid_new_view_events": 0,
  "invalid_signature_events": 0,
  "invalid_view_change_events": 0,
  "max_accepted_view": 1,
  "new_view_accepted_events": 24,
  "new_view_sent_events": 1,
  "node_commit_completeness": 1.0,
  "node_commit_count": 24,
  "node_count": 24,
  "node_error_events": 0,
  "node_latency_ms": {
    "mean": 2245.68060475,
    "p50": 2239.518175,
    "p95": 2261.677081,
    "p99": 2263.229879
  },
  "recovered_sequence_count": 1,
  "recovery_latency_ms": {
    "mean": 148.448959,
    "p50": 148.448959,
    "p95": 148.448959,
    "p99": 148.448959
  },
  "reported_protocol_bytes_sent": 492680,
  "reported_protocol_messages_sent": 1407,
  "round_count": 1,
  "safety_violation_events": 0,
  "stale_new_view_events": 0,
  "view_change_sent_events": 24
}
