{
  "client_latency_ms": {
    "mean": 697.762196,
    "p50": 697.762196,
    "p95": 697.762196,
    "p99": 697.762196
  },
  "conflicting_commit_count": 0,
  "conflicting_commits": [],
  "driver_failure_count": 0,
  "driver_success_count": 1,
  "driver_success_rate": 1.0,
  "duplicate_commit_events": 0,
  "equivocation_observed_events": 0,
  "equivocation_sent_events": 0,
  "fault_injected_events": 1,
  "final_protocol_bytes_sent": 226886,
  "final_protocol_messages_sent": 638,
  "invalid_new_view_events": 0,
  "invalid_signature_events": 0,
  "invalid_view_change_events": 0,
  "max_accepted_view": 1,
  "new_view_accepted_events": 15,
  "new_view_sent_events": 1,
  "node_commit_completeness": 0.9375,
  "node_commit_count": 15,
  "node_count": 16,
  "node_error_events": 0,
  "node_latency_ms": {
    "mean": 687.5838829333334,
    "p50": 685.649801,
    "p95": 695.74132,
    "p99": 695.74132
  },
  "recovered_sequence_count": 1,
  "recovery_latency_ms": {
    "mean": 107.187872,
    "p50": 107.187872,
    "p95": 107.187872,
    "p99": 107.187872
  },
  "reported_protocol_bytes_sent": 219155,
  "reported_protocol_messages_sent": 611,
  "round_count": 1,
  "safety_violation_events": 0,
  "stale_new_view_events": 0,
  "view_change_sent_events": 15
}
