{
  "client_latency_ms": {
    "mean": 671.668417,
    "p50": 671.668417,
    "p95": 671.668417,
    "p99": 671.668417
  },
  "conflicting_commit_count": 0,
  "conflicting_commits": [],
  "driver_failure_count": 0,
  "driver_success_count": 1,
  "driver_success_rate": 1.0,
  "duplicate_commit_events": 0,
  "equivocation_observed_events": 0,
  "equivocation_sent_events": 0,
  "fault_injected_events": 1,
  "final_protocol_bytes_sent": 151770,
  "final_protocol_messages_sent": 280,
  "invalid_new_view_events": 0,
  "invalid_signature_events": 0,
  "invalid_view_change_events": 0,
  "max_accepted_view": 1,
  "new_view_accepted_events": 15,
  "new_view_sent_events": 1,
  "node_commit_completeness": 0.9375,
  "node_commit_count": 15,
  "node_count": 16,
  "node_error_events": 0,
  "node_latency_ms": {
    "mean": 678.5780664,
    "p50": 680.342902,
    "p95": 682.154333,
    "p99": 682.154333
  },
  "recovered_sequence_count": 1,
  "recovery_latency_ms": {
    "mean": 95.307573,
    "p50": 95.307573,
    "p95": 95.307573,
    "p99": 95.307573
  },
  "reported_protocol_bytes_sent": 94956,
  "reported_protocol_messages_sent": 221,
  "round_count": 1,
  "safety_violation_events": 0,
  "stale_new_view_events": 0,
  "view_change_sent_events": 3
}
