{
  "client_latency_ms": {
    "mean": 2220.766273,
    "p50": 2220.766273,
    "p95": 2220.766273,
    "p99": 2220.766273
  },
  "conflicting_commit_count": 0,
  "conflicting_commits": [],
  "driver_failure_count": 0,
  "driver_success_count": 1,
  "driver_success_rate": 1.0,
  "duplicate_commit_events": 0,
  "equivocation_observed_events": 0,
  "equivocation_sent_events": 0,
  "fault_injected_events": 1,
  "final_protocol_bytes_sent": 275496,
  "final_protocol_messages_sent": 607,
  "invalid_new_view_events": 0,
  "invalid_signature_events": 0,
  "invalid_view_change_events": 0,
  "max_accepted_view": 1,
  "new_view_accepted_events": 23,
  "new_view_sent_events": 1,
  "node_commit_completeness": 0.9583333333333334,
  "node_commit_count": 23,
  "node_count": 24,
  "node_error_events": 0,
  "node_latency_ms": {
    "mean": 2221.9433512608693,
    "p50": 2223.398748,
    "p95": 2226.384938,
    "p99": 2226.642089
  },
  "recovered_sequence_count": 1,
  "recovery_latency_ms": {
    "mean": 96.889934,
    "p50": 96.889934,
    "p95": 96.889934,
    "p99": 96.889934
  },
  "reported_protocol_bytes_sent": 187750,
  "reported_protocol_messages_sent": 515,
  "round_count": 1,
  "safety_violation_events": 0,
  "stale_new_view_events": 0,
  "view_change_sent_events": 3
}
