{
  "client_latency_ms": {
    "mean": 2149.208019,
    "p50": 2149.208019,
    "p95": 2149.208019,
    "p99": 2149.208019
  },
  "conflicting_commit_count": 0,
  "conflicting_commits": [],
  "driver_failure_count": 0,
  "driver_success_count": 1,
  "driver_success_rate": 1.0,
  "duplicate_commit_events": 0,
  "equivocation_observed_events": 0,
  "equivocation_sent_events": 0,
  "fault_injected_events": 1,
  "final_protocol_bytes_sent": 199369,
  "final_protocol_messages_sent": 349,
  "invalid_new_view_events": 0,
  "invalid_signature_events": 0,
  "invalid_view_change_events": 0,
  "max_accepted_view": 1,
  "new_view_accepted_events": 23,
  "new_view_sent_events": 1,
  "node_commit_completeness": 0.9583333333333334,
  "node_commit_count": 23,
  "node_count": 24,
  "node_error_events": 0,
  "node_latency_ms": {
    "mean": 2148.9648406521737,
    "p50": 2149.819925,
    "p95": 2153.197652,
    "p99": 2153.435508
  },
  "recovered_sequence_count": 1,
  "recovery_latency_ms": {
    "mean": 129.11162,
    "p50": 129.11162,
    "p95": 129.11162,
    "p99": 129.11162
  },
  "reported_protocol_bytes_sent": 115657,
  "reported_protocol_messages_sent": 271,
  "round_count": 1,
  "safety_violation_events": 0,
  "stale_new_view_events": 0,
  "view_change_sent_events": 3
}
