 Network rgg6dd2e4d04b_default Creating 
 Network rgg6dd2e4d04b_default Created 
 Container rgg6dd2e4d04b-collector-1 Creating 
 Container rgg6dd2e4d04b-collector-1 Created 
 Container rgg6dd2e4d04b-node14-1 Creating 
 Container rgg6dd2e4d04b-node1-1 Creating 
 Container rgg6dd2e4d04b-node5-1 Creating 
 Container rgg6dd2e4d04b-node12-1 Creating 
 Container rgg6dd2e4d04b-node0-1 Creating 
 Container rgg6dd2e4d04b-node6-1 Creating 
 Container rgg6dd2e4d04b-node15-1 Creating 
 Container rgg6dd2e4d04b-node4-1 Creating 
 Container rgg6dd2e4d04b-node8-1 Creating 
 Container rgg6dd2e4d04b-node2-1 Creating 
 Container rgg6dd2e4d04b-node11-1 Creating 
 Container rgg6dd2e4d04b-node13-1 Creating 
 Container rgg6dd2e4d04b-node9-1 Creating 
 Container rgg6dd2e4d04b-node3-1 Creating 
 Container rgg6dd2e4d04b-node7-1 Creating 
 Container rgg6dd2e4d04b-node10-1 Creating 
 Container rgg6dd2e4d04b-node9-1 Created 
 Container rgg6dd2e4d04b-node14-1 Created 
 Container rgg6dd2e4d04b-node2-1 Created 
 Container rgg6dd2e4d04b-node12-1 Created 
 Container rgg6dd2e4d04b-node13-1 Created 
 Container rgg6dd2e4d04b-node7-1 Created 
 Container rgg6dd2e4d04b-node1-1 Created 
 Container rgg6dd2e4d04b-node6-1 Created 
 Container rgg6dd2e4d04b-node5-1 Created 
 Container rgg6dd2e4d04b-node11-1 Created 
 Container rgg6dd2e4d04b-node4-1 Created 
 Container rgg6dd2e4d04b-node0-1 Created 
 Container rgg6dd2e4d04b-node3-1 Created 
 Container rgg6dd2e4d04b-node10-1 Created 
 Container rgg6dd2e4d04b-node15-1 Created 
 Container rgg6dd2e4d04b-node8-1 Created 
 Container rgg6dd2e4d04b-collector-1 Starting 
 Container rgg6dd2e4d04b-collector-1 Started 
 Container rgg6dd2e4d04b-node15-1 Starting 
 Container rgg6dd2e4d04b-node4-1 Starting 
 Container rgg6dd2e4d04b-node7-1 Starting 
 Container rgg6dd2e4d04b-node3-1 Starting 
 Container rgg6dd2e4d04b-node2-1 Starting 
 Container rgg6dd2e4d04b-node8-1 Starting 
 Container rgg6dd2e4d04b-node6-1 Starting 
 Container rgg6dd2e4d04b-node1-1 Starting 
 Container rgg6dd2e4d04b-node9-1 Starting 
 Container rgg6dd2e4d04b-node10-1 Starting 
 Container rgg6dd2e4d04b-node13-1 Starting 
 Container rgg6dd2e4d04b-node0-1 Starting 
 Container rgg6dd2e4d04b-node14-1 Starting 
 Container rgg6dd2e4d04b-node12-1 Starting 
 Container rgg6dd2e4d04b-node11-1 Starting 
 Container rgg6dd2e4d04b-node5-1 Starting 
 Container rgg6dd2e4d04b-node3-1 Started 
 Container rgg6dd2e4d04b-node15-1 Started 
 Container rgg6dd2e4d04b-node4-1 Started 
 Container rgg6dd2e4d04b-node1-1 Started 
 Container rgg6dd2e4d04b-node5-1 Started 
 Container rgg6dd2e4d04b-node13-1 Started 
 Container rgg6dd2e4d04b-node12-1 Started 
 Container rgg6dd2e4d04b-node11-1 Started 
 Container rgg6dd2e4d04b-node0-1 Started 
 Container rgg6dd2e4d04b-node7-1 Started 
 Container rgg6dd2e4d04b-node6-1 Started 
 Container rgg6dd2e4d04b-node8-1 Started 
 Container rgg6dd2e4d04b-node2-1 Started 
 Container rgg6dd2e4d04b-node9-1 Started 
 Container rgg6dd2e4d04b-node14-1 Started 
 Container rgg6dd2e4d04b-node10-1 Started 
READY_BARRIER: 15/16 node services ready
DRIVER_STARTED: 2026-07-15T13:51:19Z
0
