 Network rgg6069c5f0fc_default Creating 
 Network rgg6069c5f0fc_default Created 
 Container rgg6069c5f0fc-collector-1 Creating 
 Container rgg6069c5f0fc-collector-1 Created 
 Container rgg6069c5f0fc-node23-1 Creating 
 Container rgg6069c5f0fc-node3-1 Creating 
 Container rgg6069c5f0fc-node14-1 Creating 
 Container rgg6069c5f0fc-node4-1 Creating 
 Container rgg6069c5f0fc-node7-1 Creating 
 Container rgg6069c5f0fc-node12-1 Creating 
 Container rgg6069c5f0fc-node6-1 Creating 
 Container rgg6069c5f0fc-node11-1 Creating 
 Container rgg6069c5f0fc-node13-1 Creating 
 Container rgg6069c5f0fc-node17-1 Creating 
 Container rgg6069c5f0fc-node9-1 Creating 
 Container rgg6069c5f0fc-node15-1 Creating 
 Container rgg6069c5f0fc-node22-1 Creating 
 Container rgg6069c5f0fc-node19-1 Creating 
 Container rgg6069c5f0fc-node8-1 Creating 
 Container rgg6069c5f0fc-node18-1 Creating 
 Container rgg6069c5f0fc-node16-1 Creating 
 Container rgg6069c5f0fc-node20-1 Creating 
 Container rgg6069c5f0fc-node1-1 Creating 
 Container rgg6069c5f0fc-node10-1 Creating 
 Container rgg6069c5f0fc-node21-1 Creating 
 Container rgg6069c5f0fc-node2-1 Creating 
 Container rgg6069c5f0fc-node0-1 Creating 
 Container rgg6069c5f0fc-node5-1 Creating 
 Container rgg6069c5f0fc-node14-1 Created 
 Container rgg6069c5f0fc-node23-1 Created 
 Container rgg6069c5f0fc-node4-1 Created 
 Container rgg6069c5f0fc-node0-1 Created 
 Container rgg6069c5f0fc-node3-1 Created 
 Container rgg6069c5f0fc-node10-1 Created 
 Container rgg6069c5f0fc-node12-1 Created 
 Container rgg6069c5f0fc-node17-1 Created 
 Container rgg6069c5f0fc-node6-1 Created 
 Container rgg6069c5f0fc-node8-1 Created 
 Container rgg6069c5f0fc-node18-1 Created 
 Container rgg6069c5f0fc-node7-1 Created 
 Container rgg6069c5f0fc-node22-1 Created 
 Container rgg6069c5f0fc-node1-1 Created 
 Container rgg6069c5f0fc-node20-1 Created 
 Container rgg6069c5f0fc-node16-1 Created 
 Container rgg6069c5f0fc-node13-1 Created 
 Container rgg6069c5f0fc-node19-1 Created 
 Container rgg6069c5f0fc-node21-1 Created 
 Container rgg6069c5f0fc-node15-1 Created 
 Container rgg6069c5f0fc-node9-1 Created 
 Container rgg6069c5f0fc-node11-1 Created 
 Container rgg6069c5f0fc-node5-1 Created 
 Container rgg6069c5f0fc-node2-1 Created 
 Container rgg6069c5f0fc-collector-1 Starting 
 Container rgg6069c5f0fc-collector-1 Started 
 Container rgg6069c5f0fc-node11-1 Starting 
 Container rgg6069c5f0fc-node17-1 Starting 
 Container rgg6069c5f0fc-node2-1 Starting 
 Container rgg6069c5f0fc-node22-1 Starting 
 Container rgg6069c5f0fc-node21-1 Starting 
 Container rgg6069c5f0fc-node3-1 Starting 
 Container rgg6069c5f0fc-node13-1 Starting 
 Container rgg6069c5f0fc-node8-1 Starting 
 Container rgg6069c5f0fc-node6-1 Starting 
 Container rgg6069c5f0fc-node7-1 Starting 
 Container rgg6069c5f0fc-node0-1 Starting 
 Container rgg6069c5f0fc-node23-1 Starting 
 Container rgg6069c5f0fc-node5-1 Starting 
 Container rgg6069c5f0fc-node20-1 Starting 
 Container rgg6069c5f0fc-node12-1 Starting 
 Container rgg6069c5f0fc-node14-1 Starting 
 Container rgg6069c5f0fc-node15-1 Starting 
 Container rgg6069c5f0fc-node16-1 Starting 
 Container rgg6069c5f0fc-node9-1 Starting 
 Container rgg6069c5f0fc-node19-1 Starting 
 Container rgg6069c5f0fc-node18-1 Starting 
 Container rgg6069c5f0fc-node10-1 Starting 
 Container rgg6069c5f0fc-node4-1 Starting 
 Container rgg6069c5f0fc-node1-1 Starting 
 Container rgg6069c5f0fc-node2-1 Started 
 Container rgg6069c5f0fc-node6-1 Started 
 Container rgg6069c5f0fc-node11-1 Started 
 Container rgg6069c5f0fc-node4-1 Started 
 Container rgg6069c5f0fc-node23-1 Started 
 Container rgg6069c5f0fc-node14-1 Started 
 Container rgg6069c5f0fc-node13-1 Started 
 Container rgg6069c5f0fc-node22-1 Started 
 Container rgg6069c5f0fc-node20-1 Started 
 Container rgg6069c5f0fc-node16-1 Started 
 Container rgg6069c5f0fc-node7-1 Started 
 Container rgg6069c5f0fc-node0-1 Started 
 Container rgg6069c5f0fc-node8-1 Started 
 Container rgg6069c5f0fc-node21-1 Started 
 Container rgg6069c5f0fc-node10-1 Started 
 Container rgg6069c5f0fc-node15-1 Started 
 Container rgg6069c5f0fc-node3-1 Started 
 Container rgg6069c5f0fc-node1-1 Started 
 Container rgg6069c5f0fc-node18-1 Started 
 Container rgg6069c5f0fc-node19-1 Started 
 Container rgg6069c5f0fc-node9-1 Started 
 Container rgg6069c5f0fc-node17-1 Started 
 Container rgg6069c5f0fc-node12-1 Started 
 Container rgg6069c5f0fc-node5-1 Started 
NETEM_APPLIED node0 iface=eth0: qdisc netem 85e1: root refcnt 17 limit 1000 delay 20ms  5ms seed 3562078591647672732
NETEM_APPLIED node1 iface=eth0: qdisc netem 85e2: root refcnt 17 limit 1000 delay 20ms  5ms seed 3153327103360272525
NETEM_APPLIED node2 iface=eth0: qdisc netem 85e3: root refcnt 17 limit 1000 delay 20ms  5ms seed 14503002985193823429
NETEM_APPLIED node3 iface=eth0: qdisc netem 85e4: root refcnt 17 limit 1000 delay 20ms  5ms seed 666454029733498433
NETEM_APPLIED node4 iface=eth0: qdisc netem 85e5: root refcnt 17 limit 1000 delay 20ms  5ms seed 18370003384272952980
NETEM_APPLIED node5 iface=eth0: qdisc netem 85e6: root refcnt 17 limit 1000 delay 20ms  5ms seed 13525293861302794388
NETEM_APPLIED node6 iface=eth0: qdisc netem 85e7: root refcnt 17 limit 1000 delay 20ms  5ms seed 3496508670316087391
NETEM_APPLIED node7 iface=eth0: qdisc netem 85e8: root refcnt 17 limit 1000 delay 20ms  5ms seed 4248657052623057388
NETEM_APPLIED node8 iface=eth0: qdisc netem 85e9: root refcnt 17 limit 1000 delay 20ms  5ms seed 11085334246239321994
NETEM_APPLIED node9 iface=eth0: qdisc netem 85ea: root refcnt 17 limit 1000 delay 20ms  5ms seed 9810658543941297471
NETEM_APPLIED node10 iface=eth0: qdisc netem 85eb: root refcnt 17 limit 1000 delay 20ms  5ms seed 2017469060872434934
NETEM_APPLIED node11 iface=eth0: qdisc netem 85ec: root refcnt 17 limit 1000 delay 20ms  5ms seed 18236282997295886025
NETEM_APPLIED node12 iface=eth0: qdisc netem 85ed: root refcnt 17 limit 1000 delay 20ms  5ms seed 1009081489408573528
NETEM_APPLIED node13 iface=eth0: qdisc netem 85ee: root refcnt 17 limit 1000 delay 20ms  5ms seed 7664836812783461753
NETEM_APPLIED node14 iface=eth0: qdisc netem 85ef: root refcnt 17 limit 1000 delay 20ms  5ms seed 15815647582811914393
NETEM_APPLIED node15 iface=eth0: qdisc netem 85f0: root refcnt 17 limit 1000 delay 20ms  5ms seed 7283378760300869179
NETEM_APPLIED node16 iface=eth0: qdisc netem 85f1: root refcnt 17 limit 1000 delay 20ms  5ms seed 11646982914110697591
NETEM_APPLIED node17 iface=eth0: qdisc netem 85f2: root refcnt 17 limit 1000 delay 20ms  5ms seed 9134030161498623746
NETEM_APPLIED node18 iface=eth0: qdisc netem 85f3: root refcnt 17 limit 1000 delay 20ms  5ms seed 16557471421358756977
NETEM_APPLIED node19 iface=eth0: qdisc netem 85f4: root refcnt 17 limit 1000 delay 20ms  5ms seed 1925376773240981716
NETEM_APPLIED node20 iface=eth0: qdisc netem 85f5: root refcnt 17 limit 1000 delay 20ms  5ms seed 16795414258258910967
NETEM_APPLIED node21 iface=eth0: qdisc netem 85f6: root refcnt 17 limit 1000 delay 20ms  5ms seed 14654930335431387950
NETEM_APPLIED node22 iface=eth0: qdisc netem 85f7: root refcnt 17 limit 1000 delay 20ms  5ms seed 16569477925507108800
NETEM_APPLIED node23 iface=eth0: qdisc netem 85f8: root refcnt 17 limit 1000 delay 20ms  5ms seed 284388108184121298
NETEM_RTT_GATE OK: baseline=0.1ms actual=40.2ms increase=40.1ms
DRIVER_STARTED: 2026-07-15T06:31:39Z
0
QDSK_CLEANUP_FAIL node0: Command '['docker', 'exec', 'rgg6069c5f0fc-node0-1', 'sh', '-c', "ip -o -4 addr show scope global 2>/dev/null | head -1 | awk '{print $2}'"]' returned non-zero exit status 1.
QDSK_CLEANUP_FAIL node1: Command '['docker', 'exec', 'rgg6069c5f0fc-node1-1', 'sh', '-c', "ip -o -4 addr show scope global 2>/dev/null | head -1 | awk '{print $2}'"]' returned non-zero exit status 1.
QDSK_CLEANUP_FAIL node2: Command '['docker', 'exec', 'rgg6069c5f0fc-node2-1', 'sh', '-c', "ip -o -4 addr show scope global 2>/dev/null | head -1 | awk '{print $2}'"]' returned non-zero exit status 1.
QDSK_CLEANUP_FAIL node3: Command '['docker', 'exec', 'rgg6069c5f0fc-node3-1', 'sh', '-c', "ip -o -4 addr show scope global 2>/dev/null | head -1 | awk '{print $2}'"]' returned non-zero exit status 1.
QDSK_CLEANUP_FAIL node4: Command '['docker', 'exec', 'rgg6069c5f0fc-node4-1', 'sh', '-c', "ip -o -4 addr show scope global 2>/dev/null | head -1 | awk '{print $2}'"]' returned non-zero exit status 1.
QDSK_CLEANUP_FAIL node5: Command '['docker', 'exec', 'rgg6069c5f0fc-node5-1', 'sh', '-c', "ip -o -4 addr show scope global 2>/dev/null | head -1 | awk '{print $2}'"]' returned non-zero exit status 1.
QDSK_CLEANUP_FAIL node6: Command '['docker', 'exec', 'rgg6069c5f0fc-node6-1', 'sh', '-c', "ip -o -4 addr show scope global 2>/dev/null | head -1 | awk '{print $2}'"]' returned non-zero exit status 1.
QDSK_CLEANUP_FAIL node7: Command '['docker', 'exec', 'rgg6069c5f0fc-node7-1', 'sh', '-c', "ip -o -4 addr show scope global 2>/dev/null | head -1 | awk '{print $2}'"]' returned non-zero exit status 1.
QDSK_CLEANUP_FAIL node8: Command '['docker', 'exec', 'rgg6069c5f0fc-node8-1', 'sh', '-c', "ip -o -4 addr show scope global 2>/dev/null | head -1 | awk '{print $2}'"]' returned non-zero exit status 1.
QDSK_CLEANUP_FAIL node9: Command '['docker', 'exec', 'rgg6069c5f0fc-node9-1', 'sh', '-c', "ip -o -4 addr show scope global 2>/dev/null | head -1 | awk '{print $2}'"]' returned non-zero exit status 1.
QDSK_CLEANUP_FAIL node10: Command '['docker', 'exec', 'rgg6069c5f0fc-node10-1', 'sh', '-c', "ip -o -4 addr show scope global 2>/dev/null | head -1 | awk '{print $2}'"]' returned non-zero exit status 1.
QDSK_CLEANUP_FAIL node11: Command '['docker', 'exec', 'rgg6069c5f0fc-node11-1', 'sh', '-c', "ip -o -4 addr show scope global 2>/dev/null | head -1 | awk '{print $2}'"]' returned non-zero exit status 1.
QDSK_CLEANUP_FAIL node12: Command '['docker', 'exec', 'rgg6069c5f0fc-node12-1', 'sh', '-c', "ip -o -4 addr show scope global 2>/dev/null | head -1 | awk '{print $2}'"]' returned non-zero exit status 1.
QDSK_CLEANUP_FAIL node13: Command '['docker', 'exec', 'rgg6069c5f0fc-node13-1', 'sh', '-c', "ip -o -4 addr show scope global 2>/dev/null | head -1 | awk '{print $2}'"]' returned non-zero exit status 1.
QDSK_CLEANUP_FAIL node14: Command '['docker', 'exec', 'rgg6069c5f0fc-node14-1', 'sh', '-c', "ip -o -4 addr show scope global 2>/dev/null | head -1 | awk '{print $2}'"]' returned non-zero exit status 1.
QDSK_CLEANUP_FAIL node15: Command '['docker', 'exec', 'rgg6069c5f0fc-node15-1', 'sh', '-c', "ip -o -4 addr show scope global 2>/dev/null | head -1 | awk '{print $2}'"]' returned non-zero exit status 1.
QDSK_CLEANUP_FAIL node16: Command '['docker', 'exec', 'rgg6069c5f0fc-node16-1', 'sh', '-c', "ip -o -4 addr show scope global 2>/dev/null | head -1 | awk '{print $2}'"]' returned non-zero exit status 1.
QDSK_CLEANUP_FAIL node17: Command '['docker', 'exec', 'rgg6069c5f0fc-node17-1', 'sh', '-c', "ip -o -4 addr show scope global 2>/dev/null | head -1 | awk '{print $2}'"]' returned non-zero exit status 1.
QDSK_CLEANUP_FAIL node18: Command '['docker', 'exec', 'rgg6069c5f0fc-node18-1', 'sh', '-c', "ip -o -4 addr show scope global 2>/dev/null | head -1 | awk '{print $2}'"]' returned non-zero exit status 1.
QDSK_CLEANUP_FAIL node19: Command '['docker', 'exec', 'rgg6069c5f0fc-node19-1', 'sh', '-c', "ip -o -4 addr show scope global 2>/dev/null | head -1 | awk '{print $2}'"]' returned non-zero exit status 1.
QDSK_CLEANUP_FAIL node20: Command '['docker', 'exec', 'rgg6069c5f0fc-node20-1', 'sh', '-c', "ip -o -4 addr show scope global 2>/dev/null | head -1 | awk '{print $2}'"]' returned non-zero exit status 1.
QDSK_CLEANUP_FAIL node21: Command '['docker', 'exec', 'rgg6069c5f0fc-node21-1', 'sh', '-c', "ip -o -4 addr show scope global 2>/dev/null | head -1 | awk '{print $2}'"]' returned non-zero exit status 1.
QDSK_CLEANUP_FAIL node22: Command '['docker', 'exec', 'rgg6069c5f0fc-node22-1', 'sh', '-c', "ip -o -4 addr show scope global 2>/dev/null | head -1 | awk '{print $2}'"]' returned non-zero exit status 1.
QDSK_CLEANUP_FAIL node23: Command '['docker', 'exec', 'rgg6069c5f0fc-node23-1', 'sh', '-c', "ip -o -4 addr show scope global 2>/dev/null | head -1 | awk '{print $2}'"]' returned non-zero exit status 1.
