 Network rgg2058425b50_default Creating 
 Network rgg2058425b50_default Created 
 Container rgg2058425b50-collector-1 Creating 
 Container rgg2058425b50-collector-1 Created 
 Container rgg2058425b50-node4-1 Creating 
 Container rgg2058425b50-node10-1 Creating 
 Container rgg2058425b50-node19-1 Creating 
 Container rgg2058425b50-node18-1 Creating 
 Container rgg2058425b50-node1-1 Creating 
 Container rgg2058425b50-node14-1 Creating 
 Container rgg2058425b50-node22-1 Creating 
 Container rgg2058425b50-node5-1 Creating 
 Container rgg2058425b50-node16-1 Creating 
 Container rgg2058425b50-node8-1 Creating 
 Container rgg2058425b50-node17-1 Creating 
 Container rgg2058425b50-node3-1 Creating 
 Container rgg2058425b50-node7-1 Creating 
 Container rgg2058425b50-node9-1 Creating 
 Container rgg2058425b50-node2-1 Creating 
 Container rgg2058425b50-node23-1 Creating 
 Container rgg2058425b50-node15-1 Creating 
 Container rgg2058425b50-node11-1 Creating 
 Container rgg2058425b50-node13-1 Creating 
 Container rgg2058425b50-node0-1 Creating 
 Container rgg2058425b50-node20-1 Creating 
 Container rgg2058425b50-node21-1 Creating 
 Container rgg2058425b50-node12-1 Creating 
 Container rgg2058425b50-node6-1 Creating 
 Container rgg2058425b50-node10-1 Created 
 Container rgg2058425b50-node4-1 Created 
 Container rgg2058425b50-node1-1 Created 
 Container rgg2058425b50-node9-1 Created 
 Container rgg2058425b50-node22-1 Created 
 Container rgg2058425b50-node18-1 Created 
 Container rgg2058425b50-node19-1 Created 
 Container rgg2058425b50-node7-1 Created 
 Container rgg2058425b50-node14-1 Created 
 Container rgg2058425b50-node0-1 Created 
 Container rgg2058425b50-node11-1 Created 
 Container rgg2058425b50-node23-1 Created 
 Container rgg2058425b50-node17-1 Created 
 Container rgg2058425b50-node3-1 Created 
 Container rgg2058425b50-node13-1 Created 
 Container rgg2058425b50-node8-1 Created 
 Container rgg2058425b50-node12-1 Created 
 Container rgg2058425b50-node15-1 Created 
 Container rgg2058425b50-node16-1 Created 
 Container rgg2058425b50-node20-1 Created 
 Container rgg2058425b50-node2-1 Created 
 Container rgg2058425b50-node5-1 Created 
 Container rgg2058425b50-node6-1 Created 
 Container rgg2058425b50-node21-1 Created 
 Container rgg2058425b50-driver-1 Creating 
 Container rgg2058425b50-driver-1 Created 
 Container rgg2058425b50-collector-1 Starting 
 Container rgg2058425b50-collector-1 Started 
 Container rgg2058425b50-node14-1 Starting 
 Container rgg2058425b50-node19-1 Starting 
 Container rgg2058425b50-node1-1 Starting 
 Container rgg2058425b50-node4-1 Starting 
 Container rgg2058425b50-node5-1 Starting 
 Container rgg2058425b50-node12-1 Starting 
 Container rgg2058425b50-node3-1 Starting 
 Container rgg2058425b50-node16-1 Starting 
 Container rgg2058425b50-node22-1 Starting 
 Container rgg2058425b50-node9-1 Starting 
 Container rgg2058425b50-node23-1 Starting 
 Container rgg2058425b50-node13-1 Starting 
 Container rgg2058425b50-node0-1 Starting 
 Container rgg2058425b50-node7-1 Starting 
 Container rgg2058425b50-node2-1 Starting 
 Container rgg2058425b50-node20-1 Starting 
 Container rgg2058425b50-node15-1 Starting 
 Container rgg2058425b50-node10-1 Starting 
 Container rgg2058425b50-node17-1 Starting 
 Container rgg2058425b50-node8-1 Starting 
 Container rgg2058425b50-node21-1 Starting 
 Container rgg2058425b50-node18-1 Starting 
 Container rgg2058425b50-node6-1 Starting 
 Container rgg2058425b50-node11-1 Starting 
 Container rgg2058425b50-node14-1 Started 
 Container rgg2058425b50-node0-1 Started 
 Container rgg2058425b50-node7-1 Started 
 Container rgg2058425b50-node22-1 Started 
 Container rgg2058425b50-node19-1 Started 
 Container rgg2058425b50-node15-1 Started 
 Container rgg2058425b50-node21-1 Started 
 Container rgg2058425b50-node18-1 Started 
 Container rgg2058425b50-node16-1 Started 
 Container rgg2058425b50-node10-1 Started 
 Container rgg2058425b50-node17-1 Started 
 Container rgg2058425b50-node4-1 Started 
 Container rgg2058425b50-node6-1 Started 
 Container rgg2058425b50-node13-1 Started 
 Container rgg2058425b50-node23-1 Started 
 Container rgg2058425b50-node2-1 Started 
 Container rgg2058425b50-node9-1 Started 
 Container rgg2058425b50-node8-1 Started 
 Container rgg2058425b50-node12-1 Started 
 Container rgg2058425b50-node3-1 Started 
 Container rgg2058425b50-node5-1 Started 
 Container rgg2058425b50-node11-1 Started 
 Container rgg2058425b50-node1-1 Started 
 Container rgg2058425b50-node20-1 Started 
 Container rgg2058425b50-driver-1 Starting 
 Container rgg2058425b50-driver-1 Started 
0
