 Network rggedcd11d086_default Creating 
 Network rggedcd11d086_default Created 
 Container rggedcd11d086-collector-1 Creating 
 Container rggedcd11d086-collector-1 Created 
 Container rggedcd11d086-node1-1 Creating 
 Container rggedcd11d086-node15-1 Creating 
 Container rggedcd11d086-node9-1 Creating 
 Container rggedcd11d086-node19-1 Creating 
 Container rggedcd11d086-node21-1 Creating 
 Container rggedcd11d086-node13-1 Creating 
 Container rggedcd11d086-node2-1 Creating 
 Container rggedcd11d086-node22-1 Creating 
 Container rggedcd11d086-node17-1 Creating 
 Container rggedcd11d086-node14-1 Creating 
 Container rggedcd11d086-node10-1 Creating 
 Container rggedcd11d086-node11-1 Creating 
 Container rggedcd11d086-node4-1 Creating 
 Container rggedcd11d086-node0-1 Creating 
 Container rggedcd11d086-node6-1 Creating 
 Container rggedcd11d086-node12-1 Creating 
 Container rggedcd11d086-node7-1 Creating 
 Container rggedcd11d086-node16-1 Creating 
 Container rggedcd11d086-node20-1 Creating 
 Container rggedcd11d086-node18-1 Creating 
 Container rggedcd11d086-node23-1 Creating 
 Container rggedcd11d086-node8-1 Creating 
 Container rggedcd11d086-node5-1 Creating 
 Container rggedcd11d086-node3-1 Creating 
 Container rggedcd11d086-node9-1 Created 
 Container rggedcd11d086-node19-1 Created 
 Container rggedcd11d086-node21-1 Created 
 Container rggedcd11d086-node15-1 Created 
 Container rggedcd11d086-node14-1 Created 
 Container rggedcd11d086-node17-1 Created 
 Container rggedcd11d086-node16-1 Created 
 Container rggedcd11d086-node11-1 Created 
 Container rggedcd11d086-node4-1 Created 
 Container rggedcd11d086-node1-1 Created 
 Container rggedcd11d086-node0-1 Created 
 Container rggedcd11d086-node6-1 Created 
 Container rggedcd11d086-node13-1 Created 
 Container rggedcd11d086-node5-1 Created 
 Container rggedcd11d086-node22-1 Created 
 Container rggedcd11d086-node2-1 Created 
 Container rggedcd11d086-node12-1 Created 
 Container rggedcd11d086-node23-1 Created 
 Container rggedcd11d086-node20-1 Created 
 Container rggedcd11d086-node8-1 Created 
 Container rggedcd11d086-node3-1 Created 
 Container rggedcd11d086-node7-1 Created 
 Container rggedcd11d086-node10-1 Created 
 Container rggedcd11d086-node18-1 Created 
 Container rggedcd11d086-collector-1 Starting 
 Container rggedcd11d086-collector-1 Started 
 Container rggedcd11d086-node1-1 Starting 
 Container rggedcd11d086-node0-1 Starting 
 Container rggedcd11d086-node11-1 Starting 
 Container rggedcd11d086-node9-1 Starting 
 Container rggedcd11d086-node13-1 Starting 
 Container rggedcd11d086-node3-1 Starting 
 Container rggedcd11d086-node5-1 Starting 
 Container rggedcd11d086-node12-1 Starting 
 Container rggedcd11d086-node18-1 Starting 
 Container rggedcd11d086-node19-1 Starting 
 Container rggedcd11d086-node16-1 Starting 
 Container rggedcd11d086-node14-1 Starting 
 Container rggedcd11d086-node8-1 Starting 
 Container rggedcd11d086-node17-1 Starting 
 Container rggedcd11d086-node7-1 Starting 
 Container rggedcd11d086-node4-1 Starting 
 Container rggedcd11d086-node15-1 Starting 
 Container rggedcd11d086-node22-1 Starting 
 Container rggedcd11d086-node10-1 Starting 
 Container rggedcd11d086-node6-1 Starting 
 Container rggedcd11d086-node2-1 Starting 
 Container rggedcd11d086-node20-1 Starting 
 Container rggedcd11d086-node21-1 Starting 
 Container rggedcd11d086-node23-1 Starting 
 Container rggedcd11d086-node7-1 Started 
 Container rggedcd11d086-node0-1 Started 
 Container rggedcd11d086-node19-1 Started 
 Container rggedcd11d086-node22-1 Started 
 Container rggedcd11d086-node1-1 Started 
 Container rggedcd11d086-node11-1 Started 
 Container rggedcd11d086-node2-1 Started 
 Container rggedcd11d086-node14-1 Started 
 Container rggedcd11d086-node21-1 Started 
 Container rggedcd11d086-node10-1 Started 
 Container rggedcd11d086-node23-1 Started 
 Container rggedcd11d086-node16-1 Started 
 Container rggedcd11d086-node13-1 Started 
 Container rggedcd11d086-node3-1 Started 
 Container rggedcd11d086-node18-1 Started 
 Container rggedcd11d086-node17-1 Started 
 Container rggedcd11d086-node20-1 Started 
 Container rggedcd11d086-node15-1 Started 
 Container rggedcd11d086-node6-1 Started 
 Container rggedcd11d086-node4-1 Started 
 Container rggedcd11d086-node9-1 Started 
 Container rggedcd11d086-node5-1 Started 
 Container rggedcd11d086-node12-1 Started 
 Container rggedcd11d086-node8-1 Started 
NETEM_APPLIED node0 iface=eth0: qdisc netem 8231: root refcnt 17 limit 1000 delay 10ms  2ms seed 6194913438531724896
NETEM_APPLIED node1 iface=eth0: qdisc netem 8232: root refcnt 17 limit 1000 delay 10ms  2ms seed 9299378417270089395
NETEM_APPLIED node2 iface=eth0: qdisc netem 8233: root refcnt 17 limit 1000 delay 10ms  2ms seed 12520620487917960571
NETEM_APPLIED node3 iface=eth0: qdisc netem 8234: root refcnt 17 limit 1000 delay 10ms  2ms seed 11670056967789635291
NETEM_APPLIED node4 iface=eth0: qdisc netem 8235: root refcnt 17 limit 1000 delay 10ms  2ms seed 3654459756203881749
NETEM_APPLIED node5 iface=eth0: qdisc netem 8236: root refcnt 17 limit 1000 delay 10ms  2ms seed 1964888440177447388
NETEM_APPLIED node6 iface=eth0: qdisc netem 8237: root refcnt 17 limit 1000 delay 10ms  2ms seed 17832364721976535299
NETEM_APPLIED node7 iface=eth0: qdisc netem 8238: root refcnt 17 limit 1000 delay 10ms  2ms seed 2450105507520082832
NETEM_APPLIED node8 iface=eth0: qdisc netem 8239: root refcnt 17 limit 1000 delay 10ms  2ms seed 12178409692678624083
NETEM_APPLIED node9 iface=eth0: qdisc netem 823a: root refcnt 17 limit 1000 delay 10ms  2ms seed 14999927007776319663
NETEM_APPLIED node10 iface=eth0: qdisc netem 823b: root refcnt 17 limit 1000 delay 10ms  2ms seed 9995911928186701730
NETEM_APPLIED node11 iface=eth0: qdisc netem 823c: root refcnt 17 limit 1000 delay 10ms  2ms seed 1399500725285630237
NETEM_APPLIED node12 iface=eth0: qdisc netem 823d: root refcnt 17 limit 1000 delay 10ms  2ms seed 15957150469739961595
NETEM_APPLIED node13 iface=eth0: qdisc netem 823e: root refcnt 17 limit 1000 delay 10ms  2ms seed 8744307836291957830
NETEM_APPLIED node14 iface=eth0: qdisc netem 823f: root refcnt 17 limit 1000 delay 10ms  2ms seed 224316564787829507
NETEM_APPLIED node15 iface=eth0: qdisc netem 8240: root refcnt 17 limit 1000 delay 10ms  2ms seed 9941206829606719052
NETEM_APPLIED node16 iface=eth0: qdisc netem 8241: root refcnt 17 limit 1000 delay 10ms  2ms seed 14602461410283577978
NETEM_APPLIED node17 iface=eth0: qdisc netem 8242: root refcnt 17 limit 1000 delay 10ms  2ms seed 4712593164831232945
NETEM_APPLIED node18 iface=eth0: qdisc netem 8243: root refcnt 17 limit 1000 delay 10ms  2ms seed 5419690859193750429
NETEM_APPLIED node19 iface=eth0: qdisc netem 8244: root refcnt 17 limit 1000 delay 10ms  2ms seed 5181491814243990371
NETEM_APPLIED node20 iface=eth0: qdisc netem 8245: root refcnt 17 limit 1000 delay 10ms  2ms seed 14117316620742989362
NETEM_APPLIED node21 iface=eth0: qdisc netem 8246: root refcnt 17 limit 1000 delay 10ms  2ms seed 2460543627795959314
NETEM_APPLIED node22 iface=eth0: qdisc netem 8247: root refcnt 17 limit 1000 delay 10ms  2ms seed 9304873282493792463
NETEM_APPLIED node23 iface=eth0: qdisc netem 8248: root refcnt 17 limit 1000 delay 10ms  2ms seed 11754734070762293631
NETEM_RTT_GATE OK: baseline=0.1ms actual=20.1ms increase=20.0ms
DRIVER_STARTED: 2026-07-15T05:36:30Z
0
QDSK_CLEANUP_FAIL node0: Command '['docker', 'exec', 'rggedcd11d086-node0-1', 'sh', '-c', "ip -o -4 addr show scope global 2>/dev/null | head -1 | awk '{print $2}'"]' returned non-zero exit status 1.
QDSK_CLEANUP_FAIL node1: Command '['docker', 'exec', 'rggedcd11d086-node1-1', 'sh', '-c', "ip -o -4 addr show scope global 2>/dev/null | head -1 | awk '{print $2}'"]' returned non-zero exit status 1.
QDSK_CLEANUP_FAIL node2: Command '['docker', 'exec', 'rggedcd11d086-node2-1', 'sh', '-c', "ip -o -4 addr show scope global 2>/dev/null | head -1 | awk '{print $2}'"]' returned non-zero exit status 1.
QDSK_CLEANUP_FAIL node3: Command '['docker', 'exec', 'rggedcd11d086-node3-1', 'sh', '-c', "ip -o -4 addr show scope global 2>/dev/null | head -1 | awk '{print $2}'"]' returned non-zero exit status 1.
QDSK_CLEANUP_FAIL node4: Command '['docker', 'exec', 'rggedcd11d086-node4-1', 'sh', '-c', "ip -o -4 addr show scope global 2>/dev/null | head -1 | awk '{print $2}'"]' returned non-zero exit status 1.
QDSK_CLEANUP_FAIL node5: Command '['docker', 'exec', 'rggedcd11d086-node5-1', 'sh', '-c', "ip -o -4 addr show scope global 2>/dev/null | head -1 | awk '{print $2}'"]' returned non-zero exit status 1.
QDSK_CLEANUP_FAIL node6: Command '['docker', 'exec', 'rggedcd11d086-node6-1', 'sh', '-c', "ip -o -4 addr show scope global 2>/dev/null | head -1 | awk '{print $2}'"]' returned non-zero exit status 1.
QDSK_CLEANUP_FAIL node7: Command '['docker', 'exec', 'rggedcd11d086-node7-1', 'sh', '-c', "ip -o -4 addr show scope global 2>/dev/null | head -1 | awk '{print $2}'"]' returned non-zero exit status 1.
QDSK_CLEANUP_FAIL node8: Command '['docker', 'exec', 'rggedcd11d086-node8-1', 'sh', '-c', "ip -o -4 addr show scope global 2>/dev/null | head -1 | awk '{print $2}'"]' returned non-zero exit status 1.
QDSK_CLEANUP_FAIL node9: Command '['docker', 'exec', 'rggedcd11d086-node9-1', 'sh', '-c', "ip -o -4 addr show scope global 2>/dev/null | head -1 | awk '{print $2}'"]' returned non-zero exit status 1.
QDSK_CLEANUP_FAIL node10: Command '['docker', 'exec', 'rggedcd11d086-node10-1', 'sh', '-c', "ip -o -4 addr show scope global 2>/dev/null | head -1 | awk '{print $2}'"]' returned non-zero exit status 1.
QDSK_CLEANUP_FAIL node11: Command '['docker', 'exec', 'rggedcd11d086-node11-1', 'sh', '-c', "ip -o -4 addr show scope global 2>/dev/null | head -1 | awk '{print $2}'"]' returned non-zero exit status 1.
QDSK_CLEANUP_FAIL node12: Command '['docker', 'exec', 'rggedcd11d086-node12-1', 'sh', '-c', "ip -o -4 addr show scope global 2>/dev/null | head -1 | awk '{print $2}'"]' returned non-zero exit status 1.
QDSK_CLEANUP_FAIL node13: Command '['docker', 'exec', 'rggedcd11d086-node13-1', 'sh', '-c', "ip -o -4 addr show scope global 2>/dev/null | head -1 | awk '{print $2}'"]' returned non-zero exit status 1.
QDSK_CLEANUP_FAIL node14: Command '['docker', 'exec', 'rggedcd11d086-node14-1', 'sh', '-c', "ip -o -4 addr show scope global 2>/dev/null | head -1 | awk '{print $2}'"]' returned non-zero exit status 1.
QDSK_CLEANUP_FAIL node15: Command '['docker', 'exec', 'rggedcd11d086-node15-1', 'sh', '-c', "ip -o -4 addr show scope global 2>/dev/null | head -1 | awk '{print $2}'"]' returned non-zero exit status 1.
QDSK_CLEANUP_FAIL node16: Command '['docker', 'exec', 'rggedcd11d086-node16-1', 'sh', '-c', "ip -o -4 addr show scope global 2>/dev/null | head -1 | awk '{print $2}'"]' returned non-zero exit status 1.
QDSK_CLEANUP_FAIL node17: Command '['docker', 'exec', 'rggedcd11d086-node17-1', 'sh', '-c', "ip -o -4 addr show scope global 2>/dev/null | head -1 | awk '{print $2}'"]' returned non-zero exit status 1.
QDSK_CLEANUP_FAIL node18: Command '['docker', 'exec', 'rggedcd11d086-node18-1', 'sh', '-c', "ip -o -4 addr show scope global 2>/dev/null | head -1 | awk '{print $2}'"]' returned non-zero exit status 1.
QDSK_CLEANUP_FAIL node19: Command '['docker', 'exec', 'rggedcd11d086-node19-1', 'sh', '-c', "ip -o -4 addr show scope global 2>/dev/null | head -1 | awk '{print $2}'"]' returned non-zero exit status 1.
QDSK_CLEANUP_FAIL node20: Command '['docker', 'exec', 'rggedcd11d086-node20-1', 'sh', '-c', "ip -o -4 addr show scope global 2>/dev/null | head -1 | awk '{print $2}'"]' returned non-zero exit status 1.
QDSK_CLEANUP_FAIL node21: Command '['docker', 'exec', 'rggedcd11d086-node21-1', 'sh', '-c', "ip -o -4 addr show scope global 2>/dev/null | head -1 | awk '{print $2}'"]' returned non-zero exit status 1.
QDSK_CLEANUP_FAIL node22: Command '['docker', 'exec', 'rggedcd11d086-node22-1', 'sh', '-c', "ip -o -4 addr show scope global 2>/dev/null | head -1 | awk '{print $2}'"]' returned non-zero exit status 1.
QDSK_CLEANUP_FAIL node23: Command '['docker', 'exec', 'rggedcd11d086-node23-1', 'sh', '-c', "ip -o -4 addr show scope global 2>/dev/null | head -1 | awk '{print $2}'"]' returned non-zero exit status 1.
