 Network rggc9ad676224_default Creating 
 Network rggc9ad676224_default Created 
 Container rggc9ad676224-collector-1 Creating 
 Container rggc9ad676224-collector-1 Created 
 Container rggc9ad676224-node1-1 Creating 
 Container rggc9ad676224-node19-1 Creating 
 Container rggc9ad676224-node8-1 Creating 
 Container rggc9ad676224-node7-1 Creating 
 Container rggc9ad676224-node22-1 Creating 
 Container rggc9ad676224-node5-1 Creating 
 Container rggc9ad676224-node3-1 Creating 
 Container rggc9ad676224-node13-1 Creating 
 Container rggc9ad676224-node23-1 Creating 
 Container rggc9ad676224-node11-1 Creating 
 Container rggc9ad676224-node17-1 Creating 
 Container rggc9ad676224-node2-1 Creating 
 Container rggc9ad676224-node15-1 Creating 
 Container rggc9ad676224-node0-1 Creating 
 Container rggc9ad676224-node9-1 Creating 
 Container rggc9ad676224-node10-1 Creating 
 Container rggc9ad676224-node14-1 Creating 
 Container rggc9ad676224-node18-1 Creating 
 Container rggc9ad676224-node16-1 Creating 
 Container rggc9ad676224-node6-1 Creating 
 Container rggc9ad676224-node21-1 Creating 
 Container rggc9ad676224-node12-1 Creating 
 Container rggc9ad676224-node4-1 Creating 
 Container rggc9ad676224-node20-1 Creating 
 Container rggc9ad676224-node1-1 Created 
 Container rggc9ad676224-node8-1 Created 
 Container rggc9ad676224-node11-1 Created 
 Container rggc9ad676224-node17-1 Created 
 Container rggc9ad676224-node0-1 Created 
 Container rggc9ad676224-node19-1 Created 
 Container rggc9ad676224-node7-1 Created 
 Container rggc9ad676224-node18-1 Created 
 Container rggc9ad676224-node10-1 Created 
 Container rggc9ad676224-node9-1 Created 
 Container rggc9ad676224-node21-1 Created 
 Container rggc9ad676224-node15-1 Created 
 Container rggc9ad676224-node2-1 Created 
 Container rggc9ad676224-node23-1 Created 
 Container rggc9ad676224-node3-1 Created 
 Container rggc9ad676224-node4-1 Created 
 Container rggc9ad676224-node6-1 Created 
 Container rggc9ad676224-node14-1 Created 
 Container rggc9ad676224-node12-1 Created 
 Container rggc9ad676224-node22-1 Created 
 Container rggc9ad676224-node20-1 Created 
 Container rggc9ad676224-node5-1 Created 
 Container rggc9ad676224-node16-1 Created 
 Container rggc9ad676224-node13-1 Created 
 Container rggc9ad676224-driver-1 Creating 
 Container rggc9ad676224-driver-1 Created 
 Container rggc9ad676224-collector-1 Starting 
 Container rggc9ad676224-collector-1 Started 
 Container rggc9ad676224-node6-1 Starting 
 Container rggc9ad676224-node14-1 Starting 
 Container rggc9ad676224-node22-1 Starting 
 Container rggc9ad676224-node1-1 Starting 
 Container rggc9ad676224-node7-1 Starting 
 Container rggc9ad676224-node23-1 Starting 
 Container rggc9ad676224-node16-1 Starting 
 Container rggc9ad676224-node11-1 Starting 
 Container rggc9ad676224-node21-1 Starting 
 Container rggc9ad676224-node10-1 Starting 
 Container rggc9ad676224-node18-1 Starting 
 Container rggc9ad676224-node19-1 Starting 
 Container rggc9ad676224-node15-1 Starting 
 Container rggc9ad676224-node3-1 Starting 
 Container rggc9ad676224-node20-1 Starting 
 Container rggc9ad676224-node13-1 Starting 
 Container rggc9ad676224-node17-1 Starting 
 Container rggc9ad676224-node12-1 Starting 
 Container rggc9ad676224-node8-1 Starting 
 Container rggc9ad676224-node5-1 Starting 
 Container rggc9ad676224-node4-1 Starting 
 Container rggc9ad676224-node9-1 Starting 
 Container rggc9ad676224-node2-1 Starting 
 Container rggc9ad676224-node0-1 Starting 
 Container rggc9ad676224-node15-1 Started 
 Container rggc9ad676224-node6-1 Started 
 Container rggc9ad676224-node11-1 Started 
 Container rggc9ad676224-node12-1 Started 
 Container rggc9ad676224-node1-1 Started 
 Container rggc9ad676224-node22-1 Started 
 Container rggc9ad676224-node4-1 Started 
 Container rggc9ad676224-node8-1 Started 
 Container rggc9ad676224-node2-1 Started 
 Container rggc9ad676224-node19-1 Started 
 Container rggc9ad676224-node21-1 Started 
 Container rggc9ad676224-node5-1 Started 
 Container rggc9ad676224-node20-1 Started 
 Container rggc9ad676224-node9-1 Started 
 Container rggc9ad676224-node3-1 Started 
 Container rggc9ad676224-node17-1 Started 
 Container rggc9ad676224-node18-1 Started 
 Container rggc9ad676224-node0-1 Started 
 Container rggc9ad676224-node7-1 Started 
 Container rggc9ad676224-node10-1 Started 
 Container rggc9ad676224-node23-1 Started 
 Container rggc9ad676224-node13-1 Started 
 Container rggc9ad676224-node14-1 Started 
 Container rggc9ad676224-node16-1 Started 
 Container rggc9ad676224-driver-1 Starting 
 Container rggc9ad676224-driver-1 Started 
0
