 Network rggf39a130d86_default Creating 
 Network rggf39a130d86_default Created 
 Container rggf39a130d86-collector-1 Creating 
 Container rggf39a130d86-collector-1 Created 
 Container rggf39a130d86-node0-1 Creating 
 Container rggf39a130d86-node14-1 Creating 
 Container rggf39a130d86-node7-1 Creating 
 Container rggf39a130d86-node9-1 Creating 
 Container rggf39a130d86-node4-1 Creating 
 Container rggf39a130d86-node13-1 Creating 
 Container rggf39a130d86-node17-1 Creating 
 Container rggf39a130d86-node6-1 Creating 
 Container rggf39a130d86-node19-1 Creating 
 Container rggf39a130d86-node12-1 Creating 
 Container rggf39a130d86-node18-1 Creating 
 Container rggf39a130d86-node2-1 Creating 
 Container rggf39a130d86-node5-1 Creating 
 Container rggf39a130d86-node15-1 Creating 
 Container rggf39a130d86-node3-1 Creating 
 Container rggf39a130d86-node1-1 Creating 
 Container rggf39a130d86-node11-1 Creating 
 Container rggf39a130d86-node16-1 Creating 
 Container rggf39a130d86-node8-1 Creating 
 Container rggf39a130d86-node10-1 Creating 
 Container rggf39a130d86-node14-1 Created 
 Container rggf39a130d86-node15-1 Created 
 Container rggf39a130d86-node4-1 Created 
 Container rggf39a130d86-node10-1 Created 
 Container rggf39a130d86-node12-1 Created 
 Container rggf39a130d86-node7-1 Created 
 Container rggf39a130d86-node13-1 Created 
 Container rggf39a130d86-node3-1 Created 
 Container rggf39a130d86-node9-1 Created 
 Container rggf39a130d86-node5-1 Created 
 Container rggf39a130d86-node0-1 Created 
 Container rggf39a130d86-node1-1 Created 
 Container rggf39a130d86-node2-1 Created 
 Container rggf39a130d86-node17-1 Created 
 Container rggf39a130d86-node19-1 Created 
 Container rggf39a130d86-node18-1 Created 
 Container rggf39a130d86-node11-1 Created 
 Container rggf39a130d86-node8-1 Created 
 Container rggf39a130d86-node6-1 Created 
 Container rggf39a130d86-node16-1 Created 
 Container rggf39a130d86-driver-1 Creating 
 Container rggf39a130d86-driver-1 Created 
 Container rggf39a130d86-collector-1 Starting 
 Container rggf39a130d86-collector-1 Started 
 Container rggf39a130d86-node15-1 Starting 
 Container rggf39a130d86-node3-1 Starting 
 Container rggf39a130d86-node0-1 Starting 
 Container rggf39a130d86-node17-1 Starting 
 Container rggf39a130d86-node12-1 Starting 
 Container rggf39a130d86-node6-1 Starting 
 Container rggf39a130d86-node18-1 Starting 
 Container rggf39a130d86-node16-1 Starting 
 Container rggf39a130d86-node4-1 Starting 
 Container rggf39a130d86-node9-1 Starting 
 Container rggf39a130d86-node11-1 Starting 
 Container rggf39a130d86-node2-1 Starting 
 Container rggf39a130d86-node5-1 Starting 
 Container rggf39a130d86-node13-1 Starting 
 Container rggf39a130d86-node7-1 Starting 
 Container rggf39a130d86-node1-1 Starting 
 Container rggf39a130d86-node10-1 Starting 
 Container rggf39a130d86-node19-1 Starting 
 Container rggf39a130d86-node8-1 Starting 
 Container rggf39a130d86-node14-1 Starting 
 Container rggf39a130d86-node3-1 Started 
 Container rggf39a130d86-node19-1 Started 
 Container rggf39a130d86-node13-1 Started 
 Container rggf39a130d86-node15-1 Started 
 Container rggf39a130d86-node0-1 Started 
 Container rggf39a130d86-node16-1 Started 
 Container rggf39a130d86-node4-1 Started 
 Container rggf39a130d86-node11-1 Started 
 Container rggf39a130d86-node18-1 Started 
 Container rggf39a130d86-node10-1 Started 
 Container rggf39a130d86-node2-1 Started 
 Container rggf39a130d86-node9-1 Started 
 Container rggf39a130d86-node17-1 Started 
 Container rggf39a130d86-node1-1 Started 
 Container rggf39a130d86-node7-1 Started 
 Container rggf39a130d86-node5-1 Started 
 Container rggf39a130d86-node12-1 Started 
 Container rggf39a130d86-node14-1 Started 
 Container rggf39a130d86-node6-1 Started 
 Container rggf39a130d86-node8-1 Started 
 Container rggf39a130d86-driver-1 Starting 
 Container rggf39a130d86-driver-1 Started 
0
