 Network rgg3ddf2c4837_default Creating 
 Network rgg3ddf2c4837_default Created 
 Container rgg3ddf2c4837-collector-1 Creating 
 Container rgg3ddf2c4837-collector-1 Created 
 Container rgg3ddf2c4837-node11-1 Creating 
 Container rgg3ddf2c4837-node4-1 Creating 
 Container rgg3ddf2c4837-node9-1 Creating 
 Container rgg3ddf2c4837-node0-1 Creating 
 Container rgg3ddf2c4837-node6-1 Creating 
 Container rgg3ddf2c4837-node13-1 Creating 
 Container rgg3ddf2c4837-node1-1 Creating 
 Container rgg3ddf2c4837-node14-1 Creating 
 Container rgg3ddf2c4837-node12-1 Creating 
 Container rgg3ddf2c4837-node2-1 Creating 
 Container rgg3ddf2c4837-node8-1 Creating 
 Container rgg3ddf2c4837-node3-1 Creating 
 Container rgg3ddf2c4837-node5-1 Creating 
 Container rgg3ddf2c4837-node15-1 Creating 
 Container rgg3ddf2c4837-node10-1 Creating 
 Container rgg3ddf2c4837-node7-1 Creating 
 Container rgg3ddf2c4837-node7-1 Created 
 Container rgg3ddf2c4837-node9-1 Created 
 Container rgg3ddf2c4837-node11-1 Created 
 Container rgg3ddf2c4837-node1-1 Created 
 Container rgg3ddf2c4837-node12-1 Created 
 Container rgg3ddf2c4837-node14-1 Created 
 Container rgg3ddf2c4837-node13-1 Created 
 Container rgg3ddf2c4837-node5-1 Created 
 Container rgg3ddf2c4837-node15-1 Created 
 Container rgg3ddf2c4837-node8-1 Created 
 Container rgg3ddf2c4837-node2-1 Created 
 Container rgg3ddf2c4837-node4-1 Created 
 Container rgg3ddf2c4837-node10-1 Created 
 Container rgg3ddf2c4837-node6-1 Created 
 Container rgg3ddf2c4837-node3-1 Created 
 Container rgg3ddf2c4837-node0-1 Created 
 Container rgg3ddf2c4837-driver-1 Creating 
 Container rgg3ddf2c4837-driver-1 Created 
 Container rgg3ddf2c4837-collector-1 Starting 
 Container rgg3ddf2c4837-collector-1 Started 
 Container rgg3ddf2c4837-node11-1 Starting 
 Container rgg3ddf2c4837-node2-1 Starting 
 Container rgg3ddf2c4837-node15-1 Starting 
 Container rgg3ddf2c4837-node12-1 Starting 
 Container rgg3ddf2c4837-node1-1 Starting 
 Container rgg3ddf2c4837-node0-1 Starting 
 Container rgg3ddf2c4837-node5-1 Starting 
 Container rgg3ddf2c4837-node13-1 Starting 
 Container rgg3ddf2c4837-node14-1 Starting 
 Container rgg3ddf2c4837-node6-1 Starting 
 Container rgg3ddf2c4837-node9-1 Starting 
 Container rgg3ddf2c4837-node10-1 Starting 
 Container rgg3ddf2c4837-node4-1 Starting 
 Container rgg3ddf2c4837-node3-1 Starting 
 Container rgg3ddf2c4837-node8-1 Starting 
 Container rgg3ddf2c4837-node7-1 Starting 
 Container rgg3ddf2c4837-node11-1 Started 
 Container rgg3ddf2c4837-node0-1 Started 
 Container rgg3ddf2c4837-node8-1 Started 
 Container rgg3ddf2c4837-node13-1 Started 
 Container rgg3ddf2c4837-node7-1 Started 
 Container rgg3ddf2c4837-node5-1 Started 
 Container rgg3ddf2c4837-node15-1 Started 
 Container rgg3ddf2c4837-node6-1 Started 
 Container rgg3ddf2c4837-node9-1 Started 
 Container rgg3ddf2c4837-node3-1 Started 
 Container rgg3ddf2c4837-node4-1 Started 
 Container rgg3ddf2c4837-node14-1 Started 
 Container rgg3ddf2c4837-node2-1 Started 
 Container rgg3ddf2c4837-node12-1 Started 
 Container rgg3ddf2c4837-node10-1 Started 
 Container rgg3ddf2c4837-node1-1 Started 
 Container rgg3ddf2c4837-driver-1 Starting 
 Container rgg3ddf2c4837-driver-1 Started 
0
