 Network rggff945c3ccc_default Creating 
 Network rggff945c3ccc_default Created 
 Container rggff945c3ccc-collector-1 Creating 
 Container rggff945c3ccc-collector-1 Created 
 Container rggff945c3ccc-node5-1 Creating 
 Container rggff945c3ccc-node0-1 Creating 
 Container rggff945c3ccc-node12-1 Creating 
 Container rggff945c3ccc-node4-1 Creating 
 Container rggff945c3ccc-node10-1 Creating 
 Container rggff945c3ccc-node8-1 Creating 
 Container rggff945c3ccc-node14-1 Creating 
 Container rggff945c3ccc-node13-1 Creating 
 Container rggff945c3ccc-node9-1 Creating 
 Container rggff945c3ccc-node7-1 Creating 
 Container rggff945c3ccc-node2-1 Creating 
 Container rggff945c3ccc-node1-1 Creating 
 Container rggff945c3ccc-node3-1 Creating 
 Container rggff945c3ccc-node6-1 Creating 
 Container rggff945c3ccc-node11-1 Creating 
 Container rggff945c3ccc-node15-1 Creating 
 Container rggff945c3ccc-node14-1 Created 
 Container rggff945c3ccc-node2-1 Created 
 Container rggff945c3ccc-node15-1 Created 
 Container rggff945c3ccc-node4-1 Created 
 Container rggff945c3ccc-node12-1 Created 
 Container rggff945c3ccc-node1-1 Created 
 Container rggff945c3ccc-node11-1 Created 
 Container rggff945c3ccc-node8-1 Created 
 Container rggff945c3ccc-node13-1 Created 
 Container rggff945c3ccc-node6-1 Created 
 Container rggff945c3ccc-node7-1 Created 
 Container rggff945c3ccc-node10-1 Created 
 Container rggff945c3ccc-node0-1 Created 
 Container rggff945c3ccc-node9-1 Created 
 Container rggff945c3ccc-node5-1 Created 
 Container rggff945c3ccc-node3-1 Created 
 Container rggff945c3ccc-collector-1 Starting 
 Container rggff945c3ccc-collector-1 Started 
 Container rggff945c3ccc-node4-1 Starting 
 Container rggff945c3ccc-node10-1 Starting 
 Container rggff945c3ccc-node13-1 Starting 
 Container rggff945c3ccc-node11-1 Starting 
 Container rggff945c3ccc-node6-1 Starting 
 Container rggff945c3ccc-node1-1 Starting 
 Container rggff945c3ccc-node15-1 Starting 
 Container rggff945c3ccc-node7-1 Starting 
 Container rggff945c3ccc-node14-1 Starting 
 Container rggff945c3ccc-node5-1 Starting 
 Container rggff945c3ccc-node12-1 Starting 
 Container rggff945c3ccc-node9-1 Starting 
 Container rggff945c3ccc-node0-1 Starting 
 Container rggff945c3ccc-node3-1 Starting 
 Container rggff945c3ccc-node2-1 Starting 
 Container rggff945c3ccc-node8-1 Starting 
 Container rggff945c3ccc-node7-1 Started 
 Container rggff945c3ccc-node13-1 Started 
 Container rggff945c3ccc-node4-1 Started 
 Container rggff945c3ccc-node11-1 Started 
 Container rggff945c3ccc-node12-1 Started 
 Container rggff945c3ccc-node2-1 Started 
 Container rggff945c3ccc-node3-1 Started 
 Container rggff945c3ccc-node6-1 Started 
 Container rggff945c3ccc-node5-1 Started 
 Container rggff945c3ccc-node10-1 Started 
 Container rggff945c3ccc-node0-1 Started 
 Container rggff945c3ccc-node15-1 Started 
 Container rggff945c3ccc-node14-1 Started 
 Container rggff945c3ccc-node8-1 Started 
 Container rggff945c3ccc-node9-1 Started 
 Container rggff945c3ccc-node1-1 Started 
READY_BARRIER: 14/16 node services ready
DRIVER_STARTED: 2026-07-26T22:33:52Z
0
