 Network rgg0e428a2d52_default Creating 
 Network rgg0e428a2d52_default Created 
 Container rgg0e428a2d52-collector-1 Creating 
 Container rgg0e428a2d52-collector-1 Created 
 Container rgg0e428a2d52-node14-1 Creating 
 Container rgg0e428a2d52-node8-1 Creating 
 Container rgg0e428a2d52-node1-1 Creating 
 Container rgg0e428a2d52-node2-1 Creating 
 Container rgg0e428a2d52-node4-1 Creating 
 Container rgg0e428a2d52-node12-1 Creating 
 Container rgg0e428a2d52-node9-1 Creating 
 Container rgg0e428a2d52-node0-1 Creating 
 Container rgg0e428a2d52-node15-1 Creating 
 Container rgg0e428a2d52-node11-1 Creating 
 Container rgg0e428a2d52-node5-1 Creating 
 Container rgg0e428a2d52-node10-1 Creating 
 Container rgg0e428a2d52-node6-1 Creating 
 Container rgg0e428a2d52-node7-1 Creating 
 Container rgg0e428a2d52-node3-1 Creating 
 Container rgg0e428a2d52-node13-1 Creating 
 Container rgg0e428a2d52-node9-1 Created 
 Container rgg0e428a2d52-node4-1 Created 
 Container rgg0e428a2d52-node14-1 Created 
 Container rgg0e428a2d52-node5-1 Created 
 Container rgg0e428a2d52-node2-1 Created 
 Container rgg0e428a2d52-node6-1 Created 
 Container rgg0e428a2d52-node3-1 Created 
 Container rgg0e428a2d52-node10-1 Created 
 Container rgg0e428a2d52-node8-1 Created 
 Container rgg0e428a2d52-node13-1 Created 
 Container rgg0e428a2d52-node12-1 Created 
 Container rgg0e428a2d52-node11-1 Created 
 Container rgg0e428a2d52-node7-1 Created 
 Container rgg0e428a2d52-node0-1 Created 
 Container rgg0e428a2d52-node1-1 Created 
 Container rgg0e428a2d52-node15-1 Created 
 Container rgg0e428a2d52-collector-1 Starting 
 Container rgg0e428a2d52-collector-1 Started 
 Container rgg0e428a2d52-node15-1 Starting 
 Container rgg0e428a2d52-node0-1 Starting 
 Container rgg0e428a2d52-node4-1 Starting 
 Container rgg0e428a2d52-node12-1 Starting 
 Container rgg0e428a2d52-node2-1 Starting 
 Container rgg0e428a2d52-node8-1 Starting 
 Container rgg0e428a2d52-node7-1 Starting 
 Container rgg0e428a2d52-node9-1 Starting 
 Container rgg0e428a2d52-node1-1 Starting 
 Container rgg0e428a2d52-node11-1 Starting 
 Container rgg0e428a2d52-node13-1 Starting 
 Container rgg0e428a2d52-node10-1 Starting 
 Container rgg0e428a2d52-node3-1 Starting 
 Container rgg0e428a2d52-node5-1 Starting 
 Container rgg0e428a2d52-node14-1 Starting 
 Container rgg0e428a2d52-node6-1 Starting 
 Container rgg0e428a2d52-node4-1 Started 
 Container rgg0e428a2d52-node0-1 Started 
 Container rgg0e428a2d52-node3-1 Started 
 Container rgg0e428a2d52-node5-1 Started 
 Container rgg0e428a2d52-node13-1 Started 
 Container rgg0e428a2d52-node15-1 Started 
 Container rgg0e428a2d52-node12-1 Started 
 Container rgg0e428a2d52-node9-1 Started 
 Container rgg0e428a2d52-node2-1 Started 
 Container rgg0e428a2d52-node8-1 Started 
 Container rgg0e428a2d52-node10-1 Started 
 Container rgg0e428a2d52-node6-1 Started 
 Container rgg0e428a2d52-node1-1 Started 
 Container rgg0e428a2d52-node14-1 Started 
 Container rgg0e428a2d52-node11-1 Started 
 Container rgg0e428a2d52-node7-1 Started 
DRIVER_STARTED: 2026-07-15T04:58:04Z
0
