 Network rggf7585f96fe_default Creating 
 Network rggf7585f96fe_default Created 
 Container rggf7585f96fe-collector-1 Creating 
 Container rggf7585f96fe-collector-1 Created 
 Container rggf7585f96fe-node9-1 Creating 
 Container rggf7585f96fe-node11-1 Creating 
 Container rggf7585f96fe-node6-1 Creating 
 Container rggf7585f96fe-node3-1 Creating 
 Container rggf7585f96fe-node13-1 Creating 
 Container rggf7585f96fe-node2-1 Creating 
 Container rggf7585f96fe-node8-1 Creating 
 Container rggf7585f96fe-node10-1 Creating 
 Container rggf7585f96fe-node15-1 Creating 
 Container rggf7585f96fe-node0-1 Creating 
 Container rggf7585f96fe-node4-1 Creating 
 Container rggf7585f96fe-node7-1 Creating 
 Container rggf7585f96fe-node5-1 Creating 
 Container rggf7585f96fe-node1-1 Creating 
 Container rggf7585f96fe-node12-1 Creating 
 Container rggf7585f96fe-node14-1 Creating 
 Container rggf7585f96fe-node13-1 Created 
 Container rggf7585f96fe-node11-1 Created 
 Container rggf7585f96fe-node9-1 Created 
 Container rggf7585f96fe-node6-1 Created 
 Container rggf7585f96fe-node15-1 Created 
 Container rggf7585f96fe-node14-1 Created 
 Container rggf7585f96fe-node2-1 Created 
 Container rggf7585f96fe-node5-1 Created 
 Container rggf7585f96fe-node4-1 Created 
 Container rggf7585f96fe-node1-1 Created 
 Container rggf7585f96fe-node0-1 Created 
 Container rggf7585f96fe-node10-1 Created 
 Container rggf7585f96fe-node8-1 Created 
 Container rggf7585f96fe-node7-1 Created 
 Container rggf7585f96fe-node3-1 Created 
 Container rggf7585f96fe-node12-1 Created 
 Container rggf7585f96fe-driver-1 Creating 
 Container rggf7585f96fe-driver-1 Created 
 Container rggf7585f96fe-collector-1 Starting 
 Container rggf7585f96fe-collector-1 Started 
 Container rggf7585f96fe-node1-1 Starting 
 Container rggf7585f96fe-node9-1 Starting 
 Container rggf7585f96fe-node10-1 Starting 
 Container rggf7585f96fe-node6-1 Starting 
 Container rggf7585f96fe-node15-1 Starting 
 Container rggf7585f96fe-node13-1 Starting 
 Container rggf7585f96fe-node14-1 Starting 
 Container rggf7585f96fe-node5-1 Starting 
 Container rggf7585f96fe-node4-1 Starting 
 Container rggf7585f96fe-node11-1 Starting 
 Container rggf7585f96fe-node3-1 Starting 
 Container rggf7585f96fe-node8-1 Starting 
 Container rggf7585f96fe-node7-1 Starting 
 Container rggf7585f96fe-node2-1 Starting 
 Container rggf7585f96fe-node12-1 Starting 
 Container rggf7585f96fe-node0-1 Starting 
 Container rggf7585f96fe-node15-1 Started 
 Container rggf7585f96fe-node12-1 Started 
 Container rggf7585f96fe-node1-1 Started 
 Container rggf7585f96fe-node8-1 Started 
 Container rggf7585f96fe-node10-1 Started 
 Container rggf7585f96fe-node11-1 Started 
 Container rggf7585f96fe-node4-1 Started 
 Container rggf7585f96fe-node3-1 Started 
 Container rggf7585f96fe-node13-1 Started 
 Container rggf7585f96fe-node7-1 Started 
 Container rggf7585f96fe-node14-1 Started 
 Container rggf7585f96fe-node0-1 Started 
 Container rggf7585f96fe-node6-1 Started 
 Container rggf7585f96fe-node9-1 Started 
 Container rggf7585f96fe-node2-1 Started 
 Container rggf7585f96fe-node5-1 Started 
 Container rggf7585f96fe-driver-1 Starting 
 Container rggf7585f96fe-driver-1 Started 
0
