 Network rgg3aaa67b439_default Creating 
 Network rgg3aaa67b439_default Created 
 Container rgg3aaa67b439-collector-1 Creating 
 Container rgg3aaa67b439-collector-1 Created 
 Container rgg3aaa67b439-node3-1 Creating 
 Container rgg3aaa67b439-node2-1 Creating 
 Container rgg3aaa67b439-node9-1 Creating 
 Container rgg3aaa67b439-node6-1 Creating 
 Container rgg3aaa67b439-node15-1 Creating 
 Container rgg3aaa67b439-node8-1 Creating 
 Container rgg3aaa67b439-node4-1 Creating 
 Container rgg3aaa67b439-node7-1 Creating 
 Container rgg3aaa67b439-node12-1 Creating 
 Container rgg3aaa67b439-node10-1 Creating 
 Container rgg3aaa67b439-node14-1 Creating 
 Container rgg3aaa67b439-node5-1 Creating 
 Container rgg3aaa67b439-node11-1 Creating 
 Container rgg3aaa67b439-node1-1 Creating 
 Container rgg3aaa67b439-node0-1 Creating 
 Container rgg3aaa67b439-node13-1 Creating 
 Container rgg3aaa67b439-node2-1 Created 
 Container rgg3aaa67b439-node10-1 Created 
 Container rgg3aaa67b439-node4-1 Created 
 Container rgg3aaa67b439-node11-1 Created 
 Container rgg3aaa67b439-node12-1 Created 
 Container rgg3aaa67b439-node3-1 Created 
 Container rgg3aaa67b439-node13-1 Created 
 Container rgg3aaa67b439-node7-1 Created 
 Container rgg3aaa67b439-node0-1 Created 
 Container rgg3aaa67b439-node5-1 Created 
 Container rgg3aaa67b439-node1-1 Created 
 Container rgg3aaa67b439-node6-1 Created 
 Container rgg3aaa67b439-node14-1 Created 
 Container rgg3aaa67b439-node15-1 Created 
 Container rgg3aaa67b439-node9-1 Created 
 Container rgg3aaa67b439-node8-1 Created 
 Container rgg3aaa67b439-driver-1 Creating 
 Container rgg3aaa67b439-driver-1 Created 
 Container rgg3aaa67b439-collector-1 Starting 
 Container rgg3aaa67b439-collector-1 Started 
 Container rgg3aaa67b439-node15-1 Starting 
 Container rgg3aaa67b439-node9-1 Starting 
 Container rgg3aaa67b439-node10-1 Starting 
 Container rgg3aaa67b439-node12-1 Starting 
 Container rgg3aaa67b439-node1-1 Starting 
 Container rgg3aaa67b439-node7-1 Starting 
 Container rgg3aaa67b439-node4-1 Starting 
 Container rgg3aaa67b439-node5-1 Starting 
 Container rgg3aaa67b439-node2-1 Starting 
 Container rgg3aaa67b439-node0-1 Starting 
 Container rgg3aaa67b439-node8-1 Starting 
 Container rgg3aaa67b439-node6-1 Starting 
 Container rgg3aaa67b439-node11-1 Starting 
 Container rgg3aaa67b439-node13-1 Starting 
 Container rgg3aaa67b439-node3-1 Starting 
 Container rgg3aaa67b439-node14-1 Starting 
 Container rgg3aaa67b439-node10-1 Started 
 Container rgg3aaa67b439-node0-1 Started 
 Container rgg3aaa67b439-node7-1 Started 
 Container rgg3aaa67b439-node11-1 Started 
 Container rgg3aaa67b439-node2-1 Started 
 Container rgg3aaa67b439-node15-1 Started 
 Container rgg3aaa67b439-node3-1 Started 
 Container rgg3aaa67b439-node12-1 Started 
 Container rgg3aaa67b439-node13-1 Started 
 Container rgg3aaa67b439-node8-1 Started 
 Container rgg3aaa67b439-node9-1 Started 
 Container rgg3aaa67b439-node14-1 Started 
 Container rgg3aaa67b439-node4-1 Started 
 Container rgg3aaa67b439-node1-1 Started 
 Container rgg3aaa67b439-node6-1 Started 
 Container rgg3aaa67b439-node5-1 Started 
 Container rgg3aaa67b439-driver-1 Starting 
 Container rgg3aaa67b439-driver-1 Started 
0
