 Network rgg7ed973c7c2_default Creating 
 Network rgg7ed973c7c2_default Created 
 Container rgg7ed973c7c2-collector-1 Creating 
 Container rgg7ed973c7c2-collector-1 Created 
 Container rgg7ed973c7c2-node9-1 Creating 
 Container rgg7ed973c7c2-node13-1 Creating 
 Container rgg7ed973c7c2-node1-1 Creating 
 Container rgg7ed973c7c2-node19-1 Creating 
 Container rgg7ed973c7c2-node20-1 Creating 
 Container rgg7ed973c7c2-node11-1 Creating 
 Container rgg7ed973c7c2-node21-1 Creating 
 Container rgg7ed973c7c2-node10-1 Creating 
 Container rgg7ed973c7c2-node2-1 Creating 
 Container rgg7ed973c7c2-node18-1 Creating 
 Container rgg7ed973c7c2-node22-1 Creating 
 Container rgg7ed973c7c2-node17-1 Creating 
 Container rgg7ed973c7c2-node3-1 Creating 
 Container rgg7ed973c7c2-node15-1 Creating 
 Container rgg7ed973c7c2-node0-1 Creating 
 Container rgg7ed973c7c2-node7-1 Creating 
 Container rgg7ed973c7c2-node5-1 Creating 
 Container rgg7ed973c7c2-node6-1 Creating 
 Container rgg7ed973c7c2-node23-1 Creating 
 Container rgg7ed973c7c2-node8-1 Creating 
 Container rgg7ed973c7c2-node16-1 Creating 
 Container rgg7ed973c7c2-node12-1 Creating 
 Container rgg7ed973c7c2-node14-1 Creating 
 Container rgg7ed973c7c2-node4-1 Creating 
 Container rgg7ed973c7c2-node19-1 Created 
 Container rgg7ed973c7c2-node21-1 Created 
 Container rgg7ed973c7c2-node9-1 Created 
 Container rgg7ed973c7c2-node11-1 Created 
 Container rgg7ed973c7c2-node16-1 Created 
 Container rgg7ed973c7c2-node14-1 Created 
 Container rgg7ed973c7c2-node13-1 Created 
 Container rgg7ed973c7c2-node17-1 Created 
 Container rgg7ed973c7c2-node20-1 Created 
 Container rgg7ed973c7c2-node18-1 Created 
 Container rgg7ed973c7c2-node4-1 Created 
 Container rgg7ed973c7c2-node10-1 Created 
 Container rgg7ed973c7c2-node3-1 Created 
 Container rgg7ed973c7c2-node23-1 Created 
 Container rgg7ed973c7c2-node2-1 Created 
 Container rgg7ed973c7c2-node7-1 Created 
 Container rgg7ed973c7c2-node1-1 Created 
 Container rgg7ed973c7c2-node0-1 Created 
 Container rgg7ed973c7c2-node22-1 Created 
 Container rgg7ed973c7c2-node5-1 Created 
 Container rgg7ed973c7c2-node8-1 Created 
 Container rgg7ed973c7c2-node12-1 Created 
 Container rgg7ed973c7c2-node6-1 Created 
 Container rgg7ed973c7c2-node15-1 Created 
 Container rgg7ed973c7c2-collector-1 Starting 
 Container rgg7ed973c7c2-collector-1 Started 
 Container rgg7ed973c7c2-node20-1 Starting 
 Container rgg7ed973c7c2-node19-1 Starting 
 Container rgg7ed973c7c2-node0-1 Starting 
 Container rgg7ed973c7c2-node23-1 Starting 
 Container rgg7ed973c7c2-node8-1 Starting 
 Container rgg7ed973c7c2-node1-1 Starting 
 Container rgg7ed973c7c2-node14-1 Starting 
 Container rgg7ed973c7c2-node18-1 Starting 
 Container rgg7ed973c7c2-node3-1 Starting 
 Container rgg7ed973c7c2-node12-1 Starting 
 Container rgg7ed973c7c2-node15-1 Starting 
 Container rgg7ed973c7c2-node21-1 Starting 
 Container rgg7ed973c7c2-node2-1 Starting 
 Container rgg7ed973c7c2-node7-1 Starting 
 Container rgg7ed973c7c2-node11-1 Starting 
 Container rgg7ed973c7c2-node22-1 Starting 
 Container rgg7ed973c7c2-node4-1 Starting 
 Container rgg7ed973c7c2-node17-1 Starting 
 Container rgg7ed973c7c2-node6-1 Starting 
 Container rgg7ed973c7c2-node16-1 Starting 
 Container rgg7ed973c7c2-node5-1 Starting 
 Container rgg7ed973c7c2-node9-1 Starting 
 Container rgg7ed973c7c2-node13-1 Starting 
 Container rgg7ed973c7c2-node10-1 Starting 
 Container rgg7ed973c7c2-node23-1 Started 
 Container rgg7ed973c7c2-node16-1 Started 
 Container rgg7ed973c7c2-node20-1 Started 
 Container rgg7ed973c7c2-node18-1 Started 
 Container rgg7ed973c7c2-node22-1 Started 
 Container rgg7ed973c7c2-node0-1 Started 
 Container rgg7ed973c7c2-node14-1 Started 
 Container rgg7ed973c7c2-node11-1 Started 
 Container rgg7ed973c7c2-node8-1 Started 
 Container rgg7ed973c7c2-node9-1 Started 
 Container rgg7ed973c7c2-node6-1 Started 
 Container rgg7ed973c7c2-node5-1 Started 
 Container rgg7ed973c7c2-node7-1 Started 
 Container rgg7ed973c7c2-node2-1 Started 
 Container rgg7ed973c7c2-node19-1 Started 
 Container rgg7ed973c7c2-node17-1 Started 
 Container rgg7ed973c7c2-node12-1 Started 
 Container rgg7ed973c7c2-node4-1 Started 
 Container rgg7ed973c7c2-node3-1 Started 
 Container rgg7ed973c7c2-node10-1 Started 
 Container rgg7ed973c7c2-node1-1 Started 
 Container rgg7ed973c7c2-node21-1 Started 
 Container rgg7ed973c7c2-node15-1 Started 
 Container rgg7ed973c7c2-node13-1 Started 
NETEM_APPLIED node0 iface=eth0: qdisc netem 8171: root refcnt 17 limit 1000 delay 10ms  2ms seed 4054758589890493733
NETEM_APPLIED node1 iface=eth0: qdisc netem 8172: root refcnt 17 limit 1000 delay 10ms  2ms seed 13689748367020810816
NETEM_APPLIED node2 iface=eth0: qdisc netem 8173: root refcnt 17 limit 1000 delay 10ms  2ms seed 5825099098946312268
NETEM_APPLIED node3 iface=eth0: qdisc netem 8174: root refcnt 17 limit 1000 delay 10ms  2ms seed 5022967643491313257
NETEM_APPLIED node4 iface=eth0: qdisc netem 8175: root refcnt 17 limit 1000 delay 10ms  2ms seed 14118379335860293933
NETEM_APPLIED node5 iface=eth0: qdisc netem 8176: root refcnt 17 limit 1000 delay 10ms  2ms seed 15253650092707893311
NETEM_APPLIED node6 iface=eth0: qdisc netem 8177: root refcnt 17 limit 1000 delay 10ms  2ms seed 781658864352247670
NETEM_APPLIED node7 iface=eth0: qdisc netem 8178: root refcnt 17 limit 1000 delay 10ms  2ms seed 8180735830737627412
NETEM_APPLIED node8 iface=eth0: qdisc netem 8179: root refcnt 17 limit 1000 delay 10ms  2ms seed 444586322269799956
NETEM_APPLIED node9 iface=eth0: qdisc netem 817a: root refcnt 17 limit 1000 delay 10ms  2ms seed 12277461200548119190
NETEM_APPLIED node10 iface=eth0: qdisc netem 817b: root refcnt 17 limit 1000 delay 10ms  2ms seed 3124382414691014403
NETEM_APPLIED node11 iface=eth0: qdisc netem 817c: root refcnt 17 limit 1000 delay 10ms  2ms seed 6851970231708167567
NETEM_APPLIED node12 iface=eth0: qdisc netem 817d: root refcnt 17 limit 1000 delay 10ms  2ms seed 6861360318552250220
NETEM_APPLIED node13 iface=eth0: qdisc netem 817e: root refcnt 17 limit 1000 delay 10ms  2ms seed 1024235559315802264
NETEM_APPLIED node14 iface=eth0: qdisc netem 817f: root refcnt 17 limit 1000 delay 10ms  2ms seed 15592577601701378002
NETEM_APPLIED node15 iface=eth0: qdisc netem 8180: root refcnt 17 limit 1000 delay 10ms  2ms seed 2999351803823349637
NETEM_APPLIED node16 iface=eth0: qdisc netem 8181: root refcnt 17 limit 1000 delay 10ms  2ms seed 7458640090229861536
NETEM_APPLIED node17 iface=eth0: qdisc netem 8182: root refcnt 17 limit 1000 delay 10ms  2ms seed 3083500171850418103
NETEM_APPLIED node18 iface=eth0: qdisc netem 8183: root refcnt 17 limit 1000 delay 10ms  2ms seed 15230536420666288549
NETEM_APPLIED node19 iface=eth0: qdisc netem 8184: root refcnt 17 limit 1000 delay 10ms  2ms seed 17599347541469921325
NETEM_APPLIED node20 iface=eth0: qdisc netem 8185: root refcnt 17 limit 1000 delay 10ms  2ms seed 6661766681489478340
NETEM_APPLIED node21 iface=eth0: qdisc netem 8186: root refcnt 17 limit 1000 delay 10ms  2ms seed 15927560667467535128
NETEM_APPLIED node22 iface=eth0: qdisc netem 8187: root refcnt 17 limit 1000 delay 10ms  2ms seed 2919908565652269842
NETEM_APPLIED node23 iface=eth0: qdisc netem 8188: root refcnt 17 limit 1000 delay 10ms  2ms seed 5335885886601835056
NETEM_RTT_GATE OK: baseline=0.1ms actual=21.5ms increase=21.4ms
DRIVER_STARTED: 2026-07-15T05:27:50Z
0
QDSK_CLEANUP_FAIL node0: Command '['docker', 'exec', 'rgg7ed973c7c2-node0-1', 'sh', '-c', "ip -o -4 addr show scope global 2>/dev/null | head -1 | awk '{print $2}'"]' returned non-zero exit status 1.
QDSK_CLEANUP_FAIL node1: Command '['docker', 'exec', 'rgg7ed973c7c2-node1-1', 'sh', '-c', "ip -o -4 addr show scope global 2>/dev/null | head -1 | awk '{print $2}'"]' returned non-zero exit status 1.
QDSK_CLEANUP_FAIL node2: Command '['docker', 'exec', 'rgg7ed973c7c2-node2-1', 'sh', '-c', "ip -o -4 addr show scope global 2>/dev/null | head -1 | awk '{print $2}'"]' returned non-zero exit status 1.
QDSK_CLEANUP_FAIL node3: Command '['docker', 'exec', 'rgg7ed973c7c2-node3-1', 'sh', '-c', "ip -o -4 addr show scope global 2>/dev/null | head -1 | awk '{print $2}'"]' returned non-zero exit status 1.
QDSK_CLEANUP_FAIL node4: Command '['docker', 'exec', 'rgg7ed973c7c2-node4-1', 'sh', '-c', "ip -o -4 addr show scope global 2>/dev/null | head -1 | awk '{print $2}'"]' returned non-zero exit status 1.
QDSK_CLEANUP_FAIL node5: Command '['docker', 'exec', 'rgg7ed973c7c2-node5-1', 'sh', '-c', "ip -o -4 addr show scope global 2>/dev/null | head -1 | awk '{print $2}'"]' returned non-zero exit status 1.
QDSK_CLEANUP_FAIL node6: Command '['docker', 'exec', 'rgg7ed973c7c2-node6-1', 'sh', '-c', "ip -o -4 addr show scope global 2>/dev/null | head -1 | awk '{print $2}'"]' returned non-zero exit status 1.
QDSK_CLEANUP_FAIL node7: Command '['docker', 'exec', 'rgg7ed973c7c2-node7-1', 'sh', '-c', "ip -o -4 addr show scope global 2>/dev/null | head -1 | awk '{print $2}'"]' returned non-zero exit status 1.
QDSK_CLEANUP_FAIL node8: Command '['docker', 'exec', 'rgg7ed973c7c2-node8-1', 'sh', '-c', "ip -o -4 addr show scope global 2>/dev/null | head -1 | awk '{print $2}'"]' returned non-zero exit status 1.
QDSK_CLEANUP_FAIL node9: Command '['docker', 'exec', 'rgg7ed973c7c2-node9-1', 'sh', '-c', "ip -o -4 addr show scope global 2>/dev/null | head -1 | awk '{print $2}'"]' returned non-zero exit status 1.
QDSK_CLEANUP_FAIL node10: Command '['docker', 'exec', 'rgg7ed973c7c2-node10-1', 'sh', '-c', "ip -o -4 addr show scope global 2>/dev/null | head -1 | awk '{print $2}'"]' returned non-zero exit status 1.
QDSK_CLEANUP_FAIL node11: Command '['docker', 'exec', 'rgg7ed973c7c2-node11-1', 'sh', '-c', "ip -o -4 addr show scope global 2>/dev/null | head -1 | awk '{print $2}'"]' returned non-zero exit status 1.
QDSK_CLEANUP_FAIL node12: Command '['docker', 'exec', 'rgg7ed973c7c2-node12-1', 'sh', '-c', "ip -o -4 addr show scope global 2>/dev/null | head -1 | awk '{print $2}'"]' returned non-zero exit status 1.
QDSK_CLEANUP_FAIL node13: Command '['docker', 'exec', 'rgg7ed973c7c2-node13-1', 'sh', '-c', "ip -o -4 addr show scope global 2>/dev/null | head -1 | awk '{print $2}'"]' returned non-zero exit status 1.
QDSK_CLEANUP_FAIL node14: Command '['docker', 'exec', 'rgg7ed973c7c2-node14-1', 'sh', '-c', "ip -o -4 addr show scope global 2>/dev/null | head -1 | awk '{print $2}'"]' returned non-zero exit status 1.
QDSK_CLEANUP_FAIL node15: Command '['docker', 'exec', 'rgg7ed973c7c2-node15-1', 'sh', '-c', "ip -o -4 addr show scope global 2>/dev/null | head -1 | awk '{print $2}'"]' returned non-zero exit status 1.
QDSK_CLEANUP_FAIL node16: Command '['docker', 'exec', 'rgg7ed973c7c2-node16-1', 'sh', '-c', "ip -o -4 addr show scope global 2>/dev/null | head -1 | awk '{print $2}'"]' returned non-zero exit status 1.
QDSK_CLEANUP_FAIL node17: Command '['docker', 'exec', 'rgg7ed973c7c2-node17-1', 'sh', '-c', "ip -o -4 addr show scope global 2>/dev/null | head -1 | awk '{print $2}'"]' returned non-zero exit status 1.
QDSK_CLEANUP_FAIL node18: Command '['docker', 'exec', 'rgg7ed973c7c2-node18-1', 'sh', '-c', "ip -o -4 addr show scope global 2>/dev/null | head -1 | awk '{print $2}'"]' returned non-zero exit status 1.
QDSK_CLEANUP_FAIL node19: Command '['docker', 'exec', 'rgg7ed973c7c2-node19-1', 'sh', '-c', "ip -o -4 addr show scope global 2>/dev/null | head -1 | awk '{print $2}'"]' returned non-zero exit status 1.
QDSK_CLEANUP_FAIL node20: Command '['docker', 'exec', 'rgg7ed973c7c2-node20-1', 'sh', '-c', "ip -o -4 addr show scope global 2>/dev/null | head -1 | awk '{print $2}'"]' returned non-zero exit status 1.
QDSK_CLEANUP_FAIL node21: Command '['docker', 'exec', 'rgg7ed973c7c2-node21-1', 'sh', '-c', "ip -o -4 addr show scope global 2>/dev/null | head -1 | awk '{print $2}'"]' returned non-zero exit status 1.
QDSK_CLEANUP_FAIL node22: Command '['docker', 'exec', 'rgg7ed973c7c2-node22-1', 'sh', '-c', "ip -o -4 addr show scope global 2>/dev/null | head -1 | awk '{print $2}'"]' returned non-zero exit status 1.
QDSK_CLEANUP_FAIL node23: Command '['docker', 'exec', 'rgg7ed973c7c2-node23-1', 'sh', '-c', "ip -o -4 addr show scope global 2>/dev/null | head -1 | awk '{print $2}'"]' returned non-zero exit status 1.
