 Network rgga898d4523b_default Creating 
 Network rgga898d4523b_default Created 
 Container rgga898d4523b-collector-1 Creating 
 Container rgga898d4523b-collector-1 Created 
 Container rgga898d4523b-node2-1 Creating 
 Container rgga898d4523b-node12-1 Creating 
 Container rgga898d4523b-node15-1 Creating 
 Container rgga898d4523b-node13-1 Creating 
 Container rgga898d4523b-node21-1 Creating 
 Container rgga898d4523b-node18-1 Creating 
 Container rgga898d4523b-node19-1 Creating 
 Container rgga898d4523b-node6-1 Creating 
 Container rgga898d4523b-node9-1 Creating 
 Container rgga898d4523b-node0-1 Creating 
 Container rgga898d4523b-node1-1 Creating 
 Container rgga898d4523b-node3-1 Creating 
 Container rgga898d4523b-node5-1 Creating 
 Container rgga898d4523b-node20-1 Creating 
 Container rgga898d4523b-node16-1 Creating 
 Container rgga898d4523b-node10-1 Creating 
 Container rgga898d4523b-node14-1 Creating 
 Container rgga898d4523b-node11-1 Creating 
 Container rgga898d4523b-node8-1 Creating 
 Container rgga898d4523b-node17-1 Creating 
 Container rgga898d4523b-node22-1 Creating 
 Container rgga898d4523b-node23-1 Creating 
 Container rgga898d4523b-node7-1 Creating 
 Container rgga898d4523b-node4-1 Creating 
 Container rgga898d4523b-node21-1 Created 
 Container rgga898d4523b-node15-1 Created 
 Container rgga898d4523b-node13-1 Created 
 Container rgga898d4523b-node2-1 Created 
 Container rgga898d4523b-node19-1 Created 
 Container rgga898d4523b-node3-1 Created 
 Container rgga898d4523b-node16-1 Created 
 Container rgga898d4523b-node1-1 Created 
 Container rgga898d4523b-node9-1 Created 
 Container rgga898d4523b-node14-1 Created 
 Container rgga898d4523b-node0-1 Created 
 Container rgga898d4523b-node22-1 Created 
 Container rgga898d4523b-node8-1 Created 
 Container rgga898d4523b-node18-1 Created 
 Container rgga898d4523b-node11-1 Created 
 Container rgga898d4523b-node5-1 Created 
 Container rgga898d4523b-node7-1 Created 
 Container rgga898d4523b-node10-1 Created 
 Container rgga898d4523b-node17-1 Created 
 Container rgga898d4523b-node4-1 Created 
 Container rgga898d4523b-node6-1 Created 
 Container rgga898d4523b-node20-1 Created 
 Container rgga898d4523b-node23-1 Created 
 Container rgga898d4523b-node12-1 Created 
 Container rgga898d4523b-driver-1 Creating 
 Container rgga898d4523b-driver-1 Created 
 Container rgga898d4523b-collector-1 Starting 
 Container rgga898d4523b-collector-1 Started 
 Container rgga898d4523b-node4-1 Starting 
 Container rgga898d4523b-node10-1 Starting 
 Container rgga898d4523b-node13-1 Starting 
 Container rgga898d4523b-node18-1 Starting 
 Container rgga898d4523b-node5-1 Starting 
 Container rgga898d4523b-node16-1 Starting 
 Container rgga898d4523b-node23-1 Starting 
 Container rgga898d4523b-node8-1 Starting 
 Container rgga898d4523b-node7-1 Starting 
 Container rgga898d4523b-node20-1 Starting 
 Container rgga898d4523b-node0-1 Starting 
 Container rgga898d4523b-node11-1 Starting 
 Container rgga898d4523b-node22-1 Starting 
 Container rgga898d4523b-node19-1 Starting 
 Container rgga898d4523b-node12-1 Starting 
 Container rgga898d4523b-node21-1 Starting 
 Container rgga898d4523b-node3-1 Starting 
 Container rgga898d4523b-node14-1 Starting 
 Container rgga898d4523b-node15-1 Starting 
 Container rgga898d4523b-node1-1 Starting 
 Container rgga898d4523b-node17-1 Starting 
 Container rgga898d4523b-node2-1 Starting 
 Container rgga898d4523b-node9-1 Starting 
 Container rgga898d4523b-node6-1 Starting 
 Container rgga898d4523b-node14-1 Started 
 Container rgga898d4523b-node6-1 Started 
 Container rgga898d4523b-node20-1 Started 
 Container rgga898d4523b-node22-1 Started 
 Container rgga898d4523b-node0-1 Started 
 Container rgga898d4523b-node1-1 Started 
 Container rgga898d4523b-node18-1 Started 
 Container rgga898d4523b-node10-1 Started 
 Container rgga898d4523b-node19-1 Started 
 Container rgga898d4523b-node4-1 Started 
 Container rgga898d4523b-node8-1 Started 
 Container rgga898d4523b-node5-1 Started 
 Container rgga898d4523b-node2-1 Started 
 Container rgga898d4523b-node12-1 Started 
 Container rgga898d4523b-node17-1 Started 
 Container rgga898d4523b-node21-1 Started 
 Container rgga898d4523b-node23-1 Started 
 Container rgga898d4523b-node11-1 Started 
 Container rgga898d4523b-node13-1 Started 
 Container rgga898d4523b-node3-1 Started 
 Container rgga898d4523b-node15-1 Started 
 Container rgga898d4523b-node7-1 Started 
 Container rgga898d4523b-node9-1 Started 
 Container rgga898d4523b-node16-1 Started 
 Container rgga898d4523b-driver-1 Starting 
 Container rgga898d4523b-driver-1 Started 
0
