 Network rgga58f2a77d4_default Creating 
 Network rgga58f2a77d4_default Created 
 Container rgga58f2a77d4-collector-1 Creating 
 Container rgga58f2a77d4-collector-1 Created 
 Container rgga58f2a77d4-node17-1 Creating 
 Container rgga58f2a77d4-node3-1 Creating 
 Container rgga58f2a77d4-node4-1 Creating 
 Container rgga58f2a77d4-node8-1 Creating 
 Container rgga58f2a77d4-node12-1 Creating 
 Container rgga58f2a77d4-node9-1 Creating 
 Container rgga58f2a77d4-node16-1 Creating 
 Container rgga58f2a77d4-node7-1 Creating 
 Container rgga58f2a77d4-node2-1 Creating 
 Container rgga58f2a77d4-node14-1 Creating 
 Container rgga58f2a77d4-node11-1 Creating 
 Container rgga58f2a77d4-node1-1 Creating 
 Container rgga58f2a77d4-node22-1 Creating 
 Container rgga58f2a77d4-node18-1 Creating 
 Container rgga58f2a77d4-node0-1 Creating 
 Container rgga58f2a77d4-node20-1 Creating 
 Container rgga58f2a77d4-node13-1 Creating 
 Container rgga58f2a77d4-node19-1 Creating 
 Container rgga58f2a77d4-node21-1 Creating 
 Container rgga58f2a77d4-node23-1 Creating 
 Container rgga58f2a77d4-node15-1 Creating 
 Container rgga58f2a77d4-node10-1 Creating 
 Container rgga58f2a77d4-node5-1 Creating 
 Container rgga58f2a77d4-node6-1 Creating 
 Container rgga58f2a77d4-node5-1 Created 
 Container rgga58f2a77d4-node20-1 Created 
 Container rgga58f2a77d4-node12-1 Created 
 Container rgga58f2a77d4-node3-1 Created 
 Container rgga58f2a77d4-node17-1 Created 
 Container rgga58f2a77d4-node8-1 Created 
 Container rgga58f2a77d4-node16-1 Created 
 Container rgga58f2a77d4-node13-1 Created 
 Container rgga58f2a77d4-node6-1 Created 
 Container rgga58f2a77d4-node14-1 Created 
 Container rgga58f2a77d4-node18-1 Created 
 Container rgga58f2a77d4-node4-1 Created 
 Container rgga58f2a77d4-node1-1 Created 
 Container rgga58f2a77d4-node9-1 Created 
 Container rgga58f2a77d4-node0-1 Created 
 Container rgga58f2a77d4-node23-1 Created 
 Container rgga58f2a77d4-node10-1 Created 
 Container rgga58f2a77d4-node7-1 Created 
 Container rgga58f2a77d4-node15-1 Created 
 Container rgga58f2a77d4-node22-1 Created 
 Container rgga58f2a77d4-node19-1 Created 
 Container rgga58f2a77d4-node21-1 Created 
 Container rgga58f2a77d4-node11-1 Created 
 Container rgga58f2a77d4-node2-1 Created 
 Container rgga58f2a77d4-driver-1 Creating 
 Container rgga58f2a77d4-driver-1 Created 
 Container rgga58f2a77d4-collector-1 Starting 
 Container rgga58f2a77d4-collector-1 Started 
 Container rgga58f2a77d4-node5-1 Starting 
 Container rgga58f2a77d4-node12-1 Starting 
 Container rgga58f2a77d4-node20-1 Starting 
 Container rgga58f2a77d4-node10-1 Starting 
 Container rgga58f2a77d4-node13-1 Starting 
 Container rgga58f2a77d4-node6-1 Starting 
 Container rgga58f2a77d4-node1-1 Starting 
 Container rgga58f2a77d4-node19-1 Starting 
 Container rgga58f2a77d4-node15-1 Starting 
 Container rgga58f2a77d4-node11-1 Starting 
 Container rgga58f2a77d4-node17-1 Starting 
 Container rgga58f2a77d4-node16-1 Starting 
 Container rgga58f2a77d4-node18-1 Starting 
 Container rgga58f2a77d4-node3-1 Starting 
 Container rgga58f2a77d4-node22-1 Starting 
 Container rgga58f2a77d4-node7-1 Starting 
 Container rgga58f2a77d4-node2-1 Starting 
 Container rgga58f2a77d4-node23-1 Starting 
 Container rgga58f2a77d4-node4-1 Starting 
 Container rgga58f2a77d4-node14-1 Starting 
 Container rgga58f2a77d4-node8-1 Starting 
 Container rgga58f2a77d4-node9-1 Starting 
 Container rgga58f2a77d4-node21-1 Starting 
 Container rgga58f2a77d4-node0-1 Starting 
 Container rgga58f2a77d4-node13-1 Started 
 Container rgga58f2a77d4-node15-1 Started 
 Container rgga58f2a77d4-node7-1 Started 
 Container rgga58f2a77d4-node0-1 Started 
 Container rgga58f2a77d4-node5-1 Started 
 Container rgga58f2a77d4-node10-1 Started 
 Container rgga58f2a77d4-node2-1 Started 
 Container rgga58f2a77d4-node9-1 Started 
 Container rgga58f2a77d4-node11-1 Started 
 Container rgga58f2a77d4-node18-1 Started 
 Container rgga58f2a77d4-node23-1 Started 
 Container rgga58f2a77d4-node12-1 Started 
 Container rgga58f2a77d4-node4-1 Started 
 Container rgga58f2a77d4-node6-1 Started 
 Container rgga58f2a77d4-node19-1 Started 
 Container rgga58f2a77d4-node16-1 Started 
 Container rgga58f2a77d4-node3-1 Started 
 Container rgga58f2a77d4-node17-1 Started 
 Container rgga58f2a77d4-node14-1 Started 
 Container rgga58f2a77d4-node22-1 Started 
 Container rgga58f2a77d4-node21-1 Started 
 Container rgga58f2a77d4-node20-1 Started 
 Container rgga58f2a77d4-node8-1 Started 
 Container rgga58f2a77d4-node1-1 Started 
 Container rgga58f2a77d4-driver-1 Starting 
 Container rgga58f2a77d4-driver-1 Started 
0
