 Network rgg7cfe8d68c5_default Creating 
 Network rgg7cfe8d68c5_default Created 
 Container rgg7cfe8d68c5-collector-1 Creating 
 Container rgg7cfe8d68c5-collector-1 Created 
 Container rgg7cfe8d68c5-node5-1 Creating 
 Container rgg7cfe8d68c5-node2-1 Creating 
 Container rgg7cfe8d68c5-node6-1 Creating 
 Container rgg7cfe8d68c5-node9-1 Creating 
 Container rgg7cfe8d68c5-node13-1 Creating 
 Container rgg7cfe8d68c5-node10-1 Creating 
 Container rgg7cfe8d68c5-node14-1 Creating 
 Container rgg7cfe8d68c5-node7-1 Creating 
 Container rgg7cfe8d68c5-node4-1 Creating 
 Container rgg7cfe8d68c5-node8-1 Creating 
 Container rgg7cfe8d68c5-node12-1 Creating 
 Container rgg7cfe8d68c5-node15-1 Creating 
 Container rgg7cfe8d68c5-node3-1 Creating 
 Container rgg7cfe8d68c5-node11-1 Creating 
 Container rgg7cfe8d68c5-node0-1 Creating 
 Container rgg7cfe8d68c5-node1-1 Creating 
 Container rgg7cfe8d68c5-node5-1 Created 
 Container rgg7cfe8d68c5-node9-1 Created 
 Container rgg7cfe8d68c5-node4-1 Created 
 Container rgg7cfe8d68c5-node2-1 Created 
 Container rgg7cfe8d68c5-node15-1 Created 
 Container rgg7cfe8d68c5-node7-1 Created 
 Container rgg7cfe8d68c5-node6-1 Created 
 Container rgg7cfe8d68c5-node8-1 Created 
 Container rgg7cfe8d68c5-node14-1 Created 
 Container rgg7cfe8d68c5-node3-1 Created 
 Container rgg7cfe8d68c5-node13-1 Created 
 Container rgg7cfe8d68c5-node10-1 Created 
 Container rgg7cfe8d68c5-node12-1 Created 
 Container rgg7cfe8d68c5-node0-1 Created 
 Container rgg7cfe8d68c5-node1-1 Created 
 Container rgg7cfe8d68c5-node11-1 Created 
 Container rgg7cfe8d68c5-collector-1 Starting 
 Container rgg7cfe8d68c5-collector-1 Started 
 Container rgg7cfe8d68c5-node2-1 Starting 
 Container rgg7cfe8d68c5-node6-1 Starting 
 Container rgg7cfe8d68c5-node1-1 Starting 
 Container rgg7cfe8d68c5-node7-1 Starting 
 Container rgg7cfe8d68c5-node11-1 Starting 
 Container rgg7cfe8d68c5-node3-1 Starting 
 Container rgg7cfe8d68c5-node10-1 Starting 
 Container rgg7cfe8d68c5-node0-1 Starting 
 Container rgg7cfe8d68c5-node8-1 Starting 
 Container rgg7cfe8d68c5-node15-1 Starting 
 Container rgg7cfe8d68c5-node12-1 Starting 
 Container rgg7cfe8d68c5-node13-1 Starting 
 Container rgg7cfe8d68c5-node14-1 Starting 
 Container rgg7cfe8d68c5-node5-1 Starting 
 Container rgg7cfe8d68c5-node9-1 Starting 
 Container rgg7cfe8d68c5-node4-1 Starting 
 Container rgg7cfe8d68c5-node7-1 Started 
 Container rgg7cfe8d68c5-node4-1 Started 
 Container rgg7cfe8d68c5-node8-1 Started 
 Container rgg7cfe8d68c5-node6-1 Started 
 Container rgg7cfe8d68c5-node2-1 Started 
 Container rgg7cfe8d68c5-node13-1 Started 
 Container rgg7cfe8d68c5-node10-1 Started 
 Container rgg7cfe8d68c5-node15-1 Started 
 Container rgg7cfe8d68c5-node1-1 Started 
 Container rgg7cfe8d68c5-node0-1 Started 
 Container rgg7cfe8d68c5-node9-1 Started 
 Container rgg7cfe8d68c5-node5-1 Started 
 Container rgg7cfe8d68c5-node11-1 Started 
 Container rgg7cfe8d68c5-node12-1 Started 
 Container rgg7cfe8d68c5-node3-1 Started 
 Container rgg7cfe8d68c5-node14-1 Started 
NETEM_APPLIED node0 iface=eth0: qdisc netem 80c1: root refcnt 17 limit 1000 delay 10ms  2ms seed 3411887398973122228
NETEM_APPLIED node1 iface=eth0: qdisc netem 80c2: root refcnt 17 limit 1000 delay 10ms  2ms seed 12019271614557323703
NETEM_APPLIED node2 iface=eth0: qdisc netem 80c3: root refcnt 17 limit 1000 delay 10ms  2ms seed 10620481200521766149
NETEM_APPLIED node3 iface=eth0: qdisc netem 80c4: root refcnt 17 limit 1000 delay 10ms  2ms seed 11028511158471158581
NETEM_APPLIED node4 iface=eth0: qdisc netem 80c5: root refcnt 17 limit 1000 delay 10ms  2ms seed 18194781545449570646
NETEM_APPLIED node5 iface=eth0: qdisc netem 80c6: root refcnt 17 limit 1000 delay 10ms  2ms seed 8426231846638947058
NETEM_APPLIED node6 iface=eth0: qdisc netem 80c7: root refcnt 17 limit 1000 delay 10ms  2ms seed 4140655104023918769
NETEM_APPLIED node7 iface=eth0: qdisc netem 80c8: root refcnt 17 limit 1000 delay 10ms  2ms seed 8660175502110628147
NETEM_APPLIED node8 iface=eth0: qdisc netem 80c9: root refcnt 17 limit 1000 delay 10ms  2ms seed 5423615088155430560
NETEM_APPLIED node9 iface=eth0: qdisc netem 80ca: root refcnt 17 limit 1000 delay 10ms  2ms seed 18391036476535242599
NETEM_APPLIED node10 iface=eth0: qdisc netem 80cb: root refcnt 17 limit 1000 delay 10ms  2ms seed 14451016588072684948
NETEM_APPLIED node11 iface=eth0: qdisc netem 80cc: root refcnt 17 limit 1000 delay 10ms  2ms seed 3794943029788199637
NETEM_APPLIED node12 iface=eth0: qdisc netem 80cd: root refcnt 17 limit 1000 delay 10ms  2ms seed 1102374002325424641
NETEM_APPLIED node13 iface=eth0: qdisc netem 80ce: root refcnt 17 limit 1000 delay 10ms  2ms seed 326613127924217652
NETEM_APPLIED node14 iface=eth0: qdisc netem 80cf: root refcnt 17 limit 1000 delay 10ms  2ms seed 14219597818077322394
NETEM_APPLIED node15 iface=eth0: qdisc netem 80d0: root refcnt 17 limit 1000 delay 10ms  2ms seed 16769119713539262128
NETEM_RTT_GATE OK: baseline=0.1ms actual=19.2ms increase=19.1ms
DRIVER_STARTED: 2026-07-15T05:18:15Z
0
QDSK_CLEANUP_FAIL node0: Command '['docker', 'exec', 'rgg7cfe8d68c5-node0-1', 'sh', '-c', "ip -o -4 addr show scope global 2>/dev/null | head -1 | awk '{print $2}'"]' returned non-zero exit status 1.
QDSK_CLEANUP_FAIL node1: Command '['docker', 'exec', 'rgg7cfe8d68c5-node1-1', 'sh', '-c', "ip -o -4 addr show scope global 2>/dev/null | head -1 | awk '{print $2}'"]' returned non-zero exit status 1.
QDSK_CLEANUP_FAIL node2: Command '['docker', 'exec', 'rgg7cfe8d68c5-node2-1', 'sh', '-c', "ip -o -4 addr show scope global 2>/dev/null | head -1 | awk '{print $2}'"]' returned non-zero exit status 1.
QDSK_CLEANUP_FAIL node3: Command '['docker', 'exec', 'rgg7cfe8d68c5-node3-1', 'sh', '-c', "ip -o -4 addr show scope global 2>/dev/null | head -1 | awk '{print $2}'"]' returned non-zero exit status 1.
QDSK_CLEANUP_FAIL node4: Command '['docker', 'exec', 'rgg7cfe8d68c5-node4-1', 'sh', '-c', "ip -o -4 addr show scope global 2>/dev/null | head -1 | awk '{print $2}'"]' returned non-zero exit status 1.
QDSK_CLEANUP_FAIL node5: Command '['docker', 'exec', 'rgg7cfe8d68c5-node5-1', 'sh', '-c', "ip -o -4 addr show scope global 2>/dev/null | head -1 | awk '{print $2}'"]' returned non-zero exit status 1.
QDSK_CLEANUP_FAIL node6: Command '['docker', 'exec', 'rgg7cfe8d68c5-node6-1', 'sh', '-c', "ip -o -4 addr show scope global 2>/dev/null | head -1 | awk '{print $2}'"]' returned non-zero exit status 1.
QDSK_CLEANUP_FAIL node7: Command '['docker', 'exec', 'rgg7cfe8d68c5-node7-1', 'sh', '-c', "ip -o -4 addr show scope global 2>/dev/null | head -1 | awk '{print $2}'"]' returned non-zero exit status 1.
QDSK_CLEANUP_FAIL node8: Command '['docker', 'exec', 'rgg7cfe8d68c5-node8-1', 'sh', '-c', "ip -o -4 addr show scope global 2>/dev/null | head -1 | awk '{print $2}'"]' returned non-zero exit status 1.
QDSK_CLEANUP_FAIL node9: Command '['docker', 'exec', 'rgg7cfe8d68c5-node9-1', 'sh', '-c', "ip -o -4 addr show scope global 2>/dev/null | head -1 | awk '{print $2}'"]' returned non-zero exit status 1.
QDSK_CLEANUP_FAIL node10: Command '['docker', 'exec', 'rgg7cfe8d68c5-node10-1', 'sh', '-c', "ip -o -4 addr show scope global 2>/dev/null | head -1 | awk '{print $2}'"]' returned non-zero exit status 1.
QDSK_CLEANUP_FAIL node11: Command '['docker', 'exec', 'rgg7cfe8d68c5-node11-1', 'sh', '-c', "ip -o -4 addr show scope global 2>/dev/null | head -1 | awk '{print $2}'"]' returned non-zero exit status 1.
QDSK_CLEANUP_FAIL node12: Command '['docker', 'exec', 'rgg7cfe8d68c5-node12-1', 'sh', '-c', "ip -o -4 addr show scope global 2>/dev/null | head -1 | awk '{print $2}'"]' returned non-zero exit status 1.
QDSK_CLEANUP_FAIL node13: Command '['docker', 'exec', 'rgg7cfe8d68c5-node13-1', 'sh', '-c', "ip -o -4 addr show scope global 2>/dev/null | head -1 | awk '{print $2}'"]' returned non-zero exit status 1.
QDSK_CLEANUP_FAIL node14: Command '['docker', 'exec', 'rgg7cfe8d68c5-node14-1', 'sh', '-c', "ip -o -4 addr show scope global 2>/dev/null | head -1 | awk '{print $2}'"]' returned non-zero exit status 1.
QDSK_CLEANUP_FAIL node15: Command '['docker', 'exec', 'rgg7cfe8d68c5-node15-1', 'sh', '-c', "ip -o -4 addr show scope global 2>/dev/null | head -1 | awk '{print $2}'"]' returned non-zero exit status 1.
