 Network rgg705b7e713f_default Creating 
 Network rgg705b7e713f_default Created 
 Container rgg705b7e713f-collector-1 Creating 
 Container rgg705b7e713f-collector-1 Created 
 Container rgg705b7e713f-node15-1 Creating 
 Container rgg705b7e713f-node22-1 Creating 
 Container rgg705b7e713f-node7-1 Creating 
 Container rgg705b7e713f-node5-1 Creating 
 Container rgg705b7e713f-node11-1 Creating 
 Container rgg705b7e713f-node21-1 Creating 
 Container rgg705b7e713f-node23-1 Creating 
 Container rgg705b7e713f-node0-1 Creating 
 Container rgg705b7e713f-node2-1 Creating 
 Container rgg705b7e713f-node16-1 Creating 
 Container rgg705b7e713f-node9-1 Creating 
 Container rgg705b7e713f-node3-1 Creating 
 Container rgg705b7e713f-node19-1 Creating 
 Container rgg705b7e713f-node6-1 Creating 
 Container rgg705b7e713f-node4-1 Creating 
 Container rgg705b7e713f-node10-1 Creating 
 Container rgg705b7e713f-node20-1 Creating 
 Container rgg705b7e713f-node17-1 Creating 
 Container rgg705b7e713f-node8-1 Creating 
 Container rgg705b7e713f-node14-1 Creating 
 Container rgg705b7e713f-node1-1 Creating 
 Container rgg705b7e713f-node13-1 Creating 
 Container rgg705b7e713f-node18-1 Creating 
 Container rgg705b7e713f-node12-1 Creating 
 Container rgg705b7e713f-node16-1 Created 
 Container rgg705b7e713f-node19-1 Created 
 Container rgg705b7e713f-node3-1 Created 
 Container rgg705b7e713f-node12-1 Created 
 Container rgg705b7e713f-node1-1 Created 
 Container rgg705b7e713f-node15-1 Created 
 Container rgg705b7e713f-node13-1 Created 
 Container rgg705b7e713f-node17-1 Created 
 Container rgg705b7e713f-node5-1 Created 
 Container rgg705b7e713f-node10-1 Created 
 Container rgg705b7e713f-node22-1 Created 
 Container rgg705b7e713f-node14-1 Created 
 Container rgg705b7e713f-node18-1 Created 
 Container rgg705b7e713f-node9-1 Created 
 Container rgg705b7e713f-node8-1 Created 
 Container rgg705b7e713f-node23-1 Created 
 Container rgg705b7e713f-node7-1 Created 
 Container rgg705b7e713f-node21-1 Created 
 Container rgg705b7e713f-node11-1 Created 
 Container rgg705b7e713f-node4-1 Created 
 Container rgg705b7e713f-node0-1 Created 
 Container rgg705b7e713f-node2-1 Created 
 Container rgg705b7e713f-node6-1 Created 
 Container rgg705b7e713f-node20-1 Created 
 Container rgg705b7e713f-driver-1 Creating 
 Container rgg705b7e713f-driver-1 Created 
 Container rgg705b7e713f-collector-1 Starting 
 Container rgg705b7e713f-collector-1 Started 
 Container rgg705b7e713f-node13-1 Starting 
 Container rgg705b7e713f-node0-1 Starting 
 Container rgg705b7e713f-node22-1 Starting 
 Container rgg705b7e713f-node20-1 Starting 
 Container rgg705b7e713f-node11-1 Starting 
 Container rgg705b7e713f-node14-1 Starting 
 Container rgg705b7e713f-node6-1 Starting 
 Container rgg705b7e713f-node9-1 Starting 
 Container rgg705b7e713f-node17-1 Starting 
 Container rgg705b7e713f-node7-1 Starting 
 Container rgg705b7e713f-node8-1 Starting 
 Container rgg705b7e713f-node21-1 Starting 
 Container rgg705b7e713f-node23-1 Starting 
 Container rgg705b7e713f-node15-1 Starting 
 Container rgg705b7e713f-node10-1 Starting 
 Container rgg705b7e713f-node16-1 Starting 
 Container rgg705b7e713f-node12-1 Starting 
 Container rgg705b7e713f-node2-1 Starting 
 Container rgg705b7e713f-node4-1 Starting 
 Container rgg705b7e713f-node3-1 Starting 
 Container rgg705b7e713f-node5-1 Starting 
 Container rgg705b7e713f-node19-1 Starting 
 Container rgg705b7e713f-node18-1 Starting 
 Container rgg705b7e713f-node1-1 Starting 
 Container rgg705b7e713f-node8-1 Started 
 Container rgg705b7e713f-node22-1 Started 
 Container rgg705b7e713f-node13-1 Started 
 Container rgg705b7e713f-node19-1 Started 
 Container rgg705b7e713f-node0-1 Started 
 Container rgg705b7e713f-node5-1 Started 
 Container rgg705b7e713f-node1-1 Started 
 Container rgg705b7e713f-node10-1 Started 
 Container rgg705b7e713f-node7-1 Started 
 Container rgg705b7e713f-node6-1 Started 
 Container rgg705b7e713f-node14-1 Started 
 Container rgg705b7e713f-node2-1 Started 
 Container rgg705b7e713f-node21-1 Started 
 Container rgg705b7e713f-node15-1 Started 
 Container rgg705b7e713f-node4-1 Started 
 Container rgg705b7e713f-node23-1 Started 
 Container rgg705b7e713f-node11-1 Started 
 Container rgg705b7e713f-node16-1 Started 
 Container rgg705b7e713f-node17-1 Started 
 Container rgg705b7e713f-node12-1 Started 
 Container rgg705b7e713f-node18-1 Started 
 Container rgg705b7e713f-node20-1 Started 
 Container rgg705b7e713f-node9-1 Started 
 Container rgg705b7e713f-node3-1 Started 
 Container rgg705b7e713f-driver-1 Starting 
 Container rgg705b7e713f-driver-1 Started 
0
