 Network rgg91d1e52f91_default Creating 
 Network rgg91d1e52f91_default Created 
 Container rgg91d1e52f91-collector-1 Creating 
 Container rgg91d1e52f91-collector-1 Created 
 Container rgg91d1e52f91-node10-1 Creating 
 Container rgg91d1e52f91-node6-1 Creating 
 Container rgg91d1e52f91-node5-1 Creating 
 Container rgg91d1e52f91-node12-1 Creating 
 Container rgg91d1e52f91-node4-1 Creating 
 Container rgg91d1e52f91-node0-1 Creating 
 Container rgg91d1e52f91-node1-1 Creating 
 Container rgg91d1e52f91-node13-1 Creating 
 Container rgg91d1e52f91-node2-1 Creating 
 Container rgg91d1e52f91-node8-1 Creating 
 Container rgg91d1e52f91-node11-1 Creating 
 Container rgg91d1e52f91-node7-1 Creating 
 Container rgg91d1e52f91-node15-1 Creating 
 Container rgg91d1e52f91-node14-1 Creating 
 Container rgg91d1e52f91-node9-1 Creating 
 Container rgg91d1e52f91-node3-1 Creating 
 Container rgg91d1e52f91-node12-1 Created 
 Container rgg91d1e52f91-node7-1 Created 
 Container rgg91d1e52f91-node0-1 Created 
 Container rgg91d1e52f91-node14-1 Created 
 Container rgg91d1e52f91-node13-1 Created 
 Container rgg91d1e52f91-node4-1 Created 
 Container rgg91d1e52f91-node10-1 Created 
 Container rgg91d1e52f91-node11-1 Created 
 Container rgg91d1e52f91-node15-1 Created 
 Container rgg91d1e52f91-node8-1 Created 
 Container rgg91d1e52f91-node5-1 Created 
 Container rgg91d1e52f91-node3-1 Created 
 Container rgg91d1e52f91-node2-1 Created 
 Container rgg91d1e52f91-node6-1 Created 
 Container rgg91d1e52f91-node1-1 Created 
 Container rgg91d1e52f91-node9-1 Created 
 Container rgg91d1e52f91-driver-1 Creating 
 Container rgg91d1e52f91-driver-1 Created 
 Container rgg91d1e52f91-collector-1 Starting 
 Container rgg91d1e52f91-collector-1 Started 
 Container rgg91d1e52f91-node4-1 Starting 
 Container rgg91d1e52f91-node6-1 Starting 
 Container rgg91d1e52f91-node15-1 Starting 
 Container rgg91d1e52f91-node8-1 Starting 
 Container rgg91d1e52f91-node3-1 Starting 
 Container rgg91d1e52f91-node12-1 Starting 
 Container rgg91d1e52f91-node11-1 Starting 
 Container rgg91d1e52f91-node10-1 Starting 
 Container rgg91d1e52f91-node0-1 Starting 
 Container rgg91d1e52f91-node14-1 Starting 
 Container rgg91d1e52f91-node13-1 Starting 
 Container rgg91d1e52f91-node9-1 Starting 
 Container rgg91d1e52f91-node5-1 Starting 
 Container rgg91d1e52f91-node2-1 Starting 
 Container rgg91d1e52f91-node1-1 Starting 
 Container rgg91d1e52f91-node7-1 Starting 
 Container rgg91d1e52f91-node11-1 Started 
 Container rgg91d1e52f91-node0-1 Started 
 Container rgg91d1e52f91-node4-1 Started 
 Container rgg91d1e52f91-node6-1 Started 
 Container rgg91d1e52f91-node8-1 Started 
 Container rgg91d1e52f91-node1-1 Started 
 Container rgg91d1e52f91-node13-1 Started 
 Container rgg91d1e52f91-node10-1 Started 
 Container rgg91d1e52f91-node12-1 Started 
 Container rgg91d1e52f91-node3-1 Started 
 Container rgg91d1e52f91-node9-1 Started 
 Container rgg91d1e52f91-node2-1 Started 
 Container rgg91d1e52f91-node7-1 Started 
 Container rgg91d1e52f91-node15-1 Started 
 Container rgg91d1e52f91-node5-1 Started 
 Container rgg91d1e52f91-node14-1 Started 
 Container rgg91d1e52f91-driver-1 Starting 
 Container rgg91d1e52f91-driver-1 Started 
0
