 Network rgg13942178ed_default Creating 
 Network rgg13942178ed_default Created 
 Container rgg13942178ed-collector-1 Creating 
 Container rgg13942178ed-collector-1 Created 
 Container rgg13942178ed-node4-1 Creating 
 Container rgg13942178ed-node9-1 Creating 
 Container rgg13942178ed-node14-1 Creating 
 Container rgg13942178ed-node20-1 Creating 
 Container rgg13942178ed-node5-1 Creating 
 Container rgg13942178ed-node23-1 Creating 
 Container rgg13942178ed-node6-1 Creating 
 Container rgg13942178ed-node2-1 Creating 
 Container rgg13942178ed-node15-1 Creating 
 Container rgg13942178ed-node19-1 Creating 
 Container rgg13942178ed-node3-1 Creating 
 Container rgg13942178ed-node1-1 Creating 
 Container rgg13942178ed-node0-1 Creating 
 Container rgg13942178ed-node16-1 Creating 
 Container rgg13942178ed-node21-1 Creating 
 Container rgg13942178ed-node8-1 Creating 
 Container rgg13942178ed-node7-1 Creating 
 Container rgg13942178ed-node11-1 Creating 
 Container rgg13942178ed-node17-1 Creating 
 Container rgg13942178ed-node12-1 Creating 
 Container rgg13942178ed-node18-1 Creating 
 Container rgg13942178ed-node10-1 Creating 
 Container rgg13942178ed-node22-1 Creating 
 Container rgg13942178ed-node13-1 Creating 
 Container rgg13942178ed-node9-1 Created 
 Container rgg13942178ed-node3-1 Created 
 Container rgg13942178ed-node10-1 Created 
 Container rgg13942178ed-node8-1 Created 
 Container rgg13942178ed-node6-1 Created 
 Container rgg13942178ed-node2-1 Created 
 Container rgg13942178ed-node22-1 Created 
 Container rgg13942178ed-node0-1 Created 
 Container rgg13942178ed-node5-1 Created 
 Container rgg13942178ed-node13-1 Created 
 Container rgg13942178ed-node19-1 Created 
 Container rgg13942178ed-node7-1 Created 
 Container rgg13942178ed-node20-1 Created 
 Container rgg13942178ed-node12-1 Created 
 Container rgg13942178ed-node17-1 Created 
 Container rgg13942178ed-node1-1 Created 
 Container rgg13942178ed-node21-1 Created 
 Container rgg13942178ed-node15-1 Created 
 Container rgg13942178ed-node23-1 Created 
 Container rgg13942178ed-node18-1 Created 
 Container rgg13942178ed-node4-1 Created 
 Container rgg13942178ed-node16-1 Created 
 Container rgg13942178ed-node11-1 Created 
 Container rgg13942178ed-node14-1 Created 
 Container rgg13942178ed-collector-1 Starting 
 Container rgg13942178ed-collector-1 Started 
 Container rgg13942178ed-node8-1 Starting 
 Container rgg13942178ed-node2-1 Starting 
 Container rgg13942178ed-node20-1 Starting 
 Container rgg13942178ed-node17-1 Starting 
 Container rgg13942178ed-node11-1 Starting 
 Container rgg13942178ed-node9-1 Starting 
 Container rgg13942178ed-node0-1 Starting 
 Container rgg13942178ed-node15-1 Starting 
 Container rgg13942178ed-node4-1 Starting 
 Container rgg13942178ed-node13-1 Starting 
 Container rgg13942178ed-node21-1 Starting 
 Container rgg13942178ed-node1-1 Starting 
 Container rgg13942178ed-node7-1 Starting 
 Container rgg13942178ed-node23-1 Starting 
 Container rgg13942178ed-node12-1 Starting 
 Container rgg13942178ed-node22-1 Starting 
 Container rgg13942178ed-node19-1 Starting 
 Container rgg13942178ed-node3-1 Starting 
 Container rgg13942178ed-node5-1 Starting 
 Container rgg13942178ed-node18-1 Starting 
 Container rgg13942178ed-node14-1 Starting 
 Container rgg13942178ed-node10-1 Starting 
 Container rgg13942178ed-node16-1 Starting 
 Container rgg13942178ed-node6-1 Starting 
 Container rgg13942178ed-node20-1 Started 
 Container rgg13942178ed-node4-1 Started 
 Container rgg13942178ed-node19-1 Started 
 Container rgg13942178ed-node15-1 Started 
 Container rgg13942178ed-node18-1 Started 
 Container rgg13942178ed-node23-1 Started 
 Container rgg13942178ed-node0-1 Started 
 Container rgg13942178ed-node6-1 Started 
 Container rgg13942178ed-node17-1 Started 
 Container rgg13942178ed-node21-1 Started 
 Container rgg13942178ed-node16-1 Started 
 Container rgg13942178ed-node13-1 Started 
 Container rgg13942178ed-node9-1 Started 
 Container rgg13942178ed-node2-1 Started 
 Container rgg13942178ed-node8-1 Started 
 Container rgg13942178ed-node7-1 Started 
 Container rgg13942178ed-node3-1 Started 
 Container rgg13942178ed-node11-1 Started 
 Container rgg13942178ed-node14-1 Started 
 Container rgg13942178ed-node5-1 Started 
 Container rgg13942178ed-node22-1 Started 
 Container rgg13942178ed-node10-1 Started 
 Container rgg13942178ed-node12-1 Started 
 Container rgg13942178ed-node1-1 Started 
NETEM_APPLIED node0 iface=eth0: qdisc netem 82c1: root refcnt 17 limit 1000 delay 10ms  2ms seed 12189868966496234442
NETEM_APPLIED node1 iface=eth0: qdisc netem 82c2: root refcnt 17 limit 1000 delay 10ms  2ms seed 6221448780363791424
NETEM_APPLIED node2 iface=eth0: qdisc netem 82c3: root refcnt 17 limit 1000 delay 10ms  2ms seed 4510345284328844350
NETEM_APPLIED node3 iface=eth0: qdisc netem 82c4: root refcnt 17 limit 1000 delay 10ms  2ms seed 14210337765407575833
NETEM_APPLIED node4 iface=eth0: qdisc netem 82c5: root refcnt 17 limit 1000 delay 10ms  2ms seed 17894709441847536676
NETEM_APPLIED node5 iface=eth0: qdisc netem 82c6: root refcnt 17 limit 1000 delay 10ms  2ms seed 11162805390321049680
NETEM_APPLIED node6 iface=eth0: qdisc netem 82c7: root refcnt 17 limit 1000 delay 10ms  2ms seed 6204814812792419613
NETEM_APPLIED node7 iface=eth0: qdisc netem 82c8: root refcnt 17 limit 1000 delay 10ms  2ms seed 17754541182485397952
NETEM_APPLIED node8 iface=eth0: qdisc netem 82c9: root refcnt 17 limit 1000 delay 10ms  2ms seed 8771150470167894994
NETEM_APPLIED node9 iface=eth0: qdisc netem 82ca: root refcnt 17 limit 1000 delay 10ms  2ms seed 5792962207102311630
NETEM_APPLIED node10 iface=eth0: qdisc netem 82cb: root refcnt 17 limit 1000 delay 10ms  2ms seed 10139901645737435154
NETEM_APPLIED node11 iface=eth0: qdisc netem 82cc: root refcnt 17 limit 1000 delay 10ms  2ms seed 10279300169980888179
NETEM_APPLIED node12 iface=eth0: qdisc netem 82cd: root refcnt 17 limit 1000 delay 10ms  2ms seed 5067233431163954203
NETEM_APPLIED node13 iface=eth0: qdisc netem 82ce: root refcnt 17 limit 1000 delay 10ms  2ms seed 3637894492395905693
NETEM_APPLIED node14 iface=eth0: qdisc netem 82cf: root refcnt 17 limit 1000 delay 10ms  2ms seed 14838369986626516221
NETEM_APPLIED node15 iface=eth0: qdisc netem 82d0: root refcnt 17 limit 1000 delay 10ms  2ms seed 7502601461756822784
NETEM_APPLIED node16 iface=eth0: qdisc netem 82d1: root refcnt 17 limit 1000 delay 10ms  2ms seed 706930056930997907
NETEM_APPLIED node17 iface=eth0: qdisc netem 82d2: root refcnt 17 limit 1000 delay 10ms  2ms seed 16390510382322141243
NETEM_APPLIED node18 iface=eth0: qdisc netem 82d3: root refcnt 17 limit 1000 delay 10ms  2ms seed 14749360840374509466
NETEM_APPLIED node19 iface=eth0: qdisc netem 82d4: root refcnt 17 limit 1000 delay 10ms  2ms seed 5355112140158961243
NETEM_APPLIED node20 iface=eth0: qdisc netem 82d5: root refcnt 17 limit 1000 delay 10ms  2ms seed 16411097721682197657
NETEM_APPLIED node21 iface=eth0: qdisc netem 82d6: root refcnt 17 limit 1000 delay 10ms  2ms seed 2265094337051460056
NETEM_APPLIED node22 iface=eth0: qdisc netem 82d7: root refcnt 17 limit 1000 delay 10ms  2ms seed 16232861023740858982
NETEM_APPLIED node23 iface=eth0: qdisc netem 82d8: root refcnt 17 limit 1000 delay 10ms  2ms seed 12834894440981528491
NETEM_RTT_GATE OK: baseline=0.1ms actual=21.4ms increase=21.3ms
DRIVER_STARTED: 2026-07-15T05:43:31Z
0
QDSK_CLEANUP_FAIL node0: Command '['docker', 'exec', 'rgg13942178ed-node0-1', 'sh', '-c', "ip -o -4 addr show scope global 2>/dev/null | head -1 | awk '{print $2}'"]' returned non-zero exit status 1.
QDSK_CLEANUP_FAIL node1: Command '['docker', 'exec', 'rgg13942178ed-node1-1', 'sh', '-c', "ip -o -4 addr show scope global 2>/dev/null | head -1 | awk '{print $2}'"]' returned non-zero exit status 1.
QDSK_CLEANUP_FAIL node2: Command '['docker', 'exec', 'rgg13942178ed-node2-1', 'sh', '-c', "ip -o -4 addr show scope global 2>/dev/null | head -1 | awk '{print $2}'"]' returned non-zero exit status 1.
QDSK_CLEANUP_FAIL node3: Command '['docker', 'exec', 'rgg13942178ed-node3-1', 'sh', '-c', "ip -o -4 addr show scope global 2>/dev/null | head -1 | awk '{print $2}'"]' returned non-zero exit status 1.
QDSK_CLEANUP_FAIL node4: Command '['docker', 'exec', 'rgg13942178ed-node4-1', 'sh', '-c', "ip -o -4 addr show scope global 2>/dev/null | head -1 | awk '{print $2}'"]' returned non-zero exit status 1.
QDSK_CLEANUP_FAIL node5: Command '['docker', 'exec', 'rgg13942178ed-node5-1', 'sh', '-c', "ip -o -4 addr show scope global 2>/dev/null | head -1 | awk '{print $2}'"]' returned non-zero exit status 1.
QDSK_CLEANUP_FAIL node6: Command '['docker', 'exec', 'rgg13942178ed-node6-1', 'sh', '-c', "ip -o -4 addr show scope global 2>/dev/null | head -1 | awk '{print $2}'"]' returned non-zero exit status 1.
QDSK_CLEANUP_FAIL node7: Command '['docker', 'exec', 'rgg13942178ed-node7-1', 'sh', '-c', "ip -o -4 addr show scope global 2>/dev/null | head -1 | awk '{print $2}'"]' returned non-zero exit status 1.
QDSK_CLEANUP_FAIL node8: Command '['docker', 'exec', 'rgg13942178ed-node8-1', 'sh', '-c', "ip -o -4 addr show scope global 2>/dev/null | head -1 | awk '{print $2}'"]' returned non-zero exit status 1.
QDSK_CLEANUP_FAIL node9: Command '['docker', 'exec', 'rgg13942178ed-node9-1', 'sh', '-c', "ip -o -4 addr show scope global 2>/dev/null | head -1 | awk '{print $2}'"]' returned non-zero exit status 1.
QDSK_CLEANUP_FAIL node10: Command '['docker', 'exec', 'rgg13942178ed-node10-1', 'sh', '-c', "ip -o -4 addr show scope global 2>/dev/null | head -1 | awk '{print $2}'"]' returned non-zero exit status 1.
QDSK_CLEANUP_FAIL node11: Command '['docker', 'exec', 'rgg13942178ed-node11-1', 'sh', '-c', "ip -o -4 addr show scope global 2>/dev/null | head -1 | awk '{print $2}'"]' returned non-zero exit status 1.
QDSK_CLEANUP_FAIL node12: Command '['docker', 'exec', 'rgg13942178ed-node12-1', 'sh', '-c', "ip -o -4 addr show scope global 2>/dev/null | head -1 | awk '{print $2}'"]' returned non-zero exit status 1.
QDSK_CLEANUP_FAIL node13: Command '['docker', 'exec', 'rgg13942178ed-node13-1', 'sh', '-c', "ip -o -4 addr show scope global 2>/dev/null | head -1 | awk '{print $2}'"]' returned non-zero exit status 1.
QDSK_CLEANUP_FAIL node14: Command '['docker', 'exec', 'rgg13942178ed-node14-1', 'sh', '-c', "ip -o -4 addr show scope global 2>/dev/null | head -1 | awk '{print $2}'"]' returned non-zero exit status 1.
QDSK_CLEANUP_FAIL node15: Command '['docker', 'exec', 'rgg13942178ed-node15-1', 'sh', '-c', "ip -o -4 addr show scope global 2>/dev/null | head -1 | awk '{print $2}'"]' returned non-zero exit status 1.
QDSK_CLEANUP_FAIL node16: Command '['docker', 'exec', 'rgg13942178ed-node16-1', 'sh', '-c', "ip -o -4 addr show scope global 2>/dev/null | head -1 | awk '{print $2}'"]' returned non-zero exit status 1.
QDSK_CLEANUP_FAIL node17: Command '['docker', 'exec', 'rgg13942178ed-node17-1', 'sh', '-c', "ip -o -4 addr show scope global 2>/dev/null | head -1 | awk '{print $2}'"]' returned non-zero exit status 1.
QDSK_CLEANUP_FAIL node18: Command '['docker', 'exec', 'rgg13942178ed-node18-1', 'sh', '-c', "ip -o -4 addr show scope global 2>/dev/null | head -1 | awk '{print $2}'"]' returned non-zero exit status 1.
QDSK_CLEANUP_FAIL node19: Command '['docker', 'exec', 'rgg13942178ed-node19-1', 'sh', '-c', "ip -o -4 addr show scope global 2>/dev/null | head -1 | awk '{print $2}'"]' returned non-zero exit status 1.
QDSK_CLEANUP_FAIL node20: Command '['docker', 'exec', 'rgg13942178ed-node20-1', 'sh', '-c', "ip -o -4 addr show scope global 2>/dev/null | head -1 | awk '{print $2}'"]' returned non-zero exit status 1.
QDSK_CLEANUP_FAIL node21: Command '['docker', 'exec', 'rgg13942178ed-node21-1', 'sh', '-c', "ip -o -4 addr show scope global 2>/dev/null | head -1 | awk '{print $2}'"]' returned non-zero exit status 1.
QDSK_CLEANUP_FAIL node22: Command '['docker', 'exec', 'rgg13942178ed-node22-1', 'sh', '-c', "ip -o -4 addr show scope global 2>/dev/null | head -1 | awk '{print $2}'"]' returned non-zero exit status 1.
QDSK_CLEANUP_FAIL node23: Command '['docker', 'exec', 'rgg13942178ed-node23-1', 'sh', '-c', "ip -o -4 addr show scope global 2>/dev/null | head -1 | awk '{print $2}'"]' returned non-zero exit status 1.
