 Network rgg10455d299e_default Creating 
 Network rgg10455d299e_default Created 
 Container rgg10455d299e-collector-1 Creating 
 Container rgg10455d299e-collector-1 Created 
 Container rgg10455d299e-node6-1 Creating 
 Container rgg10455d299e-node3-1 Creating 
 Container rgg10455d299e-node2-1 Creating 
 Container rgg10455d299e-node11-1 Creating 
 Container rgg10455d299e-node12-1 Creating 
 Container rgg10455d299e-node13-1 Creating 
 Container rgg10455d299e-node8-1 Creating 
 Container rgg10455d299e-node9-1 Creating 
 Container rgg10455d299e-node0-1 Creating 
 Container rgg10455d299e-node10-1 Creating 
 Container rgg10455d299e-node7-1 Creating 
 Container rgg10455d299e-node4-1 Creating 
 Container rgg10455d299e-node5-1 Creating 
 Container rgg10455d299e-node14-1 Creating 
 Container rgg10455d299e-node1-1 Creating 
 Container rgg10455d299e-node15-1 Creating 
 Container rgg10455d299e-node13-1 Created 
 Container rgg10455d299e-node2-1 Created 
 Container rgg10455d299e-node8-1 Created 
 Container rgg10455d299e-node11-1 Created 
 Container rgg10455d299e-node4-1 Created 
 Container rgg10455d299e-node3-1 Created 
 Container rgg10455d299e-node15-1 Created 
 Container rgg10455d299e-node9-1 Created 
 Container rgg10455d299e-node7-1 Created 
 Container rgg10455d299e-node14-1 Created 
 Container rgg10455d299e-node6-1 Created 
 Container rgg10455d299e-node12-1 Created 
 Container rgg10455d299e-node0-1 Created 
 Container rgg10455d299e-node1-1 Created 
 Container rgg10455d299e-node5-1 Created 
 Container rgg10455d299e-node10-1 Created 
 Container rgg10455d299e-driver-1 Creating 
 Container rgg10455d299e-driver-1 Created 
 Container rgg10455d299e-collector-1 Starting 
 Container rgg10455d299e-collector-1 Started 
 Container rgg10455d299e-node6-1 Starting 
 Container rgg10455d299e-node9-1 Starting 
 Container rgg10455d299e-node7-1 Starting 
 Container rgg10455d299e-node1-1 Starting 
 Container rgg10455d299e-node10-1 Starting 
 Container rgg10455d299e-node12-1 Starting 
 Container rgg10455d299e-node15-1 Starting 
 Container rgg10455d299e-node8-1 Starting 
 Container rgg10455d299e-node0-1 Starting 
 Container rgg10455d299e-node4-1 Starting 
 Container rgg10455d299e-node14-1 Starting 
 Container rgg10455d299e-node11-1 Starting 
 Container rgg10455d299e-node2-1 Starting 
 Container rgg10455d299e-node3-1 Starting 
 Container rgg10455d299e-node13-1 Starting 
 Container rgg10455d299e-node5-1 Starting 
 Container rgg10455d299e-node14-1 Started 
 Container rgg10455d299e-node13-1 Started 
 Container rgg10455d299e-node6-1 Started 
 Container rgg10455d299e-node12-1 Started 
 Container rgg10455d299e-node5-1 Started 
 Container rgg10455d299e-node7-1 Started 
 Container rgg10455d299e-node2-1 Started 
 Container rgg10455d299e-node15-1 Started 
 Container rgg10455d299e-node4-1 Started 
 Container rgg10455d299e-node9-1 Started 
 Container rgg10455d299e-node10-1 Started 
 Container rgg10455d299e-node0-1 Started 
 Container rgg10455d299e-node3-1 Started 
 Container rgg10455d299e-node11-1 Started 
 Container rgg10455d299e-node1-1 Started 
 Container rgg10455d299e-node8-1 Started 
 Container rgg10455d299e-driver-1 Starting 
 Container rgg10455d299e-driver-1 Started 
0
