 Network rgg8f759ffa62_default Creating 
 Network rgg8f759ffa62_default Created 
 Container rgg8f759ffa62-collector-1 Creating 
 Container rgg8f759ffa62-collector-1 Created 
 Container rgg8f759ffa62-node15-1 Creating 
 Container rgg8f759ffa62-node1-1 Creating 
 Container rgg8f759ffa62-node21-1 Creating 
 Container rgg8f759ffa62-node12-1 Creating 
 Container rgg8f759ffa62-node22-1 Creating 
 Container rgg8f759ffa62-node6-1 Creating 
 Container rgg8f759ffa62-node14-1 Creating 
 Container rgg8f759ffa62-node5-1 Creating 
 Container rgg8f759ffa62-node10-1 Creating 
 Container rgg8f759ffa62-node7-1 Creating 
 Container rgg8f759ffa62-node19-1 Creating 
 Container rgg8f759ffa62-node20-1 Creating 
 Container rgg8f759ffa62-node16-1 Creating 
 Container rgg8f759ffa62-node11-1 Creating 
 Container rgg8f759ffa62-node13-1 Creating 
 Container rgg8f759ffa62-node18-1 Creating 
 Container rgg8f759ffa62-node9-1 Creating 
 Container rgg8f759ffa62-node23-1 Creating 
 Container rgg8f759ffa62-node4-1 Creating 
 Container rgg8f759ffa62-node17-1 Creating 
 Container rgg8f759ffa62-node8-1 Creating 
 Container rgg8f759ffa62-node0-1 Creating 
 Container rgg8f759ffa62-node3-1 Creating 
 Container rgg8f759ffa62-node2-1 Creating 
 Container rgg8f759ffa62-node21-1 Created 
 Container rgg8f759ffa62-node13-1 Created 
 Container rgg8f759ffa62-node6-1 Created 
 Container rgg8f759ffa62-node15-1 Created 
 Container rgg8f759ffa62-node10-1 Created 
 Container rgg8f759ffa62-node7-1 Created 
 Container rgg8f759ffa62-node19-1 Created 
 Container rgg8f759ffa62-node5-1 Created 
 Container rgg8f759ffa62-node18-1 Created 
 Container rgg8f759ffa62-node2-1 Created 
 Container rgg8f759ffa62-node8-1 Created 
 Container rgg8f759ffa62-node9-1 Created 
 Container rgg8f759ffa62-node11-1 Created 
 Container rgg8f759ffa62-node17-1 Created 
 Container rgg8f759ffa62-node1-1 Created 
 Container rgg8f759ffa62-node22-1 Created 
 Container rgg8f759ffa62-node0-1 Created 
 Container rgg8f759ffa62-node23-1 Created 
 Container rgg8f759ffa62-node12-1 Created 
 Container rgg8f759ffa62-node14-1 Created 
 Container rgg8f759ffa62-node20-1 Created 
 Container rgg8f759ffa62-node3-1 Created 
 Container rgg8f759ffa62-node16-1 Created 
 Container rgg8f759ffa62-node4-1 Created 
 Container rgg8f759ffa62-driver-1 Creating 
 Container rgg8f759ffa62-driver-1 Created 
 Container rgg8f759ffa62-collector-1 Starting 
 Container rgg8f759ffa62-collector-1 Started 
 Container rgg8f759ffa62-node5-1 Starting 
 Container rgg8f759ffa62-node17-1 Starting 
 Container rgg8f759ffa62-node7-1 Starting 
 Container rgg8f759ffa62-node2-1 Starting 
 Container rgg8f759ffa62-node15-1 Starting 
 Container rgg8f759ffa62-node12-1 Starting 
 Container rgg8f759ffa62-node21-1 Starting 
 Container rgg8f759ffa62-node8-1 Starting 
 Container rgg8f759ffa62-node1-1 Starting 
 Container rgg8f759ffa62-node14-1 Starting 
 Container rgg8f759ffa62-node9-1 Starting 
 Container rgg8f759ffa62-node13-1 Starting 
 Container rgg8f759ffa62-node19-1 Starting 
 Container rgg8f759ffa62-node10-1 Starting 
 Container rgg8f759ffa62-node0-1 Starting 
 Container rgg8f759ffa62-node6-1 Starting 
 Container rgg8f759ffa62-node20-1 Starting 
 Container rgg8f759ffa62-node22-1 Starting 
 Container rgg8f759ffa62-node18-1 Starting 
 Container rgg8f759ffa62-node16-1 Starting 
 Container rgg8f759ffa62-node4-1 Starting 
 Container rgg8f759ffa62-node11-1 Starting 
 Container rgg8f759ffa62-node3-1 Starting 
 Container rgg8f759ffa62-node23-1 Starting 
 Container rgg8f759ffa62-node12-1 Started 
 Container rgg8f759ffa62-node2-1 Started 
 Container rgg8f759ffa62-node22-1 Started 
 Container rgg8f759ffa62-node14-1 Started 
 Container rgg8f759ffa62-node10-1 Started 
 Container rgg8f759ffa62-node18-1 Started 
 Container rgg8f759ffa62-node23-1 Started 
 Container rgg8f759ffa62-node3-1 Started 
 Container rgg8f759ffa62-node1-1 Started 
 Container rgg8f759ffa62-node20-1 Started 
 Container rgg8f759ffa62-node5-1 Started 
 Container rgg8f759ffa62-node0-1 Started 
 Container rgg8f759ffa62-node11-1 Started 
 Container rgg8f759ffa62-node7-1 Started 
 Container rgg8f759ffa62-node17-1 Started 
 Container rgg8f759ffa62-node4-1 Started 
 Container rgg8f759ffa62-node21-1 Started 
 Container rgg8f759ffa62-node15-1 Started 
 Container rgg8f759ffa62-node6-1 Started 
 Container rgg8f759ffa62-node16-1 Started 
 Container rgg8f759ffa62-node8-1 Started 
 Container rgg8f759ffa62-node9-1 Started 
 Container rgg8f759ffa62-node13-1 Started 
 Container rgg8f759ffa62-node19-1 Started 
 Container rgg8f759ffa62-driver-1 Starting 
 Container rgg8f759ffa62-driver-1 Started 
0
