 Network rgga548327062_default Creating 
 Network rgga548327062_default Created 
 Container rgga548327062-collector-1 Creating 
 Container rgga548327062-collector-1 Created 
 Container rgga548327062-node11-1 Creating 
 Container rgga548327062-node21-1 Creating 
 Container rgga548327062-node19-1 Creating 
 Container rgga548327062-node0-1 Creating 
 Container rgga548327062-node5-1 Creating 
 Container rgga548327062-node17-1 Creating 
 Container rgga548327062-node14-1 Creating 
 Container rgga548327062-node13-1 Creating 
 Container rgga548327062-node12-1 Creating 
 Container rgga548327062-node18-1 Creating 
 Container rgga548327062-node22-1 Creating 
 Container rgga548327062-node2-1 Creating 
 Container rgga548327062-node7-1 Creating 
 Container rgga548327062-node23-1 Creating 
 Container rgga548327062-node8-1 Creating 
 Container rgga548327062-node15-1 Creating 
 Container rgga548327062-node20-1 Creating 
 Container rgga548327062-node10-1 Creating 
 Container rgga548327062-node4-1 Creating 
 Container rgga548327062-node1-1 Creating 
 Container rgga548327062-node6-1 Creating 
 Container rgga548327062-node3-1 Creating 
 Container rgga548327062-node9-1 Creating 
 Container rgga548327062-node16-1 Creating 
 Container rgga548327062-node11-1 Created 
 Container rgga548327062-node3-1 Created 
 Container rgga548327062-node15-1 Created 
 Container rgga548327062-node17-1 Created 
 Container rgga548327062-node21-1 Created 
 Container rgga548327062-node18-1 Created 
 Container rgga548327062-node12-1 Created 
 Container rgga548327062-node14-1 Created 
 Container rgga548327062-node16-1 Created 
 Container rgga548327062-node1-1 Created 
 Container rgga548327062-node4-1 Created 
 Container rgga548327062-node23-1 Created 
 Container rgga548327062-node0-1 Created 
 Container rgga548327062-node6-1 Created 
 Container rgga548327062-node10-1 Created 
 Container rgga548327062-node7-1 Created 
 Container rgga548327062-node19-1 Created 
 Container rgga548327062-node2-1 Created 
 Container rgga548327062-node13-1 Created 
 Container rgga548327062-node9-1 Created 
 Container rgga548327062-node8-1 Created 
 Container rgga548327062-node20-1 Created 
 Container rgga548327062-node5-1 Created 
 Container rgga548327062-node22-1 Created 
 Container rgga548327062-driver-1 Creating 
 Container rgga548327062-driver-1 Created 
 Container rgga548327062-collector-1 Starting 
 Container rgga548327062-collector-1 Started 
 Container rgga548327062-node17-1 Starting 
 Container rgga548327062-node22-1 Starting 
 Container rgga548327062-node16-1 Starting 
 Container rgga548327062-node7-1 Starting 
 Container rgga548327062-node10-1 Starting 
 Container rgga548327062-node23-1 Starting 
 Container rgga548327062-node14-1 Starting 
 Container rgga548327062-node1-1 Starting 
 Container rgga548327062-node4-1 Starting 
 Container rgga548327062-node21-1 Starting 
 Container rgga548327062-node13-1 Starting 
 Container rgga548327062-node2-1 Starting 
 Container rgga548327062-node5-1 Starting 
 Container rgga548327062-node12-1 Starting 
 Container rgga548327062-node8-1 Starting 
 Container rgga548327062-node6-1 Starting 
 Container rgga548327062-node18-1 Starting 
 Container rgga548327062-node9-1 Starting 
 Container rgga548327062-node3-1 Starting 
 Container rgga548327062-node19-1 Starting 
 Container rgga548327062-node0-1 Starting 
 Container rgga548327062-node20-1 Starting 
 Container rgga548327062-node11-1 Starting 
 Container rgga548327062-node15-1 Starting 
 Container rgga548327062-node4-1 Started 
 Container rgga548327062-node15-1 Started 
 Container rgga548327062-node16-1 Started 
 Container rgga548327062-node18-1 Started 
 Container rgga548327062-node19-1 Started 
 Container rgga548327062-node12-1 Started 
 Container rgga548327062-node21-1 Started 
 Container rgga548327062-node14-1 Started 
 Container rgga548327062-node5-1 Started 
 Container rgga548327062-node7-1 Started 
 Container rgga548327062-node22-1 Started 
 Container rgga548327062-node0-1 Started 
 Container rgga548327062-node11-1 Started 
 Container rgga548327062-node8-1 Started 
 Container rgga548327062-node17-1 Started 
 Container rgga548327062-node1-1 Started 
 Container rgga548327062-node9-1 Started 
 Container rgga548327062-node6-1 Started 
 Container rgga548327062-node13-1 Started 
 Container rgga548327062-node10-1 Started 
 Container rgga548327062-node3-1 Started 
 Container rgga548327062-node23-1 Started 
 Container rgga548327062-node20-1 Started 
 Container rgga548327062-node2-1 Started 
 Container rgga548327062-driver-1 Starting 
 Container rgga548327062-driver-1 Started 
0
