 Network rgg2f104b5e4c_default Creating 
 Network rgg2f104b5e4c_default Created 
 Container rgg2f104b5e4c-collector-1 Creating 
 Container rgg2f104b5e4c-collector-1 Created 
 Container rgg2f104b5e4c-node17-1 Creating 
 Container rgg2f104b5e4c-node4-1 Creating 
 Container rgg2f104b5e4c-node0-1 Creating 
 Container rgg2f104b5e4c-node2-1 Creating 
 Container rgg2f104b5e4c-node12-1 Creating 
 Container rgg2f104b5e4c-node20-1 Creating 
 Container rgg2f104b5e4c-node14-1 Creating 
 Container rgg2f104b5e4c-node11-1 Creating 
 Container rgg2f104b5e4c-node21-1 Creating 
 Container rgg2f104b5e4c-node10-1 Creating 
 Container rgg2f104b5e4c-node6-1 Creating 
 Container rgg2f104b5e4c-node19-1 Creating 
 Container rgg2f104b5e4c-node23-1 Creating 
 Container rgg2f104b5e4c-node8-1 Creating 
 Container rgg2f104b5e4c-node15-1 Creating 
 Container rgg2f104b5e4c-node1-1 Creating 
 Container rgg2f104b5e4c-node5-1 Creating 
 Container rgg2f104b5e4c-node22-1 Creating 
 Container rgg2f104b5e4c-node9-1 Creating 
 Container rgg2f104b5e4c-node7-1 Creating 
 Container rgg2f104b5e4c-node3-1 Creating 
 Container rgg2f104b5e4c-node18-1 Creating 
 Container rgg2f104b5e4c-node16-1 Creating 
 Container rgg2f104b5e4c-node13-1 Creating 
 Container rgg2f104b5e4c-node4-1 Created 
 Container rgg2f104b5e4c-node6-1 Created 
 Container rgg2f104b5e4c-node17-1 Created 
 Container rgg2f104b5e4c-node23-1 Created 
 Container rgg2f104b5e4c-node7-1 Created 
 Container rgg2f104b5e4c-node11-1 Created 
 Container rgg2f104b5e4c-node18-1 Created 
 Container rgg2f104b5e4c-node21-1 Created 
 Container rgg2f104b5e4c-node16-1 Created 
 Container rgg2f104b5e4c-node1-1 Created 
 Container rgg2f104b5e4c-node2-1 Created 
 Container rgg2f104b5e4c-node8-1 Created 
 Container rgg2f104b5e4c-node20-1 Created 
 Container rgg2f104b5e4c-node12-1 Created 
 Container rgg2f104b5e4c-node14-1 Created 
 Container rgg2f104b5e4c-node0-1 Created 
 Container rgg2f104b5e4c-node13-1 Created 
 Container rgg2f104b5e4c-node5-1 Created 
 Container rgg2f104b5e4c-node22-1 Created 
 Container rgg2f104b5e4c-node10-1 Created 
 Container rgg2f104b5e4c-node9-1 Created 
 Container rgg2f104b5e4c-node19-1 Created 
 Container rgg2f104b5e4c-node15-1 Created 
 Container rgg2f104b5e4c-node3-1 Created 
 Container rgg2f104b5e4c-driver-1 Creating 
 Container rgg2f104b5e4c-driver-1 Created 
 Container rgg2f104b5e4c-collector-1 Starting 
 Container rgg2f104b5e4c-collector-1 Started 
 Container rgg2f104b5e4c-node17-1 Starting 
 Container rgg2f104b5e4c-node23-1 Starting 
 Container rgg2f104b5e4c-node7-1 Starting 
 Container rgg2f104b5e4c-node22-1 Starting 
 Container rgg2f104b5e4c-node5-1 Starting 
 Container rgg2f104b5e4c-node0-1 Starting 
 Container rgg2f104b5e4c-node1-1 Starting 
 Container rgg2f104b5e4c-node16-1 Starting 
 Container rgg2f104b5e4c-node21-1 Starting 
 Container rgg2f104b5e4c-node12-1 Starting 
 Container rgg2f104b5e4c-node15-1 Starting 
 Container rgg2f104b5e4c-node8-1 Starting 
 Container rgg2f104b5e4c-node13-1 Starting 
 Container rgg2f104b5e4c-node6-1 Starting 
 Container rgg2f104b5e4c-node18-1 Starting 
 Container rgg2f104b5e4c-node4-1 Starting 
 Container rgg2f104b5e4c-node20-1 Starting 
 Container rgg2f104b5e4c-node14-1 Starting 
 Container rgg2f104b5e4c-node11-1 Starting 
 Container rgg2f104b5e4c-node19-1 Starting 
 Container rgg2f104b5e4c-node9-1 Starting 
 Container rgg2f104b5e4c-node2-1 Starting 
 Container rgg2f104b5e4c-node10-1 Starting 
 Container rgg2f104b5e4c-node3-1 Starting 
 Container rgg2f104b5e4c-node22-1 Started 
 Container rgg2f104b5e4c-node21-1 Started 
 Container rgg2f104b5e4c-node17-1 Started 
 Container rgg2f104b5e4c-node13-1 Started 
 Container rgg2f104b5e4c-node14-1 Started 
 Container rgg2f104b5e4c-node23-1 Started 
 Container rgg2f104b5e4c-node15-1 Started 
 Container rgg2f104b5e4c-node9-1 Started 
 Container rgg2f104b5e4c-node20-1 Started 
 Container rgg2f104b5e4c-node12-1 Started 
 Container rgg2f104b5e4c-node16-1 Started 
 Container rgg2f104b5e4c-node2-1 Started 
 Container rgg2f104b5e4c-node4-1 Started 
 Container rgg2f104b5e4c-node8-1 Started 
 Container rgg2f104b5e4c-node10-1 Started 
 Container rgg2f104b5e4c-node1-1 Started 
 Container rgg2f104b5e4c-node5-1 Started 
 Container rgg2f104b5e4c-node18-1 Started 
 Container rgg2f104b5e4c-node7-1 Started 
 Container rgg2f104b5e4c-node3-1 Started 
 Container rgg2f104b5e4c-node11-1 Started 
 Container rgg2f104b5e4c-node0-1 Started 
 Container rgg2f104b5e4c-node19-1 Started 
 Container rgg2f104b5e4c-node6-1 Started 
 Container rgg2f104b5e4c-driver-1 Starting 
 Container rgg2f104b5e4c-driver-1 Started 
0
