 Network rgga29392930e_default Creating 
 Network rgga29392930e_default Created 
 Container rgga29392930e-collector-1 Creating 
 Container rgga29392930e-collector-1 Created 
 Container rgga29392930e-node5-1 Creating 
 Container rgga29392930e-node12-1 Creating 
 Container rgga29392930e-node11-1 Creating 
 Container rgga29392930e-node15-1 Creating 
 Container rgga29392930e-node8-1 Creating 
 Container rgga29392930e-node7-1 Creating 
 Container rgga29392930e-node9-1 Creating 
 Container rgga29392930e-node4-1 Creating 
 Container rgga29392930e-node6-1 Creating 
 Container rgga29392930e-node10-1 Creating 
 Container rgga29392930e-node14-1 Creating 
 Container rgga29392930e-node1-1 Creating 
 Container rgga29392930e-node0-1 Creating 
 Container rgga29392930e-node17-1 Creating 
 Container rgga29392930e-node3-1 Creating 
 Container rgga29392930e-node18-1 Creating 
 Container rgga29392930e-node13-1 Creating 
 Container rgga29392930e-node2-1 Creating 
 Container rgga29392930e-node19-1 Creating 
 Container rgga29392930e-node16-1 Creating 
 Container rgga29392930e-node5-1 Created 
 Container rgga29392930e-node13-1 Created 
 Container rgga29392930e-node0-1 Created 
 Container rgga29392930e-node9-1 Created 
 Container rgga29392930e-node19-1 Created 
 Container rgga29392930e-node11-1 Created 
 Container rgga29392930e-node2-1 Created 
 Container rgga29392930e-node3-1 Created 
 Container rgga29392930e-node6-1 Created 
 Container rgga29392930e-node10-1 Created 
 Container rgga29392930e-node17-1 Created 
 Container rgga29392930e-node15-1 Created 
 Container rgga29392930e-node18-1 Created 
 Container rgga29392930e-node1-1 Created 
 Container rgga29392930e-node7-1 Created 
 Container rgga29392930e-node16-1 Created 
 Container rgga29392930e-node8-1 Created 
 Container rgga29392930e-node4-1 Created 
 Container rgga29392930e-node12-1 Created 
 Container rgga29392930e-node14-1 Created 
 Container rgga29392930e-driver-1 Creating 
 Container rgga29392930e-driver-1 Created 
 Container rgga29392930e-collector-1 Starting 
 Container rgga29392930e-collector-1 Started 
 Container rgga29392930e-node15-1 Starting 
 Container rgga29392930e-node6-1 Starting 
 Container rgga29392930e-node2-1 Starting 
 Container rgga29392930e-node17-1 Starting 
 Container rgga29392930e-node14-1 Starting 
 Container rgga29392930e-node19-1 Starting 
 Container rgga29392930e-node3-1 Starting 
 Container rgga29392930e-node4-1 Starting 
 Container rgga29392930e-node0-1 Starting 
 Container rgga29392930e-node18-1 Starting 
 Container rgga29392930e-node10-1 Starting 
 Container rgga29392930e-node16-1 Starting 
 Container rgga29392930e-node13-1 Starting 
 Container rgga29392930e-node5-1 Starting 
 Container rgga29392930e-node8-1 Starting 
 Container rgga29392930e-node7-1 Starting 
 Container rgga29392930e-node9-1 Starting 
 Container rgga29392930e-node12-1 Starting 
 Container rgga29392930e-node11-1 Starting 
 Container rgga29392930e-node1-1 Starting 
 Container rgga29392930e-node18-1 Started 
 Container rgga29392930e-node15-1 Started 
 Container rgga29392930e-node6-1 Started 
 Container rgga29392930e-node3-1 Started 
 Container rgga29392930e-node7-1 Started 
 Container rgga29392930e-node12-1 Started 
 Container rgga29392930e-node2-1 Started 
 Container rgga29392930e-node8-1 Started 
 Container rgga29392930e-node14-1 Started 
 Container rgga29392930e-node10-1 Started 
 Container rgga29392930e-node19-1 Started 
 Container rgga29392930e-node13-1 Started 
 Container rgga29392930e-node11-1 Started 
 Container rgga29392930e-node16-1 Started 
 Container rgga29392930e-node9-1 Started 
 Container rgga29392930e-node0-1 Started 
 Container rgga29392930e-node5-1 Started 
 Container rgga29392930e-node17-1 Started 
 Container rgga29392930e-node1-1 Started 
 Container rgga29392930e-node4-1 Started 
 Container rgga29392930e-driver-1 Starting 
 Container rgga29392930e-driver-1 Started 
0
