 Network rgg3a40a7da96_default Creating 
 Network rgg3a40a7da96_default Created 
 Container rgg3a40a7da96-collector-1 Creating 
 Container rgg3a40a7da96-collector-1 Created 
 Container rgg3a40a7da96-node13-1 Creating 
 Container rgg3a40a7da96-node11-1 Creating 
 Container rgg3a40a7da96-node10-1 Creating 
 Container rgg3a40a7da96-node0-1 Creating 
 Container rgg3a40a7da96-node15-1 Creating 
 Container rgg3a40a7da96-node4-1 Creating 
 Container rgg3a40a7da96-node1-1 Creating 
 Container rgg3a40a7da96-node9-1 Creating 
 Container rgg3a40a7da96-node6-1 Creating 
 Container rgg3a40a7da96-node7-1 Creating 
 Container rgg3a40a7da96-node12-1 Creating 
 Container rgg3a40a7da96-node14-1 Creating 
 Container rgg3a40a7da96-node8-1 Creating 
 Container rgg3a40a7da96-node2-1 Creating 
 Container rgg3a40a7da96-node5-1 Creating 
 Container rgg3a40a7da96-node3-1 Creating 
 Container rgg3a40a7da96-node0-1 Created 
 Container rgg3a40a7da96-node9-1 Created 
 Container rgg3a40a7da96-node13-1 Created 
 Container rgg3a40a7da96-node5-1 Created 
 Container rgg3a40a7da96-node4-1 Created 
 Container rgg3a40a7da96-node11-1 Created 
 Container rgg3a40a7da96-node14-1 Created 
 Container rgg3a40a7da96-node15-1 Created 
 Container rgg3a40a7da96-node12-1 Created 
 Container rgg3a40a7da96-node10-1 Created 
 Container rgg3a40a7da96-node8-1 Created 
 Container rgg3a40a7da96-node1-1 Created 
 Container rgg3a40a7da96-node6-1 Created 
 Container rgg3a40a7da96-node2-1 Created 
 Container rgg3a40a7da96-node3-1 Created 
 Container rgg3a40a7da96-node7-1 Created 
 Container rgg3a40a7da96-driver-1 Creating 
 Container rgg3a40a7da96-driver-1 Created 
 Container rgg3a40a7da96-collector-1 Starting 
 Container rgg3a40a7da96-collector-1 Started 
 Container rgg3a40a7da96-node12-1 Starting 
 Container rgg3a40a7da96-node3-1 Starting 
 Container rgg3a40a7da96-node0-1 Starting 
 Container rgg3a40a7da96-node15-1 Starting 
 Container rgg3a40a7da96-node8-1 Starting 
 Container rgg3a40a7da96-node2-1 Starting 
 Container rgg3a40a7da96-node13-1 Starting 
 Container rgg3a40a7da96-node10-1 Starting 
 Container rgg3a40a7da96-node7-1 Starting 
 Container rgg3a40a7da96-node14-1 Starting 
 Container rgg3a40a7da96-node1-1 Starting 
 Container rgg3a40a7da96-node4-1 Starting 
 Container rgg3a40a7da96-node9-1 Starting 
 Container rgg3a40a7da96-node11-1 Starting 
 Container rgg3a40a7da96-node5-1 Starting 
 Container rgg3a40a7da96-node6-1 Starting 
 Container rgg3a40a7da96-node12-1 Started 
 Container rgg3a40a7da96-node6-1 Started 
 Container rgg3a40a7da96-node1-1 Started 
 Container rgg3a40a7da96-node3-1 Started 
 Container rgg3a40a7da96-node10-1 Started 
 Container rgg3a40a7da96-node0-1 Started 
 Container rgg3a40a7da96-node11-1 Started 
 Container rgg3a40a7da96-node15-1 Started 
 Container rgg3a40a7da96-node5-1 Started 
 Container rgg3a40a7da96-node9-1 Started 
 Container rgg3a40a7da96-node2-1 Started 
 Container rgg3a40a7da96-node8-1 Started 
 Container rgg3a40a7da96-node7-1 Started 
 Container rgg3a40a7da96-node13-1 Started 
 Container rgg3a40a7da96-node14-1 Started 
 Container rgg3a40a7da96-node4-1 Started 
 Container rgg3a40a7da96-driver-1 Starting 
 Container rgg3a40a7da96-driver-1 Started 
0
