 Network rgg87ef2b865d_default Creating 
 Network rgg87ef2b865d_default Created 
 Container rgg87ef2b865d-collector-1 Creating 
 Container rgg87ef2b865d-collector-1 Created 
 Container rgg87ef2b865d-node5-1 Creating 
 Container rgg87ef2b865d-node11-1 Creating 
 Container rgg87ef2b865d-node1-1 Creating 
 Container rgg87ef2b865d-node2-1 Creating 
 Container rgg87ef2b865d-node18-1 Creating 
 Container rgg87ef2b865d-node12-1 Creating 
 Container rgg87ef2b865d-node16-1 Creating 
 Container rgg87ef2b865d-node23-1 Creating 
 Container rgg87ef2b865d-node15-1 Creating 
 Container rgg87ef2b865d-node3-1 Creating 
 Container rgg87ef2b865d-node19-1 Creating 
 Container rgg87ef2b865d-node4-1 Creating 
 Container rgg87ef2b865d-node9-1 Creating 
 Container rgg87ef2b865d-node21-1 Creating 
 Container rgg87ef2b865d-node14-1 Creating 
 Container rgg87ef2b865d-node7-1 Creating 
 Container rgg87ef2b865d-node22-1 Creating 
 Container rgg87ef2b865d-node17-1 Creating 
 Container rgg87ef2b865d-node10-1 Creating 
 Container rgg87ef2b865d-node0-1 Creating 
 Container rgg87ef2b865d-node8-1 Creating 
 Container rgg87ef2b865d-node20-1 Creating 
 Container rgg87ef2b865d-node13-1 Creating 
 Container rgg87ef2b865d-node6-1 Creating 
 Container rgg87ef2b865d-node16-1 Created 
 Container rgg87ef2b865d-node9-1 Created 
 Container rgg87ef2b865d-node5-1 Created 
 Container rgg87ef2b865d-node8-1 Created 
 Container rgg87ef2b865d-node11-1 Created 
 Container rgg87ef2b865d-node17-1 Created 
 Container rgg87ef2b865d-node22-1 Created 
 Container rgg87ef2b865d-node14-1 Created 
 Container rgg87ef2b865d-node20-1 Created 
 Container rgg87ef2b865d-node3-1 Created 
 Container rgg87ef2b865d-node4-1 Created 
 Container rgg87ef2b865d-node1-1 Created 
 Container rgg87ef2b865d-node6-1 Created 
 Container rgg87ef2b865d-node7-1 Created 
 Container rgg87ef2b865d-node12-1 Created 
 Container rgg87ef2b865d-node13-1 Created 
 Container rgg87ef2b865d-node0-1 Created 
 Container rgg87ef2b865d-node10-1 Created 
 Container rgg87ef2b865d-node2-1 Created 
 Container rgg87ef2b865d-node15-1 Created 
 Container rgg87ef2b865d-node19-1 Created 
 Container rgg87ef2b865d-node21-1 Created 
 Container rgg87ef2b865d-node18-1 Created 
 Container rgg87ef2b865d-node23-1 Created 
 Container rgg87ef2b865d-driver-1 Creating 
 Container rgg87ef2b865d-driver-1 Created 
 Container rgg87ef2b865d-collector-1 Starting 
 Container rgg87ef2b865d-collector-1 Started 
 Container rgg87ef2b865d-node3-1 Starting 
 Container rgg87ef2b865d-node9-1 Starting 
 Container rgg87ef2b865d-node18-1 Starting 
 Container rgg87ef2b865d-node11-1 Starting 
 Container rgg87ef2b865d-node8-1 Starting 
 Container rgg87ef2b865d-node6-1 Starting 
 Container rgg87ef2b865d-node15-1 Starting 
 Container rgg87ef2b865d-node5-1 Starting 
 Container rgg87ef2b865d-node23-1 Starting 
 Container rgg87ef2b865d-node0-1 Starting 
 Container rgg87ef2b865d-node22-1 Starting 
 Container rgg87ef2b865d-node20-1 Starting 
 Container rgg87ef2b865d-node16-1 Starting 
 Container rgg87ef2b865d-node1-1 Starting 
 Container rgg87ef2b865d-node7-1 Starting 
 Container rgg87ef2b865d-node21-1 Starting 
 Container rgg87ef2b865d-node14-1 Starting 
 Container rgg87ef2b865d-node10-1 Starting 
 Container rgg87ef2b865d-node19-1 Starting 
 Container rgg87ef2b865d-node4-1 Starting 
 Container rgg87ef2b865d-node13-1 Starting 
 Container rgg87ef2b865d-node17-1 Starting 
 Container rgg87ef2b865d-node2-1 Starting 
 Container rgg87ef2b865d-node12-1 Starting 
 Container rgg87ef2b865d-node9-1 Started 
 Container rgg87ef2b865d-node10-1 Started 
 Container rgg87ef2b865d-node22-1 Started 
 Container rgg87ef2b865d-node3-1 Started 
 Container rgg87ef2b865d-node6-1 Started 
 Container rgg87ef2b865d-node0-1 Started 
 Container rgg87ef2b865d-node2-1 Started 
 Container rgg87ef2b865d-node21-1 Started 
 Container rgg87ef2b865d-node7-1 Started 
 Container rgg87ef2b865d-node15-1 Started 
 Container rgg87ef2b865d-node11-1 Started 
 Container rgg87ef2b865d-node17-1 Started 
 Container rgg87ef2b865d-node19-1 Started 
 Container rgg87ef2b865d-node23-1 Started 
 Container rgg87ef2b865d-node8-1 Started 
 Container rgg87ef2b865d-node18-1 Started 
 Container rgg87ef2b865d-node4-1 Started 
 Container rgg87ef2b865d-node16-1 Started 
 Container rgg87ef2b865d-node5-1 Started 
 Container rgg87ef2b865d-node20-1 Started 
 Container rgg87ef2b865d-node12-1 Started 
 Container rgg87ef2b865d-node1-1 Started 
 Container rgg87ef2b865d-node13-1 Started 
 Container rgg87ef2b865d-node14-1 Started 
 Container rgg87ef2b865d-driver-1 Starting 
 Container rgg87ef2b865d-driver-1 Started 
0
