 Network rggf1e432eb55_default Creating 
 Network rggf1e432eb55_default Created 
 Container rggf1e432eb55-collector-1 Creating 
 Container rggf1e432eb55-collector-1 Created 
 Container rggf1e432eb55-node3-1 Creating 
 Container rggf1e432eb55-node15-1 Creating 
 Container rggf1e432eb55-node4-1 Creating 
 Container rggf1e432eb55-node12-1 Creating 
 Container rggf1e432eb55-node5-1 Creating 
 Container rggf1e432eb55-node7-1 Creating 
 Container rggf1e432eb55-node13-1 Creating 
 Container rggf1e432eb55-node9-1 Creating 
 Container rggf1e432eb55-node1-1 Creating 
 Container rggf1e432eb55-node16-1 Creating 
 Container rggf1e432eb55-node6-1 Creating 
 Container rggf1e432eb55-node2-1 Creating 
 Container rggf1e432eb55-node10-1 Creating 
 Container rggf1e432eb55-node8-1 Creating 
 Container rggf1e432eb55-node19-1 Creating 
 Container rggf1e432eb55-node14-1 Creating 
 Container rggf1e432eb55-node0-1 Creating 
 Container rggf1e432eb55-node18-1 Creating 
 Container rggf1e432eb55-node11-1 Creating 
 Container rggf1e432eb55-node17-1 Creating 
 Container rggf1e432eb55-node1-1 Created 
 Container rggf1e432eb55-node4-1 Created 
 Container rggf1e432eb55-node13-1 Created 
 Container rggf1e432eb55-node0-1 Created 
 Container rggf1e432eb55-node3-1 Created 
 Container rggf1e432eb55-node18-1 Created 
 Container rggf1e432eb55-node10-1 Created 
 Container rggf1e432eb55-node7-1 Created 
 Container rggf1e432eb55-node2-1 Created 
 Container rggf1e432eb55-node6-1 Created 
 Container rggf1e432eb55-node17-1 Created 
 Container rggf1e432eb55-node14-1 Created 
 Container rggf1e432eb55-node16-1 Created 
 Container rggf1e432eb55-node11-1 Created 
 Container rggf1e432eb55-node15-1 Created 
 Container rggf1e432eb55-node8-1 Created 
 Container rggf1e432eb55-node12-1 Created 
 Container rggf1e432eb55-node5-1 Created 
 Container rggf1e432eb55-node19-1 Created 
 Container rggf1e432eb55-node9-1 Created 
 Container rggf1e432eb55-driver-1 Creating 
 Container rggf1e432eb55-driver-1 Created 
 Container rggf1e432eb55-collector-1 Starting 
 Container rggf1e432eb55-collector-1 Started 
 Container rggf1e432eb55-node3-1 Starting 
 Container rggf1e432eb55-node12-1 Starting 
 Container rggf1e432eb55-node7-1 Starting 
 Container rggf1e432eb55-node18-1 Starting 
 Container rggf1e432eb55-node10-1 Starting 
 Container rggf1e432eb55-node1-1 Starting 
 Container rggf1e432eb55-node6-1 Starting 
 Container rggf1e432eb55-node19-1 Starting 
 Container rggf1e432eb55-node0-1 Starting 
 Container rggf1e432eb55-node2-1 Starting 
 Container rggf1e432eb55-node14-1 Starting 
 Container rggf1e432eb55-node5-1 Starting 
 Container rggf1e432eb55-node4-1 Starting 
 Container rggf1e432eb55-node9-1 Starting 
 Container rggf1e432eb55-node13-1 Starting 
 Container rggf1e432eb55-node17-1 Starting 
 Container rggf1e432eb55-node8-1 Starting 
 Container rggf1e432eb55-node11-1 Starting 
 Container rggf1e432eb55-node16-1 Starting 
 Container rggf1e432eb55-node15-1 Starting 
 Container rggf1e432eb55-node18-1 Started 
 Container rggf1e432eb55-node3-1 Started 
 Container rggf1e432eb55-node12-1 Started 
 Container rggf1e432eb55-node7-1 Started 
 Container rggf1e432eb55-node15-1 Started 
 Container rggf1e432eb55-node2-1 Started 
 Container rggf1e432eb55-node11-1 Started 
 Container rggf1e432eb55-node19-1 Started 
 Container rggf1e432eb55-node9-1 Started 
 Container rggf1e432eb55-node5-1 Started 
 Container rggf1e432eb55-node14-1 Started 
 Container rggf1e432eb55-node10-1 Started 
 Container rggf1e432eb55-node1-1 Started 
 Container rggf1e432eb55-node6-1 Started 
 Container rggf1e432eb55-node8-1 Started 
 Container rggf1e432eb55-node13-1 Started 
 Container rggf1e432eb55-node0-1 Started 
 Container rggf1e432eb55-node17-1 Started 
 Container rggf1e432eb55-node16-1 Started 
 Container rggf1e432eb55-node4-1 Started 
 Container rggf1e432eb55-driver-1 Starting 
 Container rggf1e432eb55-driver-1 Started 
0
