 Network rggaaa49a354e_default Creating 
 Network rggaaa49a354e_default Created 
 Container rggaaa49a354e-collector-1 Creating 
 Container rggaaa49a354e-collector-1 Created 
 Container rggaaa49a354e-node23-1 Creating 
 Container rggaaa49a354e-node10-1 Creating 
 Container rggaaa49a354e-node11-1 Creating 
 Container rggaaa49a354e-node2-1 Creating 
 Container rggaaa49a354e-node20-1 Creating 
 Container rggaaa49a354e-node5-1 Creating 
 Container rggaaa49a354e-node21-1 Creating 
 Container rggaaa49a354e-node17-1 Creating 
 Container rggaaa49a354e-node7-1 Creating 
 Container rggaaa49a354e-node9-1 Creating 
 Container rggaaa49a354e-node4-1 Creating 
 Container rggaaa49a354e-node0-1 Creating 
 Container rggaaa49a354e-node19-1 Creating 
 Container rggaaa49a354e-node13-1 Creating 
 Container rggaaa49a354e-node18-1 Creating 
 Container rggaaa49a354e-node8-1 Creating 
 Container rggaaa49a354e-node3-1 Creating 
 Container rggaaa49a354e-node6-1 Creating 
 Container rggaaa49a354e-node1-1 Creating 
 Container rggaaa49a354e-node14-1 Creating 
 Container rggaaa49a354e-node15-1 Creating 
 Container rggaaa49a354e-node16-1 Creating 
 Container rggaaa49a354e-node12-1 Creating 
 Container rggaaa49a354e-node22-1 Creating 
 Container rggaaa49a354e-node11-1 Created 
 Container rggaaa49a354e-node2-1 Created 
 Container rggaaa49a354e-node23-1 Created 
 Container rggaaa49a354e-node22-1 Created 
 Container rggaaa49a354e-node3-1 Created 
 Container rggaaa49a354e-node0-1 Created 
 Container rggaaa49a354e-node19-1 Created 
 Container rggaaa49a354e-node1-1 Created 
 Container rggaaa49a354e-node18-1 Created 
 Container rggaaa49a354e-node8-1 Created 
 Container rggaaa49a354e-node16-1 Created 
 Container rggaaa49a354e-node5-1 Created 
 Container rggaaa49a354e-node9-1 Created 
 Container rggaaa49a354e-node7-1 Created 
 Container rggaaa49a354e-node13-1 Created 
 Container rggaaa49a354e-node6-1 Created 
 Container rggaaa49a354e-node17-1 Created 
 Container rggaaa49a354e-node15-1 Created 
 Container rggaaa49a354e-node14-1 Created 
 Container rggaaa49a354e-node20-1 Created 
 Container rggaaa49a354e-node12-1 Created 
 Container rggaaa49a354e-node10-1 Created 
 Container rggaaa49a354e-node4-1 Created 
 Container rggaaa49a354e-node21-1 Created 
 Container rggaaa49a354e-collector-1 Starting 
 Container rggaaa49a354e-collector-1 Started 
 Container rggaaa49a354e-node6-1 Starting 
 Container rggaaa49a354e-node21-1 Starting 
 Container rggaaa49a354e-node23-1 Starting 
 Container rggaaa49a354e-node0-1 Starting 
 Container rggaaa49a354e-node17-1 Starting 
 Container rggaaa49a354e-node11-1 Starting 
 Container rggaaa49a354e-node9-1 Starting 
 Container rggaaa49a354e-node12-1 Starting 
 Container rggaaa49a354e-node5-1 Starting 
 Container rggaaa49a354e-node2-1 Starting 
 Container rggaaa49a354e-node13-1 Starting 
 Container rggaaa49a354e-node4-1 Starting 
 Container rggaaa49a354e-node15-1 Starting 
 Container rggaaa49a354e-node3-1 Starting 
 Container rggaaa49a354e-node8-1 Starting 
 Container rggaaa49a354e-node14-1 Starting 
 Container rggaaa49a354e-node20-1 Starting 
 Container rggaaa49a354e-node7-1 Starting 
 Container rggaaa49a354e-node19-1 Starting 
 Container rggaaa49a354e-node18-1 Starting 
 Container rggaaa49a354e-node16-1 Starting 
 Container rggaaa49a354e-node1-1 Starting 
 Container rggaaa49a354e-node10-1 Starting 
 Container rggaaa49a354e-node22-1 Starting 
 Container rggaaa49a354e-node17-1 Started 
 Container rggaaa49a354e-node21-1 Started 
 Container rggaaa49a354e-node14-1 Started 
 Container rggaaa49a354e-node3-1 Started 
 Container rggaaa49a354e-node1-1 Started 
 Container rggaaa49a354e-node2-1 Started 
 Container rggaaa49a354e-node23-1 Started 
 Container rggaaa49a354e-node18-1 Started 
 Container rggaaa49a354e-node6-1 Started 
 Container rggaaa49a354e-node9-1 Started 
 Container rggaaa49a354e-node10-1 Started 
 Container rggaaa49a354e-node19-1 Started 
 Container rggaaa49a354e-node22-1 Started 
 Container rggaaa49a354e-node15-1 Started 
 Container rggaaa49a354e-node16-1 Started 
 Container rggaaa49a354e-node4-1 Started 
 Container rggaaa49a354e-node11-1 Started 
 Container rggaaa49a354e-node20-1 Started 
 Container rggaaa49a354e-node7-1 Started 
 Container rggaaa49a354e-node13-1 Started 
 Container rggaaa49a354e-node8-1 Started 
 Container rggaaa49a354e-node12-1 Started 
 Container rggaaa49a354e-node0-1 Started 
 Container rggaaa49a354e-node5-1 Started 
NETEM_APPLIED node0 iface=eth0: qdisc netem 8799: root refcnt 17 limit 1000 delay 50ms  10ms seed 13898929137794864387
NETEM_APPLIED node1 iface=eth0: qdisc netem 879a: root refcnt 17 limit 1000 delay 50ms  10ms seed 3903659793473400748
NETEM_APPLIED node2 iface=eth0: qdisc netem 879b: root refcnt 17 limit 1000 delay 50ms  10ms seed 10023483565396141920
NETEM_APPLIED node3 iface=eth0: qdisc netem 879c: root refcnt 17 limit 1000 delay 50ms  10ms seed 15226775175808917178
NETEM_APPLIED node4 iface=eth0: qdisc netem 879d: root refcnt 17 limit 1000 delay 50ms  10ms seed 5664654345554220926
NETEM_APPLIED node5 iface=eth0: qdisc netem 879e: root refcnt 17 limit 1000 delay 50ms  10ms seed 14770500882521677186
NETEM_APPLIED node6 iface=eth0: qdisc netem 879f: root refcnt 17 limit 1000 delay 50ms  10ms seed 3031766770629470844
NETEM_APPLIED node7 iface=eth0: qdisc netem 87a0: root refcnt 17 limit 1000 delay 50ms  10ms seed 3969140623987164013
NETEM_APPLIED node8 iface=eth0: qdisc netem 87a1: root refcnt 17 limit 1000 delay 50ms  10ms seed 12376219765730226050
NETEM_APPLIED node9 iface=eth0: qdisc netem 87a2: root refcnt 17 limit 1000 delay 50ms  10ms seed 7165409747175840602
NETEM_APPLIED node10 iface=eth0: qdisc netem 87a3: root refcnt 17 limit 1000 delay 50ms  10ms seed 6317524487757976065
NETEM_APPLIED node11 iface=eth0: qdisc netem 87a4: root refcnt 17 limit 1000 delay 50ms  10ms seed 10144250627450272113
NETEM_APPLIED node12 iface=eth0: qdisc netem 87a5: root refcnt 17 limit 1000 delay 50ms  10ms seed 10991510842930379865
NETEM_APPLIED node13 iface=eth0: qdisc netem 87a6: root refcnt 17 limit 1000 delay 50ms  10ms seed 6968232218379133715
NETEM_APPLIED node14 iface=eth0: qdisc netem 87a7: root refcnt 17 limit 1000 delay 50ms  10ms seed 1754473578280691350
NETEM_APPLIED node15 iface=eth0: qdisc netem 87a8: root refcnt 17 limit 1000 delay 50ms  10ms seed 13891779016250501310
NETEM_APPLIED node16 iface=eth0: qdisc netem 87a9: root refcnt 17 limit 1000 delay 50ms  10ms seed 3461068593936162611
NETEM_APPLIED node17 iface=eth0: qdisc netem 87aa: root refcnt 17 limit 1000 delay 50ms  10ms seed 6011358175381933886
NETEM_APPLIED node18 iface=eth0: qdisc netem 87ab: root refcnt 17 limit 1000 delay 50ms  10ms seed 12252458718832310676
NETEM_APPLIED node19 iface=eth0: qdisc netem 87ac: root refcnt 17 limit 1000 delay 50ms  10ms seed 8117361170898077241
NETEM_APPLIED node20 iface=eth0: qdisc netem 87ad: root refcnt 17 limit 1000 delay 50ms  10ms seed 7350052902007115191
NETEM_APPLIED node21 iface=eth0: qdisc netem 87ae: root refcnt 17 limit 1000 delay 50ms  10ms seed 1136836449249970227
NETEM_APPLIED node22 iface=eth0: qdisc netem 87af: root refcnt 17 limit 1000 delay 50ms  10ms seed 10471865510361796676
NETEM_APPLIED node23 iface=eth0: qdisc netem 87b0: root refcnt 17 limit 1000 delay 50ms  10ms seed 566424060457155023
NETEM_RTT_GATE OK: baseline=0.1ms actual=101.6ms increase=101.4ms
DRIVER_STARTED: 2026-07-15T07:12:24Z
0
QDSK_CLEANUP_FAIL node0: Command '['docker', 'exec', 'rggaaa49a354e-node0-1', 'sh', '-c', "ip -o -4 addr show scope global 2>/dev/null | head -1 | awk '{print $2}'"]' returned non-zero exit status 1.
QDSK_CLEANUP_FAIL node1: Command '['docker', 'exec', 'rggaaa49a354e-node1-1', 'sh', '-c', "ip -o -4 addr show scope global 2>/dev/null | head -1 | awk '{print $2}'"]' returned non-zero exit status 1.
QDSK_CLEANUP_FAIL node2: Command '['docker', 'exec', 'rggaaa49a354e-node2-1', 'sh', '-c', "ip -o -4 addr show scope global 2>/dev/null | head -1 | awk '{print $2}'"]' returned non-zero exit status 1.
QDSK_CLEANUP_FAIL node3: Command '['docker', 'exec', 'rggaaa49a354e-node3-1', 'sh', '-c', "ip -o -4 addr show scope global 2>/dev/null | head -1 | awk '{print $2}'"]' returned non-zero exit status 1.
QDSK_CLEANUP_FAIL node4: Command '['docker', 'exec', 'rggaaa49a354e-node4-1', 'sh', '-c', "ip -o -4 addr show scope global 2>/dev/null | head -1 | awk '{print $2}'"]' returned non-zero exit status 1.
QDSK_CLEANUP_FAIL node5: Command '['docker', 'exec', 'rggaaa49a354e-node5-1', 'sh', '-c', "ip -o -4 addr show scope global 2>/dev/null | head -1 | awk '{print $2}'"]' returned non-zero exit status 1.
QDSK_CLEANUP_FAIL node6: Command '['docker', 'exec', 'rggaaa49a354e-node6-1', 'sh', '-c', "ip -o -4 addr show scope global 2>/dev/null | head -1 | awk '{print $2}'"]' returned non-zero exit status 1.
QDSK_CLEANUP_FAIL node7: Command '['docker', 'exec', 'rggaaa49a354e-node7-1', 'sh', '-c', "ip -o -4 addr show scope global 2>/dev/null | head -1 | awk '{print $2}'"]' returned non-zero exit status 1.
QDSK_CLEANUP_FAIL node8: Command '['docker', 'exec', 'rggaaa49a354e-node8-1', 'sh', '-c', "ip -o -4 addr show scope global 2>/dev/null | head -1 | awk '{print $2}'"]' returned non-zero exit status 1.
QDSK_CLEANUP_FAIL node9: Command '['docker', 'exec', 'rggaaa49a354e-node9-1', 'sh', '-c', "ip -o -4 addr show scope global 2>/dev/null | head -1 | awk '{print $2}'"]' returned non-zero exit status 1.
QDSK_CLEANUP_FAIL node10: Command '['docker', 'exec', 'rggaaa49a354e-node10-1', 'sh', '-c', "ip -o -4 addr show scope global 2>/dev/null | head -1 | awk '{print $2}'"]' returned non-zero exit status 1.
QDSK_CLEANUP_FAIL node11: Command '['docker', 'exec', 'rggaaa49a354e-node11-1', 'sh', '-c', "ip -o -4 addr show scope global 2>/dev/null | head -1 | awk '{print $2}'"]' returned non-zero exit status 1.
QDSK_CLEANUP_FAIL node12: Command '['docker', 'exec', 'rggaaa49a354e-node12-1', 'sh', '-c', "ip -o -4 addr show scope global 2>/dev/null | head -1 | awk '{print $2}'"]' returned non-zero exit status 1.
QDSK_CLEANUP_FAIL node13: Command '['docker', 'exec', 'rggaaa49a354e-node13-1', 'sh', '-c', "ip -o -4 addr show scope global 2>/dev/null | head -1 | awk '{print $2}'"]' returned non-zero exit status 1.
QDSK_CLEANUP_FAIL node14: Command '['docker', 'exec', 'rggaaa49a354e-node14-1', 'sh', '-c', "ip -o -4 addr show scope global 2>/dev/null | head -1 | awk '{print $2}'"]' returned non-zero exit status 1.
QDSK_CLEANUP_FAIL node15: Command '['docker', 'exec', 'rggaaa49a354e-node15-1', 'sh', '-c', "ip -o -4 addr show scope global 2>/dev/null | head -1 | awk '{print $2}'"]' returned non-zero exit status 1.
QDSK_CLEANUP_FAIL node16: Command '['docker', 'exec', 'rggaaa49a354e-node16-1', 'sh', '-c', "ip -o -4 addr show scope global 2>/dev/null | head -1 | awk '{print $2}'"]' returned non-zero exit status 1.
QDSK_CLEANUP_FAIL node17: Command '['docker', 'exec', 'rggaaa49a354e-node17-1', 'sh', '-c', "ip -o -4 addr show scope global 2>/dev/null | head -1 | awk '{print $2}'"]' returned non-zero exit status 1.
QDSK_CLEANUP_FAIL node18: Command '['docker', 'exec', 'rggaaa49a354e-node18-1', 'sh', '-c', "ip -o -4 addr show scope global 2>/dev/null | head -1 | awk '{print $2}'"]' returned non-zero exit status 1.
QDSK_CLEANUP_FAIL node19: Command '['docker', 'exec', 'rggaaa49a354e-node19-1', 'sh', '-c', "ip -o -4 addr show scope global 2>/dev/null | head -1 | awk '{print $2}'"]' returned non-zero exit status 1.
QDSK_CLEANUP_FAIL node20: Command '['docker', 'exec', 'rggaaa49a354e-node20-1', 'sh', '-c', "ip -o -4 addr show scope global 2>/dev/null | head -1 | awk '{print $2}'"]' returned non-zero exit status 1.
QDSK_CLEANUP_FAIL node21: Command '['docker', 'exec', 'rggaaa49a354e-node21-1', 'sh', '-c', "ip -o -4 addr show scope global 2>/dev/null | head -1 | awk '{print $2}'"]' returned non-zero exit status 1.
QDSK_CLEANUP_FAIL node22: Command '['docker', 'exec', 'rggaaa49a354e-node22-1', 'sh', '-c', "ip -o -4 addr show scope global 2>/dev/null | head -1 | awk '{print $2}'"]' returned non-zero exit status 1.
QDSK_CLEANUP_FAIL node23: Command '['docker', 'exec', 'rggaaa49a354e-node23-1', 'sh', '-c', "ip -o -4 addr show scope global 2>/dev/null | head -1 | awk '{print $2}'"]' returned non-zero exit status 1.
