 Network rggcf9590420d_default Creating 
 Network rggcf9590420d_default Created 
 Container rggcf9590420d-collector-1 Creating 
 Container rggcf9590420d-collector-1 Created 
 Container rggcf9590420d-node12-1 Creating 
 Container rggcf9590420d-node14-1 Creating 
 Container rggcf9590420d-node4-1 Creating 
 Container rggcf9590420d-node2-1 Creating 
 Container rggcf9590420d-node1-1 Creating 
 Container rggcf9590420d-node5-1 Creating 
 Container rggcf9590420d-node13-1 Creating 
 Container rggcf9590420d-node0-1 Creating 
 Container rggcf9590420d-node3-1 Creating 
 Container rggcf9590420d-node8-1 Creating 
 Container rggcf9590420d-node9-1 Creating 
 Container rggcf9590420d-node6-1 Creating 
 Container rggcf9590420d-node10-1 Creating 
 Container rggcf9590420d-node11-1 Creating 
 Container rggcf9590420d-node15-1 Creating 
 Container rggcf9590420d-node7-1 Creating 
 Container rggcf9590420d-node0-1 Created 
 Container rggcf9590420d-node2-1 Created 
 Container rggcf9590420d-node8-1 Created 
 Container rggcf9590420d-node7-1 Created 
 Container rggcf9590420d-node1-1 Created 
 Container rggcf9590420d-node5-1 Created 
 Container rggcf9590420d-node15-1 Created 
 Container rggcf9590420d-node11-1 Created 
 Container rggcf9590420d-node12-1 Created 
 Container rggcf9590420d-node13-1 Created 
 Container rggcf9590420d-node14-1 Created 
 Container rggcf9590420d-node4-1 Created 
 Container rggcf9590420d-node10-1 Created 
 Container rggcf9590420d-node9-1 Created 
 Container rggcf9590420d-node6-1 Created 
 Container rggcf9590420d-node3-1 Created 
 Container rggcf9590420d-collector-1 Starting 
 Container rggcf9590420d-collector-1 Started 
 Container rggcf9590420d-node4-1 Starting 
 Container rggcf9590420d-node10-1 Starting 
 Container rggcf9590420d-node13-1 Starting 
 Container rggcf9590420d-node0-1 Starting 
 Container rggcf9590420d-node12-1 Starting 
 Container rggcf9590420d-node7-1 Starting 
 Container rggcf9590420d-node8-1 Starting 
 Container rggcf9590420d-node2-1 Starting 
 Container rggcf9590420d-node11-1 Starting 
 Container rggcf9590420d-node5-1 Starting 
 Container rggcf9590420d-node9-1 Starting 
 Container rggcf9590420d-node6-1 Starting 
 Container rggcf9590420d-node14-1 Starting 
 Container rggcf9590420d-node15-1 Starting 
 Container rggcf9590420d-node1-1 Starting 
 Container rggcf9590420d-node3-1 Starting 
 Container rggcf9590420d-node7-1 Started 
 Container rggcf9590420d-node6-1 Started 
 Container rggcf9590420d-node10-1 Started 
 Container rggcf9590420d-node4-1 Started 
 Container rggcf9590420d-node13-1 Started 
 Container rggcf9590420d-node8-1 Started 
 Container rggcf9590420d-node11-1 Started 
 Container rggcf9590420d-node1-1 Started 
 Container rggcf9590420d-node14-1 Started 
 Container rggcf9590420d-node5-1 Started 
 Container rggcf9590420d-node15-1 Started 
 Container rggcf9590420d-node12-1 Started 
 Container rggcf9590420d-node3-1 Started 
 Container rggcf9590420d-node9-1 Started 
 Container rggcf9590420d-node0-1 Started 
 Container rggcf9590420d-node2-1 Started 
READY_BARRIER: 15/16 node services ready
DRIVER_STARTED: 2026-07-26T22:34:43Z
0
