 Network rgg9ae41a109c_default Creating 
 Network rgg9ae41a109c_default Created 
 Container rgg9ae41a109c-collector-1 Creating 
 Container rgg9ae41a109c-collector-1 Created 
 Container rgg9ae41a109c-node1-1 Creating 
 Container rgg9ae41a109c-node7-1 Creating 
 Container rgg9ae41a109c-node9-1 Creating 
 Container rgg9ae41a109c-node5-1 Creating 
 Container rgg9ae41a109c-node0-1 Creating 
 Container rgg9ae41a109c-node12-1 Creating 
 Container rgg9ae41a109c-node2-1 Creating 
 Container rgg9ae41a109c-node3-1 Creating 
 Container rgg9ae41a109c-node10-1 Creating 
 Container rgg9ae41a109c-node8-1 Creating 
 Container rgg9ae41a109c-node15-1 Creating 
 Container rgg9ae41a109c-node11-1 Creating 
 Container rgg9ae41a109c-node13-1 Creating 
 Container rgg9ae41a109c-node14-1 Creating 
 Container rgg9ae41a109c-node4-1 Creating 
 Container rgg9ae41a109c-node6-1 Creating 
 Container rgg9ae41a109c-node6-1 Created 
 Container rgg9ae41a109c-node13-1 Created 
 Container rgg9ae41a109c-node7-1 Created 
 Container rgg9ae41a109c-node2-1 Created 
 Container rgg9ae41a109c-node15-1 Created 
 Container rgg9ae41a109c-node1-1 Created 
 Container rgg9ae41a109c-node0-1 Created 
 Container rgg9ae41a109c-node8-1 Created 
 Container rgg9ae41a109c-node4-1 Created 
 Container rgg9ae41a109c-node10-1 Created 
 Container rgg9ae41a109c-node14-1 Created 
 Container rgg9ae41a109c-node12-1 Created 
 Container rgg9ae41a109c-node9-1 Created 
 Container rgg9ae41a109c-node11-1 Created 
 Container rgg9ae41a109c-node5-1 Created 
 Container rgg9ae41a109c-node3-1 Created 
 Container rgg9ae41a109c-driver-1 Creating 
 Container rgg9ae41a109c-driver-1 Created 
 Container rgg9ae41a109c-collector-1 Starting 
 Container rgg9ae41a109c-collector-1 Started 
 Container rgg9ae41a109c-node7-1 Starting 
 Container rgg9ae41a109c-node1-1 Starting 
 Container rgg9ae41a109c-node11-1 Starting 
 Container rgg9ae41a109c-node3-1 Starting 
 Container rgg9ae41a109c-node6-1 Starting 
 Container rgg9ae41a109c-node8-1 Starting 
 Container rgg9ae41a109c-node13-1 Starting 
 Container rgg9ae41a109c-node5-1 Starting 
 Container rgg9ae41a109c-node4-1 Starting 
 Container rgg9ae41a109c-node10-1 Starting 
 Container rgg9ae41a109c-node14-1 Starting 
 Container rgg9ae41a109c-node0-1 Starting 
 Container rgg9ae41a109c-node9-1 Starting 
 Container rgg9ae41a109c-node15-1 Starting 
 Container rgg9ae41a109c-node12-1 Starting 
 Container rgg9ae41a109c-node2-1 Starting 
 Container rgg9ae41a109c-node14-1 Started 
 Container rgg9ae41a109c-node3-1 Started 
 Container rgg9ae41a109c-node6-1 Started 
 Container rgg9ae41a109c-node12-1 Started 
 Container rgg9ae41a109c-node7-1 Started 
 Container rgg9ae41a109c-node1-1 Started 
 Container rgg9ae41a109c-node9-1 Started 
 Container rgg9ae41a109c-node8-1 Started 
 Container rgg9ae41a109c-node4-1 Started 
 Container rgg9ae41a109c-node0-1 Started 
 Container rgg9ae41a109c-node2-1 Started 
 Container rgg9ae41a109c-node15-1 Started 
 Container rgg9ae41a109c-node13-1 Started 
 Container rgg9ae41a109c-node11-1 Started 
 Container rgg9ae41a109c-node10-1 Started 
 Container rgg9ae41a109c-node5-1 Started 
 Container rgg9ae41a109c-driver-1 Starting 
 Container rgg9ae41a109c-driver-1 Started 
0
