 Network rgg4f9f7a46be_default Creating 
 Network rgg4f9f7a46be_default Created 
 Container rgg4f9f7a46be-collector-1 Creating 
 Container rgg4f9f7a46be-collector-1 Created 
 Container rgg4f9f7a46be-node13-1 Creating 
 Container rgg4f9f7a46be-node1-1 Creating 
 Container rgg4f9f7a46be-node11-1 Creating 
 Container rgg4f9f7a46be-node7-1 Creating 
 Container rgg4f9f7a46be-node6-1 Creating 
 Container rgg4f9f7a46be-node8-1 Creating 
 Container rgg4f9f7a46be-node0-1 Creating 
 Container rgg4f9f7a46be-node15-1 Creating 
 Container rgg4f9f7a46be-node12-1 Creating 
 Container rgg4f9f7a46be-node9-1 Creating 
 Container rgg4f9f7a46be-node14-1 Creating 
 Container rgg4f9f7a46be-node10-1 Creating 
 Container rgg4f9f7a46be-node2-1 Creating 
 Container rgg4f9f7a46be-node3-1 Creating 
 Container rgg4f9f7a46be-node4-1 Creating 
 Container rgg4f9f7a46be-node5-1 Creating 
 Container rgg4f9f7a46be-node13-1 Created 
 Container rgg4f9f7a46be-node11-1 Created 
 Container rgg4f9f7a46be-node1-1 Created 
 Container rgg4f9f7a46be-node8-1 Created 
 Container rgg4f9f7a46be-node6-1 Created 
 Container rgg4f9f7a46be-node3-1 Created 
 Container rgg4f9f7a46be-node9-1 Created 
 Container rgg4f9f7a46be-node4-1 Created 
 Container rgg4f9f7a46be-node14-1 Created 
 Container rgg4f9f7a46be-node12-1 Created 
 Container rgg4f9f7a46be-node5-1 Created 
 Container rgg4f9f7a46be-node15-1 Created 
 Container rgg4f9f7a46be-node2-1 Created 
 Container rgg4f9f7a46be-node7-1 Created 
 Container rgg4f9f7a46be-node0-1 Created 
 Container rgg4f9f7a46be-node10-1 Created 
 Container rgg4f9f7a46be-driver-1 Creating 
 Container rgg4f9f7a46be-driver-1 Created 
 Container rgg4f9f7a46be-collector-1 Starting 
 Container rgg4f9f7a46be-collector-1 Started 
 Container rgg4f9f7a46be-node4-1 Starting 
 Container rgg4f9f7a46be-node13-1 Starting 
 Container rgg4f9f7a46be-node12-1 Starting 
 Container rgg4f9f7a46be-node9-1 Starting 
 Container rgg4f9f7a46be-node3-1 Starting 
 Container rgg4f9f7a46be-node15-1 Starting 
 Container rgg4f9f7a46be-node10-1 Starting 
 Container rgg4f9f7a46be-node5-1 Starting 
 Container rgg4f9f7a46be-node8-1 Starting 
 Container rgg4f9f7a46be-node14-1 Starting 
 Container rgg4f9f7a46be-node7-1 Starting 
 Container rgg4f9f7a46be-node0-1 Starting 
 Container rgg4f9f7a46be-node6-1 Starting 
 Container rgg4f9f7a46be-node11-1 Starting 
 Container rgg4f9f7a46be-node2-1 Starting 
 Container rgg4f9f7a46be-node1-1 Starting 
 Container rgg4f9f7a46be-node4-1 Started 
 Container rgg4f9f7a46be-node12-1 Started 
 Container rgg4f9f7a46be-node9-1 Started 
 Container rgg4f9f7a46be-node2-1 Started 
 Container rgg4f9f7a46be-node13-1 Started 
 Container rgg4f9f7a46be-node1-1 Started 
 Container rgg4f9f7a46be-node6-1 Started 
 Container rgg4f9f7a46be-node15-1 Started 
 Container rgg4f9f7a46be-node3-1 Started 
 Container rgg4f9f7a46be-node7-1 Started 
 Container rgg4f9f7a46be-node11-1 Started 
 Container rgg4f9f7a46be-node8-1 Started 
 Container rgg4f9f7a46be-node5-1 Started 
 Container rgg4f9f7a46be-node0-1 Started 
 Container rgg4f9f7a46be-node14-1 Started 
 Container rgg4f9f7a46be-node10-1 Started 
 Container rgg4f9f7a46be-driver-1 Starting 
 Container rgg4f9f7a46be-driver-1 Started 
0
