 Network rggf0c0f0c56a_default Creating 
 Network rggf0c0f0c56a_default Created 
 Container rggf0c0f0c56a-collector-1 Creating 
 Container rggf0c0f0c56a-collector-1 Created 
 Container rggf0c0f0c56a-node14-1 Creating 
 Container rggf0c0f0c56a-node0-1 Creating 
 Container rggf0c0f0c56a-node13-1 Creating 
 Container rggf0c0f0c56a-node15-1 Creating 
 Container rggf0c0f0c56a-node5-1 Creating 
 Container rggf0c0f0c56a-node10-1 Creating 
 Container rggf0c0f0c56a-node6-1 Creating 
 Container rggf0c0f0c56a-node11-1 Creating 
 Container rggf0c0f0c56a-node12-1 Creating 
 Container rggf0c0f0c56a-node4-1 Creating 
 Container rggf0c0f0c56a-node9-1 Creating 
 Container rggf0c0f0c56a-node8-1 Creating 
 Container rggf0c0f0c56a-node3-1 Creating 
 Container rggf0c0f0c56a-node1-1 Creating 
 Container rggf0c0f0c56a-node2-1 Creating 
 Container rggf0c0f0c56a-node7-1 Creating 
 Container rggf0c0f0c56a-node5-1 Created 
 Container rggf0c0f0c56a-node1-1 Created 
 Container rggf0c0f0c56a-node10-1 Created 
 Container rggf0c0f0c56a-node15-1 Created 
 Container rggf0c0f0c56a-node13-1 Created 
 Container rggf0c0f0c56a-node12-1 Created 
 Container rggf0c0f0c56a-node0-1 Created 
 Container rggf0c0f0c56a-node9-1 Created 
 Container rggf0c0f0c56a-node2-1 Created 
 Container rggf0c0f0c56a-node11-1 Created 
 Container rggf0c0f0c56a-node3-1 Created 
 Container rggf0c0f0c56a-node4-1 Created 
 Container rggf0c0f0c56a-node6-1 Created 
 Container rggf0c0f0c56a-node14-1 Created 
 Container rggf0c0f0c56a-node8-1 Created 
 Container rggf0c0f0c56a-node7-1 Created 
 Container rggf0c0f0c56a-collector-1 Starting 
 Container rggf0c0f0c56a-collector-1 Started 
 Container rggf0c0f0c56a-node8-1 Starting 
 Container rggf0c0f0c56a-node9-1 Starting 
 Container rggf0c0f0c56a-node5-1 Starting 
 Container rggf0c0f0c56a-node15-1 Starting 
 Container rggf0c0f0c56a-node12-1 Starting 
 Container rggf0c0f0c56a-node7-1 Starting 
 Container rggf0c0f0c56a-node11-1 Starting 
 Container rggf0c0f0c56a-node0-1 Starting 
 Container rggf0c0f0c56a-node13-1 Starting 
 Container rggf0c0f0c56a-node4-1 Starting 
 Container rggf0c0f0c56a-node3-1 Starting 
 Container rggf0c0f0c56a-node10-1 Starting 
 Container rggf0c0f0c56a-node6-1 Starting 
 Container rggf0c0f0c56a-node2-1 Starting 
 Container rggf0c0f0c56a-node14-1 Starting 
 Container rggf0c0f0c56a-node1-1 Starting 
 Container rggf0c0f0c56a-node2-1 Started 
 Container rggf0c0f0c56a-node15-1 Started 
 Container rggf0c0f0c56a-node5-1 Started 
 Container rggf0c0f0c56a-node8-1 Started 
 Container rggf0c0f0c56a-node10-1 Started 
 Container rggf0c0f0c56a-node7-1 Started 
 Container rggf0c0f0c56a-node4-1 Started 
 Container rggf0c0f0c56a-node14-1 Started 
 Container rggf0c0f0c56a-node3-1 Started 
 Container rggf0c0f0c56a-node6-1 Started 
 Container rggf0c0f0c56a-node11-1 Started 
 Container rggf0c0f0c56a-node9-1 Started 
 Container rggf0c0f0c56a-node12-1 Started 
 Container rggf0c0f0c56a-node13-1 Started 
 Container rggf0c0f0c56a-node0-1 Started 
 Container rggf0c0f0c56a-node1-1 Started 
READY_BARRIER: 14/16 node services ready
DRIVER_STARTED: 2026-07-26T22:35:09Z
0
