 Network rggbfaa0538b5_default Creating 
 Network rggbfaa0538b5_default Created 
 Container rggbfaa0538b5-collector-1 Creating 
 Container rggbfaa0538b5-collector-1 Created 
 Container rggbfaa0538b5-node21-1 Creating 
 Container rggbfaa0538b5-node10-1 Creating 
 Container rggbfaa0538b5-node18-1 Creating 
 Container rggbfaa0538b5-node4-1 Creating 
 Container rggbfaa0538b5-node15-1 Creating 
 Container rggbfaa0538b5-node2-1 Creating 
 Container rggbfaa0538b5-node20-1 Creating 
 Container rggbfaa0538b5-node8-1 Creating 
 Container rggbfaa0538b5-node22-1 Creating 
 Container rggbfaa0538b5-node3-1 Creating 
 Container rggbfaa0538b5-node16-1 Creating 
 Container rggbfaa0538b5-node7-1 Creating 
 Container rggbfaa0538b5-node14-1 Creating 
 Container rggbfaa0538b5-node1-1 Creating 
 Container rggbfaa0538b5-node11-1 Creating 
 Container rggbfaa0538b5-node17-1 Creating 
 Container rggbfaa0538b5-node5-1 Creating 
 Container rggbfaa0538b5-node9-1 Creating 
 Container rggbfaa0538b5-node13-1 Creating 
 Container rggbfaa0538b5-node19-1 Creating 
 Container rggbfaa0538b5-node23-1 Creating 
 Container rggbfaa0538b5-node12-1 Creating 
 Container rggbfaa0538b5-node0-1 Creating 
 Container rggbfaa0538b5-node6-1 Creating 
 Container rggbfaa0538b5-node21-1 Created 
 Container rggbfaa0538b5-node18-1 Created 
 Container rggbfaa0538b5-node15-1 Created 
 Container rggbfaa0538b5-node2-1 Created 
 Container rggbfaa0538b5-node4-1 Created 
 Container rggbfaa0538b5-node3-1 Created 
 Container rggbfaa0538b5-node17-1 Created 
 Container rggbfaa0538b5-node14-1 Created 
 Container rggbfaa0538b5-node1-1 Created 
 Container rggbfaa0538b5-node7-1 Created 
 Container rggbfaa0538b5-node9-1 Created 
 Container rggbfaa0538b5-node0-1 Created 
 Container rggbfaa0538b5-node11-1 Created 
 Container rggbfaa0538b5-node13-1 Created 
 Container rggbfaa0538b5-node20-1 Created 
 Container rggbfaa0538b5-node12-1 Created 
 Container rggbfaa0538b5-node23-1 Created 
 Container rggbfaa0538b5-node8-1 Created 
 Container rggbfaa0538b5-node6-1 Created 
 Container rggbfaa0538b5-node16-1 Created 
 Container rggbfaa0538b5-node10-1 Created 
 Container rggbfaa0538b5-node19-1 Created 
 Container rggbfaa0538b5-node5-1 Created 
 Container rggbfaa0538b5-node22-1 Created 
 Container rggbfaa0538b5-collector-1 Starting 
 Container rggbfaa0538b5-collector-1 Started 
 Container rggbfaa0538b5-node6-1 Starting 
 Container rggbfaa0538b5-node1-1 Starting 
 Container rggbfaa0538b5-node16-1 Starting 
 Container rggbfaa0538b5-node15-1 Starting 
 Container rggbfaa0538b5-node7-1 Starting 
 Container rggbfaa0538b5-node22-1 Starting 
 Container rggbfaa0538b5-node20-1 Starting 
 Container rggbfaa0538b5-node4-1 Starting 
 Container rggbfaa0538b5-node8-1 Starting 
 Container rggbfaa0538b5-node19-1 Starting 
 Container rggbfaa0538b5-node0-1 Starting 
 Container rggbfaa0538b5-node17-1 Starting 
 Container rggbfaa0538b5-node18-1 Starting 
 Container rggbfaa0538b5-node14-1 Starting 
 Container rggbfaa0538b5-node21-1 Starting 
 Container rggbfaa0538b5-node9-1 Starting 
 Container rggbfaa0538b5-node2-1 Starting 
 Container rggbfaa0538b5-node13-1 Starting 
 Container rggbfaa0538b5-node3-1 Starting 
 Container rggbfaa0538b5-node12-1 Starting 
 Container rggbfaa0538b5-node5-1 Starting 
 Container rggbfaa0538b5-node23-1 Starting 
 Container rggbfaa0538b5-node10-1 Starting 
 Container rggbfaa0538b5-node11-1 Starting 
 Container rggbfaa0538b5-node6-1 Started 
 Container rggbfaa0538b5-node1-1 Started 
 Container rggbfaa0538b5-node3-1 Started 
 Container rggbfaa0538b5-node12-1 Started 
 Container rggbfaa0538b5-node18-1 Started 
 Container rggbfaa0538b5-node21-1 Started 
 Container rggbfaa0538b5-node22-1 Started 
 Container rggbfaa0538b5-node0-1 Started 
 Container rggbfaa0538b5-node19-1 Started 
 Container rggbfaa0538b5-node11-1 Started 
 Container rggbfaa0538b5-node10-1 Started 
 Container rggbfaa0538b5-node15-1 Started 
 Container rggbfaa0538b5-node8-1 Started 
 Container rggbfaa0538b5-node14-1 Started 
 Container rggbfaa0538b5-node23-1 Started 
 Container rggbfaa0538b5-node20-1 Started 
 Container rggbfaa0538b5-node16-1 Started 
 Container rggbfaa0538b5-node4-1 Started 
 Container rggbfaa0538b5-node5-1 Started 
 Container rggbfaa0538b5-node13-1 Started 
 Container rggbfaa0538b5-node7-1 Started 
 Container rggbfaa0538b5-node2-1 Started 
 Container rggbfaa0538b5-node17-1 Started 
 Container rggbfaa0538b5-node9-1 Started 
NETEM_APPLIED node0 iface=eth0: qdisc netem 87f9: root refcnt 17 limit 1000 delay 50ms  10ms seed 2368571693423188440
NETEM_APPLIED node1 iface=eth0: qdisc netem 87fa: root refcnt 17 limit 1000 delay 50ms  10ms seed 13108143749176843865
NETEM_APPLIED node2 iface=eth0: qdisc netem 87fb: root refcnt 17 limit 1000 delay 50ms  10ms seed 13739688382148550413
NETEM_APPLIED node3 iface=eth0: qdisc netem 87fc: root refcnt 17 limit 1000 delay 50ms  10ms seed 16612724787209541150
NETEM_APPLIED node4 iface=eth0: qdisc netem 87fd: root refcnt 17 limit 1000 delay 50ms  10ms seed 11141798297645370121
NETEM_APPLIED node5 iface=eth0: qdisc netem 87fe: root refcnt 17 limit 1000 delay 50ms  10ms seed 9943718243881495349
NETEM_APPLIED node6 iface=eth0: qdisc netem 87ff: root refcnt 17 limit 1000 delay 50ms  10ms seed 8673901510820180192
NETEM_APPLIED node7 iface=eth0: qdisc netem 8800: root refcnt 17 limit 1000 delay 50ms  10ms seed 7929516725790500690
NETEM_APPLIED node8 iface=eth0: qdisc netem 8801: root refcnt 17 limit 1000 delay 50ms  10ms seed 16360411918787664352
NETEM_APPLIED node9 iface=eth0: qdisc netem 8802: root refcnt 17 limit 1000 delay 50ms  10ms seed 16788265619582822928
NETEM_APPLIED node10 iface=eth0: qdisc netem 8803: root refcnt 17 limit 1000 delay 50ms  10ms seed 7680614763150817323
NETEM_APPLIED node11 iface=eth0: qdisc netem 8804: root refcnt 17 limit 1000 delay 50ms  10ms seed 12767738289694752664
NETEM_APPLIED node12 iface=eth0: qdisc netem 8805: root refcnt 17 limit 1000 delay 50ms  10ms seed 5195390231897387369
NETEM_APPLIED node13 iface=eth0: qdisc netem 8806: root refcnt 17 limit 1000 delay 50ms  10ms seed 7371978054113551551
NETEM_APPLIED node14 iface=eth0: qdisc netem 8807: root refcnt 17 limit 1000 delay 50ms  10ms seed 8732995122016142041
NETEM_APPLIED node15 iface=eth0: qdisc netem 8808: root refcnt 17 limit 1000 delay 50ms  10ms seed 1954443732186614042
NETEM_APPLIED node16 iface=eth0: qdisc netem 8809: root refcnt 17 limit 1000 delay 50ms  10ms seed 9506682646815620644
NETEM_APPLIED node17 iface=eth0: qdisc netem 880a: root refcnt 17 limit 1000 delay 50ms  10ms seed 17670799192225267455
NETEM_APPLIED node18 iface=eth0: qdisc netem 880b: root refcnt 17 limit 1000 delay 50ms  10ms seed 13237120324067769113
NETEM_APPLIED node19 iface=eth0: qdisc netem 880c: root refcnt 17 limit 1000 delay 50ms  10ms seed 9025139934565049146
NETEM_APPLIED node20 iface=eth0: qdisc netem 880d: root refcnt 17 limit 1000 delay 50ms  10ms seed 7017195296729371661
NETEM_APPLIED node21 iface=eth0: qdisc netem 880e: root refcnt 17 limit 1000 delay 50ms  10ms seed 5316610547365190370
NETEM_APPLIED node22 iface=eth0: qdisc netem 880f: root refcnt 17 limit 1000 delay 50ms  10ms seed 1244770934697284167
NETEM_APPLIED node23 iface=eth0: qdisc netem 8810: root refcnt 17 limit 1000 delay 50ms  10ms seed 11878119953179586807
NETEM_RTT_GATE OK: baseline=0.1ms actual=98.1ms increase=98.0ms
DRIVER_STARTED: 2026-07-15T07:20:41Z
0
QDSK_CLEANUP_FAIL node0: Command '['docker', 'exec', 'rggbfaa0538b5-node0-1', 'sh', '-c', "ip -o -4 addr show scope global 2>/dev/null | head -1 | awk '{print $2}'"]' returned non-zero exit status 1.
QDSK_CLEANUP_FAIL node1: Command '['docker', 'exec', 'rggbfaa0538b5-node1-1', 'sh', '-c', "ip -o -4 addr show scope global 2>/dev/null | head -1 | awk '{print $2}'"]' returned non-zero exit status 1.
QDSK_CLEANUP_FAIL node2: Command '['docker', 'exec', 'rggbfaa0538b5-node2-1', 'sh', '-c', "ip -o -4 addr show scope global 2>/dev/null | head -1 | awk '{print $2}'"]' returned non-zero exit status 1.
QDSK_CLEANUP_FAIL node3: Command '['docker', 'exec', 'rggbfaa0538b5-node3-1', 'sh', '-c', "ip -o -4 addr show scope global 2>/dev/null | head -1 | awk '{print $2}'"]' returned non-zero exit status 1.
QDSK_CLEANUP_FAIL node4: Command '['docker', 'exec', 'rggbfaa0538b5-node4-1', 'sh', '-c', "ip -o -4 addr show scope global 2>/dev/null | head -1 | awk '{print $2}'"]' returned non-zero exit status 1.
QDSK_CLEANUP_FAIL node5: Command '['docker', 'exec', 'rggbfaa0538b5-node5-1', 'sh', '-c', "ip -o -4 addr show scope global 2>/dev/null | head -1 | awk '{print $2}'"]' returned non-zero exit status 1.
QDSK_CLEANUP_FAIL node6: Command '['docker', 'exec', 'rggbfaa0538b5-node6-1', 'sh', '-c', "ip -o -4 addr show scope global 2>/dev/null | head -1 | awk '{print $2}'"]' returned non-zero exit status 1.
QDSK_CLEANUP_FAIL node7: Command '['docker', 'exec', 'rggbfaa0538b5-node7-1', 'sh', '-c', "ip -o -4 addr show scope global 2>/dev/null | head -1 | awk '{print $2}'"]' returned non-zero exit status 1.
QDSK_CLEANUP_FAIL node8: Command '['docker', 'exec', 'rggbfaa0538b5-node8-1', 'sh', '-c', "ip -o -4 addr show scope global 2>/dev/null | head -1 | awk '{print $2}'"]' returned non-zero exit status 1.
QDSK_CLEANUP_FAIL node9: Command '['docker', 'exec', 'rggbfaa0538b5-node9-1', 'sh', '-c', "ip -o -4 addr show scope global 2>/dev/null | head -1 | awk '{print $2}'"]' returned non-zero exit status 1.
QDSK_CLEANUP_FAIL node10: Command '['docker', 'exec', 'rggbfaa0538b5-node10-1', 'sh', '-c', "ip -o -4 addr show scope global 2>/dev/null | head -1 | awk '{print $2}'"]' returned non-zero exit status 1.
QDSK_CLEANUP_FAIL node11: Command '['docker', 'exec', 'rggbfaa0538b5-node11-1', 'sh', '-c', "ip -o -4 addr show scope global 2>/dev/null | head -1 | awk '{print $2}'"]' returned non-zero exit status 1.
QDSK_CLEANUP_FAIL node12: Command '['docker', 'exec', 'rggbfaa0538b5-node12-1', 'sh', '-c', "ip -o -4 addr show scope global 2>/dev/null | head -1 | awk '{print $2}'"]' returned non-zero exit status 1.
QDSK_CLEANUP_FAIL node13: Command '['docker', 'exec', 'rggbfaa0538b5-node13-1', 'sh', '-c', "ip -o -4 addr show scope global 2>/dev/null | head -1 | awk '{print $2}'"]' returned non-zero exit status 1.
QDSK_CLEANUP_FAIL node14: Command '['docker', 'exec', 'rggbfaa0538b5-node14-1', 'sh', '-c', "ip -o -4 addr show scope global 2>/dev/null | head -1 | awk '{print $2}'"]' returned non-zero exit status 1.
QDSK_CLEANUP_FAIL node15: Command '['docker', 'exec', 'rggbfaa0538b5-node15-1', 'sh', '-c', "ip -o -4 addr show scope global 2>/dev/null | head -1 | awk '{print $2}'"]' returned non-zero exit status 1.
QDSK_CLEANUP_FAIL node16: Command '['docker', 'exec', 'rggbfaa0538b5-node16-1', 'sh', '-c', "ip -o -4 addr show scope global 2>/dev/null | head -1 | awk '{print $2}'"]' returned non-zero exit status 1.
QDSK_CLEANUP_FAIL node17: Command '['docker', 'exec', 'rggbfaa0538b5-node17-1', 'sh', '-c', "ip -o -4 addr show scope global 2>/dev/null | head -1 | awk '{print $2}'"]' returned non-zero exit status 1.
QDSK_CLEANUP_FAIL node18: Command '['docker', 'exec', 'rggbfaa0538b5-node18-1', 'sh', '-c', "ip -o -4 addr show scope global 2>/dev/null | head -1 | awk '{print $2}'"]' returned non-zero exit status 1.
QDSK_CLEANUP_FAIL node19: Command '['docker', 'exec', 'rggbfaa0538b5-node19-1', 'sh', '-c', "ip -o -4 addr show scope global 2>/dev/null | head -1 | awk '{print $2}'"]' returned non-zero exit status 1.
QDSK_CLEANUP_FAIL node20: Command '['docker', 'exec', 'rggbfaa0538b5-node20-1', 'sh', '-c', "ip -o -4 addr show scope global 2>/dev/null | head -1 | awk '{print $2}'"]' returned non-zero exit status 1.
QDSK_CLEANUP_FAIL node21: Command '['docker', 'exec', 'rggbfaa0538b5-node21-1', 'sh', '-c', "ip -o -4 addr show scope global 2>/dev/null | head -1 | awk '{print $2}'"]' returned non-zero exit status 1.
QDSK_CLEANUP_FAIL node22: Command '['docker', 'exec', 'rggbfaa0538b5-node22-1', 'sh', '-c', "ip -o -4 addr show scope global 2>/dev/null | head -1 | awk '{print $2}'"]' returned non-zero exit status 1.
QDSK_CLEANUP_FAIL node23: Command '['docker', 'exec', 'rggbfaa0538b5-node23-1', 'sh', '-c', "ip -o -4 addr show scope global 2>/dev/null | head -1 | awk '{print $2}'"]' returned non-zero exit status 1.
