 Network rgg4849b9fa57_default Creating 
 Network rgg4849b9fa57_default Created 
 Container rgg4849b9fa57-collector-1 Creating 
 Container rgg4849b9fa57-collector-1 Created 
 Container rgg4849b9fa57-node5-1 Creating 
 Container rgg4849b9fa57-node2-1 Creating 
 Container rgg4849b9fa57-node8-1 Creating 
 Container rgg4849b9fa57-node0-1 Creating 
 Container rgg4849b9fa57-node14-1 Creating 
 Container rgg4849b9fa57-node11-1 Creating 
 Container rgg4849b9fa57-node4-1 Creating 
 Container rgg4849b9fa57-node9-1 Creating 
 Container rgg4849b9fa57-node13-1 Creating 
 Container rgg4849b9fa57-node10-1 Creating 
 Container rgg4849b9fa57-node3-1 Creating 
 Container rgg4849b9fa57-node6-1 Creating 
 Container rgg4849b9fa57-node15-1 Creating 
 Container rgg4849b9fa57-node1-1 Creating 
 Container rgg4849b9fa57-node7-1 Creating 
 Container rgg4849b9fa57-node12-1 Creating 
 Container rgg4849b9fa57-node8-1 Created 
 Container rgg4849b9fa57-node1-1 Created 
 Container rgg4849b9fa57-node13-1 Created 
 Container rgg4849b9fa57-node5-1 Created 
 Container rgg4849b9fa57-node4-1 Created 
 Container rgg4849b9fa57-node3-1 Created 
 Container rgg4849b9fa57-node9-1 Created 
 Container rgg4849b9fa57-node14-1 Created 
 Container rgg4849b9fa57-node2-1 Created 
 Container rgg4849b9fa57-node12-1 Created 
 Container rgg4849b9fa57-node15-1 Created 
 Container rgg4849b9fa57-node7-1 Created 
 Container rgg4849b9fa57-node0-1 Created 
 Container rgg4849b9fa57-node10-1 Created 
 Container rgg4849b9fa57-node6-1 Created 
 Container rgg4849b9fa57-node11-1 Created 
 Container rgg4849b9fa57-collector-1 Starting 
 Container rgg4849b9fa57-collector-1 Started 
 Container rgg4849b9fa57-node13-1 Starting 
 Container rgg4849b9fa57-node6-1 Starting 
 Container rgg4849b9fa57-node14-1 Starting 
 Container rgg4849b9fa57-node5-1 Starting 
 Container rgg4849b9fa57-node9-1 Starting 
 Container rgg4849b9fa57-node12-1 Starting 
 Container rgg4849b9fa57-node11-1 Starting 
 Container rgg4849b9fa57-node10-1 Starting 
 Container rgg4849b9fa57-node8-1 Starting 
 Container rgg4849b9fa57-node2-1 Starting 
 Container rgg4849b9fa57-node3-1 Starting 
 Container rgg4849b9fa57-node0-1 Starting 
 Container rgg4849b9fa57-node1-1 Starting 
 Container rgg4849b9fa57-node4-1 Starting 
 Container rgg4849b9fa57-node15-1 Starting 
 Container rgg4849b9fa57-node7-1 Starting 
 Container rgg4849b9fa57-node5-1 Started 
 Container rgg4849b9fa57-node14-1 Started 
 Container rgg4849b9fa57-node6-1 Started 
 Container rgg4849b9fa57-node4-1 Started 
 Container rgg4849b9fa57-node1-1 Started 
 Container rgg4849b9fa57-node11-1 Started 
 Container rgg4849b9fa57-node7-1 Started 
 Container rgg4849b9fa57-node13-1 Started 
 Container rgg4849b9fa57-node12-1 Started 
 Container rgg4849b9fa57-node2-1 Started 
 Container rgg4849b9fa57-node15-1 Started 
 Container rgg4849b9fa57-node9-1 Started 
 Container rgg4849b9fa57-node0-1 Started 
 Container rgg4849b9fa57-node3-1 Started 
 Container rgg4849b9fa57-node10-1 Started 
 Container rgg4849b9fa57-node8-1 Started 
READY_BARRIER: 15/16 node services ready
DRIVER_STARTED: 2026-07-26T22:38:09Z
0
