 Network rgg22470f0bff_default Creating 
 Network rgg22470f0bff_default Created 
 Container rgg22470f0bff-collector-1 Creating 
 Container rgg22470f0bff-collector-1 Created 
 Container rgg22470f0bff-node13-1 Creating 
 Container rgg22470f0bff-node5-1 Creating 
 Container rgg22470f0bff-node11-1 Creating 
 Container rgg22470f0bff-node10-1 Creating 
 Container rgg22470f0bff-node1-1 Creating 
 Container rgg22470f0bff-node9-1 Creating 
 Container rgg22470f0bff-node8-1 Creating 
 Container rgg22470f0bff-node0-1 Creating 
 Container rgg22470f0bff-node2-1 Creating 
 Container rgg22470f0bff-node15-1 Creating 
 Container rgg22470f0bff-node4-1 Creating 
 Container rgg22470f0bff-node3-1 Creating 
 Container rgg22470f0bff-node7-1 Creating 
 Container rgg22470f0bff-node14-1 Creating 
 Container rgg22470f0bff-node12-1 Creating 
 Container rgg22470f0bff-node6-1 Creating 
 Container rgg22470f0bff-node13-1 Created 
 Container rgg22470f0bff-node5-1 Created 
 Container rgg22470f0bff-node15-1 Created 
 Container rgg22470f0bff-node8-1 Created 
 Container rgg22470f0bff-node12-1 Created 
 Container rgg22470f0bff-node4-1 Created 
 Container rgg22470f0bff-node2-1 Created 
 Container rgg22470f0bff-node7-1 Created 
 Container rgg22470f0bff-node14-1 Created 
 Container rgg22470f0bff-node11-1 Created 
 Container rgg22470f0bff-node3-1 Created 
 Container rgg22470f0bff-node0-1 Created 
 Container rgg22470f0bff-node6-1 Created 
 Container rgg22470f0bff-node9-1 Created 
 Container rgg22470f0bff-node1-1 Created 
 Container rgg22470f0bff-node10-1 Created 
 Container rgg22470f0bff-driver-1 Creating 
 Container rgg22470f0bff-driver-1 Created 
 Container rgg22470f0bff-collector-1 Starting 
 Container rgg22470f0bff-collector-1 Started 
 Container rgg22470f0bff-node9-1 Starting 
 Container rgg22470f0bff-node10-1 Starting 
 Container rgg22470f0bff-node8-1 Starting 
 Container rgg22470f0bff-node7-1 Starting 
 Container rgg22470f0bff-node12-1 Starting 
 Container rgg22470f0bff-node4-1 Starting 
 Container rgg22470f0bff-node1-1 Starting 
 Container rgg22470f0bff-node6-1 Starting 
 Container rgg22470f0bff-node14-1 Starting 
 Container rgg22470f0bff-node15-1 Starting 
 Container rgg22470f0bff-node2-1 Starting 
 Container rgg22470f0bff-node3-1 Starting 
 Container rgg22470f0bff-node0-1 Starting 
 Container rgg22470f0bff-node5-1 Starting 
 Container rgg22470f0bff-node11-1 Starting 
 Container rgg22470f0bff-node13-1 Starting 
 Container rgg22470f0bff-node3-1 Started 
 Container rgg22470f0bff-node6-1 Started 
 Container rgg22470f0bff-node0-1 Started 
 Container rgg22470f0bff-node11-1 Started 
 Container rgg22470f0bff-node10-1 Started 
 Container rgg22470f0bff-node9-1 Started 
 Container rgg22470f0bff-node8-1 Started 
 Container rgg22470f0bff-node7-1 Started 
 Container rgg22470f0bff-node12-1 Started 
 Container rgg22470f0bff-node5-1 Started 
 Container rgg22470f0bff-node13-1 Started 
 Container rgg22470f0bff-node14-1 Started 
 Container rgg22470f0bff-node1-1 Started 
 Container rgg22470f0bff-node15-1 Started 
 Container rgg22470f0bff-node2-1 Started 
 Container rgg22470f0bff-node4-1 Started 
 Container rgg22470f0bff-driver-1 Starting 
 Container rgg22470f0bff-driver-1 Started 
0
