 Network rgg0a8495dc69_default Creating 
 Network rgg0a8495dc69_default Created 
 Container rgg0a8495dc69-collector-1 Creating 
 Container rgg0a8495dc69-collector-1 Created 
 Container rgg0a8495dc69-node2-1 Creating 
 Container rgg0a8495dc69-node16-1 Creating 
 Container rgg0a8495dc69-node18-1 Creating 
 Container rgg0a8495dc69-node5-1 Creating 
 Container rgg0a8495dc69-node1-1 Creating 
 Container rgg0a8495dc69-node13-1 Creating 
 Container rgg0a8495dc69-node20-1 Creating 
 Container rgg0a8495dc69-node10-1 Creating 
 Container rgg0a8495dc69-node7-1 Creating 
 Container rgg0a8495dc69-node6-1 Creating 
 Container rgg0a8495dc69-node22-1 Creating 
 Container rgg0a8495dc69-node3-1 Creating 
 Container rgg0a8495dc69-node8-1 Creating 
 Container rgg0a8495dc69-node14-1 Creating 
 Container rgg0a8495dc69-node17-1 Creating 
 Container rgg0a8495dc69-node15-1 Creating 
 Container rgg0a8495dc69-node23-1 Creating 
 Container rgg0a8495dc69-node12-1 Creating 
 Container rgg0a8495dc69-node11-1 Creating 
 Container rgg0a8495dc69-node19-1 Creating 
 Container rgg0a8495dc69-node0-1 Creating 
 Container rgg0a8495dc69-node9-1 Creating 
 Container rgg0a8495dc69-node4-1 Creating 
 Container rgg0a8495dc69-node21-1 Creating 
 Container rgg0a8495dc69-node6-1 Created 
 Container rgg0a8495dc69-node10-1 Created 
 Container rgg0a8495dc69-node13-1 Created 
 Container rgg0a8495dc69-node1-1 Created 
 Container rgg0a8495dc69-node9-1 Created 
 Container rgg0a8495dc69-node23-1 Created 
 Container rgg0a8495dc69-node8-1 Created 
 Container rgg0a8495dc69-node20-1 Created 
 Container rgg0a8495dc69-node21-1 Created 
 Container rgg0a8495dc69-node12-1 Created 
 Container rgg0a8495dc69-node4-1 Created 
 Container rgg0a8495dc69-node15-1 Created 
 Container rgg0a8495dc69-node22-1 Created 
 Container rgg0a8495dc69-node7-1 Created 
 Container rgg0a8495dc69-node3-1 Created 
 Container rgg0a8495dc69-node11-1 Created 
 Container rgg0a8495dc69-node2-1 Created 
 Container rgg0a8495dc69-node14-1 Created 
 Container rgg0a8495dc69-node17-1 Created 
 Container rgg0a8495dc69-node19-1 Created 
 Container rgg0a8495dc69-node18-1 Created 
 Container rgg0a8495dc69-node16-1 Created 
 Container rgg0a8495dc69-node0-1 Created 
 Container rgg0a8495dc69-node5-1 Created 
 Container rgg0a8495dc69-collector-1 Starting 
 Container rgg0a8495dc69-collector-1 Started 
 Container rgg0a8495dc69-node23-1 Starting 
 Container rgg0a8495dc69-node11-1 Starting 
 Container rgg0a8495dc69-node22-1 Starting 
 Container rgg0a8495dc69-node18-1 Starting 
 Container rgg0a8495dc69-node9-1 Starting 
 Container rgg0a8495dc69-node14-1 Starting 
 Container rgg0a8495dc69-node2-1 Starting 
 Container rgg0a8495dc69-node6-1 Starting 
 Container rgg0a8495dc69-node13-1 Starting 
 Container rgg0a8495dc69-node4-1 Starting 
 Container rgg0a8495dc69-node20-1 Starting 
 Container rgg0a8495dc69-node0-1 Starting 
 Container rgg0a8495dc69-node3-1 Starting 
 Container rgg0a8495dc69-node16-1 Starting 
 Container rgg0a8495dc69-node12-1 Starting 
 Container rgg0a8495dc69-node8-1 Starting 
 Container rgg0a8495dc69-node15-1 Starting 
 Container rgg0a8495dc69-node10-1 Starting 
 Container rgg0a8495dc69-node7-1 Starting 
 Container rgg0a8495dc69-node19-1 Starting 
 Container rgg0a8495dc69-node17-1 Starting 
 Container rgg0a8495dc69-node21-1 Starting 
 Container rgg0a8495dc69-node1-1 Starting 
 Container rgg0a8495dc69-node5-1 Starting 
 Container rgg0a8495dc69-node23-1 Started 
 Container rgg0a8495dc69-node13-1 Started 
 Container rgg0a8495dc69-node22-1 Started 
 Container rgg0a8495dc69-node9-1 Started 
 Container rgg0a8495dc69-node15-1 Started 
 Container rgg0a8495dc69-node5-1 Started 
 Container rgg0a8495dc69-node16-1 Started 
 Container rgg0a8495dc69-node1-1 Started 
 Container rgg0a8495dc69-node8-1 Started 
 Container rgg0a8495dc69-node12-1 Started 
 Container rgg0a8495dc69-node7-1 Started 
 Container rgg0a8495dc69-node18-1 Started 
 Container rgg0a8495dc69-node3-1 Started 
 Container rgg0a8495dc69-node17-1 Started 
 Container rgg0a8495dc69-node11-1 Started 
 Container rgg0a8495dc69-node4-1 Started 
 Container rgg0a8495dc69-node19-1 Started 
 Container rgg0a8495dc69-node14-1 Started 
 Container rgg0a8495dc69-node10-1 Started 
 Container rgg0a8495dc69-node21-1 Started 
 Container rgg0a8495dc69-node0-1 Started 
 Container rgg0a8495dc69-node2-1 Started 
 Container rgg0a8495dc69-node6-1 Started 
 Container rgg0a8495dc69-node20-1 Started 
DRIVER_STARTED: 2026-07-15T05:03:08Z
0
