 Network rgg175f28117f_default Creating 
 Network rgg175f28117f_default Created 
 Container rgg175f28117f-collector-1 Creating 
 Container rgg175f28117f-collector-1 Created 
 Container rgg175f28117f-node9-1 Creating 
 Container rgg175f28117f-node14-1 Creating 
 Container rgg175f28117f-node12-1 Creating 
 Container rgg175f28117f-node13-1 Creating 
 Container rgg175f28117f-node11-1 Creating 
 Container rgg175f28117f-node20-1 Creating 
 Container rgg175f28117f-node2-1 Creating 
 Container rgg175f28117f-node10-1 Creating 
 Container rgg175f28117f-node6-1 Creating 
 Container rgg175f28117f-node7-1 Creating 
 Container rgg175f28117f-node15-1 Creating 
 Container rgg175f28117f-node4-1 Creating 
 Container rgg175f28117f-node16-1 Creating 
 Container rgg175f28117f-node0-1 Creating 
 Container rgg175f28117f-node1-1 Creating 
 Container rgg175f28117f-node21-1 Creating 
 Container rgg175f28117f-node19-1 Creating 
 Container rgg175f28117f-node8-1 Creating 
 Container rgg175f28117f-node18-1 Creating 
 Container rgg175f28117f-node23-1 Creating 
 Container rgg175f28117f-node5-1 Creating 
 Container rgg175f28117f-node3-1 Creating 
 Container rgg175f28117f-node22-1 Creating 
 Container rgg175f28117f-node17-1 Creating 
 Container rgg175f28117f-node14-1 Created 
 Container rgg175f28117f-node20-1 Created 
 Container rgg175f28117f-node10-1 Created 
 Container rgg175f28117f-node2-1 Created 
 Container rgg175f28117f-node7-1 Created 
 Container rgg175f28117f-node23-1 Created 
 Container rgg175f28117f-node18-1 Created 
 Container rgg175f28117f-node6-1 Created 
 Container rgg175f28117f-node12-1 Created 
 Container rgg175f28117f-node5-1 Created 
 Container rgg175f28117f-node3-1 Created 
 Container rgg175f28117f-node17-1 Created 
 Container rgg175f28117f-node21-1 Created 
 Container rgg175f28117f-node19-1 Created 
 Container rgg175f28117f-node22-1 Created 
 Container rgg175f28117f-node13-1 Created 
 Container rgg175f28117f-node9-1 Created 
 Container rgg175f28117f-node0-1 Created 
 Container rgg175f28117f-node11-1 Created 
 Container rgg175f28117f-node8-1 Created 
 Container rgg175f28117f-node15-1 Created 
 Container rgg175f28117f-node16-1 Created 
 Container rgg175f28117f-node4-1 Created 
 Container rgg175f28117f-node1-1 Created 
 Container rgg175f28117f-collector-1 Starting 
 Container rgg175f28117f-collector-1 Started 
 Container rgg175f28117f-node12-1 Starting 
 Container rgg175f28117f-node23-1 Starting 
 Container rgg175f28117f-node0-1 Starting 
 Container rgg175f28117f-node6-1 Starting 
 Container rgg175f28117f-node13-1 Starting 
 Container rgg175f28117f-node1-1 Starting 
 Container rgg175f28117f-node11-1 Starting 
 Container rgg175f28117f-node8-1 Starting 
 Container rgg175f28117f-node14-1 Starting 
 Container rgg175f28117f-node3-1 Starting 
 Container rgg175f28117f-node18-1 Starting 
 Container rgg175f28117f-node9-1 Starting 
 Container rgg175f28117f-node22-1 Starting 
 Container rgg175f28117f-node5-1 Starting 
 Container rgg175f28117f-node20-1 Starting 
 Container rgg175f28117f-node10-1 Starting 
 Container rgg175f28117f-node21-1 Starting 
 Container rgg175f28117f-node4-1 Starting 
 Container rgg175f28117f-node16-1 Starting 
 Container rgg175f28117f-node17-1 Starting 
 Container rgg175f28117f-node2-1 Starting 
 Container rgg175f28117f-node7-1 Starting 
 Container rgg175f28117f-node15-1 Starting 
 Container rgg175f28117f-node19-1 Starting 
 Container rgg175f28117f-node23-1 Started 
 Container rgg175f28117f-node12-1 Started 
 Container rgg175f28117f-node19-1 Started 
 Container rgg175f28117f-node11-1 Started 
 Container rgg175f28117f-node9-1 Started 
 Container rgg175f28117f-node2-1 Started 
 Container rgg175f28117f-node0-1 Started 
 Container rgg175f28117f-node21-1 Started 
 Container rgg175f28117f-node20-1 Started 
 Container rgg175f28117f-node17-1 Started 
 Container rgg175f28117f-node15-1 Started 
 Container rgg175f28117f-node6-1 Started 
 Container rgg175f28117f-node7-1 Started 
 Container rgg175f28117f-node16-1 Started 
 Container rgg175f28117f-node4-1 Started 
 Container rgg175f28117f-node14-1 Started 
 Container rgg175f28117f-node10-1 Started 
 Container rgg175f28117f-node18-1 Started 
 Container rgg175f28117f-node8-1 Started 
 Container rgg175f28117f-node3-1 Started 
 Container rgg175f28117f-node5-1 Started 
 Container rgg175f28117f-node22-1 Started 
 Container rgg175f28117f-node1-1 Started 
 Container rgg175f28117f-node13-1 Started 
DRIVER_STARTED: 2026-07-15T05:06:17Z
0
