 Network rgg0821f2fc69_default Creating 
 Network rgg0821f2fc69_default Created 
 Container rgg0821f2fc69-collector-1 Creating 
 Container rgg0821f2fc69-collector-1 Created 
 Container rgg0821f2fc69-node0-1 Creating 
 Container rgg0821f2fc69-node7-1 Creating 
 Container rgg0821f2fc69-node11-1 Creating 
 Container rgg0821f2fc69-node10-1 Creating 
 Container rgg0821f2fc69-node8-1 Creating 
 Container rgg0821f2fc69-node5-1 Creating 
 Container rgg0821f2fc69-node2-1 Creating 
 Container rgg0821f2fc69-node15-1 Creating 
 Container rgg0821f2fc69-node4-1 Creating 
 Container rgg0821f2fc69-node9-1 Creating 
 Container rgg0821f2fc69-node3-1 Creating 
 Container rgg0821f2fc69-node1-1 Creating 
 Container rgg0821f2fc69-node14-1 Creating 
 Container rgg0821f2fc69-node12-1 Creating 
 Container rgg0821f2fc69-node13-1 Creating 
 Container rgg0821f2fc69-node6-1 Creating 
 Container rgg0821f2fc69-node6-1 Created 
 Container rgg0821f2fc69-node9-1 Created 
 Container rgg0821f2fc69-node0-1 Created 
 Container rgg0821f2fc69-node1-1 Created 
 Container rgg0821f2fc69-node15-1 Created 
 Container rgg0821f2fc69-node11-1 Created 
 Container rgg0821f2fc69-node3-1 Created 
 Container rgg0821f2fc69-node13-1 Created 
 Container rgg0821f2fc69-node7-1 Created 
 Container rgg0821f2fc69-node4-1 Created 
 Container rgg0821f2fc69-node2-1 Created 
 Container rgg0821f2fc69-node12-1 Created 
 Container rgg0821f2fc69-node14-1 Created 
 Container rgg0821f2fc69-node10-1 Created 
 Container rgg0821f2fc69-node8-1 Created 
 Container rgg0821f2fc69-node5-1 Created 
 Container rgg0821f2fc69-collector-1 Starting 
 Container rgg0821f2fc69-collector-1 Started 
 Container rgg0821f2fc69-node3-1 Starting 
 Container rgg0821f2fc69-node10-1 Starting 
 Container rgg0821f2fc69-node15-1 Starting 
 Container rgg0821f2fc69-node9-1 Starting 
 Container rgg0821f2fc69-node14-1 Starting 
 Container rgg0821f2fc69-node4-1 Starting 
 Container rgg0821f2fc69-node5-1 Starting 
 Container rgg0821f2fc69-node6-1 Starting 
 Container rgg0821f2fc69-node1-1 Starting 
 Container rgg0821f2fc69-node13-1 Starting 
 Container rgg0821f2fc69-node7-1 Starting 
 Container rgg0821f2fc69-node2-1 Starting 
 Container rgg0821f2fc69-node8-1 Starting 
 Container rgg0821f2fc69-node12-1 Starting 
 Container rgg0821f2fc69-node11-1 Starting 
 Container rgg0821f2fc69-node0-1 Starting 
 Container rgg0821f2fc69-node4-1 Started 
 Container rgg0821f2fc69-node3-1 Started 
 Container rgg0821f2fc69-node0-1 Started 
 Container rgg0821f2fc69-node10-1 Started 
 Container rgg0821f2fc69-node13-1 Started 
 Container rgg0821f2fc69-node12-1 Started 
 Container rgg0821f2fc69-node14-1 Started 
 Container rgg0821f2fc69-node11-1 Started 
 Container rgg0821f2fc69-node6-1 Started 
 Container rgg0821f2fc69-node7-1 Started 
 Container rgg0821f2fc69-node2-1 Started 
 Container rgg0821f2fc69-node15-1 Started 
 Container rgg0821f2fc69-node9-1 Started 
 Container rgg0821f2fc69-node1-1 Started 
 Container rgg0821f2fc69-node8-1 Started 
 Container rgg0821f2fc69-node5-1 Started 
READY_BARRIER: 15/16 node services ready
DRIVER_STARTED: 2026-07-15T13:48:14Z
0
