 Network rgg5c61c7b03f_default Creating 
 Network rgg5c61c7b03f_default Created 
 Container rgg5c61c7b03f-collector-1 Creating 
 Container rgg5c61c7b03f-collector-1 Created 
 Container rgg5c61c7b03f-node11-1 Creating 
 Container rgg5c61c7b03f-node1-1 Creating 
 Container rgg5c61c7b03f-node5-1 Creating 
 Container rgg5c61c7b03f-node9-1 Creating 
 Container rgg5c61c7b03f-node6-1 Creating 
 Container rgg5c61c7b03f-node12-1 Creating 
 Container rgg5c61c7b03f-node2-1 Creating 
 Container rgg5c61c7b03f-node7-1 Creating 
 Container rgg5c61c7b03f-node13-1 Creating 
 Container rgg5c61c7b03f-node3-1 Creating 
 Container rgg5c61c7b03f-node10-1 Creating 
 Container rgg5c61c7b03f-node0-1 Creating 
 Container rgg5c61c7b03f-node15-1 Creating 
 Container rgg5c61c7b03f-node14-1 Creating 
 Container rgg5c61c7b03f-node8-1 Creating 
 Container rgg5c61c7b03f-node4-1 Creating 
 Container rgg5c61c7b03f-node13-1 Created 
 Container rgg5c61c7b03f-node5-1 Created 
 Container rgg5c61c7b03f-node4-1 Created 
 Container rgg5c61c7b03f-node7-1 Created 
 Container rgg5c61c7b03f-node12-1 Created 
 Container rgg5c61c7b03f-node10-1 Created 
 Container rgg5c61c7b03f-node15-1 Created 
 Container rgg5c61c7b03f-node3-1 Created 
 Container rgg5c61c7b03f-node11-1 Created 
 Container rgg5c61c7b03f-node14-1 Created 
 Container rgg5c61c7b03f-node6-1 Created 
 Container rgg5c61c7b03f-node8-1 Created 
 Container rgg5c61c7b03f-node1-1 Created 
 Container rgg5c61c7b03f-node9-1 Created 
 Container rgg5c61c7b03f-node2-1 Created 
 Container rgg5c61c7b03f-node0-1 Created 
 Container rgg5c61c7b03f-collector-1 Starting 
 Container rgg5c61c7b03f-collector-1 Started 
 Container rgg5c61c7b03f-node7-1 Starting 
 Container rgg5c61c7b03f-node1-1 Starting 
 Container rgg5c61c7b03f-node3-1 Starting 
 Container rgg5c61c7b03f-node12-1 Starting 
 Container rgg5c61c7b03f-node8-1 Starting 
 Container rgg5c61c7b03f-node4-1 Starting 
 Container rgg5c61c7b03f-node6-1 Starting 
 Container rgg5c61c7b03f-node15-1 Starting 
 Container rgg5c61c7b03f-node14-1 Starting 
 Container rgg5c61c7b03f-node13-1 Starting 
 Container rgg5c61c7b03f-node9-1 Starting 
 Container rgg5c61c7b03f-node5-1 Starting 
 Container rgg5c61c7b03f-node11-1 Starting 
 Container rgg5c61c7b03f-node0-1 Starting 
 Container rgg5c61c7b03f-node2-1 Starting 
 Container rgg5c61c7b03f-node10-1 Starting 
 Container rgg5c61c7b03f-node7-1 Started 
 Container rgg5c61c7b03f-node1-1 Started 
 Container rgg5c61c7b03f-node3-1 Started 
 Container rgg5c61c7b03f-node5-1 Started 
 Container rgg5c61c7b03f-node2-1 Started 
 Container rgg5c61c7b03f-node15-1 Started 
 Container rgg5c61c7b03f-node9-1 Started 
 Container rgg5c61c7b03f-node13-1 Started 
 Container rgg5c61c7b03f-node6-1 Started 
 Container rgg5c61c7b03f-node14-1 Started 
 Container rgg5c61c7b03f-node10-1 Started 
 Container rgg5c61c7b03f-node11-1 Started 
 Container rgg5c61c7b03f-node4-1 Started 
 Container rgg5c61c7b03f-node12-1 Started 
 Container rgg5c61c7b03f-node8-1 Started 
 Container rgg5c61c7b03f-node0-1 Started 
READY_BARRIER: 15/16 node services ready
DRIVER_STARTED: 2026-07-15T13:48:00Z
0
