 Network rgg136b3ba894_default Creating 
 Network rgg136b3ba894_default Created 
 Container rgg136b3ba894-collector-1 Creating 
 Container rgg136b3ba894-collector-1 Created 
 Container rgg136b3ba894-node6-1 Creating 
 Container rgg136b3ba894-node1-1 Creating 
 Container rgg136b3ba894-node9-1 Creating 
 Container rgg136b3ba894-node4-1 Creating 
 Container rgg136b3ba894-node11-1 Creating 
 Container rgg136b3ba894-node7-1 Creating 
 Container rgg136b3ba894-node3-1 Creating 
 Container rgg136b3ba894-node10-1 Creating 
 Container rgg136b3ba894-node15-1 Creating 
 Container rgg136b3ba894-node12-1 Creating 
 Container rgg136b3ba894-node0-1 Creating 
 Container rgg136b3ba894-node14-1 Creating 
 Container rgg136b3ba894-node8-1 Creating 
 Container rgg136b3ba894-node13-1 Creating 
 Container rgg136b3ba894-node5-1 Creating 
 Container rgg136b3ba894-node2-1 Creating 
 Container rgg136b3ba894-node14-1 Created 
 Container rgg136b3ba894-node7-1 Created 
 Container rgg136b3ba894-node6-1 Created 
 Container rgg136b3ba894-node9-1 Created 
 Container rgg136b3ba894-node15-1 Created 
 Container rgg136b3ba894-node1-1 Created 
 Container rgg136b3ba894-node0-1 Created 
 Container rgg136b3ba894-node2-1 Created 
 Container rgg136b3ba894-node12-1 Created 
 Container rgg136b3ba894-node3-1 Created 
 Container rgg136b3ba894-node13-1 Created 
 Container rgg136b3ba894-node4-1 Created 
 Container rgg136b3ba894-node11-1 Created 
 Container rgg136b3ba894-node8-1 Created 
 Container rgg136b3ba894-node10-1 Created 
 Container rgg136b3ba894-node5-1 Created 
 Container rgg136b3ba894-driver-1 Creating 
 Container rgg136b3ba894-driver-1 Created 
 Container rgg136b3ba894-collector-1 Starting 
 Container rgg136b3ba894-collector-1 Started 
 Container rgg136b3ba894-node5-1 Starting 
 Container rgg136b3ba894-node0-1 Starting 
 Container rgg136b3ba894-node13-1 Starting 
 Container rgg136b3ba894-node9-1 Starting 
 Container rgg136b3ba894-node15-1 Starting 
 Container rgg136b3ba894-node3-1 Starting 
 Container rgg136b3ba894-node12-1 Starting 
 Container rgg136b3ba894-node7-1 Starting 
 Container rgg136b3ba894-node14-1 Starting 
 Container rgg136b3ba894-node4-1 Starting 
 Container rgg136b3ba894-node10-1 Starting 
 Container rgg136b3ba894-node1-1 Starting 
 Container rgg136b3ba894-node2-1 Starting 
 Container rgg136b3ba894-node6-1 Starting 
 Container rgg136b3ba894-node8-1 Starting 
 Container rgg136b3ba894-node11-1 Starting 
 Container rgg136b3ba894-node6-1 Started 
 Container rgg136b3ba894-node4-1 Started 
 Container rgg136b3ba894-node9-1 Started 
 Container rgg136b3ba894-node5-1 Started 
 Container rgg136b3ba894-node0-1 Started 
 Container rgg136b3ba894-node8-1 Started 
 Container rgg136b3ba894-node2-1 Started 
 Container rgg136b3ba894-node11-1 Started 
 Container rgg136b3ba894-node7-1 Started 
 Container rgg136b3ba894-node3-1 Started 
 Container rgg136b3ba894-node1-1 Started 
 Container rgg136b3ba894-node10-1 Started 
 Container rgg136b3ba894-node15-1 Started 
 Container rgg136b3ba894-node13-1 Started 
 Container rgg136b3ba894-node14-1 Started 
 Container rgg136b3ba894-node12-1 Started 
 Container rgg136b3ba894-driver-1 Starting 
 Container rgg136b3ba894-driver-1 Started 
0
