 Network rgg786907adb0_default Creating 
 Network rgg786907adb0_default Created 
 Container rgg786907adb0-collector-1 Creating 
 Container rgg786907adb0-collector-1 Created 
 Container rgg786907adb0-node13-1 Creating 
 Container rgg786907adb0-node1-1 Creating 
 Container rgg786907adb0-node8-1 Creating 
 Container rgg786907adb0-node9-1 Creating 
 Container rgg786907adb0-node6-1 Creating 
 Container rgg786907adb0-node7-1 Creating 
 Container rgg786907adb0-node12-1 Creating 
 Container rgg786907adb0-node11-1 Creating 
 Container rgg786907adb0-node5-1 Creating 
 Container rgg786907adb0-node22-1 Creating 
 Container rgg786907adb0-node3-1 Creating 
 Container rgg786907adb0-node23-1 Creating 
 Container rgg786907adb0-node17-1 Creating 
 Container rgg786907adb0-node15-1 Creating 
 Container rgg786907adb0-node21-1 Creating 
 Container rgg786907adb0-node18-1 Creating 
 Container rgg786907adb0-node19-1 Creating 
 Container rgg786907adb0-node0-1 Creating 
 Container rgg786907adb0-node14-1 Creating 
 Container rgg786907adb0-node16-1 Creating 
 Container rgg786907adb0-node10-1 Creating 
 Container rgg786907adb0-node20-1 Creating 
 Container rgg786907adb0-node4-1 Creating 
 Container rgg786907adb0-node2-1 Creating 
 Container rgg786907adb0-node9-1 Created 
 Container rgg786907adb0-node15-1 Created 
 Container rgg786907adb0-node8-1 Created 
 Container rgg786907adb0-node22-1 Created 
 Container rgg786907adb0-node4-1 Created 
 Container rgg786907adb0-node12-1 Created 
 Container rgg786907adb0-node5-1 Created 
 Container rgg786907adb0-node21-1 Created 
 Container rgg786907adb0-node23-1 Created 
 Container rgg786907adb0-node1-1 Created 
 Container rgg786907adb0-node7-1 Created 
 Container rgg786907adb0-node0-1 Created 
 Container rgg786907adb0-node6-1 Created 
 Container rgg786907adb0-node19-1 Created 
 Container rgg786907adb0-node13-1 Created 
 Container rgg786907adb0-node2-1 Created 
 Container rgg786907adb0-node3-1 Created 
 Container rgg786907adb0-node11-1 Created 
 Container rgg786907adb0-node10-1 Created 
 Container rgg786907adb0-node14-1 Created 
 Container rgg786907adb0-node17-1 Created 
 Container rgg786907adb0-node18-1 Created 
 Container rgg786907adb0-node16-1 Created 
 Container rgg786907adb0-node20-1 Created 
 Container rgg786907adb0-driver-1 Creating 
 Container rgg786907adb0-driver-1 Created 
 Container rgg786907adb0-collector-1 Starting 
 Container rgg786907adb0-collector-1 Started 
 Container rgg786907adb0-node11-1 Starting 
 Container rgg786907adb0-node5-1 Starting 
 Container rgg786907adb0-node4-1 Starting 
 Container rgg786907adb0-node3-1 Starting 
 Container rgg786907adb0-node12-1 Starting 
 Container rgg786907adb0-node2-1 Starting 
 Container rgg786907adb0-node10-1 Starting 
 Container rgg786907adb0-node8-1 Starting 
 Container rgg786907adb0-node9-1 Starting 
 Container rgg786907adb0-node22-1 Starting 
 Container rgg786907adb0-node20-1 Starting 
 Container rgg786907adb0-node17-1 Starting 
 Container rgg786907adb0-node6-1 Starting 
 Container rgg786907adb0-node23-1 Starting 
 Container rgg786907adb0-node18-1 Starting 
 Container rgg786907adb0-node13-1 Starting 
 Container rgg786907adb0-node19-1 Starting 
 Container rgg786907adb0-node14-1 Starting 
 Container rgg786907adb0-node16-1 Starting 
 Container rgg786907adb0-node21-1 Starting 
 Container rgg786907adb0-node15-1 Starting 
 Container rgg786907adb0-node7-1 Starting 
 Container rgg786907adb0-node0-1 Starting 
 Container rgg786907adb0-node1-1 Starting 
 Container rgg786907adb0-node13-1 Started 
 Container rgg786907adb0-node3-1 Started 
 Container rgg786907adb0-node4-1 Started 
 Container rgg786907adb0-node11-1 Started 
 Container rgg786907adb0-node6-1 Started 
 Container rgg786907adb0-node7-1 Started 
 Container rgg786907adb0-node16-1 Started 
 Container rgg786907adb0-node5-1 Started 
 Container rgg786907adb0-node1-1 Started 
 Container rgg786907adb0-node8-1 Started 
 Container rgg786907adb0-node10-1 Started 
 Container rgg786907adb0-node20-1 Started 
 Container rgg786907adb0-node0-1 Started 
 Container rgg786907adb0-node21-1 Started 
 Container rgg786907adb0-node23-1 Started 
 Container rgg786907adb0-node2-1 Started 
 Container rgg786907adb0-node14-1 Started 
 Container rgg786907adb0-node18-1 Started 
 Container rgg786907adb0-node17-1 Started 
 Container rgg786907adb0-node12-1 Started 
 Container rgg786907adb0-node9-1 Started 
 Container rgg786907adb0-node19-1 Started 
 Container rgg786907adb0-node22-1 Started 
 Container rgg786907adb0-node15-1 Started 
 Container rgg786907adb0-driver-1 Starting 
 Container rgg786907adb0-driver-1 Started 
0
