 Network rgg785d4b5b51_default Creating 
 Network rgg785d4b5b51_default Created 
 Container rgg785d4b5b51-collector-1 Creating 
 Container rgg785d4b5b51-collector-1 Created 
 Container rgg785d4b5b51-node1-1 Creating 
 Container rgg785d4b5b51-node12-1 Creating 
 Container rgg785d4b5b51-node22-1 Creating 
 Container rgg785d4b5b51-node0-1 Creating 
 Container rgg785d4b5b51-node14-1 Creating 
 Container rgg785d4b5b51-node16-1 Creating 
 Container rgg785d4b5b51-node3-1 Creating 
 Container rgg785d4b5b51-node17-1 Creating 
 Container rgg785d4b5b51-node15-1 Creating 
 Container rgg785d4b5b51-node11-1 Creating 
 Container rgg785d4b5b51-node23-1 Creating 
 Container rgg785d4b5b51-node9-1 Creating 
 Container rgg785d4b5b51-node2-1 Creating 
 Container rgg785d4b5b51-node5-1 Creating 
 Container rgg785d4b5b51-node6-1 Creating 
 Container rgg785d4b5b51-node13-1 Creating 
 Container rgg785d4b5b51-node7-1 Creating 
 Container rgg785d4b5b51-node18-1 Creating 
 Container rgg785d4b5b51-node10-1 Creating 
 Container rgg785d4b5b51-node21-1 Creating 
 Container rgg785d4b5b51-node20-1 Creating 
 Container rgg785d4b5b51-node19-1 Creating 
 Container rgg785d4b5b51-node8-1 Creating 
 Container rgg785d4b5b51-node4-1 Creating 
 Container rgg785d4b5b51-node23-1 Created 
 Container rgg785d4b5b51-node11-1 Created 
 Container rgg785d4b5b51-node13-1 Created 
 Container rgg785d4b5b51-node12-1 Created 
 Container rgg785d4b5b51-node22-1 Created 
 Container rgg785d4b5b51-node15-1 Created 
 Container rgg785d4b5b51-node10-1 Created 
 Container rgg785d4b5b51-node0-1 Created 
 Container rgg785d4b5b51-node8-1 Created 
 Container rgg785d4b5b51-node19-1 Created 
 Container rgg785d4b5b51-node7-1 Created 
 Container rgg785d4b5b51-node4-1 Created 
 Container rgg785d4b5b51-node16-1 Created 
 Container rgg785d4b5b51-node5-1 Created 
 Container rgg785d4b5b51-node20-1 Created 
 Container rgg785d4b5b51-node1-1 Created 
 Container rgg785d4b5b51-node18-1 Created 
 Container rgg785d4b5b51-node3-1 Created 
 Container rgg785d4b5b51-node2-1 Created 
 Container rgg785d4b5b51-node21-1 Created 
 Container rgg785d4b5b51-node14-1 Created 
 Container rgg785d4b5b51-node9-1 Created 
 Container rgg785d4b5b51-node6-1 Created 
 Container rgg785d4b5b51-node17-1 Created 
 Container rgg785d4b5b51-collector-1 Starting 
 Container rgg785d4b5b51-collector-1 Started 
 Container rgg785d4b5b51-node15-1 Starting 
 Container rgg785d4b5b51-node13-1 Starting 
 Container rgg785d4b5b51-node5-1 Starting 
 Container rgg785d4b5b51-node12-1 Starting 
 Container rgg785d4b5b51-node16-1 Starting 
 Container rgg785d4b5b51-node0-1 Starting 
 Container rgg785d4b5b51-node17-1 Starting 
 Container rgg785d4b5b51-node2-1 Starting 
 Container rgg785d4b5b51-node8-1 Starting 
 Container rgg785d4b5b51-node18-1 Starting 
 Container rgg785d4b5b51-node3-1 Starting 
 Container rgg785d4b5b51-node6-1 Starting 
 Container rgg785d4b5b51-node19-1 Starting 
 Container rgg785d4b5b51-node4-1 Starting 
 Container rgg785d4b5b51-node22-1 Starting 
 Container rgg785d4b5b51-node10-1 Starting 
 Container rgg785d4b5b51-node23-1 Starting 
 Container rgg785d4b5b51-node9-1 Starting 
 Container rgg785d4b5b51-node1-1 Starting 
 Container rgg785d4b5b51-node14-1 Starting 
 Container rgg785d4b5b51-node21-1 Starting 
 Container rgg785d4b5b51-node11-1 Starting 
 Container rgg785d4b5b51-node7-1 Starting 
 Container rgg785d4b5b51-node20-1 Starting 
 Container rgg785d4b5b51-node12-1 Started 
 Container rgg785d4b5b51-node20-1 Started 
 Container rgg785d4b5b51-node6-1 Started 
 Container rgg785d4b5b51-node13-1 Started 
 Container rgg785d4b5b51-node5-1 Started 
 Container rgg785d4b5b51-node10-1 Started 
 Container rgg785d4b5b51-node17-1 Started 
 Container rgg785d4b5b51-node9-1 Started 
 Container rgg785d4b5b51-node21-1 Started 
 Container rgg785d4b5b51-node14-1 Started 
 Container rgg785d4b5b51-node7-1 Started 
 Container rgg785d4b5b51-node3-1 Started 
 Container rgg785d4b5b51-node19-1 Started 
 Container rgg785d4b5b51-node1-1 Started 
 Container rgg785d4b5b51-node4-1 Started 
 Container rgg785d4b5b51-node22-1 Started 
 Container rgg785d4b5b51-node16-1 Started 
 Container rgg785d4b5b51-node0-1 Started 
 Container rgg785d4b5b51-node23-1 Started 
 Container rgg785d4b5b51-node18-1 Started 
 Container rgg785d4b5b51-node15-1 Started 
 Container rgg785d4b5b51-node8-1 Started 
 Container rgg785d4b5b51-node11-1 Started 
 Container rgg785d4b5b51-node2-1 Started 
NETEM_APPLIED node0 iface=eth0: qdisc netem 8261: root refcnt 17 limit 1000 delay 10ms  2ms seed 3417441137796573105
NETEM_APPLIED node1 iface=eth0: qdisc netem 8262: root refcnt 17 limit 1000 delay 10ms  2ms seed 7715434672675754250
NETEM_APPLIED node2 iface=eth0: qdisc netem 8263: root refcnt 17 limit 1000 delay 10ms  2ms seed 5134716805565635617
NETEM_APPLIED node3 iface=eth0: qdisc netem 8264: root refcnt 17 limit 1000 delay 10ms  2ms seed 5214654130227989689
NETEM_APPLIED node4 iface=eth0: qdisc netem 8265: root refcnt 17 limit 1000 delay 10ms  2ms seed 11875876580532629960
NETEM_APPLIED node5 iface=eth0: qdisc netem 8266: root refcnt 17 limit 1000 delay 10ms  2ms seed 8255762914535294944
NETEM_APPLIED node6 iface=eth0: qdisc netem 8267: root refcnt 17 limit 1000 delay 10ms  2ms seed 7499568521248562839
NETEM_APPLIED node7 iface=eth0: qdisc netem 8268: root refcnt 17 limit 1000 delay 10ms  2ms seed 1193128273164912218
NETEM_APPLIED node8 iface=eth0: qdisc netem 8269: root refcnt 17 limit 1000 delay 10ms  2ms seed 9529469884341039580
NETEM_APPLIED node9 iface=eth0: qdisc netem 826a: root refcnt 17 limit 1000 delay 10ms  2ms seed 14315101857161351345
NETEM_APPLIED node10 iface=eth0: qdisc netem 826b: root refcnt 17 limit 1000 delay 10ms  2ms seed 8744011666082313942
NETEM_APPLIED node11 iface=eth0: qdisc netem 826c: root refcnt 17 limit 1000 delay 10ms  2ms seed 2977117765495093172
NETEM_APPLIED node12 iface=eth0: qdisc netem 826d: root refcnt 17 limit 1000 delay 10ms  2ms seed 1173675320155917953
NETEM_APPLIED node13 iface=eth0: qdisc netem 826e: root refcnt 17 limit 1000 delay 10ms  2ms seed 8418401476886681258
NETEM_APPLIED node14 iface=eth0: qdisc netem 826f: root refcnt 17 limit 1000 delay 10ms  2ms seed 4634823924074295289
NETEM_APPLIED node15 iface=eth0: qdisc netem 8270: root refcnt 17 limit 1000 delay 10ms  2ms seed 2336277916204476959
NETEM_APPLIED node16 iface=eth0: qdisc netem 8271: root refcnt 17 limit 1000 delay 10ms  2ms seed 6622102530181415071
NETEM_APPLIED node17 iface=eth0: qdisc netem 8272: root refcnt 17 limit 1000 delay 10ms  2ms seed 3290597087699740586
NETEM_APPLIED node18 iface=eth0: qdisc netem 8273: root refcnt 17 limit 1000 delay 10ms  2ms seed 14303739357725897114
NETEM_APPLIED node19 iface=eth0: qdisc netem 8274: root refcnt 17 limit 1000 delay 10ms  2ms seed 11465732012610407859
NETEM_APPLIED node20 iface=eth0: qdisc netem 8275: root refcnt 17 limit 1000 delay 10ms  2ms seed 13505731081413656092
NETEM_APPLIED node21 iface=eth0: qdisc netem 8276: root refcnt 17 limit 1000 delay 10ms  2ms seed 5464225826530081024
NETEM_APPLIED node22 iface=eth0: qdisc netem 8277: root refcnt 17 limit 1000 delay 10ms  2ms seed 2896023810992258527
NETEM_APPLIED node23 iface=eth0: qdisc netem 8278: root refcnt 17 limit 1000 delay 10ms  2ms seed 12013448072902508057
NETEM_RTT_GATE OK: baseline=0.1ms actual=20.4ms increase=20.3ms
DRIVER_STARTED: 2026-07-15T05:38:50Z
0
QDSK_CLEANUP_FAIL node0: Command '['docker', 'exec', 'rgg785d4b5b51-node0-1', 'sh', '-c', "ip -o -4 addr show scope global 2>/dev/null | head -1 | awk '{print $2}'"]' returned non-zero exit status 1.
QDSK_CLEANUP_FAIL node1: Command '['docker', 'exec', 'rgg785d4b5b51-node1-1', 'sh', '-c', "ip -o -4 addr show scope global 2>/dev/null | head -1 | awk '{print $2}'"]' returned non-zero exit status 1.
QDSK_CLEANUP_FAIL node2: Command '['docker', 'exec', 'rgg785d4b5b51-node2-1', 'sh', '-c', "ip -o -4 addr show scope global 2>/dev/null | head -1 | awk '{print $2}'"]' returned non-zero exit status 1.
QDSK_CLEANUP_FAIL node3: Command '['docker', 'exec', 'rgg785d4b5b51-node3-1', 'sh', '-c', "ip -o -4 addr show scope global 2>/dev/null | head -1 | awk '{print $2}'"]' returned non-zero exit status 1.
QDSK_CLEANUP_FAIL node4: Command '['docker', 'exec', 'rgg785d4b5b51-node4-1', 'sh', '-c', "ip -o -4 addr show scope global 2>/dev/null | head -1 | awk '{print $2}'"]' returned non-zero exit status 1.
QDSK_CLEANUP_FAIL node5: Command '['docker', 'exec', 'rgg785d4b5b51-node5-1', 'sh', '-c', "ip -o -4 addr show scope global 2>/dev/null | head -1 | awk '{print $2}'"]' returned non-zero exit status 1.
QDSK_CLEANUP_FAIL node6: Command '['docker', 'exec', 'rgg785d4b5b51-node6-1', 'sh', '-c', "ip -o -4 addr show scope global 2>/dev/null | head -1 | awk '{print $2}'"]' returned non-zero exit status 1.
QDSK_CLEANUP_FAIL node7: Command '['docker', 'exec', 'rgg785d4b5b51-node7-1', 'sh', '-c', "ip -o -4 addr show scope global 2>/dev/null | head -1 | awk '{print $2}'"]' returned non-zero exit status 1.
QDSK_CLEANUP_FAIL node8: Command '['docker', 'exec', 'rgg785d4b5b51-node8-1', 'sh', '-c', "ip -o -4 addr show scope global 2>/dev/null | head -1 | awk '{print $2}'"]' returned non-zero exit status 1.
QDSK_CLEANUP_FAIL node9: Command '['docker', 'exec', 'rgg785d4b5b51-node9-1', 'sh', '-c', "ip -o -4 addr show scope global 2>/dev/null | head -1 | awk '{print $2}'"]' returned non-zero exit status 1.
QDSK_CLEANUP_FAIL node10: Command '['docker', 'exec', 'rgg785d4b5b51-node10-1', 'sh', '-c', "ip -o -4 addr show scope global 2>/dev/null | head -1 | awk '{print $2}'"]' returned non-zero exit status 1.
QDSK_CLEANUP_FAIL node11: Command '['docker', 'exec', 'rgg785d4b5b51-node11-1', 'sh', '-c', "ip -o -4 addr show scope global 2>/dev/null | head -1 | awk '{print $2}'"]' returned non-zero exit status 1.
QDSK_CLEANUP_FAIL node12: Command '['docker', 'exec', 'rgg785d4b5b51-node12-1', 'sh', '-c', "ip -o -4 addr show scope global 2>/dev/null | head -1 | awk '{print $2}'"]' returned non-zero exit status 1.
QDSK_CLEANUP_FAIL node13: Command '['docker', 'exec', 'rgg785d4b5b51-node13-1', 'sh', '-c', "ip -o -4 addr show scope global 2>/dev/null | head -1 | awk '{print $2}'"]' returned non-zero exit status 1.
QDSK_CLEANUP_FAIL node14: Command '['docker', 'exec', 'rgg785d4b5b51-node14-1', 'sh', '-c', "ip -o -4 addr show scope global 2>/dev/null | head -1 | awk '{print $2}'"]' returned non-zero exit status 1.
QDSK_CLEANUP_FAIL node15: Command '['docker', 'exec', 'rgg785d4b5b51-node15-1', 'sh', '-c', "ip -o -4 addr show scope global 2>/dev/null | head -1 | awk '{print $2}'"]' returned non-zero exit status 1.
QDSK_CLEANUP_FAIL node16: Command '['docker', 'exec', 'rgg785d4b5b51-node16-1', 'sh', '-c', "ip -o -4 addr show scope global 2>/dev/null | head -1 | awk '{print $2}'"]' returned non-zero exit status 1.
QDSK_CLEANUP_FAIL node17: Command '['docker', 'exec', 'rgg785d4b5b51-node17-1', 'sh', '-c', "ip -o -4 addr show scope global 2>/dev/null | head -1 | awk '{print $2}'"]' returned non-zero exit status 1.
QDSK_CLEANUP_FAIL node18: Command '['docker', 'exec', 'rgg785d4b5b51-node18-1', 'sh', '-c', "ip -o -4 addr show scope global 2>/dev/null | head -1 | awk '{print $2}'"]' returned non-zero exit status 1.
QDSK_CLEANUP_FAIL node19: Command '['docker', 'exec', 'rgg785d4b5b51-node19-1', 'sh', '-c', "ip -o -4 addr show scope global 2>/dev/null | head -1 | awk '{print $2}'"]' returned non-zero exit status 1.
QDSK_CLEANUP_FAIL node20: Command '['docker', 'exec', 'rgg785d4b5b51-node20-1', 'sh', '-c', "ip -o -4 addr show scope global 2>/dev/null | head -1 | awk '{print $2}'"]' returned non-zero exit status 1.
QDSK_CLEANUP_FAIL node21: Command '['docker', 'exec', 'rgg785d4b5b51-node21-1', 'sh', '-c', "ip -o -4 addr show scope global 2>/dev/null | head -1 | awk '{print $2}'"]' returned non-zero exit status 1.
QDSK_CLEANUP_FAIL node22: Command '['docker', 'exec', 'rgg785d4b5b51-node22-1', 'sh', '-c', "ip -o -4 addr show scope global 2>/dev/null | head -1 | awk '{print $2}'"]' returned non-zero exit status 1.
QDSK_CLEANUP_FAIL node23: Command '['docker', 'exec', 'rgg785d4b5b51-node23-1', 'sh', '-c', "ip -o -4 addr show scope global 2>/dev/null | head -1 | awk '{print $2}'"]' returned non-zero exit status 1.
