 Network rgg5f6d8c02df_default Creating 
 Network rgg5f6d8c02df_default Created 
 Container rgg5f6d8c02df-collector-1 Creating 
 Container rgg5f6d8c02df-collector-1 Created 
 Container rgg5f6d8c02df-node8-1 Creating 
 Container rgg5f6d8c02df-node5-1 Creating 
 Container rgg5f6d8c02df-node15-1 Creating 
 Container rgg5f6d8c02df-node9-1 Creating 
 Container rgg5f6d8c02df-node0-1 Creating 
 Container rgg5f6d8c02df-node13-1 Creating 
 Container rgg5f6d8c02df-node10-1 Creating 
 Container rgg5f6d8c02df-node6-1 Creating 
 Container rgg5f6d8c02df-node11-1 Creating 
 Container rgg5f6d8c02df-node7-1 Creating 
 Container rgg5f6d8c02df-node1-1 Creating 
 Container rgg5f6d8c02df-node4-1 Creating 
 Container rgg5f6d8c02df-node12-1 Creating 
 Container rgg5f6d8c02df-node2-1 Creating 
 Container rgg5f6d8c02df-node14-1 Creating 
 Container rgg5f6d8c02df-node3-1 Creating 
 Container rgg5f6d8c02df-node8-1 Created 
 Container rgg5f6d8c02df-node9-1 Created 
 Container rgg5f6d8c02df-node5-1 Created 
 Container rgg5f6d8c02df-node6-1 Created 
 Container rgg5f6d8c02df-node2-1 Created 
 Container rgg5f6d8c02df-node3-1 Created 
 Container rgg5f6d8c02df-node1-1 Created 
 Container rgg5f6d8c02df-node7-1 Created 
 Container rgg5f6d8c02df-node13-1 Created 
 Container rgg5f6d8c02df-node12-1 Created 
 Container rgg5f6d8c02df-node15-1 Created 
 Container rgg5f6d8c02df-node11-1 Created 
 Container rgg5f6d8c02df-node14-1 Created 
 Container rgg5f6d8c02df-node10-1 Created 
 Container rgg5f6d8c02df-node0-1 Created 
 Container rgg5f6d8c02df-node4-1 Created 
 Container rgg5f6d8c02df-collector-1 Starting 
 Container rgg5f6d8c02df-collector-1 Started 
 Container rgg5f6d8c02df-node2-1 Starting 
 Container rgg5f6d8c02df-node5-1 Starting 
 Container rgg5f6d8c02df-node6-1 Starting 
 Container rgg5f6d8c02df-node1-1 Starting 
 Container rgg5f6d8c02df-node0-1 Starting 
 Container rgg5f6d8c02df-node7-1 Starting 
 Container rgg5f6d8c02df-node4-1 Starting 
 Container rgg5f6d8c02df-node12-1 Starting 
 Container rgg5f6d8c02df-node10-1 Starting 
 Container rgg5f6d8c02df-node14-1 Starting 
 Container rgg5f6d8c02df-node3-1 Starting 
 Container rgg5f6d8c02df-node15-1 Starting 
 Container rgg5f6d8c02df-node8-1 Starting 
 Container rgg5f6d8c02df-node11-1 Starting 
 Container rgg5f6d8c02df-node9-1 Starting 
 Container rgg5f6d8c02df-node13-1 Starting 
 Container rgg5f6d8c02df-node2-1 Started 
 Container rgg5f6d8c02df-node6-1 Started 
 Container rgg5f6d8c02df-node4-1 Started 
 Container rgg5f6d8c02df-node8-1 Started 
 Container rgg5f6d8c02df-node5-1 Started 
 Container rgg5f6d8c02df-node11-1 Started 
 Container rgg5f6d8c02df-node15-1 Started 
 Container rgg5f6d8c02df-node3-1 Started 
 Container rgg5f6d8c02df-node0-1 Started 
 Container rgg5f6d8c02df-node12-1 Started 
 Container rgg5f6d8c02df-node14-1 Started 
 Container rgg5f6d8c02df-node10-1 Started 
 Container rgg5f6d8c02df-node1-1 Started 
 Container rgg5f6d8c02df-node7-1 Started 
 Container rgg5f6d8c02df-node9-1 Started 
 Container rgg5f6d8c02df-node13-1 Started 
READY_BARRIER: 15/16 node services ready
DRIVER_STARTED: 2026-07-15T13:57:32Z
0
