 Network rgg2cefc6d9e0_default Creating 
 Network rgg2cefc6d9e0_default Created 
 Container rgg2cefc6d9e0-collector-1 Creating 
 Container rgg2cefc6d9e0-collector-1 Created 
 Container rgg2cefc6d9e0-node5-1 Creating 
 Container rgg2cefc6d9e0-node18-1 Creating 
 Container rgg2cefc6d9e0-node9-1 Creating 
 Container rgg2cefc6d9e0-node22-1 Creating 
 Container rgg2cefc6d9e0-node6-1 Creating 
 Container rgg2cefc6d9e0-node12-1 Creating 
 Container rgg2cefc6d9e0-node7-1 Creating 
 Container rgg2cefc6d9e0-node2-1 Creating 
 Container rgg2cefc6d9e0-node16-1 Creating 
 Container rgg2cefc6d9e0-node13-1 Creating 
 Container rgg2cefc6d9e0-node19-1 Creating 
 Container rgg2cefc6d9e0-node4-1 Creating 
 Container rgg2cefc6d9e0-node17-1 Creating 
 Container rgg2cefc6d9e0-node20-1 Creating 
 Container rgg2cefc6d9e0-node21-1 Creating 
 Container rgg2cefc6d9e0-node8-1 Creating 
 Container rgg2cefc6d9e0-node0-1 Creating 
 Container rgg2cefc6d9e0-node11-1 Creating 
 Container rgg2cefc6d9e0-node15-1 Creating 
 Container rgg2cefc6d9e0-node10-1 Creating 
 Container rgg2cefc6d9e0-node1-1 Creating 
 Container rgg2cefc6d9e0-node14-1 Creating 
 Container rgg2cefc6d9e0-node3-1 Creating 
 Container rgg2cefc6d9e0-node23-1 Creating 
 Container rgg2cefc6d9e0-node0-1 Created 
 Container rgg2cefc6d9e0-node15-1 Created 
 Container rgg2cefc6d9e0-node19-1 Created 
 Container rgg2cefc6d9e0-node5-1 Created 
 Container rgg2cefc6d9e0-node9-1 Created 
 Container rgg2cefc6d9e0-node14-1 Created 
 Container rgg2cefc6d9e0-node7-1 Created 
 Container rgg2cefc6d9e0-node3-1 Created 
 Container rgg2cefc6d9e0-node8-1 Created 
 Container rgg2cefc6d9e0-node12-1 Created 
 Container rgg2cefc6d9e0-node13-1 Created 
 Container rgg2cefc6d9e0-node2-1 Created 
 Container rgg2cefc6d9e0-node21-1 Created 
 Container rgg2cefc6d9e0-node6-1 Created 
 Container rgg2cefc6d9e0-node18-1 Created 
 Container rgg2cefc6d9e0-node22-1 Created 
 Container rgg2cefc6d9e0-node10-1 Created 
 Container rgg2cefc6d9e0-node4-1 Created 
 Container rgg2cefc6d9e0-node17-1 Created 
 Container rgg2cefc6d9e0-node11-1 Created 
 Container rgg2cefc6d9e0-node1-1 Created 
 Container rgg2cefc6d9e0-node20-1 Created 
 Container rgg2cefc6d9e0-node16-1 Created 
 Container rgg2cefc6d9e0-node23-1 Created 
 Container rgg2cefc6d9e0-collector-1 Starting 
 Container rgg2cefc6d9e0-collector-1 Started 
 Container rgg2cefc6d9e0-node21-1 Starting 
 Container rgg2cefc6d9e0-node8-1 Starting 
 Container rgg2cefc6d9e0-node4-1 Starting 
 Container rgg2cefc6d9e0-node6-1 Starting 
 Container rgg2cefc6d9e0-node12-1 Starting 
 Container rgg2cefc6d9e0-node17-1 Starting 
 Container rgg2cefc6d9e0-node13-1 Starting 
 Container rgg2cefc6d9e0-node22-1 Starting 
 Container rgg2cefc6d9e0-node16-1 Starting 
 Container rgg2cefc6d9e0-node5-1 Starting 
 Container rgg2cefc6d9e0-node15-1 Starting 
 Container rgg2cefc6d9e0-node9-1 Starting 
 Container rgg2cefc6d9e0-node2-1 Starting 
 Container rgg2cefc6d9e0-node10-1 Starting 
 Container rgg2cefc6d9e0-node11-1 Starting 
 Container rgg2cefc6d9e0-node20-1 Starting 
 Container rgg2cefc6d9e0-node14-1 Starting 
 Container rgg2cefc6d9e0-node3-1 Starting 
 Container rgg2cefc6d9e0-node7-1 Starting 
 Container rgg2cefc6d9e0-node0-1 Starting 
 Container rgg2cefc6d9e0-node1-1 Starting 
 Container rgg2cefc6d9e0-node19-1 Starting 
 Container rgg2cefc6d9e0-node18-1 Starting 
 Container rgg2cefc6d9e0-node23-1 Starting 
 Container rgg2cefc6d9e0-node12-1 Started 
 Container rgg2cefc6d9e0-node7-1 Started 
 Container rgg2cefc6d9e0-node19-1 Started 
 Container rgg2cefc6d9e0-node17-1 Started 
 Container rgg2cefc6d9e0-node21-1 Started 
 Container rgg2cefc6d9e0-node8-1 Started 
 Container rgg2cefc6d9e0-node9-1 Started 
 Container rgg2cefc6d9e0-node16-1 Started 
 Container rgg2cefc6d9e0-node14-1 Started 
 Container rgg2cefc6d9e0-node22-1 Started 
 Container rgg2cefc6d9e0-node1-1 Started 
 Container rgg2cefc6d9e0-node2-1 Started 
 Container rgg2cefc6d9e0-node6-1 Started 
 Container rgg2cefc6d9e0-node4-1 Started 
 Container rgg2cefc6d9e0-node0-1 Started 
 Container rgg2cefc6d9e0-node15-1 Started 
 Container rgg2cefc6d9e0-node18-1 Started 
 Container rgg2cefc6d9e0-node5-1 Started 
 Container rgg2cefc6d9e0-node13-1 Started 
 Container rgg2cefc6d9e0-node20-1 Started 
 Container rgg2cefc6d9e0-node3-1 Started 
 Container rgg2cefc6d9e0-node11-1 Started 
 Container rgg2cefc6d9e0-node10-1 Started 
 Container rgg2cefc6d9e0-node23-1 Started 
NETEM_APPLIED node0 iface=eth0: qdisc netem 8599: root refcnt 17 limit 1000 delay 20ms  5ms seed 9372239969417102596
NETEM_APPLIED node1 iface=eth0: qdisc netem 859a: root refcnt 17 limit 1000 delay 20ms  5ms seed 7034404206717158192
NETEM_APPLIED node2 iface=eth0: qdisc netem 859b: root refcnt 17 limit 1000 delay 20ms  5ms seed 10976857664279342709
NETEM_APPLIED node3 iface=eth0: qdisc netem 859c: root refcnt 17 limit 1000 delay 20ms  5ms seed 5324146620109434889
NETEM_APPLIED node4 iface=eth0: qdisc netem 859d: root refcnt 17 limit 1000 delay 20ms  5ms seed 8569001203027953946
NETEM_APPLIED node5 iface=eth0: qdisc netem 859e: root refcnt 17 limit 1000 delay 20ms  5ms seed 13786870021730674310
NETEM_APPLIED node6 iface=eth0: qdisc netem 859f: root refcnt 17 limit 1000 delay 20ms  5ms seed 12459284581772479069
NETEM_APPLIED node7 iface=eth0: qdisc netem 85a0: root refcnt 17 limit 1000 delay 20ms  5ms seed 7120794367459801852
NETEM_APPLIED node8 iface=eth0: qdisc netem 85a1: root refcnt 17 limit 1000 delay 20ms  5ms seed 15861874788027922304
NETEM_APPLIED node9 iface=eth0: qdisc netem 85a2: root refcnt 17 limit 1000 delay 20ms  5ms seed 13605722980382694170
NETEM_APPLIED node10 iface=eth0: qdisc netem 85a3: root refcnt 17 limit 1000 delay 20ms  5ms seed 14481685593560545380
NETEM_APPLIED node11 iface=eth0: qdisc netem 85a4: root refcnt 17 limit 1000 delay 20ms  5ms seed 16509039641314585099
NETEM_APPLIED node12 iface=eth0: qdisc netem 85a5: root refcnt 17 limit 1000 delay 20ms  5ms seed 1131281517660322578
NETEM_APPLIED node13 iface=eth0: qdisc netem 85a6: root refcnt 17 limit 1000 delay 20ms  5ms seed 752930233487317165
NETEM_APPLIED node14 iface=eth0: qdisc netem 85a7: root refcnt 17 limit 1000 delay 20ms  5ms seed 17083330392708245614
NETEM_APPLIED node15 iface=eth0: qdisc netem 85a8: root refcnt 17 limit 1000 delay 20ms  5ms seed 14091582221042528887
NETEM_APPLIED node16 iface=eth0: qdisc netem 85a9: root refcnt 17 limit 1000 delay 20ms  5ms seed 6265532473925549527
NETEM_APPLIED node17 iface=eth0: qdisc netem 85aa: root refcnt 17 limit 1000 delay 20ms  5ms seed 1595141240834145560
NETEM_APPLIED node18 iface=eth0: qdisc netem 85ab: root refcnt 17 limit 1000 delay 20ms  5ms seed 2320338994721887881
NETEM_APPLIED node19 iface=eth0: qdisc netem 85ac: root refcnt 17 limit 1000 delay 20ms  5ms seed 13696027075604406465
NETEM_APPLIED node20 iface=eth0: qdisc netem 85ad: root refcnt 17 limit 1000 delay 20ms  5ms seed 13809778916796906225
NETEM_APPLIED node21 iface=eth0: qdisc netem 85ae: root refcnt 17 limit 1000 delay 20ms  5ms seed 12530619487939408700
NETEM_APPLIED node22 iface=eth0: qdisc netem 85af: root refcnt 17 limit 1000 delay 20ms  5ms seed 4601513275508138478
NETEM_APPLIED node23 iface=eth0: qdisc netem 85b0: root refcnt 17 limit 1000 delay 20ms  5ms seed 6522136555243247996
NETEM_RTT_GATE OK: baseline=0.1ms actual=39.7ms increase=39.6ms
DRIVER_STARTED: 2026-07-15T06:27:11Z
0
QDSK_CLEANUP_FAIL node0: Command '['docker', 'exec', 'rgg2cefc6d9e0-node0-1', 'sh', '-c', "ip -o -4 addr show scope global 2>/dev/null | head -1 | awk '{print $2}'"]' returned non-zero exit status 1.
QDSK_CLEANUP_FAIL node1: Command '['docker', 'exec', 'rgg2cefc6d9e0-node1-1', 'sh', '-c', "ip -o -4 addr show scope global 2>/dev/null | head -1 | awk '{print $2}'"]' returned non-zero exit status 1.
QDSK_CLEANUP_FAIL node2: Command '['docker', 'exec', 'rgg2cefc6d9e0-node2-1', 'sh', '-c', "ip -o -4 addr show scope global 2>/dev/null | head -1 | awk '{print $2}'"]' returned non-zero exit status 1.
QDSK_CLEANUP_FAIL node3: Command '['docker', 'exec', 'rgg2cefc6d9e0-node3-1', 'sh', '-c', "ip -o -4 addr show scope global 2>/dev/null | head -1 | awk '{print $2}'"]' returned non-zero exit status 1.
QDSK_CLEANUP_FAIL node4: Command '['docker', 'exec', 'rgg2cefc6d9e0-node4-1', 'sh', '-c', "ip -o -4 addr show scope global 2>/dev/null | head -1 | awk '{print $2}'"]' returned non-zero exit status 1.
QDSK_CLEANUP_FAIL node5: Command '['docker', 'exec', 'rgg2cefc6d9e0-node5-1', 'sh', '-c', "ip -o -4 addr show scope global 2>/dev/null | head -1 | awk '{print $2}'"]' returned non-zero exit status 1.
QDSK_CLEANUP_FAIL node6: Command '['docker', 'exec', 'rgg2cefc6d9e0-node6-1', 'sh', '-c', "ip -o -4 addr show scope global 2>/dev/null | head -1 | awk '{print $2}'"]' returned non-zero exit status 1.
QDSK_CLEANUP_FAIL node7: Command '['docker', 'exec', 'rgg2cefc6d9e0-node7-1', 'sh', '-c', "ip -o -4 addr show scope global 2>/dev/null | head -1 | awk '{print $2}'"]' returned non-zero exit status 1.
QDSK_CLEANUP_FAIL node8: Command '['docker', 'exec', 'rgg2cefc6d9e0-node8-1', 'sh', '-c', "ip -o -4 addr show scope global 2>/dev/null | head -1 | awk '{print $2}'"]' returned non-zero exit status 1.
QDSK_CLEANUP_FAIL node9: Command '['docker', 'exec', 'rgg2cefc6d9e0-node9-1', 'sh', '-c', "ip -o -4 addr show scope global 2>/dev/null | head -1 | awk '{print $2}'"]' returned non-zero exit status 1.
QDSK_CLEANUP_FAIL node10: Command '['docker', 'exec', 'rgg2cefc6d9e0-node10-1', 'sh', '-c', "ip -o -4 addr show scope global 2>/dev/null | head -1 | awk '{print $2}'"]' returned non-zero exit status 1.
QDSK_CLEANUP_FAIL node11: Command '['docker', 'exec', 'rgg2cefc6d9e0-node11-1', 'sh', '-c', "ip -o -4 addr show scope global 2>/dev/null | head -1 | awk '{print $2}'"]' returned non-zero exit status 1.
QDSK_CLEANUP_FAIL node12: Command '['docker', 'exec', 'rgg2cefc6d9e0-node12-1', 'sh', '-c', "ip -o -4 addr show scope global 2>/dev/null | head -1 | awk '{print $2}'"]' returned non-zero exit status 1.
QDSK_CLEANUP_FAIL node13: Command '['docker', 'exec', 'rgg2cefc6d9e0-node13-1', 'sh', '-c', "ip -o -4 addr show scope global 2>/dev/null | head -1 | awk '{print $2}'"]' returned non-zero exit status 1.
QDSK_CLEANUP_FAIL node14: Command '['docker', 'exec', 'rgg2cefc6d9e0-node14-1', 'sh', '-c', "ip -o -4 addr show scope global 2>/dev/null | head -1 | awk '{print $2}'"]' returned non-zero exit status 1.
QDSK_CLEANUP_FAIL node15: Command '['docker', 'exec', 'rgg2cefc6d9e0-node15-1', 'sh', '-c', "ip -o -4 addr show scope global 2>/dev/null | head -1 | awk '{print $2}'"]' returned non-zero exit status 1.
QDSK_CLEANUP_FAIL node16: Command '['docker', 'exec', 'rgg2cefc6d9e0-node16-1', 'sh', '-c', "ip -o -4 addr show scope global 2>/dev/null | head -1 | awk '{print $2}'"]' returned non-zero exit status 1.
QDSK_CLEANUP_FAIL node17: Command '['docker', 'exec', 'rgg2cefc6d9e0-node17-1', 'sh', '-c', "ip -o -4 addr show scope global 2>/dev/null | head -1 | awk '{print $2}'"]' returned non-zero exit status 1.
QDSK_CLEANUP_FAIL node18: Command '['docker', 'exec', 'rgg2cefc6d9e0-node18-1', 'sh', '-c', "ip -o -4 addr show scope global 2>/dev/null | head -1 | awk '{print $2}'"]' returned non-zero exit status 1.
QDSK_CLEANUP_FAIL node19: Command '['docker', 'exec', 'rgg2cefc6d9e0-node19-1', 'sh', '-c', "ip -o -4 addr show scope global 2>/dev/null | head -1 | awk '{print $2}'"]' returned non-zero exit status 1.
QDSK_CLEANUP_FAIL node20: Command '['docker', 'exec', 'rgg2cefc6d9e0-node20-1', 'sh', '-c', "ip -o -4 addr show scope global 2>/dev/null | head -1 | awk '{print $2}'"]' returned non-zero exit status 1.
QDSK_CLEANUP_FAIL node21: Command '['docker', 'exec', 'rgg2cefc6d9e0-node21-1', 'sh', '-c', "ip -o -4 addr show scope global 2>/dev/null | head -1 | awk '{print $2}'"]' returned non-zero exit status 1.
QDSK_CLEANUP_FAIL node22: Command '['docker', 'exec', 'rgg2cefc6d9e0-node22-1', 'sh', '-c', "ip -o -4 addr show scope global 2>/dev/null | head -1 | awk '{print $2}'"]' returned non-zero exit status 1.
QDSK_CLEANUP_FAIL node23: Command '['docker', 'exec', 'rgg2cefc6d9e0-node23-1', 'sh', '-c', "ip -o -4 addr show scope global 2>/dev/null | head -1 | awk '{print $2}'"]' returned non-zero exit status 1.
