 Network rgge1c1ecd7ef_default Creating 
 Network rgge1c1ecd7ef_default Created 
 Container rgge1c1ecd7ef-collector-1 Creating 
 Container rgge1c1ecd7ef-collector-1 Created 
 Container rgge1c1ecd7ef-node2-1 Creating 
 Container rgge1c1ecd7ef-node15-1 Creating 
 Container rgge1c1ecd7ef-node0-1 Creating 
 Container rgge1c1ecd7ef-node23-1 Creating 
 Container rgge1c1ecd7ef-node20-1 Creating 
 Container rgge1c1ecd7ef-node8-1 Creating 
 Container rgge1c1ecd7ef-node14-1 Creating 
 Container rgge1c1ecd7ef-node10-1 Creating 
 Container rgge1c1ecd7ef-node1-1 Creating 
 Container rgge1c1ecd7ef-node5-1 Creating 
 Container rgge1c1ecd7ef-node12-1 Creating 
 Container rgge1c1ecd7ef-node18-1 Creating 
 Container rgge1c1ecd7ef-node22-1 Creating 
 Container rgge1c1ecd7ef-node21-1 Creating 
 Container rgge1c1ecd7ef-node7-1 Creating 
 Container rgge1c1ecd7ef-node19-1 Creating 
 Container rgge1c1ecd7ef-node3-1 Creating 
 Container rgge1c1ecd7ef-node9-1 Creating 
 Container rgge1c1ecd7ef-node11-1 Creating 
 Container rgge1c1ecd7ef-node17-1 Creating 
 Container rgge1c1ecd7ef-node4-1 Creating 
 Container rgge1c1ecd7ef-node6-1 Creating 
 Container rgge1c1ecd7ef-node16-1 Creating 
 Container rgge1c1ecd7ef-node13-1 Creating 
 Container rgge1c1ecd7ef-node10-1 Created 
 Container rgge1c1ecd7ef-node14-1 Created 
 Container rgge1c1ecd7ef-node13-1 Created 
 Container rgge1c1ecd7ef-node16-1 Created 
 Container rgge1c1ecd7ef-node18-1 Created 
 Container rgge1c1ecd7ef-node0-1 Created 
 Container rgge1c1ecd7ef-node20-1 Created 
 Container rgge1c1ecd7ef-node22-1 Created 
 Container rgge1c1ecd7ef-node15-1 Created 
 Container rgge1c1ecd7ef-node4-1 Created 
 Container rgge1c1ecd7ef-node6-1 Created 
 Container rgge1c1ecd7ef-node1-1 Created 
 Container rgge1c1ecd7ef-node11-1 Created 
 Container rgge1c1ecd7ef-node23-1 Created 
 Container rgge1c1ecd7ef-node2-1 Created 
 Container rgge1c1ecd7ef-node21-1 Created 
 Container rgge1c1ecd7ef-node8-1 Created 
 Container rgge1c1ecd7ef-node19-1 Created 
 Container rgge1c1ecd7ef-node7-1 Created 
 Container rgge1c1ecd7ef-node3-1 Created 
 Container rgge1c1ecd7ef-node12-1 Created 
 Container rgge1c1ecd7ef-node17-1 Created 
 Container rgge1c1ecd7ef-node9-1 Created 
 Container rgge1c1ecd7ef-node5-1 Created 
 Container rgge1c1ecd7ef-driver-1 Creating 
 Container rgge1c1ecd7ef-driver-1 Created 
 Container rgge1c1ecd7ef-collector-1 Starting 
 Container rgge1c1ecd7ef-collector-1 Started 
 Container rgge1c1ecd7ef-node15-1 Starting 
 Container rgge1c1ecd7ef-node20-1 Starting 
 Container rgge1c1ecd7ef-node0-1 Starting 
 Container rgge1c1ecd7ef-node14-1 Starting 
 Container rgge1c1ecd7ef-node22-1 Starting 
 Container rgge1c1ecd7ef-node2-1 Starting 
 Container rgge1c1ecd7ef-node6-1 Starting 
 Container rgge1c1ecd7ef-node12-1 Starting 
 Container rgge1c1ecd7ef-node8-1 Starting 
 Container rgge1c1ecd7ef-node3-1 Starting 
 Container rgge1c1ecd7ef-node19-1 Starting 
 Container rgge1c1ecd7ef-node23-1 Starting 
 Container rgge1c1ecd7ef-node7-1 Starting 
 Container rgge1c1ecd7ef-node21-1 Starting 
 Container rgge1c1ecd7ef-node11-1 Starting 
 Container rgge1c1ecd7ef-node4-1 Starting 
 Container rgge1c1ecd7ef-node5-1 Starting 
 Container rgge1c1ecd7ef-node10-1 Starting 
 Container rgge1c1ecd7ef-node17-1 Starting 
 Container rgge1c1ecd7ef-node18-1 Starting 
 Container rgge1c1ecd7ef-node13-1 Starting 
 Container rgge1c1ecd7ef-node1-1 Starting 
 Container rgge1c1ecd7ef-node16-1 Starting 
 Container rgge1c1ecd7ef-node9-1 Starting 
 Container rgge1c1ecd7ef-node18-1 Started 
 Container rgge1c1ecd7ef-node0-1 Started 
 Container rgge1c1ecd7ef-node15-1 Started 
 Container rgge1c1ecd7ef-node1-1 Started 
 Container rgge1c1ecd7ef-node8-1 Started 
 Container rgge1c1ecd7ef-node19-1 Started 
 Container rgge1c1ecd7ef-node11-1 Started 
 Container rgge1c1ecd7ef-node20-1 Started 
 Container rgge1c1ecd7ef-node2-1 Started 
 Container rgge1c1ecd7ef-node14-1 Started 
 Container rgge1c1ecd7ef-node6-1 Started 
 Container rgge1c1ecd7ef-node17-1 Started 
 Container rgge1c1ecd7ef-node3-1 Started 
 Container rgge1c1ecd7ef-node4-1 Started 
 Container rgge1c1ecd7ef-node22-1 Started 
 Container rgge1c1ecd7ef-node9-1 Started 
 Container rgge1c1ecd7ef-node21-1 Started 
 Container rgge1c1ecd7ef-node23-1 Started 
 Container rgge1c1ecd7ef-node5-1 Started 
 Container rgge1c1ecd7ef-node16-1 Started 
 Container rgge1c1ecd7ef-node7-1 Started 
 Container rgge1c1ecd7ef-node12-1 Started 
 Container rgge1c1ecd7ef-node13-1 Started 
 Container rgge1c1ecd7ef-node10-1 Started 
 Container rgge1c1ecd7ef-driver-1 Starting 
 Container rgge1c1ecd7ef-driver-1 Started 
0
